make: Entering directory '/root/minc_run/minimal_circuit_CODE'
make: Nothing to be done for 'all'.
make: Leaving directory '/root/minc_run/minimal_circuit_CODE'
  시행    1~ 400: 정답률  62.5%
  시행  401~ 800: 정답률  50.7%
=== 평가 C/D (규칙 cross) : 정답률 100.0% ===

=== 평가 (탐색 없음, 학습 없음, 무작위 순서 100시행) : 정답률 100.0% | 동점 0회 ===
   자극 A: 44/44 (100.0%)
   자극 B: 56/56 (100.0%)

=== 학습 후 자극별 출력 (선택 이전의 원 신호) ===
  자극 A → 정답 L | out_L=  56  out_R=   2  차이   +54 | KC 90개
  자극 B → 정답 R | out_L=   2  out_R=  66  차이   -64 | KC 97개

=== 가중치 구조 (A전용 KC 78개, B전용 KC 85개) ===
  A전용 KC → out_L 평균 0.7149 | out_R 평균 0.5018 | 차이 +0.2131 (정답은 out_L) **정답쪽 우세**
  B전용 KC → out_L 평균 0.4724 | out_R 평균 0.7203 | 차이 -0.2479 (정답은 out_R) **정답쪽 우세**

=== 가중치 변화 ===
  kc_out_l: n=8013 |Δ|평균 0.03319 변화율  32.1% | 평균 0.500→0.523 | std 0.0000→0.0714
  kc_out_r: n=7950 |Δ|평균 0.05057 변화율  32.5% | 평균 0.500→0.538 | std 0.0000→0.0973

=== 요약 (mode=learn seed=6) ===
  첫 구간 62.5% → 마지막 구간 50.7% | 변화 -11.8%p | 보상률 56.6%
=> MINCIRC mode=learn seed=6 first=62.5 last=50.7 delta=-11.8 reward=56.6 **eval=100.0** tie=0 trialseed=405 evalCD=100.0 phase2=400 rule2=cross
