make: Entering directory '/root/minc_run/minimal_circuit_CODE'
make: Nothing to be done for 'all'.
make: Leaving directory '/root/minc_run/minimal_circuit_CODE'
  시행    1~ 400: 정답률  61.8%
  시행  401~ 800: 정답률  53.8%
=== 평가 C/D (규칙 cross) : 정답률 100.0% ===

=== 평가 (탐색 없음, 학습 없음, 무작위 순서 100시행) : 정답률 100.0% | 동점 0회 ===
   자극 A: 44/44 (100.0%)
   자극 B: 56/56 (100.0%)

=== 학습 후 자극별 출력 (선택 이전의 원 신호) ===
  자극 A → 정답 L | out_L=  57  out_R=   2  차이   +55 | KC 90개
  자극 B → 정답 R | out_L=   2  out_R=  65  차이   -63 | KC 97개

=== 가중치 구조 (A전용 KC 78개, B전용 KC 85개) ===
  A전용 KC → out_L 평균 0.7282 | out_R 평균 0.5054 | 차이 +0.2228 (정답은 out_L) **정답쪽 우세**
  B전용 KC → out_L 평균 0.4741 | out_R 평균 0.7076 | 차이 -0.2335 (정답은 out_R) **정답쪽 우세**

=== 가중치 변화 ===
  kc_out_l: n=8013 |Δ|평균 0.03763 변화율  32.1% | 평균 0.500→0.527 | std 0.0000→0.0788
  kc_out_r: n=7950 |Δ|평균 0.04685 변화율  32.5% | 평균 0.500→0.536 | std 0.0000→0.0905

=== 요약 (mode=learn seed=6) ===
  첫 구간 61.8% → 마지막 구간 53.8% | 변화 -8.0%p | 보상률 57.8%
=> MINCIRC mode=learn seed=6 first=61.8 last=53.8 delta=-8.0 reward=57.8 **eval=100.0** tie=0 trialseed=406 evalCD=100.0 phase2=400 rule2=cross
