make: Entering directory '/root/minc_run/minimal_circuit_CODE'
make: Nothing to be done for 'all'.
make: Leaving directory '/root/minc_run/minimal_circuit_CODE'
  시행    1~ 400: 정답률  64.2%
  시행  401~ 800: 정답률  51.2%
=== 평가 C/D (규칙 cross) : 정답률 100.0% ===

=== 평가 (탐색 없음, 학습 없음, 무작위 순서 100시행) : 정답률 100.0% | 동점 0회 ===
   자극 A: 44/44 (100.0%)
   자극 B: 56/56 (100.0%)

=== 학습 후 자극별 출력 (선택 이전의 원 신호) ===
  자극 A → 정답 L | out_L=  56  out_R=   2  차이   +54 | KC 90개
  자극 B → 정답 R | out_L=   2  out_R=  68  차이   -66 | KC 97개

=== 가중치 구조 (A전용 KC 78개, B전용 KC 85개) ===
  A전용 KC → out_L 평균 0.7174 | out_R 평균 0.5073 | 차이 +0.2101 (정답은 out_L) **정답쪽 우세**
  B전용 KC → out_L 평균 0.4704 | out_R 평균 0.7279 | 차이 -0.2575 (정답은 out_R) **정답쪽 우세**

=== 가중치 변화 ===
  kc_out_l: n=8013 |Δ|평균 0.03407 변화율  32.1% | 평균 0.500→0.524 | std 0.0000→0.0727
  kc_out_r: n=7950 |Δ|평균 0.05080 변화율  32.5% | 평균 0.500→0.539 | std 0.0000→0.0981

=== 요약 (mode=learn seed=6) ===
  첫 구간 64.2% → 마지막 구간 51.2% | 변화 -13.0%p | 보상률 57.8%
=> MINCIRC mode=learn seed=6 first=64.2 last=51.2 delta=-13.0 reward=57.8 **eval=100.0** tie=0 trialseed=402 evalCD=100.0 phase2=400 rule2=cross
