make: Entering directory '/root/minc_run/minimal_circuit_CODE'
make: Nothing to be done for 'all'.
make: Leaving directory '/root/minc_run/minimal_circuit_CODE'
  시행    1~ 400: 정답률  58.2%
  시행  401~ 800: 정답률  62.3%
=== 평가 C/D (규칙 cross) : 정답률 100.0% ===

=== 평가 (탐색 없음, 학습 없음, 무작위 순서 100시행) : 정답률 100.0% | 동점 0회 ===
   자극 A: 52/52 (100.0%)
   자극 B: 48/48 (100.0%)

=== 학습 후 자극별 출력 (선택 이전의 원 신호) ===
  자극 A → 정답 L | out_L=  19  out_R=   6  차이   +13 | KC 98개
  자극 B → 정답 R | out_L=   4  out_R=  57  차이   -53 | KC 107개

=== 가중치 구조 (A전용 KC 73개, B전용 KC 82개) ===
  A전용 KC → out_L 평균 0.6457 | out_R 평균 0.4943 | 차이 +0.1514 (정답은 out_L) **정답쪽 우세**
  B전용 KC → out_L 평균 0.5174 | out_R 평균 0.7847 | 차이 -0.2673 (정답은 out_R) **정답쪽 우세**

=== 가중치 변화 ===
  kc_out_l: n=8056 |Δ|평균 0.03242 변화율  32.9% | 평균 0.500→0.526 | std 0.0000→0.0628
  kc_out_r: n=8090 |Δ|평균 0.05831 변화율  33.0% | 평균 0.500→0.546 | std 0.0000→0.1119

=== 요약 (mode=learn seed=7) ===
  첫 구간 58.2% → 마지막 구간 62.3% | 변화 +4.0%p | 보상률 60.2%
=> MINCIRC mode=learn seed=7 first=58.2 last=62.3 delta=+4.0 reward=60.2 **eval=100.0** tie=0 trialseed=403 evalCD=100.0 phase2=400 rule2=cross
