make: Entering directory '/root/minc_run/minimal_circuit_CODE'
make: Nothing to be done for 'all'.
make: Leaving directory '/root/minc_run/minimal_circuit_CODE'
  시행    1~ 400: 정답률  59.5%
  시행  401~ 800: 정답률  67.8%
=== 평가 C/D (규칙 cross) : 정답률 100.0% ===

=== 평가 (탐색 없음, 학습 없음, 무작위 순서 100시행) : 정답률 100.0% | 동점 0회 ===
   자극 A: 52/52 (100.0%)
   자극 B: 48/48 (100.0%)

=== 학습 후 자극별 출력 (선택 이전의 원 신호) ===
  자극 A → 정답 L | out_L=  25  out_R=   6  차이   +19 | KC 98개
  자극 B → 정답 R | out_L=   5  out_R=  47  차이   -42 | KC 107개

=== 가중치 구조 (A전용 KC 73개, B전용 KC 82개) ===
  A전용 KC → out_L 평균 0.6840 | out_R 평균 0.4982 | 차이 +0.1857 (정답은 out_L) **정답쪽 우세**
  B전용 KC → out_L 평균 0.5310 | out_R 평균 0.7649 | 차이 -0.2338 (정답은 out_R) **정답쪽 우세**

=== 가중치 변화 ===
  kc_out_l: n=8056 |Δ|평균 0.04221 변화율  32.9% | 평균 0.500→0.536 | std 0.0000→0.0825
  kc_out_r: n=8090 |Δ|평균 0.05357 변화율  33.0% | 평균 0.500→0.543 | std 0.0000→0.1032

=== 요약 (mode=learn seed=7) ===
  첫 구간 59.5% → 마지막 구간 67.8% | 변화 +8.2%p | 보상률 63.6%
=> MINCIRC mode=learn seed=7 first=59.5 last=67.8 delta=+8.2 reward=63.6 **eval=100.0** tie=0 trialseed=402 evalCD=100.0 phase2=400 rule2=cross
