make: Entering directory '/root/minc_run/minimal_circuit_CODE'
make: Nothing to be done for 'all'.
make: Leaving directory '/root/minc_run/minimal_circuit_CODE'
  시행    1~ 400: 정답률  52.8%
  시행  401~ 800: 정답률  64.5%
=== 평가 C/D (규칙 cross) : 정답률 100.0% ===

=== 평가 (탐색 없음, 학습 없음, 무작위 순서 100시행) : 정답률 100.0% | 동점 0회 ===
   자극 A: 52/52 (100.0%)
   자극 B: 48/48 (100.0%)

=== 학습 후 자극별 출력 (선택 이전의 원 신호) ===
  자극 A → 정답 L | out_L=  40  out_R=   4  차이   +36 | KC 98개
  자극 B → 정답 R | out_L=   5  out_R=  42  차이   -37 | KC 107개

=== 가중치 구조 (A전용 KC 73개, B전용 KC 82개) ===
  A전용 KC → out_L 평균 0.6571 | out_R 평균 0.4829 | 차이 +0.1742 (정답은 out_L) **정답쪽 우세**
  B전용 KC → out_L 평균 0.5291 | out_R 평균 0.7454 | 차이 -0.2163 (정답은 out_R) **정답쪽 우세**

=== 가중치 변화 ===
  kc_out_l: n=8056 |Δ|평균 0.03859 변화율  32.9% | 평균 0.500→0.532 | std 0.0000→0.0761
  kc_out_r: n=8090 |Δ|평균 0.05033 변화율  33.0% | 평균 0.500→0.537 | std 0.0000→0.0963

=== 요약 (mode=learn seed=7) ===
  첫 구간 52.8% → 마지막 구간 64.5% | 변화 +11.8%p | 보상률 58.6%
=> MINCIRC mode=learn seed=7 first=52.8 last=64.5 delta=+11.8 reward=58.6 **eval=100.0** tie=0 trialseed=406 evalCD=100.0 phase2=400 rule2=cross
