make: Entering directory '/root/minc_run/minimal_circuit_CODE'
make: Nothing to be done for 'all'.
make: Leaving directory '/root/minc_run/minimal_circuit_CODE'
  시행    1~ 400: 정답률  57.2%
  시행  401~ 800: 정답률  65.0%
=== 평가 C/D (규칙 cross) : 정답률 100.0% ===

=== 평가 (탐색 없음, 학습 없음, 무작위 순서 100시행) : 정답률 100.0% | 동점 0회 ===
   자극 A: 55/55 (100.0%)
   자극 B: 45/45 (100.0%)

=== 학습 후 자극별 출력 (선택 이전의 원 신호) ===
  자극 A → 정답 L | out_L=  92  out_R=   0  차이   +92 | KC 97개
  자극 B → 정답 R | out_L=   1  out_R=  75  차이   -74 | KC 94개

=== 가중치 구조 (A전용 KC 77개, B전용 KC 74개) ===
  A전용 KC → out_L 평균 0.6942 | out_R 평균 0.5111 | 차이 +0.1831 (정답은 out_L) **정답쪽 우세**
  B전용 KC → out_L 평균 0.5296 | out_R 평균 0.7198 | 차이 -0.1902 (정답은 out_R) **정답쪽 우세**

=== 가중치 변화 ===
  kc_out_l: n=7902 |Δ|평균 0.04451 변화율  32.1% | 평균 0.500→0.537 | std 0.0000→0.0882
  kc_out_r: n=8086 |Δ|평균 0.04350 변화율  32.2% | 평균 0.500→0.534 | std 0.0000→0.0848

=== 요약 (mode=learn seed=8) ===
  첫 구간 57.2% → 마지막 구간 65.0% | 변화 +7.8%p | 보상률 61.1%
=> MINCIRC mode=learn seed=8 first=57.2 last=65.0 delta=+7.8 reward=61.1 **eval=100.0** tie=0 trialseed=406 evalCD=100.0 phase2=400 rule2=cross
