make: Entering directory '/root/minc_run/minimal_circuit_CODE'
make: Leaving directory '/root/minc_run/minimal_circuit_CODE'
  시행    1~ 400: 정답률  65.2%
  시행  401~ 800: 정답률  56.0%
=== 평가 C/D (규칙 same) : 정답률 100.0% ===

=== 평가 (탐색 없음, 학습 없음, 무작위 순서 100시행) : 정답률 100.0% | 동점 0회 ===
   자극 A: 44/44 (100.0%)
   자극 B: 56/56 (100.0%)

=== 학습 후 자극별 출력 (선택 이전의 원 신호) ===
  자극 A → 정답 L | out_L=  73  out_R=   1  차이   +72 | KC 90개
  자극 B → 정답 R | out_L=   2  out_R=  67  차이   -65 | KC 97개

=== 가중치 구조 (A전용 KC 78개, B전용 KC 85개) ===
  A전용 KC → out_L 평균 0.7087 | out_R 평균 0.5080 | 차이 +0.2007 (정답은 out_L) **정답쪽 우세**
  B전용 KC → out_L 평균 0.5005 | out_R 평균 0.7158 | 차이 -0.2153 (정답은 out_R) **정답쪽 우세**

=== 가중치 변화 ===
  kc_out_l: n=8013 |Δ|평균 0.04024 변화율  32.1% | 평균 0.500→0.532 | std 0.0000→0.0786
  kc_out_r: n=7950 |Δ|평균 0.04523 변화율  32.5% | 평균 0.500→0.534 | std 0.0000→0.0875

=== 요약 (mode=learn seed=6) ===
  첫 구간 65.2% → 마지막 구간 56.0% | 변화 -9.2%p | 보상률 60.6%
=> MINCIRC mode=learn seed=6 first=65.2 last=56.0 delta=-9.2 reward=60.6 **eval=100.0** tie=0 trialseed=400 evalCD=100.0 phase2=400 rule2=same
