make: Entering directory '/root/minc_run/minimal_circuit_CODE'
make: Nothing to be done for 'all'.
make: Leaving directory '/root/minc_run/minimal_circuit_CODE'
  시행    1~ 400: 정답률  63.7%
  시행  401~ 800: 정답률  68.5%
=== 평가 C/D (규칙 same) : 정답률 100.0% ===

=== 평가 (탐색 없음, 학습 없음, 무작위 순서 100시행) : 정답률 100.0% | 동점 0회 ===
   자극 A: 55/55 (100.0%)
   자극 B: 45/45 (100.0%)

=== 학습 후 자극별 출력 (선택 이전의 원 신호) ===
  자극 A → 정답 L | out_L=  96  out_R=   0  차이   +96 | KC 97개
  자극 B → 정답 R | out_L=   1  out_R=  75  차이   -74 | KC 94개

=== 가중치 구조 (A전용 KC 77개, B전용 KC 74개) ===
  A전용 KC → out_L 평균 0.7644 | out_R 평균 0.5097 | 차이 +0.2546 (정답은 out_L) **정답쪽 우세**
  B전용 KC → out_L 평균 0.5180 | out_R 평균 0.7174 | 차이 -0.1994 (정답은 out_R) **정답쪽 우세**

=== 가중치 변화 ===
  kc_out_l: n=7902 |Δ|평균 0.05232 변화율  32.1% | 평균 0.500→0.544 | std 0.0000→0.1044
  kc_out_r: n=8086 |Δ|평균 0.04403 변화율  32.2% | 평균 0.500→0.536 | std 0.0000→0.0874

=== 요약 (mode=learn seed=8) ===
  첫 구간 63.7% → 마지막 구간 68.5% | 변화 +4.8%p | 보상률 66.1%
=> MINCIRC mode=learn seed=8 first=63.7 last=68.5 delta=+4.8 reward=66.1 **eval=100.0** tie=0 trialseed=407 evalCD=100.0 phase2=400 rule2=same
