make: Entering directory '/root/minc_run/minimal_circuit_CODE'
make: Nothing to be done for 'all'.
make: Leaving directory '/root/minc_run/minimal_circuit_CODE'
  시행    1~ 400: 정답률  59.5%
  시행  401~ 800: 정답률  57.5%
=== 평가 C/D (규칙 same) : 정답률 100.0% ===

=== 평가 (탐색 없음, 학습 없음, 무작위 순서 100시행) : 정답률 100.0% | 동점 0회 ===
   자극 A: 52/52 (100.0%)
   자극 B: 48/48 (100.0%)

=== 학습 후 자극별 출력 (선택 이전의 원 신호) ===
  자극 A → 정답 L | out_L=  21  out_R=   6  차이   +15 | KC 98개
  자극 B → 정답 R | out_L=   4  out_R=  57  차이   -53 | KC 107개

=== 가중치 구조 (A전용 KC 73개, B전용 KC 82개) ===
  A전용 KC → out_L 평균 0.6615 | out_R 평균 0.4841 | 차이 +0.1773 (정답은 out_L) **정답쪽 우세**
  B전용 KC → out_L 평균 0.5200 | out_R 평균 0.7493 | 차이 -0.2293 (정답은 out_R) **정답쪽 우세**

=== 가중치 변화 ===
  kc_out_l: n=8056 |Δ|평균 0.03337 변화율  32.9% | 평균 0.500→0.528 | std 0.0000→0.0640
  kc_out_r: n=8090 |Δ|평균 0.05390 변화율  33.0% | 평균 0.500→0.538 | std 0.0000→0.1028

=== 요약 (mode=learn seed=7) ===
  첫 구간 59.5% → 마지막 구간 57.5% | 변화 -2.0%p | 보상률 58.5%
=> MINCIRC mode=learn seed=7 first=59.5 last=57.5 delta=-2.0 reward=58.5 **eval=100.0** tie=0 trialseed=405 evalCD=100.0 phase2=400 rule2=same
