make: Entering directory '/root/minc_run/minimal_circuit_CODE'
make: Nothing to be done for 'all'.
make: Leaving directory '/root/minc_run/minimal_circuit_CODE'
  시행    1~ 400: 정답률  61.8%
  시행  401~ 800: 정답률  71.2%
=== 평가 C/D (규칙 same) : 정답률 100.0% ===

=== 평가 (탐색 없음, 학습 없음, 무작위 순서 100시행) : 정답률 100.0% | 동점 0회 ===
   자극 A: 44/44 (100.0%)
   자극 B: 56/56 (100.0%)

=== 학습 후 자극별 출력 (선택 이전의 원 신호) ===
  자극 A → 정답 L | out_L=  59  out_R=   2  차이   +57 | KC 90개
  자극 B → 정답 R | out_L=   2  out_R=  66  차이   -64 | KC 97개

=== 가중치 구조 (A전용 KC 78개, B전용 KC 85개) ===
  A전용 KC → out_L 평균 0.7366 | out_R 평균 0.5264 | 차이 +0.2102 (정답은 out_L) **정답쪽 우세**
  B전용 KC → out_L 평균 0.5065 | out_R 평균 0.6966 | 차이 -0.1902 (정답은 out_R) **정답쪽 우세**

=== 가중치 변화 ===
  kc_out_l: n=8013 |Δ|평균 0.04690 변화율  32.1% | 평균 0.500→0.539 | std 0.0000→0.0915
  kc_out_r: n=7950 |Δ|평균 0.04578 변화율  32.5% | 평균 0.500→0.539 | std 0.0000→0.0918

=== 요약 (mode=learn seed=6) ===
  첫 구간 61.8% → 마지막 구간 71.2% | 변화 +9.5%p | 보상률 66.5%
=> MINCIRC mode=learn seed=6 first=61.8 last=71.2 delta=+9.5 reward=66.5 **eval=100.0** tie=0 trialseed=406 evalCD=100.0 phase2=400 rule2=same
