make: Entering directory '/root/minc_run/minimal_circuit_CODE'
make: Nothing to be done for 'all'.
make: Leaving directory '/root/minc_run/minimal_circuit_CODE'
  시행    1~ 400: 정답률  59.2%
  시행  401~ 800: 정답률  69.8%
=== 평가 C/D (규칙 same) : 정답률 100.0% ===

=== 평가 (탐색 없음, 학습 없음, 무작위 순서 100시행) : 정답률 100.0% | 동점 0회 ===
   자극 A: 55/55 (100.0%)
   자극 B: 45/45 (100.0%)

=== 학습 후 자극별 출력 (선택 이전의 원 신호) ===
  자극 A → 정답 L | out_L=  90  out_R=   0  차이   +90 | KC 97개
  자극 B → 정답 R | out_L=   1  out_R=  79  차이   -78 | KC 94개

=== 가중치 구조 (A전용 KC 77개, B전용 KC 74개) ===
  A전용 KC → out_L 평균 0.6990 | out_R 평균 0.4989 | 차이 +0.2001 (정답은 out_L) **정답쪽 우세**
  B전용 KC → out_L 평균 0.5238 | out_R 평균 0.7612 | 차이 -0.2374 (정답은 out_R) **정답쪽 우세**

=== 가중치 변화 ===
  kc_out_l: n=7902 |Δ|평균 0.04287 변화율  32.1% | 평균 0.500→0.537 | std 0.0000→0.0875
  kc_out_r: n=8086 |Δ|평균 0.05130 변화율  32.2% | 평균 0.500→0.541 | std 0.0000→0.1010

=== 요약 (mode=learn seed=8) ===
  첫 구간 59.2% → 마지막 구간 69.8% | 변화 +10.5%p | 보상률 64.5%
=> MINCIRC mode=learn seed=8 first=59.2 last=69.8 delta=+10.5 reward=64.5 **eval=100.0** tie=0 trialseed=405 evalCD=100.0 phase2=400 rule2=same
