출력                                 기대 출력(H082)               → 출력(H082)                   ✓
내용                                 기대 내용(H082-content)       → 내용(H082-content)           ✓
둘 다                                기대 둘 다(H082-both)         → 둘 다(H082-both)             ✓
둘 다 아님                             기대 둘 다 아님(H082-neither)   → 둘 다 아님(H082-neither)       ✓
O 음수(반사25 에서 역효과) → 출력             기대 출력(H082)               → 출력(H082)                   ✓
O 경계 바로 안쪽(≤0.70)                  → 출력(H082) ✓
O 경계 바로 바깥(>0.70)                  → 둘 다 아님(H082-neither) ✓
C 정확 경계(정수 가능 뇌)                   → (정확 정수 경계 뇌 1개) 둘 다 아님(H082-neither)
4/5 출력                             기대 출력(H082)               → 출력(H082)                   ✓
3/5 → 보류                           기대 보류                     → 보류                         ✓
R1 재현 어긋남(0.0021)                  기대 보류(조작검증 실패)            → 보류(조작검증 실패)                ✓
R1 재현 경계(0.0020)                   기대 출력(H082)               → 출력(H082)                   ✓
R2 재현 어긋남                          기대 보류(조작검증 실패)            → 보류(조작검증 실패)                ✓
R3 재현 어긋남                          기대 보류(조작검증 실패)            → 보류(조작검증 실패)                ✓
R4 재현 어긋남                          기대 보류(조작검증 실패)            → 보류(조작검증 실패)                ✓
R5 pushed 7                        기대 보류(조작검증 실패)            → 보류(조작검증 실패)                ✓
R5 none 에 pushed 8                 기대 보류(조작검증 실패)            → 보류(조작검증 실패)                ✓
R5 배율 1줄                           기대 보류(조작검증 실패)            → 보류(조작검증 실패)                ✓
R5 적재 1줄                           기대 보류(조작검증 실패)            → 보류(조작검증 실패)                ✓
결측                                 기대 결측                     → [측정 확인] 결측 1칸(예: [('W25_R0 ✓
R6 기준 효과 −0.0999                   →  5/5 · R5 이식·적재·배율 5/5 · R6 기준 효과 0/5 실패 ✓
원 로그 파싱                            → ✓
전체: 통과
