[기본 kcrate rc=0] kc_l | 제시 스파이크 23372 kc_r | 제시 스파이크 25484  | Oja 줄 0 (기대 23372+25484=48856, Oja 0줄)
[η0.005 β0.1 rc=0] Oja 줄 2 | => KCDEVOJA side=l fired=188 sel_med0=0.5507 sel_med=0.6458 frac09=0.0160 goodfrac=0.5160 sum_med=1.0706 sum_q10=0.5261 sum_q90=2.2561 dg_good=10580.0 dg_bad=9396.2 | side=r fired=179 sel_med0=0.5505 sel_med=0.6244 frac09=0.0223 goodfrac=0.5084 sum_med=1.0236 sum_q10=0.5701 sum_q90=2.2616 dg_good=99
[η0.005 β0.3 rc=0] Oja 줄 2 | => KCDEVOJA side=l fired=256 sel_med0=0.5528 sel_med=0.6699 frac09=0.0312 goodfrac=0.4648 sum_med=1.0020 sum_q10=0.0905 sum_q90=1.3831 dg_good=11400.7 dg_bad=11361.7 | side=r fired=243 sel_med0=0.5547 sel_med=0.6779 frac09=0.0370 goodfrac=0.5267 sum_med=1.0013 sum_q10=0.1133 sum_q90=1.4065 dg_good=1
[η0.005 β1.0 rc=0] Oja 줄 2 | => KCDEVOJA side=l fired=438 sel_med0=0.5526 sel_med=0.6573 frac09=0.0274 goodfrac=0.4886 sum_med=0.7452 sum_q10=0.0364 sum_q90=0.9861 dg_good=14264.9 dg_bad=13587.0 | side=r fired=383 sel_med0=0.5587 sel_med=0.6583 frac09=0.0522 goodfrac=0.4856 sum_med=0.7091 sum_q10=0.0329 sum_q90=0.9817 dg_good=1
[η0.005 β3.0 rc=0] Oja 줄 2 | => KCDEVOJA side=l fired=750 sel_med0=0.5523 sel_med=0.6111 frac09=0.0067 goodfrac=0.4853 sum_med=0.6169 sum_q10=0.0256 sum_q90=0.9454 dg_good=25449.5 dg_bad=25269.3 | side=r fired=669 sel_med0=0.5584 sel_med=0.6206 frac09=0.0164 goodfrac=0.5007 sum_med=0.6062 sum_q10=0.0295 sum_q90=0.9557 dg_good=2
[η0.02 β0.1 rc=0] Oja 줄 2 | => KCDEVOJA side=l fired=176 sel_med0=0.5568 sel_med=0.6265 frac09=0.2443 goodfrac=0.5170 sum_med=0.9560 sum_q10=0.1049 sum_q90=3.8629 dg_good=22894.2 dg_bad=21216.2 | side=r fired=177 sel_med0=0.5495 sel_med=0.6563 frac09=0.2373 goodfrac=0.5141 sum_med=0.9799 sum_q10=0.1285 sum_q90=3.4754 dg_good=2
[η0.02 β0.3 rc=0] Oja 줄 2 | => KCDEVOJA side=l fired=243 sel_med0=0.5567 sel_med=0.8575 frac09=0.4733 goodfrac=0.4691 sum_med=0.9734 sum_q10=0.0419 sum_q90=1.7362 dg_good=20954.5 dg_bad=21235.4 | side=r fired=234 sel_med0=0.5536 sel_med=0.8004 frac09=0.4658 goodfrac=0.5000 sum_med=0.8821 sum_q10=0.0441 sum_q90=1.7050 dg_good=2
[η0.02 β1.0 rc=0] Oja 줄 2 | => KCDEVOJA side=l fired=441 sel_med0=0.5546 sel_med=0.8620 frac09=0.4104 goodfrac=0.4671 sum_med=0.5741 sum_q10=0.0281 sum_q90=0.9180 dg_good=19641.4 dg_bad=17546.6 | side=r fired=384 sel_med0=0.5557 sel_med=0.8573 frac09=0.4453 goodfrac=0.4714 sum_med=0.5523 sum_q10=0.0302 sum_q90=0.8382 dg_good=1
[η0.02 β3.0 rc=0] Oja 줄 2 | => KCDEVOJA side=l fired=802 sel_med0=0.5544 sel_med=0.6644 frac09=0.1571 goodfrac=0.5050 sum_med=0.4977 sum_q10=0.0268 sum_q90=0.9084 dg_good=28073.0 dg_bad=28039.2 | side=r fired=718 sel_med0=0.5579 sel_med=0.6760 frac09=0.1574 goodfrac=0.4763 sum_med=0.4992 sum_q10=0.0574 sum_q90=0.8760 dg_good=2
[η0.08 β0.1 rc=0] Oja 줄 2 | => KCDEVOJA side=l fired=180 sel_med0=0.5908 sel_med=0.6834 frac09=0.3278 goodfrac=0.5167 sum_med=0.7258 sum_q10=0.0602 sum_q90=3.7959 dg_good=27509.6 dg_bad=27782.4 | side=r fired=181 sel_med0=0.5533 sel_med=0.6784 frac09=0.3039 goodfrac=0.5028 sum_med=0.7211 sum_q10=0.0607 sum_q90=3.9455 dg_good=2
[η0.08 β0.3 rc=0] Oja 줄 2 | => KCDEVOJA side=l fired=243 sel_med0=0.5839 sel_med=0.9010 frac09=0.5062 goodfrac=0.4774 sum_med=0.7875 sum_q10=0.0259 sum_q90=1.8212 dg_good=25549.6 dg_bad=23303.9 | side=r fired=230 sel_med0=0.5530 sel_med=0.9600 frac09=0.5304 goodfrac=0.4696 sum_med=0.5985 sum_q10=0.0254 sum_q90=1.8149 dg_good=2
[η0.08 β1.0 rc=0] Oja 줄 2 | => KCDEVOJA side=l fired=408 sel_med0=0.5804 sel_med=0.9951 frac09=0.6275 goodfrac=0.4167 sum_med=0.5403 sum_q10=0.0156 sum_q90=0.7641 dg_good=21039.1 dg_bad=15921.8 | side=r fired=373 sel_med0=0.5548 sel_med=0.9926 frac09=0.6381 goodfrac=0.4182 sum_med=0.5004 sum_q10=0.0344 sum_q90=0.7493 dg_good=1
[η0.08 β3.0 rc=0] Oja 줄 2 | => KCDEVOJA side=l fired=546 sel_med0=0.5774 sel_med=0.7999 frac09=0.3553 goodfrac=0.5000 sum_med=0.4269 sum_q10=0.0029 sum_q90=0.7616 dg_good=16026.3 dg_bad=15209.7 | side=r fired=513 sel_med0=0.5618 sel_med=0.8050 frac09=0.3860 goodfrac=0.4405 sum_med=0.4135 sum_q10=0.0468 sum_q90=0.8284 dg_good=1
η0.005 β0.1  sel_med 0.646/0.624 sum_med 1.071/1.024 fired 188/179 Σ|Δg| 10580/9396/9951/9004
η0.005 β0.3  sel_med 0.670/0.678 sum_med 1.002/1.001 fired 256/243 Σ|Δg| 11401/11362/12376/11958
η0.005 β1.0  sel_med 0.657/0.658 sum_med 0.745/0.709 fired 438/383 Σ|Δg| 14265/13587/13072/13302
η0.005 β3.0  sel_med 0.611/0.621 sum_med 0.617/0.606 fired 750/669 Σ|Δg| 25450/25269/22423/22405
η0.02  β0.1  sel_med 0.626/0.656 sum_med 0.956/0.980 fired 176/177 Σ|Δg| 22894/21216/24796/21594
η0.02  β0.3  sel_med 0.858/0.800 sum_med 0.973/0.882 fired 243/234 Σ|Δg| 20954/21235/22929/22259
η0.02  β1.0  sel_med 0.862/0.857 sum_med 0.574/0.552 fired 441/384 Σ|Δg| 19641/17547/17807/17480
η0.02  β3.0  sel_med 0.664/0.676 sum_med 0.498/0.499 fired 802/718 Σ|Δg| 28073/28039/24300/24647
η0.08  β0.1  sel_med 0.683/0.678 sum_med 0.726/0.721 fired 180/181 Σ|Δg| 27510/27782/29992/31412
η0.08  β0.3  sel_med 0.901/0.960 sum_med 0.787/0.599 fired 243/230 Σ|Δg| 25550/23304/29262/29170
η0.08  β1.0  sel_med 0.995/0.993 sum_med 0.540/0.500 fired 408/373 Σ|Δg| 21039/15922/19207/18446
η0.08  β3.0  sel_med 0.800/0.805 sum_med 0.427/0.413 fired 546/513 Σ|Δg| 16026/15210/14646/14660
  η0.005 β0.1 조건 밖(sel_med 0.646/0.624, sum_med 1.071/1.024)
  η0.005 β0.3 조건 밖(sel_med 0.670/0.678, sum_med 1.002/1.001)
  η0.005 β1.0 조건 밖(sel_med 0.657/0.658, sum_med 0.745/0.709)
  η0.005 β3.0 조건 밖(sel_med 0.611/0.621, sum_med 0.617/0.606)
  η0.02 β0.1 조건 밖(sel_med 0.626/0.656, sum_med 0.956/0.980)
  η0.02 β1.0 조건 밖(sel_med 0.862/0.857, sum_med 0.574/0.552)
  η0.02 β3.0 조건 밖(sel_med 0.664/0.676, sum_med 0.498/0.499)
  η0.08 β0.1 조건 밖(sel_med 0.683/0.678, sum_med 0.726/0.721)
  η0.08 β0.3 조건 밖(sel_med 0.901/0.960, sum_med 0.787/0.599)
  η0.08 β1.0 조건 밖(sel_med 0.995/0.993, sum_med 0.540/0.500)
  η0.08 β3.0 조건 밖(sel_med 0.800/0.805, sum_med 0.427/0.413)
=> eta=0.02 beta=0.3 (sel_med 0.858/0.800, sum_med 0.973/0.882)
[겹침 rc=0] 적재 2 | side=l good=55 bad=65 jac=0.0169 side=r good=61 bad=55 jac=0.0087 
[학습 1ep rc=0] 적재 2 | 변조폭 +0.0228 → 변조폭 -0.3198 보상 59회
[E160 경로 검사·보정] 종료
