성공(r 1.6, 자카드 0)                   기대 형성 성공(H083)            → 형성 성공(H083) — 망 안 Oja 형성 가중치 ✓
r 경계 1.30 정확 → 성공                  기대 형성 성공(H083)            → 형성 성공(H083) — 망 안 Oja 형성 가중치 ✓
r 1.2996 → 분리만                     기대 분리만(H083-sep-only)     → 분리만(H083-sep-only) — 겹침은 사라지 ✓
자카드 경계 0.10 정확 → 분리                기대 형성 성공(H083)            → 형성 성공(H083) — 망 안 Oja 형성 가중치 ✓
자카드 0.1001 → 분리 아님 → 보류            기대 보류                     → 보류                           ✓
분리만(r 1.1)                         기대 분리만(H083-sep-only)     → 분리만(H083-sep-only) — 겹침은 사라지 ✓
실패(자카드 0.30)                       기대 형성 실패(H083-null)       → 형성 실패(H083-null) — 겹침 > 0.25 ✓
자카드 경계 0.25 정확 → 실패 아님 → 보류        기대 보류                     → 보류                           ✓
자카드 0.2501 한쪽 → 실패                 기대 형성 실패(H083-null)       → 형성 실패(H083-null) — 겹침 > 0.25 ✓
성공 4/5                             기대 형성 성공(H083)            → 형성 성공(H083) — 망 안 Oja 형성 가중치 ✓
성공 3/5·분리 5/5 → 분리만                기대 분리만(H083-sep-only)     → 분리만(H083-sep-only) — 겹침은 사라지 ✓
MO Oja 변화 없음                       기대 보류(조작검증 실패)            → 보류(조작검증 실패)                  ✓
MS 선택성 0.7999                      기대 보류(조작검증 실패)            → 보류(조작검증 실패)                  ✓
MS 경계 0.80 정확 → 통과                 기대 형성 성공(H083)            → 형성 성공(H083) — 망 안 Oja 형성 가중치 ✓
ML 학습 적재 1줄                        기대 보류(조작검증 실패)            → 보류(조작검증 실패)                  ✓
ML 겹침 적재 0줄                        기대 보류(조작검증 실패)            → 보류(조작검증 실패)                  ✓
M1 동결 실패                           기대 보류(조작검증 실패)            → 보류(조작검증 실패)                  ✓
M1b 되돌림 실패                         기대 보류(조작검증 실패)            → 보류(조작검증 실패)                  ✓
M3 시행 400                          기대 보류(조작검증 실패)            → 보류(조작검증 실패)                  ✓
MD e_D −0.0999                     기대 보류(조작검증 실패)            → 보류(조작검증 실패)                  ✓
결측(ov b12)                         기대 결측                     → [측정 확인] 결측 [('ov', 12)] — ** ✓
원 로그 파싱                            → ✓
전체: 통과
