[관계] 항목 8개(훈련 4, 새 4), 반쪽 50 중 활성 15, 항목 간 겹침 2~8(평균 4.4), 새↔훈련 겹침 2~7, 패턴 64개(S 8, D 56)
make: Entering directory '/root/e130_main_run/minimal_circuit_CODE'
make: Leaving directory '/root/e130_main_run/minimal_circuit_CODE'
[KC발달] env=corr rounds=1000 exposures=200 theta=0.15 items=20 | 일치형 같은 위치 251/400 | 불일치형 같은 위치 228/400 | (호스트 계산 0.627/0.570)
  시행    1~ 400: 정답률  60.2%
  시행  401~ 800: 정답률  61.3%
=> SDGEN mode=frozen seed=13 trialseed=600 train_same=71.4 train_diff=56.8 train_bal=64.1 novel_same=85.2 novel_diff=32.6 novel_bal=58.9 | ties train:0 novel:0 | n_same/diff train 63/37 novel 54/46
=> SDLAB diff=cyclic rule=samediff mode=frozen seed=13 trialseed=600 train_accL=71.4 train_accR=56.8 train_lbal=64.1 novel_accL=85.2 novel_accR=32.6 novel_lbal=58.9

=== 평가 (탐색 없음, 학습 없음, 무작위 순서 100시행) : 정답률 52.0% | 동점 0회 ===
   자극 A: 52/52 (100.0%)
   자극 B: 0/48 (0.0%)

=== 학습 후 자극별 출력 (선택 이전의 원 신호) ===
  자극 A → 정답 L | out_L=  42  out_R=  41  차이    +1 | KC 119개
  자극 B → 정답 R | out_L=  40  out_R=  36  차이    +4 | KC 107개

=== 가중치 구조 (A전용 KC 108개, B전용 KC 96개) ===
  A전용 KC → out_L 평균 0.5000 | out_R 평균 0.5000 | 차이 +0.0000 (정답은 out_L) **반대**
  B전용 KC → out_L 평균 0.5000 | out_R 평균 0.5000 | 차이 +0.0000 (정답은 out_R) **정답쪽 우세**

=== 가중치 변화 ===
  kc_out_l: n=8075 |Δ|평균 0.00000 변화율   0.0% | 평균 0.500→0.500 | std 0.0000→0.0000
  kc_out_r: n=8006 |Δ|평균 0.00000 변화율   0.0% | 평균 0.500→0.500 | std 0.0000→0.0000

=== 요약 (mode=frozen seed=13) ===
  첫 구간 60.2% → 마지막 구간 61.3% | 변화 +1.0%p | 보상률 0.0%
=> MINCIRC mode=frozen seed=13 first=60.2 last=61.3 delta=+1.0 reward=0.0 **eval=52.0** tie=0 trialseed=600
