[관계] 항목 8개(훈련 4, 새 4), 반쪽 50 중 활성 15, 항목 간 겹침 2~8(평균 4.4), 새↔훈련 겹침 2~7, 패턴 64개(S 8, D 56)
make: Entering directory '/root/e130_main_run/minimal_circuit_CODE'
make: Nothing to be done for 'all'.
make: Leaving directory '/root/e130_main_run/minimal_circuit_CODE'
[KC발달] env=corr rounds=1000 exposures=200 theta=0.15 items=20 | 일치형 같은 위치 251/400 | 불일치형 같은 위치 228/400 | (호스트 계산 0.627/0.570)
  시행    1~ 400: 정답률  59.5%
  시행  401~ 800: 정답률  66.8%
=> SDGEN mode=learn seed=13 trialseed=601 train_same=100.0 train_diff=86.5 train_bal=93.2 novel_same=100.0 novel_diff=67.4 novel_bal=83.7 | ties train:0 novel:5 | n_same/diff train 63/37 novel 54/46
=> SDLAB diff=cyclic rule=samediff mode=learn seed=13 trialseed=601 train_accL=100.0 train_accR=86.5 train_lbal=93.2 novel_accL=100.0 novel_accR=67.4 novel_lbal=83.7

=== 평가 (탐색 없음, 학습 없음, 무작위 순서 100시행) : 정답률 0.0% | 동점 0회 ===
   자극 A: 0/52 (0.0%)
   자극 B: 0/48 (0.0%)

=== 학습 후 자극별 출력 (선택 이전의 원 신호) ===
  자극 A → 정답 L | out_L=   7  out_R=  36  차이   -29 | KC 119개
  자극 B → 정답 R | out_L=  35  out_R=  32  차이    +3 | KC 107개

=== 가중치 구조 (A전용 KC 108개, B전용 KC 96개) ===
  A전용 KC → out_L 평균 0.5545 | out_R 평균 0.5702 | 차이 -0.0158 (정답은 out_L) **반대**
  B전용 KC → out_L 평균 0.5418 | out_R 평균 0.5644 | 차이 -0.0226 (정답은 out_R) **정답쪽 우세**

=== 가중치 변화 ===
  kc_out_l: n=8075 |Δ|평균 0.05962 변화율  67.9% | 평균 0.500→0.552 | std 0.0000→0.0767
  kc_out_r: n=8006 |Δ|평균 0.05116 변화율  68.0% | 평균 0.500→0.544 | std 0.0000→0.0620

=== 요약 (mode=learn seed=13) ===
  첫 구간 59.5% → 마지막 구간 66.8% | 변화 +7.2%p | 보상률 63.1%
=> MINCIRC mode=learn seed=13 first=59.5 last=66.8 delta=+7.2 reward=63.1 **eval=0.0** tie=0 trialseed=601
