[관계] 항목 8개(훈련 4, 새 4), 반쪽 50 중 활성 15, 항목 간 겹침 1~7(평균 4.5), 새↔훈련 겹침 1~7, 패턴 64개(S 8, D 56)
make: Entering directory '/root/e130_main_run/minimal_circuit_CODE'
make: Leaving directory '/root/e130_main_run/minimal_circuit_CODE'
[KC발달] env=corr rounds=1000 exposures=200 theta=0.15 items=20 | 일치형 같은 위치 182/400 | 불일치형 같은 위치 188/400 | (호스트 계산 0.455/0.470)
  시행    1~ 400: 정답률  45.8%
  시행  401~ 800: 정답률  57.2%
=> SDGEN mode=learn seed=11 trialseed=600 train_same=100.0 train_diff=16.3 train_bal=58.1 novel_same=100.0 novel_diff=65.2 novel_bal=82.6 | ties train:0 novel:0 | n_same/diff train 57/43 novel 54/46
=> SDLAB diff=cyclic rule=samediff mode=learn seed=11 trialseed=600 train_accL=100.0 train_accR=16.3 train_lbal=58.1 novel_accL=100.0 novel_accR=65.2 novel_lbal=82.6

=== 평가 (탐색 없음, 학습 없음, 무작위 순서 100시행) : 정답률 48.0% | 동점 0회 ===
   자극 A: 0/52 (0.0%)
   자극 B: 48/48 (100.0%)

=== 학습 후 자극별 출력 (선택 이전의 원 신호) ===
  자극 A → 정답 L | out_L=   7  out_R=  19  차이   -12 | KC 145개
  자극 B → 정답 R | out_L=  42  out_R=  46  차이    -4 | KC 110개

=== 가중치 구조 (A전용 KC 128개, B전용 KC 93개) ===
  A전용 KC → out_L 평균 0.5035 | out_R 평균 0.5267 | 차이 -0.0231 (정답은 out_L) **반대**
  B전용 KC → out_L 평균 0.5300 | out_R 평균 0.5303 | 차이 -0.0003 (정답은 out_R) **정답쪽 우세**

=== 가중치 변화 ===
  kc_out_l: n=7949 |Δ|평균 0.05403 변화율  66.9% | 평균 0.500→0.541 | std 0.0000→0.0710
  kc_out_r: n=8076 |Δ|평균 0.03294 변화율  66.4% | 평균 0.500→0.526 | std 0.0000→0.0461

=== 요약 (mode=learn seed=11) ===
  첫 구간 45.8% → 마지막 구간 57.2% | 변화 +11.5%p | 보상률 51.5%
=> MINCIRC mode=learn seed=11 first=45.8 last=57.2 delta=+11.5 reward=51.5 **eval=48.0** tie=0 trialseed=600
