[관계] 항목 8개(훈련 4, 새 4), 반쪽 50 중 활성 15, 항목 간 겹침 2~7(평균 4.1), 새↔훈련 겹침 2~6, 패턴 64개(S 8, D 56)
make: Entering directory '/root/e130_main_run/minimal_circuit_CODE'
make: Leaving directory '/root/e130_main_run/minimal_circuit_CODE'
[KC발달] env=corr rounds=1000 exposures=200 theta=0.15 items=20 | 일치형 같은 위치 216/400 | 불일치형 같은 위치 213/400 | (호스트 계산 0.540/0.532)
  시행    1~ 400: 정답률  54.8%
  시행  401~ 800: 정답률  65.5%
=> SDGEN mode=learn seed=15 trialseed=600 train_same=100.0 train_diff=100.0 train_bal=100.0 novel_same=55.6 novel_diff=95.7 novel_bal=75.6 | ties train:0 novel:0 | n_same/diff train 52/48 novel 54/46
=> SDLAB diff=cyclic rule=samediff mode=learn seed=15 trialseed=600 train_accL=100.0 train_accR=100.0 train_lbal=100.0 novel_accL=55.6 novel_accR=95.7 novel_lbal=75.6

=== 평가 (탐색 없음, 학습 없음, 무작위 순서 100시행) : 정답률 54.0% | 동점 0회 ===
   자극 A: 0/46 (0.0%)
   자극 B: 54/54 (100.0%)

=== 학습 후 자극별 출력 (선택 이전의 원 신호) ===
  자극 A → 정답 L | out_L=  26  out_R=  40  차이   -14 | KC 111개
  자극 B → 정답 R | out_L=   2  out_R=  69  차이   -67 | KC 123개

=== 가중치 구조 (A전용 KC 96개, B전용 KC 108개) ===
  A전용 KC → out_L 평균 0.5268 | out_R 평균 0.5681 | 차이 -0.0414 (정답은 out_L) **반대**
  B전용 KC → out_L 평균 0.5305 | out_R 평균 0.5712 | 차이 -0.0407 (정답은 out_R) **정답쪽 우세**

=== 가중치 변화 ===
  kc_out_l: n=7878 |Δ|평균 0.05200 변화율  69.2% | 평균 0.500→0.544 | std 0.0000→0.0663
  kc_out_r: n=8077 |Δ|평균 0.05689 변화율  69.0% | 평균 0.500→0.549 | std 0.0000→0.0613

=== 요약 (mode=learn seed=15) ===
  첫 구간 54.8% → 마지막 구간 65.5% | 변화 +10.8%p | 보상률 60.1%
=> MINCIRC mode=learn seed=15 first=54.8 last=65.5 delta=+10.8 reward=60.1 **eval=54.0** tie=0 trialseed=600
