[관계] 항목 8개(훈련 4, 새 4), 반쪽 50 중 활성 15, 항목 간 겹침 2~7(평균 4.5), 새↔훈련 겹침 2~7, 패턴 64개(S 8, D 56)
make: Entering directory '/root/e130_main_run/minimal_circuit_CODE'
make: Leaving directory '/root/e130_main_run/minimal_circuit_CODE'
[KC발달] env=corr rounds=1000 exposures=200 theta=0.15 items=20 | 일치형 같은 위치 209/400 | 불일치형 같은 위치 218/400 | (호스트 계산 0.522/0.545)
  시행    1~ 400: 정답률  60.8%
  시행  401~ 800: 정답률  68.2%
=> SDGEN mode=learn seed=12 trialseed=600 train_same=100.0 train_diff=100.0 train_bal=100.0 novel_same=100.0 novel_diff=68.6 novel_bal=84.3 | ties train:0 novel:0 | n_same/diff train 47/53 novel 49/51
=> SDLAB diff=cyclic rule=samediff mode=learn seed=12 trialseed=600 train_accL=100.0 train_accR=100.0 train_lbal=100.0 novel_accL=100.0 novel_accR=68.6 novel_lbal=84.3

=== 평가 (탐색 없음, 학습 없음, 무작위 순서 100시행) : 정답률 100.0% | 동점 0회 ===
   자극 A: 41/41 (100.0%)
   자극 B: 59/59 (100.0%)

=== 학습 후 자극별 출력 (선택 이전의 원 신호) ===
  자극 A → 정답 L | out_L=  45  out_R=  43  차이    +2 | KC 110개
  자극 B → 정답 R | out_L=  24  out_R=  25  차이    -1 | KC 128개

=== 가중치 구조 (A전용 KC 88개, B전용 KC 106개) ===
  A전용 KC → out_L 평균 0.5429 | out_R 평균 0.5497 | 차이 -0.0068 (정답은 out_L) **반대**
  B전용 KC → out_L 평균 0.5449 | out_R 평균 0.5532 | 차이 -0.0083 (정답은 out_R) **정답쪽 우세**

=== 가중치 변화 ===
  kc_out_l: n=8125 |Δ|평균 0.05335 변화율  63.8% | 평균 0.500→0.547 | std 0.0000→0.0724
  kc_out_r: n=8003 |Δ|평균 0.05737 변화율  65.2% | 평균 0.500→0.548 | std 0.0000→0.0709

=== 요약 (mode=learn seed=12) ===
  첫 구간 60.8% → 마지막 구간 68.2% | 변화 +7.5%p | 보상률 64.5%
=> MINCIRC mode=learn seed=12 first=60.8 last=68.2 delta=+7.5 reward=64.5 **eval=100.0** tie=0 trialseed=600
