[관계] 항목 8개(훈련 4, 새 4), 반쪽 50 중 활성 15, 항목 간 겹침 2~8(평균 4.4), 새↔훈련 겹침 2~7, 패턴 64개(S 8, D 56)
make: Entering directory '/root/e130_main_run/minimal_circuit_CODE'
make: Leaving directory '/root/e130_main_run/minimal_circuit_CODE'
[KC발달] env=corr rounds=1000 exposures=200 theta=0.15 items=20 | 일치형 같은 위치 251/400 | 불일치형 같은 위치 228/400 | (호스트 계산 0.627/0.570)
  시행    1~ 400: 정답률  60.2%
  시행  401~ 800: 정답률  63.0%
=> SDGEN mode=learn seed=13 trialseed=600 train_same=100.0 train_diff=67.6 train_bal=83.8 novel_same=100.0 novel_diff=52.2 novel_bal=76.1 | ties train:0 novel:0 | n_same/diff train 63/37 novel 54/46
=> SDLAB diff=cyclic rule=samediff mode=learn seed=13 trialseed=600 train_accL=100.0 train_accR=67.6 train_lbal=83.8 novel_accL=100.0 novel_accR=52.2 novel_lbal=76.1

=== 평가 (탐색 없음, 학습 없음, 무작위 순서 100시행) : 정답률 0.0% | 동점 0회 ===
   자극 A: 0/52 (0.0%)
   자극 B: 0/48 (0.0%)

=== 학습 후 자극별 출력 (선택 이전의 원 신호) ===
  자극 A → 정답 L | out_L=  10  out_R=  30  차이   -20 | KC 119개
  자극 B → 정답 R | out_L=  47  out_R=  32  차이   +15 | KC 107개

=== 가중치 구조 (A전용 KC 108개, B전용 KC 96개) ===
  A전용 KC → out_L 평균 0.5517 | out_R 평균 0.5643 | 차이 -0.0126 (정답은 out_L) **반대**
  B전용 KC → out_L 평균 0.5457 | out_R 평균 0.5601 | 차이 -0.0144 (정답은 out_R) **정답쪽 우세**

=== 가중치 변화 ===
  kc_out_l: n=8075 |Δ|평균 0.06085 변화율  67.9% | 평균 0.500→0.553 | std 0.0000→0.0802
  kc_out_r: n=8006 |Δ|평균 0.04828 변화율  68.0% | 평균 0.500→0.540 | std 0.0000→0.0568

=== 요약 (mode=learn seed=13) ===
  첫 구간 60.2% → 마지막 구간 63.0% | 변화 +2.8%p | 보상률 61.6%
=> MINCIRC mode=learn seed=13 first=60.2 last=63.0 delta=+2.8 reward=61.6 **eval=0.0** tie=0 trialseed=600
