[관계] 항목 8개(훈련 4, 새 4), 반쪽 50 중 활성 15, 항목 간 겹침 2~8(평균 4.6), 새↔훈련 겹침 2~8, 패턴 64개(S 8, D 56)
make: Entering directory '/root/e130_main_run/minimal_circuit_CODE'
make: Leaving directory '/root/e130_main_run/minimal_circuit_CODE'
[KC발달] env=corr rounds=1000 exposures=200 theta=0.15 items=20 | 일치형 같은 위치 210/400 | 불일치형 같은 위치 230/400 | (호스트 계산 0.525/0.575)
  시행    1~ 400: 정답률  46.5%
  시행  401~ 800: 정답률  45.8%
=> SDGEN mode=frozen seed=14 trialseed=600 train_same=30.6 train_diff=51.0 train_bal=40.8 novel_same=51.0 novel_diff=61.2 novel_bal=56.1 | ties train:0 novel:0 | n_same/diff train 49/51 novel 51/49
=> SDLAB diff=cyclic rule=samediff mode=frozen seed=14 trialseed=600 train_accL=30.6 train_accR=51.0 train_lbal=40.8 novel_accL=51.0 novel_accR=61.2 novel_lbal=56.1

=== 평가 (탐색 없음, 학습 없음, 무작위 순서 100시행) : 정답률 100.0% | 동점 0회 ===
   자극 A: 57/57 (100.0%)
   자극 B: 43/43 (100.0%)

=== 학습 후 자극별 출력 (선택 이전의 원 신호) ===
  자극 A → 정답 L | out_L=  28  out_R=  13  차이   +15 | KC 127개
  자극 B → 정답 R | out_L=  26  out_R=  35  차이    -9 | KC 108개

=== 가중치 구조 (A전용 KC 123개, B전용 KC 104개) ===
  A전용 KC → out_L 평균 0.5000 | out_R 평균 0.5000 | 차이 +0.0000 (정답은 out_L) **반대**
  B전용 KC → out_L 평균 0.5000 | out_R 평균 0.5000 | 차이 +0.0000 (정답은 out_R) **정답쪽 우세**

=== 가중치 변화 ===
  kc_out_l: n=7975 |Δ|평균 0.00000 변화율   0.0% | 평균 0.500→0.500 | std 0.0000→0.0000
  kc_out_r: n=8075 |Δ|평균 0.00000 변화율   0.0% | 평균 0.500→0.500 | std 0.0000→0.0000

=== 요약 (mode=frozen seed=14) ===
  첫 구간 46.5% → 마지막 구간 45.8% | 변화 -0.8%p | 보상률 0.0%
=> MINCIRC mode=frozen seed=14 first=46.5 last=45.8 delta=-0.8 reward=0.0 **eval=100.0** tie=0 trialseed=600
