[관계] 항목 8개(훈련 4, 새 4), 반쪽 50 중 활성 15, 항목 간 겹침 2~7(평균 4.5), 새↔훈련 겹침 2~7, 패턴 64개(S 8, D 56)
make: Entering directory '/root/e130_main_run/minimal_circuit_CODE'
make: Leaving directory '/root/e130_main_run/minimal_circuit_CODE'
[KC발달] env=corr rounds=1000 exposures=200 theta=0.15 items=20 | 일치형 같은 위치 209/400 | 불일치형 같은 위치 218/400 | (호스트 계산 0.522/0.545)
  시행    1~ 400: 정답률  47.8%
  시행  401~ 800: 정답률  50.5%
=> SDGEN mode=frozen seed=12 trialseed=600 train_same=31.9 train_diff=79.2 train_bal=55.6 novel_same=46.9 novel_diff=31.4 novel_bal=39.2 | ties train:0 novel:0 | n_same/diff train 47/53 novel 49/51
=> SDLAB diff=cyclic rule=samediff mode=frozen seed=12 trialseed=600 train_accL=31.9 train_accR=79.2 train_lbal=55.6 novel_accL=46.9 novel_accR=31.4 novel_lbal=39.2

=== 평가 (탐색 없음, 학습 없음, 무작위 순서 100시행) : 정답률 59.0% | 동점 0회 ===
   자극 A: 0/41 (0.0%)
   자극 B: 59/59 (100.0%)

=== 학습 후 자극별 출력 (선택 이전의 원 신호) ===
  자극 A → 정답 L | out_L=  37  out_R=  39  차이    -2 | KC 110개
  자극 B → 정답 R | out_L=  29  out_R=  35  차이    -6 | KC 128개

=== 가중치 구조 (A전용 KC 88개, B전용 KC 106개) ===
  A전용 KC → out_L 평균 0.5000 | out_R 평균 0.5000 | 차이 +0.0000 (정답은 out_L) **반대**
  B전용 KC → out_L 평균 0.5000 | out_R 평균 0.5000 | 차이 +0.0000 (정답은 out_R) **정답쪽 우세**

=== 가중치 변화 ===
  kc_out_l: n=8125 |Δ|평균 0.00000 변화율   0.0% | 평균 0.500→0.500 | std 0.0000→0.0000
  kc_out_r: n=8003 |Δ|평균 0.00000 변화율   0.0% | 평균 0.500→0.500 | std 0.0000→0.0000

=== 요약 (mode=frozen seed=12) ===
  첫 구간 47.8% → 마지막 구간 50.5% | 변화 +2.8%p | 보상률 0.0%
=> MINCIRC mode=frozen seed=12 first=47.8 last=50.5 delta=+2.8 reward=0.0 **eval=59.0** tie=0 trialseed=600
