[관계] 항목 8개(훈련 4, 새 4), 반쪽 50 중 활성 15, 항목 간 겹침 2~8(평균 4.7), 새↔훈련 겹침 3~8, 패턴 64개(S 8, D 56)
make: Entering directory '/root/e130_main_run/minimal_circuit_CODE'
make: Leaving directory '/root/e130_main_run/minimal_circuit_CODE'
[KC발달] env=corr rounds=1000 exposures=200 theta=0.15 items=20 | 일치형 같은 위치 201/400 | 불일치형 같은 위치 206/400 | (호스트 계산 0.502/0.515)
  시행    1~ 400: 정답률  58.5%
  시행  401~ 800: 정답률  70.0%
=> SDGEN mode=learn seed=16 trialseed=600 train_same=100.0 train_diff=100.0 train_bal=100.0 novel_same=100.0 novel_diff=73.1 novel_bal=86.5 | ties train:0 novel:0 | n_same/diff train 56/44 novel 48/52
=> SDLAB diff=cyclic rule=samediff mode=learn seed=16 trialseed=600 train_accL=100.0 train_accR=100.0 train_lbal=100.0 novel_accL=100.0 novel_accR=73.1 novel_lbal=86.5

=== 평가 (탐색 없음, 학습 없음, 무작위 순서 100시행) : 정답률 53.0% | 동점 0회 ===
   자극 A: 53/53 (100.0%)
   자극 B: 0/47 (0.0%)

=== 학습 후 자극별 출력 (선택 이전의 원 신호) ===
  자극 A → 정답 L | out_L=  38  out_R=  35  차이    +3 | KC 116개
  자극 B → 정답 R | out_L=  38  out_R=  33  차이    +5 | KC 109개

=== 가중치 구조 (A전용 KC 103개, B전용 KC 96개) ===
  A전용 KC → out_L 평균 0.5457 | out_R 평균 0.5478 | 차이 -0.0021 (정답은 out_L) **반대**
  B전용 KC → out_L 평균 0.5412 | out_R 평균 0.5491 | 차이 -0.0079 (정답은 out_R) **정답쪽 우세**

=== 가중치 변화 ===
  kc_out_l: n=7958 |Δ|평균 0.05684 변화율  59.0% | 평균 0.500→0.549 | std 0.0000→0.0798
  kc_out_r: n=7861 |Δ|평균 0.05726 변화율  60.1% | 평균 0.500→0.549 | std 0.0000→0.0715

=== 요약 (mode=learn seed=16) ===
  첫 구간 58.5% → 마지막 구간 70.0% | 변화 +11.5%p | 보상률 64.2%
=> MINCIRC mode=learn seed=16 first=58.5 last=70.0 delta=+11.5 reward=64.2 **eval=53.0** tie=0 trialseed=600
