[관계] 항목 8개(훈련 4, 새 4), 반쪽 50 중 활성 15, 항목 간 겹침 2~7(평균 4.3), 새↔훈련 겹침 2~7, 패턴 64개(S 8, D 56)
make: Entering directory '/root/e130_main_run/minimal_circuit_CODE'
make: Nothing to be done for 'all'.
make: Leaving directory '/root/e130_main_run/minimal_circuit_CODE'
[KC발달] env=corr rounds=1000 exposures=200 theta=0.15 items=20 | 일치형 같은 위치 222/400 | 불일치형 같은 위치 247/400 | (호스트 계산 0.555/0.618)
  시행    1~ 400: 정답률  51.2%
  시행  401~ 800: 정답률  68.8%
=> SDGEN mode=learn seed=10 trialseed=601 train_same=100.0 train_diff=100.0 train_bal=100.0 novel_same=100.0 novel_diff=74.0 novel_bal=87.0 | ties train:0 novel:0 | n_same/diff train 50/50 novel 50/50
=> SDLAB diff=cyclic rule=samediff mode=learn seed=10 trialseed=601 train_accL=100.0 train_accR=100.0 train_lbal=100.0 novel_accL=100.0 novel_accR=74.0 novel_lbal=87.0

=== 평가 (탐색 없음, 학습 없음, 무작위 순서 100시행) : 정답률 0.0% | 동점 0회 ===
   자극 A: 0/44 (0.0%)
   자극 B: 0/56 (0.0%)

=== 학습 후 자극별 출력 (선택 이전의 원 신호) ===
  자극 A → 정답 L | out_L=  11  out_R=  20  차이    -9 | KC 122개
  자극 B → 정답 R | out_L=  29  out_R=  15  차이   +14 | KC 129개

=== 가중치 구조 (A전용 KC 122개, B전용 KC 129개) ===
  A전용 KC → out_L 평균 0.5482 | out_R 평균 0.5530 | 차이 -0.0047 (정답은 out_L) **반대**
  B전용 KC → out_L 평균 0.5244 | out_R 평균 0.5455 | 차이 -0.0211 (정답은 out_R) **정답쪽 우세**

=== 가중치 변화 ===
  kc_out_l: n=7952 |Δ|평균 0.05870 변화율  66.7% | 평균 0.500→0.546 | std 0.0000→0.0787
  kc_out_r: n=7999 |Δ|평균 0.04815 변화율  65.9% | 평균 0.500→0.540 | std 0.0000→0.0605

=== 요약 (mode=learn seed=10) ===
  첫 구간 51.2% → 마지막 구간 68.8% | 변화 +17.5%p | 보상률 60.0%
=> MINCIRC mode=learn seed=10 first=51.2 last=68.8 delta=+17.5 reward=60.0 **eval=0.0** tie=0 trialseed=601
