[관계] 항목 8개(훈련 4, 새 4), 반쪽 50 중 활성 15, 항목 간 겹침 2~8(평균 4.7), 새↔훈련 겹침 3~8, 패턴 64개(S 8, D 56)
make: Entering directory '/root/e130_main_run/minimal_circuit_CODE'
make: Leaving directory '/root/e130_main_run/minimal_circuit_CODE'
[KC발달] env=corr rounds=1000 exposures=200 theta=0.15 items=20 | 일치형 같은 위치 201/400 | 불일치형 같은 위치 206/400 | (호스트 계산 0.502/0.515)
  시행    1~ 400: 정답률  48.0%
  시행  401~ 800: 정답률  51.2%
=> SDGEN mode=frozen seed=16 trialseed=600 train_same=23.2 train_diff=68.2 train_bal=45.7 novel_same=72.9 novel_diff=23.1 novel_bal=48.0 | ties train:0 novel:0 | n_same/diff train 56/44 novel 48/52
=> SDLAB diff=cyclic rule=samediff mode=frozen seed=16 trialseed=600 train_accL=23.2 train_accR=68.2 train_lbal=45.7 novel_accL=72.9 novel_accR=23.1 novel_lbal=48.0

=== 평가 (탐색 없음, 학습 없음, 무작위 순서 100시행) : 정답률 21.0% | 동점 47회 ===
   자극 A: 0/53 (0.0%)
   자극 B: 21/47 (44.7%)

=== 학습 후 자극별 출력 (선택 이전의 원 신호) ===
  자극 A → 정답 L | out_L=  31  out_R=  36  차이    -5 | KC 116개
  자극 B → 정답 R | out_L=  34  out_R=  34  차이    +0 | KC 109개

=== 가중치 구조 (A전용 KC 103개, B전용 KC 96개) ===
  A전용 KC → out_L 평균 0.5000 | out_R 평균 0.5000 | 차이 +0.0000 (정답은 out_L) **반대**
  B전용 KC → out_L 평균 0.5000 | out_R 평균 0.5000 | 차이 +0.0000 (정답은 out_R) **정답쪽 우세**

=== 가중치 변화 ===
  kc_out_l: n=7958 |Δ|평균 0.00000 변화율   0.0% | 평균 0.500→0.500 | std 0.0000→0.0000
  kc_out_r: n=7861 |Δ|평균 0.00000 변화율   0.0% | 평균 0.500→0.500 | std 0.0000→0.0000

=== 요약 (mode=frozen seed=16) ===
  첫 구간 48.0% → 마지막 구간 51.2% | 변화 +3.2%p | 보상률 0.0%
=> MINCIRC mode=frozen seed=16 first=48.0 last=51.2 delta=+3.2 reward=0.0 **eval=21.0** tie=47 trialseed=600
