[관계] 항목 8개(훈련 4, 새 4), 반쪽 50 중 활성 15, 항목 간 겹침 2~7(평균 4.3), 새↔훈련 겹침 2~7, 패턴 64개(S 8, D 56)
make: Entering directory '/root/e130_main_run/minimal_circuit_CODE'
make: Leaving directory '/root/e130_main_run/minimal_circuit_CODE'
[KC발달] env=corr rounds=1000 exposures=200 theta=0.15 items=20 | 일치형 같은 위치 222/400 | 불일치형 같은 위치 247/400 | (호스트 계산 0.555/0.618)
  시행    1~ 400: 정답률  52.0%
  시행  401~ 800: 정답률  49.8%
=> SDGEN mode=frozen seed=10 trialseed=600 train_same=40.0 train_diff=46.0 train_bal=43.0 novel_same=70.0 novel_diff=66.0 novel_bal=68.0 | ties train:0 novel:0 | n_same/diff train 50/50 novel 50/50
=> SDLAB diff=cyclic rule=samediff mode=frozen seed=10 trialseed=600 train_accL=40.0 train_accR=46.0 train_lbal=43.0 novel_accL=70.0 novel_accR=66.0 novel_lbal=68.0

=== 평가 (탐색 없음, 학습 없음, 무작위 순서 100시행) : 정답률 44.0% | 동점 0회 ===
   자극 A: 44/44 (100.0%)
   자극 B: 0/56 (0.0%)

=== 학습 후 자극별 출력 (선택 이전의 원 신호) ===
  자극 A → 정답 L | out_L=  35  out_R=  29  차이    +6 | KC 122개
  자극 B → 정답 R | out_L=  46  out_R=   7  차이   +39 | KC 129개

=== 가중치 구조 (A전용 KC 122개, B전용 KC 129개) ===
  A전용 KC → out_L 평균 0.5000 | out_R 평균 0.5000 | 차이 +0.0000 (정답은 out_L) **반대**
  B전용 KC → out_L 평균 0.5000 | out_R 평균 0.5000 | 차이 +0.0000 (정답은 out_R) **정답쪽 우세**

=== 가중치 변화 ===
  kc_out_l: n=7952 |Δ|평균 0.00000 변화율   0.0% | 평균 0.500→0.500 | std 0.0000→0.0000
  kc_out_r: n=7999 |Δ|평균 0.00000 변화율   0.0% | 평균 0.500→0.500 | std 0.0000→0.0000

=== 요약 (mode=frozen seed=10) ===
  첫 구간 52.0% → 마지막 구간 49.8% | 변화 -2.2%p | 보상률 0.0%
=> MINCIRC mode=frozen seed=10 first=52.0 last=49.8 delta=-2.2 reward=0.0 **eval=44.0** tie=0 trialseed=600
