[관계] 항목 8개(훈련 4, 새 4), 반쪽 50 중 활성 15, 항목 간 겹침 1~7(평균 4.5), 새↔훈련 겹침 1~7, 패턴 64개(S 8, D 56)
make: Entering directory '/root/e130_main_run/minimal_circuit_CODE'
make: Leaving directory '/root/e130_main_run/minimal_circuit_CODE'
[KC발달] env=corr rounds=1000 exposures=200 theta=0.15 items=20 | 일치형 같은 위치 182/400 | 불일치형 같은 위치 188/400 | (호스트 계산 0.455/0.470)
  시행    1~ 400: 정답률  41.2%
  시행  401~ 800: 정답률  47.8%
=> SDGEN mode=frozen seed=11 trialseed=600 train_same=49.1 train_diff=16.3 train_bal=32.7 novel_same=60.0 novel_diff=46.7 novel_bal=53.3 | ties train:0 novel:5 | n_same/diff train 57/43 novel 55/45
=> SDLAB diff=cyclic rule=samediff mode=frozen seed=11 trialseed=600 train_accL=49.1 train_accR=16.3 train_lbal=32.7 novel_accL=60.0 novel_accR=46.7 novel_lbal=53.3

=== 평가 (탐색 없음, 학습 없음, 무작위 순서 100시행) : 정답률 48.0% | 동점 0회 ===
   자극 A: 0/52 (0.0%)
   자극 B: 48/48 (100.0%)

=== 학습 후 자극별 출력 (선택 이전의 원 신호) ===
  자극 A → 정답 L | out_L=   9  out_R=  14  차이    -5 | KC 145개
  자극 B → 정답 R | out_L=  37  out_R=  38  차이    -1 | KC 110개

=== 가중치 구조 (A전용 KC 128개, B전용 KC 93개) ===
  A전용 KC → out_L 평균 0.5000 | out_R 평균 0.5000 | 차이 +0.0000 (정답은 out_L) **반대**
  B전용 KC → out_L 평균 0.5000 | out_R 평균 0.5000 | 차이 +0.0000 (정답은 out_R) **정답쪽 우세**

=== 가중치 변화 ===
  kc_out_l: n=7949 |Δ|평균 0.00000 변화율   0.0% | 평균 0.500→0.500 | std 0.0000→0.0000
  kc_out_r: n=8076 |Δ|평균 0.00000 변화율   0.0% | 평균 0.500→0.500 | std 0.0000→0.0000

=== 요약 (mode=frozen seed=11) ===
  첫 구간 41.2% → 마지막 구간 47.8% | 변화 +6.5%p | 보상률 0.0%
=> MINCIRC mode=frozen seed=11 first=41.2 last=47.8 delta=+6.5 reward=0.0 **eval=48.0** tie=0 trialseed=600
