[관계] 항목 8개(훈련 4, 새 4), 반쪽 50 중 활성 15, 항목 간 겹침 2~7(평균 4.3), 새↔훈련 겹침 2~7, 패턴 64개(S 8, D 56)
make: Entering directory '/root/e130_main_run/minimal_circuit_CODE'
make: Leaving directory '/root/e130_main_run/minimal_circuit_CODE'
[KC발달] env=corr rounds=1000 exposures=200 theta=0.15 items=20 | 일치형 같은 위치 222/400 | 불일치형 같은 위치 247/400 | (호스트 계산 0.555/0.618)
  시행    1~ 400: 정답률  54.2%
  시행  401~ 800: 정답률  66.5%
=> SDGEN mode=learn seed=10 trialseed=600 train_same=100.0 train_diff=100.0 train_bal=100.0 novel_same=100.0 novel_diff=74.0 novel_bal=87.0 | ties train:0 novel:0 | n_same/diff train 50/50 novel 50/50
=> SDLAB diff=cyclic rule=samediff mode=learn seed=10 trialseed=600 train_accL=100.0 train_accR=100.0 train_lbal=100.0 novel_accL=100.0 novel_accR=74.0 novel_lbal=87.0

=== 평가 (탐색 없음, 학습 없음, 무작위 순서 100시행) : 정답률 44.0% | 동점 0회 ===
   자극 A: 44/44 (100.0%)
   자극 B: 0/56 (0.0%)

=== 학습 후 자극별 출력 (선택 이전의 원 신호) ===
  자극 A → 정답 L | out_L=  16  out_R=  12  차이    +4 | KC 122개
  자극 B → 정답 R | out_L=  29  out_R=  13  차이   +16 | KC 129개

=== 가중치 구조 (A전용 KC 122개, B전용 KC 129개) ===
  A전용 KC → out_L 평균 0.5536 | out_R 평균 0.5468 | 차이 +0.0068 (정답은 out_L) **정답쪽 우세**
  B전용 KC → out_L 평균 0.5274 | out_R 평균 0.5399 | 차이 -0.0125 (정답은 out_R) **정답쪽 우세**

=== 가중치 변화 ===
  kc_out_l: n=7952 |Δ|평균 0.06350 변화율  66.7% | 평균 0.500→0.551 | std 0.0000→0.0855
  kc_out_r: n=7999 |Δ|평균 0.04428 변화율  65.9% | 평균 0.500→0.536 | std 0.0000→0.0562

=== 요약 (mode=learn seed=10) ===
  첫 구간 54.2% → 마지막 구간 66.5% | 변화 +12.2%p | 보상률 60.4%
=> MINCIRC mode=learn seed=10 first=54.2 last=66.5 delta=+12.2 reward=60.4 **eval=44.0** tie=0 trialseed=600
