[관계] 항목 8개(훈련 4, 새 4), 반쪽 50 중 활성 15, 항목 간 겹침 1~8(평균 5.0), 새↔훈련 겹침 1~7, 패턴 64개(S 8, D 56)
make: Entering directory '/root/e130_main_run/minimal_circuit_CODE'
make: Leaving directory '/root/e130_main_run/minimal_circuit_CODE'
[KC발달] env=corr rounds=1000 exposures=200 theta=0.15 items=20 | 일치형 같은 위치 150/400 | 불일치형 같은 위치 147/400 | (호스트 계산 0.375/0.367)
  시행    1~ 400: 정답률  60.2%
  시행  401~ 800: 정답률  60.8%
=> SDGEN mode=frozen seed=17 trialseed=600 train_same=66.7 train_diff=62.5 train_bal=64.6 novel_same=55.6 novel_diff=63.0 novel_bal=59.3 | ties train:0 novel:0 | n_same/diff train 60/40 novel 54/46
=> SDLAB diff=cyclic rule=samediff mode=frozen seed=17 trialseed=600 train_accL=66.7 train_accR=62.5 train_lbal=64.6 novel_accL=55.6 novel_accR=63.0 novel_lbal=59.3

=== 평가 (탐색 없음, 학습 없음, 무작위 순서 100시행) : 정답률 0.0% | 동점 0회 ===
   자극 A: 0/55 (0.0%)
   자극 B: 0/45 (0.0%)

=== 학습 후 자극별 출력 (선택 이전의 원 신호) ===
  자극 A → 정답 L | out_L=   9  out_R=  13  차이    -4 | KC 138개
  자극 B → 정답 R | out_L=  41  out_R=  26  차이   +15 | KC 121개

=== 가중치 구조 (A전용 KC 128개, B전용 KC 111개) ===
  A전용 KC → out_L 평균 0.5000 | out_R 평균 0.5000 | 차이 +0.0000 (정답은 out_L) **반대**
  B전용 KC → out_L 평균 0.5000 | out_R 평균 0.5000 | 차이 +0.0000 (정답은 out_R) **정답쪽 우세**

=== 가중치 변화 ===
  kc_out_l: n=8046 |Δ|평균 0.00000 변화율   0.0% | 평균 0.500→0.500 | std 0.0000→0.0000
  kc_out_r: n=8067 |Δ|평균 0.00000 변화율   0.0% | 평균 0.500→0.500 | std 0.0000→0.0000

=== 요약 (mode=frozen seed=17) ===
  첫 구간 60.2% → 마지막 구간 60.8% | 변화 +0.5%p | 보상률 0.0%
=> MINCIRC mode=frozen seed=17 first=60.2 last=60.8 delta=+0.5 reward=0.0 **eval=0.0** tie=0 trialseed=600
