[관계] 항목 8개(훈련 4, 새 4), 반쪽 50 중 활성 15, 항목 간 겹침 2~8(평균 4.7), 새↔훈련 겹침 3~8, 패턴 64개(S 8, D 56)
make: Entering directory '/root/e130_main_run/minimal_circuit_CODE'
make: Leaving directory '/root/e130_main_run/minimal_circuit_CODE'
[KC발달] env=indep rounds=1000 exposures=200 theta=0.15 items=20 | 일치형 같은 위치 12/400 | 불일치형 같은 위치 8/400 | (호스트 계산 0.030/0.020)
  시행    1~ 400: 정답률  55.5%
  시행  401~ 800: 정답률  50.2%
=> SDGEN mode=learn seed=16 trialseed=600 train_same=23.2 train_diff=100.0 train_bal=61.6 novel_same=0.0 novel_diff=53.8 novel_bal=26.9 | ties train:0 novel:0 | n_same/diff train 56/44 novel 48/52
=> SDLAB diff=cyclic rule=samediff mode=learn seed=16 trialseed=600 train_accL=23.2 train_accR=100.0 train_lbal=61.6 novel_accL=0.0 novel_accR=53.8 novel_lbal=26.9

=== 평가 (탐색 없음, 학습 없음, 무작위 순서 100시행) : 정답률 0.0% | 동점 0회 ===
   자극 A: 0/53 (0.0%)
   자극 B: 0/47 (0.0%)

=== 학습 후 자극별 출력 (선택 이전의 원 신호) ===
  자극 A → 정답 L | out_L=  17  out_R=  39  차이   -22 | KC 112개
  자극 B → 정답 R | out_L=  21  out_R=  10  차이   +11 | KC 124개

=== 가중치 구조 (A전용 KC 104개, B전용 KC 116개) ===
  A전용 KC → out_L 평균 0.5301 | out_R 평균 0.5572 | 차이 -0.0271 (정답은 out_L) **반대**
  B전용 KC → out_L 평균 0.5372 | out_R 평균 0.5460 | 차이 -0.0088 (정답은 out_R) **정답쪽 우세**

=== 가중치 변화 ===
  kc_out_l: n=7958 |Δ|평균 0.03173 변화율  53.6% | 평균 0.500→0.528 | std 0.0000→0.0438
  kc_out_r: n=7861 |Δ|평균 0.04509 변화율  54.7% | 평균 0.500→0.539 | std 0.0000→0.0574

=== 요약 (mode=learn seed=16) ===
  첫 구간 55.5% → 마지막 구간 50.2% | 변화 -5.3%p | 보상률 52.9%
=> MINCIRC mode=learn seed=16 first=55.5 last=50.2 delta=-5.3 reward=52.9 **eval=0.0** tie=0 trialseed=600
