[관계] 항목 8개(훈련 4, 새 4), 반쪽 50 중 활성 15, 항목 간 겹침 1~8(평균 5.0), 새↔훈련 겹침 1~7, 패턴 64개(S 8, D 56)
make: Entering directory '/root/e130_main_run/minimal_circuit_CODE'
make: Leaving directory '/root/e130_main_run/minimal_circuit_CODE'
[KC발달] env=indep rounds=1000 exposures=200 theta=0.15 items=20 | 일치형 같은 위치 9/400 | 불일치형 같은 위치 13/400 | (호스트 계산 0.022/0.033)
  시행    1~ 400: 정답률  60.2%
  시행  401~ 800: 정답률  64.2%
=> SDGEN mode=learn seed=17 trialseed=600 train_same=41.7 train_diff=90.0 train_bal=65.8 novel_same=46.3 novel_diff=41.3 novel_bal=43.8 | ties train:6 novel:0 | n_same/diff train 60/40 novel 54/46
=> SDLAB diff=cyclic rule=samediff mode=learn seed=17 trialseed=600 train_accL=41.7 train_accR=90.0 train_lbal=65.8 novel_accL=46.3 novel_accR=41.3 novel_lbal=43.8

=== 평가 (탐색 없음, 학습 없음, 무작위 순서 100시행) : 정답률 0.0% | 동점 0회 ===
   자극 A: 0/55 (0.0%)
   자극 B: 0/45 (0.0%)

=== 학습 후 자극별 출력 (선택 이전의 원 신호) ===
  자극 A → 정답 L | out_L=  19  out_R=  29  차이   -10 | KC 155개
  자극 B → 정답 R | out_L=  46  out_R=  22  차이   +24 | KC 111개

=== 가중치 구조 (A전용 KC 142개, B전용 KC 98개) ===
  A전용 KC → out_L 평균 0.5315 | out_R 평균 0.5398 | 차이 -0.0083 (정답은 out_L) **반대**
  B전용 KC → out_L 평균 0.5715 | out_R 평균 0.5572 | 차이 +0.0144 (정답은 out_R) **반대**

=== 가중치 변화 ===
  kc_out_l: n=8046 |Δ|평균 0.04615 변화율  58.9% | 평균 0.500→0.542 | std 0.0000→0.0590
  kc_out_r: n=8067 |Δ|평균 0.05277 변화율  59.0% | 평균 0.500→0.547 | std 0.0000→0.0639

=== 요약 (mode=learn seed=17) ===
  첫 구간 60.2% → 마지막 구간 64.2% | 변화 +4.0%p | 보상률 62.3%
=> MINCIRC mode=learn seed=17 first=60.2 last=64.2 delta=+4.0 reward=62.3 **eval=0.0** tie=0 trialseed=600
