[관계] 항목 8개(훈련 4, 새 4), 반쪽 50 중 활성 15, 항목 간 겹침 2~7(평균 4.1), 새↔훈련 겹침 2~6, 패턴 64개(S 8, D 56)
make: Entering directory '/root/e130_main_run/minimal_circuit_CODE'
make: Leaving directory '/root/e130_main_run/minimal_circuit_CODE'
[KC발달] env=indep rounds=1000 exposures=200 theta=0.15 items=20 | 일치형 같은 위치 12/400 | 불일치형 같은 위치 9/400 | (호스트 계산 0.030/0.022)
  시행    1~ 400: 정답률  54.0%
  시행  401~ 800: 정답률  55.5%
=> SDGEN mode=learn seed=15 trialseed=600 train_same=25.0 train_diff=100.0 train_bal=62.5 novel_same=38.9 novel_diff=100.0 novel_bal=69.4 | ties train:0 novel:0 | n_same/diff train 52/48 novel 54/46
=> SDLAB diff=cyclic rule=samediff mode=learn seed=15 trialseed=600 train_accL=25.0 train_accR=100.0 train_lbal=62.5 novel_accL=38.9 novel_accR=100.0 novel_lbal=69.4

=== 평가 (탐색 없음, 학습 없음, 무작위 순서 100시행) : 정답률 54.0% | 동점 0회 ===
   자극 A: 0/46 (0.0%)
   자극 B: 54/54 (100.0%)

=== 학습 후 자극별 출력 (선택 이전의 원 신호) ===
  자극 A → 정답 L | out_L=  14  out_R=  34  차이   -20 | KC 111개
  자극 B → 정답 R | out_L=  33  out_R=  36  차이    -3 | KC 109개

=== 가중치 구조 (A전용 KC 103개, B전용 KC 101개) ===
  A전용 KC → out_L 평균 0.5423 | out_R 평균 0.5512 | 차이 -0.0088 (정답은 out_L) **반대**
  B전용 KC → out_L 평균 0.5392 | out_R 평균 0.5538 | 차이 -0.0146 (정답은 out_R) **정답쪽 우세**

=== 가중치 변화 ===
  kc_out_l: n=7878 |Δ|평균 0.03422 변화율  61.3% | 평균 0.500→0.531 | std 0.0000→0.0441
  kc_out_r: n=8077 |Δ|평균 0.05090 변화율  61.5% | 평균 0.500→0.542 | std 0.0000→0.0614

=== 요약 (mode=learn seed=15) ===
  첫 구간 54.0% → 마지막 구간 55.5% | 변화 +1.5%p | 보상률 54.8%
=> MINCIRC mode=learn seed=15 first=54.0 last=55.5 delta=+1.5 reward=54.8 **eval=54.0** tie=0 trialseed=600
