[관계] 항목 8개(훈련 4, 새 4), 반쪽 50 중 활성 15, 항목 간 겹침 2~8(평균 4.7), 새↔훈련 겹침 3~8, 패턴 64개(S 8, D 56)
make: Entering directory '/root/e130_main_run/minimal_circuit_CODE'
make: Nothing to be done for 'all'.
make: Leaving directory '/root/e130_main_run/minimal_circuit_CODE'
[KC발달] env=indep rounds=1000 exposures=200 theta=0.15 items=20 | 일치형 같은 위치 12/400 | 불일치형 같은 위치 8/400 | (호스트 계산 0.030/0.020)
  시행    1~ 400: 정답률  56.2%
  시행  401~ 800: 정답률  54.5%
=> SDGEN mode=learn seed=16 trialseed=601 train_same=44.6 train_diff=77.3 train_bal=61.0 novel_same=30.0 novel_diff=50.0 novel_bal=40.0 | ties train:15 novel:0 | n_same/diff train 56/44 novel 50/50
=> SDLAB diff=cyclic rule=samediff mode=learn seed=16 trialseed=601 train_accL=44.6 train_accR=77.3 train_lbal=61.0 novel_accL=30.0 novel_accR=50.0 novel_lbal=40.0

=== 평가 (탐색 없음, 학습 없음, 무작위 순서 100시행) : 정답률 0.0% | 동점 0회 ===
   자극 A: 0/53 (0.0%)
   자극 B: 0/47 (0.0%)

=== 학습 후 자극별 출력 (선택 이전의 원 신호) ===
  자극 A → 정답 L | out_L=  17  out_R=  39  차이   -22 | KC 112개
  자극 B → 정답 R | out_L=  17  out_R=   9  차이    +8 | KC 124개

=== 가중치 구조 (A전용 KC 104개, B전용 KC 116개) ===
  A전용 KC → out_L 평균 0.5305 | out_R 평균 0.5626 | 차이 -0.0322 (정답은 out_L) **반대**
  B전용 KC → out_L 평균 0.5417 | out_R 평균 0.5541 | 차이 -0.0124 (정답은 out_R) **정답쪽 우세**

=== 가중치 변화 ===
  kc_out_l: n=7958 |Δ|평균 0.03428 변화율  53.6% | 평균 0.500→0.530 | std 0.0000→0.0500
  kc_out_r: n=7861 |Δ|평균 0.04901 변화율  54.7% | 평균 0.500→0.544 | std 0.0000→0.0621

=== 요약 (mode=learn seed=16) ===
  첫 구간 56.2% → 마지막 구간 54.5% | 변화 -1.7%p | 보상률 55.4%
=> MINCIRC mode=learn seed=16 first=56.2 last=54.5 delta=-1.7 reward=55.4 **eval=0.0** tie=0 trialseed=601
