[관계] 항목 8개(훈련 4, 새 4), 반쪽 50 중 활성 15, 항목 간 겹침 2~7(평균 4.3), 새↔훈련 겹침 2~7, 패턴 64개(S 8, D 56)
make: Entering directory '/root/e130_main_run/minimal_circuit_CODE'
make: Leaving directory '/root/e130_main_run/minimal_circuit_CODE'
[KC발달] env=indep rounds=1000 exposures=200 theta=0.15 items=20 | 일치형 같은 위치 6/400 | 불일치형 같은 위치 11/400 | (호스트 계산 0.015/0.028)
  시행    1~ 400: 정답률  45.8%
  시행  401~ 800: 정답률  53.8%
=> SDGEN mode=learn seed=10 trialseed=600 train_same=100.0 train_diff=56.0 train_bal=78.0 novel_same=100.0 novel_diff=26.0 novel_bal=63.0 | ties train:0 novel:0 | n_same/diff train 50/50 novel 50/50
=> SDLAB diff=cyclic rule=samediff mode=learn seed=10 trialseed=600 train_accL=100.0 train_accR=56.0 train_lbal=78.0 novel_accL=100.0 novel_accR=26.0 novel_lbal=63.0

=== 평가 (탐색 없음, 학습 없음, 무작위 순서 100시행) : 정답률 44.0% | 동점 0회 ===
   자극 A: 44/44 (100.0%)
   자극 B: 0/56 (0.0%)

=== 학습 후 자극별 출력 (선택 이전의 원 신호) ===
  자극 A → 정답 L | out_L=  21  out_R=  12  차이    +9 | KC 147개
  자극 B → 정답 R | out_L=  49  out_R=  11  차이   +38 | KC 129개

=== 가중치 구조 (A전용 KC 131개, B전용 KC 113개) ===
  A전용 KC → out_L 평균 0.5534 | out_R 평균 0.5103 | 차이 +0.0431 (정답은 out_L) **정답쪽 우세**
  B전용 KC → out_L 평균 0.5431 | out_R 평균 0.5169 | 차이 +0.0263 (정답은 out_R) **반대**

=== 가중치 변화 ===
  kc_out_l: n=7952 |Δ|평균 0.05143 변화율  62.3% | 평균 0.500→0.544 | std 0.0000→0.0616
  kc_out_r: n=7999 |Δ|평균 0.02563 변화율  62.3% | 평균 0.500→0.518 | std 0.0000→0.0351

=== 요약 (mode=learn seed=10) ===
  첫 구간 45.8% → 마지막 구간 53.8% | 변화 +8.0%p | 보상률 49.8%
=> MINCIRC mode=learn seed=10 first=45.8 last=53.8 delta=+8.0 reward=49.8 **eval=44.0** tie=0 trialseed=600
