[관계] 항목 8개(훈련 4, 새 4), 반쪽 50 중 활성 15, 항목 간 겹침 2~8(평균 4.4), 새↔훈련 겹침 2~7, 패턴 64개(S 8, D 56)
make: Entering directory '/root/e130_main_run/minimal_circuit_CODE'
make: Leaving directory '/root/e130_main_run/minimal_circuit_CODE'
[KC발달] env=indep rounds=1000 exposures=200 theta=0.15 items=20 | 일치형 같은 위치 12/400 | 불일치형 같은 위치 14/400 | (호스트 계산 0.030/0.035)
  시행    1~ 400: 정답률  50.0%
  시행  401~ 800: 정답률  57.0%
=> SDGEN mode=learn seed=13 trialseed=600 train_same=66.7 train_diff=32.4 train_bal=49.5 novel_same=100.0 novel_diff=39.1 novel_bal=69.6 | ties train:0 novel:0 | n_same/diff train 63/37 novel 54/46
=> SDLAB diff=cyclic rule=samediff mode=learn seed=13 trialseed=600 train_accL=66.7 train_accR=32.4 train_lbal=49.5 novel_accL=100.0 novel_accR=39.1 novel_lbal=69.6

=== 평가 (탐색 없음, 학습 없음, 무작위 순서 100시행) : 정답률 52.0% | 동점 0회 ===
   자극 A: 52/52 (100.0%)
   자극 B: 0/48 (0.0%)

=== 학습 후 자극별 출력 (선택 이전의 원 신호) ===
  자극 A → 정답 L | out_L=  26  out_R=  24  차이    +2 | KC 119개
  자극 B → 정답 R | out_L=  43  out_R=  37  차이    +6 | KC 111개

=== 가중치 구조 (A전용 KC 101개, B전용 KC 93개) ===
  A전용 KC → out_L 평균 0.5494 | out_R 평균 0.5421 | 차이 +0.0073 (정답은 out_L) **정답쪽 우세**
  B전용 KC → out_L 평균 0.5507 | out_R 평균 0.5417 | 차이 +0.0090 (정답은 out_R) **반대**

=== 가중치 변화 ===
  kc_out_l: n=8075 |Δ|평균 0.04295 변화율  56.4% | 평균 0.500→0.537 | std 0.0000→0.0563
  kc_out_r: n=8006 |Δ|평균 0.03761 변화율  56.0% | 평균 0.500→0.533 | std 0.0000→0.0532

=== 요약 (mode=learn seed=13) ===
  첫 구간 50.0% → 마지막 구간 57.0% | 변화 +7.0%p | 보상률 53.5%
=> MINCIRC mode=learn seed=13 first=50.0 last=57.0 delta=+7.0 reward=53.5 **eval=52.0** tie=0 trialseed=600
