[관계] 항목 8개(훈련 4, 새 4), 반쪽 50 중 활성 15, 항목 간 겹침 2~7(평균 4.5), 새↔훈련 겹침 2~7, 패턴 64개(S 8, D 56)
make: Entering directory '/root/e130_main_run/minimal_circuit_CODE'
make: Leaving directory '/root/e130_main_run/minimal_circuit_CODE'
[KC발달] env=indep rounds=1000 exposures=200 theta=0.15 items=20 | 일치형 같은 위치 20/400 | 불일치형 같은 위치 12/400 | (호스트 계산 0.050/0.030)
  시행    1~ 400: 정답률  49.0%
  시행  401~ 800: 정답률  59.2%
=> SDGEN mode=learn seed=12 trialseed=600 train_same=100.0 train_diff=56.6 train_bal=78.3 novel_same=100.0 novel_diff=21.6 novel_bal=60.8 | ties train:0 novel:0 | n_same/diff train 47/53 novel 49/51
=> SDLAB diff=cyclic rule=samediff mode=learn seed=12 trialseed=600 train_accL=100.0 train_accR=56.6 train_lbal=78.3 novel_accL=100.0 novel_accR=21.6 novel_lbal=60.8

=== 평가 (탐색 없음, 학습 없음, 무작위 순서 100시행) : 정답률 41.0% | 동점 0회 ===
   자극 A: 41/41 (100.0%)
   자극 B: 0/59 (0.0%)

=== 학습 후 자극별 출력 (선택 이전의 원 신호) ===
  자극 A → 정답 L | out_L=  44  out_R=   5  차이   +39 | KC 136개
  자극 B → 정답 R | out_L=  19  out_R=  12  차이    +7 | KC 146개

=== 가중치 구조 (A전용 KC 112개, B전용 KC 122개) ===
  A전용 KC → out_L 평균 0.5603 | out_R 평균 0.5308 | 차이 +0.0294 (정답은 out_L) **정답쪽 우세**
  B전용 KC → out_L 평균 0.5278 | out_R 평균 0.5262 | 차이 +0.0016 (정답은 out_R) **반대**

=== 가중치 변화 ===
  kc_out_l: n=8125 |Δ|평균 0.05276 변화율  58.7% | 평균 0.500→0.546 | std 0.0000→0.0689
  kc_out_r: n=8003 |Δ|평균 0.03144 변화율  59.6% | 평균 0.500→0.526 | std 0.0000→0.0446

=== 요약 (mode=learn seed=12) ===
  첫 구간 49.0% → 마지막 구간 59.2% | 변화 +10.2%p | 보상률 54.1%
=> MINCIRC mode=learn seed=12 first=49.0 last=59.2 delta=+10.2 reward=54.1 **eval=41.0** tie=0 trialseed=600
