[관계] 항목 8개(훈련 4, 새 4), 반쪽 50 중 활성 15, 항목 간 겹침 2~8(평균 4.6), 새↔훈련 겹침 2~8, 패턴 64개(S 8, D 56)
make: Entering directory '/root/e130_main_run/minimal_circuit_CODE'
make: Leaving directory '/root/e130_main_run/minimal_circuit_CODE'
[KC발달] env=indep rounds=1000 exposures=200 theta=0.15 items=20 | 일치형 같은 위치 14/400 | 불일치형 같은 위치 14/400 | (호스트 계산 0.035/0.035)
  시행    1~ 400: 정답률  50.0%
  시행  401~ 800: 정답률  54.5%
=> SDGEN mode=learn seed=14 trialseed=600 train_same=100.0 train_diff=54.9 train_bal=77.5 novel_same=76.1 novel_diff=48.1 novel_bal=62.1 | ties train:0 novel:5 | n_same/diff train 49/51 novel 46/54
=> SDLAB diff=cyclic rule=samediff mode=learn seed=14 trialseed=600 train_accL=100.0 train_accR=54.9 train_lbal=77.5 novel_accL=76.1 novel_accR=48.1 novel_lbal=62.1

=== 평가 (탐색 없음, 학습 없음, 무작위 순서 100시행) : 정답률 100.0% | 동점 0회 ===
   자극 A: 57/57 (100.0%)
   자극 B: 43/43 (100.0%)

=== 학습 후 자극별 출력 (선택 이전의 원 신호) ===
  자극 A → 정답 L | out_L=  44  out_R=  27  차이   +17 | KC 112개
  자극 B → 정답 R | out_L=  38  out_R=  40  차이    -2 | KC 104개

=== 가중치 구조 (A전용 KC 103개, B전용 KC 95개) ===
  A전용 KC → out_L 평균 0.5301 | out_R 평균 0.5288 | 차이 +0.0013 (정답은 out_L) **정답쪽 우세**
  B전용 KC → out_L 평균 0.5418 | out_R 평균 0.5312 | 차이 +0.0106 (정답은 out_R) **반대**

=== 가중치 변화 ===
  kc_out_l: n=7975 |Δ|평균 0.04423 변화율  57.1% | 평균 0.500→0.538 | std 0.0000→0.0580
  kc_out_r: n=8075 |Δ|평균 0.03551 변화율  56.5% | 평균 0.500→0.531 | std 0.0000→0.0474

=== 요약 (mode=learn seed=14) ===
  첫 구간 50.0% → 마지막 구간 54.5% | 변화 +4.5%p | 보상률 52.2%
=> MINCIRC mode=learn seed=14 first=50.0 last=54.5 delta=+4.5 reward=52.2 **eval=100.0** tie=0 trialseed=600
