[관계] 항목 8개(훈련 4, 새 4), 반쪽 50 중 활성 15, 항목 간 겹침 2~8(평균 4.6), 새↔훈련 겹침 2~8, 패턴 64개(S 8, D 56)
make: Entering directory '/root/e130_main_run/minimal_circuit_CODE'
make: Nothing to be done for 'all'.
make: Leaving directory '/root/e130_main_run/minimal_circuit_CODE'
[KC발달] env=indep rounds=1000 exposures=200 theta=0.15 items=20 | 일치형 같은 위치 14/400 | 불일치형 같은 위치 14/400 | (호스트 계산 0.035/0.035)
  시행    1~ 400: 정답률  48.0%
  시행  401~ 800: 정답률  57.5%
=> SDGEN mode=learn seed=14 trialseed=601 train_same=69.4 train_diff=100.0 train_bal=84.7 novel_same=47.1 novel_diff=85.7 novel_bal=66.4 | ties train:0 novel:3 | n_same/diff train 49/51 novel 51/49
=> SDLAB diff=cyclic rule=samediff mode=learn seed=14 trialseed=601 train_accL=69.4 train_accR=100.0 train_lbal=84.7 novel_accL=47.1 novel_accR=85.7 novel_lbal=66.4

=== 평가 (탐색 없음, 학습 없음, 무작위 순서 100시행) : 정답률 100.0% | 동점 0회 ===
   자극 A: 57/57 (100.0%)
   자극 B: 43/43 (100.0%)

=== 학습 후 자극별 출력 (선택 이전의 원 신호) ===
  자극 A → 정답 L | out_L=  43  out_R=  29  차이   +14 | KC 112개
  자극 B → 정답 R | out_L=  35  out_R=  40  차이    -5 | KC 104개

=== 가중치 구조 (A전용 KC 103개, B전용 KC 95개) ===
  A전용 KC → out_L 평균 0.5229 | out_R 평균 0.5428 | 차이 -0.0199 (정답은 out_L) **반대**
  B전용 KC → out_L 평균 0.5329 | out_R 평균 0.5408 | 차이 -0.0078 (정답은 out_R) **정답쪽 우세**

=== 가중치 변화 ===
  kc_out_l: n=7975 |Δ|평균 0.03752 변화율  57.1% | 평균 0.500→0.532 | std 0.0000→0.0507
  kc_out_r: n=8075 |Δ|평균 0.04392 변화율  56.5% | 평균 0.500→0.538 | std 0.0000→0.0572

=== 요약 (mode=learn seed=14) ===
  첫 구간 48.0% → 마지막 구간 57.5% | 변화 +9.5%p | 보상률 52.8%
=> MINCIRC mode=learn seed=14 first=48.0 last=57.5 delta=+9.5 reward=52.8 **eval=100.0** tie=0 trialseed=601
