[관계] 항목 8개(훈련 4, 새 4), 반쪽 50 중 활성 15, 항목 간 겹침 2~7(평균 4.3), 새↔훈련 겹침 2~7, 패턴 64개(S 8, D 56)
make: Entering directory '/root/e130_main_run/minimal_circuit_CODE'
make: Nothing to be done for 'all'.
make: Leaving directory '/root/e130_main_run/minimal_circuit_CODE'
[KC발달] env=indep rounds=1000 exposures=200 theta=0.15 items=20 | 일치형 같은 위치 6/400 | 불일치형 같은 위치 11/400 | (호스트 계산 0.015/0.028)
  시행    1~ 400: 정답률  39.0%
  시행  401~ 800: 정답률  53.0%
=> SDGEN mode=learn seed=10 trialseed=601 train_same=100.0 train_diff=54.0 train_bal=77.0 novel_same=100.0 novel_diff=32.0 novel_bal=66.0 | ties train:0 novel:0 | n_same/diff train 50/50 novel 50/50
=> SDLAB diff=cyclic rule=samediff mode=learn seed=10 trialseed=601 train_accL=100.0 train_accR=54.0 train_lbal=77.0 novel_accL=100.0 novel_accR=32.0 novel_lbal=66.0

=== 평가 (탐색 없음, 학습 없음, 무작위 순서 100시행) : 정답률 44.0% | 동점 0회 ===
   자극 A: 44/44 (100.0%)
   자극 B: 0/56 (0.0%)

=== 학습 후 자극별 출력 (선택 이전의 원 신호) ===
  자극 A → 정답 L | out_L=  18  out_R=  12  차이    +6 | KC 147개
  자극 B → 정답 R | out_L=  49  out_R=  27  차이   +22 | KC 129개

=== 가중치 구조 (A전용 KC 131개, B전용 KC 113개) ===
  A전용 KC → out_L 평균 0.5436 | out_R 평균 0.5113 | 차이 +0.0323 (정답은 out_L) **정답쪽 우세**
  B전용 KC → out_L 평균 0.5339 | out_R 평균 0.5220 | 차이 +0.0119 (정답은 out_R) **반대**

=== 가중치 변화 ===
  kc_out_l: n=7952 |Δ|평균 0.04412 변화율  62.3% | 평균 0.500→0.535 | std 0.0000→0.0547
  kc_out_r: n=7999 |Δ|평균 0.02518 변화율  62.3% | 평균 0.500→0.517 | std 0.0000→0.0352

=== 요약 (mode=learn seed=10) ===
  첫 구간 39.0% → 마지막 구간 53.0% | 변화 +14.0%p | 보상률 46.0%
=> MINCIRC mode=learn seed=10 first=39.0 last=53.0 delta=+14.0 reward=46.0 **eval=44.0** tie=0 trialseed=601
