make: Entering directory '/root/minc_run/minimal_circuit_CODE'
make: Nothing to be done for 'all'.
make: Leaving directory '/root/minc_run/minimal_circuit_CODE'
  시행    1~ 400: 정답률  49.2%
  시행  401~ 800: 정답률  45.2%

=== 평가 (탐색 없음, 학습 없음, 무작위 순서 100시행) : 정답률 52.0% | 동점 0회 ===
   (reversal) 최종 규칙 기준 52.0% | 원래 규칙 기준 48.0%
   자극 A: 52/52 (100.0%)
   자극 B: 0/48 (0.0%)

=== 학습 후 자극별 출력 (선택 이전의 원 신호) ===
  자극 A → 정답 L | out_L=  13  out_R=  35  차이   -22 | KC 98개
  자극 B → 정답 R | out_L=  14  out_R=  39  차이   -25 | KC 107개

=== 가중치 구조 (A전용 KC 73개, B전용 KC 82개) ===
  A전용 KC → out_L 평균 0.6296 | out_R 평균 0.7600 | 차이 -0.1303 (정답은 out_L) **반대**
  B전용 KC → out_L 평균 0.5948 | out_R 평균 0.7804 | 차이 -0.1856 (정답은 out_R) **정답쪽 우세**
[추적] 800시행 저장 → /mnt/c/Users/JungHyun/Desktop/brain/BrainSimulation-rebuild/research/experiments/traces/E103/T20_w7_t301.npz

=== 가중치 변화 ===
  kc_out_l: n=8056 |Δ|평균 0.02835 변화율  22.4% | 평균 0.500→0.528 | std 0.0000→0.0564
  kc_out_r: n=8090 |Δ|평균 0.06953 변화율  22.8% | 평균 0.500→0.570 | std 0.0000→0.1348

=== 요약 (mode=reversal seed=7) ===
  첫 구간 49.2% → 마지막 구간 45.2% | 변화 -4.0%p | 보상률 47.2%
=> MINCIRC mode=reversal seed=7 first=49.2 last=45.2 delta=-4.0 reward=47.2 **eval=52.0** tie=0 trialseed=301
