make: Entering directory '/root/minc_run/minimal_circuit_CODE'
make: Nothing to be done for 'all'.
make: Leaving directory '/root/minc_run/minimal_circuit_CODE'
  시행    1~ 400: 정답률  60.5%
  시행  401~ 800: 정답률  29.2%

=== 평가 (탐색 없음, 학습 없음, 무작위 순서 100시행) : 정답률 0.0% | 동점 0회 ===
   (reversal) 최종 규칙 기준 0.0% | 원래 규칙 기준 100.0%
   자극 A: 0/57 (0.0%)
   자극 B: 0/43 (0.0%)

=== 학습 후 자극별 출력 (선택 이전의 원 신호) ===
  자극 A → 정답 L | out_L=  72  out_R=   2  차이   +70 | KC 88개
  자극 B → 정답 R | out_L=   6  out_R=  21  차이   -15 | KC 85개

=== 가중치 구조 (A전용 KC 71개, B전용 KC 68개) ===
  A전용 KC → out_L 평균 0.8112 | out_R 평균 0.5661 | 차이 +0.2452 (정답은 out_L) **정답쪽 우세**
  B전용 KC → out_L 평균 0.6105 | out_R 평균 0.6984 | 차이 -0.0879 (정답은 out_R) **정답쪽 우세**
[추적] 800시행 저장 → /mnt/c/Users/JungHyun/Desktop/brain/BrainSimulation-rebuild/research/experiments/traces/E103/T20_w5_t302.npz

=== 가중치 변화 ===
  kc_out_l: n=7872 |Δ|평균 0.04663 변화율  19.9% | 평균 0.500→0.547 | std 0.0000→0.1064
  kc_out_r: n=7840 |Δ|평균 0.02866 변화율  19.4% | 평균 0.500→0.529 | std 0.0000→0.0675

=== 요약 (mode=reversal seed=5) ===
  첫 구간 60.5% → 마지막 구간 29.2% | 변화 -31.2%p | 보상률 44.9%
=> MINCIRC mode=reversal seed=5 first=60.5 last=29.2 delta=-31.2 reward=44.9 **eval=0.0** tie=0 trialseed=302
