make: Entering directory '/root/minc_run/minimal_circuit_CODE'
make: Nothing to be done for 'all'.
make: Leaving directory '/root/minc_run/minimal_circuit_CODE'
  시행    1~ 400: 정답률  60.5%
  시행  401~ 800: 정답률  29.5%

=== 평가 (탐색 없음, 학습 없음, 무작위 순서 100시행) : 정답률 24.0% | 동점 44회 ===
   (reversal) 최종 규칙 기준 24.0% | 원래 규칙 기준 76.0%
   자극 A: 24/44 (54.5%)
   자극 B: 0/56 (0.0%)

=== 학습 후 자극별 출력 (선택 이전의 원 신호) ===
  자극 A → 정답 L | out_L=  19  out_R=  19  차이    +0 | KC 90개
  자극 B → 정답 R | out_L=   7  out_R=  31  차이   -24 | KC 97개

=== 가중치 구조 (A전용 KC 78개, B전용 KC 85개) ===
  A전용 KC → out_L 평균 0.5822 | out_R 평균 0.5499 | 차이 +0.0323 (정답은 out_L) **정답쪽 우세**
  B전용 KC → out_L 평균 0.5349 | out_R 평균 0.5996 | 차이 -0.0647 (정답은 out_R) **정답쪽 우세**
[추적] 800시행 저장 → /mnt/c/Users/JungHyun/Desktop/brain/BrainSimulation-rebuild/research/experiments/traces/E103/T2_w6_t303.npz

=== 가중치 변화 ===
  kc_out_l: n=8013 |Δ|평균 0.01313 변화율  21.3% | 평균 0.500→0.513 | std 0.0000→0.0281
  kc_out_r: n=7950 |Δ|평균 0.01765 변화율  21.8% | 평균 0.500→0.518 | std 0.0000→0.0360

=== 요약 (mode=reversal seed=6) ===
  첫 구간 60.5% → 마지막 구간 29.5% | 변화 -31.0%p | 보상률 45.0%
=> MINCIRC mode=reversal seed=6 first=60.5 last=29.5 delta=-31.0 reward=45.0 **eval=24.0** tie=44 trialseed=303
