make: Entering directory '/root/minc_run/minimal_circuit_CODE'
make: Nothing to be done for 'all'.
make: Leaving directory '/root/minc_run/minimal_circuit_CODE'
  시행    1~ 400: 정답률  61.5%
  시행  401~ 800: 정답률  35.8%

=== 평가 (탐색 없음, 학습 없음, 무작위 순서 100시행) : 정답률 52.0% | 동점 0회 ===
   (reversal) 최종 규칙 기준 52.0% | 원래 규칙 기준 48.0%
   자극 A: 52/52 (100.0%)
   자극 B: 0/48 (0.0%)

=== 학습 후 자극별 출력 (선택 이전의 원 신호) ===
  자극 A → 정답 L | out_L=   5  out_R=  22  차이   -17 | KC 98개
  자극 B → 정답 R | out_L=   7  out_R=  17  차이   -10 | KC 107개

=== 가중치 구조 (A전용 KC 73개, B전용 KC 82개) ===
  A전용 KC → out_L 평균 0.5764 | out_R 평균 0.5729 | 차이 +0.0035 (정답은 out_L) **정답쪽 우세**
  B전용 KC → out_L 평균 0.5614 | out_R 평균 0.6238 | 차이 -0.0624 (정답은 out_R) **정답쪽 우세**
[추적] 800시행 저장 → /mnt/c/Users/JungHyun/Desktop/brain/BrainSimulation-rebuild/research/experiments/traces/E103/T2_w7_t302.npz

=== 가중치 변화 ===
  kc_out_l: n=8056 |Δ|평균 0.01722 변화율  22.4% | 평균 0.500→0.517 | std 0.0000→0.0338
  kc_out_r: n=8090 |Δ|평균 0.02492 변화율  22.8% | 평균 0.500→0.525 | std 0.0000→0.0490

=== 요약 (mode=reversal seed=7) ===
  첫 구간 61.5% → 마지막 구간 35.8% | 변화 -25.8%p | 보상률 48.6%
=> MINCIRC mode=reversal seed=7 first=61.5 last=35.8 delta=-25.8 reward=48.6 **eval=52.0** tie=0 trialseed=302
