make: Entering directory '/root/minc_run/minimal_circuit_CODE'
make: Nothing to be done for 'all'.
make: Leaving directory '/root/minc_run/minimal_circuit_CODE'
  시행    1~ 400: 정답률  54.8%
  시행  401~ 800: 정답률  44.5%

=== 평가 (탐색 없음, 학습 없음, 무작위 순서 100시행) : 정답률 52.0% | 동점 0회 ===
   (reversal) 최종 규칙 기준 52.0% | 원래 규칙 기준 48.0%
   자극 A: 52/52 (100.0%)
   자극 B: 0/48 (0.0%)

=== 학습 후 자극별 출력 (선택 이전의 원 신호) ===
  자극 A → 정답 L | out_L=   3  out_R=  48  차이   -45 | KC 98개
  자극 B → 정답 R | out_L=   5  out_R=  34  차이   -29 | KC 107개

=== 가중치 구조 (A전용 KC 73개, B전용 KC 82개) ===
  A전용 KC → out_L 평균 0.5594 | out_R 평균 0.6267 | 차이 -0.0673 (정답은 out_L) **반대**
  B전용 KC → out_L 평균 0.5479 | out_R 평균 0.6309 | 차이 -0.0830 (정답은 out_R) **정답쪽 우세**
[추적] 800시행 저장 → /mnt/c/Users/JungHyun/Desktop/brain/BrainSimulation-rebuild/research/experiments/traces/E103/T2_w7_t303.npz

=== 가중치 변화 ===
  kc_out_l: n=8056 |Δ|평균 0.01344 변화율  22.4% | 평균 0.500→0.513 | std 0.0000→0.0264
  kc_out_r: n=8090 |Δ|평균 0.03250 변화율  22.8% | 평균 0.500→0.532 | std 0.0000→0.0621

=== 요약 (mode=reversal seed=7) ===
  첫 구간 54.8% → 마지막 구간 44.5% | 변화 -10.2%p | 보상률 49.6%
=> MINCIRC mode=reversal seed=7 first=54.8 last=44.5 delta=-10.2 reward=49.6 **eval=52.0** tie=0 trialseed=303
