make: Entering directory '/root/minc_run/minimal_circuit_CODE'
make: Nothing to be done for 'all'.
make: Leaving directory '/root/minc_run/minimal_circuit_CODE'
  시행    1~ 400: 정답률  59.2%
  시행  401~ 800: 정답률  68.8%

=== 평가 (탐색 없음, 학습 없음, 무작위 순서 100시행) : 정답률 100.0% | 동점 0회 ===
   자극 A: 52/52 (100.0%)
   자극 B: 48/48 (100.0%)

=== 학습 후 자극별 출력 (선택 이전의 원 신호) ===
  자극 A → 정답 L | out_L=  46  out_R=  12  차이   +34 | KC 98개
  자극 B → 정답 R | out_L=  17  out_R=  48  차이   -31 | KC 107개

=== 가중치 구조 (A전용 KC 73개, B전용 KC 82개) ===
  A전용 KC → out_L 평균 1.0247 | out_R 평균 0.4965 | 차이 +0.5283 (정답은 out_L) **정답쪽 우세**
  B전용 KC → out_L 평균 0.4984 | out_R 평균 1.0603 | 차이 -0.5620 (정답은 out_R) **정답쪽 우세**

=== 가중치 변화 ===
  kc_out_l: n=8056 |Δ|평균 0.06443 변화율  22.4% | 평균 0.500→0.564 | std 0.0000→0.1715
  kc_out_r: n=8090 |Δ|평균 0.07324 변화율  22.8% | 평균 0.500→0.572 | std 0.0000→0.1880

=== 요약 (mode=learn seed=7) ===
  첫 구간 59.2% → 마지막 구간 68.8% | 변화 +9.5%p | 보상률 64.0%
=> MINCIRC mode=learn seed=7 first=59.2 last=68.8 delta=+9.5 reward=64.0 **eval=100.0** tie=0 trialseed=304
