make: Entering directory '/root/minc_run/minimal_circuit_CODE'
make: Nothing to be done for 'all'.
make: Leaving directory '/root/minc_run/minimal_circuit_CODE'
  시행    1~ 400: 정답률  50.7%
  시행  401~ 800: 정답률  75.5%

=== 평가 (탐색 없음, 학습 없음, 무작위 순서 100시행) : 정답률 100.0% | 동점 0회 ===
   자극 A: 55/55 (100.0%)
   자극 B: 45/45 (100.0%)

=== 학습 후 자극별 출력 (선택 이전의 원 신호) ===
  자극 A → 정답 L | out_L=  67  out_R=   5  차이   +62 | KC 97개
  자극 B → 정답 R | out_L=   3  out_R=  97  차이   -94 | KC 94개

=== 가중치 구조 (A전용 KC 77개, B전용 KC 74개) ===
  A전용 KC → out_L 평균 1.0055 | out_R 평균 0.4963 | 차이 +0.5092 (정답은 out_L) **정답쪽 우세**
  B전용 KC → out_L 평균 0.4966 | out_R 평균 1.0829 | 차이 -0.5863 (정답은 out_R) **정답쪽 우세**

=== 가중치 변화 ===
  kc_out_l: n=7902 |Δ|평균 0.06293 변화율  21.5% | 평균 0.500→0.562 | std 0.0000→0.1664
  kc_out_r: n=8086 |Δ|평균 0.06992 변화율  22.1% | 평균 0.500→0.569 | std 0.0000→0.1889

=== 요약 (mode=learn seed=8) ===
  첫 구간 50.7% → 마지막 구간 75.5% | 변화 +24.8%p | 보상률 63.1%
=> MINCIRC mode=learn seed=8 first=50.7 last=75.5 delta=+24.8 reward=63.1 **eval=100.0** tie=0 trialseed=307
