make: Entering directory '/root/minc_run/minimal_circuit_CODE'
make: Nothing to be done for 'all'.
make: Leaving directory '/root/minc_run/minimal_circuit_CODE'
  시행    1~ 400: 정답률  60.5%
  시행  401~ 800: 정답률  71.0%

=== 평가 (탐색 없음, 학습 없음, 무작위 순서 100시행) : 정답률 100.0% | 동점 0회 ===
   자극 A: 55/55 (100.0%)
   자극 B: 45/45 (100.0%)

=== 학습 후 자극별 출력 (선택 이전의 원 신호) ===
  자극 A → 정답 L | out_L=  71  out_R=   5  차이   +66 | KC 97개
  자극 B → 정답 R | out_L=   3  out_R=  98  차이   -95 | KC 94개

=== 가중치 구조 (A전용 KC 77개, B전용 KC 74개) ===
  A전용 KC → out_L 평균 1.0487 | out_R 평균 0.4971 | 차이 +0.5516 (정답은 out_L) **정답쪽 우세**
  B전용 KC → out_L 평균 0.4977 | out_R 평균 1.0862 | 차이 -0.5885 (정답은 out_R) **정답쪽 우세**

=== 가중치 변화 ===
  kc_out_l: n=7902 |Δ|평균 0.06821 변화율  21.5% | 평균 0.500→0.568 | std 0.0000→0.1807
  kc_out_r: n=8086 |Δ|평균 0.07026 변화율  22.1% | 평균 0.500→0.570 | std 0.0000→0.1900

=== 요약 (mode=learn seed=8) ===
  첫 구간 60.5% → 마지막 구간 71.0% | 변화 +10.5%p | 보상률 65.8%
=> MINCIRC mode=learn seed=8 first=60.5 last=71.0 delta=+10.5 reward=65.8 **eval=100.0** tie=0 trialseed=302
