make: Entering directory '/root/minc_run/minimal_circuit_CODE'
make: Nothing to be done for 'all'.
make: Leaving directory '/root/minc_run/minimal_circuit_CODE'
  시행    1~ 400: 정답률  48.8%
  시행  401~ 800: 정답률  70.5%

=== 평가 (탐색 없음, 학습 없음, 무작위 순서 100시행) : 정답률 100.0% | 동점 0회 ===
   자극 A: 52/52 (100.0%)
   자극 B: 48/48 (100.0%)

=== 학습 후 자극별 출력 (선택 이전의 원 신호) ===
  자극 A → 정답 L | out_L=  40  out_R=  12  차이   +28 | KC 98개
  자극 B → 정답 R | out_L=  13  out_R=  50  차이   -37 | KC 107개

=== 가중치 구조 (A전용 KC 73개, B전용 KC 82개) ===
  A전용 KC → out_L 평균 0.9567 | out_R 평균 0.4951 | 차이 +0.4616 (정답은 out_L) **정답쪽 우세**
  B전용 KC → out_L 평균 0.4973 | out_R 평균 1.0574 | 차이 -0.5601 (정답은 out_R) **정답쪽 우세**

=== 가중치 변화 ===
  kc_out_l: n=8056 |Δ|평균 0.05606 변화율  22.4% | 평균 0.500→0.555 | std 0.0000→0.1492
  kc_out_r: n=8090 |Δ|평균 0.07284 변화율  22.8% | 평균 0.500→0.572 | std 0.0000→0.1870

=== 요약 (mode=learn seed=7) ===
  첫 구간 48.8% → 마지막 구간 70.5% | 변화 +21.8%p | 보상률 59.6%
=> MINCIRC mode=learn seed=7 first=48.8 last=70.5 delta=+21.8 reward=59.6 **eval=100.0** tie=0 trialseed=303
