make: Entering directory '/root/minc_run/minimal_circuit_CODE'
make: Nothing to be done for 'all'.
make: Leaving directory '/root/minc_run/minimal_circuit_CODE'
  시행    1~ 400: 정답률  52.2%
  시행  401~ 800: 정답률  68.8%

=== 평가 (탐색 없음, 학습 없음, 무작위 순서 100시행) : 정답률 100.0% | 동점 0회 ===
   자극 A: 57/57 (100.0%)
   자극 B: 43/43 (100.0%)

=== 학습 후 자극별 출력 (선택 이전의 원 신호) ===
  자극 A → 정답 L | out_L= 110  out_R=   1  차이  +109 | KC 88개
  자극 B → 정답 R | out_L=   2  out_R=  71  차이   -69 | KC 85개

=== 가중치 구조 (A전용 KC 71개, B전용 KC 68개) ===
  A전용 KC → out_L 평균 1.1485 | out_R 평균 0.4983 | 차이 +0.6502 (정답은 out_L) **정답쪽 우세**
  B전용 KC → out_L 평균 0.4930 | out_R 평균 0.8953 | 차이 -0.4023 (정답은 out_R) **정답쪽 우세**

=== 가중치 변화 ===
  kc_out_l: n=7872 |Δ|평균 0.07306 변화율  19.9% | 평균 0.500→0.572 | std 0.0000→0.2042
  kc_out_r: n=7840 |Δ|평균 0.04275 변화율  19.4% | 평균 0.500→0.542 | std 0.0000→0.1226

=== 요약 (mode=learn seed=5) ===
  첫 구간 52.2% → 마지막 구간 68.8% | 변화 +16.5%p | 보상률 60.5%
=> MINCIRC mode=learn seed=5 first=52.2 last=68.8 delta=+16.5 reward=60.5 **eval=100.0** tie=0 trialseed=304
