make: Entering directory '/root/minc_run/minimal_circuit_CODE'
make: Nothing to be done for 'all'.
make: Leaving directory '/root/minc_run/minimal_circuit_CODE'
  시행    1~ 400: 정답률  57.8%
  시행  401~ 800: 정답률  69.8%

=== 평가 (탐색 없음, 학습 없음, 무작위 순서 100시행) : 정답률 100.0% | 동점 0회 ===
   자극 A: 57/57 (100.0%)
   자극 B: 43/43 (100.0%)

=== 학습 후 자극별 출력 (선택 이전의 원 신호) ===
  자극 A → 정답 L | out_L= 111  out_R=   1  차이  +110 | KC 88개
  자극 B → 정답 R | out_L=   2  out_R=  72  차이   -70 | KC 85개

=== 가중치 구조 (A전용 KC 71개, B전용 KC 68개) ===
  A전용 KC → out_L 평균 1.1609 | out_R 평균 0.4984 | 차이 +0.6625 (정답은 out_L) **정답쪽 우세**
  B전용 KC → out_L 평균 0.4946 | out_R 평균 0.9393 | 차이 -0.4446 (정답은 out_R) **정답쪽 우세**

=== 가중치 변화 ===
  kc_out_l: n=7872 |Δ|평균 0.07439 변화율  19.9% | 평균 0.500→0.573 | std 0.0000→0.2081
  kc_out_r: n=7840 |Δ|평균 0.04747 변화율  19.4% | 평균 0.500→0.547 | std 0.0000→0.1362

=== 요약 (mode=learn seed=5) ===
  첫 구간 57.8% → 마지막 구간 69.8% | 변화 +12.0%p | 보상률 63.7%
=> MINCIRC mode=learn seed=5 first=57.8 last=69.8 delta=+12.0 reward=63.7 **eval=100.0** tie=0 trialseed=301
