make: Entering directory '/root/minc_run/minimal_circuit_CODE'
make: Nothing to be done for 'all'.
make: Leaving directory '/root/minc_run/minimal_circuit_CODE'
  시행    1~ 400: 정답률  51.0%
  시행  401~ 800: 정답률  70.8%

=== 평가 (탐색 없음, 학습 없음, 무작위 순서 100시행) : 정답률 100.0% | 동점 0회 ===
   자극 A: 55/55 (100.0%)
   자극 B: 45/45 (100.0%)

=== 학습 후 자극별 출력 (선택 이전의 원 신호) ===
  자극 A → 정답 L | out_L= 106  out_R=   2  차이  +104 | KC 97개
  자극 B → 정답 R | out_L=   3  out_R=  93  차이   -90 | KC 94개

=== 가중치 구조 (A전용 KC 77개, B전용 KC 74개) ===
  A전용 KC → out_L 평균 1.0411 | out_R 평균 0.4969 | 차이 +0.5442 (정답은 out_L) **정답쪽 우세**
  B전용 KC → out_L 평균 0.4952 | out_R 평균 1.0120 | 차이 -0.5168 (정답은 out_R) **정답쪽 우세**

=== 가중치 변화 ===
  kc_out_l: n=7902 |Δ|평균 0.06738 변화율  21.5% | 평균 0.500→0.566 | std 0.0000→0.1781
  kc_out_r: n=8086 |Δ|평균 0.06141 변화율  22.1% | 평균 0.500→0.561 | std 0.0000→0.1660

=== 요약 (mode=learn seed=8) ===
  첫 구간 51.0% → 마지막 구간 70.8% | 변화 +19.8%p | 보상률 60.9%
=> MINCIRC mode=learn seed=8 first=51.0 last=70.8 delta=+19.8 reward=60.9 **eval=100.0** tie=0 trialseed=303
