make: Entering directory '/root/minc_run/minimal_circuit_CODE'
make: Nothing to be done for 'all'.
make: Leaving directory '/root/minc_run/minimal_circuit_CODE'
  시행    1~ 400: 정답률  57.2%
  시행  401~ 800: 정답률  70.5%

=== 평가 (탐색 없음, 학습 없음, 무작위 순서 100시행) : 정답률 100.0% | 동점 0회 ===
   자극 A: 55/55 (100.0%)
   자극 B: 45/45 (100.0%)

=== 학습 후 자극별 출력 (선택 이전의 원 신호) ===
  자극 A → 정답 L | out_L=  68  out_R=   5  차이   +63 | KC 97개
  자극 B → 정답 R | out_L=   3  out_R=  97  차이   -94 | KC 94개

=== 가중치 구조 (A전용 KC 77개, B전용 KC 74개) ===
  A전용 KC → out_L 평균 1.0241 | out_R 평균 0.4964 | 차이 +0.5277 (정답은 out_L) **정답쪽 우세**
  B전용 KC → out_L 평균 0.4974 | out_R 평균 1.0783 | 차이 -0.5810 (정답은 out_R) **정답쪽 우세**

=== 가중치 변화 ===
  kc_out_l: n=7902 |Δ|평균 0.06518 변화율  21.5% | 평균 0.500→0.565 | std 0.0000→0.1726
  kc_out_r: n=8086 |Δ|평균 0.06936 변화율  22.1% | 평균 0.500→0.569 | std 0.0000→0.1874

=== 요약 (mode=learn seed=8) ===
  첫 구간 57.2% → 마지막 구간 70.5% | 변화 +13.2%p | 보상률 63.9%
=> MINCIRC mode=learn seed=8 first=57.2 last=70.5 delta=+13.2 reward=63.9 **eval=100.0** tie=0 trialseed=306
