make: Entering directory '/root/minc_run/minimal_circuit_CODE'
make: Nothing to be done for 'all'.
make: Leaving directory '/root/minc_run/minimal_circuit_CODE'
  시행    1~ 400: 정답률  57.5%
  시행  401~ 800: 정답률  66.8%

=== 평가 (탐색 없음, 학습 없음, 무작위 순서 100시행) : 정답률 100.0% | 동점 0회 ===
   자극 A: 55/55 (100.0%)
   자극 B: 45/45 (100.0%)

=== 학습 후 자극별 출력 (선택 이전의 원 신호) ===
  자극 A → 정답 L | out_L=  66  out_R=   5  차이   +61 | KC 97개
  자극 B → 정답 R | out_L=   3  out_R=  98  차이   -95 | KC 94개

=== 가중치 구조 (A전용 KC 77개, B전용 KC 74개) ===
  A전용 KC → out_L 평균 0.9881 | out_R 평균 0.4968 | 차이 +0.4913 (정답은 out_L) **정답쪽 우세**
  B전용 KC → out_L 평균 0.4964 | out_R 평균 1.0867 | 차이 -0.5903 (정답은 out_R) **정답쪽 우세**

=== 가중치 변화 ===
  kc_out_l: n=7902 |Δ|평균 0.06077 변화율  21.5% | 평균 0.500→0.560 | std 0.0000→0.1607
  kc_out_r: n=8086 |Δ|평균 0.07031 변화율  22.1% | 평균 0.500→0.570 | std 0.0000→0.1902

=== 요약 (mode=learn seed=8) ===
  첫 구간 57.5% → 마지막 구간 66.8% | 변화 +9.3%p | 보상률 62.1%
=> MINCIRC mode=learn seed=8 first=57.5 last=66.8 delta=+9.3 reward=62.1 **eval=100.0** tie=0 trialseed=300
