make: Entering directory '/root/minc_run/minimal_circuit_CODE'
make: Nothing to be done for 'all'.
make: Leaving directory '/root/minc_run/minimal_circuit_CODE'
  시행    1~ 400: 정답률  61.0%
  시행  401~ 800: 정답률  68.8%

=== 평가 (탐색 없음, 학습 없음, 무작위 순서 100시행) : 정답률 100.0% | 동점 0회 ===
   자극 A: 55/55 (100.0%)
   자극 B: 45/45 (100.0%)

=== 학습 후 자극별 출력 (선택 이전의 원 신호) ===
  자극 A → 정답 L | out_L= 117  out_R=   2  차이  +115 | KC 97개
  자극 B → 정답 R | out_L=   4  out_R=  79  차이   -75 | KC 94개

=== 가중치 구조 (A전용 KC 77개, B전용 KC 74개) ===
  A전용 KC → out_L 평균 1.1251 | out_R 평균 0.4988 | 차이 +0.6263 (정답은 out_L) **정답쪽 우세**
  B전용 KC → out_L 평균 0.4953 | out_R 평균 0.9986 | 차이 -0.5033 (정답은 out_R) **정답쪽 우세**

=== 가중치 변화 ===
  kc_out_l: n=7902 |Δ|평균 0.07778 변화율  21.5% | 평균 0.500→0.577 | std 0.0000→0.2057
  kc_out_r: n=8086 |Δ|평균 0.05971 변화율  22.1% | 평균 0.500→0.559 | std 0.0000→0.1617

=== 요약 (mode=learn seed=8) ===
  첫 구간 61.0% → 마지막 구간 68.8% | 변화 +7.8%p | 보상률 64.9%
=> MINCIRC mode=learn seed=8 first=61.0 last=68.8 delta=+7.8 reward=64.9 **eval=100.0** tie=0 trialseed=304
