make: Entering directory '/root/minc_run/minimal_circuit_CODE'
make: Nothing to be done for 'all'.
make: Leaving directory '/root/minc_run/minimal_circuit_CODE'
  시행    1~ 400: 정답률  60.8%
  시행  401~ 800: 정답률  70.8%

=== 평가 (탐색 없음, 학습 없음, 무작위 순서 100시행) : 정답률 100.0% | 동점 0회 ===
   자극 A: 44/44 (100.0%)
   자극 B: 56/56 (100.0%)

=== 학습 후 자극별 출력 (선택 이전의 원 신호) ===
  자극 A → 정답 L | out_L=  91  out_R=   3  차이   +88 | KC 90개
  자극 B → 정답 R | out_L=   2  out_R= 101  차이   -99 | KC 97개

=== 가중치 구조 (A전용 KC 78개, B전용 KC 85개) ===
  A전용 KC → out_L 평균 1.1260 | out_R 평균 0.4984 | 차이 +0.6276 (정답은 out_L) **정답쪽 우세**
  B전용 KC → out_L 평균 0.4955 | out_R 평균 1.0028 | 차이 -0.5073 (정답은 out_R) **정답쪽 우세**

=== 가중치 변화 ===
  kc_out_l: n=8013 |Δ|평균 0.07008 변화율  21.3% | 평균 0.500→0.569 | std 0.0000→0.1968
  kc_out_r: n=7950 |Δ|평균 0.06307 변화율  21.8% | 평균 0.500→0.563 | std 0.0000→0.1661

=== 요약 (mode=learn seed=6) ===
  첫 구간 60.8% → 마지막 구간 70.8% | 변화 +10.0%p | 보상률 65.8%
=> MINCIRC mode=learn seed=6 first=60.8 last=70.8 delta=+10.0 reward=65.8 **eval=100.0** tie=0 trialseed=303
