make: Entering directory '/root/minc_run/minimal_circuit_CODE'
make: Nothing to be done for 'all'.
make: Leaving directory '/root/minc_run/minimal_circuit_CODE'
  시행    1~ 400: 정답률  56.2%
  시행  401~ 800: 정답률  75.5%

=== 평가 (탐색 없음, 학습 없음, 무작위 순서 100시행) : 정답률 100.0% | 동점 0회 ===
   자극 A: 57/57 (100.0%)
   자극 B: 43/43 (100.0%)

=== 학습 후 자극별 출력 (선택 이전의 원 신호) ===
  자극 A → 정답 L | out_L= 109  out_R=   1  차이  +108 | KC 88개
  자극 B → 정답 R | out_L=   2  out_R=  81  차이   -79 | KC 85개

=== 가중치 구조 (A전용 KC 71개, B전용 KC 68개) ===
  A전용 KC → out_L 평균 1.1202 | out_R 평균 0.4981 | 차이 +0.6221 (정답은 out_L) **정답쪽 우세**
  B전용 KC → out_L 평균 0.4955 | out_R 평균 1.0158 | 차이 -0.5203 (정답은 out_R) **정답쪽 우세**

=== 가중치 변화 ===
  kc_out_l: n=7872 |Δ|평균 0.06983 변화율  19.9% | 평균 0.500→0.569 | std 0.0000→0.1954
  kc_out_r: n=7840 |Δ|평균 0.05573 변화율  19.4% | 평균 0.500→0.555 | std 0.0000→0.1599

=== 요약 (mode=learn seed=5) ===
  첫 구간 56.2% → 마지막 구간 75.5% | 변화 +19.2%p | 보상률 65.9%
=> MINCIRC mode=learn seed=5 first=56.2 last=75.5 delta=+19.2 reward=65.9 **eval=100.0** tie=0 trialseed=307
