make: Entering directory '/root/minc_run/minimal_circuit_CODE'
make: Nothing to be done for 'all'.
make: Leaving directory '/root/minc_run/minimal_circuit_CODE'
  시행    1~ 400: 정답률  51.0%
  시행  401~ 800: 정답률  29.2%

=== 평가 (탐색 없음, 학습 없음, 무작위 순서 100시행) : 정답률 0.0% | 동점 0회 ===
   (reversal) 최종 규칙 기준 0.0% | 원래 규칙 기준 100.0%
   자극 A: 0/55 (0.0%)
   자극 B: 0/45 (0.0%)

=== 학습 후 자극별 출력 (선택 이전의 원 신호) ===
  자극 A → 정답 L | out_L=  26  out_R=   6  차이   +20 | KC 97개
  자극 B → 정답 R | out_L=   6  out_R=  37  차이   -31 | KC 94개

=== 가중치 구조 (A전용 KC 77개, B전용 KC 74개) ===
  A전용 KC → out_L 평균 0.6715 | out_R 평균 0.5731 | 차이 +0.0984 (정답은 out_L) **정답쪽 우세**
  B전용 KC → out_L 평균 0.5895 | out_R 평균 0.7536 | 차이 -0.1641 (정답은 out_R) **정답쪽 우세**

=== 가중치 변화 ===
  kc_out_l: n=7902 |Δ|평균 0.03176 변화율  21.5% | 평균 0.500→0.532 | std 0.0000→0.0663
  kc_out_r: n=8086 |Δ|평균 0.03941 변화율  22.1% | 평균 0.500→0.539 | std 0.0000→0.0875

=== 요약 (mode=reversal seed=8) ===
  첫 구간 51.0% → 마지막 구간 29.2% | 변화 -21.8%p | 보상률 40.1%
=> MINCIRC mode=reversal seed=8 first=51.0 last=29.2 delta=-21.8 reward=40.1 **eval=0.0** tie=0 trialseed=303
