make: Entering directory '/root/minc_run/minimal_circuit_CODE'
make: Nothing to be done for 'all'.
make: Leaving directory '/root/minc_run/minimal_circuit_CODE'
  시행    1~ 400: 정답률  54.0%
  시행  401~ 800: 정답률  30.2%

=== 평가 (탐색 없음, 학습 없음, 무작위 순서 100시행) : 정답률 0.0% | 동점 0회 ===
   (reversal) 최종 규칙 기준 0.0% | 원래 규칙 기준 100.0%
   자극 A: 0/55 (0.0%)
   자극 B: 0/45 (0.0%)

=== 학습 후 자극별 출력 (선택 이전의 원 신호) ===
  자극 A → 정답 L | out_L=  17  out_R=  11  차이    +6 | KC 97개
  자극 B → 정답 R | out_L=   4  out_R=  52  차이   -48 | KC 94개

=== 가중치 구조 (A전용 KC 77개, B전용 KC 74개) ===
  A전용 KC → out_L 평균 0.6901 | out_R 평균 0.5893 | 차이 +0.1008 (정답은 out_L) **정답쪽 우세**
  B전용 KC → out_L 평균 0.5796 | out_R 평균 0.7601 | 차이 -0.1805 (정답은 out_R) **정답쪽 우세**

=== 가중치 변화 ===
  kc_out_l: n=7902 |Δ|평균 0.03290 변화율  21.5% | 평균 0.500→0.533 | std 0.0000→0.0703
  kc_out_r: n=8086 |Δ|평균 0.04220 변화율  22.1% | 평균 0.500→0.542 | std 0.0000→0.0915

=== 요약 (mode=reversal seed=8) ===
  첫 구간 54.0% → 마지막 구간 30.2% | 변화 -23.8%p | 보상률 42.1%
=> MINCIRC mode=reversal seed=8 first=54.0 last=30.2 delta=-23.8 reward=42.1 **eval=0.0** tie=0 trialseed=301
