make: Entering directory '/root/minc_run/minimal_circuit_CODE'
make: Nothing to be done for 'all'.
make: Leaving directory '/root/minc_run/minimal_circuit_CODE'
  시행    1~ 400: 정답률  50.5%
  시행  401~ 800: 정답률  40.0%

=== 평가 (탐색 없음, 학습 없음, 무작위 순서 100시행) : 정답률 55.0% | 동점 0회 ===
   (reversal) 최종 규칙 기준 55.0% | 원래 규칙 기준 45.0%
   자극 A: 55/55 (100.0%)
   자극 B: 0/45 (0.0%)

=== 학습 후 자극별 출력 (선택 이전의 원 신호) ===
  자극 A → 정답 L | out_L=   8  out_R=  33  차이   -25 | KC 97개
  자극 B → 정답 R | out_L=   2  out_R=  79  차이   -77 | KC 94개

=== 가중치 구조 (A전용 KC 77개, B전용 KC 74개) ===
  A전용 KC → out_L 평균 0.6339 | out_R 평균 0.7192 | 차이 -0.0853 (정답은 out_L) **반대**
  B전용 KC → out_L 평균 0.5589 | out_R 평균 0.7839 | 차이 -0.2250 (정답은 out_R) **정답쪽 우세**

=== 가중치 변화 ===
  kc_out_l: n=7902 |Δ|평균 0.02353 변화율  21.5% | 평균 0.500→0.524 | std 0.0000→0.0501
  kc_out_r: n=8086 |Δ|평균 0.06122 변화율  22.1% | 평균 0.500→0.561 | std 0.0000→0.1211

=== 요약 (mode=reversal seed=8) ===
  첫 구간 50.5% → 마지막 구간 40.0% | 변화 -10.5%p | 보상률 45.2%
=> MINCIRC mode=reversal seed=8 first=50.5 last=40.0 delta=-10.5 reward=45.2 **eval=55.0** tie=0 trialseed=305
