make: Entering directory '/root/minc_run/minimal_circuit_CODE'
make: Nothing to be done for 'all'.
make: Leaving directory '/root/minc_run/minimal_circuit_CODE'
  시행    1~ 400: 정답률  59.0%
  시행  401~ 800: 정답률  31.5%

=== 평가 (탐색 없음, 학습 없음, 무작위 순서 100시행) : 정답률 0.0% | 동점 0회 ===
   (reversal) 최종 규칙 기준 0.0% | 원래 규칙 기준 100.0%
   자극 A: 0/57 (0.0%)
   자극 B: 0/43 (0.0%)

=== 학습 후 자극별 출력 (선택 이전의 원 신호) ===
  자극 A → 정답 L | out_L=  67  out_R=   2  차이   +65 | KC 88개
  자극 B → 정답 R | out_L=   3  out_R=  43  차이   -40 | KC 85개

=== 가중치 구조 (A전용 KC 71개, B전용 KC 68개) ===
  A전용 KC → out_L 평균 0.7814 | out_R 평균 0.5988 | 차이 +0.1826 (정답은 out_L) **정답쪽 우세**
  B전용 KC → out_L 평균 0.5849 | out_R 평균 0.7185 | 차이 -0.1336 (정답은 out_R) **정답쪽 우세**

=== 가중치 변화 ===
  kc_out_l: n=7872 |Δ|평균 0.04056 변화율  19.9% | 평균 0.500→0.541 | std 0.0000→0.0945
  kc_out_r: n=7840 |Δ|평균 0.03443 변화율  19.4% | 평균 0.500→0.534 | std 0.0000→0.0780

=== 요약 (mode=reversal seed=5) ===
  첫 구간 59.0% → 마지막 구간 31.5% | 변화 -27.5%p | 보상률 45.2%
=> MINCIRC mode=reversal seed=5 first=59.0 last=31.5 delta=-27.5 reward=45.2 **eval=0.0** tie=0 trialseed=305
