make: Entering directory '/root/minc_run/minimal_circuit_CODE'
make: Nothing to be done for 'all'.
make: Leaving directory '/root/minc_run/minimal_circuit_CODE'
  시행    1~ 400: 정답률  60.5%
  시행  401~ 800: 정답률  29.0%

=== 평가 (탐색 없음, 학습 없음, 무작위 순서 100시행) : 정답률 0.0% | 동점 0회 ===
   (reversal) 최종 규칙 기준 0.0% | 원래 규칙 기준 100.0%
   자극 A: 0/55 (0.0%)
   자극 B: 0/45 (0.0%)

=== 학습 후 자극별 출력 (선택 이전의 원 신호) ===
  자극 A → 정답 L | out_L=  24  out_R=   8  차이   +16 | KC 97개
  자극 B → 정답 R | out_L=   6  out_R=  39  차이   -33 | KC 94개

=== 가중치 구조 (A전용 KC 77개, B전용 KC 74개) ===
  A전용 KC → out_L 평균 0.7217 | out_R 평균 0.5743 | 차이 +0.1474 (정답은 out_L) **정답쪽 우세**
  B전용 KC → out_L 평균 0.5839 | out_R 평균 0.7839 | 차이 -0.2000 (정답은 out_R) **정답쪽 우세**

=== 가중치 변화 ===
  kc_out_l: n=7902 |Δ|평균 0.03733 변화율  21.5% | 평균 0.500→0.537 | std 0.0000→0.0807
  kc_out_r: n=8086 |Δ|평균 0.04317 변화율  22.1% | 평균 0.500→0.543 | std 0.0000→0.0971

=== 요약 (mode=reversal seed=8) ===
  첫 구간 60.5% → 마지막 구간 29.0% | 변화 -31.5%p | 보상률 44.8%
=> MINCIRC mode=reversal seed=8 first=60.5 last=29.0 delta=-31.5 reward=44.8 **eval=0.0** tie=0 trialseed=302
