make: Entering directory '/root/minc_run/minimal_circuit_CODE'
make: Nothing to be done for 'all'.
make: Leaving directory '/root/minc_run/minimal_circuit_CODE'
  시행    1~ 400: 정답률  47.8%
  시행  401~ 800: 정답률  53.0%

=== 평가 (탐색 없음, 학습 없음, 무작위 순서 100시행) : 정답률 52.0% | 동점 0회 ===
   (reversal) 최종 규칙 기준 52.0% | 원래 규칙 기준 48.0%
   자극 A: 52/52 (100.0%)
   자극 B: 0/48 (0.0%)

=== 학습 후 자극별 출력 (선택 이전의 원 신호) ===
  자극 A → 정답 L | out_L=   4  out_R=  70  차이   -66 | KC 98개
  자극 B → 정답 R | out_L=   9  out_R=  40  차이   -31 | KC 107개

=== 가중치 구조 (A전용 KC 73개, B전용 KC 82개) ===
  A전용 KC → out_L 평균 0.5809 | out_R 평균 0.8402 | 차이 -0.2593 (정답은 out_L) **반대**
  B전용 KC → out_L 평균 0.5747 | out_R 평균 0.8188 | 차이 -0.2441 (정답은 out_R) **정답쪽 우세**

=== 가중치 변화 ===
  kc_out_l: n=8056 |Δ|평균 0.01976 변화율  22.4% | 평균 0.500→0.520 | std 0.0000→0.0390
  kc_out_r: n=8090 |Δ|평균 0.08472 변화율  22.8% | 평균 0.500→0.585 | std 0.0000→0.1642

=== 요약 (mode=reversal seed=7) ===
  첫 구간 47.8% → 마지막 구간 53.0% | 변화 +5.2%p | 보상률 50.4%
=> MINCIRC mode=reversal seed=7 first=47.8 last=53.0 delta=+5.2 reward=50.4 **eval=52.0** tie=0 trialseed=305
