make: Entering directory '/root/minc_run/minimal_circuit_CODE'
make: Nothing to be done for 'all'.
make: Leaving directory '/root/minc_run/minimal_circuit_CODE'
  시행    1~ 400: 정답률  57.2%
  시행  401~ 800: 정답률  29.5%

=== 평가 (탐색 없음, 학습 없음, 무작위 순서 100시행) : 정답률 0.0% | 동점 0회 ===
   (reversal) 최종 규칙 기준 0.0% | 원래 규칙 기준 100.0%
   자극 A: 0/55 (0.0%)
   자극 B: 0/45 (0.0%)

=== 학습 후 자극별 출력 (선택 이전의 원 신호) ===
  자극 A → 정답 L | out_L=  18  out_R=  12  차이    +6 | KC 97개
  자극 B → 정답 R | out_L=   4  out_R=  54  차이   -50 | KC 94개

=== 가중치 구조 (A전용 KC 77개, B전용 KC 74개) ===
  A전용 KC → out_L 평균 0.7051 | out_R 평균 0.5975 | 차이 +0.1076 (정답은 out_L) **정답쪽 우세**
  B전용 KC → out_L 평균 0.5713 | out_R 평균 0.7721 | 차이 -0.2008 (정답은 out_R) **정답쪽 우세**

=== 가중치 변화 ===
  kc_out_l: n=7902 |Δ|평균 0.03377 변화율  21.5% | 평균 0.500→0.534 | std 0.0000→0.0737
  kc_out_r: n=8086 |Δ|평균 0.04465 변화율  22.1% | 평균 0.500→0.545 | std 0.0000→0.0962

=== 요약 (mode=reversal seed=8) ===
  첫 구간 57.2% → 마지막 구간 29.5% | 변화 -27.8%p | 보상률 43.4%
=> MINCIRC mode=reversal seed=8 first=57.2 last=29.5 delta=-27.8 reward=43.4 **eval=0.0** tie=0 trialseed=306
