make: Entering directory '/root/minc_run/minimal_circuit_CODE'
make: Nothing to be done for 'all'.
make: Leaving directory '/root/minc_run/minimal_circuit_CODE'
  시행    1~ 400: 정답률  66.5%
  시행  401~ 800: 정답률  29.0%

=== 평가 (탐색 없음, 학습 없음, 무작위 순서 100시행) : 정답률 0.0% | 동점 0회 ===
   (reversal) 최종 규칙 기준 0.0% | 원래 규칙 기준 100.0%
   자극 A: 0/44 (0.0%)
   자극 B: 0/56 (0.0%)

=== 학습 후 자극별 출력 (선택 이전의 원 신호) ===
  자극 A → 정답 L | out_L=  50  out_R=   4  차이   +46 | KC 90개
  자극 B → 정답 R | out_L=   6  out_R=  42  차이   -36 | KC 97개

=== 가중치 구조 (A전용 KC 78개, B전용 KC 85개) ===
  A전용 KC → out_L 평균 0.8109 | out_R 평균 0.5812 | 차이 +0.2297 (정답은 out_L) **정답쪽 우세**
  B전용 KC → out_L 평균 0.5928 | out_R 평균 0.7473 | 차이 -0.1545 (정답은 out_R) **정답쪽 우세**

=== 가중치 변화 ===
  kc_out_l: n=8013 |Δ|평균 0.04549 변화율  21.3% | 평균 0.500→0.545 | std 0.0000→0.1030
  kc_out_r: n=7950 |Δ|평균 0.03953 변화율  21.8% | 평균 0.500→0.540 | std 0.0000→0.0856

=== 요약 (mode=reversal seed=6) ===
  첫 구간 66.5% → 마지막 구간 29.0% | 변화 -37.5%p | 보상률 47.8%
=> MINCIRC mode=reversal seed=6 first=66.5 last=29.0 delta=-37.5 reward=47.8 **eval=0.0** tie=0 trialseed=302
