make: Entering directory '/root/minc_run/minimal_circuit_CODE'
make: Nothing to be done for 'all'.
make: Leaving directory '/root/minc_run/minimal_circuit_CODE'
  시행    1~ 400: 정답률  53.2%
  시행  401~ 800: 정답률  50.2%

=== 평가 (탐색 없음, 학습 없음, 무작위 순서 100시행) : 정답률 43.0% | 동점 0회 ===
   (reversal) 최종 규칙 기준 43.0% | 원래 규칙 기준 57.0%
   자극 A: 0/57 (0.0%)
   자극 B: 43/43 (100.0%)

=== 학습 후 자극별 출력 (선택 이전의 원 신호) ===
  자극 A → 정답 L | out_L=  77  out_R=   2  차이   +75 | KC 88개
  자극 B → 정답 R | out_L=  52  out_R=   3  차이   +49 | KC 85개

=== 가중치 구조 (A전용 KC 71개, B전용 KC 68개) ===
  A전용 KC → out_L 평균 0.8242 | out_R 평균 0.5750 | 차이 +0.2492 (정답은 out_L) **정답쪽 우세**
  B전용 KC → out_L 평균 0.7876 | out_R 평균 0.6308 | 차이 +0.1569 (정답은 out_R) **반대**

=== 가중치 변화 ===
  kc_out_l: n=7872 |Δ|평균 0.06696 변화율  19.9% | 평균 0.500→0.567 | std 0.0000→0.1404
  kc_out_r: n=7840 |Δ|평균 0.02238 변화율  19.4% | 평균 0.500→0.522 | std 0.0000→0.0496

=== 요약 (mode=reversal seed=5) ===
  첫 구간 53.2% → 마지막 구간 50.2% | 변화 -3.0%p | 보상률 51.7%
=> MINCIRC mode=reversal seed=5 first=53.2 last=50.2 delta=-3.0 reward=51.7 **eval=43.0** tie=0 trialseed=306
