make: Entering directory '/root/minc_run/minimal_circuit_CODE'
make: Nothing to be done for 'all'.
make: Leaving directory '/root/minc_run/minimal_circuit_CODE'
  시행    1~ 400: 정답률  46.2%
  시행  401~ 800: 정답률  46.0%

=== 평가 (탐색 없음, 학습 없음, 무작위 순서 100시행) : 정답률 52.0% | 동점 0회 ===
   (reversal) 최종 규칙 기준 52.0% | 원래 규칙 기준 48.0%
   자극 A: 52/52 (100.0%)
   자극 B: 0/48 (0.0%)

=== 학습 후 자극별 출력 (선택 이전의 원 신호) ===
  자극 A → 정답 L | out_L=   4  out_R=  67  차이   -63 | KC 98개
  자극 B → 정답 R | out_L=   8  out_R=  43  차이   -35 | KC 107개

=== 가중치 구조 (A전용 KC 73개, B전용 KC 82개) ===
  A전용 KC → out_L 평균 0.5870 | out_R 평균 0.7908 | 차이 -0.2038 (정답은 out_L) **반대**
  B전용 KC → out_L 평균 0.5669 | out_R 평균 0.7972 | 차이 -0.2303 (정답은 out_R) **정답쪽 우세**

=== 가중치 변화 ===
  kc_out_l: n=8056 |Δ|평균 0.01946 변화율  22.4% | 평균 0.500→0.519 | std 0.0000→0.0386
  kc_out_r: n=8090 |Δ|평균 0.07561 변화율  22.8% | 평균 0.500→0.576 | std 0.0000→0.1465

=== 요약 (mode=reversal seed=7) ===
  첫 구간 46.2% → 마지막 구간 46.0% | 변화 -0.2%p | 보상률 46.1%
=> MINCIRC mode=reversal seed=7 first=46.2 last=46.0 delta=-0.2 reward=46.1 **eval=52.0** tie=0 trialseed=307
