ep,t,good_side,explore,v,correct,e_ll,g_ll,e_lr,g_lr,e_rl,g_rl,e_rr,g_rr
0,0,left,1,-0.4398,0,0.0,nan,0.0,nan,0.0,nan,0.0,nan
0,1,right,1,-0.131,1,0.0,nan,0.0,nan,0.0,nan,0.0,nan
0,2,left,1,0.1006,1,0.0,nan,0.0,nan,0.0,nan,0.0,nan
0,3,right,0,0.1092,0,0.0,nan,0.0,nan,0.0,nan,0.0,nan
0,4,right,1,0.4508,0,0.0,nan,0.0,nan,0.0,nan,0.0,nan
0,5,right,1,0.449,0,0.0,nan,0.0,nan,0.0,nan,0.0,nan
0,6,right,0,0.1146,0,0.0,nan,0.0,nan,0.0,nan,0.0,nan
0,7,right,0,0.0888,0,0.0,nan,0.0,nan,0.0,nan,0.0,nan
0,8,left,1,0.1426,1,0.0,nan,0.0,nan,0.0,nan,0.0,nan
0,9,left,1,-0.458,0,0.0,nan,0.0,nan,0.0,nan,0.0,nan
0,10,right,0,0.1118,0,0.0,nan,0.0,nan,0.0,nan,0.0,nan
0,11,right,1,0.437,0,0.0,nan,0.0,nan,0.0,nan,0.0,nan
0,12,right,0,0.0894,0,0.0,nan,0.0,nan,0.0,nan,0.0,nan
0,13,right,1,0.4306,0,0.0,nan,0.0,nan,0.0,nan,0.0,nan
0,14,left,0,-0.1216,0,0.0,nan,0.0,nan,0.0,nan,0.0,nan
0,15,left,0,-0.1074,0,0.0,nan,0.0,nan,0.0,nan,0.0,nan
0,16,left,0,-0.1186,0,0.0,nan,0.0,nan,0.0,nan,0.0,nan
0,17,right,1,0.4414,0,0.0,nan,0.0,nan,0.0,nan,0.0,nan
0,18,left,0,-0.1284,0,0.0,nan,0.0,nan,0.0,nan,0.0,nan
0,19,right,1,-0.178,1,0.0,nan,0.0,nan,0.0,nan,0.0,nan
0,20,right,1,-0.1918,1,0.0,nan,0.0,nan,0.0,nan,0.0,nan
0,21,left,1,-0.4426,0,0.0,nan,0.0,nan,0.0,nan,0.0,nan
0,22,right,0,0.0982,0,0.0,nan,0.0,nan,0.0,nan,0.0,nan
0,23,left,0,-0.0964,0,0.0,nan,0.0,nan,0.0,nan,0.0,nan
0,24,left,0,-0.0856,0,0.0,nan,0.0,nan,0.0,nan,0.0,nan
0,25,left,1,-0.4422,0,0.0,nan,0.0,nan,0.0,nan,0.0,nan
0,26,left,1,-0.4366,0,0.0,nan,0.0,nan,0.0,nan,0.0,nan
0,27,right,1,0.4288,0,0.0,nan,0.0,nan,0.0,nan,0.0,nan
0,28,left,1,-0.4452,0,0.0,nan,0.0,nan,0.0,nan,0.0,nan
0,29,right,1,-0.1976,1,0.0,nan,0.0,nan,0.0,nan,0.0,nan
0,30,left,1,-0.4258,0,0.0,nan,0.0,nan,0.0,nan,0.0,nan
0,31,right,1,0.424,0,0.0,nan,0.0,nan,0.0,nan,0.0,nan
0,32,left,1,-0.4286,0,0.0,nan,0.0,nan,0.0,nan,0.0,nan
0,33,left,1,-0.4268,0,0.0,nan,0.0,nan,0.0,nan,0.0,nan
0,34,right,1,-0.2036,1,0.0,nan,0.0,nan,0.0,nan,0.0,nan
0,35,right,0,0.077,0,0.0,nan,0.0,nan,0.0,nan,0.0,nan
0,36,left,1,0.2032,1,0.0,nan,0.0,nan,0.0,nan,0.0,nan
0,37,left,0,-0.0838,0,0.0,nan,0.0,nan,0.0,nan,0.0,nan
0,38,right,1,-0.2162,1,0.0,nan,0.0,nan,0.0,nan,0.0,nan
0,39,right,1,-0.2352,1,0.0,nan,0.0,nan,0.0,nan,0.0,nan
0,40,right,1,0.4042,0,0.0,nan,0.0,nan,0.0,nan,0.0,nan
0,41,left,0,-0.0846,0,0.0,nan,0.0,nan,0.0,nan,0.0,nan
0,42,right,0,0.0776,0,0.0,nan,0.0,nan,0.0,nan,0.0,nan
0,43,left,1,-0.4124,0,0.0,nan,0.0,nan,0.0,nan,0.0,nan
0,44,right,1,-0.239,1,0.0,nan,0.0,nan,0.0,nan,0.0,nan
0,45,left,0,-0.071,0,0.0,nan,0.0,nan,0.0,nan,0.0,nan
0,46,left,1,-0.4036,0,0.0,nan,0.0,nan,0.0,nan,0.0,nan
0,47,right,1,0.3964,0,0.0,nan,0.0,nan,0.0,nan,0.0,nan
0,48,right,1,0.3912,0,0.0,nan,0.0,nan,0.0,nan,0.0,nan
0,49,right,0,0.067,0,0.0,nan,0.0,nan,0.0,nan,0.0,nan
0,50,right,1,0.3954,0,0.0,nan,0.0,nan,0.0,nan,0.0,nan
0,51,right,0,0.0612,0,0.0,nan,0.0,nan,0.0,nan,0.0,nan
0,52,right,0,0.0556,0,0.0,nan,0.0,nan,0.0,nan,0.0,nan
0,53,left,1,0.2408,1,0.0,nan,0.0,nan,0.0,nan,0.0,nan
0,54,left,1,-0.4198,0,0.0,nan,0.0,nan,0.0,nan,0.0,nan
0,55,left,0,-0.0862,0,0.0,nan,0.0,nan,0.0,nan,0.0,nan
0,56,right,1,-0.2412,1,0.0,nan,0.0,nan,0.0,nan,0.0,nan
0,57,right,1,-0.2392,1,0.0,nan,0.0,nan,0.0,nan,0.0,nan
0,58,left,0,-0.0658,0,0.0,nan,0.0,nan,0.0,nan,0.0,nan
0,59,left,1,-0.4048,0,0.0,nan,0.0,nan,0.0,nan,0.0,nan
0,60,right,0,0.0848,0,0.0,nan,0.0,nan,0.0,nan,0.0,nan
0,61,left,1,-0.398,0,0.0,nan,0.0,nan,0.0,nan,0.0,nan
0,62,right,1,-0.2504,1,0.0,nan,0.0,nan,0.0,nan,0.0,nan
0,63,right,1,0.3974,0,0.0,nan,0.0,nan,0.0,nan,0.0,nan
0,64,right,1,0.3854,0,0.0,nan,0.0,nan,0.0,nan,0.0,nan
0,65,left,1,-0.4014,0,0.0,nan,0.0,nan,0.0,nan,0.0,nan
0,66,right,1,0.3878,0,0.0,nan,0.0,nan,0.0,nan,0.0,nan
0,67,left,0,-0.0828,0,0.0,nan,0.0,nan,0.0,nan,0.0,nan
0,68,right,0,0.0828,0,0.0,nan,0.0,nan,0.0,nan,0.0,nan
0,69,right,1,-0.235,1,0.0,nan,0.0,nan,0.0,nan,0.0,nan
0,70,right,0,0.0906,0,0.0,nan,0.0,nan,0.0,nan,0.0,nan
0,71,right,0,0.0402,0,0.0,nan,0.0,nan,0.0,nan,0.0,nan
0,72,left,1,-0.4072,0,0.0,nan,0.0,nan,0.0,nan,0.0,nan
0,73,left,1,0.2376,1,0.0,nan,0.0,nan,0.0,nan,0.0,nan
0,74,left,1,-0.4058,0,0.0,nan,0.0,nan,0.0,nan,0.0,nan
0,75,right,1,-0.2404,1,0.0,nan,0.0,nan,0.0,nan,0.0,nan
0,76,right,1,0.3852,0,0.0,nan,0.0,nan,0.0,nan,0.0,nan
0,77,right,1,0.3796,0,0.0,nan,0.0,nan,0.0,nan,0.0,nan
0,78,left,1,-0.3888,0,0.0,nan,0.0,nan,0.0,nan,0.0,nan
0,79,left,1,-0.3888,0,0.0,nan,0.0,nan,0.0,nan,0.0,nan
0,80,right,1,-0.2344,1,0.0,nan,0.0,nan,0.0,nan,0.0,nan
0,81,left,1,0.2412,1,0.0,nan,0.0,nan,0.0,nan,0.0,nan
0,82,left,0,-0.1166,0,0.0,nan,0.0,nan,0.0,nan,0.0,nan
0,83,right,1,0.3828,0,0.0,nan,0.0,nan,0.0,nan,0.0,nan
0,84,right,0,0.0884,0,0.0,nan,0.0,nan,0.0,nan,0.0,nan
0,85,right,1,0.3858,0,0.0,nan,0.0,nan,0.0,nan,0.0,nan
0,86,left,0,-0.104,0,0.0,nan,0.0,nan,0.0,nan,0.0,nan
0,87,left,1,0.237,1,0.0,nan,0.0,nan,0.0,nan,0.0,nan
0,88,left,1,0.2268,1,0.0,nan,0.0,nan,0.0,nan,0.0,nan
0,89,left,1,0.2322,1,0.0,nan,0.0,nan,0.0,nan,0.0,nan
0,90,right,1,0.3678,0,0.0,nan,0.0,nan,0.0,nan,0.0,nan
0,91,right,1,-0.219,1,0.0,nan,0.0,nan,0.0,nan,0.0,nan
0,92,right,1,-0.2098,1,0.0,nan,0.0,nan,0.0,nan,0.0,nan
0,93,right,0,0.1276,0,0.0,nan,0.0,nan,0.0,nan,0.0,nan
0,94,left,0,-0.1594,0,0.0,nan,0.0,nan,0.0,nan,0.0,nan
0,95,right,1,-0.2108,1,0.0,nan,0.0,nan,0.0,nan,0.0,nan
0,96,left,1,-0.3858,0,0.0,nan,0.0,nan,0.0,nan,0.0,nan
0,97,left,0,-0.119,0,0.0,nan,0.0,nan,0.0,nan,0.0,nan
0,98,right,0,0.1262,0,0.0,nan,0.0,nan,0.0,nan,0.0,nan
0,99,right,1,-0.2174,1,0.0,nan,0.0,nan,0.0,nan,0.0,nan
1,0,left,1,-0.3394,0,0.0,nan,0.0,nan,0.0,nan,0.0,nan
1,1,left,1,0.227,1,0.0,nan,0.0,nan,0.0,nan,0.0,nan
1,2,left,1,-0.3346,0,0.0,nan,0.0,nan,0.0,nan,0.0,nan
1,3,left,1,0.2222,1,0.0,nan,0.0,nan,0.0,nan,0.0,nan
1,4,left,0,-0.1054,0,0.0,nan,0.0,nan,0.0,nan,0.0,nan
1,5,right,1,0.4044,0,0.0,nan,0.0,nan,0.0,nan,0.0,nan
1,6,right,1,0.4062,0,0.0,nan,0.0,nan,0.0,nan,0.0,nan
1,7,left,0,-0.0734,0,0.0,nan,0.0,nan,0.0,nan,0.0,nan
1,8,left,1,-0.3348,0,0.0,nan,0.0,nan,0.0,nan,0.0,nan
1,9,left,1,0.2376,1,0.0,nan,0.0,nan,0.0,nan,0.0,nan
1,10,right,0,0.1168,0,0.0,nan,0.0,nan,0.0,nan,0.0,nan
1,11,left,0,-0.0794,0,0.0,nan,0.0,nan,0.0,nan,0.0,nan
1,12,right,0,0.148,0,0.0,nan,0.0,nan,0.0,nan,0.0,nan
1,13,left,1,0.224,1,0.0,nan,0.0,nan,0.0,nan,0.0,nan
1,14,left,1,-0.3526,0,0.0,nan,0.0,nan,0.0,nan,0.0,nan
1,15,right,0,0.1422,0,0.0,nan,0.0,nan,0.0,nan,0.0,nan
1,16,right,0,0.1292,0,0.0,nan,0.0,nan,0.0,nan,0.0,nan
1,17,left,1,-0.3464,0,0.0,nan,0.0,nan,0.0,nan,0.0,nan
1,18,left,1,0.2346,1,0.0,nan,0.0,nan,0.0,nan,0.0,nan
1,19,left,1,0.2174,1,0.0,nan,0.0,nan,0.0,nan,0.0,nan
1,20,left,1,0.2178,1,0.0,nan,0.0,nan,0.0,nan,0.0,nan
1,21,right,1,-0.1588,1,0.0,nan,0.0,nan,0.0,nan,0.0,nan
1,22,right,0,0.1842,0,0.0,nan,0.0,nan,0.0,nan,0.0,nan
1,23,left,0,-0.1376,0,0.0,nan,0.0,nan,0.0,nan,0.0,nan
1,24,right,1,-0.1442,1,0.0,nan,0.0,nan,0.0,nan,0.0,nan
1,25,left,1,0.2202,1,0.0,nan,0.0,nan,0.0,nan,0.0,nan
1,26,right,1,-0.1476,1,0.0,nan,0.0,nan,0.0,nan,0.0,nan
1,27,left,0,-0.097,0,0.0,nan,0.0,nan,0.0,nan,0.0,nan
1,28,left,1,-0.3502,0,0.0,nan,0.0,nan,0.0,nan,0.0,nan
1,29,right,1,-0.1432,1,0.0,nan,0.0,nan,0.0,nan,0.0,nan
1,30,right,1,0.415,0,0.0,nan,0.0,nan,0.0,nan,0.0,nan
1,31,left,0,-0.0998,0,0.0,nan,0.0,nan,0.0,nan,0.0,nan
1,32,left,0,-0.1054,0,0.0,nan,0.0,nan,0.0,nan,0.0,nan
1,33,left,1,0.1946,1,0.0,nan,0.0,nan,0.0,nan,0.0,nan
1,34,right,0,0.1634,0,0.0,nan,0.0,nan,0.0,nan,0.0,nan
1,35,right,0,0.1584,0,0.0,nan,0.0,nan,0.0,nan,0.0,nan
1,36,right,0,0.1692,0,0.0,nan,0.0,nan,0.0,nan,0.0,nan
1,37,right,1,0.406,0,0.0,nan,0.0,nan,0.0,nan,0.0,nan
1,38,left,1,0.1976,1,0.0,nan,0.0,nan,0.0,nan,0.0,nan
1,39,left,0,-0.1378,0,0.0,nan,0.0,nan,0.0,nan,0.0,nan
1,40,right,1,0.4066,0,0.0,nan,0.0,nan,0.0,nan,0.0,nan
1,41,right,1,0.4024,0,0.0,nan,0.0,nan,0.0,nan,0.0,nan
1,42,right,1,0.4164,0,0.0,nan,0.0,nan,0.0,nan,0.0,nan
1,43,left,1,0.1984,1,0.0,nan,0.0,nan,0.0,nan,0.0,nan
1,44,right,0,0.1498,0,0.0,nan,0.0,nan,0.0,nan,0.0,nan
1,45,left,1,-0.3572,0,0.0,nan,0.0,nan,0.0,nan,0.0,nan
1,46,left,1,0.1968,1,0.0,nan,0.0,nan,0.0,nan,0.0,nan
1,47,left,0,-0.1436,0,0.0,nan,0.0,nan,0.0,nan,0.0,nan
1,48,left,1,-0.3458,0,0.0,nan,0.0,nan,0.0,nan,0.0,nan
1,49,right,1,0.405,0,0.0,nan,0.0,nan,0.0,nan,0.0,nan
1,50,left,1,-0.3564,0,0.0,nan,0.0,nan,0.0,nan,0.0,nan
1,51,right,1,-0.1424,1,0.0,nan,0.0,nan,0.0,nan,0.0,nan
1,52,right,0,0.2098,0,0.0,nan,0.0,nan,0.0,nan,0.0,nan
1,53,left,0,-0.1528,0,0.0,nan,0.0,nan,0.0,nan,0.0,nan
1,54,right,0,0.1712,0,0.0,nan,0.0,nan,0.0,nan,0.0,nan
1,55,right,1,0.4118,0,0.0,nan,0.0,nan,0.0,nan,0.0,nan
1,56,right,1,-0.1368,1,0.0,nan,0.0,nan,0.0,nan,0.0,nan
1,57,left,0,-0.1076,0,0.0,nan,0.0,nan,0.0,nan,0.0,nan
1,58,right,0,0.181,0,0.0,nan,0.0,nan,0.0,nan,0.0,nan
1,59,left,1,-0.3582,0,0.0,nan,0.0,nan,0.0,nan,0.0,nan
1,60,right,1,-0.1378,1,0.0,nan,0.0,nan,0.0,nan,0.0,nan
1,61,left,1,0.2082,1,0.0,nan,0.0,nan,0.0,nan,0.0,nan
1,62,right,1,-0.1338,1,0.0,nan,0.0,nan,0.0,nan,0.0,nan
1,63,left,1,0.1878,1,0.0,nan,0.0,nan,0.0,nan,0.0,nan
1,64,right,0,0.173,0,0.0,nan,0.0,nan,0.0,nan,0.0,nan
1,65,left,1,0.1868,1,0.0,nan,0.0,nan,0.0,nan,0.0,nan
1,66,left,0,-0.1652,0,0.0,nan,0.0,nan,0.0,nan,0.0,nan
1,67,right,0,0.206,0,0.0,nan,0.0,nan,0.0,nan,0.0,nan
1,68,left,0,-0.1474,0,0.0,nan,0.0,nan,0.0,nan,0.0,nan
1,69,right,0,0.194,0,0.0,nan,0.0,nan,0.0,nan,0.0,nan
1,70,right,0,0.158,0,0.0,nan,0.0,nan,0.0,nan,0.0,nan
1,71,right,0,0.1784,0,0.0,nan,0.0,nan,0.0,nan,0.0,nan
1,72,left,0,-0.1414,0,0.0,nan,0.0,nan,0.0,nan,0.0,nan
1,73,left,0,-0.1078,0,0.0,nan,0.0,nan,0.0,nan,0.0,nan
1,74,right,1,0.4052,0,0.0,nan,0.0,nan,0.0,nan,0.0,nan
1,75,left,0,-0.1128,0,0.0,nan,0.0,nan,0.0,nan,0.0,nan
1,76,right,1,-0.1392,1,0.0,nan,0.0,nan,0.0,nan,0.0,nan
1,77,left,1,0.1882,1,0.0,nan,0.0,nan,0.0,nan,0.0,nan
1,78,right,0,0.19,0,0.0,nan,0.0,nan,0.0,nan,0.0,nan
1,79,right,0,0.1534,0,0.0,nan,0.0,nan,0.0,nan,0.0,nan
1,80,right,0,0.1944,0,0.0,nan,0.0,nan,0.0,nan,0.0,nan
1,81,left,0,-0.1534,0,0.0,nan,0.0,nan,0.0,nan,0.0,nan
1,82,left,1,-0.344,0,0.0,nan,0.0,nan,0.0,nan,0.0,nan
1,83,left,0,-0.1122,0,0.0,nan,0.0,nan,0.0,nan,0.0,nan
1,84,right,0,0.1688,0,0.0,nan,0.0,nan,0.0,nan,0.0,nan
1,85,left,1,0.1976,1,0.0,nan,0.0,nan,0.0,nan,0.0,nan
1,86,left,0,-0.1618,0,0.0,nan,0.0,nan,0.0,nan,0.0,nan
1,87,left,1,0.1932,1,0.0,nan,0.0,nan,0.0,nan,0.0,nan
1,88,right,0,0.1854,0,0.0,nan,0.0,nan,0.0,nan,0.0,nan
1,89,right,0,0.1674,0,0.0,nan,0.0,nan,0.0,nan,0.0,nan
1,90,left,0,-0.1432,0,0.0,nan,0.0,nan,0.0,nan,0.0,nan
1,91,left,1,-0.353,0,0.0,nan,0.0,nan,0.0,nan,0.0,nan
1,92,left,1,0.1796,1,0.0,nan,0.0,nan,0.0,nan,0.0,nan
1,93,right,1,0.4252,0,0.0,nan,0.0,nan,0.0,nan,0.0,nan
1,94,right,1,0.414,0,0.0,nan,0.0,nan,0.0,nan,0.0,nan
1,95,right,1,-0.1406,1,0.0,nan,0.0,nan,0.0,nan,0.0,nan
1,96,left,1,-0.3772,0,0.0,nan,0.0,nan,0.0,nan,0.0,nan
1,97,right,1,-0.1434,1,0.0,nan,0.0,nan,0.0,nan,0.0,nan
1,98,left,0,-0.1076,0,0.0,nan,0.0,nan,0.0,nan,0.0,nan
1,99,right,0,0.1852,0,0.0,nan,0.0,nan,0.0,nan,0.0,nan
2,0,right,1,0.3864,0,0.0,nan,0.0,nan,0.0,nan,0.0,nan
2,1,left,1,-0.3794,0,0.0,nan,0.0,nan,0.0,nan,0.0,nan
2,2,right,1,0.3906,0,0.0,nan,0.0,nan,0.0,nan,0.0,nan
2,3,right,1,-0.1678,1,0.0,nan,0.0,nan,0.0,nan,0.0,nan
2,4,right,1,0.3938,0,0.0,nan,0.0,nan,0.0,nan,0.0,nan
2,5,left,0,-0.1832,0,0.0,nan,0.0,nan,0.0,nan,0.0,nan
2,6,left,1,-0.3758,0,0.0,nan,0.0,nan,0.0,nan,0.0,nan
2,7,right,1,0.3802,0,0.0,nan,0.0,nan,0.0,nan,0.0,nan
2,8,left,1,-0.377,0,0.0,nan,0.0,nan,0.0,nan,0.0,nan
2,9,left,1,-0.369,0,0.0,nan,0.0,nan,0.0,nan,0.0,nan
2,10,left,0,-0.1652,0,0.0,nan,0.0,nan,0.0,nan,0.0,nan
2,11,right,0,0.17,0,0.0,nan,0.0,nan,0.0,nan,0.0,nan
2,12,left,1,-0.376,0,0.0,nan,0.0,nan,0.0,nan,0.0,nan
2,13,left,1,-0.3786,0,0.0,nan,0.0,nan,0.0,nan,0.0,nan
2,14,left,1,-0.379,0,0.0,nan,0.0,nan,0.0,nan,0.0,nan
2,15,right,0,0.1496,0,0.0,nan,0.0,nan,0.0,nan,0.0,nan
2,16,left,0,-0.1766,0,0.0,nan,0.0,nan,0.0,nan,0.0,nan
2,17,left,0,-0.1362,0,0.0,nan,0.0,nan,0.0,nan,0.0,nan
2,18,right,1,0.3904,0,0.0,nan,0.0,nan,0.0,nan,0.0,nan
2,19,right,0,0.1682,0,0.0,nan,0.0,nan,0.0,nan,0.0,nan
2,20,left,0,-0.1712,0,0.0,nan,0.0,nan,0.0,nan,0.0,nan
2,21,left,1,-0.376,0,0.0,nan,0.0,nan,0.0,nan,0.0,nan
2,22,left,0,-0.1354,0,0.0,nan,0.0,nan,0.0,nan,0.0,nan
2,23,left,1,0.196,1,0.0,nan,0.0,nan,0.0,nan,0.0,nan
2,24,left,0,-0.1852,0,0.0,nan,0.0,nan,0.0,nan,0.0,nan
2,25,left,1,0.2092,1,0.0,nan,0.0,nan,0.0,nan,0.0,nan
2,26,left,1,0.1726,1,0.0,nan,0.0,nan,0.0,nan,0.0,nan
2,27,right,0,0.1528,0,0.0,nan,0.0,nan,0.0,nan,0.0,nan
2,28,left,1,0.1608,1,0.0,nan,0.0,nan,0.0,nan,0.0,nan
2,29,right,1,-0.1838,1,0.0,nan,0.0,nan,0.0,nan,0.0,nan
2,30,right,1,0.3772,0,0.0,nan,0.0,nan,0.0,nan,0.0,nan
2,31,right,0,0.2104,0,0.0,nan,0.0,nan,0.0,nan,0.0,nan
2,32,right,0,0.1502,0,0.0,nan,0.0,nan,0.0,nan,0.0,nan
2,33,right,0,0.2028,0,0.0,nan,0.0,nan,0.0,nan,0.0,nan
2,34,right,0,0.1418,0,0.0,nan,0.0,nan,0.0,nan,0.0,nan
2,35,left,0,-0.1678,0,0.0,nan,0.0,nan,0.0,nan,0.0,nan
2,36,right,1,-0.1768,1,0.0,nan,0.0,nan,0.0,nan,0.0,nan
2,37,left,1,0.1728,1,0.0,nan,0.0,nan,0.0,nan,0.0,nan
2,38,left,0,-0.2212,0,0.0,nan,0.0,nan,0.0,nan,0.0,nan
2,39,right,1,0.378,0,0.0,nan,0.0,nan,0.0,nan,0.0,nan
2,40,left,1,0.1632,1,0.0,nan,0.0,nan,0.0,nan,0.0,nan
2,41,right,1,0.3838,0,0.0,nan,0.0,nan,0.0,nan,0.0,nan
2,42,left,1,-0.3852,0,0.0,nan,0.0,nan,0.0,nan,0.0,nan
2,43,right,0,0.1546,0,0.0,nan,0.0,nan,0.0,nan,0.0,nan
2,44,right,0,0.179,0,0.0,nan,0.0,nan,0.0,nan,0.0,nan
2,45,left,1,-0.3818,0,0.0,nan,0.0,nan,0.0,nan,0.0,nan
2,46,left,0,-0.1816,0,0.0,nan,0.0,nan,0.0,nan,0.0,nan
2,47,left,1,0.1756,1,0.0,nan,0.0,nan,0.0,nan,0.0,nan
2,48,left,1,-0.383,0,0.0,nan,0.0,nan,0.0,nan,0.0,nan
2,49,left,0,-0.2004,0,0.0,nan,0.0,nan,0.0,nan,0.0,nan
2,50,left,0,-0.1428,0,0.0,nan,0.0,nan,0.0,nan,0.0,nan
2,51,left,1,-0.378,0,0.0,nan,0.0,nan,0.0,nan,0.0,nan
2,52,right,0,0.1762,0,0.0,nan,0.0,nan,0.0,nan,0.0,nan
2,53,right,0,0.1468,0,0.0,nan,0.0,nan,0.0,nan,0.0,nan
2,54,right,1,0.386,0,0.0,nan,0.0,nan,0.0,nan,0.0,nan
2,55,left,0,-0.1752,0,0.0,nan,0.0,nan,0.0,nan,0.0,nan
2,56,right,0,0.167,0,0.0,nan,0.0,nan,0.0,nan,0.0,nan
2,57,right,1,0.3856,0,0.0,nan,0.0,nan,0.0,nan,0.0,nan
2,58,left,1,-0.3784,0,0.0,nan,0.0,nan,0.0,nan,0.0,nan
2,59,right,1,-0.1902,1,0.0,nan,0.0,nan,0.0,nan,0.0,nan
2,60,right,1,-0.1722,1,0.0,nan,0.0,nan,0.0,nan,0.0,nan
2,61,right,1,-0.1596,1,0.0,nan,0.0,nan,0.0,nan,0.0,nan
2,62,left,1,-0.3718,0,0.0,nan,0.0,nan,0.0,nan,0.0,nan
2,63,right,0,0.1658,0,0.0,nan,0.0,nan,0.0,nan,0.0,nan
2,64,left,1,0.163,1,0.0,nan,0.0,nan,0.0,nan,0.0,nan
2,65,left,0,-0.217,0,0.0,nan,0.0,nan,0.0,nan,0.0,nan
2,66,right,0,0.2134,0,0.0,nan,0.0,nan,0.0,nan,0.0,nan
2,67,right,1,-0.161,1,0.0,nan,0.0,nan,0.0,nan,0.0,nan
2,68,left,1,-0.385,0,0.0,nan,0.0,nan,0.0,nan,0.0,nan
2,69,right,0,0.1638,0,0.0,nan,0.0,nan,0.0,nan,0.0,nan
2,70,right,0,0.1786,0,0.0,nan,0.0,nan,0.0,nan,0.0,nan
2,71,right,1,-0.1682,1,0.0,nan,0.0,nan,0.0,nan,0.0,nan
2,72,left,1,0.1626,1,0.0,nan,0.0,nan,0.0,nan,0.0,nan
2,73,right,0,0.1766,0,0.0,nan,0.0,nan,0.0,nan,0.0,nan
2,74,right,1,0.3878,0,0.0,nan,0.0,nan,0.0,nan,0.0,nan
2,75,left,0,-0.199,0,0.0,nan,0.0,nan,0.0,nan,0.0,nan
2,76,right,1,-0.1506,1,0.0,nan,0.0,nan,0.0,nan,0.0,nan
2,77,left,1,0.1642,1,0.0,nan,0.0,nan,0.0,nan,0.0,nan
2,78,right,0,0.1676,0,0.0,nan,0.0,nan,0.0,nan,0.0,nan
2,79,left,0,-0.2016,0,0.0,nan,0.0,nan,0.0,nan,0.0,nan
2,80,right,0,0.1938,0,0.0,nan,0.0,nan,0.0,nan,0.0,nan
2,81,left,1,0.1488,1,0.0,nan,0.0,nan,0.0,nan,0.0,nan
2,82,left,1,0.1432,1,0.0,nan,0.0,nan,0.0,nan,0.0,nan
2,83,right,0,0.16,0,0.0,nan,0.0,nan,0.0,nan,0.0,nan
2,84,right,1,-0.1602,1,0.0,nan,0.0,nan,0.0,nan,0.0,nan
2,85,right,1,-0.1384,1,0.0,nan,0.0,nan,0.0,nan,0.0,nan
2,86,right,0,0.2058,0,0.0,nan,0.0,nan,0.0,nan,0.0,nan
2,87,right,0,0.1496,0,0.0,nan,0.0,nan,0.0,nan,0.0,nan
2,88,left,1,0.136,1,0.0,nan,0.0,nan,0.0,nan,0.0,nan
2,89,right,0,0.1754,0,0.0,nan,0.0,nan,0.0,nan,0.0,nan
2,90,right,1,0.3796,0,0.0,nan,0.0,nan,0.0,nan,0.0,nan
2,91,left,0,-0.1938,0,0.0,nan,0.0,nan,0.0,nan,0.0,nan
2,92,right,0,0.192,0,0.0,nan,0.0,nan,0.0,nan,0.0,nan
2,93,left,1,0.136,1,0.0,nan,0.0,nan,0.0,nan,0.0,nan
2,94,left,0,-0.2346,0,0.0,nan,0.0,nan,0.0,nan,0.0,nan
2,95,right,0,0.2004,0,0.0,nan,0.0,nan,0.0,nan,0.0,nan
2,96,left,0,-0.2016,0,0.0,nan,0.0,nan,0.0,nan,0.0,nan
2,97,left,1,-0.3774,0,0.0,nan,0.0,nan,0.0,nan,0.0,nan
2,98,right,0,0.1566,0,0.0,nan,0.0,nan,0.0,nan,0.0,nan
2,99,right,1,0.385,0,0.0,nan,0.0,nan,0.0,nan,0.0,nan
3,0,left,0,-0.1701,0,0.0,nan,0.0,nan,0.0,nan,0.0,nan
3,1,left,0,-0.1941,0,0.0,nan,0.0,nan,0.0,nan,0.0,nan
3,2,left,1,-0.3995,0,0.0,nan,0.0,nan,0.0,nan,0.0,nan
3,3,left,0,-0.1913,0,0.0,nan,0.0,nan,0.0,nan,0.0,nan
3,4,left,0,-0.1857,0,0.0,nan,0.0,nan,0.0,nan,0.0,nan
3,5,right,1,-0.1637,1,0.0,nan,0.0,nan,0.0,nan,0.0,nan
3,6,left,0,-0.1767,0,0.0,nan,0.0,nan,0.0,nan,0.0,nan
3,7,left,0,-0.1847,0,0.0,nan,0.0,nan,0.0,nan,0.0,nan
3,8,right,1,0.3831,0,0.0,nan,0.0,nan,0.0,nan,0.0,nan
3,9,left,1,-0.3859,0,0.0,nan,0.0,nan,0.0,nan,0.0,nan
3,10,right,1,0.3795,0,0.0,nan,0.0,nan,0.0,nan,0.0,nan
3,11,left,0,-0.1773,0,0.0,nan,0.0,nan,0.0,nan,0.0,nan
3,12,left,1,0.1585,1,0.0,nan,0.0,nan,0.0,nan,0.0,nan
3,13,right,1,0.3679,0,0.0,nan,0.0,nan,0.0,nan,0.0,nan
3,14,right,1,-0.1501,1,0.0,nan,0.0,nan,0.0,nan,0.0,nan
3,15,left,1,0.1433,1,0.0,nan,0.0,nan,0.0,nan,0.0,nan
3,16,left,0,-0.2329,0,0.0,nan,0.0,nan,0.0,nan,0.0,nan
3,17,left,1,0.1209,1,0.0,nan,0.0,nan,0.0,nan,0.0,nan
3,18,left,0,-0.2345,0,0.0,nan,0.0,nan,0.0,nan,0.0,nan
3,19,left,1,0.1329,1,0.0,nan,0.0,nan,0.0,nan,0.0,nan
3,20,left,1,0.1239,1,0.0,nan,0.0,nan,0.0,nan,0.0,nan
3,21,right,0,0.1455,0,0.0,nan,0.0,nan,0.0,nan,0.0,nan
3,22,left,1,-0.4025,0,0.0,nan,0.0,nan,0.0,nan,0.0,nan
3,23,right,1,-0.1473,1,0.0,nan,0.0,nan,0.0,nan,0.0,nan
3,24,left,1,-0.4017,0,0.0,nan,0.0,nan,0.0,nan,0.0,nan
3,25,left,1,0.1191,1,0.0,nan,0.0,nan,0.0,nan,0.0,nan
3,26,right,0,0.1301,0,0.0,nan,0.0,nan,0.0,nan,0.0,nan
3,27,right,0,0.1433,0,0.0,nan,0.0,nan,0.0,nan,0.0,nan
3,28,right,0,0.1699,0,0.0,nan,0.0,nan,0.0,nan,0.0,nan
3,29,right,1,-0.1513,1,0.0,nan,0.0,nan,0.0,nan,0.0,nan
3,30,right,1,-0.1387,1,0.0,nan,0.0,nan,0.0,nan,0.0,nan
3,31,left,0,-0.1883,0,0.0,nan,0.0,nan,0.0,nan,0.0,nan
3,32,left,0,-0.2079,0,0.0,nan,0.0,nan,0.0,nan,0.0,nan
3,33,right,0,0.1451,0,0.0,nan,0.0,nan,0.0,nan,0.0,nan
3,34,left,0,-0.1755,0,0.0,nan,0.0,nan,0.0,nan,0.0,nan
3,35,left,1,0.1209,1,0.0,nan,0.0,nan,0.0,nan,0.0,nan
3,36,right,0,0.1345,0,0.0,nan,0.0,nan,0.0,nan,0.0,nan
3,37,right,1,0.3719,0,0.0,nan,0.0,nan,0.0,nan,0.0,nan
3,38,left,1,-0.3877,0,0.0,nan,0.0,nan,0.0,nan,0.0,nan
3,39,right,1,-0.1435,1,0.0,nan,0.0,nan,0.0,nan,0.0,nan
3,40,right,0,0.2049,0,0.0,nan,0.0,nan,0.0,nan,0.0,nan
3,41,left,0,-0.2307,0,0.0,nan,0.0,nan,0.0,nan,0.0,nan
3,42,left,0,-0.1873,0,0.0,nan,0.0,nan,0.0,nan,0.0,nan
3,43,right,0,0.1311,0,0.0,nan,0.0,nan,0.0,nan,0.0,nan
3,44,left,0,-0.1785,0,0.0,nan,0.0,nan,0.0,nan,0.0,nan
3,45,left,1,-0.3841,0,0.0,nan,0.0,nan,0.0,nan,0.0,nan
3,46,left,1,0.1213,1,0.0,nan,0.0,nan,0.0,nan,0.0,nan
3,47,left,1,0.1249,1,0.0,nan,0.0,nan,0.0,nan,0.0,nan
3,48,right,1,0.3565,0,0.0,nan,0.0,nan,0.0,nan,0.0,nan
3,49,left,1,0.1129,1,0.0,nan,0.0,nan,0.0,nan,0.0,nan
3,50,left,0,-0.2367,0,0.0,nan,0.0,nan,0.0,nan,0.0,nan
3,51,left,0,-0.1677,0,0.0,nan,0.0,nan,0.0,nan,0.0,nan
3,52,left,0,-0.2235,0,0.0,nan,0.0,nan,0.0,nan,0.0,nan
3,53,right,0,0.1895,0,0.0,nan,0.0,nan,0.0,nan,0.0,nan
3,54,left,1,-0.3917,0,0.0,nan,0.0,nan,0.0,nan,0.0,nan
3,55,left,1,-0.4011,0,0.0,nan,0.0,nan,0.0,nan,0.0,nan
3,56,right,0,0.1623,0,0.0,nan,0.0,nan,0.0,nan,0.0,nan
3,57,left,1,-0.3999,0,0.0,nan,0.0,nan,0.0,nan,0.0,nan
3,58,right,1,0.3733,0,0.0,nan,0.0,nan,0.0,nan,0.0,nan
3,59,left,1,-0.3919,0,0.0,nan,0.0,nan,0.0,nan,0.0,nan
3,60,left,1,-0.3889,0,0.0,nan,0.0,nan,0.0,nan,0.0,nan
3,61,right,0,0.1549,0,0.0,nan,0.0,nan,0.0,nan,0.0,nan
3,62,right,1,0.3755,0,0.0,nan,0.0,nan,0.0,nan,0.0,nan
3,63,right,1,0.3729,0,0.0,nan,0.0,nan,0.0,nan,0.0,nan
3,64,left,0,-0.1587,0,0.0,nan,0.0,nan,0.0,nan,0.0,nan
3,65,left,1,0.1483,1,0.0,nan,0.0,nan,0.0,nan,0.0,nan
3,66,left,0,-0.2373,0,0.0,nan,0.0,nan,0.0,nan,0.0,nan
3,67,right,1,0.3701,0,0.0,nan,0.0,nan,0.0,nan,0.0,nan
3,68,right,1,0.3717,0,0.0,nan,0.0,nan,0.0,nan,0.0,nan
3,69,left,1,0.1263,1,0.0,nan,0.0,nan,0.0,nan,0.0,nan
3,70,right,1,0.3783,0,0.0,nan,0.0,nan,0.0,nan,0.0,nan
3,71,left,0,-0.1841,0,0.0,nan,0.0,nan,0.0,nan,0.0,nan
3,72,left,1,0.1291,1,0.0,nan,0.0,nan,0.0,nan,0.0,nan
3,73,left,0,-0.2345,0,0.0,nan,0.0,nan,0.0,nan,0.0,nan
3,74,right,0,0.1617,0,0.0,nan,0.0,nan,0.0,nan,0.0,nan
3,75,left,1,0.1457,1,0.0,nan,0.0,nan,0.0,nan,0.0,nan
3,76,right,1,0.3637,0,0.0,nan,0.0,nan,0.0,nan,0.0,nan
3,77,left,1,-0.3931,0,0.0,nan,0.0,nan,0.0,nan,0.0,nan
3,78,right,0,0.1439,0,0.0,nan,0.0,nan,0.0,nan,0.0,nan
3,79,left,1,0.1235,1,0.0,nan,0.0,nan,0.0,nan,0.0,nan
3,80,right,1,0.3731,0,0.0,nan,0.0,nan,0.0,nan,0.0,nan
3,81,right,1,-0.1399,1,0.0,nan,0.0,nan,0.0,nan,0.0,nan
3,82,left,1,0.1263,1,0.0,nan,0.0,nan,0.0,nan,0.0,nan
3,83,left,1,-0.4169,0,0.0,nan,0.0,nan,0.0,nan,0.0,nan
3,84,left,1,-0.4039,0,0.0,nan,0.0,nan,0.0,nan,0.0,nan
3,85,left,0,-0.2251,0,0.0,nan,0.0,nan,0.0,nan,0.0,nan
3,86,right,0,0.1485,0,0.0,nan,0.0,nan,0.0,nan,0.0,nan
3,87,left,0,-0.1797,0,0.0,nan,0.0,nan,0.0,nan,0.0,nan
3,88,right,0,0.1411,0,0.0,nan,0.0,nan,0.0,nan,0.0,nan
3,89,right,1,-0.1467,1,0.0,nan,0.0,nan,0.0,nan,0.0,nan
3,90,right,1,0.3799,0,0.0,nan,0.0,nan,0.0,nan,0.0,nan
3,91,left,0,-0.1767,0,0.0,nan,0.0,nan,0.0,nan,0.0,nan
3,92,right,0,0.1551,0,0.0,nan,0.0,nan,0.0,nan,0.0,nan
3,93,right,1,-0.1499,1,0.0,nan,0.0,nan,0.0,nan,0.0,nan
3,94,left,1,0.1303,1,0.0,nan,0.0,nan,0.0,nan,0.0,nan
3,95,right,1,-0.1471,1,0.0,nan,0.0,nan,0.0,nan,0.0,nan
3,96,right,1,-0.1381,1,0.0,nan,0.0,nan,0.0,nan,0.0,nan
3,97,left,1,0.1245,1,0.0,nan,0.0,nan,0.0,nan,0.0,nan
3,98,left,0,-0.2473,0,0.0,nan,0.0,nan,0.0,nan,0.0,nan
3,99,right,1,-0.1379,1,0.0,nan,0.0,nan,0.0,nan,0.0,nan
4,0,right,1,0.3673,0,0.0,nan,0.0,nan,0.0,nan,0.0,nan
4,1,left,0,-0.2091,0,0.0,nan,0.0,nan,0.0,nan,0.0,nan
4,2,right,0,0.1669,0,0.0,nan,0.0,nan,0.0,nan,0.0,nan
4,3,right,1,-0.1331,1,0.0,nan,0.0,nan,0.0,nan,0.0,nan
4,4,left,0,-0.1809,0,0.0,nan,0.0,nan,0.0,nan,0.0,nan
4,5,right,0,0.1775,0,0.0,nan,0.0,nan,0.0,nan,0.0,nan
4,6,left,1,-0.4215,0,0.0,nan,0.0,nan,0.0,nan,0.0,nan
4,7,left,0,-0.1815,0,0.0,nan,0.0,nan,0.0,nan,0.0,nan
4,8,right,1,-0.1447,1,0.0,nan,0.0,nan,0.0,nan,0.0,nan
4,9,right,0,0.1875,0,0.0,nan,0.0,nan,0.0,nan,0.0,nan
4,10,left,1,0.1115,1,0.0,nan,0.0,nan,0.0,nan,0.0,nan
4,11,left,0,-0.2279,0,0.0,nan,0.0,nan,0.0,nan,0.0,nan
4,12,right,1,0.3713,0,0.0,nan,0.0,nan,0.0,nan,0.0,nan
4,13,left,1,-0.4199,0,0.0,nan,0.0,nan,0.0,nan,0.0,nan
4,14,right,1,0.3891,0,0.0,nan,0.0,nan,0.0,nan,0.0,nan
4,15,right,1,0.3789,0,0.0,nan,0.0,nan,0.0,nan,0.0,nan
4,16,left,1,-0.4195,0,0.0,nan,0.0,nan,0.0,nan,0.0,nan
4,17,left,0,-0.1559,0,0.0,nan,0.0,nan,0.0,nan,0.0,nan
4,18,right,1,-0.1367,1,0.0,nan,0.0,nan,0.0,nan,0.0,nan
4,19,right,1,-0.1285,1,0.0,nan,0.0,nan,0.0,nan,0.0,nan
4,20,right,0,0.1715,0,0.0,nan,0.0,nan,0.0,nan,0.0,nan
4,21,left,0,-0.1847,0,0.0,nan,0.0,nan,0.0,nan,0.0,nan
4,22,left,1,-0.4089,0,0.0,nan,0.0,nan,0.0,nan,0.0,nan
4,23,left,0,-0.1813,0,0.0,nan,0.0,nan,0.0,nan,0.0,nan
4,24,right,1,-0.1355,1,0.0,nan,0.0,nan,0.0,nan,0.0,nan
4,25,left,1,-0.4053,0,0.0,nan,0.0,nan,0.0,nan,0.0,nan
4,26,right,0,0.1617,0,0.0,nan,0.0,nan,0.0,nan,0.0,nan
4,27,left,1,0.1191,1,0.0,nan,0.0,nan,0.0,nan,0.0,nan
4,28,left,0,-0.2127,0,0.0,nan,0.0,nan,0.0,nan,0.0,nan
4,29,left,0,-0.1625,0,0.0,nan,0.0,nan,0.0,nan,0.0,nan
4,30,right,1,0.3789,0,0.0,nan,0.0,nan,0.0,nan,0.0,nan
4,31,left,0,-0.1797,0,0.0,nan,0.0,nan,0.0,nan,0.0,nan
4,32,left,1,-0.4003,0,0.0,nan,0.0,nan,0.0,nan,0.0,nan
4,33,right,1,0.3997,0,0.0,nan,0.0,nan,0.0,nan,0.0,nan
4,34,right,1,-0.1531,1,0.0,nan,0.0,nan,0.0,nan,0.0,nan
4,35,left,1,-0.4001,0,0.0,nan,0.0,nan,0.0,nan,0.0,nan
4,36,right,0,0.1735,0,0.0,nan,0.0,nan,0.0,nan,0.0,nan
4,37,left,1,-0.3833,0,0.0,nan,0.0,nan,0.0,nan,0.0,nan
4,38,left,1,-0.3979,0,0.0,nan,0.0,nan,0.0,nan,0.0,nan
4,39,right,1,-0.1291,1,0.0,nan,0.0,nan,0.0,nan,0.0,nan
4,40,left,1,-0.4127,0,0.0,nan,0.0,nan,0.0,nan,0.0,nan
4,41,left,1,0.1285,1,0.0,nan,0.0,nan,0.0,nan,0.0,nan
4,42,right,1,0.3815,0,0.0,nan,0.0,nan,0.0,nan,0.0,nan
4,43,left,0,-0.1739,0,0.0,nan,0.0,nan,0.0,nan,0.0,nan
4,44,right,1,-0.1345,1,0.0,nan,0.0,nan,0.0,nan,0.0,nan
4,45,left,0,-0.1751,0,0.0,nan,0.0,nan,0.0,nan,0.0,nan
4,46,left,0,-0.1821,0,0.0,nan,0.0,nan,0.0,nan,0.0,nan
4,47,right,1,-0.1239,1,0.0,nan,0.0,nan,0.0,nan,0.0,nan
4,48,right,0,0.2027,0,0.0,nan,0.0,nan,0.0,nan,0.0,nan
4,49,left,1,0.1183,1,0.0,nan,0.0,nan,0.0,nan,0.0,nan
4,50,left,0,-0.2185,0,0.0,nan,0.0,nan,0.0,nan,0.0,nan
4,51,left,1,0.1219,1,0.0,nan,0.0,nan,0.0,nan,0.0,nan
4,52,right,1,-0.1391,1,0.0,nan,0.0,nan,0.0,nan,0.0,nan
4,53,left,0,-0.1811,0,0.0,nan,0.0,nan,0.0,nan,0.0,nan
4,54,right,1,-0.1197,1,0.0,nan,0.0,nan,0.0,nan,0.0,nan
4,55,right,1,-0.1263,1,0.0,nan,0.0,nan,0.0,nan,0.0,nan
4,56,right,1,-0.1165,1,0.0,nan,0.0,nan,0.0,nan,0.0,nan
4,57,left,0,-0.1785,0,0.0,nan,0.0,nan,0.0,nan,0.0,nan
4,58,right,0,0.1883,0,0.0,nan,0.0,nan,0.0,nan,0.0,nan
4,59,right,1,-0.1239,1,0.0,nan,0.0,nan,0.0,nan,0.0,nan
4,60,left,1,0.1145,1,0.0,nan,0.0,nan,0.0,nan,0.0,nan
4,61,right,1,0.3755,0,0.0,nan,0.0,nan,0.0,nan,0.0,nan
4,62,left,1,-0.4017,0,0.0,nan,0.0,nan,0.0,nan,0.0,nan
4,63,right,1,-0.1279,1,0.0,nan,0.0,nan,0.0,nan,0.0,nan
4,64,left,1,-0.4069,0,0.0,nan,0.0,nan,0.0,nan,0.0,nan
4,65,right,1,0.4033,0,0.0,nan,0.0,nan,0.0,nan,0.0,nan
4,66,right,1,0.3589,0,0.0,nan,0.0,nan,0.0,nan,0.0,nan
4,67,right,1,0.3957,0,0.0,nan,0.0,nan,0.0,nan,0.0,nan
4,68,left,0,-0.2033,0,0.0,nan,0.0,nan,0.0,nan,0.0,nan
4,69,right,1,0.3741,0,0.0,nan,0.0,nan,0.0,nan,0.0,nan
4,70,right,0,0.1511,0,0.0,nan,0.0,nan,0.0,nan,0.0,nan
4,71,left,1,-0.4111,0,0.0,nan,0.0,nan,0.0,nan,0.0,nan
4,72,right,1,-0.1227,1,0.0,nan,0.0,nan,0.0,nan,0.0,nan
4,73,right,0,0.1979,0,0.0,nan,0.0,nan,0.0,nan,0.0,nan
4,74,left,1,-0.4045,0,0.0,nan,0.0,nan,0.0,nan,0.0,nan
4,75,right,0,0.1735,0,0.0,nan,0.0,nan,0.0,nan,0.0,nan
4,76,left,1,0.1215,1,0.0,nan,0.0,nan,0.0,nan,0.0,nan
4,77,left,0,-0.2115,0,0.0,nan,0.0,nan,0.0,nan,0.0,nan
4,78,left,1,-0.3899,0,0.0,nan,0.0,nan,0.0,nan,0.0,nan
4,79,left,0,-0.1475,0,0.0,nan,0.0,nan,0.0,nan,0.0,nan
4,80,left,1,-0.4011,0,0.0,nan,0.0,nan,0.0,nan,0.0,nan
4,81,left,1,0.1179,1,0.0,nan,0.0,nan,0.0,nan,0.0,nan
4,82,left,1,0.1181,1,0.0,nan,0.0,nan,0.0,nan,0.0,nan
4,83,left,1,-0.4025,0,0.0,nan,0.0,nan,0.0,nan,0.0,nan
4,84,left,1,-0.4103,0,0.0,nan,0.0,nan,0.0,nan,0.0,nan
4,85,left,1,-0.4127,0,0.0,nan,0.0,nan,0.0,nan,0.0,nan
4,86,left,1,0.1103,1,0.0,nan,0.0,nan,0.0,nan,0.0,nan
4,87,right,1,0.3933,0,0.0,nan,0.0,nan,0.0,nan,0.0,nan
4,88,left,1,-0.4011,0,0.0,nan,0.0,nan,0.0,nan,0.0,nan
4,89,left,1,-0.3981,0,0.0,nan,0.0,nan,0.0,nan,0.0,nan
4,90,right,0,0.1623,0,0.0,nan,0.0,nan,0.0,nan,0.0,nan
4,91,left,0,-0.1891,0,0.0,nan,0.0,nan,0.0,nan,0.0,nan
4,92,left,0,-0.1647,0,0.0,nan,0.0,nan,0.0,nan,0.0,nan
4,93,left,1,-0.4125,0,0.0,nan,0.0,nan,0.0,nan,0.0,nan
4,94,right,0,0.1617,0,0.0,nan,0.0,nan,0.0,nan,0.0,nan
4,95,left,1,0.1283,1,0.0,nan,0.0,nan,0.0,nan,0.0,nan
4,96,right,0,0.1661,0,0.0,nan,0.0,nan,0.0,nan,0.0,nan
4,97,right,0,0.1569,0,0.0,nan,0.0,nan,0.0,nan,0.0,nan
4,98,right,1,-0.1317,1,0.0,nan,0.0,nan,0.0,nan,0.0,nan
4,99,right,0,0.1853,0,0.0,nan,0.0,nan,0.0,nan,0.0,nan
