ep,t,good_side,explore,v,correct,e_ll,g_ll,e_lr,g_lr,e_rl,g_rl,e_rr,g_rr
0,0,left,1,-0.4442,0,0.0,nan,0.0,nan,0.0,nan,0.0,nan
0,1,right,1,-0.1442,1,0.0,nan,0.0,nan,0.0,nan,0.0,nan
0,2,left,1,0.1006,1,0.0,nan,0.0,nan,0.0,nan,0.0,nan
0,3,right,0,0.1068,0,0.0,nan,0.0,nan,0.0,nan,0.0,nan
0,4,right,1,0.4372,0,0.0,nan,0.0,nan,0.0,nan,0.0,nan
0,5,right,1,0.4458,0,0.0,nan,0.0,nan,0.0,nan,0.0,nan
0,6,right,0,0.0898,0,0.0,nan,0.0,nan,0.0,nan,0.0,nan
0,7,right,0,0.0912,0,0.0,nan,0.0,nan,0.0,nan,0.0,nan
0,8,left,1,0.1074,1,0.0,nan,0.0,nan,0.0,nan,0.0,nan
0,9,left,1,-0.4594,0,0.0,nan,0.0,nan,0.0,nan,0.0,nan
0,10,right,0,0.1084,0,0.0,nan,0.0,nan,0.0,nan,0.0,nan
0,11,right,1,0.4312,0,0.0,nan,0.0,nan,0.0,nan,0.0,nan
0,12,right,0,0.0924,0,0.0,nan,0.0,nan,0.0,nan,0.0,nan
0,13,right,1,0.4436,0,0.0,nan,0.0,nan,0.0,nan,0.0,nan
0,14,left,0,-0.1192,0,0.0,nan,0.0,nan,0.0,nan,0.0,nan
0,15,left,0,-0.1154,0,0.0,nan,0.0,nan,0.0,nan,0.0,nan
0,16,left,0,-0.115,0,0.0,nan,0.0,nan,0.0,nan,0.0,nan
0,17,right,1,0.4358,0,0.0,nan,0.0,nan,0.0,nan,0.0,nan
0,18,left,0,-0.1188,0,0.0,nan,0.0,nan,0.0,nan,0.0,nan
0,19,right,1,-0.1886,1,0.0,nan,0.0,nan,0.0,nan,0.0,nan
0,20,right,1,-0.2252,1,0.0,nan,0.0,nan,0.0,nan,0.0,nan
0,21,left,1,-0.4558,0,0.0,nan,0.0,nan,0.0,nan,0.0,nan
0,22,right,0,0.0874,0,0.0,nan,0.0,nan,0.0,nan,0.0,nan
0,23,left,0,-0.1272,0,0.0,nan,0.0,nan,0.0,nan,0.0,nan
0,24,left,0,-0.1028,0,0.0,nan,0.0,nan,0.0,nan,0.0,nan
0,25,left,1,-0.4632,0,0.0,nan,0.0,nan,0.0,nan,0.0,nan
0,26,left,1,-0.451,0,0.0,nan,0.0,nan,0.0,nan,0.0,nan
0,27,right,1,0.405,0,0.0,nan,0.0,nan,0.0,nan,0.0,nan
0,28,left,1,-0.4668,0,0.0,nan,0.0,nan,0.0,nan,0.0,nan
0,29,right,1,-0.2442,1,0.0,nan,0.0,nan,0.0,nan,0.0,nan
0,30,left,1,-0.4426,0,0.0,nan,0.0,nan,0.0,nan,0.0,nan
0,31,right,1,0.41,0,0.0,nan,0.0,nan,0.0,nan,0.0,nan
0,32,left,1,-0.4396,0,0.0,nan,0.0,nan,0.0,nan,0.0,nan
0,33,left,1,-0.45,0,0.0,nan,0.0,nan,0.0,nan,0.0,nan
0,34,right,1,-0.239,1,0.0,nan,0.0,nan,0.0,nan,0.0,nan
0,35,right,0,0.0708,0,0.0,nan,0.0,nan,0.0,nan,0.0,nan
0,36,left,1,0.165,1,0.0,nan,0.0,nan,0.0,nan,0.0,nan
0,37,left,0,-0.0904,0,0.0,nan,0.0,nan,0.0,nan,0.0,nan
0,38,right,1,-0.2478,1,0.0,nan,0.0,nan,0.0,nan,0.0,nan
0,39,right,1,-0.2496,1,0.0,nan,0.0,nan,0.0,nan,0.0,nan
0,40,right,1,0.3772,0,0.0,nan,0.0,nan,0.0,nan,0.0,nan
0,41,left,0,-0.0892,0,0.0,nan,0.0,nan,0.0,nan,0.0,nan
0,42,right,0,0.071,0,0.0,nan,0.0,nan,0.0,nan,0.0,nan
0,43,left,1,-0.4312,0,0.0,nan,0.0,nan,0.0,nan,0.0,nan
0,44,right,1,-0.2604,1,0.0,nan,0.0,nan,0.0,nan,0.0,nan
0,45,left,0,-0.0924,0,0.0,nan,0.0,nan,0.0,nan,0.0,nan
0,46,left,1,-0.4188,0,0.0,nan,0.0,nan,0.0,nan,0.0,nan
0,47,right,1,0.373,0,0.0,nan,0.0,nan,0.0,nan,0.0,nan
0,48,right,1,0.3846,0,0.0,nan,0.0,nan,0.0,nan,0.0,nan
0,49,right,0,0.0616,0,0.0,nan,0.0,nan,0.0,nan,0.0,nan
0,50,right,1,0.3764,0,0.0,nan,0.0,nan,0.0,nan,0.0,nan
0,51,right,0,0.0526,0,0.0,nan,0.0,nan,0.0,nan,0.0,nan
0,52,right,0,0.061,0,0.0,nan,0.0,nan,0.0,nan,0.0,nan
0,53,left,1,0.1902,1,0.0,nan,0.0,nan,0.0,nan,0.0,nan
0,54,left,1,-0.4208,0,0.0,nan,0.0,nan,0.0,nan,0.0,nan
0,55,left,0,-0.084,0,0.0,nan,0.0,nan,0.0,nan,0.0,nan
0,56,right,1,-0.2538,1,0.0,nan,0.0,nan,0.0,nan,0.0,nan
0,57,right,1,-0.2458,1,0.0,nan,0.0,nan,0.0,nan,0.0,nan
0,58,left,0,-0.0798,0,0.0,nan,0.0,nan,0.0,nan,0.0,nan
0,59,left,1,-0.4054,0,0.0,nan,0.0,nan,0.0,nan,0.0,nan
0,60,right,0,0.0892,0,0.0,nan,0.0,nan,0.0,nan,0.0,nan
0,61,left,1,-0.409,0,0.0,nan,0.0,nan,0.0,nan,0.0,nan
0,62,right,1,-0.254,1,0.0,nan,0.0,nan,0.0,nan,0.0,nan
0,63,right,1,0.3774,0,0.0,nan,0.0,nan,0.0,nan,0.0,nan
0,64,right,1,0.3786,0,0.0,nan,0.0,nan,0.0,nan,0.0,nan
0,65,left,1,-0.4142,0,0.0,nan,0.0,nan,0.0,nan,0.0,nan
0,66,right,1,0.364,0,0.0,nan,0.0,nan,0.0,nan,0.0,nan
0,67,left,0,-0.0982,0,0.0,nan,0.0,nan,0.0,nan,0.0,nan
0,68,right,0,0.0866,0,0.0,nan,0.0,nan,0.0,nan,0.0,nan
0,69,right,1,-0.2538,1,0.0,nan,0.0,nan,0.0,nan,0.0,nan
0,70,right,0,0.106,0,0.0,nan,0.0,nan,0.0,nan,0.0,nan
0,71,right,0,0.027,0,0.0,nan,0.0,nan,0.0,nan,0.0,nan
0,72,left,1,-0.4102,0,0.0,nan,0.0,nan,0.0,nan,0.0,nan
0,73,left,1,0.2106,1,0.0,nan,0.0,nan,0.0,nan,0.0,nan
0,74,left,1,-0.4106,0,0.0,nan,0.0,nan,0.0,nan,0.0,nan
0,75,right,1,-0.245,1,0.0,nan,0.0,nan,0.0,nan,0.0,nan
0,76,right,1,0.3856,0,0.0,nan,0.0,nan,0.0,nan,0.0,nan
0,77,right,1,0.3694,0,0.0,nan,0.0,nan,0.0,nan,0.0,nan
0,78,left,1,-0.4036,0,0.0,nan,0.0,nan,0.0,nan,0.0,nan
0,79,left,1,-0.4094,0,0.0,nan,0.0,nan,0.0,nan,0.0,nan
0,80,right,1,-0.238,1,0.0,nan,0.0,nan,0.0,nan,0.0,nan
0,81,left,1,0.2252,1,0.0,nan,0.0,nan,0.0,nan,0.0,nan
0,82,left,0,-0.1402,0,0.0,nan,0.0,nan,0.0,nan,0.0,nan
0,83,right,1,0.3732,0,0.0,nan,0.0,nan,0.0,nan,0.0,nan
0,84,right,0,0.0988,0,0.0,nan,0.0,nan,0.0,nan,0.0,nan
0,85,right,1,0.3684,0,0.0,nan,0.0,nan,0.0,nan,0.0,nan
0,86,left,0,-0.1094,0,0.0,nan,0.0,nan,0.0,nan,0.0,nan
0,87,left,1,0.214,1,0.0,nan,0.0,nan,0.0,nan,0.0,nan
0,88,left,1,0.2076,1,0.0,nan,0.0,nan,0.0,nan,0.0,nan
0,89,left,1,0.206,1,0.0,nan,0.0,nan,0.0,nan,0.0,nan
0,90,right,1,0.369,0,0.0,nan,0.0,nan,0.0,nan,0.0,nan
0,91,right,1,-0.2218,1,0.0,nan,0.0,nan,0.0,nan,0.0,nan
0,92,right,1,-0.2026,1,0.0,nan,0.0,nan,0.0,nan,0.0,nan
0,93,right,0,0.1508,0,0.0,nan,0.0,nan,0.0,nan,0.0,nan
0,94,left,0,-0.1556,0,0.0,nan,0.0,nan,0.0,nan,0.0,nan
0,95,right,1,-0.213,1,0.0,nan,0.0,nan,0.0,nan,0.0,nan
0,96,left,1,-0.393,0,0.0,nan,0.0,nan,0.0,nan,0.0,nan
0,97,left,0,-0.1434,0,0.0,nan,0.0,nan,0.0,nan,0.0,nan
0,98,right,0,0.1258,0,0.0,nan,0.0,nan,0.0,nan,0.0,nan
0,99,right,1,-0.2058,1,0.0,nan,0.0,nan,0.0,nan,0.0,nan
1,0,left,1,-0.3423,0,0.0,nan,0.0,nan,0.0,nan,0.0,nan
1,1,left,1,0.2229,1,0.0,nan,0.0,nan,0.0,nan,0.0,nan
1,2,left,1,-0.3425,0,0.0,nan,0.0,nan,0.0,nan,0.0,nan
1,3,left,1,0.2281,1,0.0,nan,0.0,nan,0.0,nan,0.0,nan
1,4,left,0,-0.1099,0,0.0,nan,0.0,nan,0.0,nan,0.0,nan
1,5,right,1,0.4285,0,0.0,nan,0.0,nan,0.0,nan,0.0,nan
1,6,right,1,0.4129,0,0.0,nan,0.0,nan,0.0,nan,0.0,nan
1,7,left,0,-0.0793,0,0.0,nan,0.0,nan,0.0,nan,0.0,nan
1,8,left,1,-0.3411,0,0.0,nan,0.0,nan,0.0,nan,0.0,nan
1,9,left,1,0.2267,1,0.0,nan,0.0,nan,0.0,nan,0.0,nan
1,10,right,0,0.1377,0,0.0,nan,0.0,nan,0.0,nan,0.0,nan
1,11,left,0,-0.0751,0,0.0,nan,0.0,nan,0.0,nan,0.0,nan
1,12,right,0,0.1683,0,0.0,nan,0.0,nan,0.0,nan,0.0,nan
1,13,left,1,0.2321,1,0.0,nan,0.0,nan,0.0,nan,0.0,nan
1,14,left,1,-0.3501,0,0.0,nan,0.0,nan,0.0,nan,0.0,nan
1,15,right,0,0.1447,0,0.0,nan,0.0,nan,0.0,nan,0.0,nan
1,16,right,0,0.1435,0,0.0,nan,0.0,nan,0.0,nan,0.0,nan
1,17,left,1,-0.3473,0,0.0,nan,0.0,nan,0.0,nan,0.0,nan
1,18,left,1,0.2243,1,0.0,nan,0.0,nan,0.0,nan,0.0,nan
1,19,left,1,0.2273,1,0.0,nan,0.0,nan,0.0,nan,0.0,nan
1,20,left,1,0.2281,1,0.0,nan,0.0,nan,0.0,nan,0.0,nan
1,21,right,1,-0.1423,1,0.0,nan,0.0,nan,0.0,nan,0.0,nan
1,22,right,0,0.2009,0,0.0,nan,0.0,nan,0.0,nan,0.0,nan
1,23,left,0,-0.1225,0,0.0,nan,0.0,nan,0.0,nan,0.0,nan
1,24,right,1,-0.1275,1,0.0,nan,0.0,nan,0.0,nan,0.0,nan
1,25,left,1,0.2181,1,0.0,nan,0.0,nan,0.0,nan,0.0,nan
1,26,right,1,-0.1331,1,0.0,nan,0.0,nan,0.0,nan,0.0,nan
1,27,left,0,-0.0927,0,0.0,nan,0.0,nan,0.0,nan,0.0,nan
1,28,left,1,-0.3429,0,0.0,nan,0.0,nan,0.0,nan,0.0,nan
1,29,right,1,-0.1225,1,0.0,nan,0.0,nan,0.0,nan,0.0,nan
1,30,right,1,0.4213,0,0.0,nan,0.0,nan,0.0,nan,0.0,nan
1,31,left,0,-0.0913,0,0.0,nan,0.0,nan,0.0,nan,0.0,nan
1,32,left,0,-0.0989,0,0.0,nan,0.0,nan,0.0,nan,0.0,nan
1,33,left,1,0.2065,1,0.0,nan,0.0,nan,0.0,nan,0.0,nan
1,34,right,0,0.1875,0,0.0,nan,0.0,nan,0.0,nan,0.0,nan
1,35,right,0,0.1653,0,0.0,nan,0.0,nan,0.0,nan,0.0,nan
1,36,right,0,0.1943,0,0.0,nan,0.0,nan,0.0,nan,0.0,nan
1,37,right,1,0.4173,0,0.0,nan,0.0,nan,0.0,nan,0.0,nan
1,38,left,1,0.2077,1,0.0,nan,0.0,nan,0.0,nan,0.0,nan
1,39,left,0,-0.1433,0,0.0,nan,0.0,nan,0.0,nan,0.0,nan
1,40,right,1,0.4215,0,0.0,nan,0.0,nan,0.0,nan,0.0,nan
1,41,right,1,0.4203,0,0.0,nan,0.0,nan,0.0,nan,0.0,nan
1,42,right,1,0.4155,0,0.0,nan,0.0,nan,0.0,nan,0.0,nan
1,43,left,1,0.2061,1,0.0,nan,0.0,nan,0.0,nan,0.0,nan
1,44,right,0,0.1637,0,0.0,nan,0.0,nan,0.0,nan,0.0,nan
1,45,left,1,-0.3471,0,0.0,nan,0.0,nan,0.0,nan,0.0,nan
1,46,left,1,0.2121,1,0.0,nan,0.0,nan,0.0,nan,0.0,nan
1,47,left,0,-0.1389,0,0.0,nan,0.0,nan,0.0,nan,0.0,nan
1,48,left,1,-0.3553,0,0.0,nan,0.0,nan,0.0,nan,0.0,nan
1,49,right,1,0.4165,0,0.0,nan,0.0,nan,0.0,nan,0.0,nan
1,50,left,1,-0.3635,0,0.0,nan,0.0,nan,0.0,nan,0.0,nan
1,51,right,1,-0.1265,1,0.0,nan,0.0,nan,0.0,nan,0.0,nan
1,52,right,0,0.2117,0,0.0,nan,0.0,nan,0.0,nan,0.0,nan
1,53,left,0,-0.1335,0,0.0,nan,0.0,nan,0.0,nan,0.0,nan
1,54,right,0,0.1843,0,0.0,nan,0.0,nan,0.0,nan,0.0,nan
1,55,right,1,0.4103,0,0.0,nan,0.0,nan,0.0,nan,0.0,nan
1,56,right,1,-0.1297,1,0.0,nan,0.0,nan,0.0,nan,0.0,nan
1,57,left,0,-0.0871,0,0.0,nan,0.0,nan,0.0,nan,0.0,nan
1,58,right,0,0.1801,0,0.0,nan,0.0,nan,0.0,nan,0.0,nan
1,59,left,1,-0.3523,0,0.0,nan,0.0,nan,0.0,nan,0.0,nan
1,60,right,1,-0.1281,1,0.0,nan,0.0,nan,0.0,nan,0.0,nan
1,61,left,1,0.2087,1,0.0,nan,0.0,nan,0.0,nan,0.0,nan
1,62,right,1,-0.1327,1,0.0,nan,0.0,nan,0.0,nan,0.0,nan
1,63,left,1,0.1975,1,0.0,nan,0.0,nan,0.0,nan,0.0,nan
1,64,right,0,0.1801,0,0.0,nan,0.0,nan,0.0,nan,0.0,nan
1,65,left,1,0.1915,1,0.0,nan,0.0,nan,0.0,nan,0.0,nan
1,66,left,0,-0.1611,0,0.0,nan,0.0,nan,0.0,nan,0.0,nan
1,67,right,0,0.2173,0,0.0,nan,0.0,nan,0.0,nan,0.0,nan
1,68,left,0,-0.1215,0,0.0,nan,0.0,nan,0.0,nan,0.0,nan
1,69,right,0,0.1963,0,0.0,nan,0.0,nan,0.0,nan,0.0,nan
1,70,right,0,0.1751,0,0.0,nan,0.0,nan,0.0,nan,0.0,nan
1,71,right,0,0.1797,0,0.0,nan,0.0,nan,0.0,nan,0.0,nan
1,72,left,0,-0.1359,0,0.0,nan,0.0,nan,0.0,nan,0.0,nan
1,73,left,0,-0.0957,0,0.0,nan,0.0,nan,0.0,nan,0.0,nan
1,74,right,1,0.4003,0,0.0,nan,0.0,nan,0.0,nan,0.0,nan
1,75,left,0,-0.1091,0,0.0,nan,0.0,nan,0.0,nan,0.0,nan
1,76,right,1,-0.1297,1,0.0,nan,0.0,nan,0.0,nan,0.0,nan
1,77,left,1,0.2041,1,0.0,nan,0.0,nan,0.0,nan,0.0,nan
1,78,right,0,0.1683,0,0.0,nan,0.0,nan,0.0,nan,0.0,nan
1,79,right,0,0.1805,0,0.0,nan,0.0,nan,0.0,nan,0.0,nan
1,80,right,0,0.1703,0,0.0,nan,0.0,nan,0.0,nan,0.0,nan
1,81,left,0,-0.1199,0,0.0,nan,0.0,nan,0.0,nan,0.0,nan
1,82,left,1,-0.3535,0,0.0,nan,0.0,nan,0.0,nan,0.0,nan
1,83,left,0,-0.1003,0,0.0,nan,0.0,nan,0.0,nan,0.0,nan
1,84,right,0,0.1655,0,0.0,nan,0.0,nan,0.0,nan,0.0,nan
1,85,left,1,0.1979,1,0.0,nan,0.0,nan,0.0,nan,0.0,nan
1,86,left,0,-0.1379,0,0.0,nan,0.0,nan,0.0,nan,0.0,nan
1,87,left,1,0.1903,1,0.0,nan,0.0,nan,0.0,nan,0.0,nan
1,88,right,0,0.1629,0,0.0,nan,0.0,nan,0.0,nan,0.0,nan
1,89,right,0,0.1683,0,0.0,nan,0.0,nan,0.0,nan,0.0,nan
1,90,left,0,-0.1309,0,0.0,nan,0.0,nan,0.0,nan,0.0,nan
1,91,left,1,-0.3697,0,0.0,nan,0.0,nan,0.0,nan,0.0,nan
1,92,left,1,0.1879,1,0.0,nan,0.0,nan,0.0,nan,0.0,nan
1,93,right,1,0.4113,0,0.0,nan,0.0,nan,0.0,nan,0.0,nan
1,94,right,1,0.4163,0,0.0,nan,0.0,nan,0.0,nan,0.0,nan
1,95,right,1,-0.1249,1,0.0,nan,0.0,nan,0.0,nan,0.0,nan
1,96,left,1,-0.3767,0,0.0,nan,0.0,nan,0.0,nan,0.0,nan
1,97,right,1,-0.1303,1,0.0,nan,0.0,nan,0.0,nan,0.0,nan
1,98,left,0,-0.1143,0,0.0,nan,0.0,nan,0.0,nan,0.0,nan
1,99,right,0,0.1771,0,0.0,nan,0.0,nan,0.0,nan,0.0,nan
2,0,right,1,0.3998,0,0.0,nan,0.0,nan,0.0,nan,0.0,nan
2,1,left,1,-0.3572,0,0.0,nan,0.0,nan,0.0,nan,0.0,nan
2,2,right,1,0.389,0,0.0,nan,0.0,nan,0.0,nan,0.0,nan
2,3,right,1,-0.137,1,0.0,nan,0.0,nan,0.0,nan,0.0,nan
2,4,right,1,0.4096,0,0.0,nan,0.0,nan,0.0,nan,0.0,nan
2,5,left,0,-0.1416,0,0.0,nan,0.0,nan,0.0,nan,0.0,nan
2,6,left,1,-0.3516,0,0.0,nan,0.0,nan,0.0,nan,0.0,nan
2,7,right,1,0.403,0,0.0,nan,0.0,nan,0.0,nan,0.0,nan
2,8,left,1,-0.363,0,0.0,nan,0.0,nan,0.0,nan,0.0,nan
2,9,left,1,-0.3638,0,0.0,nan,0.0,nan,0.0,nan,0.0,nan
2,10,left,0,-0.1604,0,0.0,nan,0.0,nan,0.0,nan,0.0,nan
2,11,right,0,0.189,0,0.0,nan,0.0,nan,0.0,nan,0.0,nan
2,12,left,1,-0.3598,0,0.0,nan,0.0,nan,0.0,nan,0.0,nan
2,13,left,1,-0.3624,0,0.0,nan,0.0,nan,0.0,nan,0.0,nan
2,14,left,1,-0.3648,0,0.0,nan,0.0,nan,0.0,nan,0.0,nan
2,15,right,0,0.1778,0,0.0,nan,0.0,nan,0.0,nan,0.0,nan
2,16,left,0,-0.1644,0,0.0,nan,0.0,nan,0.0,nan,0.0,nan
2,17,left,0,-0.1256,0,0.0,nan,0.0,nan,0.0,nan,0.0,nan
2,18,right,1,0.3916,0,0.0,nan,0.0,nan,0.0,nan,0.0,nan
2,19,right,0,0.1866,0,0.0,nan,0.0,nan,0.0,nan,0.0,nan
2,20,left,0,-0.1448,0,0.0,nan,0.0,nan,0.0,nan,0.0,nan
2,21,left,1,-0.3544,0,0.0,nan,0.0,nan,0.0,nan,0.0,nan
2,22,left,0,-0.1274,0,0.0,nan,0.0,nan,0.0,nan,0.0,nan
2,23,left,1,0.2232,1,0.0,nan,0.0,nan,0.0,nan,0.0,nan
2,24,left,0,-0.1594,0,0.0,nan,0.0,nan,0.0,nan,0.0,nan
2,25,left,1,0.206,1,0.0,nan,0.0,nan,0.0,nan,0.0,nan
2,26,left,1,0.1982,1,0.0,nan,0.0,nan,0.0,nan,0.0,nan
2,27,right,0,0.1624,0,0.0,nan,0.0,nan,0.0,nan,0.0,nan
2,28,left,1,0.1776,1,0.0,nan,0.0,nan,0.0,nan,0.0,nan
2,29,right,1,-0.1638,1,0.0,nan,0.0,nan,0.0,nan,0.0,nan
2,30,right,1,0.4066,0,0.0,nan,0.0,nan,0.0,nan,0.0,nan
2,31,right,0,0.2114,0,0.0,nan,0.0,nan,0.0,nan,0.0,nan
2,32,right,0,0.1562,0,0.0,nan,0.0,nan,0.0,nan,0.0,nan
2,33,right,0,0.2048,0,0.0,nan,0.0,nan,0.0,nan,0.0,nan
2,34,right,0,0.157,0,0.0,nan,0.0,nan,0.0,nan,0.0,nan
2,35,left,0,-0.159,0,0.0,nan,0.0,nan,0.0,nan,0.0,nan
2,36,right,1,-0.1406,1,0.0,nan,0.0,nan,0.0,nan,0.0,nan
2,37,left,1,0.1954,1,0.0,nan,0.0,nan,0.0,nan,0.0,nan
2,38,left,0,-0.189,0,0.0,nan,0.0,nan,0.0,nan,0.0,nan
2,39,right,1,0.3944,0,0.0,nan,0.0,nan,0.0,nan,0.0,nan
2,40,left,1,0.1898,1,0.0,nan,0.0,nan,0.0,nan,0.0,nan
2,41,right,1,0.3884,0,0.0,nan,0.0,nan,0.0,nan,0.0,nan
2,42,left,1,-0.3584,0,0.0,nan,0.0,nan,0.0,nan,0.0,nan
2,43,right,0,0.173,0,0.0,nan,0.0,nan,0.0,nan,0.0,nan
2,44,right,0,0.179,0,0.0,nan,0.0,nan,0.0,nan,0.0,nan
2,45,left,1,-0.356,0,0.0,nan,0.0,nan,0.0,nan,0.0,nan
2,46,left,0,-0.1604,0,0.0,nan,0.0,nan,0.0,nan,0.0,nan
2,47,left,1,0.1914,1,0.0,nan,0.0,nan,0.0,nan,0.0,nan
2,48,left,1,-0.3722,0,0.0,nan,0.0,nan,0.0,nan,0.0,nan
2,49,left,0,-0.1858,0,0.0,nan,0.0,nan,0.0,nan,0.0,nan
2,50,left,0,-0.1346,0,0.0,nan,0.0,nan,0.0,nan,0.0,nan
2,51,left,1,-0.3632,0,0.0,nan,0.0,nan,0.0,nan,0.0,nan
2,52,right,0,0.1684,0,0.0,nan,0.0,nan,0.0,nan,0.0,nan
2,53,right,0,0.1754,0,0.0,nan,0.0,nan,0.0,nan,0.0,nan
2,54,right,1,0.4018,0,0.0,nan,0.0,nan,0.0,nan,0.0,nan
2,55,left,0,-0.133,0,0.0,nan,0.0,nan,0.0,nan,0.0,nan
2,56,right,0,0.163,0,0.0,nan,0.0,nan,0.0,nan,0.0,nan
2,57,right,1,0.4006,0,0.0,nan,0.0,nan,0.0,nan,0.0,nan
2,58,left,1,-0.363,0,0.0,nan,0.0,nan,0.0,nan,0.0,nan
2,59,right,1,-0.154,1,0.0,nan,0.0,nan,0.0,nan,0.0,nan
2,60,right,1,-0.139,1,0.0,nan,0.0,nan,0.0,nan,0.0,nan
2,61,right,1,-0.1484,1,0.0,nan,0.0,nan,0.0,nan,0.0,nan
2,62,left,1,-0.3622,0,0.0,nan,0.0,nan,0.0,nan,0.0,nan
2,63,right,0,0.1758,0,0.0,nan,0.0,nan,0.0,nan,0.0,nan
2,64,left,1,0.1764,1,0.0,nan,0.0,nan,0.0,nan,0.0,nan
2,65,left,0,-0.1826,0,0.0,nan,0.0,nan,0.0,nan,0.0,nan
2,66,right,0,0.2204,0,0.0,nan,0.0,nan,0.0,nan,0.0,nan
2,67,right,1,-0.1396,1,0.0,nan,0.0,nan,0.0,nan,0.0,nan
2,68,left,1,-0.3592,0,0.0,nan,0.0,nan,0.0,nan,0.0,nan
2,69,right,0,0.1962,0,0.0,nan,0.0,nan,0.0,nan,0.0,nan
2,70,right,0,0.1842,0,0.0,nan,0.0,nan,0.0,nan,0.0,nan
2,71,right,1,-0.1396,1,0.0,nan,0.0,nan,0.0,nan,0.0,nan
2,72,left,1,0.182,1,0.0,nan,0.0,nan,0.0,nan,0.0,nan
2,73,right,0,0.1946,0,0.0,nan,0.0,nan,0.0,nan,0.0,nan
2,74,right,1,0.4014,0,0.0,nan,0.0,nan,0.0,nan,0.0,nan
2,75,left,0,-0.149,0,0.0,nan,0.0,nan,0.0,nan,0.0,nan
2,76,right,1,-0.1212,1,0.0,nan,0.0,nan,0.0,nan,0.0,nan
2,77,left,1,0.1846,1,0.0,nan,0.0,nan,0.0,nan,0.0,nan
2,78,right,0,0.1862,0,0.0,nan,0.0,nan,0.0,nan,0.0,nan
2,79,left,0,-0.1956,0,0.0,nan,0.0,nan,0.0,nan,0.0,nan
2,80,right,0,0.2164,0,0.0,nan,0.0,nan,0.0,nan,0.0,nan
2,81,left,1,0.1754,1,0.0,nan,0.0,nan,0.0,nan,0.0,nan
2,82,left,1,0.1666,1,0.0,nan,0.0,nan,0.0,nan,0.0,nan
2,83,right,0,0.1802,0,0.0,nan,0.0,nan,0.0,nan,0.0,nan
2,84,right,1,-0.1194,1,0.0,nan,0.0,nan,0.0,nan,0.0,nan
2,85,right,1,-0.11,1,0.0,nan,0.0,nan,0.0,nan,0.0,nan
2,86,right,0,0.2252,0,0.0,nan,0.0,nan,0.0,nan,0.0,nan
2,87,right,0,0.1816,0,0.0,nan,0.0,nan,0.0,nan,0.0,nan
2,88,left,1,0.1674,1,0.0,nan,0.0,nan,0.0,nan,0.0,nan
2,89,right,0,0.1866,0,0.0,nan,0.0,nan,0.0,nan,0.0,nan
2,90,right,1,0.404,0,0.0,nan,0.0,nan,0.0,nan,0.0,nan
2,91,left,0,-0.1434,0,0.0,nan,0.0,nan,0.0,nan,0.0,nan
2,92,right,0,0.2068,0,0.0,nan,0.0,nan,0.0,nan,0.0,nan
2,93,left,1,0.1692,1,0.0,nan,0.0,nan,0.0,nan,0.0,nan
2,94,left,0,-0.2054,0,0.0,nan,0.0,nan,0.0,nan,0.0,nan
2,95,right,0,0.233,0,0.0,nan,0.0,nan,0.0,nan,0.0,nan
2,96,left,0,-0.1278,0,0.0,nan,0.0,nan,0.0,nan,0.0,nan
2,97,left,1,-0.347,0,0.0,nan,0.0,nan,0.0,nan,0.0,nan
2,98,right,0,0.1742,0,0.0,nan,0.0,nan,0.0,nan,0.0,nan
2,99,right,1,0.4054,0,0.0,nan,0.0,nan,0.0,nan,0.0,nan
3,0,left,0,-0.1647,0,0.0,nan,0.0,nan,0.0,nan,0.0,nan
3,1,left,0,-0.1897,0,0.0,nan,0.0,nan,0.0,nan,0.0,nan
3,2,left,1,-0.3931,0,0.0,nan,0.0,nan,0.0,nan,0.0,nan
3,3,left,0,-0.2015,0,0.0,nan,0.0,nan,0.0,nan,0.0,nan
3,4,left,0,-0.1841,0,0.0,nan,0.0,nan,0.0,nan,0.0,nan
3,5,right,1,-0.1607,1,0.0,nan,0.0,nan,0.0,nan,0.0,nan
3,6,left,0,-0.1643,0,0.0,nan,0.0,nan,0.0,nan,0.0,nan
3,7,left,0,-0.1987,0,0.0,nan,0.0,nan,0.0,nan,0.0,nan
3,8,right,1,0.3561,0,0.0,nan,0.0,nan,0.0,nan,0.0,nan
3,9,left,1,-0.3991,0,0.0,nan,0.0,nan,0.0,nan,0.0,nan
3,10,right,1,0.3779,0,0.0,nan,0.0,nan,0.0,nan,0.0,nan
3,11,left,0,-0.1851,0,0.0,nan,0.0,nan,0.0,nan,0.0,nan
3,12,left,1,0.1571,1,0.0,nan,0.0,nan,0.0,nan,0.0,nan
3,13,right,1,0.3797,0,0.0,nan,0.0,nan,0.0,nan,0.0,nan
3,14,right,1,-0.1501,1,0.0,nan,0.0,nan,0.0,nan,0.0,nan
3,15,left,1,0.1489,1,0.0,nan,0.0,nan,0.0,nan,0.0,nan
3,16,left,0,-0.2225,0,0.0,nan,0.0,nan,0.0,nan,0.0,nan
3,17,left,1,0.1371,1,0.0,nan,0.0,nan,0.0,nan,0.0,nan
3,18,left,0,-0.2155,0,0.0,nan,0.0,nan,0.0,nan,0.0,nan
3,19,left,1,0.1243,1,0.0,nan,0.0,nan,0.0,nan,0.0,nan
3,20,left,1,0.1309,1,0.0,nan,0.0,nan,0.0,nan,0.0,nan
3,21,right,0,0.1497,0,0.0,nan,0.0,nan,0.0,nan,0.0,nan
3,22,left,1,-0.3941,0,0.0,nan,0.0,nan,0.0,nan,0.0,nan
3,23,right,1,-0.1447,1,0.0,nan,0.0,nan,0.0,nan,0.0,nan
3,24,left,1,-0.3787,0,0.0,nan,0.0,nan,0.0,nan,0.0,nan
3,25,left,1,0.1263,1,0.0,nan,0.0,nan,0.0,nan,0.0,nan
3,26,right,0,0.1341,0,0.0,nan,0.0,nan,0.0,nan,0.0,nan
3,27,right,0,0.1593,0,0.0,nan,0.0,nan,0.0,nan,0.0,nan
3,28,right,0,0.1609,0,0.0,nan,0.0,nan,0.0,nan,0.0,nan
3,29,right,1,-0.1383,1,0.0,nan,0.0,nan,0.0,nan,0.0,nan
3,30,right,1,-0.1305,1,0.0,nan,0.0,nan,0.0,nan,0.0,nan
3,31,left,0,-0.1771,0,0.0,nan,0.0,nan,0.0,nan,0.0,nan
3,32,left,0,-0.1957,0,0.0,nan,0.0,nan,0.0,nan,0.0,nan
3,33,right,0,0.1787,0,0.0,nan,0.0,nan,0.0,nan,0.0,nan
3,34,left,0,-0.1727,0,0.0,nan,0.0,nan,0.0,nan,0.0,nan
3,35,left,1,0.1219,1,0.0,nan,0.0,nan,0.0,nan,0.0,nan
3,36,right,0,0.1343,0,0.0,nan,0.0,nan,0.0,nan,0.0,nan
3,37,right,1,0.3709,0,0.0,nan,0.0,nan,0.0,nan,0.0,nan
3,38,left,1,-0.4059,0,0.0,nan,0.0,nan,0.0,nan,0.0,nan
3,39,right,1,-0.1339,1,0.0,nan,0.0,nan,0.0,nan,0.0,nan
3,40,right,0,0.1801,0,0.0,nan,0.0,nan,0.0,nan,0.0,nan
3,41,left,0,-0.1869,0,0.0,nan,0.0,nan,0.0,nan,0.0,nan
3,42,left,0,-0.1829,0,0.0,nan,0.0,nan,0.0,nan,0.0,nan
3,43,right,0,0.1631,0,0.0,nan,0.0,nan,0.0,nan,0.0,nan
3,44,left,0,-0.1785,0,0.0,nan,0.0,nan,0.0,nan,0.0,nan
3,45,left,1,-0.3873,0,0.0,nan,0.0,nan,0.0,nan,0.0,nan
3,46,left,1,0.1247,1,0.0,nan,0.0,nan,0.0,nan,0.0,nan
3,47,left,1,0.1247,1,0.0,nan,0.0,nan,0.0,nan,0.0,nan
3,48,right,1,0.3765,0,0.0,nan,0.0,nan,0.0,nan,0.0,nan
3,49,left,1,0.1225,1,0.0,nan,0.0,nan,0.0,nan,0.0,nan
3,50,left,0,-0.2313,0,0.0,nan,0.0,nan,0.0,nan,0.0,nan
3,51,left,0,-0.1641,0,0.0,nan,0.0,nan,0.0,nan,0.0,nan
3,52,left,0,-0.2163,0,0.0,nan,0.0,nan,0.0,nan,0.0,nan
3,53,right,0,0.1681,0,0.0,nan,0.0,nan,0.0,nan,0.0,nan
3,54,left,1,-0.3903,0,0.0,nan,0.0,nan,0.0,nan,0.0,nan
3,55,left,1,-0.3949,0,0.0,nan,0.0,nan,0.0,nan,0.0,nan
3,56,right,0,0.1691,0,0.0,nan,0.0,nan,0.0,nan,0.0,nan
3,57,left,1,-0.4005,0,0.0,nan,0.0,nan,0.0,nan,0.0,nan
3,58,right,1,0.3469,0,0.0,nan,0.0,nan,0.0,nan,0.0,nan
3,59,left,1,-0.4081,0,0.0,nan,0.0,nan,0.0,nan,0.0,nan
3,60,left,1,-0.3869,0,0.0,nan,0.0,nan,0.0,nan,0.0,nan
3,61,right,0,0.1553,0,0.0,nan,0.0,nan,0.0,nan,0.0,nan
3,62,right,1,0.3631,0,0.0,nan,0.0,nan,0.0,nan,0.0,nan
3,63,right,1,0.3839,0,0.0,nan,0.0,nan,0.0,nan,0.0,nan
3,64,left,0,-0.1791,0,0.0,nan,0.0,nan,0.0,nan,0.0,nan
3,65,left,1,0.1367,1,0.0,nan,0.0,nan,0.0,nan,0.0,nan
3,66,left,0,-0.2283,0,0.0,nan,0.0,nan,0.0,nan,0.0,nan
3,67,right,1,0.3709,0,0.0,nan,0.0,nan,0.0,nan,0.0,nan
3,68,right,1,0.3617,0,0.0,nan,0.0,nan,0.0,nan,0.0,nan
3,69,left,1,0.1365,1,0.0,nan,0.0,nan,0.0,nan,0.0,nan
3,70,right,1,0.3705,0,0.0,nan,0.0,nan,0.0,nan,0.0,nan
3,71,left,0,-0.1811,0,0.0,nan,0.0,nan,0.0,nan,0.0,nan
3,72,left,1,0.1371,1,0.0,nan,0.0,nan,0.0,nan,0.0,nan
3,73,left,0,-0.2253,0,0.0,nan,0.0,nan,0.0,nan,0.0,nan
3,74,right,0,0.1537,0,0.0,nan,0.0,nan,0.0,nan,0.0,nan
3,75,left,1,0.1397,1,0.0,nan,0.0,nan,0.0,nan,0.0,nan
3,76,right,1,0.3651,0,0.0,nan,0.0,nan,0.0,nan,0.0,nan
3,77,left,1,-0.3873,0,0.0,nan,0.0,nan,0.0,nan,0.0,nan
3,78,right,0,0.1491,0,0.0,nan,0.0,nan,0.0,nan,0.0,nan
3,79,left,1,0.1231,1,0.0,nan,0.0,nan,0.0,nan,0.0,nan
3,80,right,1,0.3719,0,0.0,nan,0.0,nan,0.0,nan,0.0,nan
3,81,right,1,-0.1509,1,0.0,nan,0.0,nan,0.0,nan,0.0,nan
3,82,left,1,0.1415,1,0.0,nan,0.0,nan,0.0,nan,0.0,nan
3,83,left,1,-0.4225,0,0.0,nan,0.0,nan,0.0,nan,0.0,nan
3,84,left,1,-0.3845,0,0.0,nan,0.0,nan,0.0,nan,0.0,nan
3,85,left,0,-0.2177,0,0.0,nan,0.0,nan,0.0,nan,0.0,nan
3,86,right,0,0.1577,0,0.0,nan,0.0,nan,0.0,nan,0.0,nan
3,87,left,0,-0.1819,0,0.0,nan,0.0,nan,0.0,nan,0.0,nan
3,88,right,0,0.1437,0,0.0,nan,0.0,nan,0.0,nan,0.0,nan
3,89,right,1,-0.1529,1,0.0,nan,0.0,nan,0.0,nan,0.0,nan
3,90,right,1,0.3827,0,0.0,nan,0.0,nan,0.0,nan,0.0,nan
3,91,left,0,-0.1773,0,0.0,nan,0.0,nan,0.0,nan,0.0,nan
3,92,right,0,0.1435,0,0.0,nan,0.0,nan,0.0,nan,0.0,nan
3,93,right,1,-0.1455,1,0.0,nan,0.0,nan,0.0,nan,0.0,nan
3,94,left,1,0.1353,1,0.0,nan,0.0,nan,0.0,nan,0.0,nan
3,95,right,1,-0.1521,1,0.0,nan,0.0,nan,0.0,nan,0.0,nan
3,96,right,1,-0.1287,1,0.0,nan,0.0,nan,0.0,nan,0.0,nan
3,97,left,1,0.1297,1,0.0,nan,0.0,nan,0.0,nan,0.0,nan
3,98,left,0,-0.2285,0,0.0,nan,0.0,nan,0.0,nan,0.0,nan
3,99,right,1,-0.1209,1,0.0,nan,0.0,nan,0.0,nan,0.0,nan
4,0,right,1,0.3246,0,0.0,nan,0.0,nan,0.0,nan,0.0,nan
4,1,left,0,-0.2122,0,0.0,nan,0.0,nan,0.0,nan,0.0,nan
4,2,right,0,0.1524,0,0.0,nan,0.0,nan,0.0,nan,0.0,nan
4,3,right,1,-0.1528,1,0.0,nan,0.0,nan,0.0,nan,0.0,nan
4,4,left,0,-0.1868,0,0.0,nan,0.0,nan,0.0,nan,0.0,nan
4,5,right,0,0.1464,0,0.0,nan,0.0,nan,0.0,nan,0.0,nan
4,6,left,1,-0.418,0,0.0,nan,0.0,nan,0.0,nan,0.0,nan
4,7,left,0,-0.2042,0,0.0,nan,0.0,nan,0.0,nan,0.0,nan
4,8,right,1,-0.136,1,0.0,nan,0.0,nan,0.0,nan,0.0,nan
4,9,right,0,0.1678,0,0.0,nan,0.0,nan,0.0,nan,0.0,nan
4,10,left,1,0.1036,1,0.0,nan,0.0,nan,0.0,nan,0.0,nan
4,11,left,0,-0.2346,0,0.0,nan,0.0,nan,0.0,nan,0.0,nan
4,12,right,1,0.361,0,0.0,nan,0.0,nan,0.0,nan,0.0,nan
4,13,left,1,-0.4366,0,0.0,nan,0.0,nan,0.0,nan,0.0,nan
4,14,right,1,0.3748,0,0.0,nan,0.0,nan,0.0,nan,0.0,nan
4,15,right,1,0.359,0,0.0,nan,0.0,nan,0.0,nan,0.0,nan
4,16,left,1,-0.4186,0,0.0,nan,0.0,nan,0.0,nan,0.0,nan
4,17,left,0,-0.1988,0,0.0,nan,0.0,nan,0.0,nan,0.0,nan
4,18,right,1,-0.147,1,0.0,nan,0.0,nan,0.0,nan,0.0,nan
4,19,right,1,-0.1376,1,0.0,nan,0.0,nan,0.0,nan,0.0,nan
4,20,right,0,0.1632,0,0.0,nan,0.0,nan,0.0,nan,0.0,nan
4,21,left,0,-0.2034,0,0.0,nan,0.0,nan,0.0,nan,0.0,nan
4,22,left,1,-0.4194,0,0.0,nan,0.0,nan,0.0,nan,0.0,nan
4,23,left,0,-0.177,0,0.0,nan,0.0,nan,0.0,nan,0.0,nan
4,24,right,1,-0.15,1,0.0,nan,0.0,nan,0.0,nan,0.0,nan
4,25,left,1,-0.435,0,0.0,nan,0.0,nan,0.0,nan,0.0,nan
4,26,right,0,0.144,0,0.0,nan,0.0,nan,0.0,nan,0.0,nan
4,27,left,1,0.1078,1,0.0,nan,0.0,nan,0.0,nan,0.0,nan
4,28,left,0,-0.2246,0,0.0,nan,0.0,nan,0.0,nan,0.0,nan
4,29,left,0,-0.1694,0,0.0,nan,0.0,nan,0.0,nan,0.0,nan
4,30,right,1,0.3638,0,0.0,nan,0.0,nan,0.0,nan,0.0,nan
4,31,left,0,-0.2106,0,0.0,nan,0.0,nan,0.0,nan,0.0,nan
4,32,left,1,-0.4312,0,0.0,nan,0.0,nan,0.0,nan,0.0,nan
4,33,right,1,0.3678,0,0.0,nan,0.0,nan,0.0,nan,0.0,nan
4,34,right,1,-0.1672,1,0.0,nan,0.0,nan,0.0,nan,0.0,nan
4,35,left,1,-0.4344,0,0.0,nan,0.0,nan,0.0,nan,0.0,nan
4,36,right,0,0.1306,0,0.0,nan,0.0,nan,0.0,nan,0.0,nan
4,37,left,1,-0.4394,0,0.0,nan,0.0,nan,0.0,nan,0.0,nan
4,38,left,1,-0.4172,0,0.0,nan,0.0,nan,0.0,nan,0.0,nan
4,39,right,1,-0.1552,1,0.0,nan,0.0,nan,0.0,nan,0.0,nan
4,40,left,1,-0.435,0,0.0,nan,0.0,nan,0.0,nan,0.0,nan
4,41,left,1,0.111,1,0.0,nan,0.0,nan,0.0,nan,0.0,nan
4,42,right,1,0.3764,0,0.0,nan,0.0,nan,0.0,nan,0.0,nan
4,43,left,0,-0.2056,0,0.0,nan,0.0,nan,0.0,nan,0.0,nan
4,44,right,1,-0.1422,1,0.0,nan,0.0,nan,0.0,nan,0.0,nan
4,45,left,0,-0.1818,0,0.0,nan,0.0,nan,0.0,nan,0.0,nan
4,46,left,0,-0.1906,0,0.0,nan,0.0,nan,0.0,nan,0.0,nan
4,47,right,1,-0.1496,1,0.0,nan,0.0,nan,0.0,nan,0.0,nan
4,48,right,0,0.1754,0,0.0,nan,0.0,nan,0.0,nan,0.0,nan
4,49,left,1,0.108,1,0.0,nan,0.0,nan,0.0,nan,0.0,nan
4,50,left,0,-0.2396,0,0.0,nan,0.0,nan,0.0,nan,0.0,nan
4,51,left,1,0.1118,1,0.0,nan,0.0,nan,0.0,nan,0.0,nan
4,52,right,1,-0.1404,1,0.0,nan,0.0,nan,0.0,nan,0.0,nan
4,53,left,0,-0.1916,0,0.0,nan,0.0,nan,0.0,nan,0.0,nan
4,54,right,1,-0.1394,1,0.0,nan,0.0,nan,0.0,nan,0.0,nan
4,55,right,1,-0.141,1,0.0,nan,0.0,nan,0.0,nan,0.0,nan
4,56,right,1,-0.1242,1,0.0,nan,0.0,nan,0.0,nan,0.0,nan
4,57,left,0,-0.1736,0,0.0,nan,0.0,nan,0.0,nan,0.0,nan
4,58,right,0,0.1454,0,0.0,nan,0.0,nan,0.0,nan,0.0,nan
4,59,right,1,-0.1358,1,0.0,nan,0.0,nan,0.0,nan,0.0,nan
4,60,left,1,0.1026,1,0.0,nan,0.0,nan,0.0,nan,0.0,nan
4,61,right,1,0.3722,0,0.0,nan,0.0,nan,0.0,nan,0.0,nan
4,62,left,1,-0.4108,0,0.0,nan,0.0,nan,0.0,nan,0.0,nan
4,63,right,1,-0.1362,1,0.0,nan,0.0,nan,0.0,nan,0.0,nan
4,64,left,1,-0.4106,0,0.0,nan,0.0,nan,0.0,nan,0.0,nan
4,65,right,1,0.3646,0,0.0,nan,0.0,nan,0.0,nan,0.0,nan
4,66,right,1,0.3688,0,0.0,nan,0.0,nan,0.0,nan,0.0,nan
4,67,right,1,0.375,0,0.0,nan,0.0,nan,0.0,nan,0.0,nan
4,68,left,0,-0.209,0,0.0,nan,0.0,nan,0.0,nan,0.0,nan
4,69,right,1,0.3526,0,0.0,nan,0.0,nan,0.0,nan,0.0,nan
4,70,right,0,0.1536,0,0.0,nan,0.0,nan,0.0,nan,0.0,nan
4,71,left,1,-0.4218,0,0.0,nan,0.0,nan,0.0,nan,0.0,nan
4,72,right,1,-0.1384,1,0.0,nan,0.0,nan,0.0,nan,0.0,nan
4,73,right,0,0.164,0,0.0,nan,0.0,nan,0.0,nan,0.0,nan
4,74,left,1,-0.43,0,0.0,nan,0.0,nan,0.0,nan,0.0,nan
4,75,right,0,0.1458,0,0.0,nan,0.0,nan,0.0,nan,0.0,nan
4,76,left,1,0.1036,1,0.0,nan,0.0,nan,0.0,nan,0.0,nan
4,77,left,0,-0.2208,0,0.0,nan,0.0,nan,0.0,nan,0.0,nan
4,78,left,1,-0.4106,0,0.0,nan,0.0,nan,0.0,nan,0.0,nan
4,79,left,0,-0.1636,0,0.0,nan,0.0,nan,0.0,nan,0.0,nan
4,80,left,1,-0.4302,0,0.0,nan,0.0,nan,0.0,nan,0.0,nan
4,81,left,1,0.1012,1,0.0,nan,0.0,nan,0.0,nan,0.0,nan
4,82,left,1,0.1064,1,0.0,nan,0.0,nan,0.0,nan,0.0,nan
4,83,left,1,-0.4294,0,0.0,nan,0.0,nan,0.0,nan,0.0,nan
4,84,left,1,-0.4192,0,0.0,nan,0.0,nan,0.0,nan,0.0,nan
4,85,left,1,-0.4172,0,0.0,nan,0.0,nan,0.0,nan,0.0,nan
4,86,left,1,0.0972,1,0.0,nan,0.0,nan,0.0,nan,0.0,nan
4,87,right,1,0.3674,0,0.0,nan,0.0,nan,0.0,nan,0.0,nan
4,88,left,1,-0.411,0,0.0,nan,0.0,nan,0.0,nan,0.0,nan
4,89,left,1,-0.424,0,0.0,nan,0.0,nan,0.0,nan,0.0,nan
4,90,right,0,0.1556,0,0.0,nan,0.0,nan,0.0,nan,0.0,nan
4,91,left,0,-0.2216,0,0.0,nan,0.0,nan,0.0,nan,0.0,nan
4,92,left,0,-0.1846,0,0.0,nan,0.0,nan,0.0,nan,0.0,nan
4,93,left,1,-0.41,0,0.0,nan,0.0,nan,0.0,nan,0.0,nan
4,94,right,0,0.1194,0,0.0,nan,0.0,nan,0.0,nan,0.0,nan
4,95,left,1,0.1062,1,0.0,nan,0.0,nan,0.0,nan,0.0,nan
4,96,right,0,0.1262,0,0.0,nan,0.0,nan,0.0,nan,0.0,nan
4,97,right,0,0.1378,0,0.0,nan,0.0,nan,0.0,nan,0.0,nan
4,98,right,1,-0.1702,1,0.0,nan,0.0,nan,0.0,nan,0.0,nan
4,99,right,0,0.169,0,0.0,nan,0.0,nan,0.0,nan,0.0,nan
