ep,t,good_side,explore,v,correct,e_ll,g_ll,e_lr,g_lr,e_rl,g_rl,e_rr,g_rr
0,0,left,1,-0.449,0,0.0,nan,0.0,nan,0.0,nan,0.0,nan
0,1,right,1,-0.1346,1,0.0,nan,0.0,nan,0.0,nan,0.0,nan
0,2,left,1,0.104,1,0.0,nan,0.0,nan,0.0,nan,0.0,nan
0,3,right,0,0.1082,0,0.0,nan,0.0,nan,0.0,nan,0.0,nan
0,4,right,1,0.4484,0,0.0,nan,0.0,nan,0.0,nan,0.0,nan
0,5,right,1,0.4492,0,0.0,nan,0.0,nan,0.0,nan,0.0,nan
0,6,right,0,0.112,0,0.0,nan,0.0,nan,0.0,nan,0.0,nan
0,7,right,0,0.0942,0,0.0,nan,0.0,nan,0.0,nan,0.0,nan
0,8,left,1,0.1224,1,0.0,nan,0.0,nan,0.0,nan,0.0,nan
0,9,left,1,-0.4572,0,0.0,nan,0.0,nan,0.0,nan,0.0,nan
0,10,right,0,0.113,0,0.0,nan,0.0,nan,0.0,nan,0.0,nan
0,11,right,1,0.4386,0,0.0,nan,0.0,nan,0.0,nan,0.0,nan
0,12,right,0,0.08,0,0.0,nan,0.0,nan,0.0,nan,0.0,nan
0,13,right,1,0.4528,0,0.0,nan,0.0,nan,0.0,nan,0.0,nan
0,14,left,0,-0.1084,0,0.0,nan,0.0,nan,0.0,nan,0.0,nan
0,15,left,0,-0.1094,0,0.0,nan,0.0,nan,0.0,nan,0.0,nan
0,16,left,0,-0.1094,0,0.0,nan,0.0,nan,0.0,nan,0.0,nan
0,17,right,1,0.4456,0,0.0,nan,0.0,nan,0.0,nan,0.0,nan
0,18,left,0,-0.122,0,0.0,nan,0.0,nan,0.0,nan,0.0,nan
0,19,right,1,-0.1628,1,0.0,nan,0.0,nan,0.0,nan,0.0,nan
0,20,right,1,-0.1852,1,0.0,nan,0.0,nan,0.0,nan,0.0,nan
0,21,left,1,-0.4438,0,0.0,nan,0.0,nan,0.0,nan,0.0,nan
0,22,right,0,0.0988,0,0.0,nan,0.0,nan,0.0,nan,0.0,nan
0,23,left,0,-0.1062,0,0.0,nan,0.0,nan,0.0,nan,0.0,nan
0,24,left,0,-0.0842,0,0.0,nan,0.0,nan,0.0,nan,0.0,nan
0,25,left,1,-0.4474,0,0.0,nan,0.0,nan,0.0,nan,0.0,nan
0,26,left,1,-0.4426,0,0.0,nan,0.0,nan,0.0,nan,0.0,nan
0,27,right,1,0.44,0,0.0,nan,0.0,nan,0.0,nan,0.0,nan
0,28,left,1,-0.4408,0,0.0,nan,0.0,nan,0.0,nan,0.0,nan
0,29,right,1,-0.1892,1,0.0,nan,0.0,nan,0.0,nan,0.0,nan
0,30,left,1,-0.4366,0,0.0,nan,0.0,nan,0.0,nan,0.0,nan
0,31,right,1,0.421,0,0.0,nan,0.0,nan,0.0,nan,0.0,nan
0,32,left,1,-0.4332,0,0.0,nan,0.0,nan,0.0,nan,0.0,nan
0,33,left,1,-0.4418,0,0.0,nan,0.0,nan,0.0,nan,0.0,nan
0,34,right,1,-0.1984,1,0.0,nan,0.0,nan,0.0,nan,0.0,nan
0,35,right,0,0.0818,0,0.0,nan,0.0,nan,0.0,nan,0.0,nan
0,36,left,1,0.2006,1,0.0,nan,0.0,nan,0.0,nan,0.0,nan
0,37,left,0,-0.0638,0,0.0,nan,0.0,nan,0.0,nan,0.0,nan
0,38,right,1,-0.224,1,0.0,nan,0.0,nan,0.0,nan,0.0,nan
0,39,right,1,-0.2168,1,0.0,nan,0.0,nan,0.0,nan,0.0,nan
0,40,right,1,0.3954,0,0.0,nan,0.0,nan,0.0,nan,0.0,nan
0,41,left,0,-0.0698,0,0.0,nan,0.0,nan,0.0,nan,0.0,nan
0,42,right,0,0.0792,0,0.0,nan,0.0,nan,0.0,nan,0.0,nan
0,43,left,1,-0.4148,0,0.0,nan,0.0,nan,0.0,nan,0.0,nan
0,44,right,1,-0.2298,1,0.0,nan,0.0,nan,0.0,nan,0.0,nan
0,45,left,0,-0.0516,0,0.0,nan,0.0,nan,0.0,nan,0.0,nan
0,46,left,1,-0.4156,0,0.0,nan,0.0,nan,0.0,nan,0.0,nan
0,47,right,1,0.3868,0,0.0,nan,0.0,nan,0.0,nan,0.0,nan
0,48,right,1,0.3906,0,0.0,nan,0.0,nan,0.0,nan,0.0,nan
0,49,right,0,0.0676,0,0.0,nan,0.0,nan,0.0,nan,0.0,nan
0,50,right,1,0.4032,0,0.0,nan,0.0,nan,0.0,nan,0.0,nan
0,51,right,0,0.0654,0,0.0,nan,0.0,nan,0.0,nan,0.0,nan
0,52,right,0,0.076,0,0.0,nan,0.0,nan,0.0,nan,0.0,nan
0,53,left,1,0.2264,1,0.0,nan,0.0,nan,0.0,nan,0.0,nan
0,54,left,1,-0.413,0,0.0,nan,0.0,nan,0.0,nan,0.0,nan
0,55,left,0,-0.0546,0,0.0,nan,0.0,nan,0.0,nan,0.0,nan
0,56,right,1,-0.2308,1,0.0,nan,0.0,nan,0.0,nan,0.0,nan
0,57,right,1,-0.2338,1,0.0,nan,0.0,nan,0.0,nan,0.0,nan
0,58,left,0,-0.0482,0,0.0,nan,0.0,nan,0.0,nan,0.0,nan
0,59,left,1,-0.3986,0,0.0,nan,0.0,nan,0.0,nan,0.0,nan
0,60,right,0,0.0976,0,0.0,nan,0.0,nan,0.0,nan,0.0,nan
0,61,left,1,-0.3968,0,0.0,nan,0.0,nan,0.0,nan,0.0,nan
0,62,right,1,-0.2332,1,0.0,nan,0.0,nan,0.0,nan,0.0,nan
0,63,right,1,0.378,0,0.0,nan,0.0,nan,0.0,nan,0.0,nan
0,64,right,1,0.3932,0,0.0,nan,0.0,nan,0.0,nan,0.0,nan
0,65,left,1,-0.4124,0,0.0,nan,0.0,nan,0.0,nan,0.0,nan
0,66,right,1,0.3902,0,0.0,nan,0.0,nan,0.0,nan,0.0,nan
0,67,left,0,-0.0766,0,0.0,nan,0.0,nan,0.0,nan,0.0,nan
0,68,right,0,0.0964,0,0.0,nan,0.0,nan,0.0,nan,0.0,nan
0,69,right,1,-0.2318,1,0.0,nan,0.0,nan,0.0,nan,0.0,nan
0,70,right,0,0.0994,0,0.0,nan,0.0,nan,0.0,nan,0.0,nan
0,71,right,0,0.0416,0,0.0,nan,0.0,nan,0.0,nan,0.0,nan
0,72,left,1,-0.4066,0,0.0,nan,0.0,nan,0.0,nan,0.0,nan
0,73,left,1,0.2382,1,0.0,nan,0.0,nan,0.0,nan,0.0,nan
0,74,left,1,-0.3994,0,0.0,nan,0.0,nan,0.0,nan,0.0,nan
0,75,right,1,-0.237,1,0.0,nan,0.0,nan,0.0,nan,0.0,nan
0,76,right,1,0.3836,0,0.0,nan,0.0,nan,0.0,nan,0.0,nan
0,77,right,1,0.3842,0,0.0,nan,0.0,nan,0.0,nan,0.0,nan
0,78,left,1,-0.3994,0,0.0,nan,0.0,nan,0.0,nan,0.0,nan
0,79,left,1,-0.383,0,0.0,nan,0.0,nan,0.0,nan,0.0,nan
0,80,right,1,-0.233,1,0.0,nan,0.0,nan,0.0,nan,0.0,nan
0,81,left,1,0.2404,1,0.0,nan,0.0,nan,0.0,nan,0.0,nan
0,82,left,0,-0.1082,0,0.0,nan,0.0,nan,0.0,nan,0.0,nan
0,83,right,1,0.3818,0,0.0,nan,0.0,nan,0.0,nan,0.0,nan
0,84,right,0,0.0992,0,0.0,nan,0.0,nan,0.0,nan,0.0,nan
0,85,right,1,0.3792,0,0.0,nan,0.0,nan,0.0,nan,0.0,nan
0,86,left,0,-0.0866,0,0.0,nan,0.0,nan,0.0,nan,0.0,nan
0,87,left,1,0.234,1,0.0,nan,0.0,nan,0.0,nan,0.0,nan
0,88,left,1,0.2422,1,0.0,nan,0.0,nan,0.0,nan,0.0,nan
0,89,left,1,0.2244,1,0.0,nan,0.0,nan,0.0,nan,0.0,nan
0,90,right,1,0.376,0,0.0,nan,0.0,nan,0.0,nan,0.0,nan
0,91,right,1,-0.2166,1,0.0,nan,0.0,nan,0.0,nan,0.0,nan
0,92,right,1,-0.201,1,0.0,nan,0.0,nan,0.0,nan,0.0,nan
0,93,right,0,0.144,0,0.0,nan,0.0,nan,0.0,nan,0.0,nan
0,94,left,0,-0.1408,0,0.0,nan,0.0,nan,0.0,nan,0.0,nan
0,95,right,1,-0.2004,1,0.0,nan,0.0,nan,0.0,nan,0.0,nan
0,96,left,1,-0.3728,0,0.0,nan,0.0,nan,0.0,nan,0.0,nan
0,97,left,0,-0.1168,0,0.0,nan,0.0,nan,0.0,nan,0.0,nan
0,98,right,0,0.1386,0,0.0,nan,0.0,nan,0.0,nan,0.0,nan
0,99,right,1,-0.2024,1,0.0,nan,0.0,nan,0.0,nan,0.0,nan
1,0,left,1,-0.3588,0,0.0,nan,0.0,nan,0.0,nan,0.0,nan
1,1,left,1,0.1952,1,0.0,nan,0.0,nan,0.0,nan,0.0,nan
1,2,left,1,-0.375,0,0.0,nan,0.0,nan,0.0,nan,0.0,nan
1,3,left,1,0.196,1,0.0,nan,0.0,nan,0.0,nan,0.0,nan
1,4,left,0,-0.1314,0,0.0,nan,0.0,nan,0.0,nan,0.0,nan
1,5,right,1,0.3784,0,0.0,nan,0.0,nan,0.0,nan,0.0,nan
1,6,right,1,0.3848,0,0.0,nan,0.0,nan,0.0,nan,0.0,nan
1,7,left,0,-0.0934,0,0.0,nan,0.0,nan,0.0,nan,0.0,nan
1,8,left,1,-0.3656,0,0.0,nan,0.0,nan,0.0,nan,0.0,nan
1,9,left,1,0.2046,1,0.0,nan,0.0,nan,0.0,nan,0.0,nan
1,10,right,0,0.0956,0,0.0,nan,0.0,nan,0.0,nan,0.0,nan
1,11,left,0,-0.1104,0,0.0,nan,0.0,nan,0.0,nan,0.0,nan
1,12,right,0,0.128,0,0.0,nan,0.0,nan,0.0,nan,0.0,nan
1,13,left,1,0.1888,1,0.0,nan,0.0,nan,0.0,nan,0.0,nan
1,14,left,1,-0.3732,0,0.0,nan,0.0,nan,0.0,nan,0.0,nan
1,15,right,0,0.1122,0,0.0,nan,0.0,nan,0.0,nan,0.0,nan
1,16,right,0,0.0898,0,0.0,nan,0.0,nan,0.0,nan,0.0,nan
1,17,left,1,-0.3634,0,0.0,nan,0.0,nan,0.0,nan,0.0,nan
1,18,left,1,0.196,1,0.0,nan,0.0,nan,0.0,nan,0.0,nan
1,19,left,1,0.1884,1,0.0,nan,0.0,nan,0.0,nan,0.0,nan
1,20,left,1,0.184,1,0.0,nan,0.0,nan,0.0,nan,0.0,nan
1,21,right,1,-0.1996,1,0.0,nan,0.0,nan,0.0,nan,0.0,nan
1,22,right,0,0.161,0,0.0,nan,0.0,nan,0.0,nan,0.0,nan
1,23,left,0,-0.1646,0,0.0,nan,0.0,nan,0.0,nan,0.0,nan
1,24,right,1,-0.1778,1,0.0,nan,0.0,nan,0.0,nan,0.0,nan
1,25,left,1,0.1858,1,0.0,nan,0.0,nan,0.0,nan,0.0,nan
1,26,right,1,-0.1808,1,0.0,nan,0.0,nan,0.0,nan,0.0,nan
1,27,left,0,-0.1244,0,0.0,nan,0.0,nan,0.0,nan,0.0,nan
1,28,left,1,-0.3908,0,0.0,nan,0.0,nan,0.0,nan,0.0,nan
1,29,right,1,-0.1616,1,0.0,nan,0.0,nan,0.0,nan,0.0,nan
1,30,right,1,0.3912,0,0.0,nan,0.0,nan,0.0,nan,0.0,nan
1,31,left,0,-0.121,0,0.0,nan,0.0,nan,0.0,nan,0.0,nan
1,32,left,0,-0.1278,0,0.0,nan,0.0,nan,0.0,nan,0.0,nan
1,33,left,1,0.172,1,0.0,nan,0.0,nan,0.0,nan,0.0,nan
1,34,right,0,0.1502,0,0.0,nan,0.0,nan,0.0,nan,0.0,nan
1,35,right,0,0.116,0,0.0,nan,0.0,nan,0.0,nan,0.0,nan
1,36,right,0,0.1512,0,0.0,nan,0.0,nan,0.0,nan,0.0,nan
1,37,right,1,0.3754,0,0.0,nan,0.0,nan,0.0,nan,0.0,nan
1,38,left,1,0.1696,1,0.0,nan,0.0,nan,0.0,nan,0.0,nan
1,39,left,0,-0.1676,0,0.0,nan,0.0,nan,0.0,nan,0.0,nan
1,40,right,1,0.3894,0,0.0,nan,0.0,nan,0.0,nan,0.0,nan
1,41,right,1,0.3812,0,0.0,nan,0.0,nan,0.0,nan,0.0,nan
1,42,right,1,0.3876,0,0.0,nan,0.0,nan,0.0,nan,0.0,nan
1,43,left,1,0.1732,1,0.0,nan,0.0,nan,0.0,nan,0.0,nan
1,44,right,0,0.1354,0,0.0,nan,0.0,nan,0.0,nan,0.0,nan
1,45,left,1,-0.3968,0,0.0,nan,0.0,nan,0.0,nan,0.0,nan
1,46,left,1,0.1662,1,0.0,nan,0.0,nan,0.0,nan,0.0,nan
1,47,left,0,-0.179,0,0.0,nan,0.0,nan,0.0,nan,0.0,nan
1,48,left,1,-0.3714,0,0.0,nan,0.0,nan,0.0,nan,0.0,nan
1,49,right,1,0.383,0,0.0,nan,0.0,nan,0.0,nan,0.0,nan
1,50,left,1,-0.3948,0,0.0,nan,0.0,nan,0.0,nan,0.0,nan
1,51,right,1,-0.166,1,0.0,nan,0.0,nan,0.0,nan,0.0,nan
1,52,right,0,0.177,0,0.0,nan,0.0,nan,0.0,nan,0.0,nan
1,53,left,0,-0.1748,0,0.0,nan,0.0,nan,0.0,nan,0.0,nan
1,54,right,0,0.1632,0,0.0,nan,0.0,nan,0.0,nan,0.0,nan
1,55,right,1,0.3844,0,0.0,nan,0.0,nan,0.0,nan,0.0,nan
1,56,right,1,-0.1584,1,0.0,nan,0.0,nan,0.0,nan,0.0,nan
1,57,left,0,-0.1296,0,0.0,nan,0.0,nan,0.0,nan,0.0,nan
1,58,right,0,0.157,0,0.0,nan,0.0,nan,0.0,nan,0.0,nan
1,59,left,1,-0.3834,0,0.0,nan,0.0,nan,0.0,nan,0.0,nan
1,60,right,1,-0.1648,1,0.0,nan,0.0,nan,0.0,nan,0.0,nan
1,61,left,1,0.1786,1,0.0,nan,0.0,nan,0.0,nan,0.0,nan
1,62,right,1,-0.1708,1,0.0,nan,0.0,nan,0.0,nan,0.0,nan
1,63,left,1,0.1586,1,0.0,nan,0.0,nan,0.0,nan,0.0,nan
1,64,right,0,0.1586,0,0.0,nan,0.0,nan,0.0,nan,0.0,nan
1,65,left,1,0.153,1,0.0,nan,0.0,nan,0.0,nan,0.0,nan
1,66,left,0,-0.1876,0,0.0,nan,0.0,nan,0.0,nan,0.0,nan
1,67,right,0,0.1846,0,0.0,nan,0.0,nan,0.0,nan,0.0,nan
1,68,left,0,-0.1596,0,0.0,nan,0.0,nan,0.0,nan,0.0,nan
1,69,right,0,0.1612,0,0.0,nan,0.0,nan,0.0,nan,0.0,nan
1,70,right,0,0.1534,0,0.0,nan,0.0,nan,0.0,nan,0.0,nan
1,71,right,0,0.1434,0,0.0,nan,0.0,nan,0.0,nan,0.0,nan
1,72,left,0,-0.1522,0,0.0,nan,0.0,nan,0.0,nan,0.0,nan
1,73,left,0,-0.1266,0,0.0,nan,0.0,nan,0.0,nan,0.0,nan
1,74,right,1,0.388,0,0.0,nan,0.0,nan,0.0,nan,0.0,nan
1,75,left,0,-0.148,0,0.0,nan,0.0,nan,0.0,nan,0.0,nan
1,76,right,1,-0.1542,1,0.0,nan,0.0,nan,0.0,nan,0.0,nan
1,77,left,1,0.16,1,0.0,nan,0.0,nan,0.0,nan,0.0,nan
1,78,right,0,0.1452,0,0.0,nan,0.0,nan,0.0,nan,0.0,nan
1,79,right,0,0.1474,0,0.0,nan,0.0,nan,0.0,nan,0.0,nan
1,80,right,0,0.1454,0,0.0,nan,0.0,nan,0.0,nan,0.0,nan
1,81,left,0,-0.1664,0,0.0,nan,0.0,nan,0.0,nan,0.0,nan
1,82,left,1,-0.3872,0,0.0,nan,0.0,nan,0.0,nan,0.0,nan
1,83,left,0,-0.1224,0,0.0,nan,0.0,nan,0.0,nan,0.0,nan
1,84,right,0,0.1326,0,0.0,nan,0.0,nan,0.0,nan,0.0,nan
1,85,left,1,0.1558,1,0.0,nan,0.0,nan,0.0,nan,0.0,nan
1,86,left,0,-0.1686,0,0.0,nan,0.0,nan,0.0,nan,0.0,nan
1,87,left,1,0.1454,1,0.0,nan,0.0,nan,0.0,nan,0.0,nan
1,88,right,0,0.1662,0,0.0,nan,0.0,nan,0.0,nan,0.0,nan
1,89,right,0,0.13,0,0.0,nan,0.0,nan,0.0,nan,0.0,nan
1,90,left,0,-0.1568,0,0.0,nan,0.0,nan,0.0,nan,0.0,nan
1,91,left,1,-0.3956,0,0.0,nan,0.0,nan,0.0,nan,0.0,nan
1,92,left,1,0.1568,1,0.0,nan,0.0,nan,0.0,nan,0.0,nan
1,93,right,1,0.3802,0,0.0,nan,0.0,nan,0.0,nan,0.0,nan
1,94,right,1,0.381,0,0.0,nan,0.0,nan,0.0,nan,0.0,nan
1,95,right,1,-0.1604,1,0.0,nan,0.0,nan,0.0,nan,0.0,nan
1,96,left,1,-0.3938,0,0.0,nan,0.0,nan,0.0,nan,0.0,nan
1,97,right,1,-0.1504,1,0.0,nan,0.0,nan,0.0,nan,0.0,nan
1,98,left,0,-0.1356,0,0.0,nan,0.0,nan,0.0,nan,0.0,nan
1,99,right,0,0.1668,0,0.0,nan,0.0,nan,0.0,nan,0.0,nan
2,0,right,1,0.3793,0,0.0,nan,0.0,nan,0.0,nan,0.0,nan
2,1,left,1,-0.3881,0,0.0,nan,0.0,nan,0.0,nan,0.0,nan
2,2,right,1,0.3745,0,0.0,nan,0.0,nan,0.0,nan,0.0,nan
2,3,right,1,-0.1653,1,0.0,nan,0.0,nan,0.0,nan,0.0,nan
2,4,right,1,0.3841,0,0.0,nan,0.0,nan,0.0,nan,0.0,nan
2,5,left,0,-0.1649,0,0.0,nan,0.0,nan,0.0,nan,0.0,nan
2,6,left,1,-0.3917,0,0.0,nan,0.0,nan,0.0,nan,0.0,nan
2,7,right,1,0.3765,0,0.0,nan,0.0,nan,0.0,nan,0.0,nan
2,8,left,1,-0.3885,0,0.0,nan,0.0,nan,0.0,nan,0.0,nan
2,9,left,1,-0.3785,0,0.0,nan,0.0,nan,0.0,nan,0.0,nan
2,10,left,0,-0.1759,0,0.0,nan,0.0,nan,0.0,nan,0.0,nan
2,11,right,0,0.1779,0,0.0,nan,0.0,nan,0.0,nan,0.0,nan
2,12,left,1,-0.3935,0,0.0,nan,0.0,nan,0.0,nan,0.0,nan
2,13,left,1,-0.3929,0,0.0,nan,0.0,nan,0.0,nan,0.0,nan
2,14,left,1,-0.3907,0,0.0,nan,0.0,nan,0.0,nan,0.0,nan
2,15,right,0,0.1643,0,0.0,nan,0.0,nan,0.0,nan,0.0,nan
2,16,left,0,-0.1985,0,0.0,nan,0.0,nan,0.0,nan,0.0,nan
2,17,left,0,-0.1393,0,0.0,nan,0.0,nan,0.0,nan,0.0,nan
2,18,right,1,0.3847,0,0.0,nan,0.0,nan,0.0,nan,0.0,nan
2,19,right,0,0.1597,0,0.0,nan,0.0,nan,0.0,nan,0.0,nan
2,20,left,0,-0.1651,0,0.0,nan,0.0,nan,0.0,nan,0.0,nan
2,21,left,1,-0.3929,0,0.0,nan,0.0,nan,0.0,nan,0.0,nan
2,22,left,0,-0.1399,0,0.0,nan,0.0,nan,0.0,nan,0.0,nan
2,23,left,1,0.1875,1,0.0,nan,0.0,nan,0.0,nan,0.0,nan
2,24,left,0,-0.1919,0,0.0,nan,0.0,nan,0.0,nan,0.0,nan
2,25,left,1,0.1877,1,0.0,nan,0.0,nan,0.0,nan,0.0,nan
2,26,left,1,0.1643,1,0.0,nan,0.0,nan,0.0,nan,0.0,nan
2,27,right,0,0.1681,0,0.0,nan,0.0,nan,0.0,nan,0.0,nan
2,28,left,1,0.1497,1,0.0,nan,0.0,nan,0.0,nan,0.0,nan
2,29,right,1,-0.1963,1,0.0,nan,0.0,nan,0.0,nan,0.0,nan
2,30,right,1,0.3845,0,0.0,nan,0.0,nan,0.0,nan,0.0,nan
2,31,right,0,0.1971,0,0.0,nan,0.0,nan,0.0,nan,0.0,nan
2,32,right,0,0.1597,0,0.0,nan,0.0,nan,0.0,nan,0.0,nan
2,33,right,0,0.1687,0,0.0,nan,0.0,nan,0.0,nan,0.0,nan
2,34,right,0,0.1539,0,0.0,nan,0.0,nan,0.0,nan,0.0,nan
2,35,left,0,-0.1855,0,0.0,nan,0.0,nan,0.0,nan,0.0,nan
2,36,right,1,-0.1597,1,0.0,nan,0.0,nan,0.0,nan,0.0,nan
2,37,left,1,0.1731,1,0.0,nan,0.0,nan,0.0,nan,0.0,nan
2,38,left,0,-0.2151,0,0.0,nan,0.0,nan,0.0,nan,0.0,nan
2,39,right,1,0.3851,0,0.0,nan,0.0,nan,0.0,nan,0.0,nan
2,40,left,1,0.1635,1,0.0,nan,0.0,nan,0.0,nan,0.0,nan
2,41,right,1,0.3855,0,0.0,nan,0.0,nan,0.0,nan,0.0,nan
2,42,left,1,-0.3973,0,0.0,nan,0.0,nan,0.0,nan,0.0,nan
2,43,right,0,0.1751,0,0.0,nan,0.0,nan,0.0,nan,0.0,nan
2,44,right,0,0.1651,0,0.0,nan,0.0,nan,0.0,nan,0.0,nan
2,45,left,1,-0.3853,0,0.0,nan,0.0,nan,0.0,nan,0.0,nan
2,46,left,0,-0.2047,0,0.0,nan,0.0,nan,0.0,nan,0.0,nan
2,47,left,1,0.1631,1,0.0,nan,0.0,nan,0.0,nan,0.0,nan
2,48,left,1,-0.3969,0,0.0,nan,0.0,nan,0.0,nan,0.0,nan
2,49,left,0,-0.2059,0,0.0,nan,0.0,nan,0.0,nan,0.0,nan
2,50,left,0,-0.1439,0,0.0,nan,0.0,nan,0.0,nan,0.0,nan
2,51,left,1,-0.3963,0,0.0,nan,0.0,nan,0.0,nan,0.0,nan
2,52,right,0,0.1545,0,0.0,nan,0.0,nan,0.0,nan,0.0,nan
2,53,right,0,0.1541,0,0.0,nan,0.0,nan,0.0,nan,0.0,nan
2,54,right,1,0.3661,0,0.0,nan,0.0,nan,0.0,nan,0.0,nan
2,55,left,0,-0.1663,0,0.0,nan,0.0,nan,0.0,nan,0.0,nan
2,56,right,0,0.1691,0,0.0,nan,0.0,nan,0.0,nan,0.0,nan
2,57,right,1,0.3749,0,0.0,nan,0.0,nan,0.0,nan,0.0,nan
2,58,left,1,-0.3899,0,0.0,nan,0.0,nan,0.0,nan,0.0,nan
2,59,right,1,-0.1905,1,0.0,nan,0.0,nan,0.0,nan,0.0,nan
2,60,right,1,-0.1891,1,0.0,nan,0.0,nan,0.0,nan,0.0,nan
2,61,right,1,-0.1877,1,0.0,nan,0.0,nan,0.0,nan,0.0,nan
2,62,left,1,-0.3855,0,0.0,nan,0.0,nan,0.0,nan,0.0,nan
2,63,right,0,0.1803,0,0.0,nan,0.0,nan,0.0,nan,0.0,nan
2,64,left,1,0.1367,1,0.0,nan,0.0,nan,0.0,nan,0.0,nan
2,65,left,0,-0.2001,0,0.0,nan,0.0,nan,0.0,nan,0.0,nan
2,66,right,0,0.2075,0,0.0,nan,0.0,nan,0.0,nan,0.0,nan
2,67,right,1,-0.1763,1,0.0,nan,0.0,nan,0.0,nan,0.0,nan
2,68,left,1,-0.3929,0,0.0,nan,0.0,nan,0.0,nan,0.0,nan
2,69,right,0,0.1681,0,0.0,nan,0.0,nan,0.0,nan,0.0,nan
2,70,right,0,0.1779,0,0.0,nan,0.0,nan,0.0,nan,0.0,nan
2,71,right,1,-0.1645,1,0.0,nan,0.0,nan,0.0,nan,0.0,nan
2,72,left,1,0.1543,1,0.0,nan,0.0,nan,0.0,nan,0.0,nan
2,73,right,0,0.1679,0,0.0,nan,0.0,nan,0.0,nan,0.0,nan
2,74,right,1,0.3865,0,0.0,nan,0.0,nan,0.0,nan,0.0,nan
2,75,left,0,-0.1895,0,0.0,nan,0.0,nan,0.0,nan,0.0,nan
2,76,right,1,-0.1529,1,0.0,nan,0.0,nan,0.0,nan,0.0,nan
2,77,left,1,0.1485,1,0.0,nan,0.0,nan,0.0,nan,0.0,nan
2,78,right,0,0.1777,0,0.0,nan,0.0,nan,0.0,nan,0.0,nan
2,79,left,0,-0.2187,0,0.0,nan,0.0,nan,0.0,nan,0.0,nan
2,80,right,0,0.2101,0,0.0,nan,0.0,nan,0.0,nan,0.0,nan
2,81,left,1,0.1357,1,0.0,nan,0.0,nan,0.0,nan,0.0,nan
2,82,left,1,0.1487,1,0.0,nan,0.0,nan,0.0,nan,0.0,nan
2,83,right,0,0.1735,0,0.0,nan,0.0,nan,0.0,nan,0.0,nan
2,84,right,1,-0.1779,1,0.0,nan,0.0,nan,0.0,nan,0.0,nan
2,85,right,1,-0.1497,1,0.0,nan,0.0,nan,0.0,nan,0.0,nan
2,86,right,0,0.2269,0,0.0,nan,0.0,nan,0.0,nan,0.0,nan
2,87,right,0,0.1451,0,0.0,nan,0.0,nan,0.0,nan,0.0,nan
2,88,left,1,0.1433,1,0.0,nan,0.0,nan,0.0,nan,0.0,nan
2,89,right,0,0.1669,0,0.0,nan,0.0,nan,0.0,nan,0.0,nan
2,90,right,1,0.3753,0,0.0,nan,0.0,nan,0.0,nan,0.0,nan
2,91,left,0,-0.1845,0,0.0,nan,0.0,nan,0.0,nan,0.0,nan
2,92,right,0,0.1813,0,0.0,nan,0.0,nan,0.0,nan,0.0,nan
2,93,left,1,0.1375,1,0.0,nan,0.0,nan,0.0,nan,0.0,nan
2,94,left,0,-0.2307,0,0.0,nan,0.0,nan,0.0,nan,0.0,nan
2,95,right,0,0.1981,0,0.0,nan,0.0,nan,0.0,nan,0.0,nan
2,96,left,0,-0.1669,0,0.0,nan,0.0,nan,0.0,nan,0.0,nan
2,97,left,1,-0.3987,0,0.0,nan,0.0,nan,0.0,nan,0.0,nan
2,98,right,0,0.1795,0,0.0,nan,0.0,nan,0.0,nan,0.0,nan
2,99,right,1,0.3709,0,0.0,nan,0.0,nan,0.0,nan,0.0,nan
3,0,left,0,-0.1602,0,0.0,nan,0.0,nan,0.0,nan,0.0,nan
3,1,left,0,-0.1952,0,0.0,nan,0.0,nan,0.0,nan,0.0,nan
3,2,left,1,-0.3812,0,0.0,nan,0.0,nan,0.0,nan,0.0,nan
3,3,left,0,-0.194,0,0.0,nan,0.0,nan,0.0,nan,0.0,nan
3,4,left,0,-0.177,0,0.0,nan,0.0,nan,0.0,nan,0.0,nan
3,5,right,1,-0.1592,1,0.0,nan,0.0,nan,0.0,nan,0.0,nan
3,6,left,0,-0.1736,0,0.0,nan,0.0,nan,0.0,nan,0.0,nan
3,7,left,0,-0.16,0,0.0,nan,0.0,nan,0.0,nan,0.0,nan
3,8,right,1,0.38,0,0.0,nan,0.0,nan,0.0,nan,0.0,nan
3,9,left,1,-0.3894,0,0.0,nan,0.0,nan,0.0,nan,0.0,nan
3,10,right,1,0.3694,0,0.0,nan,0.0,nan,0.0,nan,0.0,nan
3,11,left,0,-0.174,0,0.0,nan,0.0,nan,0.0,nan,0.0,nan
3,12,left,1,0.1574,1,0.0,nan,0.0,nan,0.0,nan,0.0,nan
3,13,right,1,0.3784,0,0.0,nan,0.0,nan,0.0,nan,0.0,nan
3,14,right,1,-0.144,1,0.0,nan,0.0,nan,0.0,nan,0.0,nan
3,15,left,1,0.1452,1,0.0,nan,0.0,nan,0.0,nan,0.0,nan
3,16,left,0,-0.2166,0,0.0,nan,0.0,nan,0.0,nan,0.0,nan
3,17,left,1,0.1402,1,0.0,nan,0.0,nan,0.0,nan,0.0,nan
3,18,left,0,-0.2176,0,0.0,nan,0.0,nan,0.0,nan,0.0,nan
3,19,left,1,0.1408,1,0.0,nan,0.0,nan,0.0,nan,0.0,nan
3,20,left,1,0.1328,1,0.0,nan,0.0,nan,0.0,nan,0.0,nan
3,21,right,0,0.1322,0,0.0,nan,0.0,nan,0.0,nan,0.0,nan
3,22,left,1,-0.3978,0,0.0,nan,0.0,nan,0.0,nan,0.0,nan
3,23,right,1,-0.131,1,0.0,nan,0.0,nan,0.0,nan,0.0,nan
3,24,left,1,-0.3734,0,0.0,nan,0.0,nan,0.0,nan,0.0,nan
3,25,left,1,0.1328,1,0.0,nan,0.0,nan,0.0,nan,0.0,nan
3,26,right,0,0.1554,0,0.0,nan,0.0,nan,0.0,nan,0.0,nan
3,27,right,0,0.1694,0,0.0,nan,0.0,nan,0.0,nan,0.0,nan
3,28,right,0,0.1652,0,0.0,nan,0.0,nan,0.0,nan,0.0,nan
3,29,right,1,-0.1314,1,0.0,nan,0.0,nan,0.0,nan,0.0,nan
3,30,right,1,-0.1344,1,0.0,nan,0.0,nan,0.0,nan,0.0,nan
3,31,left,0,-0.1658,0,0.0,nan,0.0,nan,0.0,nan,0.0,nan
3,32,left,0,-0.2006,0,0.0,nan,0.0,nan,0.0,nan,0.0,nan
3,33,right,0,0.1702,0,0.0,nan,0.0,nan,0.0,nan,0.0,nan
3,34,left,0,-0.166,0,0.0,nan,0.0,nan,0.0,nan,0.0,nan
3,35,left,1,0.1268,1,0.0,nan,0.0,nan,0.0,nan,0.0,nan
3,36,right,0,0.1524,0,0.0,nan,0.0,nan,0.0,nan,0.0,nan
3,37,right,1,0.3964,0,0.0,nan,0.0,nan,0.0,nan,0.0,nan
3,38,left,1,-0.3988,0,0.0,nan,0.0,nan,0.0,nan,0.0,nan
3,39,right,1,-0.1322,1,0.0,nan,0.0,nan,0.0,nan,0.0,nan
3,40,right,0,0.2092,0,0.0,nan,0.0,nan,0.0,nan,0.0,nan
3,41,left,0,-0.2052,0,0.0,nan,0.0,nan,0.0,nan,0.0,nan
3,42,left,0,-0.1942,0,0.0,nan,0.0,nan,0.0,nan,0.0,nan
3,43,right,0,0.1836,0,0.0,nan,0.0,nan,0.0,nan,0.0,nan
3,44,left,0,-0.2004,0,0.0,nan,0.0,nan,0.0,nan,0.0,nan
3,45,left,1,-0.404,0,0.0,nan,0.0,nan,0.0,nan,0.0,nan
3,46,left,1,0.1286,1,0.0,nan,0.0,nan,0.0,nan,0.0,nan
3,47,left,1,0.1266,1,0.0,nan,0.0,nan,0.0,nan,0.0,nan
3,48,right,1,0.3772,0,0.0,nan,0.0,nan,0.0,nan,0.0,nan
3,49,left,1,0.1242,1,0.0,nan,0.0,nan,0.0,nan,0.0,nan
3,50,left,0,-0.2358,0,0.0,nan,0.0,nan,0.0,nan,0.0,nan
3,51,left,0,-0.1548,0,0.0,nan,0.0,nan,0.0,nan,0.0,nan
3,52,left,0,-0.2272,0,0.0,nan,0.0,nan,0.0,nan,0.0,nan
3,53,right,0,0.1822,0,0.0,nan,0.0,nan,0.0,nan,0.0,nan
3,54,left,1,-0.3884,0,0.0,nan,0.0,nan,0.0,nan,0.0,nan
3,55,left,1,-0.4004,0,0.0,nan,0.0,nan,0.0,nan,0.0,nan
3,56,right,0,0.1702,0,0.0,nan,0.0,nan,0.0,nan,0.0,nan
3,57,left,1,-0.3844,0,0.0,nan,0.0,nan,0.0,nan,0.0,nan
3,58,right,1,0.3762,0,0.0,nan,0.0,nan,0.0,nan,0.0,nan
3,59,left,1,-0.4042,0,0.0,nan,0.0,nan,0.0,nan,0.0,nan
3,60,left,1,-0.3738,0,0.0,nan,0.0,nan,0.0,nan,0.0,nan
3,61,right,0,0.16,0,0.0,nan,0.0,nan,0.0,nan,0.0,nan
3,62,right,1,0.381,0,0.0,nan,0.0,nan,0.0,nan,0.0,nan
3,63,right,1,0.3942,0,0.0,nan,0.0,nan,0.0,nan,0.0,nan
3,64,left,0,-0.1768,0,0.0,nan,0.0,nan,0.0,nan,0.0,nan
3,65,left,1,0.1396,1,0.0,nan,0.0,nan,0.0,nan,0.0,nan
3,66,left,0,-0.2218,0,0.0,nan,0.0,nan,0.0,nan,0.0,nan
3,67,right,1,0.376,0,0.0,nan,0.0,nan,0.0,nan,0.0,nan
3,68,right,1,0.3706,0,0.0,nan,0.0,nan,0.0,nan,0.0,nan
3,69,left,1,0.1394,1,0.0,nan,0.0,nan,0.0,nan,0.0,nan
3,70,right,1,0.3696,0,0.0,nan,0.0,nan,0.0,nan,0.0,nan
3,71,left,0,-0.1596,0,0.0,nan,0.0,nan,0.0,nan,0.0,nan
3,72,left,1,0.1488,1,0.0,nan,0.0,nan,0.0,nan,0.0,nan
3,73,left,0,-0.2184,0,0.0,nan,0.0,nan,0.0,nan,0.0,nan
3,74,right,0,0.1922,0,0.0,nan,0.0,nan,0.0,nan,0.0,nan
3,75,left,1,0.1282,1,0.0,nan,0.0,nan,0.0,nan,0.0,nan
3,76,right,1,0.3864,0,0.0,nan,0.0,nan,0.0,nan,0.0,nan
3,77,left,1,-0.3868,0,0.0,nan,0.0,nan,0.0,nan,0.0,nan
3,78,right,0,0.1672,0,0.0,nan,0.0,nan,0.0,nan,0.0,nan
3,79,left,1,0.1296,1,0.0,nan,0.0,nan,0.0,nan,0.0,nan
3,80,right,1,0.3776,0,0.0,nan,0.0,nan,0.0,nan,0.0,nan
3,81,right,1,-0.1476,1,0.0,nan,0.0,nan,0.0,nan,0.0,nan
3,82,left,1,0.14,1,0.0,nan,0.0,nan,0.0,nan,0.0,nan
3,83,left,1,-0.3818,0,0.0,nan,0.0,nan,0.0,nan,0.0,nan
3,84,left,1,-0.3848,0,0.0,nan,0.0,nan,0.0,nan,0.0,nan
3,85,left,0,-0.215,0,0.0,nan,0.0,nan,0.0,nan,0.0,nan
3,86,right,0,0.1686,0,0.0,nan,0.0,nan,0.0,nan,0.0,nan
3,87,left,0,-0.1896,0,0.0,nan,0.0,nan,0.0,nan,0.0,nan
3,88,right,0,0.1702,0,0.0,nan,0.0,nan,0.0,nan,0.0,nan
3,89,right,1,-0.1496,1,0.0,nan,0.0,nan,0.0,nan,0.0,nan
3,90,right,1,0.381,0,0.0,nan,0.0,nan,0.0,nan,0.0,nan
3,91,left,0,-0.1558,0,0.0,nan,0.0,nan,0.0,nan,0.0,nan
3,92,right,0,0.1634,0,0.0,nan,0.0,nan,0.0,nan,0.0,nan
3,93,right,1,-0.151,1,0.0,nan,0.0,nan,0.0,nan,0.0,nan
3,94,left,1,0.1322,1,0.0,nan,0.0,nan,0.0,nan,0.0,nan
3,95,right,1,-0.1412,1,0.0,nan,0.0,nan,0.0,nan,0.0,nan
3,96,right,1,-0.1364,1,0.0,nan,0.0,nan,0.0,nan,0.0,nan
3,97,left,1,0.1304,1,0.0,nan,0.0,nan,0.0,nan,0.0,nan
3,98,left,0,-0.2404,0,0.0,nan,0.0,nan,0.0,nan,0.0,nan
3,99,right,1,-0.1132,1,0.0,nan,0.0,nan,0.0,nan,0.0,nan
4,0,right,1,0.3665,0,0.0,nan,0.0,nan,0.0,nan,0.0,nan
4,1,left,0,-0.2021,0,0.0,nan,0.0,nan,0.0,nan,0.0,nan
4,2,right,0,0.1737,0,0.0,nan,0.0,nan,0.0,nan,0.0,nan
4,3,right,1,-0.1237,1,0.0,nan,0.0,nan,0.0,nan,0.0,nan
4,4,left,0,-0.1751,0,0.0,nan,0.0,nan,0.0,nan,0.0,nan
4,5,right,0,0.1781,0,0.0,nan,0.0,nan,0.0,nan,0.0,nan
4,6,left,1,-0.4111,0,0.0,nan,0.0,nan,0.0,nan,0.0,nan
4,7,left,0,-0.1853,0,0.0,nan,0.0,nan,0.0,nan,0.0,nan
4,8,right,1,-0.1287,1,0.0,nan,0.0,nan,0.0,nan,0.0,nan
4,9,right,0,0.1893,0,0.0,nan,0.0,nan,0.0,nan,0.0,nan
4,10,left,1,0.1089,1,0.0,nan,0.0,nan,0.0,nan,0.0,nan
4,11,left,0,-0.2163,0,0.0,nan,0.0,nan,0.0,nan,0.0,nan
4,12,right,1,0.3833,0,0.0,nan,0.0,nan,0.0,nan,0.0,nan
4,13,left,1,-0.4031,0,0.0,nan,0.0,nan,0.0,nan,0.0,nan
4,14,right,1,0.3921,0,0.0,nan,0.0,nan,0.0,nan,0.0,nan
4,15,right,1,0.3751,0,0.0,nan,0.0,nan,0.0,nan,0.0,nan
4,16,left,1,-0.4061,0,0.0,nan,0.0,nan,0.0,nan,0.0,nan
4,17,left,0,-0.1603,0,0.0,nan,0.0,nan,0.0,nan,0.0,nan
4,18,right,1,-0.1371,1,0.0,nan,0.0,nan,0.0,nan,0.0,nan
4,19,right,1,-0.1297,1,0.0,nan,0.0,nan,0.0,nan,0.0,nan
4,20,right,0,0.2103,0,0.0,nan,0.0,nan,0.0,nan,0.0,nan
4,21,left,0,-0.2037,0,0.0,nan,0.0,nan,0.0,nan,0.0,nan
4,22,left,1,-0.4173,0,0.0,nan,0.0,nan,0.0,nan,0.0,nan
4,23,left,0,-0.1539,0,0.0,nan,0.0,nan,0.0,nan,0.0,nan
4,24,right,1,-0.1367,1,0.0,nan,0.0,nan,0.0,nan,0.0,nan
4,25,left,1,-0.4113,0,0.0,nan,0.0,nan,0.0,nan,0.0,nan
4,26,right,0,0.1775,0,0.0,nan,0.0,nan,0.0,nan,0.0,nan
4,27,left,1,0.1181,1,0.0,nan,0.0,nan,0.0,nan,0.0,nan
4,28,left,0,-0.2211,0,0.0,nan,0.0,nan,0.0,nan,0.0,nan
4,29,left,0,-0.1587,0,0.0,nan,0.0,nan,0.0,nan,0.0,nan
4,30,right,1,0.3915,0,0.0,nan,0.0,nan,0.0,nan,0.0,nan
4,31,left,0,-0.1985,0,0.0,nan,0.0,nan,0.0,nan,0.0,nan
4,32,left,1,-0.4133,0,0.0,nan,0.0,nan,0.0,nan,0.0,nan
4,33,right,1,0.3815,0,0.0,nan,0.0,nan,0.0,nan,0.0,nan
4,34,right,1,-0.1385,1,0.0,nan,0.0,nan,0.0,nan,0.0,nan
4,35,left,1,-0.3901,0,0.0,nan,0.0,nan,0.0,nan,0.0,nan
4,36,right,0,0.1867,0,0.0,nan,0.0,nan,0.0,nan,0.0,nan
4,37,left,1,-0.4129,0,0.0,nan,0.0,nan,0.0,nan,0.0,nan
4,38,left,1,-0.3851,0,0.0,nan,0.0,nan,0.0,nan,0.0,nan
4,39,right,1,-0.1273,1,0.0,nan,0.0,nan,0.0,nan,0.0,nan
4,40,left,1,-0.4139,0,0.0,nan,0.0,nan,0.0,nan,0.0,nan
4,41,left,1,0.1265,1,0.0,nan,0.0,nan,0.0,nan,0.0,nan
4,42,right,1,0.4059,0,0.0,nan,0.0,nan,0.0,nan,0.0,nan
4,43,left,0,-0.1897,0,0.0,nan,0.0,nan,0.0,nan,0.0,nan
4,44,right,1,-0.1197,1,0.0,nan,0.0,nan,0.0,nan,0.0,nan
4,45,left,0,-0.1665,0,0.0,nan,0.0,nan,0.0,nan,0.0,nan
4,46,left,0,-0.1831,0,0.0,nan,0.0,nan,0.0,nan,0.0,nan
4,47,right,1,-0.1395,1,0.0,nan,0.0,nan,0.0,nan,0.0,nan
4,48,right,0,0.2067,0,0.0,nan,0.0,nan,0.0,nan,0.0,nan
4,49,left,1,0.1207,1,0.0,nan,0.0,nan,0.0,nan,0.0,nan
4,50,left,0,-0.2137,0,0.0,nan,0.0,nan,0.0,nan,0.0,nan
4,51,left,1,0.1181,1,0.0,nan,0.0,nan,0.0,nan,0.0,nan
4,52,right,1,-0.1315,1,0.0,nan,0.0,nan,0.0,nan,0.0,nan
4,53,left,0,-0.1861,0,0.0,nan,0.0,nan,0.0,nan,0.0,nan
4,54,right,1,-0.1377,1,0.0,nan,0.0,nan,0.0,nan,0.0,nan
4,55,right,1,-0.1199,1,0.0,nan,0.0,nan,0.0,nan,0.0,nan
4,56,right,1,-0.1131,1,0.0,nan,0.0,nan,0.0,nan,0.0,nan
4,57,left,0,-0.1731,0,0.0,nan,0.0,nan,0.0,nan,0.0,nan
4,58,right,0,0.1759,0,0.0,nan,0.0,nan,0.0,nan,0.0,nan
4,59,right,1,-0.1283,1,0.0,nan,0.0,nan,0.0,nan,0.0,nan
4,60,left,1,0.1175,1,0.0,nan,0.0,nan,0.0,nan,0.0,nan
4,61,right,1,0.3991,0,0.0,nan,0.0,nan,0.0,nan,0.0,nan
4,62,left,1,-0.4159,0,0.0,nan,0.0,nan,0.0,nan,0.0,nan
4,63,right,1,-0.1333,1,0.0,nan,0.0,nan,0.0,nan,0.0,nan
4,64,left,1,-0.4131,0,0.0,nan,0.0,nan,0.0,nan,0.0,nan
4,65,right,1,0.4019,0,0.0,nan,0.0,nan,0.0,nan,0.0,nan
4,66,right,1,0.3809,0,0.0,nan,0.0,nan,0.0,nan,0.0,nan
4,67,right,1,0.3843,0,0.0,nan,0.0,nan,0.0,nan,0.0,nan
4,68,left,0,-0.1847,0,0.0,nan,0.0,nan,0.0,nan,0.0,nan
4,69,right,1,0.3711,0,0.0,nan,0.0,nan,0.0,nan,0.0,nan
4,70,right,0,0.1795,0,0.0,nan,0.0,nan,0.0,nan,0.0,nan
4,71,left,1,-0.4153,0,0.0,nan,0.0,nan,0.0,nan,0.0,nan
4,72,right,1,-0.1245,1,0.0,nan,0.0,nan,0.0,nan,0.0,nan
4,73,right,0,0.1921,0,0.0,nan,0.0,nan,0.0,nan,0.0,nan
4,74,left,1,-0.4061,0,0.0,nan,0.0,nan,0.0,nan,0.0,nan
4,75,right,0,0.1675,0,0.0,nan,0.0,nan,0.0,nan,0.0,nan
4,76,left,1,0.1247,1,0.0,nan,0.0,nan,0.0,nan,0.0,nan
4,77,left,0,-0.2117,0,0.0,nan,0.0,nan,0.0,nan,0.0,nan
4,78,left,1,-0.3813,0,0.0,nan,0.0,nan,0.0,nan,0.0,nan
4,79,left,0,-0.1703,0,0.0,nan,0.0,nan,0.0,nan,0.0,nan
4,80,left,1,-0.4079,0,0.0,nan,0.0,nan,0.0,nan,0.0,nan
4,81,left,1,0.1179,1,0.0,nan,0.0,nan,0.0,nan,0.0,nan
4,82,left,1,0.1201,1,0.0,nan,0.0,nan,0.0,nan,0.0,nan
4,83,left,1,-0.4191,0,0.0,nan,0.0,nan,0.0,nan,0.0,nan
4,84,left,1,-0.4055,0,0.0,nan,0.0,nan,0.0,nan,0.0,nan
4,85,left,1,-0.4121,0,0.0,nan,0.0,nan,0.0,nan,0.0,nan
4,86,left,1,0.1181,1,0.0,nan,0.0,nan,0.0,nan,0.0,nan
4,87,right,1,0.3783,0,0.0,nan,0.0,nan,0.0,nan,0.0,nan
4,88,left,1,-0.3945,0,0.0,nan,0.0,nan,0.0,nan,0.0,nan
4,89,left,1,-0.4051,0,0.0,nan,0.0,nan,0.0,nan,0.0,nan
4,90,right,0,0.1825,0,0.0,nan,0.0,nan,0.0,nan,0.0,nan
4,91,left,0,-0.1863,0,0.0,nan,0.0,nan,0.0,nan,0.0,nan
4,92,left,0,-0.1669,0,0.0,nan,0.0,nan,0.0,nan,0.0,nan
4,93,left,1,-0.4011,0,0.0,nan,0.0,nan,0.0,nan,0.0,nan
4,94,right,0,0.1715,0,0.0,nan,0.0,nan,0.0,nan,0.0,nan
4,95,left,1,0.1175,1,0.0,nan,0.0,nan,0.0,nan,0.0,nan
4,96,right,0,0.1801,0,0.0,nan,0.0,nan,0.0,nan,0.0,nan
4,97,right,0,0.1481,0,0.0,nan,0.0,nan,0.0,nan,0.0,nan
4,98,right,1,-0.1331,1,0.0,nan,0.0,nan,0.0,nan,0.0,nan
4,99,right,0,0.2073,0,0.0,nan,0.0,nan,0.0,nan,0.0,nan
