ep,t,good_side,explore,v,correct,e_ll,g_ll,e_lr,g_lr,e_rl,g_rl,e_rr,g_rr
0,0,left,1,-0.2056,0,0.0,nan,0.0,nan,0.0,nan,0.0,nan
0,1,right,1,0.0134,0,0.0,nan,0.0,nan,0.0,nan,0.0,nan
0,2,left,1,-0.0486,0,0.0,nan,0.0,nan,0.0,nan,0.0,nan
0,3,right,0,0.1376,0,0.0,nan,0.0,nan,0.0,nan,0.0,nan
0,4,right,1,0.2378,0,0.0,nan,0.0,nan,0.0,nan,0.0,nan
0,5,right,1,0.2232,0,0.0,nan,0.0,nan,0.0,nan,0.0,nan
0,6,right,0,0.1034,0,0.0,nan,0.0,nan,0.0,nan,0.0,nan
0,7,right,0,0.1132,0,0.0,nan,0.0,nan,0.0,nan,0.0,nan
0,8,left,1,-0.0412,0,0.0,nan,0.0,nan,0.0,nan,0.0,nan
0,9,left,1,-0.218,0,0.0,nan,0.0,nan,0.0,nan,0.0,nan
0,10,right,0,0.107,0,0.0,nan,0.0,nan,0.0,nan,0.0,nan
0,11,right,1,0.2354,0,0.0,nan,0.0,nan,0.0,nan,0.0,nan
0,12,right,0,0.1034,0,0.0,nan,0.0,nan,0.0,nan,0.0,nan
0,13,right,1,0.2316,0,0.0,nan,0.0,nan,0.0,nan,0.0,nan
0,14,left,0,-0.1182,0,0.0,nan,0.0,nan,0.0,nan,0.0,nan
0,15,left,0,-0.1266,0,0.0,nan,0.0,nan,0.0,nan,0.0,nan
0,16,left,0,-0.1248,0,0.0,nan,0.0,nan,0.0,nan,0.0,nan
0,17,right,1,0.2226,0,0.0,nan,0.0,nan,0.0,nan,0.0,nan
0,18,left,0,-0.1234,0,0.0,nan,0.0,nan,0.0,nan,0.0,nan
0,19,right,1,0.0226,0,0.0,nan,0.0,nan,0.0,nan,0.0,nan
0,20,right,1,0.0112,0,0.0,nan,0.0,nan,0.0,nan,0.0,nan
0,21,left,1,-0.2504,0,0.0,nan,0.0,nan,0.0,nan,0.0,nan
0,22,right,0,0.124,0,0.0,nan,0.0,nan,0.0,nan,0.0,nan
0,23,left,0,-0.1146,0,0.0,nan,0.0,nan,0.0,nan,0.0,nan
0,24,left,0,-0.129,0,0.0,nan,0.0,nan,0.0,nan,0.0,nan
0,25,left,1,-0.243,0,0.0,nan,0.0,nan,0.0,nan,0.0,nan
0,26,left,1,-0.2278,0,0.0,nan,0.0,nan,0.0,nan,0.0,nan
0,27,right,1,0.233,0,0.0,nan,0.0,nan,0.0,nan,0.0,nan
0,28,left,1,-0.2492,0,0.0,nan,0.0,nan,0.0,nan,0.0,nan
0,29,right,1,0.009,0,0.0,nan,0.0,nan,0.0,nan,0.0,nan
0,30,left,1,-0.2524,0,0.0,nan,0.0,nan,0.0,nan,0.0,nan
0,31,right,1,0.2436,0,0.0,nan,0.0,nan,0.0,nan,0.0,nan
0,32,left,1,-0.2458,0,0.0,nan,0.0,nan,0.0,nan,0.0,nan
0,33,left,1,-0.2344,0,0.0,nan,0.0,nan,0.0,nan,0.0,nan
0,34,right,1,0.0134,0,0.0,nan,0.0,nan,0.0,nan,0.0,nan
0,35,right,0,0.0994,0,0.0,nan,0.0,nan,0.0,nan,0.0,nan
0,36,left,1,-0.0428,0,0.0,nan,0.0,nan,0.0,nan,0.0,nan
0,37,left,0,-0.1158,0,0.0,nan,0.0,nan,0.0,nan,0.0,nan
0,38,right,1,0.014,0,0.0,nan,0.0,nan,0.0,nan,0.0,nan
0,39,right,1,-0.0048,0,0.0,nan,0.0,nan,0.0,nan,0.0,nan
0,40,right,1,0.2022,0,0.0,nan,0.0,nan,0.0,nan,0.0,nan
0,41,left,0,-0.1044,0,0.0,nan,0.0,nan,0.0,nan,0.0,nan
0,42,right,0,0.107,0,0.0,nan,0.0,nan,0.0,nan,0.0,nan
0,43,left,1,-0.2496,0,0.0,nan,0.0,nan,0.0,nan,0.0,nan
0,44,right,1,0.0062,0,0.0,nan,0.0,nan,0.0,nan,0.0,nan
0,45,left,0,-0.1402,0,0.0,nan,0.0,nan,0.0,nan,0.0,nan
0,46,left,1,-0.245,0,0.0,nan,0.0,nan,0.0,nan,0.0,nan
0,47,right,1,0.2214,0,0.0,nan,0.0,nan,0.0,nan,0.0,nan
0,48,right,1,0.2168,0,0.0,nan,0.0,nan,0.0,nan,0.0,nan
0,49,right,0,0.0866,0,0.0,nan,0.0,nan,0.0,nan,0.0,nan
0,50,right,1,0.2206,0,0.0,nan,0.0,nan,0.0,nan,0.0,nan
0,51,right,0,0.0856,0,0.0,nan,0.0,nan,0.0,nan,0.0,nan
0,52,right,0,0.1192,0,0.0,nan,0.0,nan,0.0,nan,0.0,nan
0,53,left,1,-0.0352,0,0.0,nan,0.0,nan,0.0,nan,0.0,nan
0,54,left,1,-0.2182,0,0.0,nan,0.0,nan,0.0,nan,0.0,nan
0,55,left,0,-0.1114,0,0.0,nan,0.0,nan,0.0,nan,0.0,nan
0,56,right,1,-0.0026,0,0.0,nan,0.0,nan,0.0,nan,0.0,nan
0,57,right,1,-0.0128,0,0.0,nan,0.0,nan,0.0,nan,0.0,nan
0,58,left,0,-0.1318,0,0.0,nan,0.0,nan,0.0,nan,0.0,nan
0,59,left,1,-0.2378,0,0.0,nan,0.0,nan,0.0,nan,0.0,nan
0,60,right,0,0.118,0,0.0,nan,0.0,nan,0.0,nan,0.0,nan
0,61,left,1,-0.233,0,0.0,nan,0.0,nan,0.0,nan,0.0,nan
0,62,right,1,0.0174,0,0.0,nan,0.0,nan,0.0,nan,0.0,nan
0,63,right,1,0.2076,0,0.0,nan,0.0,nan,0.0,nan,0.0,nan
0,64,right,1,0.2334,0,0.0,nan,0.0,nan,0.0,nan,0.0,nan
0,65,left,1,-0.2448,0,0.0,nan,0.0,nan,0.0,nan,0.0,nan
0,66,right,1,0.2266,0,0.0,nan,0.0,nan,0.0,nan,0.0,nan
0,67,left,0,-0.1248,0,0.0,nan,0.0,nan,0.0,nan,0.0,nan
0,68,right,0,0.1034,0,0.0,nan,0.0,nan,0.0,nan,0.0,nan
0,69,right,1,-0.0018,0,0.0,nan,0.0,nan,0.0,nan,0.0,nan
0,70,right,0,0.094,0,0.0,nan,0.0,nan,0.0,nan,0.0,nan
0,71,right,0,0.0884,0,0.0,nan,0.0,nan,0.0,nan,0.0,nan
0,72,left,1,-0.2434,0,0.0,nan,0.0,nan,0.0,nan,0.0,nan
0,73,left,1,-0.0148,0,0.0,nan,0.0,nan,0.0,nan,0.0,nan
0,74,left,1,-0.2204,0,0.0,nan,0.0,nan,0.0,nan,0.0,nan
0,75,right,1,-0.0066,0,0.0,nan,0.0,nan,0.0,nan,0.0,nan
0,76,right,1,0.2048,0,0.0,nan,0.0,nan,0.0,nan,0.0,nan
0,77,right,1,0.2198,0,0.0,nan,0.0,nan,0.0,nan,0.0,nan
0,78,left,1,-0.2566,0,0.0,nan,0.0,nan,0.0,nan,0.0,nan
0,79,left,1,-0.2282,0,0.0,nan,0.0,nan,0.0,nan,0.0,nan
0,80,right,1,0.005,0,0.0,nan,0.0,nan,0.0,nan,0.0,nan
0,81,left,1,-0.043,0,0.0,nan,0.0,nan,0.0,nan,0.0,nan
0,82,left,0,-0.1298,0,0.0,nan,0.0,nan,0.0,nan,0.0,nan
0,83,right,1,0.2166,0,0.0,nan,0.0,nan,0.0,nan,0.0,nan
0,84,right,0,0.0826,0,0.0,nan,0.0,nan,0.0,nan,0.0,nan
0,85,right,1,0.2174,0,0.0,nan,0.0,nan,0.0,nan,0.0,nan
0,86,left,0,-0.1166,0,0.0,nan,0.0,nan,0.0,nan,0.0,nan
0,87,left,1,-0.0278,0,0.0,nan,0.0,nan,0.0,nan,0.0,nan
0,88,left,1,-0.0288,0,0.0,nan,0.0,nan,0.0,nan,0.0,nan
0,89,left,1,-0.0182,0,0.0,nan,0.0,nan,0.0,nan,0.0,nan
0,90,right,1,0.2266,0,0.0,nan,0.0,nan,0.0,nan,0.0,nan
0,91,right,1,-0.0306,1,0.0,nan,0.0,nan,0.0,nan,0.0,nan
0,92,right,1,-0.044,1,0.0,nan,0.0,nan,0.0,nan,0.0,nan
0,93,right,0,0.0406,0,0.0,nan,0.0,nan,0.0,nan,0.0,nan
0,94,left,0,-0.0986,0,0.0,nan,0.0,nan,0.0,nan,0.0,nan
0,95,right,1,-0.0216,1,0.0,nan,0.0,nan,0.0,nan,0.0,nan
0,96,left,1,-0.229,0,0.0,nan,0.0,nan,0.0,nan,0.0,nan
0,97,left,0,-0.0916,0,0.0,nan,0.0,nan,0.0,nan,0.0,nan
0,98,right,0,0.0708,0,0.0,nan,0.0,nan,0.0,nan,0.0,nan
0,99,right,1,-0.0392,1,0.0,nan,0.0,nan,0.0,nan,0.0,nan
1,0,left,1,-0.121,0,0.0,nan,0.0,nan,0.0,nan,0.0,nan
1,1,left,1,0.0954,1,0.0,nan,0.0,nan,0.0,nan,0.0,nan
1,2,left,1,-0.0944,0,0.0,nan,0.0,nan,0.0,nan,0.0,nan
1,3,left,1,0.0932,1,0.0,nan,0.0,nan,0.0,nan,0.0,nan
1,4,left,0,0.0128,0,0.0,nan,0.0,nan,0.0,nan,0.0,nan
1,5,right,1,0.2484,0,0.0,nan,0.0,nan,0.0,nan,0.0,nan
1,6,right,1,0.2464,0,0.0,nan,0.0,nan,0.0,nan,0.0,nan
1,7,left,0,-0.0,0,0.0,nan,0.0,nan,0.0,nan,0.0,nan
1,8,left,1,-0.1206,0,0.0,nan,0.0,nan,0.0,nan,0.0,nan
1,9,left,1,0.0916,1,0.0,nan,0.0,nan,0.0,nan,0.0,nan
1,10,right,0,0.1362,0,0.0,nan,0.0,nan,0.0,nan,0.0,nan
1,11,left,0,0.001,0,0.0,nan,0.0,nan,0.0,nan,0.0,nan
1,12,right,0,0.1366,0,0.0,nan,0.0,nan,0.0,nan,0.0,nan
1,13,left,1,0.1068,1,0.0,nan,0.0,nan,0.0,nan,0.0,nan
1,14,left,1,-0.1188,0,0.0,nan,0.0,nan,0.0,nan,0.0,nan
1,15,right,0,0.1354,0,0.0,nan,0.0,nan,0.0,nan,0.0,nan
1,16,right,0,0.1108,0,0.0,nan,0.0,nan,0.0,nan,0.0,nan
1,17,left,1,-0.103,0,0.0,nan,0.0,nan,0.0,nan,0.0,nan
1,18,left,1,0.0866,1,0.0,nan,0.0,nan,0.0,nan,0.0,nan
1,19,left,1,0.1062,1,0.0,nan,0.0,nan,0.0,nan,0.0,nan
1,20,left,1,0.1052,1,0.0,nan,0.0,nan,0.0,nan,0.0,nan
1,21,right,1,0.038,0,0.0,nan,0.0,nan,0.0,nan,0.0,nan
1,22,right,0,0.115,0,0.0,nan,0.0,nan,0.0,nan,0.0,nan
1,23,left,0,0.0198,0,0.0,nan,0.0,nan,0.0,nan,0.0,nan
1,24,right,1,0.0352,0,0.0,nan,0.0,nan,0.0,nan,0.0,nan
1,25,left,1,0.0966,1,0.0,nan,0.0,nan,0.0,nan,0.0,nan
1,26,right,1,0.0392,0,0.0,nan,0.0,nan,0.0,nan,0.0,nan
1,27,left,0,0.001,0,0.0,nan,0.0,nan,0.0,nan,0.0,nan
1,28,left,1,-0.1032,0,0.0,nan,0.0,nan,0.0,nan,0.0,nan
1,29,right,1,0.0304,0,0.0,nan,0.0,nan,0.0,nan,0.0,nan
1,30,right,1,0.2316,0,0.0,nan,0.0,nan,0.0,nan,0.0,nan
1,31,left,0,0.0012,0,0.0,nan,0.0,nan,0.0,nan,0.0,nan
1,32,left,0,0.0058,0,0.0,nan,0.0,nan,0.0,nan,0.0,nan
1,33,left,1,0.0926,1,0.0,nan,0.0,nan,0.0,nan,0.0,nan
1,34,right,0,0.1294,0,0.0,nan,0.0,nan,0.0,nan,0.0,nan
1,35,right,0,0.1214,0,0.0,nan,0.0,nan,0.0,nan,0.0,nan
1,36,right,0,0.1188,0,0.0,nan,0.0,nan,0.0,nan,0.0,nan
1,37,right,1,0.2298,0,0.0,nan,0.0,nan,0.0,nan,0.0,nan
1,38,left,1,0.0874,1,0.0,nan,0.0,nan,0.0,nan,0.0,nan
1,39,left,0,-0.0006,0,0.0,nan,0.0,nan,0.0,nan,0.0,nan
1,40,right,1,0.2322,0,0.0,nan,0.0,nan,0.0,nan,0.0,nan
1,41,right,1,0.2456,0,0.0,nan,0.0,nan,0.0,nan,0.0,nan
1,42,right,1,0.233,0,0.0,nan,0.0,nan,0.0,nan,0.0,nan
1,43,left,1,0.0926,1,0.0,nan,0.0,nan,0.0,nan,0.0,nan
1,44,right,0,0.1338,0,0.0,nan,0.0,nan,0.0,nan,0.0,nan
1,45,left,1,-0.1224,0,0.0,nan,0.0,nan,0.0,nan,0.0,nan
1,46,left,1,0.0932,1,0.0,nan,0.0,nan,0.0,nan,0.0,nan
1,47,left,0,0.0014,0,0.0,nan,0.0,nan,0.0,nan,0.0,nan
1,48,left,1,-0.1242,0,0.0,nan,0.0,nan,0.0,nan,0.0,nan
1,49,right,1,0.2358,0,0.0,nan,0.0,nan,0.0,nan,0.0,nan
1,50,left,1,-0.1306,0,0.0,nan,0.0,nan,0.0,nan,0.0,nan
1,51,right,1,0.031,0,0.0,nan,0.0,nan,0.0,nan,0.0,nan
1,52,right,0,0.1346,0,0.0,nan,0.0,nan,0.0,nan,0.0,nan
1,53,left,0,-0.0126,0,0.0,nan,0.0,nan,0.0,nan,0.0,nan
1,54,right,0,0.133,0,0.0,nan,0.0,nan,0.0,nan,0.0,nan
1,55,right,1,0.2282,0,0.0,nan,0.0,nan,0.0,nan,0.0,nan
1,56,right,1,0.027,0,0.0,nan,0.0,nan,0.0,nan,0.0,nan
1,57,left,0,0.0,0,0.0,nan,0.0,nan,0.0,nan,0.0,nan
1,58,right,0,0.1186,0,0.0,nan,0.0,nan,0.0,nan,0.0,nan
1,59,left,1,-0.1206,0,0.0,nan,0.0,nan,0.0,nan,0.0,nan
1,60,right,1,0.0234,0,0.0,nan,0.0,nan,0.0,nan,0.0,nan
1,61,left,1,0.1024,1,0.0,nan,0.0,nan,0.0,nan,0.0,nan
1,62,right,1,0.0386,0,0.0,nan,0.0,nan,0.0,nan,0.0,nan
1,63,left,1,0.0808,1,0.0,nan,0.0,nan,0.0,nan,0.0,nan
1,64,right,0,0.1276,0,0.0,nan,0.0,nan,0.0,nan,0.0,nan
1,65,left,1,0.0902,1,0.0,nan,0.0,nan,0.0,nan,0.0,nan
1,66,left,0,-0.0178,0,0.0,nan,0.0,nan,0.0,nan,0.0,nan
1,67,right,0,0.1456,0,0.0,nan,0.0,nan,0.0,nan,0.0,nan
1,68,left,0,-0.0366,0,0.0,nan,0.0,nan,0.0,nan,0.0,nan
1,69,right,0,0.1374,0,0.0,nan,0.0,nan,0.0,nan,0.0,nan
1,70,right,0,0.112,0,0.0,nan,0.0,nan,0.0,nan,0.0,nan
1,71,right,0,0.1318,0,0.0,nan,0.0,nan,0.0,nan,0.0,nan
1,72,left,0,-0.0324,0,0.0,nan,0.0,nan,0.0,nan,0.0,nan
1,73,left,0,0.0036,0,0.0,nan,0.0,nan,0.0,nan,0.0,nan
1,74,right,1,0.2282,0,0.0,nan,0.0,nan,0.0,nan,0.0,nan
1,75,left,0,-0.0014,0,0.0,nan,0.0,nan,0.0,nan,0.0,nan
1,76,right,1,0.0296,0,0.0,nan,0.0,nan,0.0,nan,0.0,nan
1,77,left,1,0.0816,1,0.0,nan,0.0,nan,0.0,nan,0.0,nan
1,78,right,0,0.1406,0,0.0,nan,0.0,nan,0.0,nan,0.0,nan
1,79,right,0,0.1064,0,0.0,nan,0.0,nan,0.0,nan,0.0,nan
1,80,right,0,0.135,0,0.0,nan,0.0,nan,0.0,nan,0.0,nan
1,81,left,0,-0.015,0,0.0,nan,0.0,nan,0.0,nan,0.0,nan
1,82,left,1,-0.1158,0,0.0,nan,0.0,nan,0.0,nan,0.0,nan
1,83,left,0,0.0086,0,0.0,nan,0.0,nan,0.0,nan,0.0,nan
1,84,right,0,0.1156,0,0.0,nan,0.0,nan,0.0,nan,0.0,nan
1,85,left,1,0.099,1,0.0,nan,0.0,nan,0.0,nan,0.0,nan
1,86,left,0,-0.0166,0,0.0,nan,0.0,nan,0.0,nan,0.0,nan
1,87,left,1,0.091,1,0.0,nan,0.0,nan,0.0,nan,0.0,nan
1,88,right,0,0.131,0,0.0,nan,0.0,nan,0.0,nan,0.0,nan
1,89,right,0,0.1306,0,0.0,nan,0.0,nan,0.0,nan,0.0,nan
1,90,left,0,-0.022,0,0.0,nan,0.0,nan,0.0,nan,0.0,nan
1,91,left,1,-0.1362,0,0.0,nan,0.0,nan,0.0,nan,0.0,nan
1,92,left,1,0.0682,1,0.0,nan,0.0,nan,0.0,nan,0.0,nan
1,93,right,1,0.2462,0,0.0,nan,0.0,nan,0.0,nan,0.0,nan
1,94,right,1,0.236,0,0.0,nan,0.0,nan,0.0,nan,0.0,nan
1,95,right,1,0.0392,0,0.0,nan,0.0,nan,0.0,nan,0.0,nan
1,96,left,1,-0.1416,0,0.0,nan,0.0,nan,0.0,nan,0.0,nan
1,97,right,1,0.0342,0,0.0,nan,0.0,nan,0.0,nan,0.0,nan
1,98,left,0,-0.0138,0,0.0,nan,0.0,nan,0.0,nan,0.0,nan
1,99,right,0,0.1326,0,0.0,nan,0.0,nan,0.0,nan,0.0,nan
2,0,right,1,0.2882,0,0.0,nan,0.0,nan,0.0,nan,0.0,nan
2,1,left,1,-0.0914,0,0.0,nan,0.0,nan,0.0,nan,0.0,nan
2,2,right,1,0.3274,0,0.0,nan,0.0,nan,0.0,nan,0.0,nan
2,3,right,1,0.1092,0,0.0,nan,0.0,nan,0.0,nan,0.0,nan
2,4,right,1,0.3422,0,0.0,nan,0.0,nan,0.0,nan,0.0,nan
2,5,left,0,0.0082,0,0.0,nan,0.0,nan,0.0,nan,0.0,nan
2,6,left,1,-0.0734,0,0.0,nan,0.0,nan,0.0,nan,0.0,nan
2,7,right,1,0.3256,0,0.0,nan,0.0,nan,0.0,nan,0.0,nan
2,8,left,1,-0.075,0,0.0,nan,0.0,nan,0.0,nan,0.0,nan
2,9,left,1,-0.092,0,0.0,nan,0.0,nan,0.0,nan,0.0,nan
2,10,left,0,0.0458,1,0.0,nan,0.0,nan,0.0,nan,0.0,nan
2,11,right,0,0.2186,0,0.0,nan,0.0,nan,0.0,nan,0.0,nan
2,12,left,1,-0.0974,0,0.0,nan,0.0,nan,0.0,nan,0.0,nan
2,13,left,1,-0.0838,0,0.0,nan,0.0,nan,0.0,nan,0.0,nan
2,14,left,1,-0.0932,0,0.0,nan,0.0,nan,0.0,nan,0.0,nan
2,15,right,0,0.221,0,0.0,nan,0.0,nan,0.0,nan,0.0,nan
2,16,left,0,0.0094,0,0.0,nan,0.0,nan,0.0,nan,0.0,nan
2,17,left,0,0.026,1,0.0,nan,0.0,nan,0.0,nan,0.0,nan
2,18,right,1,0.3004,0,0.0,nan,0.0,nan,0.0,nan,0.0,nan
2,19,right,0,0.2064,0,0.0,nan,0.0,nan,0.0,nan,0.0,nan
2,20,left,0,0.0138,0,0.0,nan,0.0,nan,0.0,nan,0.0,nan
2,21,left,1,-0.0802,0,0.0,nan,0.0,nan,0.0,nan,0.0,nan
2,22,left,0,0.0306,1,0.0,nan,0.0,nan,0.0,nan,0.0,nan
2,23,left,1,0.1302,1,0.0,nan,0.0,nan,0.0,nan,0.0,nan
2,24,left,0,0.0148,0,0.0,nan,0.0,nan,0.0,nan,0.0,nan
2,25,left,1,0.124,1,0.0,nan,0.0,nan,0.0,nan,0.0,nan
2,26,left,1,0.1138,1,0.0,nan,0.0,nan,0.0,nan,0.0,nan
2,27,right,0,0.2478,0,0.0,nan,0.0,nan,0.0,nan,0.0,nan
2,28,left,1,0.1182,1,0.0,nan,0.0,nan,0.0,nan,0.0,nan
2,29,right,1,0.1394,0,0.0,nan,0.0,nan,0.0,nan,0.0,nan
2,30,right,1,0.3324,0,0.0,nan,0.0,nan,0.0,nan,0.0,nan
2,31,right,0,0.2196,0,0.0,nan,0.0,nan,0.0,nan,0.0,nan
2,32,right,0,0.2358,0,0.0,nan,0.0,nan,0.0,nan,0.0,nan
2,33,right,0,0.209,0,0.0,nan,0.0,nan,0.0,nan,0.0,nan
2,34,right,0,0.2314,0,0.0,nan,0.0,nan,0.0,nan,0.0,nan
2,35,left,0,-0.0194,0,0.0,nan,0.0,nan,0.0,nan,0.0,nan
2,36,right,1,0.133,0,0.0,nan,0.0,nan,0.0,nan,0.0,nan
2,37,left,1,0.12,1,0.0,nan,0.0,nan,0.0,nan,0.0,nan
2,38,left,0,0.0002,0,0.0,nan,0.0,nan,0.0,nan,0.0,nan
2,39,right,1,0.335,0,0.0,nan,0.0,nan,0.0,nan,0.0,nan
2,40,left,1,0.1252,1,0.0,nan,0.0,nan,0.0,nan,0.0,nan
2,41,right,1,0.3304,0,0.0,nan,0.0,nan,0.0,nan,0.0,nan
2,42,left,1,-0.0978,0,0.0,nan,0.0,nan,0.0,nan,0.0,nan
2,43,right,0,0.237,0,0.0,nan,0.0,nan,0.0,nan,0.0,nan
2,44,right,0,0.2146,0,0.0,nan,0.0,nan,0.0,nan,0.0,nan
2,45,left,1,-0.1078,0,0.0,nan,0.0,nan,0.0,nan,0.0,nan
2,46,left,0,0.011,0,0.0,nan,0.0,nan,0.0,nan,0.0,nan
2,47,left,1,0.1206,1,0.0,nan,0.0,nan,0.0,nan,0.0,nan
2,48,left,1,-0.1002,0,0.0,nan,0.0,nan,0.0,nan,0.0,nan
2,49,left,0,-0.0028,0,0.0,nan,0.0,nan,0.0,nan,0.0,nan
2,50,left,0,-0.0046,0,0.0,nan,0.0,nan,0.0,nan,0.0,nan
2,51,left,1,-0.1044,0,0.0,nan,0.0,nan,0.0,nan,0.0,nan
2,52,right,0,0.2372,0,0.0,nan,0.0,nan,0.0,nan,0.0,nan
2,53,right,0,0.2046,0,0.0,nan,0.0,nan,0.0,nan,0.0,nan
2,54,right,1,0.3298,0,0.0,nan,0.0,nan,0.0,nan,0.0,nan
2,55,left,0,-0.0088,0,0.0,nan,0.0,nan,0.0,nan,0.0,nan
2,56,right,0,0.2336,0,0.0,nan,0.0,nan,0.0,nan,0.0,nan
2,57,right,1,0.3062,0,0.0,nan,0.0,nan,0.0,nan,0.0,nan
2,58,left,1,-0.1096,0,0.0,nan,0.0,nan,0.0,nan,0.0,nan
2,59,right,1,0.1112,0,0.0,nan,0.0,nan,0.0,nan,0.0,nan
2,60,right,1,0.1174,0,0.0,nan,0.0,nan,0.0,nan,0.0,nan
2,61,right,1,0.1062,0,0.0,nan,0.0,nan,0.0,nan,0.0,nan
2,62,left,1,-0.1016,0,0.0,nan,0.0,nan,0.0,nan,0.0,nan
2,63,right,0,0.2314,0,0.0,nan,0.0,nan,0.0,nan,0.0,nan
2,64,left,1,0.1176,1,0.0,nan,0.0,nan,0.0,nan,0.0,nan
2,65,left,0,0.0086,0,0.0,nan,0.0,nan,0.0,nan,0.0,nan
2,66,right,0,0.244,0,0.0,nan,0.0,nan,0.0,nan,0.0,nan
2,67,right,1,0.1174,0,0.0,nan,0.0,nan,0.0,nan,0.0,nan
2,68,left,1,-0.1004,0,0.0,nan,0.0,nan,0.0,nan,0.0,nan
2,69,right,0,0.2352,0,0.0,nan,0.0,nan,0.0,nan,0.0,nan
2,70,right,0,0.1868,0,0.0,nan,0.0,nan,0.0,nan,0.0,nan
2,71,right,1,0.0992,0,0.0,nan,0.0,nan,0.0,nan,0.0,nan
2,72,left,1,0.1116,1,0.0,nan,0.0,nan,0.0,nan,0.0,nan
2,73,right,0,0.2278,0,0.0,nan,0.0,nan,0.0,nan,0.0,nan
2,74,right,1,0.3314,0,0.0,nan,0.0,nan,0.0,nan,0.0,nan
2,75,left,0,-0.008,0,0.0,nan,0.0,nan,0.0,nan,0.0,nan
2,76,right,1,0.1196,0,0.0,nan,0.0,nan,0.0,nan,0.0,nan
2,77,left,1,0.1152,1,0.0,nan,0.0,nan,0.0,nan,0.0,nan
2,78,right,0,0.2216,0,0.0,nan,0.0,nan,0.0,nan,0.0,nan
2,79,left,0,-0.0226,0,0.0,nan,0.0,nan,0.0,nan,0.0,nan
2,80,right,0,0.2374,0,0.0,nan,0.0,nan,0.0,nan,0.0,nan
2,81,left,1,0.1236,1,0.0,nan,0.0,nan,0.0,nan,0.0,nan
2,82,left,1,0.1198,1,0.0,nan,0.0,nan,0.0,nan,0.0,nan
2,83,right,0,0.2414,0,0.0,nan,0.0,nan,0.0,nan,0.0,nan
2,84,right,1,0.1312,0,0.0,nan,0.0,nan,0.0,nan,0.0,nan
2,85,right,1,0.119,0,0.0,nan,0.0,nan,0.0,nan,0.0,nan
2,86,right,0,0.2136,0,0.0,nan,0.0,nan,0.0,nan,0.0,nan
2,87,right,0,0.2296,0,0.0,nan,0.0,nan,0.0,nan,0.0,nan
2,88,left,1,0.1094,1,0.0,nan,0.0,nan,0.0,nan,0.0,nan
2,89,right,0,0.223,0,0.0,nan,0.0,nan,0.0,nan,0.0,nan
2,90,right,1,0.3236,0,0.0,nan,0.0,nan,0.0,nan,0.0,nan
2,91,left,0,-0.0276,0,0.0,nan,0.0,nan,0.0,nan,0.0,nan
2,92,right,0,0.2418,0,0.0,nan,0.0,nan,0.0,nan,0.0,nan
2,93,left,1,0.0996,1,0.0,nan,0.0,nan,0.0,nan,0.0,nan
2,94,left,0,-0.0192,0,0.0,nan,0.0,nan,0.0,nan,0.0,nan
2,95,right,0,0.2594,0,0.0,nan,0.0,nan,0.0,nan,0.0,nan
2,96,left,0,-0.0308,0,0.0,nan,0.0,nan,0.0,nan,0.0,nan
2,97,left,1,-0.1168,0,0.0,nan,0.0,nan,0.0,nan,0.0,nan
2,98,right,0,0.229,0,0.0,nan,0.0,nan,0.0,nan,0.0,nan
2,99,right,1,0.3224,0,0.0,nan,0.0,nan,0.0,nan,0.0,nan
3,0,left,0,-0.0561,0,0.0,nan,0.0,nan,0.0,nan,0.0,nan
3,1,left,0,-0.0619,0,0.0,nan,0.0,nan,0.0,nan,0.0,nan
3,2,left,1,-0.1695,0,0.0,nan,0.0,nan,0.0,nan,0.0,nan
3,3,left,0,-0.0343,0,0.0,nan,0.0,nan,0.0,nan,0.0,nan
3,4,left,0,-0.0453,0,0.0,nan,0.0,nan,0.0,nan,0.0,nan
3,5,right,1,0.0559,0,0.0,nan,0.0,nan,0.0,nan,0.0,nan
3,6,left,0,-0.0533,0,0.0,nan,0.0,nan,0.0,nan,0.0,nan
3,7,left,0,-0.0427,0,0.0,nan,0.0,nan,0.0,nan,0.0,nan
3,8,right,1,0.2615,0,0.0,nan,0.0,nan,0.0,nan,0.0,nan
3,9,left,1,-0.1281,0,0.0,nan,0.0,nan,0.0,nan,0.0,nan
3,10,right,1,0.2647,0,0.0,nan,0.0,nan,0.0,nan,0.0,nan
3,11,left,0,-0.0371,0,0.0,nan,0.0,nan,0.0,nan,0.0,nan
3,12,left,1,0.0821,1,0.0,nan,0.0,nan,0.0,nan,0.0,nan
3,13,right,1,0.2559,0,0.0,nan,0.0,nan,0.0,nan,0.0,nan
3,14,right,1,0.0539,0,0.0,nan,0.0,nan,0.0,nan,0.0,nan
3,15,left,1,0.0747,1,0.0,nan,0.0,nan,0.0,nan,0.0,nan
3,16,left,0,-0.0481,0,0.0,nan,0.0,nan,0.0,nan,0.0,nan
3,17,left,1,0.0771,1,0.0,nan,0.0,nan,0.0,nan,0.0,nan
3,18,left,0,-0.0607,0,0.0,nan,0.0,nan,0.0,nan,0.0,nan
3,19,left,1,0.0623,1,0.0,nan,0.0,nan,0.0,nan,0.0,nan
3,20,left,1,0.0585,1,0.0,nan,0.0,nan,0.0,nan,0.0,nan
3,21,right,0,0.1959,0,0.0,nan,0.0,nan,0.0,nan,0.0,nan
3,22,left,1,-0.1491,0,0.0,nan,0.0,nan,0.0,nan,0.0,nan
3,23,right,1,0.0755,0,0.0,nan,0.0,nan,0.0,nan,0.0,nan
3,24,left,1,-0.1595,0,0.0,nan,0.0,nan,0.0,nan,0.0,nan
3,25,left,1,0.0705,1,0.0,nan,0.0,nan,0.0,nan,0.0,nan
3,26,right,0,0.1831,0,0.0,nan,0.0,nan,0.0,nan,0.0,nan
3,27,right,0,0.2005,0,0.0,nan,0.0,nan,0.0,nan,0.0,nan
3,28,right,0,0.1693,0,0.0,nan,0.0,nan,0.0,nan,0.0,nan
3,29,right,1,0.0699,0,0.0,nan,0.0,nan,0.0,nan,0.0,nan
3,30,right,1,0.0681,0,0.0,nan,0.0,nan,0.0,nan,0.0,nan
3,31,left,0,-0.0459,0,0.0,nan,0.0,nan,0.0,nan,0.0,nan
3,32,left,0,-0.0739,0,0.0,nan,0.0,nan,0.0,nan,0.0,nan
3,33,right,0,0.2009,0,0.0,nan,0.0,nan,0.0,nan,0.0,nan
3,34,left,0,-0.0811,0,0.0,nan,0.0,nan,0.0,nan,0.0,nan
3,35,left,1,0.0513,1,0.0,nan,0.0,nan,0.0,nan,0.0,nan
3,36,right,0,0.1891,0,0.0,nan,0.0,nan,0.0,nan,0.0,nan
3,37,right,1,0.2695,0,0.0,nan,0.0,nan,0.0,nan,0.0,nan
3,38,left,1,-0.1687,0,0.0,nan,0.0,nan,0.0,nan,0.0,nan
3,39,right,1,0.0567,0,0.0,nan,0.0,nan,0.0,nan,0.0,nan
3,40,right,0,0.1803,0,0.0,nan,0.0,nan,0.0,nan,0.0,nan
3,41,left,0,-0.0823,0,0.0,nan,0.0,nan,0.0,nan,0.0,nan
3,42,left,0,-0.0439,0,0.0,nan,0.0,nan,0.0,nan,0.0,nan
3,43,right,0,0.1581,0,0.0,nan,0.0,nan,0.0,nan,0.0,nan
3,44,left,0,-0.0561,0,0.0,nan,0.0,nan,0.0,nan,0.0,nan
3,45,left,1,-0.1469,0,0.0,nan,0.0,nan,0.0,nan,0.0,nan
3,46,left,1,0.0659,1,0.0,nan,0.0,nan,0.0,nan,0.0,nan
3,47,left,1,0.0539,1,0.0,nan,0.0,nan,0.0,nan,0.0,nan
3,48,right,1,0.2551,0,0.0,nan,0.0,nan,0.0,nan,0.0,nan
3,49,left,1,0.0695,1,0.0,nan,0.0,nan,0.0,nan,0.0,nan
3,50,left,0,-0.0849,0,0.0,nan,0.0,nan,0.0,nan,0.0,nan
3,51,left,0,-0.0507,0,0.0,nan,0.0,nan,0.0,nan,0.0,nan
3,52,left,0,-0.0801,0,0.0,nan,0.0,nan,0.0,nan,0.0,nan
3,53,right,0,0.1897,0,0.0,nan,0.0,nan,0.0,nan,0.0,nan
3,54,left,1,-0.1617,0,0.0,nan,0.0,nan,0.0,nan,0.0,nan
3,55,left,1,-0.1699,0,0.0,nan,0.0,nan,0.0,nan,0.0,nan
3,56,right,0,0.1787,0,0.0,nan,0.0,nan,0.0,nan,0.0,nan
3,57,left,1,-0.1491,0,0.0,nan,0.0,nan,0.0,nan,0.0,nan
3,58,right,1,0.2485,0,0.0,nan,0.0,nan,0.0,nan,0.0,nan
3,59,left,1,-0.1423,0,0.0,nan,0.0,nan,0.0,nan,0.0,nan
3,60,left,1,-0.1877,0,0.0,nan,0.0,nan,0.0,nan,0.0,nan
3,61,right,0,0.1907,0,0.0,nan,0.0,nan,0.0,nan,0.0,nan
3,62,right,1,0.2817,0,0.0,nan,0.0,nan,0.0,nan,0.0,nan
3,63,right,1,0.2681,0,0.0,nan,0.0,nan,0.0,nan,0.0,nan
3,64,left,0,-0.0673,0,0.0,nan,0.0,nan,0.0,nan,0.0,nan
3,65,left,1,0.0781,1,0.0,nan,0.0,nan,0.0,nan,0.0,nan
3,66,left,0,-0.0485,0,0.0,nan,0.0,nan,0.0,nan,0.0,nan
3,67,right,1,0.2487,0,0.0,nan,0.0,nan,0.0,nan,0.0,nan
3,68,right,1,0.2807,0,0.0,nan,0.0,nan,0.0,nan,0.0,nan
3,69,left,1,0.0715,1,0.0,nan,0.0,nan,0.0,nan,0.0,nan
3,70,right,1,0.2553,0,0.0,nan,0.0,nan,0.0,nan,0.0,nan
3,71,left,0,-0.0675,0,0.0,nan,0.0,nan,0.0,nan,0.0,nan
3,72,left,1,0.0631,1,0.0,nan,0.0,nan,0.0,nan,0.0,nan
3,73,left,0,-0.0523,0,0.0,nan,0.0,nan,0.0,nan,0.0,nan
3,74,right,0,0.1575,0,0.0,nan,0.0,nan,0.0,nan,0.0,nan
3,75,left,1,0.0695,1,0.0,nan,0.0,nan,0.0,nan,0.0,nan
3,76,right,1,0.2707,0,0.0,nan,0.0,nan,0.0,nan,0.0,nan
3,77,left,1,-0.1615,0,0.0,nan,0.0,nan,0.0,nan,0.0,nan
3,78,right,0,0.1701,0,0.0,nan,0.0,nan,0.0,nan,0.0,nan
3,79,left,1,0.0517,1,0.0,nan,0.0,nan,0.0,nan,0.0,nan
3,80,right,1,0.2809,0,0.0,nan,0.0,nan,0.0,nan,0.0,nan
3,81,right,1,0.0841,0,0.0,nan,0.0,nan,0.0,nan,0.0,nan
3,82,left,1,0.0515,1,0.0,nan,0.0,nan,0.0,nan,0.0,nan
3,83,left,1,-0.1587,0,0.0,nan,0.0,nan,0.0,nan,0.0,nan
3,84,left,1,-0.1727,0,0.0,nan,0.0,nan,0.0,nan,0.0,nan
3,85,left,0,-0.0701,0,0.0,nan,0.0,nan,0.0,nan,0.0,nan
3,86,right,0,0.1837,0,0.0,nan,0.0,nan,0.0,nan,0.0,nan
3,87,left,0,-0.0649,0,0.0,nan,0.0,nan,0.0,nan,0.0,nan
3,88,right,0,0.1833,0,0.0,nan,0.0,nan,0.0,nan,0.0,nan
3,89,right,1,0.0707,0,0.0,nan,0.0,nan,0.0,nan,0.0,nan
3,90,right,1,0.2833,0,0.0,nan,0.0,nan,0.0,nan,0.0,nan
3,91,left,0,-0.0719,0,0.0,nan,0.0,nan,0.0,nan,0.0,nan
3,92,right,0,0.1617,0,0.0,nan,0.0,nan,0.0,nan,0.0,nan
3,93,right,1,0.0703,0,0.0,nan,0.0,nan,0.0,nan,0.0,nan
3,94,left,1,0.0581,1,0.0,nan,0.0,nan,0.0,nan,0.0,nan
3,95,right,1,0.0845,0,0.0,nan,0.0,nan,0.0,nan,0.0,nan
3,96,right,1,0.0747,0,0.0,nan,0.0,nan,0.0,nan,0.0,nan
3,97,left,1,0.0467,1,0.0,nan,0.0,nan,0.0,nan,0.0,nan
3,98,left,0,-0.0567,0,0.0,nan,0.0,nan,0.0,nan,0.0,nan
3,99,right,1,0.0755,0,0.0,nan,0.0,nan,0.0,nan,0.0,nan
4,0,right,1,0.2837,0,0.0,nan,0.0,nan,0.0,nan,0.0,nan
4,1,left,0,-0.0667,0,0.0,nan,0.0,nan,0.0,nan,0.0,nan
4,2,right,0,0.1509,0,0.0,nan,0.0,nan,0.0,nan,0.0,nan
4,3,right,1,0.0653,0,0.0,nan,0.0,nan,0.0,nan,0.0,nan
4,4,left,0,-0.0809,0,0.0,nan,0.0,nan,0.0,nan,0.0,nan
4,5,right,0,0.1575,0,0.0,nan,0.0,nan,0.0,nan,0.0,nan
4,6,left,1,-0.1649,0,0.0,nan,0.0,nan,0.0,nan,0.0,nan
4,7,left,0,-0.0653,0,0.0,nan,0.0,nan,0.0,nan,0.0,nan
4,8,right,1,0.0667,0,0.0,nan,0.0,nan,0.0,nan,0.0,nan
4,9,right,0,0.1401,0,0.0,nan,0.0,nan,0.0,nan,0.0,nan
4,10,left,1,0.0519,1,0.0,nan,0.0,nan,0.0,nan,0.0,nan
4,11,left,0,-0.0671,0,0.0,nan,0.0,nan,0.0,nan,0.0,nan
4,12,right,1,0.2379,0,0.0,nan,0.0,nan,0.0,nan,0.0,nan
4,13,left,1,-0.1439,0,0.0,nan,0.0,nan,0.0,nan,0.0,nan
4,14,right,1,0.2385,0,0.0,nan,0.0,nan,0.0,nan,0.0,nan
4,15,right,1,0.2461,0,0.0,nan,0.0,nan,0.0,nan,0.0,nan
4,16,left,1,-0.1569,0,0.0,nan,0.0,nan,0.0,nan,0.0,nan
4,17,left,0,-0.0445,0,0.0,nan,0.0,nan,0.0,nan,0.0,nan
4,18,right,1,0.0549,0,0.0,nan,0.0,nan,0.0,nan,0.0,nan
4,19,right,1,0.0625,0,0.0,nan,0.0,nan,0.0,nan,0.0,nan
4,20,right,0,0.1495,0,0.0,nan,0.0,nan,0.0,nan,0.0,nan
4,21,left,0,-0.0643,0,0.0,nan,0.0,nan,0.0,nan,0.0,nan
4,22,left,1,-0.1347,0,0.0,nan,0.0,nan,0.0,nan,0.0,nan
4,23,left,0,-0.0331,0,0.0,nan,0.0,nan,0.0,nan,0.0,nan
4,24,right,1,0.0555,0,0.0,nan,0.0,nan,0.0,nan,0.0,nan
4,25,left,1,-0.1563,0,0.0,nan,0.0,nan,0.0,nan,0.0,nan
4,26,right,0,0.1369,0,0.0,nan,0.0,nan,0.0,nan,0.0,nan
4,27,left,1,0.0639,1,0.0,nan,0.0,nan,0.0,nan,0.0,nan
4,28,left,0,-0.0497,0,0.0,nan,0.0,nan,0.0,nan,0.0,nan
4,29,left,0,-0.0337,0,0.0,nan,0.0,nan,0.0,nan,0.0,nan
4,30,right,1,0.2423,0,0.0,nan,0.0,nan,0.0,nan,0.0,nan
4,31,left,0,-0.0453,0,0.0,nan,0.0,nan,0.0,nan,0.0,nan
4,32,left,1,-0.1399,0,0.0,nan,0.0,nan,0.0,nan,0.0,nan
4,33,right,1,0.2457,0,0.0,nan,0.0,nan,0.0,nan,0.0,nan
4,34,right,1,0.0393,0,0.0,nan,0.0,nan,0.0,nan,0.0,nan
4,35,left,1,-0.1373,0,0.0,nan,0.0,nan,0.0,nan,0.0,nan
4,36,right,0,0.1391,0,0.0,nan,0.0,nan,0.0,nan,0.0,nan
4,37,left,1,-0.1547,0,0.0,nan,0.0,nan,0.0,nan,0.0,nan
4,38,left,1,-0.1397,0,0.0,nan,0.0,nan,0.0,nan,0.0,nan
4,39,right,1,0.0419,0,0.0,nan,0.0,nan,0.0,nan,0.0,nan
4,40,left,1,-0.1429,0,0.0,nan,0.0,nan,0.0,nan,0.0,nan
4,41,left,1,0.0771,1,0.0,nan,0.0,nan,0.0,nan,0.0,nan
4,42,right,1,0.2371,0,0.0,nan,0.0,nan,0.0,nan,0.0,nan
4,43,left,0,-0.0419,0,0.0,nan,0.0,nan,0.0,nan,0.0,nan
4,44,right,1,0.0597,0,0.0,nan,0.0,nan,0.0,nan,0.0,nan
4,45,left,0,-0.0289,0,0.0,nan,0.0,nan,0.0,nan,0.0,nan
4,46,left,0,-0.0315,0,0.0,nan,0.0,nan,0.0,nan,0.0,nan
4,47,right,1,0.0507,0,0.0,nan,0.0,nan,0.0,nan,0.0,nan
4,48,right,0,0.1469,0,0.0,nan,0.0,nan,0.0,nan,0.0,nan
4,49,left,1,0.0687,1,0.0,nan,0.0,nan,0.0,nan,0.0,nan
4,50,left,0,-0.0407,0,0.0,nan,0.0,nan,0.0,nan,0.0,nan
4,51,left,1,0.0703,1,0.0,nan,0.0,nan,0.0,nan,0.0,nan
4,52,right,1,0.0527,0,0.0,nan,0.0,nan,0.0,nan,0.0,nan
4,53,left,0,-0.0479,0,0.0,nan,0.0,nan,0.0,nan,0.0,nan
4,54,right,1,0.0499,0,0.0,nan,0.0,nan,0.0,nan,0.0,nan
4,55,right,1,0.0499,0,0.0,nan,0.0,nan,0.0,nan,0.0,nan
4,56,right,1,0.0517,0,0.0,nan,0.0,nan,0.0,nan,0.0,nan
4,57,left,0,-0.0441,0,0.0,nan,0.0,nan,0.0,nan,0.0,nan
4,58,right,0,0.1417,0,0.0,nan,0.0,nan,0.0,nan,0.0,nan
4,59,right,1,0.0595,0,0.0,nan,0.0,nan,0.0,nan,0.0,nan
4,60,left,1,0.0547,1,0.0,nan,0.0,nan,0.0,nan,0.0,nan
4,61,right,1,0.2313,0,0.0,nan,0.0,nan,0.0,nan,0.0,nan
4,62,left,1,-0.1491,0,0.0,nan,0.0,nan,0.0,nan,0.0,nan
4,63,right,1,0.0491,0,0.0,nan,0.0,nan,0.0,nan,0.0,nan
4,64,left,1,-0.1427,0,0.0,nan,0.0,nan,0.0,nan,0.0,nan
4,65,right,1,0.2437,0,0.0,nan,0.0,nan,0.0,nan,0.0,nan
4,66,right,1,0.2387,0,0.0,nan,0.0,nan,0.0,nan,0.0,nan
4,67,right,1,0.2245,0,0.0,nan,0.0,nan,0.0,nan,0.0,nan
4,68,left,0,-0.0407,0,0.0,nan,0.0,nan,0.0,nan,0.0,nan
4,69,right,1,0.2463,0,0.0,nan,0.0,nan,0.0,nan,0.0,nan
4,70,right,0,0.1309,0,0.0,nan,0.0,nan,0.0,nan,0.0,nan
4,71,left,1,-0.1369,0,0.0,nan,0.0,nan,0.0,nan,0.0,nan
4,72,right,1,0.0485,0,0.0,nan,0.0,nan,0.0,nan,0.0,nan
4,73,right,0,0.1261,0,0.0,nan,0.0,nan,0.0,nan,0.0,nan
4,74,left,1,-0.1391,0,0.0,nan,0.0,nan,0.0,nan,0.0,nan
4,75,right,0,0.1239,0,0.0,nan,0.0,nan,0.0,nan,0.0,nan
4,76,left,1,0.0721,1,0.0,nan,0.0,nan,0.0,nan,0.0,nan
4,77,left,0,-0.0441,0,0.0,nan,0.0,nan,0.0,nan,0.0,nan
4,78,left,1,-0.1467,0,0.0,nan,0.0,nan,0.0,nan,0.0,nan
4,79,left,0,-0.0407,0,0.0,nan,0.0,nan,0.0,nan,0.0,nan
4,80,left,1,-0.1489,0,0.0,nan,0.0,nan,0.0,nan,0.0,nan
4,81,left,1,0.0729,1,0.0,nan,0.0,nan,0.0,nan,0.0,nan
4,82,left,1,0.0597,1,0.0,nan,0.0,nan,0.0,nan,0.0,nan
4,83,left,1,-0.1637,0,0.0,nan,0.0,nan,0.0,nan,0.0,nan
4,84,left,1,-0.1513,0,0.0,nan,0.0,nan,0.0,nan,0.0,nan
4,85,left,1,-0.1637,0,0.0,nan,0.0,nan,0.0,nan,0.0,nan
4,86,left,1,0.0661,1,0.0,nan,0.0,nan,0.0,nan,0.0,nan
4,87,right,1,0.2265,0,0.0,nan,0.0,nan,0.0,nan,0.0,nan
4,88,left,1,-0.1701,0,0.0,nan,0.0,nan,0.0,nan,0.0,nan
4,89,left,1,-0.1583,0,0.0,nan,0.0,nan,0.0,nan,0.0,nan
4,90,right,0,0.1639,0,0.0,nan,0.0,nan,0.0,nan,0.0,nan
4,91,left,0,-0.0745,0,0.0,nan,0.0,nan,0.0,nan,0.0,nan
4,92,left,0,-0.0309,0,0.0,nan,0.0,nan,0.0,nan,0.0,nan
4,93,left,1,-0.1567,0,0.0,nan,0.0,nan,0.0,nan,0.0,nan
4,94,right,0,0.1523,0,0.0,nan,0.0,nan,0.0,nan,0.0,nan
4,95,left,1,0.0497,1,0.0,nan,0.0,nan,0.0,nan,0.0,nan
4,96,right,0,0.1271,0,0.0,nan,0.0,nan,0.0,nan,0.0,nan
4,97,right,0,0.1381,0,0.0,nan,0.0,nan,0.0,nan,0.0,nan
4,98,right,1,0.0457,0,0.0,nan,0.0,nan,0.0,nan,0.0,nan
4,99,right,0,0.1323,0,0.0,nan,0.0,nan,0.0,nan,0.0,nan
