ep,t,good_side,explore,v,correct,e_ll,g_ll,e_lr,g_lr,e_rl,g_rl,e_rr,g_rr
0,0,left,1,-0.2076,0,0.0,nan,0.0,nan,0.0,nan,0.0,nan
0,1,right,1,0.0258,0,0.0,nan,0.0,nan,0.0,nan,0.0,nan
0,2,left,1,-0.0618,0,0.0,nan,0.0,nan,0.0,nan,0.0,nan
0,3,right,0,0.1396,0,0.0,nan,0.0,nan,0.0,nan,0.0,nan
0,4,right,1,0.238,0,0.0,nan,0.0,nan,0.0,nan,0.0,nan
0,5,right,1,0.2246,0,0.0,nan,0.0,nan,0.0,nan,0.0,nan
0,6,right,0,0.1204,0,0.0,nan,0.0,nan,0.0,nan,0.0,nan
0,7,right,0,0.1068,0,0.0,nan,0.0,nan,0.0,nan,0.0,nan
0,8,left,1,-0.0304,0,0.0,nan,0.0,nan,0.0,nan,0.0,nan
0,9,left,1,-0.2222,0,0.0,nan,0.0,nan,0.0,nan,0.0,nan
0,10,right,0,0.101,0,0.0,nan,0.0,nan,0.0,nan,0.0,nan
0,11,right,1,0.236,0,0.0,nan,0.0,nan,0.0,nan,0.0,nan
0,12,right,0,0.0976,0,0.0,nan,0.0,nan,0.0,nan,0.0,nan
0,13,right,1,0.2116,0,0.0,nan,0.0,nan,0.0,nan,0.0,nan
0,14,left,0,-0.128,0,0.0,nan,0.0,nan,0.0,nan,0.0,nan
0,15,left,0,-0.1182,0,0.0,nan,0.0,nan,0.0,nan,0.0,nan
0,16,left,0,-0.1314,0,0.0,nan,0.0,nan,0.0,nan,0.0,nan
0,17,right,1,0.23,0,0.0,nan,0.0,nan,0.0,nan,0.0,nan
0,18,left,0,-0.1336,0,0.0,nan,0.0,nan,0.0,nan,0.0,nan
0,19,right,1,0.0088,0,0.0,nan,0.0,nan,0.0,nan,0.0,nan
0,20,right,1,0.0108,0,0.0,nan,0.0,nan,0.0,nan,0.0,nan
0,21,left,1,-0.2558,0,0.0,nan,0.0,nan,0.0,nan,0.0,nan
0,22,right,0,0.1226,0,0.0,nan,0.0,nan,0.0,nan,0.0,nan
0,23,left,0,-0.1178,0,0.0,nan,0.0,nan,0.0,nan,0.0,nan
0,24,left,0,-0.1276,0,0.0,nan,0.0,nan,0.0,nan,0.0,nan
0,25,left,1,-0.2414,0,0.0,nan,0.0,nan,0.0,nan,0.0,nan
0,26,left,1,-0.2296,0,0.0,nan,0.0,nan,0.0,nan,0.0,nan
0,27,right,1,0.2334,0,0.0,nan,0.0,nan,0.0,nan,0.0,nan
0,28,left,1,-0.2532,0,0.0,nan,0.0,nan,0.0,nan,0.0,nan
0,29,right,1,0.0144,0,0.0,nan,0.0,nan,0.0,nan,0.0,nan
0,30,left,1,-0.245,0,0.0,nan,0.0,nan,0.0,nan,0.0,nan
0,31,right,1,0.2378,0,0.0,nan,0.0,nan,0.0,nan,0.0,nan
0,32,left,1,-0.2466,0,0.0,nan,0.0,nan,0.0,nan,0.0,nan
0,33,left,1,-0.2512,0,0.0,nan,0.0,nan,0.0,nan,0.0,nan
0,34,right,1,0.028,0,0.0,nan,0.0,nan,0.0,nan,0.0,nan
0,35,right,0,0.1078,0,0.0,nan,0.0,nan,0.0,nan,0.0,nan
0,36,left,1,-0.0442,0,0.0,nan,0.0,nan,0.0,nan,0.0,nan
0,37,left,0,-0.1138,0,0.0,nan,0.0,nan,0.0,nan,0.0,nan
0,38,right,1,0.0304,0,0.0,nan,0.0,nan,0.0,nan,0.0,nan
0,39,right,1,-0.0052,0,0.0,nan,0.0,nan,0.0,nan,0.0,nan
0,40,right,1,0.2102,0,0.0,nan,0.0,nan,0.0,nan,0.0,nan
0,41,left,0,-0.1116,0,0.0,nan,0.0,nan,0.0,nan,0.0,nan
0,42,right,0,0.1034,0,0.0,nan,0.0,nan,0.0,nan,0.0,nan
0,43,left,1,-0.2412,0,0.0,nan,0.0,nan,0.0,nan,0.0,nan
0,44,right,1,0.0138,0,0.0,nan,0.0,nan,0.0,nan,0.0,nan
0,45,left,0,-0.1408,0,0.0,nan,0.0,nan,0.0,nan,0.0,nan
0,46,left,1,-0.2392,0,0.0,nan,0.0,nan,0.0,nan,0.0,nan
0,47,right,1,0.2304,0,0.0,nan,0.0,nan,0.0,nan,0.0,nan
0,48,right,1,0.2036,0,0.0,nan,0.0,nan,0.0,nan,0.0,nan
0,49,right,0,0.1016,0,0.0,nan,0.0,nan,0.0,nan,0.0,nan
0,50,right,1,0.2288,0,0.0,nan,0.0,nan,0.0,nan,0.0,nan
0,51,right,0,0.097,0,0.0,nan,0.0,nan,0.0,nan,0.0,nan
0,52,right,0,0.0906,0,0.0,nan,0.0,nan,0.0,nan,0.0,nan
0,53,left,1,-0.0326,0,0.0,nan,0.0,nan,0.0,nan,0.0,nan
0,54,left,1,-0.2136,0,0.0,nan,0.0,nan,0.0,nan,0.0,nan
0,55,left,0,-0.1104,0,0.0,nan,0.0,nan,0.0,nan,0.0,nan
0,56,right,1,0.0148,0,0.0,nan,0.0,nan,0.0,nan,0.0,nan
0,57,right,1,0.0086,0,0.0,nan,0.0,nan,0.0,nan,0.0,nan
0,58,left,0,-0.1468,0,0.0,nan,0.0,nan,0.0,nan,0.0,nan
0,59,left,1,-0.244,0,0.0,nan,0.0,nan,0.0,nan,0.0,nan
0,60,right,0,0.1262,0,0.0,nan,0.0,nan,0.0,nan,0.0,nan
0,61,left,1,-0.2448,0,0.0,nan,0.0,nan,0.0,nan,0.0,nan
0,62,right,1,0.008,0,0.0,nan,0.0,nan,0.0,nan,0.0,nan
0,63,right,1,0.2054,0,0.0,nan,0.0,nan,0.0,nan,0.0,nan
0,64,right,1,0.2342,0,0.0,nan,0.0,nan,0.0,nan,0.0,nan
0,65,left,1,-0.2536,0,0.0,nan,0.0,nan,0.0,nan,0.0,nan
0,66,right,1,0.2248,0,0.0,nan,0.0,nan,0.0,nan,0.0,nan
0,67,left,0,-0.1196,0,0.0,nan,0.0,nan,0.0,nan,0.0,nan
0,68,right,0,0.0906,0,0.0,nan,0.0,nan,0.0,nan,0.0,nan
0,69,right,1,0.0022,0,0.0,nan,0.0,nan,0.0,nan,0.0,nan
0,70,right,0,0.0968,0,0.0,nan,0.0,nan,0.0,nan,0.0,nan
0,71,right,0,0.099,0,0.0,nan,0.0,nan,0.0,nan,0.0,nan
0,72,left,1,-0.2444,0,0.0,nan,0.0,nan,0.0,nan,0.0,nan
0,73,left,1,-0.0126,0,0.0,nan,0.0,nan,0.0,nan,0.0,nan
0,74,left,1,-0.2078,0,0.0,nan,0.0,nan,0.0,nan,0.0,nan
0,75,right,1,0.005,0,0.0,nan,0.0,nan,0.0,nan,0.0,nan
0,76,right,1,0.1956,0,0.0,nan,0.0,nan,0.0,nan,0.0,nan
0,77,right,1,0.227,0,0.0,nan,0.0,nan,0.0,nan,0.0,nan
0,78,left,1,-0.239,0,0.0,nan,0.0,nan,0.0,nan,0.0,nan
0,79,left,1,-0.236,0,0.0,nan,0.0,nan,0.0,nan,0.0,nan
0,80,right,1,0.0124,0,0.0,nan,0.0,nan,0.0,nan,0.0,nan
0,81,left,1,-0.0234,0,0.0,nan,0.0,nan,0.0,nan,0.0,nan
0,82,left,0,-0.1196,0,0.0,nan,0.0,nan,0.0,nan,0.0,nan
0,83,right,1,0.2142,0,0.0,nan,0.0,nan,0.0,nan,0.0,nan
0,84,right,0,0.0726,0,0.0,nan,0.0,nan,0.0,nan,0.0,nan
0,85,right,1,0.217,0,0.0,nan,0.0,nan,0.0,nan,0.0,nan
0,86,left,0,-0.1208,0,0.0,nan,0.0,nan,0.0,nan,0.0,nan
0,87,left,1,-0.0246,0,0.0,nan,0.0,nan,0.0,nan,0.0,nan
0,88,left,1,-0.0406,0,0.0,nan,0.0,nan,0.0,nan,0.0,nan
0,89,left,1,-0.0252,0,0.0,nan,0.0,nan,0.0,nan,0.0,nan
0,90,right,1,0.2182,0,0.0,nan,0.0,nan,0.0,nan,0.0,nan
0,91,right,1,-0.0276,1,0.0,nan,0.0,nan,0.0,nan,0.0,nan
0,92,right,1,-0.029,1,0.0,nan,0.0,nan,0.0,nan,0.0,nan
0,93,right,0,0.0736,0,0.0,nan,0.0,nan,0.0,nan,0.0,nan
0,94,left,0,-0.0988,0,0.0,nan,0.0,nan,0.0,nan,0.0,nan
0,95,right,1,-0.0086,0,0.0,nan,0.0,nan,0.0,nan,0.0,nan
0,96,left,1,-0.2094,0,0.0,nan,0.0,nan,0.0,nan,0.0,nan
0,97,left,0,-0.0878,0,0.0,nan,0.0,nan,0.0,nan,0.0,nan
0,98,right,0,0.1016,0,0.0,nan,0.0,nan,0.0,nan,0.0,nan
0,99,right,1,-0.0126,0,0.0,nan,0.0,nan,0.0,nan,0.0,nan
1,0,left,1,-0.1412,0,0.0,nan,0.0,nan,0.0,nan,0.0,nan
1,1,left,1,0.0418,1,0.0,nan,0.0,nan,0.0,nan,0.0,nan
1,2,left,1,-0.1386,0,0.0,nan,0.0,nan,0.0,nan,0.0,nan
1,3,left,1,0.0494,1,0.0,nan,0.0,nan,0.0,nan,0.0,nan
1,4,left,0,-0.0202,0,0.0,nan,0.0,nan,0.0,nan,0.0,nan
1,5,right,1,0.2178,0,0.0,nan,0.0,nan,0.0,nan,0.0,nan
1,6,right,1,0.2252,0,0.0,nan,0.0,nan,0.0,nan,0.0,nan
1,7,left,0,-0.0358,0,0.0,nan,0.0,nan,0.0,nan,0.0,nan
1,8,left,1,-0.1558,0,0.0,nan,0.0,nan,0.0,nan,0.0,nan
1,9,left,1,0.0456,1,0.0,nan,0.0,nan,0.0,nan,0.0,nan
1,10,right,0,0.0994,0,0.0,nan,0.0,nan,0.0,nan,0.0,nan
1,11,left,0,-0.0258,0,0.0,nan,0.0,nan,0.0,nan,0.0,nan
1,12,right,0,0.1014,0,0.0,nan,0.0,nan,0.0,nan,0.0,nan
1,13,left,1,0.0678,1,0.0,nan,0.0,nan,0.0,nan,0.0,nan
1,14,left,1,-0.128,0,0.0,nan,0.0,nan,0.0,nan,0.0,nan
1,15,right,0,0.0928,0,0.0,nan,0.0,nan,0.0,nan,0.0,nan
1,16,right,0,0.0822,0,0.0,nan,0.0,nan,0.0,nan,0.0,nan
1,17,left,1,-0.1384,0,0.0,nan,0.0,nan,0.0,nan,0.0,nan
1,18,left,1,0.067,1,0.0,nan,0.0,nan,0.0,nan,0.0,nan
1,19,left,1,0.06,1,0.0,nan,0.0,nan,0.0,nan,0.0,nan
1,20,left,1,0.0706,1,0.0,nan,0.0,nan,0.0,nan,0.0,nan
1,21,right,1,-0.0052,0,0.0,nan,0.0,nan,0.0,nan,0.0,nan
1,22,right,0,0.06,0,0.0,nan,0.0,nan,0.0,nan,0.0,nan
1,23,left,0,-0.0272,0,0.0,nan,0.0,nan,0.0,nan,0.0,nan
1,24,right,1,-0.0234,1,0.0,nan,0.0,nan,0.0,nan,0.0,nan
1,25,left,1,0.0608,1,0.0,nan,0.0,nan,0.0,nan,0.0,nan
1,26,right,1,-0.015,0,0.0,nan,0.0,nan,0.0,nan,0.0,nan
1,27,left,0,-0.0176,0,0.0,nan,0.0,nan,0.0,nan,0.0,nan
1,28,left,1,-0.1368,0,0.0,nan,0.0,nan,0.0,nan,0.0,nan
1,29,right,1,-0.0152,0,0.0,nan,0.0,nan,0.0,nan,0.0,nan
1,30,right,1,0.187,0,0.0,nan,0.0,nan,0.0,nan,0.0,nan
1,31,left,0,-0.036,0,0.0,nan,0.0,nan,0.0,nan,0.0,nan
1,32,left,0,-0.0164,0,0.0,nan,0.0,nan,0.0,nan,0.0,nan
1,33,left,1,0.0648,1,0.0,nan,0.0,nan,0.0,nan,0.0,nan
1,34,right,0,0.0754,0,0.0,nan,0.0,nan,0.0,nan,0.0,nan
1,35,right,0,0.072,0,0.0,nan,0.0,nan,0.0,nan,0.0,nan
1,36,right,0,0.0716,0,0.0,nan,0.0,nan,0.0,nan,0.0,nan
1,37,right,1,0.1944,0,0.0,nan,0.0,nan,0.0,nan,0.0,nan
1,38,left,1,0.059,1,0.0,nan,0.0,nan,0.0,nan,0.0,nan
1,39,left,0,-0.0188,0,0.0,nan,0.0,nan,0.0,nan,0.0,nan
1,40,right,1,0.1864,0,0.0,nan,0.0,nan,0.0,nan,0.0,nan
1,41,right,1,0.1916,0,0.0,nan,0.0,nan,0.0,nan,0.0,nan
1,42,right,1,0.1788,0,0.0,nan,0.0,nan,0.0,nan,0.0,nan
1,43,left,1,0.0586,1,0.0,nan,0.0,nan,0.0,nan,0.0,nan
1,44,right,0,0.081,0,0.0,nan,0.0,nan,0.0,nan,0.0,nan
1,45,left,1,-0.1578,0,0.0,nan,0.0,nan,0.0,nan,0.0,nan
1,46,left,1,0.053,1,0.0,nan,0.0,nan,0.0,nan,0.0,nan
1,47,left,0,-0.0408,0,0.0,nan,0.0,nan,0.0,nan,0.0,nan
1,48,left,1,-0.1468,0,0.0,nan,0.0,nan,0.0,nan,0.0,nan
1,49,right,1,0.1858,0,0.0,nan,0.0,nan,0.0,nan,0.0,nan
1,50,left,1,-0.1504,0,0.0,nan,0.0,nan,0.0,nan,0.0,nan
1,51,right,1,-0.0172,0,0.0,nan,0.0,nan,0.0,nan,0.0,nan
1,52,right,0,0.0726,0,0.0,nan,0.0,nan,0.0,nan,0.0,nan
1,53,left,0,-0.0442,0,0.0,nan,0.0,nan,0.0,nan,0.0,nan
1,54,right,0,0.0862,0,0.0,nan,0.0,nan,0.0,nan,0.0,nan
1,55,right,1,0.1774,0,0.0,nan,0.0,nan,0.0,nan,0.0,nan
1,56,right,1,-0.0128,0,0.0,nan,0.0,nan,0.0,nan,0.0,nan
1,57,left,0,-0.0376,0,0.0,nan,0.0,nan,0.0,nan,0.0,nan
1,58,right,0,0.0768,0,0.0,nan,0.0,nan,0.0,nan,0.0,nan
1,59,left,1,-0.1568,0,0.0,nan,0.0,nan,0.0,nan,0.0,nan
1,60,right,1,-0.0128,0,0.0,nan,0.0,nan,0.0,nan,0.0,nan
1,61,left,1,0.0682,1,0.0,nan,0.0,nan,0.0,nan,0.0,nan
1,62,right,1,-0.0144,0,0.0,nan,0.0,nan,0.0,nan,0.0,nan
1,63,left,1,0.0518,1,0.0,nan,0.0,nan,0.0,nan,0.0,nan
1,64,right,0,0.0676,0,0.0,nan,0.0,nan,0.0,nan,0.0,nan
1,65,left,1,0.0618,1,0.0,nan,0.0,nan,0.0,nan,0.0,nan
1,66,left,0,-0.0442,0,0.0,nan,0.0,nan,0.0,nan,0.0,nan
1,67,right,0,0.0966,0,0.0,nan,0.0,nan,0.0,nan,0.0,nan
1,68,left,0,-0.059,0,0.0,nan,0.0,nan,0.0,nan,0.0,nan
1,69,right,0,0.084,0,0.0,nan,0.0,nan,0.0,nan,0.0,nan
1,70,right,0,0.0546,0,0.0,nan,0.0,nan,0.0,nan,0.0,nan
1,71,right,0,0.0784,0,0.0,nan,0.0,nan,0.0,nan,0.0,nan
1,72,left,0,-0.0418,0,0.0,nan,0.0,nan,0.0,nan,0.0,nan
1,73,left,0,-0.0394,0,0.0,nan,0.0,nan,0.0,nan,0.0,nan
1,74,right,1,0.184,0,0.0,nan,0.0,nan,0.0,nan,0.0,nan
1,75,left,0,-0.0252,0,0.0,nan,0.0,nan,0.0,nan,0.0,nan
1,76,right,1,-0.0248,1,0.0,nan,0.0,nan,0.0,nan,0.0,nan
1,77,left,1,0.041,1,0.0,nan,0.0,nan,0.0,nan,0.0,nan
1,78,right,0,0.089,0,0.0,nan,0.0,nan,0.0,nan,0.0,nan
1,79,right,0,0.0706,0,0.0,nan,0.0,nan,0.0,nan,0.0,nan
1,80,right,0,0.0868,0,0.0,nan,0.0,nan,0.0,nan,0.0,nan
1,81,left,0,-0.0624,0,0.0,nan,0.0,nan,0.0,nan,0.0,nan
1,82,left,1,-0.1564,0,0.0,nan,0.0,nan,0.0,nan,0.0,nan
1,83,left,0,-0.0404,0,0.0,nan,0.0,nan,0.0,nan,0.0,nan
1,84,right,0,0.0892,0,0.0,nan,0.0,nan,0.0,nan,0.0,nan
1,85,left,1,0.052,1,0.0,nan,0.0,nan,0.0,nan,0.0,nan
1,86,left,0,-0.0654,0,0.0,nan,0.0,nan,0.0,nan,0.0,nan
1,87,left,1,0.0492,1,0.0,nan,0.0,nan,0.0,nan,0.0,nan
1,88,right,0,0.0982,0,0.0,nan,0.0,nan,0.0,nan,0.0,nan
1,89,right,0,0.081,0,0.0,nan,0.0,nan,0.0,nan,0.0,nan
1,90,left,0,-0.0554,0,0.0,nan,0.0,nan,0.0,nan,0.0,nan
1,91,left,1,-0.1632,0,0.0,nan,0.0,nan,0.0,nan,0.0,nan
1,92,left,1,0.0352,1,0.0,nan,0.0,nan,0.0,nan,0.0,nan
1,93,right,1,0.2052,0,0.0,nan,0.0,nan,0.0,nan,0.0,nan
1,94,right,1,0.1906,0,0.0,nan,0.0,nan,0.0,nan,0.0,nan
1,95,right,1,-0.0114,0,0.0,nan,0.0,nan,0.0,nan,0.0,nan
1,96,left,1,-0.1796,0,0.0,nan,0.0,nan,0.0,nan,0.0,nan
1,97,right,1,-0.0186,0,0.0,nan,0.0,nan,0.0,nan,0.0,nan
1,98,left,0,-0.0474,0,0.0,nan,0.0,nan,0.0,nan,0.0,nan
1,99,right,0,0.0854,0,0.0,nan,0.0,nan,0.0,nan,0.0,nan
2,0,right,1,0.2621,0,0.0,nan,0.0,nan,0.0,nan,0.0,nan
2,1,left,1,-0.1215,0,0.0,nan,0.0,nan,0.0,nan,0.0,nan
2,2,right,1,0.3189,0,0.0,nan,0.0,nan,0.0,nan,0.0,nan
2,3,right,1,0.0799,0,0.0,nan,0.0,nan,0.0,nan,0.0,nan
2,4,right,1,0.2973,0,0.0,nan,0.0,nan,0.0,nan,0.0,nan
2,5,left,0,-0.0085,0,0.0,nan,0.0,nan,0.0,nan,0.0,nan
2,6,left,1,-0.0869,0,0.0,nan,0.0,nan,0.0,nan,0.0,nan
2,7,right,1,0.3021,0,0.0,nan,0.0,nan,0.0,nan,0.0,nan
2,8,left,1,-0.0791,0,0.0,nan,0.0,nan,0.0,nan,0.0,nan
2,9,left,1,-0.0841,0,0.0,nan,0.0,nan,0.0,nan,0.0,nan
2,10,left,0,0.0239,1,0.0,nan,0.0,nan,0.0,nan,0.0,nan
2,11,right,0,0.1931,0,0.0,nan,0.0,nan,0.0,nan,0.0,nan
2,12,left,1,-0.1029,0,0.0,nan,0.0,nan,0.0,nan,0.0,nan
2,13,left,1,-0.1023,0,0.0,nan,0.0,nan,0.0,nan,0.0,nan
2,14,left,1,-0.0839,0,0.0,nan,0.0,nan,0.0,nan,0.0,nan
2,15,right,0,0.1953,0,0.0,nan,0.0,nan,0.0,nan,0.0,nan
2,16,left,0,0.0007,0,0.0,nan,0.0,nan,0.0,nan,0.0,nan
2,17,left,0,0.0223,1,0.0,nan,0.0,nan,0.0,nan,0.0,nan
2,18,right,1,0.3027,0,0.0,nan,0.0,nan,0.0,nan,0.0,nan
2,19,right,0,0.1767,0,0.0,nan,0.0,nan,0.0,nan,0.0,nan
2,20,left,0,-0.0015,0,0.0,nan,0.0,nan,0.0,nan,0.0,nan
2,21,left,1,-0.0953,0,0.0,nan,0.0,nan,0.0,nan,0.0,nan
2,22,left,0,0.0205,1,0.0,nan,0.0,nan,0.0,nan,0.0,nan
2,23,left,1,0.0957,1,0.0,nan,0.0,nan,0.0,nan,0.0,nan
2,24,left,0,0.0013,0,0.0,nan,0.0,nan,0.0,nan,0.0,nan
2,25,left,1,0.1053,1,0.0,nan,0.0,nan,0.0,nan,0.0,nan
2,26,left,1,0.0991,1,0.0,nan,0.0,nan,0.0,nan,0.0,nan
2,27,right,0,0.2159,0,0.0,nan,0.0,nan,0.0,nan,0.0,nan
2,28,left,1,0.0809,1,0.0,nan,0.0,nan,0.0,nan,0.0,nan
2,29,right,1,0.1063,0,0.0,nan,0.0,nan,0.0,nan,0.0,nan
2,30,right,1,0.2817,0,0.0,nan,0.0,nan,0.0,nan,0.0,nan
2,31,right,0,0.2047,0,0.0,nan,0.0,nan,0.0,nan,0.0,nan
2,32,right,0,0.2053,0,0.0,nan,0.0,nan,0.0,nan,0.0,nan
2,33,right,0,0.2027,0,0.0,nan,0.0,nan,0.0,nan,0.0,nan
2,34,right,0,0.1999,0,0.0,nan,0.0,nan,0.0,nan,0.0,nan
2,35,left,0,-0.0409,0,0.0,nan,0.0,nan,0.0,nan,0.0,nan
2,36,right,1,0.0979,0,0.0,nan,0.0,nan,0.0,nan,0.0,nan
2,37,left,1,0.0881,1,0.0,nan,0.0,nan,0.0,nan,0.0,nan
2,38,left,0,-0.0373,0,0.0,nan,0.0,nan,0.0,nan,0.0,nan
2,39,right,1,0.3169,0,0.0,nan,0.0,nan,0.0,nan,0.0,nan
2,40,left,1,0.0877,1,0.0,nan,0.0,nan,0.0,nan,0.0,nan
2,41,right,1,0.3081,0,0.0,nan,0.0,nan,0.0,nan,0.0,nan
2,42,left,1,-0.1463,0,0.0,nan,0.0,nan,0.0,nan,0.0,nan
2,43,right,0,0.2241,0,0.0,nan,0.0,nan,0.0,nan,0.0,nan
2,44,right,0,0.1923,0,0.0,nan,0.0,nan,0.0,nan,0.0,nan
2,45,left,1,-0.1253,0,0.0,nan,0.0,nan,0.0,nan,0.0,nan
2,46,left,0,-0.0277,0,0.0,nan,0.0,nan,0.0,nan,0.0,nan
2,47,left,1,0.0799,1,0.0,nan,0.0,nan,0.0,nan,0.0,nan
2,48,left,1,-0.1249,0,0.0,nan,0.0,nan,0.0,nan,0.0,nan
2,49,left,0,-0.0179,0,0.0,nan,0.0,nan,0.0,nan,0.0,nan
2,50,left,0,-0.0293,0,0.0,nan,0.0,nan,0.0,nan,0.0,nan
2,51,left,1,-0.1231,0,0.0,nan,0.0,nan,0.0,nan,0.0,nan
2,52,right,0,0.2231,0,0.0,nan,0.0,nan,0.0,nan,0.0,nan
2,53,right,0,0.1889,0,0.0,nan,0.0,nan,0.0,nan,0.0,nan
2,54,right,1,0.3205,0,0.0,nan,0.0,nan,0.0,nan,0.0,nan
2,55,left,0,-0.0465,0,0.0,nan,0.0,nan,0.0,nan,0.0,nan
2,56,right,0,0.2337,0,0.0,nan,0.0,nan,0.0,nan,0.0,nan
2,57,right,1,0.3013,0,0.0,nan,0.0,nan,0.0,nan,0.0,nan
2,58,left,1,-0.1335,0,0.0,nan,0.0,nan,0.0,nan,0.0,nan
2,59,right,1,0.0841,0,0.0,nan,0.0,nan,0.0,nan,0.0,nan
2,60,right,1,0.0737,0,0.0,nan,0.0,nan,0.0,nan,0.0,nan
2,61,right,1,0.0733,0,0.0,nan,0.0,nan,0.0,nan,0.0,nan
2,62,left,1,-0.0915,0,0.0,nan,0.0,nan,0.0,nan,0.0,nan
2,63,right,0,0.1991,0,0.0,nan,0.0,nan,0.0,nan,0.0,nan
2,64,left,1,0.1019,1,0.0,nan,0.0,nan,0.0,nan,0.0,nan
2,65,left,0,-0.0291,0,0.0,nan,0.0,nan,0.0,nan,0.0,nan
2,66,right,0,0.2339,0,0.0,nan,0.0,nan,0.0,nan,0.0,nan
2,67,right,1,0.0941,0,0.0,nan,0.0,nan,0.0,nan,0.0,nan
2,68,left,1,-0.1417,0,0.0,nan,0.0,nan,0.0,nan,0.0,nan
2,69,right,0,0.2111,0,0.0,nan,0.0,nan,0.0,nan,0.0,nan
2,70,right,0,0.1589,0,0.0,nan,0.0,nan,0.0,nan,0.0,nan
2,71,right,1,0.0793,0,0.0,nan,0.0,nan,0.0,nan,0.0,nan
2,72,left,1,0.1011,1,0.0,nan,0.0,nan,0.0,nan,0.0,nan
2,73,right,0,0.2051,0,0.0,nan,0.0,nan,0.0,nan,0.0,nan
2,74,right,1,0.2899,0,0.0,nan,0.0,nan,0.0,nan,0.0,nan
2,75,left,0,-0.0469,0,0.0,nan,0.0,nan,0.0,nan,0.0,nan
2,76,right,1,0.0975,0,0.0,nan,0.0,nan,0.0,nan,0.0,nan
2,77,left,1,0.0987,1,0.0,nan,0.0,nan,0.0,nan,0.0,nan
2,78,right,0,0.2201,0,0.0,nan,0.0,nan,0.0,nan,0.0,nan
2,79,left,0,-0.0643,0,0.0,nan,0.0,nan,0.0,nan,0.0,nan
2,80,right,0,0.2101,0,0.0,nan,0.0,nan,0.0,nan,0.0,nan
2,81,left,1,0.0993,1,0.0,nan,0.0,nan,0.0,nan,0.0,nan
2,82,left,1,0.0867,1,0.0,nan,0.0,nan,0.0,nan,0.0,nan
2,83,right,0,0.2103,0,0.0,nan,0.0,nan,0.0,nan,0.0,nan
2,84,right,1,0.1071,0,0.0,nan,0.0,nan,0.0,nan,0.0,nan
2,85,right,1,0.0773,0,0.0,nan,0.0,nan,0.0,nan,0.0,nan
2,86,right,0,0.1689,0,0.0,nan,0.0,nan,0.0,nan,0.0,nan
2,87,right,0,0.2089,0,0.0,nan,0.0,nan,0.0,nan,0.0,nan
2,88,left,1,0.0621,1,0.0,nan,0.0,nan,0.0,nan,0.0,nan
2,89,right,0,0.1989,0,0.0,nan,0.0,nan,0.0,nan,0.0,nan
2,90,right,1,0.2893,0,0.0,nan,0.0,nan,0.0,nan,0.0,nan
2,91,left,0,-0.0729,0,0.0,nan,0.0,nan,0.0,nan,0.0,nan
2,92,right,0,0.2151,0,0.0,nan,0.0,nan,0.0,nan,0.0,nan
2,93,left,1,0.0853,1,0.0,nan,0.0,nan,0.0,nan,0.0,nan
2,94,left,0,-0.0621,0,0.0,nan,0.0,nan,0.0,nan,0.0,nan
2,95,right,0,0.2175,0,0.0,nan,0.0,nan,0.0,nan,0.0,nan
2,96,left,0,-0.0633,0,0.0,nan,0.0,nan,0.0,nan,0.0,nan
2,97,left,1,-0.1461,0,0.0,nan,0.0,nan,0.0,nan,0.0,nan
2,98,right,0,0.2035,0,0.0,nan,0.0,nan,0.0,nan,0.0,nan
2,99,right,1,0.3067,0,0.0,nan,0.0,nan,0.0,nan,0.0,nan
3,0,left,0,-0.0802,0,0.0,nan,0.0,nan,0.0,nan,0.0,nan
3,1,left,0,-0.106,0,0.0,nan,0.0,nan,0.0,nan,0.0,nan
3,2,left,1,-0.1766,0,0.0,nan,0.0,nan,0.0,nan,0.0,nan
3,3,left,0,-0.0734,0,0.0,nan,0.0,nan,0.0,nan,0.0,nan
3,4,left,0,-0.0842,0,0.0,nan,0.0,nan,0.0,nan,0.0,nan
3,5,right,1,0.0158,0,0.0,nan,0.0,nan,0.0,nan,0.0,nan
3,6,left,0,-0.0468,0,0.0,nan,0.0,nan,0.0,nan,0.0,nan
3,7,left,0,-0.0788,0,0.0,nan,0.0,nan,0.0,nan,0.0,nan
3,8,right,1,0.2276,0,0.0,nan,0.0,nan,0.0,nan,0.0,nan
3,9,left,1,-0.154,0,0.0,nan,0.0,nan,0.0,nan,0.0,nan
3,10,right,1,0.2322,0,0.0,nan,0.0,nan,0.0,nan,0.0,nan
3,11,left,0,-0.0636,0,0.0,nan,0.0,nan,0.0,nan,0.0,nan
3,12,left,1,0.0628,1,0.0,nan,0.0,nan,0.0,nan,0.0,nan
3,13,right,1,0.2452,0,0.0,nan,0.0,nan,0.0,nan,0.0,nan
3,14,right,1,0.0352,0,0.0,nan,0.0,nan,0.0,nan,0.0,nan
3,15,left,1,0.0508,1,0.0,nan,0.0,nan,0.0,nan,0.0,nan
3,16,left,0,-0.0922,0,0.0,nan,0.0,nan,0.0,nan,0.0,nan
3,17,left,1,0.0452,1,0.0,nan,0.0,nan,0.0,nan,0.0,nan
3,18,left,0,-0.0914,0,0.0,nan,0.0,nan,0.0,nan,0.0,nan
3,19,left,1,0.0384,1,0.0,nan,0.0,nan,0.0,nan,0.0,nan
3,20,left,1,0.041,1,0.0,nan,0.0,nan,0.0,nan,0.0,nan
3,21,right,0,0.1506,0,0.0,nan,0.0,nan,0.0,nan,0.0,nan
3,22,left,1,-0.1844,0,0.0,nan,0.0,nan,0.0,nan,0.0,nan
3,23,right,1,0.05,0,0.0,nan,0.0,nan,0.0,nan,0.0,nan
3,24,left,1,-0.189,0,0.0,nan,0.0,nan,0.0,nan,0.0,nan
3,25,left,1,0.0314,1,0.0,nan,0.0,nan,0.0,nan,0.0,nan
3,26,right,0,0.1458,0,0.0,nan,0.0,nan,0.0,nan,0.0,nan
3,27,right,0,0.1696,0,0.0,nan,0.0,nan,0.0,nan,0.0,nan
3,28,right,0,0.1468,0,0.0,nan,0.0,nan,0.0,nan,0.0,nan
3,29,right,1,0.0486,0,0.0,nan,0.0,nan,0.0,nan,0.0,nan
3,30,right,1,0.0648,0,0.0,nan,0.0,nan,0.0,nan,0.0,nan
3,31,left,0,-0.1078,0,0.0,nan,0.0,nan,0.0,nan,0.0,nan
3,32,left,0,-0.09,0,0.0,nan,0.0,nan,0.0,nan,0.0,nan
3,33,right,0,0.1296,0,0.0,nan,0.0,nan,0.0,nan,0.0,nan
3,34,left,0,-0.083,0,0.0,nan,0.0,nan,0.0,nan,0.0,nan
3,35,left,1,0.0254,1,0.0,nan,0.0,nan,0.0,nan,0.0,nan
3,36,right,0,0.1578,0,0.0,nan,0.0,nan,0.0,nan,0.0,nan
3,37,right,1,0.2674,0,0.0,nan,0.0,nan,0.0,nan,0.0,nan
3,38,left,1,-0.1792,0,0.0,nan,0.0,nan,0.0,nan,0.0,nan
3,39,right,1,0.032,0,0.0,nan,0.0,nan,0.0,nan,0.0,nan
3,40,right,0,0.148,0,0.0,nan,0.0,nan,0.0,nan,0.0,nan
3,41,left,0,-0.1148,0,0.0,nan,0.0,nan,0.0,nan,0.0,nan
3,42,left,0,-0.0654,0,0.0,nan,0.0,nan,0.0,nan,0.0,nan
3,43,right,0,0.1236,0,0.0,nan,0.0,nan,0.0,nan,0.0,nan
3,44,left,0,-0.0864,0,0.0,nan,0.0,nan,0.0,nan,0.0,nan
3,45,left,1,-0.1758,0,0.0,nan,0.0,nan,0.0,nan,0.0,nan
3,46,left,1,0.0662,1,0.0,nan,0.0,nan,0.0,nan,0.0,nan
3,47,left,1,0.0346,1,0.0,nan,0.0,nan,0.0,nan,0.0,nan
3,48,right,1,0.2484,0,0.0,nan,0.0,nan,0.0,nan,0.0,nan
3,49,left,1,0.0368,1,0.0,nan,0.0,nan,0.0,nan,0.0,nan
3,50,left,0,-0.1268,0,0.0,nan,0.0,nan,0.0,nan,0.0,nan
3,51,left,0,-0.0812,0,0.0,nan,0.0,nan,0.0,nan,0.0,nan
3,52,left,0,-0.1368,0,0.0,nan,0.0,nan,0.0,nan,0.0,nan
3,53,right,0,0.1798,0,0.0,nan,0.0,nan,0.0,nan,0.0,nan
3,54,left,1,-0.192,0,0.0,nan,0.0,nan,0.0,nan,0.0,nan
3,55,left,1,-0.1888,0,0.0,nan,0.0,nan,0.0,nan,0.0,nan
3,56,right,0,0.1696,0,0.0,nan,0.0,nan,0.0,nan,0.0,nan
3,57,left,1,-0.1952,0,0.0,nan,0.0,nan,0.0,nan,0.0,nan
3,58,right,1,0.2278,0,0.0,nan,0.0,nan,0.0,nan,0.0,nan
3,59,left,1,-0.191,0,0.0,nan,0.0,nan,0.0,nan,0.0,nan
3,60,left,1,-0.203,0,0.0,nan,0.0,nan,0.0,nan,0.0,nan
3,61,right,0,0.1404,0,0.0,nan,0.0,nan,0.0,nan,0.0,nan
3,62,right,1,0.2878,0,0.0,nan,0.0,nan,0.0,nan,0.0,nan
3,63,right,1,0.2322,0,0.0,nan,0.0,nan,0.0,nan,0.0,nan
3,64,left,0,-0.0956,0,0.0,nan,0.0,nan,0.0,nan,0.0,nan
3,65,left,1,0.0392,1,0.0,nan,0.0,nan,0.0,nan,0.0,nan
3,66,left,0,-0.079,0,0.0,nan,0.0,nan,0.0,nan,0.0,nan
3,67,right,1,0.2324,0,0.0,nan,0.0,nan,0.0,nan,0.0,nan
3,68,right,1,0.2472,0,0.0,nan,0.0,nan,0.0,nan,0.0,nan
3,69,left,1,0.0436,1,0.0,nan,0.0,nan,0.0,nan,0.0,nan
3,70,right,1,0.2578,0,0.0,nan,0.0,nan,0.0,nan,0.0,nan
3,71,left,0,-0.0976,0,0.0,nan,0.0,nan,0.0,nan,0.0,nan
3,72,left,1,0.0232,1,0.0,nan,0.0,nan,0.0,nan,0.0,nan
3,73,left,0,-0.0946,0,0.0,nan,0.0,nan,0.0,nan,0.0,nan
3,74,right,0,0.148,0,0.0,nan,0.0,nan,0.0,nan,0.0,nan
3,75,left,1,0.0474,1,0.0,nan,0.0,nan,0.0,nan,0.0,nan
3,76,right,1,0.243,0,0.0,nan,0.0,nan,0.0,nan,0.0,nan
3,77,left,1,-0.189,0,0.0,nan,0.0,nan,0.0,nan,0.0,nan
3,78,right,0,0.1584,0,0.0,nan,0.0,nan,0.0,nan,0.0,nan
3,79,left,1,0.0354,1,0.0,nan,0.0,nan,0.0,nan,0.0,nan
3,80,right,1,0.2492,0,0.0,nan,0.0,nan,0.0,nan,0.0,nan
3,81,right,1,0.0574,0,0.0,nan,0.0,nan,0.0,nan,0.0,nan
3,82,left,1,0.0236,1,0.0,nan,0.0,nan,0.0,nan,0.0,nan
3,83,left,1,-0.1908,0,0.0,nan,0.0,nan,0.0,nan,0.0,nan
3,84,left,1,-0.212,0,0.0,nan,0.0,nan,0.0,nan,0.0,nan
3,85,left,0,-0.103,0,0.0,nan,0.0,nan,0.0,nan,0.0,nan
3,86,right,0,0.1486,0,0.0,nan,0.0,nan,0.0,nan,0.0,nan
3,87,left,0,-0.0886,0,0.0,nan,0.0,nan,0.0,nan,0.0,nan
3,88,right,0,0.1504,0,0.0,nan,0.0,nan,0.0,nan,0.0,nan
3,89,right,1,0.047,0,0.0,nan,0.0,nan,0.0,nan,0.0,nan
3,90,right,1,0.268,0,0.0,nan,0.0,nan,0.0,nan,0.0,nan
3,91,left,0,-0.1234,0,0.0,nan,0.0,nan,0.0,nan,0.0,nan
3,92,right,0,0.1714,0,0.0,nan,0.0,nan,0.0,nan,0.0,nan
3,93,right,1,0.0474,0,0.0,nan,0.0,nan,0.0,nan,0.0,nan
3,94,left,1,0.0372,1,0.0,nan,0.0,nan,0.0,nan,0.0,nan
3,95,right,1,0.0486,0,0.0,nan,0.0,nan,0.0,nan,0.0,nan
3,96,right,1,0.0482,0,0.0,nan,0.0,nan,0.0,nan,0.0,nan
3,97,left,1,0.0236,1,0.0,nan,0.0,nan,0.0,nan,0.0,nan
3,98,left,0,-0.1,0,0.0,nan,0.0,nan,0.0,nan,0.0,nan
3,99,right,1,0.0618,0,0.0,nan,0.0,nan,0.0,nan,0.0,nan
4,0,right,1,0.2436,0,0.0,nan,0.0,nan,0.0,nan,0.0,nan
4,1,left,0,-0.091,0,0.0,nan,0.0,nan,0.0,nan,0.0,nan
4,2,right,0,0.1264,0,0.0,nan,0.0,nan,0.0,nan,0.0,nan
4,3,right,1,0.0282,0,0.0,nan,0.0,nan,0.0,nan,0.0,nan
4,4,left,0,-0.1064,0,0.0,nan,0.0,nan,0.0,nan,0.0,nan
4,5,right,0,0.134,0,0.0,nan,0.0,nan,0.0,nan,0.0,nan
4,6,left,1,-0.1936,0,0.0,nan,0.0,nan,0.0,nan,0.0,nan
4,7,left,0,-0.098,0,0.0,nan,0.0,nan,0.0,nan,0.0,nan
4,8,right,1,0.024,0,0.0,nan,0.0,nan,0.0,nan,0.0,nan
4,9,right,0,0.11,0,0.0,nan,0.0,nan,0.0,nan,0.0,nan
4,10,left,1,0.0186,0,0.0,nan,0.0,nan,0.0,nan,0.0,nan
4,11,left,0,-0.075,0,0.0,nan,0.0,nan,0.0,nan,0.0,nan
4,12,right,1,0.211,0,0.0,nan,0.0,nan,0.0,nan,0.0,nan
4,13,left,1,-0.165,0,0.0,nan,0.0,nan,0.0,nan,0.0,nan
4,14,right,1,0.2114,0,0.0,nan,0.0,nan,0.0,nan,0.0,nan
4,15,right,1,0.2018,0,0.0,nan,0.0,nan,0.0,nan,0.0,nan
4,16,left,1,-0.1546,0,0.0,nan,0.0,nan,0.0,nan,0.0,nan
4,17,left,0,-0.0682,0,0.0,nan,0.0,nan,0.0,nan,0.0,nan
4,18,right,1,0.029,0,0.0,nan,0.0,nan,0.0,nan,0.0,nan
4,19,right,1,0.0244,0,0.0,nan,0.0,nan,0.0,nan,0.0,nan
4,20,right,0,0.095,0,0.0,nan,0.0,nan,0.0,nan,0.0,nan
4,21,left,0,-0.0746,0,0.0,nan,0.0,nan,0.0,nan,0.0,nan
4,22,left,1,-0.1598,0,0.0,nan,0.0,nan,0.0,nan,0.0,nan
4,23,left,0,-0.036,0,0.0,nan,0.0,nan,0.0,nan,0.0,nan
4,24,right,1,0.0204,0,0.0,nan,0.0,nan,0.0,nan,0.0,nan
4,25,left,1,-0.1578,0,0.0,nan,0.0,nan,0.0,nan,0.0,nan
4,26,right,0,0.1126,0,0.0,nan,0.0,nan,0.0,nan,0.0,nan
4,27,left,1,0.0514,1,0.0,nan,0.0,nan,0.0,nan,0.0,nan
4,28,left,0,-0.0404,0,0.0,nan,0.0,nan,0.0,nan,0.0,nan
4,29,left,0,-0.056,0,0.0,nan,0.0,nan,0.0,nan,0.0,nan
4,30,right,1,0.2266,0,0.0,nan,0.0,nan,0.0,nan,0.0,nan
4,31,left,0,-0.05,0,0.0,nan,0.0,nan,0.0,nan,0.0,nan
4,32,left,1,-0.154,0,0.0,nan,0.0,nan,0.0,nan,0.0,nan
4,33,right,1,0.216,0,0.0,nan,0.0,nan,0.0,nan,0.0,nan
4,34,right,1,0.013,0,0.0,nan,0.0,nan,0.0,nan,0.0,nan
4,35,left,1,-0.1686,0,0.0,nan,0.0,nan,0.0,nan,0.0,nan
4,36,right,0,0.1156,0,0.0,nan,0.0,nan,0.0,nan,0.0,nan
4,37,left,1,-0.1472,0,0.0,nan,0.0,nan,0.0,nan,0.0,nan
4,38,left,1,-0.1508,0,0.0,nan,0.0,nan,0.0,nan,0.0,nan
4,39,right,1,0.0154,0,0.0,nan,0.0,nan,0.0,nan,0.0,nan
4,40,left,1,-0.1544,0,0.0,nan,0.0,nan,0.0,nan,0.0,nan
4,41,left,1,0.0566,1,0.0,nan,0.0,nan,0.0,nan,0.0,nan
4,42,right,1,0.2346,0,0.0,nan,0.0,nan,0.0,nan,0.0,nan
4,43,left,0,-0.0542,0,0.0,nan,0.0,nan,0.0,nan,0.0,nan
4,44,right,1,0.0216,0,0.0,nan,0.0,nan,0.0,nan,0.0,nan
4,45,left,0,-0.062,0,0.0,nan,0.0,nan,0.0,nan,0.0,nan
4,46,left,0,-0.0422,0,0.0,nan,0.0,nan,0.0,nan,0.0,nan
4,47,right,1,0.015,0,0.0,nan,0.0,nan,0.0,nan,0.0,nan
4,48,right,0,0.0986,0,0.0,nan,0.0,nan,0.0,nan,0.0,nan
4,49,left,1,0.0544,1,0.0,nan,0.0,nan,0.0,nan,0.0,nan
4,50,left,0,-0.0666,0,0.0,nan,0.0,nan,0.0,nan,0.0,nan
4,51,left,1,0.042,1,0.0,nan,0.0,nan,0.0,nan,0.0,nan
4,52,right,1,0.0162,0,0.0,nan,0.0,nan,0.0,nan,0.0,nan
4,53,left,0,-0.0722,0,0.0,nan,0.0,nan,0.0,nan,0.0,nan
4,54,right,1,0.019,0,0.0,nan,0.0,nan,0.0,nan,0.0,nan
4,55,right,1,0.0282,0,0.0,nan,0.0,nan,0.0,nan,0.0,nan
4,56,right,1,0.0188,0,0.0,nan,0.0,nan,0.0,nan,0.0,nan
4,57,left,0,-0.0682,0,0.0,nan,0.0,nan,0.0,nan,0.0,nan
4,58,right,0,0.1126,0,0.0,nan,0.0,nan,0.0,nan,0.0,nan
4,59,right,1,0.0194,0,0.0,nan,0.0,nan,0.0,nan,0.0,nan
4,60,left,1,0.0336,1,0.0,nan,0.0,nan,0.0,nan,0.0,nan
4,61,right,1,0.2122,0,0.0,nan,0.0,nan,0.0,nan,0.0,nan
4,62,left,1,-0.173,0,0.0,nan,0.0,nan,0.0,nan,0.0,nan
4,63,right,1,0.017,0,0.0,nan,0.0,nan,0.0,nan,0.0,nan
4,64,left,1,-0.1562,0,0.0,nan,0.0,nan,0.0,nan,0.0,nan
4,65,right,1,0.2022,0,0.0,nan,0.0,nan,0.0,nan,0.0,nan
4,66,right,1,0.224,0,0.0,nan,0.0,nan,0.0,nan,0.0,nan
4,67,right,1,0.2002,0,0.0,nan,0.0,nan,0.0,nan,0.0,nan
4,68,left,0,-0.0372,0,0.0,nan,0.0,nan,0.0,nan,0.0,nan
4,69,right,1,0.2096,0,0.0,nan,0.0,nan,0.0,nan,0.0,nan
4,70,right,0,0.0974,0,0.0,nan,0.0,nan,0.0,nan,0.0,nan
4,71,left,1,-0.146,0,0.0,nan,0.0,nan,0.0,nan,0.0,nan
4,72,right,1,0.011,0,0.0,nan,0.0,nan,0.0,nan,0.0,nan
4,73,right,0,0.1072,0,0.0,nan,0.0,nan,0.0,nan,0.0,nan
4,74,left,1,-0.1592,0,0.0,nan,0.0,nan,0.0,nan,0.0,nan
4,75,right,0,0.1078,0,0.0,nan,0.0,nan,0.0,nan,0.0,nan
4,76,left,1,0.0528,1,0.0,nan,0.0,nan,0.0,nan,0.0,nan
4,77,left,0,-0.0602,0,0.0,nan,0.0,nan,0.0,nan,0.0,nan
4,78,left,1,-0.1494,0,0.0,nan,0.0,nan,0.0,nan,0.0,nan
4,79,left,0,-0.0512,0,0.0,nan,0.0,nan,0.0,nan,0.0,nan
4,80,left,1,-0.1366,0,0.0,nan,0.0,nan,0.0,nan,0.0,nan
4,81,left,1,0.0594,1,0.0,nan,0.0,nan,0.0,nan,0.0,nan
4,82,left,1,0.0448,1,0.0,nan,0.0,nan,0.0,nan,0.0,nan
4,83,left,1,-0.1598,0,0.0,nan,0.0,nan,0.0,nan,0.0,nan
4,84,left,1,-0.1698,0,0.0,nan,0.0,nan,0.0,nan,0.0,nan
4,85,left,1,-0.1748,0,0.0,nan,0.0,nan,0.0,nan,0.0,nan
4,86,left,1,0.0392,1,0.0,nan,0.0,nan,0.0,nan,0.0,nan
4,87,right,1,0.2214,0,0.0,nan,0.0,nan,0.0,nan,0.0,nan
4,88,left,1,-0.1786,0,0.0,nan,0.0,nan,0.0,nan,0.0,nan
4,89,left,1,-0.181,0,0.0,nan,0.0,nan,0.0,nan,0.0,nan
4,90,right,0,0.1078,0,0.0,nan,0.0,nan,0.0,nan,0.0,nan
4,91,left,0,-0.0718,0,0.0,nan,0.0,nan,0.0,nan,0.0,nan
4,92,left,0,-0.044,0,0.0,nan,0.0,nan,0.0,nan,0.0,nan
4,93,left,1,-0.1696,0,0.0,nan,0.0,nan,0.0,nan,0.0,nan
4,94,right,0,0.1034,0,0.0,nan,0.0,nan,0.0,nan,0.0,nan
4,95,left,1,0.0466,1,0.0,nan,0.0,nan,0.0,nan,0.0,nan
4,96,right,0,0.1146,0,0.0,nan,0.0,nan,0.0,nan,0.0,nan
4,97,right,0,0.0952,0,0.0,nan,0.0,nan,0.0,nan,0.0,nan
4,98,right,1,0.018,0,0.0,nan,0.0,nan,0.0,nan,0.0,nan
4,99,right,0,0.122,0,0.0,nan,0.0,nan,0.0,nan,0.0,nan
