ep,t,good_side,explore,v,correct,e_ll,g_ll,e_lr,g_lr,e_rl,g_rl,e_rr,g_rr
0,0,left,1,-0.2094,0,0.0,nan,0.0,nan,0.0,nan,0.0,nan
0,1,right,1,0.0106,0,0.0,nan,0.0,nan,0.0,nan,0.0,nan
0,2,left,1,-0.0478,0,0.0,nan,0.0,nan,0.0,nan,0.0,nan
0,3,right,0,0.1214,0,0.0,nan,0.0,nan,0.0,nan,0.0,nan
0,4,right,1,0.2298,0,0.0,nan,0.0,nan,0.0,nan,0.0,nan
0,5,right,1,0.2186,0,0.0,nan,0.0,nan,0.0,nan,0.0,nan
0,6,right,0,0.1048,0,0.0,nan,0.0,nan,0.0,nan,0.0,nan
0,7,right,0,0.1154,0,0.0,nan,0.0,nan,0.0,nan,0.0,nan
0,8,left,1,-0.0296,0,0.0,nan,0.0,nan,0.0,nan,0.0,nan
0,9,left,1,-0.2252,0,0.0,nan,0.0,nan,0.0,nan,0.0,nan
0,10,right,0,0.1068,0,0.0,nan,0.0,nan,0.0,nan,0.0,nan
0,11,right,1,0.2366,0,0.0,nan,0.0,nan,0.0,nan,0.0,nan
0,12,right,0,0.0892,0,0.0,nan,0.0,nan,0.0,nan,0.0,nan
0,13,right,1,0.2296,0,0.0,nan,0.0,nan,0.0,nan,0.0,nan
0,14,left,0,-0.1146,0,0.0,nan,0.0,nan,0.0,nan,0.0,nan
0,15,left,0,-0.1216,0,0.0,nan,0.0,nan,0.0,nan,0.0,nan
0,16,left,0,-0.125,0,0.0,nan,0.0,nan,0.0,nan,0.0,nan
0,17,right,1,0.2276,0,0.0,nan,0.0,nan,0.0,nan,0.0,nan
0,18,left,0,-0.1278,0,0.0,nan,0.0,nan,0.0,nan,0.0,nan
0,19,right,1,0.013,0,0.0,nan,0.0,nan,0.0,nan,0.0,nan
0,20,right,1,0.0066,0,0.0,nan,0.0,nan,0.0,nan,0.0,nan
0,21,left,1,-0.2476,0,0.0,nan,0.0,nan,0.0,nan,0.0,nan
0,22,right,0,0.1274,0,0.0,nan,0.0,nan,0.0,nan,0.0,nan
0,23,left,0,-0.1032,0,0.0,nan,0.0,nan,0.0,nan,0.0,nan
0,24,left,0,-0.1254,0,0.0,nan,0.0,nan,0.0,nan,0.0,nan
0,25,left,1,-0.2404,0,0.0,nan,0.0,nan,0.0,nan,0.0,nan
0,26,left,1,-0.2308,0,0.0,nan,0.0,nan,0.0,nan,0.0,nan
0,27,right,1,0.2356,0,0.0,nan,0.0,nan,0.0,nan,0.0,nan
0,28,left,1,-0.2466,0,0.0,nan,0.0,nan,0.0,nan,0.0,nan
0,29,right,1,0.0254,0,0.0,nan,0.0,nan,0.0,nan,0.0,nan
0,30,left,1,-0.2432,0,0.0,nan,0.0,nan,0.0,nan,0.0,nan
0,31,right,1,0.2412,0,0.0,nan,0.0,nan,0.0,nan,0.0,nan
0,32,left,1,-0.2428,0,0.0,nan,0.0,nan,0.0,nan,0.0,nan
0,33,left,1,-0.2374,0,0.0,nan,0.0,nan,0.0,nan,0.0,nan
0,34,right,1,0.018,0,0.0,nan,0.0,nan,0.0,nan,0.0,nan
0,35,right,0,0.1072,0,0.0,nan,0.0,nan,0.0,nan,0.0,nan
0,36,left,1,-0.0322,0,0.0,nan,0.0,nan,0.0,nan,0.0,nan
0,37,left,0,-0.113,0,0.0,nan,0.0,nan,0.0,nan,0.0,nan
0,38,right,1,0.0112,0,0.0,nan,0.0,nan,0.0,nan,0.0,nan
0,39,right,1,0.0048,0,0.0,nan,0.0,nan,0.0,nan,0.0,nan
0,40,right,1,0.2064,0,0.0,nan,0.0,nan,0.0,nan,0.0,nan
0,41,left,0,-0.106,0,0.0,nan,0.0,nan,0.0,nan,0.0,nan
0,42,right,0,0.1052,0,0.0,nan,0.0,nan,0.0,nan,0.0,nan
0,43,left,1,-0.2388,0,0.0,nan,0.0,nan,0.0,nan,0.0,nan
0,44,right,1,0.0164,0,0.0,nan,0.0,nan,0.0,nan,0.0,nan
0,45,left,0,-0.1326,0,0.0,nan,0.0,nan,0.0,nan,0.0,nan
0,46,left,1,-0.2424,0,0.0,nan,0.0,nan,0.0,nan,0.0,nan
0,47,right,1,0.226,0,0.0,nan,0.0,nan,0.0,nan,0.0,nan
0,48,right,1,0.218,0,0.0,nan,0.0,nan,0.0,nan,0.0,nan
0,49,right,0,0.0956,0,0.0,nan,0.0,nan,0.0,nan,0.0,nan
0,50,right,1,0.2274,0,0.0,nan,0.0,nan,0.0,nan,0.0,nan
0,51,right,0,0.0922,0,0.0,nan,0.0,nan,0.0,nan,0.0,nan
0,52,right,0,0.1104,0,0.0,nan,0.0,nan,0.0,nan,0.0,nan
0,53,left,1,-0.0258,0,0.0,nan,0.0,nan,0.0,nan,0.0,nan
0,54,left,1,-0.2094,0,0.0,nan,0.0,nan,0.0,nan,0.0,nan
0,55,left,0,-0.1088,0,0.0,nan,0.0,nan,0.0,nan,0.0,nan
0,56,right,1,0.0064,0,0.0,nan,0.0,nan,0.0,nan,0.0,nan
0,57,right,1,-0.0018,0,0.0,nan,0.0,nan,0.0,nan,0.0,nan
0,58,left,0,-0.1444,0,0.0,nan,0.0,nan,0.0,nan,0.0,nan
0,59,left,1,-0.2332,0,0.0,nan,0.0,nan,0.0,nan,0.0,nan
0,60,right,0,0.1188,0,0.0,nan,0.0,nan,0.0,nan,0.0,nan
0,61,left,1,-0.2324,0,0.0,nan,0.0,nan,0.0,nan,0.0,nan
0,62,right,1,0.0236,0,0.0,nan,0.0,nan,0.0,nan,0.0,nan
0,63,right,1,0.1904,0,0.0,nan,0.0,nan,0.0,nan,0.0,nan
0,64,right,1,0.2344,0,0.0,nan,0.0,nan,0.0,nan,0.0,nan
0,65,left,1,-0.2406,0,0.0,nan,0.0,nan,0.0,nan,0.0,nan
0,66,right,1,0.2384,0,0.0,nan,0.0,nan,0.0,nan,0.0,nan
0,67,left,0,-0.1162,0,0.0,nan,0.0,nan,0.0,nan,0.0,nan
0,68,right,0,0.1106,0,0.0,nan,0.0,nan,0.0,nan,0.0,nan
0,69,right,1,0.018,0,0.0,nan,0.0,nan,0.0,nan,0.0,nan
0,70,right,0,0.0942,0,0.0,nan,0.0,nan,0.0,nan,0.0,nan
0,71,right,0,0.097,0,0.0,nan,0.0,nan,0.0,nan,0.0,nan
0,72,left,1,-0.2396,0,0.0,nan,0.0,nan,0.0,nan,0.0,nan
0,73,left,1,-0.0118,0,0.0,nan,0.0,nan,0.0,nan,0.0,nan
0,74,left,1,-0.2134,0,0.0,nan,0.0,nan,0.0,nan,0.0,nan
0,75,right,1,0.0094,0,0.0,nan,0.0,nan,0.0,nan,0.0,nan
0,76,right,1,0.2018,0,0.0,nan,0.0,nan,0.0,nan,0.0,nan
0,77,right,1,0.2346,0,0.0,nan,0.0,nan,0.0,nan,0.0,nan
0,78,left,1,-0.2458,0,0.0,nan,0.0,nan,0.0,nan,0.0,nan
0,79,left,1,-0.228,0,0.0,nan,0.0,nan,0.0,nan,0.0,nan
0,80,right,1,0.0192,0,0.0,nan,0.0,nan,0.0,nan,0.0,nan
0,81,left,1,-0.0386,0,0.0,nan,0.0,nan,0.0,nan,0.0,nan
0,82,left,0,-0.1056,0,0.0,nan,0.0,nan,0.0,nan,0.0,nan
0,83,right,1,0.2236,0,0.0,nan,0.0,nan,0.0,nan,0.0,nan
0,84,right,0,0.091,0,0.0,nan,0.0,nan,0.0,nan,0.0,nan
0,85,right,1,0.2044,0,0.0,nan,0.0,nan,0.0,nan,0.0,nan
0,86,left,0,-0.1076,0,0.0,nan,0.0,nan,0.0,nan,0.0,nan
0,87,left,1,-0.0098,0,0.0,nan,0.0,nan,0.0,nan,0.0,nan
0,88,left,1,-0.0166,0,0.0,nan,0.0,nan,0.0,nan,0.0,nan
0,89,left,1,-0.0014,0,0.0,nan,0.0,nan,0.0,nan,0.0,nan
0,90,right,1,0.2316,0,0.0,nan,0.0,nan,0.0,nan,0.0,nan
0,91,right,1,-0.0084,0,0.0,nan,0.0,nan,0.0,nan,0.0,nan
0,92,right,1,-0.0024,0,0.0,nan,0.0,nan,0.0,nan,0.0,nan
0,93,right,0,0.0826,0,0.0,nan,0.0,nan,0.0,nan,0.0,nan
0,94,left,0,-0.1226,0,0.0,nan,0.0,nan,0.0,nan,0.0,nan
0,95,right,1,0.0148,0,0.0,nan,0.0,nan,0.0,nan,0.0,nan
0,96,left,1,-0.238,0,0.0,nan,0.0,nan,0.0,nan,0.0,nan
0,97,left,0,-0.0864,0,0.0,nan,0.0,nan,0.0,nan,0.0,nan
0,98,right,0,0.1024,0,0.0,nan,0.0,nan,0.0,nan,0.0,nan
0,99,right,1,0.0074,0,0.0,nan,0.0,nan,0.0,nan,0.0,nan
1,0,left,1,-0.1701,0,0.0,nan,0.0,nan,0.0,nan,0.0,nan
1,1,left,1,-0.0007,0,0.0,nan,0.0,nan,0.0,nan,0.0,nan
1,2,left,1,-0.1969,0,0.0,nan,0.0,nan,0.0,nan,0.0,nan
1,3,left,1,-0.0041,0,0.0,nan,0.0,nan,0.0,nan,0.0,nan
1,4,left,0,-0.0683,0,0.0,nan,0.0,nan,0.0,nan,0.0,nan
1,5,right,1,0.2355,0,0.0,nan,0.0,nan,0.0,nan,0.0,nan
1,6,right,1,0.2407,0,0.0,nan,0.0,nan,0.0,nan,0.0,nan
1,7,left,0,-0.0907,0,0.0,nan,0.0,nan,0.0,nan,0.0,nan
1,8,left,1,-0.2047,0,0.0,nan,0.0,nan,0.0,nan,0.0,nan
1,9,left,1,0.0063,0,0.0,nan,0.0,nan,0.0,nan,0.0,nan
1,10,right,0,0.1337,0,0.0,nan,0.0,nan,0.0,nan,0.0,nan
1,11,left,0,-0.0903,0,0.0,nan,0.0,nan,0.0,nan,0.0,nan
1,12,right,0,0.1169,0,0.0,nan,0.0,nan,0.0,nan,0.0,nan
1,13,left,1,0.0011,0,0.0,nan,0.0,nan,0.0,nan,0.0,nan
1,14,left,1,-0.1929,0,0.0,nan,0.0,nan,0.0,nan,0.0,nan
1,15,right,0,0.1043,0,0.0,nan,0.0,nan,0.0,nan,0.0,nan
1,16,right,0,0.1181,0,0.0,nan,0.0,nan,0.0,nan,0.0,nan
1,17,left,1,-0.2061,0,0.0,nan,0.0,nan,0.0,nan,0.0,nan
1,18,left,1,0.0025,0,0.0,nan,0.0,nan,0.0,nan,0.0,nan
1,19,left,1,-0.0113,0,0.0,nan,0.0,nan,0.0,nan,0.0,nan
1,20,left,1,0.0143,0,0.0,nan,0.0,nan,0.0,nan,0.0,nan
1,21,right,1,0.0297,0,0.0,nan,0.0,nan,0.0,nan,0.0,nan
1,22,right,0,0.1131,0,0.0,nan,0.0,nan,0.0,nan,0.0,nan
1,23,left,0,-0.0999,0,0.0,nan,0.0,nan,0.0,nan,0.0,nan
1,24,right,1,0.0279,0,0.0,nan,0.0,nan,0.0,nan,0.0,nan
1,25,left,1,-0.0171,0,0.0,nan,0.0,nan,0.0,nan,0.0,nan
1,26,right,1,0.0207,0,0.0,nan,0.0,nan,0.0,nan,0.0,nan
1,27,left,0,-0.0871,0,0.0,nan,0.0,nan,0.0,nan,0.0,nan
1,28,left,1,-0.2047,0,0.0,nan,0.0,nan,0.0,nan,0.0,nan
1,29,right,1,0.0183,0,0.0,nan,0.0,nan,0.0,nan,0.0,nan
1,30,right,1,0.2201,0,0.0,nan,0.0,nan,0.0,nan,0.0,nan
1,31,left,0,-0.0755,0,0.0,nan,0.0,nan,0.0,nan,0.0,nan
1,32,left,0,-0.0815,0,0.0,nan,0.0,nan,0.0,nan,0.0,nan
1,33,left,1,-0.0009,0,0.0,nan,0.0,nan,0.0,nan,0.0,nan
1,34,right,0,0.1261,0,0.0,nan,0.0,nan,0.0,nan,0.0,nan
1,35,right,0,0.1127,0,0.0,nan,0.0,nan,0.0,nan,0.0,nan
1,36,right,0,0.1033,0,0.0,nan,0.0,nan,0.0,nan,0.0,nan
1,37,right,1,0.2381,0,0.0,nan,0.0,nan,0.0,nan,0.0,nan
1,38,left,1,0.0003,0,0.0,nan,0.0,nan,0.0,nan,0.0,nan
1,39,left,0,-0.0799,0,0.0,nan,0.0,nan,0.0,nan,0.0,nan
1,40,right,1,0.2343,0,0.0,nan,0.0,nan,0.0,nan,0.0,nan
1,41,right,1,0.2345,0,0.0,nan,0.0,nan,0.0,nan,0.0,nan
1,42,right,1,0.2277,0,0.0,nan,0.0,nan,0.0,nan,0.0,nan
1,43,left,1,0.0073,0,0.0,nan,0.0,nan,0.0,nan,0.0,nan
1,44,right,0,0.1281,0,0.0,nan,0.0,nan,0.0,nan,0.0,nan
1,45,left,1,-0.2027,0,0.0,nan,0.0,nan,0.0,nan,0.0,nan
1,46,left,1,0.0051,0,0.0,nan,0.0,nan,0.0,nan,0.0,nan
1,47,left,0,-0.0787,0,0.0,nan,0.0,nan,0.0,nan,0.0,nan
1,48,left,1,-0.1883,0,0.0,nan,0.0,nan,0.0,nan,0.0,nan
1,49,right,1,0.2405,0,0.0,nan,0.0,nan,0.0,nan,0.0,nan
1,50,left,1,-0.2023,0,0.0,nan,0.0,nan,0.0,nan,0.0,nan
1,51,right,1,0.0255,0,0.0,nan,0.0,nan,0.0,nan,0.0,nan
1,52,right,0,0.1055,0,0.0,nan,0.0,nan,0.0,nan,0.0,nan
1,53,left,0,-0.1035,0,0.0,nan,0.0,nan,0.0,nan,0.0,nan
1,54,right,0,0.1047,0,0.0,nan,0.0,nan,0.0,nan,0.0,nan
1,55,right,1,0.2383,0,0.0,nan,0.0,nan,0.0,nan,0.0,nan
1,56,right,1,0.0283,0,0.0,nan,0.0,nan,0.0,nan,0.0,nan
1,57,left,0,-0.1015,0,0.0,nan,0.0,nan,0.0,nan,0.0,nan
1,58,right,0,0.1145,0,0.0,nan,0.0,nan,0.0,nan,0.0,nan
1,59,left,1,-0.2041,0,0.0,nan,0.0,nan,0.0,nan,0.0,nan
1,60,right,1,0.0215,0,0.0,nan,0.0,nan,0.0,nan,0.0,nan
1,61,left,1,-0.0131,0,0.0,nan,0.0,nan,0.0,nan,0.0,nan
1,62,right,1,0.0339,0,0.0,nan,0.0,nan,0.0,nan,0.0,nan
1,63,left,1,-0.0071,0,0.0,nan,0.0,nan,0.0,nan,0.0,nan
1,64,right,0,0.1215,0,0.0,nan,0.0,nan,0.0,nan,0.0,nan
1,65,left,1,0.0097,0,0.0,nan,0.0,nan,0.0,nan,0.0,nan
1,66,left,0,-0.0823,0,0.0,nan,0.0,nan,0.0,nan,0.0,nan
1,67,right,0,0.1275,0,0.0,nan,0.0,nan,0.0,nan,0.0,nan
1,68,left,0,-0.0877,0,0.0,nan,0.0,nan,0.0,nan,0.0,nan
1,69,right,0,0.1197,0,0.0,nan,0.0,nan,0.0,nan,0.0,nan
1,70,right,0,0.1013,0,0.0,nan,0.0,nan,0.0,nan,0.0,nan
1,71,right,0,0.1095,0,0.0,nan,0.0,nan,0.0,nan,0.0,nan
1,72,left,0,-0.0913,0,0.0,nan,0.0,nan,0.0,nan,0.0,nan
1,73,left,0,-0.0803,0,0.0,nan,0.0,nan,0.0,nan,0.0,nan
1,74,right,1,0.2297,0,0.0,nan,0.0,nan,0.0,nan,0.0,nan
1,75,left,0,-0.0771,0,0.0,nan,0.0,nan,0.0,nan,0.0,nan
1,76,right,1,0.0163,0,0.0,nan,0.0,nan,0.0,nan,0.0,nan
1,77,left,1,-0.0119,0,0.0,nan,0.0,nan,0.0,nan,0.0,nan
1,78,right,0,0.1359,0,0.0,nan,0.0,nan,0.0,nan,0.0,nan
1,79,right,0,0.1285,0,0.0,nan,0.0,nan,0.0,nan,0.0,nan
1,80,right,0,0.0981,0,0.0,nan,0.0,nan,0.0,nan,0.0,nan
1,81,left,0,-0.0827,0,0.0,nan,0.0,nan,0.0,nan,0.0,nan
1,82,left,1,-0.1965,0,0.0,nan,0.0,nan,0.0,nan,0.0,nan
1,83,left,0,-0.0677,0,0.0,nan,0.0,nan,0.0,nan,0.0,nan
1,84,right,0,0.0951,0,0.0,nan,0.0,nan,0.0,nan,0.0,nan
1,85,left,1,0.0021,0,0.0,nan,0.0,nan,0.0,nan,0.0,nan
1,86,left,0,-0.0753,0,0.0,nan,0.0,nan,0.0,nan,0.0,nan
1,87,left,1,0.0127,0,0.0,nan,0.0,nan,0.0,nan,0.0,nan
1,88,right,0,0.1251,0,0.0,nan,0.0,nan,0.0,nan,0.0,nan
1,89,right,0,0.1169,0,0.0,nan,0.0,nan,0.0,nan,0.0,nan
1,90,left,0,-0.0827,0,0.0,nan,0.0,nan,0.0,nan,0.0,nan
1,91,left,1,-0.1961,0,0.0,nan,0.0,nan,0.0,nan,0.0,nan
1,92,left,1,0.0161,0,0.0,nan,0.0,nan,0.0,nan,0.0,nan
1,93,right,1,0.2405,0,0.0,nan,0.0,nan,0.0,nan,0.0,nan
1,94,right,1,0.2309,0,0.0,nan,0.0,nan,0.0,nan,0.0,nan
1,95,right,1,0.0223,0,0.0,nan,0.0,nan,0.0,nan,0.0,nan
1,96,left,1,-0.1925,0,0.0,nan,0.0,nan,0.0,nan,0.0,nan
1,97,right,1,0.0171,0,0.0,nan,0.0,nan,0.0,nan,0.0,nan
1,98,left,0,-0.0987,0,0.0,nan,0.0,nan,0.0,nan,0.0,nan
1,99,right,0,0.1167,0,0.0,nan,0.0,nan,0.0,nan,0.0,nan
2,0,right,1,0.1683,0,0.0,nan,0.0,nan,0.0,nan,0.0,nan
2,1,left,1,-0.2257,0,0.0,nan,0.0,nan,0.0,nan,0.0,nan
2,2,right,1,0.2299,0,0.0,nan,0.0,nan,0.0,nan,0.0,nan
2,3,right,1,-0.0009,0,0.0,nan,0.0,nan,0.0,nan,0.0,nan
2,4,right,1,0.2069,0,0.0,nan,0.0,nan,0.0,nan,0.0,nan
2,5,left,0,-0.1003,0,0.0,nan,0.0,nan,0.0,nan,0.0,nan
2,6,left,1,-0.2283,0,0.0,nan,0.0,nan,0.0,nan,0.0,nan
2,7,right,1,0.2289,0,0.0,nan,0.0,nan,0.0,nan,0.0,nan
2,8,left,1,-0.2245,0,0.0,nan,0.0,nan,0.0,nan,0.0,nan
2,9,left,1,-0.2181,0,0.0,nan,0.0,nan,0.0,nan,0.0,nan
2,10,left,0,-0.0927,0,0.0,nan,0.0,nan,0.0,nan,0.0,nan
2,11,right,0,0.1041,0,0.0,nan,0.0,nan,0.0,nan,0.0,nan
2,12,left,1,-0.2273,0,0.0,nan,0.0,nan,0.0,nan,0.0,nan
2,13,left,1,-0.2119,0,0.0,nan,0.0,nan,0.0,nan,0.0,nan
2,14,left,1,-0.2251,0,0.0,nan,0.0,nan,0.0,nan,0.0,nan
2,15,right,0,0.0981,0,0.0,nan,0.0,nan,0.0,nan,0.0,nan
2,16,left,0,-0.0875,0,0.0,nan,0.0,nan,0.0,nan,0.0,nan
2,17,left,0,-0.1009,0,0.0,nan,0.0,nan,0.0,nan,0.0,nan
2,18,right,1,0.2249,0,0.0,nan,0.0,nan,0.0,nan,0.0,nan
2,19,right,0,0.0997,0,0.0,nan,0.0,nan,0.0,nan,0.0,nan
2,20,left,0,-0.0995,0,0.0,nan,0.0,nan,0.0,nan,0.0,nan
2,21,left,1,-0.2169,0,0.0,nan,0.0,nan,0.0,nan,0.0,nan
2,22,left,0,-0.0941,0,0.0,nan,0.0,nan,0.0,nan,0.0,nan
2,23,left,1,0.0003,0,0.0,nan,0.0,nan,0.0,nan,0.0,nan
2,24,left,0,-0.0849,0,0.0,nan,0.0,nan,0.0,nan,0.0,nan
2,25,left,1,-0.0177,0,0.0,nan,0.0,nan,0.0,nan,0.0,nan
2,26,left,1,-0.0079,0,0.0,nan,0.0,nan,0.0,nan,0.0,nan
2,27,right,0,0.1077,0,0.0,nan,0.0,nan,0.0,nan,0.0,nan
2,28,left,1,0.0003,0,0.0,nan,0.0,nan,0.0,nan,0.0,nan
2,29,right,1,0.0091,0,0.0,nan,0.0,nan,0.0,nan,0.0,nan
2,30,right,1,0.2145,0,0.0,nan,0.0,nan,0.0,nan,0.0,nan
2,31,right,0,0.0823,0,0.0,nan,0.0,nan,0.0,nan,0.0,nan
2,32,right,0,0.0969,0,0.0,nan,0.0,nan,0.0,nan,0.0,nan
2,33,right,0,0.1013,0,0.0,nan,0.0,nan,0.0,nan,0.0,nan
2,34,right,0,0.0827,0,0.0,nan,0.0,nan,0.0,nan,0.0,nan
2,35,left,0,-0.0947,0,0.0,nan,0.0,nan,0.0,nan,0.0,nan
2,36,right,1,0.0005,0,0.0,nan,0.0,nan,0.0,nan,0.0,nan
2,37,left,1,-0.0139,0,0.0,nan,0.0,nan,0.0,nan,0.0,nan
2,38,left,0,-0.0933,0,0.0,nan,0.0,nan,0.0,nan,0.0,nan
2,39,right,1,0.2249,0,0.0,nan,0.0,nan,0.0,nan,0.0,nan
2,40,left,1,-0.0135,0,0.0,nan,0.0,nan,0.0,nan,0.0,nan
2,41,right,1,0.2061,0,0.0,nan,0.0,nan,0.0,nan,0.0,nan
2,42,left,1,-0.2181,0,0.0,nan,0.0,nan,0.0,nan,0.0,nan
2,43,right,0,0.0967,0,0.0,nan,0.0,nan,0.0,nan,0.0,nan
2,44,right,0,0.0833,0,0.0,nan,0.0,nan,0.0,nan,0.0,nan
2,45,left,1,-0.2147,0,0.0,nan,0.0,nan,0.0,nan,0.0,nan
2,46,left,0,-0.0863,0,0.0,nan,0.0,nan,0.0,nan,0.0,nan
2,47,left,1,-0.0011,0,0.0,nan,0.0,nan,0.0,nan,0.0,nan
2,48,left,1,-0.1995,0,0.0,nan,0.0,nan,0.0,nan,0.0,nan
2,49,left,0,-0.0931,0,0.0,nan,0.0,nan,0.0,nan,0.0,nan
2,50,left,0,-0.0869,0,0.0,nan,0.0,nan,0.0,nan,0.0,nan
2,51,left,1,-0.2175,0,0.0,nan,0.0,nan,0.0,nan,0.0,nan
2,52,right,0,0.0961,0,0.0,nan,0.0,nan,0.0,nan,0.0,nan
2,53,right,0,0.0823,0,0.0,nan,0.0,nan,0.0,nan,0.0,nan
2,54,right,1,0.2259,0,0.0,nan,0.0,nan,0.0,nan,0.0,nan
2,55,left,0,-0.1021,0,0.0,nan,0.0,nan,0.0,nan,0.0,nan
2,56,right,0,0.0885,0,0.0,nan,0.0,nan,0.0,nan,0.0,nan
2,57,right,1,0.2155,0,0.0,nan,0.0,nan,0.0,nan,0.0,nan
2,58,left,1,-0.2229,0,0.0,nan,0.0,nan,0.0,nan,0.0,nan
2,59,right,1,-0.0035,0,0.0,nan,0.0,nan,0.0,nan,0.0,nan
2,60,right,1,-0.0031,0,0.0,nan,0.0,nan,0.0,nan,0.0,nan
2,61,right,1,-0.0077,0,0.0,nan,0.0,nan,0.0,nan,0.0,nan
2,62,left,1,-0.2149,0,0.0,nan,0.0,nan,0.0,nan,0.0,nan
2,63,right,0,0.1107,0,0.0,nan,0.0,nan,0.0,nan,0.0,nan
2,64,left,1,0.0009,0,0.0,nan,0.0,nan,0.0,nan,0.0,nan
2,65,left,0,-0.0863,0,0.0,nan,0.0,nan,0.0,nan,0.0,nan
2,66,right,0,0.1103,0,0.0,nan,0.0,nan,0.0,nan,0.0,nan
2,67,right,1,-0.0001,0,0.0,nan,0.0,nan,0.0,nan,0.0,nan
2,68,left,1,-0.2087,0,0.0,nan,0.0,nan,0.0,nan,0.0,nan
2,69,right,0,0.1005,0,0.0,nan,0.0,nan,0.0,nan,0.0,nan
2,70,right,0,0.0849,0,0.0,nan,0.0,nan,0.0,nan,0.0,nan
2,71,right,1,-0.0195,0,0.0,nan,0.0,nan,0.0,nan,0.0,nan
2,72,left,1,-0.0185,0,0.0,nan,0.0,nan,0.0,nan,0.0,nan
2,73,right,0,0.1083,0,0.0,nan,0.0,nan,0.0,nan,0.0,nan
2,74,right,1,0.2195,0,0.0,nan,0.0,nan,0.0,nan,0.0,nan
2,75,left,0,-0.0927,0,0.0,nan,0.0,nan,0.0,nan,0.0,nan
2,76,right,1,0.0005,0,0.0,nan,0.0,nan,0.0,nan,0.0,nan
2,77,left,1,-0.0107,0,0.0,nan,0.0,nan,0.0,nan,0.0,nan
2,78,right,0,0.1033,0,0.0,nan,0.0,nan,0.0,nan,0.0,nan
2,79,left,0,-0.1017,0,0.0,nan,0.0,nan,0.0,nan,0.0,nan
2,80,right,0,0.0913,0,0.0,nan,0.0,nan,0.0,nan,0.0,nan
2,81,left,1,-0.0185,0,0.0,nan,0.0,nan,0.0,nan,0.0,nan
2,82,left,1,-0.0065,0,0.0,nan,0.0,nan,0.0,nan,0.0,nan
2,83,right,0,0.1095,0,0.0,nan,0.0,nan,0.0,nan,0.0,nan
2,84,right,1,0.0057,0,0.0,nan,0.0,nan,0.0,nan,0.0,nan
2,85,right,1,-0.0143,0,0.0,nan,0.0,nan,0.0,nan,0.0,nan
2,86,right,0,0.0799,0,0.0,nan,0.0,nan,0.0,nan,0.0,nan
2,87,right,0,0.1033,0,0.0,nan,0.0,nan,0.0,nan,0.0,nan
2,88,left,1,-0.0143,0,0.0,nan,0.0,nan,0.0,nan,0.0,nan
2,89,right,0,0.1031,0,0.0,nan,0.0,nan,0.0,nan,0.0,nan
2,90,right,1,0.2177,0,0.0,nan,0.0,nan,0.0,nan,0.0,nan
2,91,left,0,-0.1021,0,0.0,nan,0.0,nan,0.0,nan,0.0,nan
2,92,right,0,0.0871,0,0.0,nan,0.0,nan,0.0,nan,0.0,nan
2,93,left,1,-0.0095,0,0.0,nan,0.0,nan,0.0,nan,0.0,nan
2,94,left,0,-0.0895,0,0.0,nan,0.0,nan,0.0,nan,0.0,nan
2,95,right,0,0.1017,0,0.0,nan,0.0,nan,0.0,nan,0.0,nan
2,96,left,0,-0.0921,0,0.0,nan,0.0,nan,0.0,nan,0.0,nan
2,97,left,1,-0.2203,0,0.0,nan,0.0,nan,0.0,nan,0.0,nan
2,98,right,0,0.1009,0,0.0,nan,0.0,nan,0.0,nan,0.0,nan
2,99,right,1,0.2201,0,0.0,nan,0.0,nan,0.0,nan,0.0,nan
3,0,left,0,-0.0566,0,0.0,nan,0.0,nan,0.0,nan,0.0,nan
3,1,left,0,-0.1194,0,0.0,nan,0.0,nan,0.0,nan,0.0,nan
3,2,left,1,-0.241,0,0.0,nan,0.0,nan,0.0,nan,0.0,nan
3,3,left,0,-0.0974,0,0.0,nan,0.0,nan,0.0,nan,0.0,nan
3,4,left,0,-0.1114,0,0.0,nan,0.0,nan,0.0,nan,0.0,nan
3,5,right,1,-0.0144,0,0.0,nan,0.0,nan,0.0,nan,0.0,nan
3,6,left,0,-0.1308,0,0.0,nan,0.0,nan,0.0,nan,0.0,nan
3,7,left,0,-0.114,0,0.0,nan,0.0,nan,0.0,nan,0.0,nan
3,8,right,1,0.2084,0,0.0,nan,0.0,nan,0.0,nan,0.0,nan
3,9,left,1,-0.2384,0,0.0,nan,0.0,nan,0.0,nan,0.0,nan
3,10,right,1,0.2016,0,0.0,nan,0.0,nan,0.0,nan,0.0,nan
3,11,left,0,-0.1236,0,0.0,nan,0.0,nan,0.0,nan,0.0,nan
3,12,left,1,-0.027,0,0.0,nan,0.0,nan,0.0,nan,0.0,nan
3,13,right,1,0.1998,0,0.0,nan,0.0,nan,0.0,nan,0.0,nan
3,14,right,1,-0.0358,1,0.0,nan,0.0,nan,0.0,nan,0.0,nan
3,15,left,1,-0.0148,0,0.0,nan,0.0,nan,0.0,nan,0.0,nan
3,16,left,0,-0.0916,0,0.0,nan,0.0,nan,0.0,nan,0.0,nan
3,17,left,1,-0.0046,0,0.0,nan,0.0,nan,0.0,nan,0.0,nan
3,18,left,0,-0.0912,0,0.0,nan,0.0,nan,0.0,nan,0.0,nan
3,19,left,1,0.008,0,0.0,nan,0.0,nan,0.0,nan,0.0,nan
3,20,left,1,0.0058,0,0.0,nan,0.0,nan,0.0,nan,0.0,nan
3,21,right,0,0.0874,0,0.0,nan,0.0,nan,0.0,nan,0.0,nan
3,22,left,1,-0.225,0,0.0,nan,0.0,nan,0.0,nan,0.0,nan
3,23,right,1,-0.0078,0,0.0,nan,0.0,nan,0.0,nan,0.0,nan
3,24,left,1,-0.225,0,0.0,nan,0.0,nan,0.0,nan,0.0,nan
3,25,left,1,0.0122,0,0.0,nan,0.0,nan,0.0,nan,0.0,nan
3,26,right,0,0.0884,0,0.0,nan,0.0,nan,0.0,nan,0.0,nan
3,27,right,0,0.078,0,0.0,nan,0.0,nan,0.0,nan,0.0,nan
3,28,right,0,0.0686,0,0.0,nan,0.0,nan,0.0,nan,0.0,nan
3,29,right,1,-0.0254,1,0.0,nan,0.0,nan,0.0,nan,0.0,nan
3,30,right,1,-0.03,1,0.0,nan,0.0,nan,0.0,nan,0.0,nan
3,31,left,0,-0.0964,0,0.0,nan,0.0,nan,0.0,nan,0.0,nan
3,32,left,0,-0.0946,0,0.0,nan,0.0,nan,0.0,nan,0.0,nan
3,33,right,0,0.0756,0,0.0,nan,0.0,nan,0.0,nan,0.0,nan
3,34,left,0,-0.1016,0,0.0,nan,0.0,nan,0.0,nan,0.0,nan
3,35,left,1,0.0152,0,0.0,nan,0.0,nan,0.0,nan,0.0,nan
3,36,right,0,0.0664,0,0.0,nan,0.0,nan,0.0,nan,0.0,nan
3,37,right,1,0.184,0,0.0,nan,0.0,nan,0.0,nan,0.0,nan
3,38,left,1,-0.2032,0,0.0,nan,0.0,nan,0.0,nan,0.0,nan
3,39,right,1,-0.0356,1,0.0,nan,0.0,nan,0.0,nan,0.0,nan
3,40,right,0,0.0488,0,0.0,nan,0.0,nan,0.0,nan,0.0,nan
3,41,left,0,-0.0922,0,0.0,nan,0.0,nan,0.0,nan,0.0,nan
3,42,left,0,-0.0824,0,0.0,nan,0.0,nan,0.0,nan,0.0,nan
3,43,right,0,0.073,0,0.0,nan,0.0,nan,0.0,nan,0.0,nan
3,44,left,0,-0.1014,0,0.0,nan,0.0,nan,0.0,nan,0.0,nan
3,45,left,1,-0.1954,0,0.0,nan,0.0,nan,0.0,nan,0.0,nan
3,46,left,1,0.021,1,0.0,nan,0.0,nan,0.0,nan,0.0,nan
3,47,left,1,0.0182,0,0.0,nan,0.0,nan,0.0,nan,0.0,nan
3,48,right,1,0.175,0,0.0,nan,0.0,nan,0.0,nan,0.0,nan
3,49,left,1,0.0226,1,0.0,nan,0.0,nan,0.0,nan,0.0,nan
3,50,left,0,-0.0786,0,0.0,nan,0.0,nan,0.0,nan,0.0,nan
3,51,left,0,-0.0646,0,0.0,nan,0.0,nan,0.0,nan,0.0,nan
3,52,left,0,-0.0816,0,0.0,nan,0.0,nan,0.0,nan,0.0,nan
3,53,right,0,0.0544,0,0.0,nan,0.0,nan,0.0,nan,0.0,nan
3,54,left,1,-0.2002,0,0.0,nan,0.0,nan,0.0,nan,0.0,nan
3,55,left,1,-0.1842,0,0.0,nan,0.0,nan,0.0,nan,0.0,nan
3,56,right,0,0.0558,0,0.0,nan,0.0,nan,0.0,nan,0.0,nan
3,57,left,1,-0.1838,0,0.0,nan,0.0,nan,0.0,nan,0.0,nan
3,58,right,1,0.1608,0,0.0,nan,0.0,nan,0.0,nan,0.0,nan
3,59,left,1,-0.1814,0,0.0,nan,0.0,nan,0.0,nan,0.0,nan
3,60,left,1,-0.1988,0,0.0,nan,0.0,nan,0.0,nan,0.0,nan
3,61,right,0,0.0606,0,0.0,nan,0.0,nan,0.0,nan,0.0,nan
3,62,right,1,0.1626,0,0.0,nan,0.0,nan,0.0,nan,0.0,nan
3,63,right,1,0.1588,0,0.0,nan,0.0,nan,0.0,nan,0.0,nan
3,64,left,0,-0.0854,0,0.0,nan,0.0,nan,0.0,nan,0.0,nan
3,65,left,1,0.022,1,0.0,nan,0.0,nan,0.0,nan,0.0,nan
3,66,left,0,-0.0674,0,0.0,nan,0.0,nan,0.0,nan,0.0,nan
3,67,right,1,0.1578,0,0.0,nan,0.0,nan,0.0,nan,0.0,nan
3,68,right,1,0.1646,0,0.0,nan,0.0,nan,0.0,nan,0.0,nan
3,69,left,1,0.0244,1,0.0,nan,0.0,nan,0.0,nan,0.0,nan
3,70,right,1,0.1512,0,0.0,nan,0.0,nan,0.0,nan,0.0,nan
3,71,left,0,-0.0786,0,0.0,nan,0.0,nan,0.0,nan,0.0,nan
3,72,left,1,0.0256,1,0.0,nan,0.0,nan,0.0,nan,0.0,nan
3,73,left,0,-0.0688,0,0.0,nan,0.0,nan,0.0,nan,0.0,nan
3,74,right,0,0.0386,0,0.0,nan,0.0,nan,0.0,nan,0.0,nan
3,75,left,1,0.0164,0,0.0,nan,0.0,nan,0.0,nan,0.0,nan
3,76,right,1,0.1632,0,0.0,nan,0.0,nan,0.0,nan,0.0,nan
3,77,left,1,-0.2078,0,0.0,nan,0.0,nan,0.0,nan,0.0,nan
3,78,right,0,0.0474,0,0.0,nan,0.0,nan,0.0,nan,0.0,nan
3,79,left,1,0.0114,0,0.0,nan,0.0,nan,0.0,nan,0.0,nan
3,80,right,1,0.157,0,0.0,nan,0.0,nan,0.0,nan,0.0,nan
3,81,right,1,-0.0582,1,0.0,nan,0.0,nan,0.0,nan,0.0,nan
3,82,left,1,0.0198,0,0.0,nan,0.0,nan,0.0,nan,0.0,nan
3,83,left,1,-0.2146,0,0.0,nan,0.0,nan,0.0,nan,0.0,nan
3,84,left,1,-0.187,0,0.0,nan,0.0,nan,0.0,nan,0.0,nan
3,85,left,0,-0.0882,0,0.0,nan,0.0,nan,0.0,nan,0.0,nan
3,86,right,0,0.0572,0,0.0,nan,0.0,nan,0.0,nan,0.0,nan
3,87,left,0,-0.0948,0,0.0,nan,0.0,nan,0.0,nan,0.0,nan
3,88,right,0,0.0518,0,0.0,nan,0.0,nan,0.0,nan,0.0,nan
3,89,right,1,-0.0646,1,0.0,nan,0.0,nan,0.0,nan,0.0,nan
3,90,right,1,0.1688,0,0.0,nan,0.0,nan,0.0,nan,0.0,nan
3,91,left,0,-0.0992,0,0.0,nan,0.0,nan,0.0,nan,0.0,nan
3,92,right,0,0.058,0,0.0,nan,0.0,nan,0.0,nan,0.0,nan
3,93,right,1,-0.046,1,0.0,nan,0.0,nan,0.0,nan,0.0,nan
3,94,left,1,0.0142,0,0.0,nan,0.0,nan,0.0,nan,0.0,nan
3,95,right,1,-0.0572,1,0.0,nan,0.0,nan,0.0,nan,0.0,nan
3,96,right,1,-0.054,1,0.0,nan,0.0,nan,0.0,nan,0.0,nan
3,97,left,1,0.0116,0,0.0,nan,0.0,nan,0.0,nan,0.0,nan
3,98,left,0,-0.0868,0,0.0,nan,0.0,nan,0.0,nan,0.0,nan
3,99,right,1,-0.0576,1,0.0,nan,0.0,nan,0.0,nan,0.0,nan
4,0,right,1,0.2149,0,0.0,nan,0.0,nan,0.0,nan,0.0,nan
4,1,left,0,-0.0237,0,0.0,nan,0.0,nan,0.0,nan,0.0,nan
4,2,right,0,0.1123,0,0.0,nan,0.0,nan,0.0,nan,0.0,nan
4,3,right,1,-0.0049,0,0.0,nan,0.0,nan,0.0,nan,0.0,nan
4,4,left,0,-0.0425,0,0.0,nan,0.0,nan,0.0,nan,0.0,nan
4,5,right,0,0.1105,0,0.0,nan,0.0,nan,0.0,nan,0.0,nan
4,6,left,1,-0.1597,0,0.0,nan,0.0,nan,0.0,nan,0.0,nan
4,7,left,0,-0.0411,0,0.0,nan,0.0,nan,0.0,nan,0.0,nan
4,8,right,1,-0.0131,0,0.0,nan,0.0,nan,0.0,nan,0.0,nan
4,9,right,0,0.0737,0,0.0,nan,0.0,nan,0.0,nan,0.0,nan
4,10,left,1,0.0523,1,0.0,nan,0.0,nan,0.0,nan,0.0,nan
4,11,left,0,-0.0315,0,0.0,nan,0.0,nan,0.0,nan,0.0,nan
4,12,right,1,0.2043,0,0.0,nan,0.0,nan,0.0,nan,0.0,nan
4,13,left,1,-0.1427,0,0.0,nan,0.0,nan,0.0,nan,0.0,nan
4,14,right,1,0.2021,0,0.0,nan,0.0,nan,0.0,nan,0.0,nan
4,15,right,1,0.2023,0,0.0,nan,0.0,nan,0.0,nan,0.0,nan
4,16,left,1,-0.1549,0,0.0,nan,0.0,nan,0.0,nan,0.0,nan
4,17,left,0,-0.0317,0,0.0,nan,0.0,nan,0.0,nan,0.0,nan
4,18,right,1,-0.0163,0,0.0,nan,0.0,nan,0.0,nan,0.0,nan
4,19,right,1,-0.0241,1,0.0,nan,0.0,nan,0.0,nan,0.0,nan
4,20,right,0,0.0877,0,0.0,nan,0.0,nan,0.0,nan,0.0,nan
4,21,left,0,-0.0467,0,0.0,nan,0.0,nan,0.0,nan,0.0,nan
4,22,left,1,-0.1503,0,0.0,nan,0.0,nan,0.0,nan,0.0,nan
4,23,left,0,-0.0323,0,0.0,nan,0.0,nan,0.0,nan,0.0,nan
4,24,right,1,-0.0105,0,0.0,nan,0.0,nan,0.0,nan,0.0,nan
4,25,left,1,-0.1451,0,0.0,nan,0.0,nan,0.0,nan,0.0,nan
4,26,right,0,0.0799,0,0.0,nan,0.0,nan,0.0,nan,0.0,nan
4,27,left,1,0.0581,1,0.0,nan,0.0,nan,0.0,nan,0.0,nan
4,28,left,0,-0.0357,0,0.0,nan,0.0,nan,0.0,nan,0.0,nan
4,29,left,0,-0.0303,0,0.0,nan,0.0,nan,0.0,nan,0.0,nan
4,30,right,1,0.1929,0,0.0,nan,0.0,nan,0.0,nan,0.0,nan
4,31,left,0,-0.0405,0,0.0,nan,0.0,nan,0.0,nan,0.0,nan
4,32,left,1,-0.1437,0,0.0,nan,0.0,nan,0.0,nan,0.0,nan
4,33,right,1,0.1943,0,0.0,nan,0.0,nan,0.0,nan,0.0,nan
4,34,right,1,-0.0077,0,0.0,nan,0.0,nan,0.0,nan,0.0,nan
4,35,left,1,-0.1535,0,0.0,nan,0.0,nan,0.0,nan,0.0,nan
4,36,right,0,0.0769,0,0.0,nan,0.0,nan,0.0,nan,0.0,nan
4,37,left,1,-0.1499,0,0.0,nan,0.0,nan,0.0,nan,0.0,nan
4,38,left,1,-0.1529,0,0.0,nan,0.0,nan,0.0,nan,0.0,nan
4,39,right,1,-0.0101,0,0.0,nan,0.0,nan,0.0,nan,0.0,nan
4,40,left,1,-0.1491,0,0.0,nan,0.0,nan,0.0,nan,0.0,nan
4,41,left,1,0.0623,1,0.0,nan,0.0,nan,0.0,nan,0.0,nan
4,42,right,1,0.2001,0,0.0,nan,0.0,nan,0.0,nan,0.0,nan
4,43,left,0,-0.0409,0,0.0,nan,0.0,nan,0.0,nan,0.0,nan
4,44,right,1,-0.0055,0,0.0,nan,0.0,nan,0.0,nan,0.0,nan
4,45,left,0,-0.0309,0,0.0,nan,0.0,nan,0.0,nan,0.0,nan
4,46,left,0,-0.0283,0,0.0,nan,0.0,nan,0.0,nan,0.0,nan
4,47,right,1,-0.0121,0,0.0,nan,0.0,nan,0.0,nan,0.0,nan
4,48,right,0,0.0819,0,0.0,nan,0.0,nan,0.0,nan,0.0,nan
4,49,left,1,0.0577,1,0.0,nan,0.0,nan,0.0,nan,0.0,nan
4,50,left,0,-0.0477,0,0.0,nan,0.0,nan,0.0,nan,0.0,nan
4,51,left,1,0.0653,1,0.0,nan,0.0,nan,0.0,nan,0.0,nan
4,52,right,1,-0.0017,0,0.0,nan,0.0,nan,0.0,nan,0.0,nan
4,53,left,0,-0.0503,0,0.0,nan,0.0,nan,0.0,nan,0.0,nan
4,54,right,1,-0.0175,0,0.0,nan,0.0,nan,0.0,nan,0.0,nan
4,55,right,1,-0.0063,0,0.0,nan,0.0,nan,0.0,nan,0.0,nan
4,56,right,1,-0.0273,1,0.0,nan,0.0,nan,0.0,nan,0.0,nan
4,57,left,0,-0.0459,0,0.0,nan,0.0,nan,0.0,nan,0.0,nan
4,58,right,0,0.0867,0,0.0,nan,0.0,nan,0.0,nan,0.0,nan
4,59,right,1,-0.0189,0,0.0,nan,0.0,nan,0.0,nan,0.0,nan
4,60,left,1,0.0339,1,0.0,nan,0.0,nan,0.0,nan,0.0,nan
4,61,right,1,0.1969,0,0.0,nan,0.0,nan,0.0,nan,0.0,nan
4,62,left,1,-0.1685,0,0.0,nan,0.0,nan,0.0,nan,0.0,nan
4,63,right,1,0.0001,0,0.0,nan,0.0,nan,0.0,nan,0.0,nan
4,64,left,1,-0.1665,0,0.0,nan,0.0,nan,0.0,nan,0.0,nan
4,65,right,1,0.1875,0,0.0,nan,0.0,nan,0.0,nan,0.0,nan
4,66,right,1,0.2031,0,0.0,nan,0.0,nan,0.0,nan,0.0,nan
4,67,right,1,0.1841,0,0.0,nan,0.0,nan,0.0,nan,0.0,nan
4,68,left,0,-0.0387,0,0.0,nan,0.0,nan,0.0,nan,0.0,nan
4,69,right,1,0.1921,0,0.0,nan,0.0,nan,0.0,nan,0.0,nan
4,70,right,0,0.0709,0,0.0,nan,0.0,nan,0.0,nan,0.0,nan
4,71,left,1,-0.1653,0,0.0,nan,0.0,nan,0.0,nan,0.0,nan
4,72,right,1,-0.0157,0,0.0,nan,0.0,nan,0.0,nan,0.0,nan
4,73,right,0,0.0877,0,0.0,nan,0.0,nan,0.0,nan,0.0,nan
4,74,left,1,-0.1663,0,0.0,nan,0.0,nan,0.0,nan,0.0,nan
4,75,right,0,0.0807,0,0.0,nan,0.0,nan,0.0,nan,0.0,nan
4,76,left,1,0.0573,1,0.0,nan,0.0,nan,0.0,nan,0.0,nan
4,77,left,0,-0.0453,0,0.0,nan,0.0,nan,0.0,nan,0.0,nan
4,78,left,1,-0.1435,0,0.0,nan,0.0,nan,0.0,nan,0.0,nan
4,79,left,0,-0.0323,0,0.0,nan,0.0,nan,0.0,nan,0.0,nan
4,80,left,1,-0.1637,0,0.0,nan,0.0,nan,0.0,nan,0.0,nan
4,81,left,1,0.0563,1,0.0,nan,0.0,nan,0.0,nan,0.0,nan
4,82,left,1,0.0451,1,0.0,nan,0.0,nan,0.0,nan,0.0,nan
4,83,left,1,-0.1655,0,0.0,nan,0.0,nan,0.0,nan,0.0,nan
4,84,left,1,-0.1721,0,0.0,nan,0.0,nan,0.0,nan,0.0,nan
4,85,left,1,-0.1695,0,0.0,nan,0.0,nan,0.0,nan,0.0,nan
4,86,left,1,0.0497,1,0.0,nan,0.0,nan,0.0,nan,0.0,nan
4,87,right,1,0.2085,0,0.0,nan,0.0,nan,0.0,nan,0.0,nan
4,88,left,1,-0.1583,0,0.0,nan,0.0,nan,0.0,nan,0.0,nan
4,89,left,1,-0.1677,0,0.0,nan,0.0,nan,0.0,nan,0.0,nan
4,90,right,0,0.0835,0,0.0,nan,0.0,nan,0.0,nan,0.0,nan
4,91,left,0,-0.0697,0,0.0,nan,0.0,nan,0.0,nan,0.0,nan
4,92,left,0,-0.0525,0,0.0,nan,0.0,nan,0.0,nan,0.0,nan
4,93,left,1,-0.1681,0,0.0,nan,0.0,nan,0.0,nan,0.0,nan
4,94,right,0,0.0917,0,0.0,nan,0.0,nan,0.0,nan,0.0,nan
4,95,left,1,0.0301,1,0.0,nan,0.0,nan,0.0,nan,0.0,nan
4,96,right,0,0.0975,0,0.0,nan,0.0,nan,0.0,nan,0.0,nan
4,97,right,0,0.0719,0,0.0,nan,0.0,nan,0.0,nan,0.0,nan
4,98,right,1,-0.0087,0,0.0,nan,0.0,nan,0.0,nan,0.0,nan
4,99,right,0,0.0843,0,0.0,nan,0.0,nan,0.0,nan,0.0,nan
