대체 성공 + 연결 효과(q_I 0.9, q_R 0.08)           기대 대체 성공(H091) / 연결 효과        → 대체 성공(H091) / 연결 효과                ✓
대체 실패 + 효과 없음(q_I 0.1, q_R 0.08)           기대 대체 실패(H091-null) / 효과 없음   → 대체 실패(H091-null) / 효과 없음           ✓
부분 + 연결 효과(q_I 0.65)                       기대 부분 / 연결 효과                 → 부분 / 연결 효과                         ✓
q_I 0.80 정확 → 성공                           기대 대체 성공(H091)                → 대체 성공(H091) / 연결 효과                ✓
q_I 0.7998 → 부분                            기대 부분                         → 부분 / 연결 효과                         ✓
q_I 0.50 정확 → 실패                           기대 대체 실패(H091-null) / 효과 없음   → 대체 실패(H091-null) / 효과 없음           ✓
q_I 0.5002 → 부분                            기대 부분                         → 부분 / 효과 없음                         ✓
q_I − q_R 0.20 정확 → 연결 효과                  기대 대체 실패(H091-null) / 연결 효과   → 대체 실패(H091-null) / 연결 효과           ✓
q_I − q_R 0.1998 → 중간                      기대 대체 실패(H091-null) / 중간      → 대체 실패(H091-null) / 중간              ✓
|q_I − q_R| 0.10 정확 → 중간                   기대 대체 실패(H091-null) / 중간      → 대체 실패(H091-null) / 중간              ✓
|q_I − q_R| 0.0998 → 효과 없음                 기대 대체 실패(H091-null) / 효과 없음   → 대체 실패(H091-null) / 효과 없음           ✓
4/5 성공(한 뇌 q_I 0.3)                        기대 대체 성공(H091)                → 대체 성공(H091) / 연결 효과                ✓
3/5 성공·2 실패 → 부분                           기대 부분                         → 부분 / 중간                            ✓
MC FI 연결 줄 0                               기대 보류(조작검증 실패) / 보류(조작검증 실패)  → 보류(조작검증 실패) / 보류(조작검증 실패)          ✓
MC FR 연결 줄 1                               기대 보류(조작검증 실패)                → 보류(조작검증 실패) / 보류(조작검증 실패)          ✓
MK 보상 창 KC 10.05%                          기대 보류(조작검증 실패)                → 보류(조작검증 실패) / 보류(조작검증 실패)          ✓
MK 보상 창 KC 10% 정확 → 통과                     기대 대체 성공(H091)                → 대체 성공(H091) / 연결 효과                ✓
MK 결정 단계 89.998%                           기대 보류(조작검증 실패)                → 보류(조작검증 실패) / 보류(조작검증 실패)          ✓
MK KC 줄 없음                                 기대 보류(조작검증 실패)                → 보류(조작검증 실패) / 보류(조작검증 실패)          ✓
MD I_input 0 아님                            기대 보류(조작검증 실패)                → 보류(조작검증 실패) / 보류(조작검증 실패)          ✓
MP [사전] 차 0.0021                           기대 보류(조작검증 실패)                → 보류(조작검증 실패) / 보류(조작검증 실패)          ✓
MT 추적 499                                  기대 보류(조작검증 실패)                → 보류(조작검증 실패) / 보류(조작검증 실패)          ✓
전제 e_F −0.0999                             기대 보류(조작검증 실패)                → 보류(조작검증 실패) / 보류(조작검증 실패)          ✓
결측(FR 뇌 20)                                기대 결측                         → [측정 확인] 결측 [('FR', 20)] — **판정 보류, ✓
원 로그 파싱(실제 줄 형식)                           → ✓
전체: 통과
