L2 달성              기대 L2 달성(H066)                    → L2 달성(H066) — 흔적을 행동 창에서만 만들면  ✓
L2 경계 m=−0.02      기대 L2 달성(H066)                    → L2 달성(H066) — 흔적을 행동 창에서만 만들면  ✓
결정 단계 원인           기대 결정 단계 흔적이 정체 원인(H066-dec)      → 결정 단계 흔적이 정체 원인(H066-dec) — 동결 ✓
원인 경계 d=−0.03      기대 결정 단계 흔적이 정체 원인(H066-dec)      → 결정 단계 흔적이 정체 원인(H066-dec) — 동결 ✓
원인 4/5 → 보류        기대 보류                             → 보류 ✓
무관                 기대 결정 단계 흔적 무관(H066-null)         → 결정 단계 흔적 무관(H066-null) — |d| < ✓
반대                 기대 반대(H066-rev)                   → 반대(H066-rev) — 결정 단계 동결이 거스름을  ✓
M1 실패              기대 보류(조작검증 실패)                    → 보류(조작검증 실패) ✓
M1d 실패             기대 보류(조작검증 실패)                    → 보류(조작검증 실패) ✓
M1d 열 없음(nan)      기대 보류(조작검증 실패)                    → 보류(조작검증 실패) ✓
M1b 실패             기대 보류(조작검증 실패)                    → 보류(조작검증 실패) ✓
M2 실패              기대 보류(조작검증 실패)                    → 보류(조작검증 실패) ✓
M3 실패              기대 보류(조작검증 실패)                    → 보류(조작검증 실패) ✓
M4 실패              기대 보류(조작검증 실패)                    → 보류(조작검증 실패) ✓
결측                 기대 결측 → ✓
stats 동결 행         기대 잔차 0·0·블록 15 → res 0.0e+00 resd 0.0e+00 블록 15 ✓
stats 무동결 결정       기대 잔차 > 1e-3 → 1.25e-01 ✓
stats 옛 27열        기대 nan → nan ✓
r30·r20            기대 0.073509·0.175480 → 0.073509·0.175480 ✓
줄 파싱               기대 e143 줄만·잘린 바이트 허용·반사 줄 → ✓
전체: 통과
