[REG] 뇌 15 반사 25 + 보상 창 동결  + 계층 추적, 500시행
[사전] 오프셋 +0.000 | 정답률 0.0% | **변조폭 +0.4397** (양수=반사방향, 음수=역전)
[학습] 5ep 완료, 보상 140회 (탐색 주입 296회, ε=0.60)
=> KCTRACE 시행 500 보상 140 | A +527128.2 B +259785.6 C +532836.3 P -795756.2 | ΔD +1595935.0 | share_B 1.000 B+/A 0.493 C-/A -0.000 | 합일관성 최대 0.00e+00 | g연속 최대 0 | 블록 ΔD +485319 +426400 +275463 +179964 +228788 | 보상시행 e_same/e_cross 0.226
=> KCTRACE3 도파민전 |Σ|/|Σ시행| 0.00e+00 | B/A 0.493 C/P -0.670 | 보상시행 e_da 같은쪽/교차 +0.226 e_end 같은쪽/교차 +0.226 | 보상창 motor 발화율 평균 보상(좌 1.0882 우 1.0786) 처벌(좌 1.0740 우 1.0638)
[반사가중치] good_food_to_motor_l   n=14896 w_mean 25.0000→25.0000 (학습 뇌; 이식 대상 아님)
[반사가중치] good_food_to_motor_r   n=15011 w_mean 25.0000→25.0000 (학습 뇌; 이식 대상 아님)
[사후] 오프셋 +0.000 | 정답률 0.0% | **변조폭 +0.1459**
=> 정답률 +0.0%p | **변조폭 변화 -0.2938** | 판정: 학습이 조향을 역전 방향으로 이동
[DEC] 뇌 15 반사 25 + 보상 창 동결 --dec-apm-scale 0 + 계층 추적, 500시행
[사전] 오프셋 +0.000 | 정답률 0.0% | **변조폭 +0.4397** (양수=반사방향, 음수=역전)
[학습] 5ep 완료, 보상 140회 (탐색 주입 296회, ε=0.60)
=> KCTRACE 시행 500 보상 140 | A +464771.5 B +189197.7 C +624270.9 P -704719.0 | ΔD +1604563.7 | share_B 1.000 B+/A 0.407 C-/A -0.000 | 합일관성 최대 0.00e+00 | g연속 최대 0 | 블록 ΔD +489315 +429170 +275194 +182087 +228798 | 보상시행 e_same/e_cross 0.164
=> KCTRACE3 도파민전 |Σ|/|Σ시행| 0.00e+00 | B/A 0.407 C/P -0.886 | 보상시행 e_da 같은쪽/교차 +0.164 e_end 같은쪽/교차 +0.164 | 보상창 motor 발화율 평균 보상(좌 1.0907 우 1.0810) 처벌(좌 1.0775 우 1.0673)
[반사가중치] good_food_to_motor_l   n=14896 w_mean 25.0000→25.0000 (학습 뇌; 이식 대상 아님)
[반사가중치] good_food_to_motor_r   n=15011 w_mean 25.0000→25.0000 (학습 뇌; 이식 대상 아님)
[사후] 오프셋 +0.000 | 정답률 0.0% | **변조폭 +0.1372**
=> 정답률 +0.0%p | **변조폭 변화 -0.3024** | 판정: 학습이 조향을 역전 방향으로 이동
[요약] 판정 코드 stats()·reflex_ok() 로
  REG 열 35 | 보상 창 잔차 1.38e-08 | 결정 단계 잔차 1.97e+00 | 흔적 살아 있음 1.000 | B/A +0.493 C/P -0.670 | ΔD +1.596e+06 | 블록 ΔD +485319 +426400 +275463 +179964 +228788 | 도파민전 0.0e+00 | 시행 500
  REG 반사 가중치 25→25: True
  DEC 열 35 | 보상 창 잔차 1.37e-08 | 결정 단계 잔차 1.63e-08 | 흔적 살아 있음 1.000 | B/A +0.407 C/P -0.886 | ΔD +1.605e+06 | 블록 ΔD +489315 +429170 +275194 +182087 +228798 | 도파민전 0.0e+00 | 시행 500
  DEC 반사 가중치 25→25: True
  REG vs E142 경로 검사 가중치: 다른 시냅스 345, 최대 |차| 0.8253 (잡음 바닥 참고: E139 재현 검사 2374~4130·1.5002)
[E143 경로 검사] 종료
