[관계] 항목 8개(훈련 4, 새 4), 반쪽 50 중 활성 15, 항목 간 겹침 2~7(평균 4.1), 새↔훈련 겹침 2~6, 패턴 64개(S 8, D 56)
make: Entering directory '/root/e137_main_run/minimal_circuit_CODE'
make: Nothing to be done for 'all'.
make: Leaving directory '/root/e137_main_run/minimal_circuit_CODE'
[KC불러옴] /mnt/c/Users/JungHyun/Desktop/brain/BrainSimulation-rebuild/research/experiments/traces/E137/dev_corr_w95.npz | 일치형 같은 위치 309/400 | 불일치형 같은 위치 371/400
  시행    1~ 100: 정답률  52.0%
  시행  101~ 200: 정답률  58.0%
  시행  201~ 300: 정답률  46.0%
  시행  301~ 400: 정답률  51.0%
  시행  401~ 500: 정답률  55.0%
  시행  501~ 600: 정답률  59.0%
  시행  601~ 700: 정답률  59.0%
  시행  701~ 800: 정답률  55.0%
=> SDGEN mode=frozen seed=95 trialseed=600 train_same=61.1 train_diff=63.0 train_bal=62.1 novel_same=31.4 novel_diff=22.4 novel_bal=26.9 | ties train:0 novel:0 | n_same/diff train 54/46 novel 51/49
=> SDLAB diff=cyclic rule=samediff mode=frozen seed=95 trialseed=600 train_accL=61.1 train_accR=63.0 train_lbal=62.1 novel_accL=31.4 novel_accR=22.4 novel_lbal=26.9

=== 평가 (탐색 없음, 학습 없음, 무작위 순서 100시행) : 정답률 0.0% | 동점 0회 ===
   자극 A: 0/56 (0.0%)
   자극 B: 0/44 (0.0%)

=== 학습 후 자극별 출력 (선택 이전의 원 신호) ===
  자극 A → 정답 L | out_L=  25  out_R=  34  차이    -9 | KC 124개
  자극 B → 정답 R | out_L=  45  out_R=  14  차이   +31 | KC 127개

=== 가중치 구조 (A전용 KC 109개, B전용 KC 112개) ===
  A전용 KC → out_L 평균 0.5000 | out_R 평균 0.5000 | 차이 +0.0000 (정답은 out_L) **반대**
  B전용 KC → out_L 평균 0.5000 | out_R 평균 0.5000 | 차이 +0.0000 (정답은 out_R) **정답쪽 우세**

=== 가중치 변화 ===
  kc_out_l: n=7951 |Δ|평균 0.00000 변화율   0.0% | 평균 0.500→0.500 | std 0.0000→0.0000
  kc_out_r: n=7930 |Δ|평균 0.00000 변화율   0.0% | 평균 0.500→0.500 | std 0.0000→0.0000

=== 요약 (mode=frozen seed=95) ===
  첫 구간 52.0% → 마지막 구간 55.0% | 변화 +3.0%p | 보상률 0.0%
=> MINCIRC mode=frozen seed=95 first=52.0 last=55.0 delta=+3.0 reward=0.0 **eval=0.0** tie=0 trialseed=600
