[관계] 항목 8개(훈련 4, 새 4), 반쪽 50 중 활성 15, 항목 간 겹침 1~7(평균 4.2), 새↔훈련 겹침 1~6, 패턴 64개(S 8, D 56)
make: Entering directory '/root/e137_main_run/minimal_circuit_CODE'
make: Nothing to be done for 'all'.
make: Leaving directory '/root/e137_main_run/minimal_circuit_CODE'
[KC불러옴] /mnt/c/Users/JungHyun/Desktop/brain/BrainSimulation-rebuild/research/experiments/traces/E137/dev_corr_w94.npz | 일치형 같은 위치 326/400 | 불일치형 같은 위치 359/400
  시행    1~ 100: 정답률  36.0%
  시행  101~ 200: 정답률  38.0%
  시행  201~ 300: 정답률  36.0%
  시행  301~ 400: 정답률  39.0%
  시행  401~ 500: 정답률  36.0%
  시행  501~ 600: 정답률  48.0%
  시행  601~ 700: 정답률  44.0%
  시행  701~ 800: 정답률  43.0%
=> SDGEN mode=frozen seed=94 trialseed=600 train_same=42.6 train_diff=20.8 train_bal=31.7 novel_same=34.7 novel_diff=54.9 novel_bal=44.8 | ties train:0 novel:22 | n_same/diff train 47/53 novel 49/51
=> SDLAB diff=cyclic rule=samediff mode=frozen seed=94 trialseed=600 train_accL=42.6 train_accR=20.8 train_lbal=31.7 novel_accL=34.7 novel_accR=54.9 novel_lbal=44.8

=== 평가 (탐색 없음, 학습 없음, 무작위 순서 100시행) : 정답률 100.0% | 동점 0회 ===
   자극 A: 45/45 (100.0%)
   자극 B: 55/55 (100.0%)

=== 학습 후 자극별 출력 (선택 이전의 원 신호) ===
  자극 A → 정답 L | out_L=  27  out_R=  21  차이    +6 | KC 101개
  자극 B → 정답 R | out_L=  15  out_R=  20  차이    -5 | KC 134개

=== 가중치 구조 (A전용 KC 87개, B전용 KC 120개) ===
  A전용 KC → out_L 평균 0.5000 | out_R 평균 0.5000 | 차이 +0.0000 (정답은 out_L) **반대**
  B전용 KC → out_L 평균 0.5000 | out_R 평균 0.5000 | 차이 +0.0000 (정답은 out_R) **정답쪽 우세**

=== 가중치 변화 ===
  kc_out_l: n=8043 |Δ|평균 0.00000 변화율   0.0% | 평균 0.500→0.500 | std 0.0000→0.0000
  kc_out_r: n=8008 |Δ|평균 0.00000 변화율   0.0% | 평균 0.500→0.500 | std 0.0000→0.0000

=== 요약 (mode=frozen seed=94) ===
  첫 구간 36.0% → 마지막 구간 43.0% | 변화 +7.0%p | 보상률 0.0%
=> MINCIRC mode=frozen seed=94 first=36.0 last=43.0 delta=+7.0 reward=0.0 **eval=100.0** tie=0 trialseed=600
