[관계] 항목 8개(훈련 4, 새 4), 반쪽 50 중 활성 15, 항목 간 겹침 2~7(평균 4.2), 새↔훈련 겹침 2~6, 패턴 64개(S 8, D 56)
make: Entering directory '/root/e137_main_run/minimal_circuit_CODE'
make: Leaving directory '/root/e137_main_run/minimal_circuit_CODE'
[KC불러옴] /mnt/c/Users/JungHyun/Desktop/brain/BrainSimulation-rebuild/research/experiments/traces/E137/dev_corr_w105.npz | 일치형 같은 위치 347/400 | 불일치형 같은 위치 346/400
  시행    1~ 100: 정답률  42.0%
=> SDGEN mode=frozen seed=105 trialseed=600 train_same=0.0 train_diff=71.7 train_bal=35.9 novel_same=69.8 novel_diff=85.1 novel_bal=77.5 | ties train:0 novel:0 | n_same/diff train 54/46 novel 53/47
=> SDLAB diff=cyclic rule=samediff mode=frozen seed=105 trialseed=600 train_accL=0.0 train_accR=71.7 train_lbal=35.9 novel_accL=69.8 novel_accR=85.1 novel_lbal=77.5

=== 평가 (탐색 없음, 학습 없음, 무작위 순서 100시행) : 정답률 0.0% | 동점 0회 ===
   자극 A: 0/45 (0.0%)
   자극 B: 0/55 (0.0%)

=== 학습 후 자극별 출력 (선택 이전의 원 신호) ===
  자극 A → 정답 L | out_L=  28  out_R=  35  차이    -7 | KC 118개
  자극 B → 정답 R | out_L=  37  out_R=  12  차이   +25 | KC 126개

=== 가중치 구조 (A전용 KC 100개, B전용 KC 108개) ===
  A전용 KC → out_L 평균 0.5000 | out_R 평균 0.5000 | 차이 +0.0000 (정답은 out_L) **반대**
  B전용 KC → out_L 평균 0.5000 | out_R 평균 0.5000 | 차이 +0.0000 (정답은 out_R) **정답쪽 우세**

=== 가중치 변화 ===
  kc_out_l: n=7978 |Δ|평균 0.00000 변화율   0.0% | 평균 0.500→0.500 | std 0.0000→0.0000
  kc_out_r: n=8141 |Δ|평균 0.00000 변화율   0.0% | 평균 0.500→0.500 | std 0.0000→0.0000

=== 요약 (mode=frozen seed=105) ===
  첫 구간 42.0% → 마지막 구간 42.0% | 변화 +0.0%p | 보상률 0.0%
=> MINCIRC mode=frozen seed=105 first=42.0 last=42.0 delta=+0.0 reward=0.0 **eval=0.0** tie=0 trialseed=600
