[관계] 항목 8개(훈련 4, 새 4), 반쪽 50 중 활성 15, 항목 간 겹침 0~7(평균 4.3), 새↔훈련 겹침 0~6, 패턴 64개(S 8, D 56)
make: Entering directory '/root/e137_main_run/minimal_circuit_CODE'
make: Nothing to be done for 'all'.
make: Leaving directory '/root/e137_main_run/minimal_circuit_CODE'
[KC불러옴] /mnt/c/Users/JungHyun/Desktop/brain/BrainSimulation-rebuild/research/experiments/traces/E137/dev_corr_w101.npz | 일치형 같은 위치 290/400 | 불일치형 같은 위치 364/400
  시행    1~ 100: 정답률  32.0%
  시행  101~ 200: 정답률  48.0%
  시행  201~ 300: 정답률  38.0%
  시행  301~ 400: 정답률  41.0%
  시행  401~ 500: 정답률  36.0%
  시행  501~ 600: 정답률  47.0%
  시행  601~ 700: 정답률  40.0%
  시행  701~ 800: 정답률  36.0%
=> SDGEN mode=frozen seed=101 trialseed=600 train_same=0.0 train_diff=40.0 train_bal=20.0 novel_same=20.8 novel_diff=21.3 novel_bal=21.0 | ties train:0 novel:4 | n_same/diff train 60/40 novel 53/47
=> SDLAB diff=cyclic rule=samediff mode=frozen seed=101 trialseed=600 train_accL=0.0 train_accR=40.0 train_lbal=20.0 novel_accL=20.8 novel_accR=21.3 novel_lbal=21.0

=== 평가 (탐색 없음, 학습 없음, 무작위 순서 100시행) : 정답률 0.0% | 동점 0회 ===
   자극 A: 0/57 (0.0%)
   자극 B: 0/43 (0.0%)

=== 학습 후 자극별 출력 (선택 이전의 원 신호) ===
  자극 A → 정답 L | out_L=  28  out_R=  30  차이    -2 | KC 121개
  자극 B → 정답 R | out_L=  37  out_R=  28  차이    +9 | KC 122개

=== 가중치 구조 (A전용 KC 98개, B전용 KC 99개) ===
  A전용 KC → out_L 평균 0.5000 | out_R 평균 0.5000 | 차이 +0.0000 (정답은 out_L) **반대**
  B전용 KC → out_L 평균 0.5000 | out_R 평균 0.5000 | 차이 +0.0000 (정답은 out_R) **정답쪽 우세**

=== 가중치 변화 ===
  kc_out_l: n=7952 |Δ|평균 0.00000 변화율   0.0% | 평균 0.500→0.500 | std 0.0000→0.0000
  kc_out_r: n=8061 |Δ|평균 0.00000 변화율   0.0% | 평균 0.500→0.500 | std 0.0000→0.0000

=== 요약 (mode=frozen seed=101) ===
  첫 구간 32.0% → 마지막 구간 36.0% | 변화 +4.0%p | 보상률 0.0%
=> MINCIRC mode=frozen seed=101 first=32.0 last=36.0 delta=+4.0 reward=0.0 **eval=0.0** tie=0 trialseed=600
