[관계] 항목 8개(훈련 4, 새 4), 반쪽 50 중 활성 15, 항목 간 겹침 1~7(평균 4.2), 새↔훈련 겹침 2~6, 패턴 64개(S 8, D 56)
make: Entering directory '/root/e137_main_run/minimal_circuit_CODE'
make: Leaving directory '/root/e137_main_run/minimal_circuit_CODE'
[KC불러옴] /mnt/c/Users/JungHyun/Desktop/brain/BrainSimulation-rebuild/research/experiments/traces/E137/dev_corr_w96.npz | 일치형 같은 위치 336/400 | 불일치형 같은 위치 376/400
  시행    1~ 100: 정답률  50.0%
=> SDGEN mode=frozen seed=96 trialseed=600 train_same=91.1 train_diff=36.4 train_bal=63.7 novel_same=71.4 novel_diff=12.1 novel_bal=41.7 | ties train:10 novel:5 | n_same/diff train 56/44 novel 42/58
=> SDLAB diff=cyclic rule=samediff mode=frozen seed=96 trialseed=600 train_accL=91.1 train_accR=36.4 train_lbal=63.7 novel_accL=71.4 novel_accR=12.1 novel_lbal=41.7

=== 평가 (탐색 없음, 학습 없음, 무작위 순서 100시행) : 정답률 59.0% | 동점 0회 ===
   자극 A: 0/41 (0.0%)
   자극 B: 59/59 (100.0%)

=== 학습 후 자극별 출력 (선택 이전의 원 신호) ===
  자극 A → 정답 L | out_L=  10  out_R=  14  차이    -4 | KC 139개
  자극 B → 정답 R | out_L=  29  out_R=  32  차이    -3 | KC 100개

=== 가중치 구조 (A전용 KC 133개, B전용 KC 94개) ===
  A전용 KC → out_L 평균 0.5000 | out_R 평균 0.5000 | 차이 +0.0000 (정답은 out_L) **반대**
  B전용 KC → out_L 평균 0.5000 | out_R 평균 0.5000 | 차이 +0.0000 (정답은 out_R) **정답쪽 우세**

=== 가중치 변화 ===
  kc_out_l: n=8043 |Δ|평균 0.00000 변화율   0.0% | 평균 0.500→0.500 | std 0.0000→0.0000
  kc_out_r: n=7978 |Δ|평균 0.00000 변화율   0.0% | 평균 0.500→0.500 | std 0.0000→0.0000

=== 요약 (mode=frozen seed=96) ===
  첫 구간 50.0% → 마지막 구간 50.0% | 변화 +0.0%p | 보상률 0.0%
=> MINCIRC mode=frozen seed=96 first=50.0 last=50.0 delta=+0.0 reward=0.0 **eval=59.0** tie=0 trialseed=600
