[관계] 항목 8개(훈련 4, 새 4), 반쪽 50 중 활성 15, 항목 간 겹침 2~8(평균 4.9), 새↔훈련 겹침 2~7, 패턴 64개(S 8, D 56)
make: Entering directory '/root/e137_main_run/minimal_circuit_CODE'
make: Nothing to be done for 'all'.
make: Leaving directory '/root/e137_main_run/minimal_circuit_CODE'
[KC불러옴] /mnt/c/Users/JungHyun/Desktop/brain/BrainSimulation-rebuild/research/experiments/traces/E137/dev_corr_w103.npz | 일치형 같은 위치 304/400 | 불일치형 같은 위치 335/400
  시행    1~ 100: 정답률  37.0%
  시행  101~ 200: 정답률  49.0%
  시행  201~ 300: 정답률  43.0%
  시행  301~ 400: 정답률  50.0%
  시행  401~ 500: 정답률  38.0%
  시행  501~ 600: 정답률  47.0%
  시행  601~ 700: 정답률  49.0%
  시행  701~ 800: 정답률  48.0%
=> SDGEN mode=frozen seed=103 trialseed=600 train_same=61.4 train_diff=18.6 train_bal=40.0 novel_same=87.0 novel_diff=41.3 novel_bal=64.2 | ties train:6 novel:14 | n_same/diff train 57/43 novel 54/46
=> SDLAB diff=cyclic rule=samediff mode=frozen seed=103 trialseed=600 train_accL=61.4 train_accR=18.6 train_lbal=40.0 novel_accL=87.0 novel_accR=41.3 novel_lbal=64.2

=== 평가 (탐색 없음, 학습 없음, 무작위 순서 100시행) : 정답률 59.0% | 동점 0회 ===
   자극 A: 59/59 (100.0%)
   자극 B: 0/41 (0.0%)

=== 학습 후 자극별 출력 (선택 이전의 원 신호) ===
  자극 A → 정답 L | out_L=  32  out_R=  27  차이    +5 | KC 111개
  자극 B → 정답 R | out_L=  41  out_R=  37  차이    +4 | KC 118개

=== 가중치 구조 (A전용 KC 103개, B전용 KC 110개) ===
  A전용 KC → out_L 평균 0.5000 | out_R 평균 0.5000 | 차이 +0.0000 (정답은 out_L) **반대**
  B전용 KC → out_L 평균 0.5000 | out_R 평균 0.5000 | 차이 +0.0000 (정답은 out_R) **정답쪽 우세**

=== 가중치 변화 ===
  kc_out_l: n=8102 |Δ|평균 0.00000 변화율   0.0% | 평균 0.500→0.500 | std 0.0000→0.0000
  kc_out_r: n=7900 |Δ|평균 0.00000 변화율   0.0% | 평균 0.500→0.500 | std 0.0000→0.0000

=== 요약 (mode=frozen seed=103) ===
  첫 구간 37.0% → 마지막 구간 48.0% | 변화 +11.0%p | 보상률 0.0%
=> MINCIRC mode=frozen seed=103 first=37.0 last=48.0 delta=+11.0 reward=0.0 **eval=59.0** tie=0 trialseed=600
