[관계] 항목 8개(훈련 4, 새 4), 반쪽 50 중 활성 15, 항목 간 겹침 2~8(평균 4.7), 새↔훈련 겹침 2~8, 패턴 64개(S 8, D 56)
make: Entering directory '/root/e137_main_run/minimal_circuit_CODE'
make: Leaving directory '/root/e137_main_run/minimal_circuit_CODE'
[KC불러옴] /mnt/c/Users/JungHyun/Desktop/brain/BrainSimulation-rebuild/research/experiments/traces/E137/dev_corr_w109.npz | 일치형 같은 위치 324/400 | 불일치형 같은 위치 364/400
  시행    1~ 100: 정답률  50.0%
=> SDGEN mode=frozen seed=109 trialseed=600 train_same=100.0 train_diff=34.7 train_bal=67.3 novel_same=74.0 novel_diff=46.0 novel_bal=60.0 | ties train:13 novel:0 | n_same/diff train 51/49 novel 50/50
=> SDLAB diff=cyclic rule=samediff mode=frozen seed=109 trialseed=600 train_accL=100.0 train_accR=34.7 train_lbal=67.3 novel_accL=74.0 novel_accR=46.0 novel_lbal=60.0

=== 평가 (탐색 없음, 학습 없음, 무작위 순서 100시행) : 정답률 45.0% | 동점 0회 ===
   자극 A: 0/55 (0.0%)
   자극 B: 45/45 (100.0%)

=== 학습 후 자극별 출력 (선택 이전의 원 신호) ===
  자극 A → 정답 L | out_L=  17  out_R=  30  차이   -13 | KC 124개
  자극 B → 정답 R | out_L=  21  out_R=  42  차이   -21 | KC 109개

=== 가중치 구조 (A전용 KC 97개, B전용 KC 82개) ===
  A전용 KC → out_L 평균 0.5000 | out_R 평균 0.5000 | 차이 +0.0000 (정답은 out_L) **반대**
  B전용 KC → out_L 평균 0.5000 | out_R 평균 0.5000 | 차이 +0.0000 (정답은 out_R) **정답쪽 우세**

=== 가중치 변화 ===
  kc_out_l: n=8106 |Δ|평균 0.00000 변화율   0.0% | 평균 0.500→0.500 | std 0.0000→0.0000
  kc_out_r: n=7995 |Δ|평균 0.00000 변화율   0.0% | 평균 0.500→0.500 | std 0.0000→0.0000

=== 요약 (mode=frozen seed=109) ===
  첫 구간 50.0% → 마지막 구간 50.0% | 변화 +0.0%p | 보상률 0.0%
=> MINCIRC mode=frozen seed=109 first=50.0 last=50.0 delta=+0.0 reward=0.0 **eval=45.0** tie=0 trialseed=600
