# 2026-10-01 23:59:56  python3 scripts/test_judge_e137.py
지지                 기대 지지(H060)               → 지지(H060) — 처음 보는 항목 같음/다름 정답률이 보상 학습량에 따라 증가한다(헌장 개념 조건 4, 관계 수준) ✓
천장                 기대 보류(천장                  → 보류(천장 — 100시행에서 이미 새 항목 평균 ≥80%) ✓
평탄                 기대 용량 무관                  → 용량 무관(H060-flat) — 800시행 전이는 있으나 100→800 증가 검출 안 됨 ✓
전이실패               기대 보류(전이 재현 실패            → 보류(전이 재현 실패 — 800시행 학습−무학습 기준 미달) ✓
경계14               기대 지지(H060)               → 지지(H060) — 처음 보는 항목 같음/다름 정답률이 보상 학습량에 따라 증가한다(헌장 개념 조건 4, 관계 수준) ✓
경계13               기대 보류(혼재)                 → 보류(혼재) ✓
비단조                기대 보류(혼재)                 → 보류(혼재) ✓
늦은하락               기대 보류(혼재)                 → 보류(혼재) ✓
M1 일치형 형성 실패       기대 보류(조작검증 실패)            → 보류(조작검증 실패) ✓
M2 연결 불일치          기대 보류(조작검증 실패)            → 보류(조작검증 실패) ✓
M3 블록 수            기대 보류(조작검증 실패)            → 보류(조작검증 실패) ✓
M3 보상 줄            기대 보류(조작검증 실패)            → 보류(조작검증 실패) ✓
M4 |Δg| 비증가        기대 보류(조작검증 실패)            → 보류(조작검증 실패) ✓
M4 무학습 |Δg|≠0      기대 보류(조작검증 실패)            → 보류(조작검증 실패) ✓
M5 무학습 T100≠T800   기대 보류(조작검증 실패)            → 보류(조작검증 실패) ✓
동점                 기대 지지(H060)               → 지지(H060) — 처음 보는 항목 같음/다름 정답률이 보상 학습량에 따라 증가한다(헌장 개념 조건 4, 관계 수준) ✓
결측                 기대 결측·수치 미출력 → [측정 확인] 결측 1/176: [('learn', 94, 100, 60 ✓
중첩 보고              기대 중첩 95/96(판정 불변) →  95/96 ✓
lag 부지표            기대 lag True → True ✓
줄 파싱               기대 발달 1·과제 2 줄 파싱 → ✓
전체: 통과
