[관계] 항목 8개(훈련 4, 새 4), 반쪽 50 중 활성 15, 항목 간 겹침 2~7(평균 4.8), 새↔훈련 겹침 2~7, 패턴 64개(S 8, D 56)
make: Entering directory '/root/e137_main_run/minimal_circuit_CODE'
make: Nothing to be done for 'all'.
make: Leaving directory '/root/e137_main_run/minimal_circuit_CODE'
[KC불러옴] /mnt/c/Users/JungHyun/Desktop/brain/BrainSimulation-rebuild/research/experiments/traces/E137/dev_corr_w102.npz | 일치형 같은 위치 252/400 | 불일치형 같은 위치 364/400
  시행    1~ 100: 정답률  49.0%
  시행  101~ 200: 정답률  54.0%
  시행  201~ 300: 정답률  59.0%
  시행  301~ 400: 정답률  56.0%
=> SDGEN mode=learn seed=102 trialseed=601 train_same=100.0 train_diff=53.1 train_bal=76.5 novel_same=100.0 novel_diff=93.8 novel_bal=96.9 | ties train:0 novel:0 | n_same/diff train 51/49 novel 52/48
=> SDLAB diff=cyclic rule=samediff mode=learn seed=102 trialseed=601 train_accL=100.0 train_accR=53.1 train_lbal=76.5 novel_accL=100.0 novel_accR=93.8 novel_lbal=96.9

=== 평가 (탐색 없음, 학습 없음, 무작위 순서 100시행) : 정답률 0.0% | 동점 0회 ===
   자극 A: 0/38 (0.0%)
   자극 B: 0/62 (0.0%)

=== 학습 후 자극별 출력 (선택 이전의 원 신호) ===
  자극 A → 정답 L | out_L=  18  out_R=  27  차이    -9 | KC 95개
  자극 B → 정답 R | out_L=  35  out_R=  34  차이    +1 | KC 106개

=== 가중치 구조 (A전용 KC 86개, B전용 KC 97개) ===
  A전용 KC → out_L 평균 0.4970 | out_R 평균 0.5238 | 차이 -0.0269 (정답은 out_L) **반대**
  B전용 KC → out_L 평균 0.4989 | out_R 평균 0.5242 | 차이 -0.0252 (정답은 out_R) **정답쪽 우세**

=== 가중치 변화 ===
  kc_out_l: n=7935 |Δ|평균 0.02577 변화율  59.6% | 평균 0.500→0.515 | std 0.0000→0.0405
  kc_out_r: n=8027 |Δ|평균 0.01774 변화율  59.2% | 평균 0.500→0.515 | std 0.0000→0.0227

=== 요약 (mode=learn seed=102) ===
  첫 구간 49.0% → 마지막 구간 56.0% | 변화 +7.0%p | 보상률 54.5%
=> MINCIRC mode=learn seed=102 first=49.0 last=56.0 delta=+7.0 reward=54.5 **eval=0.0** tie=0 trialseed=601
