[관계] 항목 8개(훈련 4, 새 4), 반쪽 50 중 활성 15, 항목 간 겹침 2~7(평균 4.1), 새↔훈련 겹침 2~6, 패턴 64개(S 8, D 56)
make: Entering directory '/root/e137_main_run/minimal_circuit_CODE'
make: Nothing to be done for 'all'.
make: Leaving directory '/root/e137_main_run/minimal_circuit_CODE'
[KC불러옴] /mnt/c/Users/JungHyun/Desktop/brain/BrainSimulation-rebuild/research/experiments/traces/E137/dev_corr_w95.npz | 일치형 같은 위치 309/400 | 불일치형 같은 위치 371/400
  시행    1~ 100: 정답률  51.0%
  시행  101~ 200: 정답률  51.0%
  시행  201~ 300: 정답률  48.0%
  시행  301~ 400: 정답률  71.0%
  시행  401~ 500: 정답률  64.0%
  시행  501~ 600: 정답률  75.0%
  시행  601~ 700: 정답률  70.0%
  시행  701~ 800: 정답률  73.0%
=> SDGEN mode=learn seed=95 trialseed=600 train_same=100.0 train_diff=100.0 train_bal=100.0 novel_same=100.0 novel_diff=69.2 novel_bal=84.6 | ties train:0 novel:5 | n_same/diff train 54/46 novel 48/52
=> SDLAB diff=cyclic rule=samediff mode=learn seed=95 trialseed=600 train_accL=100.0 train_accR=100.0 train_lbal=100.0 novel_accL=100.0 novel_accR=69.2 novel_lbal=84.6

=== 평가 (탐색 없음, 학습 없음, 무작위 순서 100시행) : 정답률 56.0% | 동점 0회 ===
   자극 A: 56/56 (100.0%)
   자극 B: 0/44 (0.0%)

=== 학습 후 자극별 출력 (선택 이전의 원 신호) ===
  자극 A → 정답 L | out_L=  37  out_R=   5  차이   +32 | KC 124개
  자극 B → 정답 R | out_L=  28  out_R=  14  차이   +14 | KC 127개

=== 가중치 구조 (A전용 KC 109개, B전용 KC 112개) ===
  A전용 KC → out_L 평균 0.5752 | out_R 평균 0.5198 | 차이 +0.0554 (정답은 out_L) **정답쪽 우세**
  B전용 KC → out_L 평균 0.5442 | out_R 평균 0.5735 | 차이 -0.0293 (정답은 out_R) **정답쪽 우세**

=== 가중치 변화 ===
  kc_out_l: n=7951 |Δ|평균 0.05706 변화율  71.7% | 평균 0.500→0.546 | std 0.0000→0.0802
  kc_out_r: n=7930 |Δ|평균 0.05554 변화율  72.8% | 평균 0.500→0.547 | std 0.0000→0.0593

=== 요약 (mode=learn seed=95) ===
  첫 구간 51.0% → 마지막 구간 73.0% | 변화 +22.0%p | 보상률 62.9%
=> MINCIRC mode=learn seed=95 first=51.0 last=73.0 delta=+22.0 reward=62.9 **eval=56.0** tie=0 trialseed=600
