[관계] 항목 8개(훈련 4, 새 4), 반쪽 50 중 활성 15, 항목 간 겹침 1~7(평균 4.2), 새↔훈련 겹침 2~6, 패턴 64개(S 8, D 56)
make: Entering directory '/root/e137_main_run/minimal_circuit_CODE'
make: Nothing to be done for 'all'.
make: Leaving directory '/root/e137_main_run/minimal_circuit_CODE'
[KC불러옴] /mnt/c/Users/JungHyun/Desktop/brain/BrainSimulation-rebuild/research/experiments/traces/E137/dev_corr_w96.npz | 일치형 같은 위치 336/400 | 불일치형 같은 위치 376/400
  시행    1~ 100: 정답률  59.0%
  시행  101~ 200: 정답률  53.0%
=> SDGEN mode=learn seed=96 trialseed=601 train_same=88.2 train_diff=44.9 train_bal=66.6 novel_same=69.8 novel_diff=31.6 novel_bal=50.7 | ties train:12 novel:5 | n_same/diff train 51/49 novel 43/57
=> SDLAB diff=cyclic rule=samediff mode=learn seed=96 trialseed=601 train_accL=88.2 train_accR=44.9 train_lbal=66.6 novel_accL=69.8 novel_accR=31.6 novel_lbal=50.7

=== 평가 (탐색 없음, 학습 없음, 무작위 순서 100시행) : 정답률 59.0% | 동점 0회 ===
   자극 A: 0/41 (0.0%)
   자극 B: 59/59 (100.0%)

=== 학습 후 자극별 출력 (선택 이전의 원 신호) ===
  자극 A → 정답 L | out_L=   7  out_R=  18  차이   -11 | KC 139개
  자극 B → 정답 R | out_L=  31  out_R=  35  차이    -4 | KC 100개

=== 가중치 구조 (A전용 KC 133개, B전용 KC 94개) ===
  A전용 KC → out_L 평균 0.5024 | out_R 평균 0.5152 | 차이 -0.0128 (정답은 out_L) **반대**
  B전용 KC → out_L 평균 0.5032 | out_R 평균 0.5110 | 차이 -0.0077 (정답은 out_R) **정답쪽 우세**

=== 가중치 변화 ===
  kc_out_l: n=8043 |Δ|평균 0.01430 변화율  71.4% | 평균 0.500→0.510 | std 0.0000→0.0201
  kc_out_r: n=7978 |Δ|평균 0.01179 변화율  72.0% | 평균 0.500→0.510 | std 0.0000→0.0145

=== 요약 (mode=learn seed=96) ===
  첫 구간 59.0% → 마지막 구간 53.0% | 변화 -6.0%p | 보상률 56.0%
=> MINCIRC mode=learn seed=96 first=59.0 last=53.0 delta=-6.0 reward=56.0 **eval=59.0** tie=0 trialseed=601
