[관계] 항목 8개(훈련 4, 새 4), 반쪽 50 중 활성 15, 항목 간 겹침 2~7(평균 4.2), 새↔훈련 겹침 2~6, 패턴 64개(S 8, D 56)
make: Entering directory '/root/e137_main_run/minimal_circuit_CODE'
make: Nothing to be done for 'all'.
make: Leaving directory '/root/e137_main_run/minimal_circuit_CODE'
[KC불러옴] /mnt/c/Users/JungHyun/Desktop/brain/BrainSimulation-rebuild/research/experiments/traces/E137/dev_corr_w105.npz | 일치형 같은 위치 347/400 | 불일치형 같은 위치 346/400
  시행    1~ 100: 정답률  43.0%
  시행  101~ 200: 정답률  32.0%
  시행  201~ 300: 정답률  43.0%
  시행  301~ 400: 정답률  50.0%
  시행  401~ 500: 정답률  77.0%
  시행  501~ 600: 정답률  60.0%
  시행  601~ 700: 정답률  59.0%
  시행  701~ 800: 정답률  64.0%
=> SDGEN mode=learn seed=105 trialseed=601 train_same=100.0 train_diff=71.7 train_bal=85.9 novel_same=100.0 novel_diff=95.7 novel_bal=97.9 | ties train:0 novel:0 | n_same/diff train 54/46 novel 53/47
=> SDLAB diff=cyclic rule=samediff mode=learn seed=105 trialseed=601 train_accL=100.0 train_accR=71.7 train_lbal=85.9 novel_accL=100.0 novel_accR=95.7 novel_lbal=97.9

=== 평가 (탐색 없음, 학습 없음, 무작위 순서 100시행) : 정답률 55.0% | 동점 0회 ===
   자극 A: 0/45 (0.0%)
   자극 B: 55/55 (100.0%)

=== 학습 후 자극별 출력 (선택 이전의 원 신호) ===
  자극 A → 정답 L | out_L=  27  out_R=  39  차이   -12 | KC 118개
  자극 B → 정답 R | out_L=  14  out_R=  22  차이    -8 | KC 126개

=== 가중치 구조 (A전용 KC 100개, B전용 KC 108개) ===
  A전용 KC → out_L 평균 0.5294 | out_R 평균 0.5399 | 차이 -0.0105 (정답은 out_L) **반대**
  B전용 KC → out_L 평균 0.5024 | out_R 평균 0.5526 | 차이 -0.0502 (정답은 out_R) **정답쪽 우세**

=== 가중치 변화 ===
  kc_out_l: n=7978 |Δ|평균 0.04621 변화율  74.6% | 평균 0.500→0.533 | std 0.0000→0.0608
  kc_out_r: n=8141 |Δ|평균 0.05010 변화율  75.5% | 평균 0.500→0.537 | std 0.0000→0.0595

=== 요약 (mode=learn seed=105) ===
  첫 구간 43.0% → 마지막 구간 64.0% | 변화 +21.0%p | 보상률 53.5%
=> MINCIRC mode=learn seed=105 first=43.0 last=64.0 delta=+21.0 reward=53.5 **eval=55.0** tie=0 trialseed=601
