[관계] 항목 8개(훈련 4, 새 4), 반쪽 50 중 활성 15, 항목 간 겹침 2~8(평균 4.9), 새↔훈련 겹침 2~7, 패턴 64개(S 8, D 56)
make: Entering directory '/root/e137_main_run/minimal_circuit_CODE'
make: Nothing to be done for 'all'.
make: Leaving directory '/root/e137_main_run/minimal_circuit_CODE'
[KC불러옴] /mnt/c/Users/JungHyun/Desktop/brain/BrainSimulation-rebuild/research/experiments/traces/E137/dev_corr_w103.npz | 일치형 같은 위치 304/400 | 불일치형 같은 위치 335/400
  시행    1~ 100: 정답률  43.0%
  시행  101~ 200: 정답률  55.0%
  시행  201~ 300: 정답률  55.0%
  시행  301~ 400: 정답률  67.0%
=> SDGEN mode=learn seed=103 trialseed=600 train_same=100.0 train_diff=72.1 train_bal=86.0 novel_same=100.0 novel_diff=40.8 novel_bal=70.4 | ties train:0 novel:5 | n_same/diff train 57/43 novel 51/49
=> SDLAB diff=cyclic rule=samediff mode=learn seed=103 trialseed=600 train_accL=100.0 train_accR=72.1 train_lbal=86.0 novel_accL=100.0 novel_accR=40.8 novel_lbal=70.4

=== 평가 (탐색 없음, 학습 없음, 무작위 순서 100시행) : 정답률 41.0% | 동점 0회 ===
   자극 A: 0/59 (0.0%)
   자극 B: 41/41 (100.0%)

=== 학습 후 자극별 출력 (선택 이전의 원 신호) ===
  자극 A → 정답 L | out_L=  32  out_R=  33  차이    -1 | KC 111개
  자극 B → 정답 R | out_L=  35  out_R=  40  차이    -5 | KC 118개

=== 가중치 구조 (A전용 KC 103개, B전용 KC 110개) ===
  A전용 KC → out_L 평균 0.5164 | out_R 평균 0.5190 | 차이 -0.0026 (정답은 out_L) **반대**
  B전용 KC → out_L 평균 0.5157 | out_R 평균 0.5191 | 차이 -0.0035 (정답은 out_R) **정답쪽 우세**

=== 가중치 변화 ===
  kc_out_l: n=8102 |Δ|평균 0.02598 변화율  61.2% | 평균 0.500→0.517 | std 0.0000→0.0387
  kc_out_r: n=7900 |Δ|평균 0.01947 변화율  62.1% | 평균 0.500→0.516 | std 0.0000→0.0255

=== 요약 (mode=learn seed=103) ===
  첫 구간 43.0% → 마지막 구간 67.0% | 변화 +24.0%p | 보상률 55.0%
=> MINCIRC mode=learn seed=103 first=43.0 last=67.0 delta=+24.0 reward=55.0 **eval=41.0** tie=0 trialseed=600
