[관계] 항목 8개(훈련 4, 새 4), 반쪽 50 중 활성 15, 항목 간 겹침 2~8(평균 4.9), 새↔훈련 겹침 2~7, 패턴 64개(S 8, D 56)
make: Entering directory '/root/e137_main_run/minimal_circuit_CODE'
make: Nothing to be done for 'all'.
make: Leaving directory '/root/e137_main_run/minimal_circuit_CODE'
[KC불러옴] /mnt/c/Users/JungHyun/Desktop/brain/BrainSimulation-rebuild/research/experiments/traces/E137/dev_corr_w106.npz | 일치형 같은 위치 239/400 | 불일치형 같은 위치 312/400
  시행    1~ 100: 정답률  67.0%
  시행  101~ 200: 정답률  73.0%
  시행  201~ 300: 정답률  53.0%
  시행  301~ 400: 정답률  62.0%
=> SDGEN mode=learn seed=106 trialseed=600 train_same=83.7 train_diff=68.6 train_bal=76.2 novel_same=68.9 novel_diff=32.7 novel_bal=50.8 | ties train:15 novel:0 | n_same/diff train 49/51 novel 45/55
=> SDLAB diff=cyclic rule=samediff mode=learn seed=106 trialseed=600 train_accL=83.7 train_accR=68.6 train_lbal=76.2 novel_accL=68.9 novel_accR=32.7 novel_lbal=50.8

=== 평가 (탐색 없음, 학습 없음, 무작위 순서 100시행) : 정답률 49.0% | 동점 0회 ===
   자극 A: 0/51 (0.0%)
   자극 B: 49/49 (100.0%)

=== 학습 후 자극별 출력 (선택 이전의 원 신호) ===
  자극 A → 정답 L | out_L=  11  out_R=  17  차이    -6 | KC 149개
  자극 B → 정답 R | out_L=  26  out_R=  42  차이   -16 | KC 122개

=== 가중치 구조 (A전용 KC 140개, B전용 KC 113개) ===
  A전용 KC → out_L 평균 0.5161 | out_R 평균 0.5176 | 차이 -0.0016 (정답은 out_L) **반대**
  B전용 KC → out_L 평균 0.5117 | out_R 평균 0.5383 | 차이 -0.0266 (정답은 out_R) **정답쪽 우세**

=== 가중치 변화 ===
  kc_out_l: n=7925 |Δ|평균 0.02477 변화율  67.3% | 평균 0.500→0.521 | std 0.0000→0.0349
  kc_out_r: n=7959 |Δ|평균 0.02583 변화율  67.9% | 평균 0.500→0.523 | std 0.0000→0.0308

=== 요약 (mode=learn seed=106) ===
  첫 구간 67.0% → 마지막 구간 62.0% | 변화 -5.0%p | 보상률 63.7%
=> MINCIRC mode=learn seed=106 first=67.0 last=62.0 delta=-5.0 reward=63.7 **eval=49.0** tie=0 trialseed=600
