[관계] 항목 8개(훈련 4, 새 4), 반쪽 50 중 활성 15, 항목 간 겹침 2~7(평균 4.6), 새↔훈련 겹침 2~7, 패턴 64개(S 8, D 56)
make: Entering directory '/root/e137_main_run/minimal_circuit_CODE'
make: Nothing to be done for 'all'.
make: Leaving directory '/root/e137_main_run/minimal_circuit_CODE'
[KC불러옴] /mnt/c/Users/JungHyun/Desktop/brain/BrainSimulation-rebuild/research/experiments/traces/E137/dev_corr_w108.npz | 일치형 같은 위치 364/400 | 불일치형 같은 위치 374/400
  시행    1~ 100: 정답률  48.0%
  시행  101~ 200: 정답률  66.0%
=> SDGEN mode=learn seed=108 trialseed=600 train_same=100.0 train_diff=71.7 train_bal=85.8 novel_same=72.0 novel_diff=42.0 novel_bal=57.0 | ties train:0 novel:0 | n_same/diff train 47/53 novel 50/50
=> SDLAB diff=cyclic rule=samediff mode=learn seed=108 trialseed=600 train_accL=100.0 train_accR=71.7 train_lbal=85.8 novel_accL=72.0 novel_accR=42.0 novel_lbal=57.0

=== 평가 (탐색 없음, 학습 없음, 무작위 순서 100시행) : 정답률 47.0% | 동점 0회 ===
   자극 A: 0/53 (0.0%)
   자극 B: 47/47 (100.0%)

=== 학습 후 자극별 출력 (선택 이전의 원 신호) ===
  자극 A → 정답 L | out_L=  19  out_R=  42  차이   -23 | KC 128개
  자극 B → 정답 R | out_L=  36  out_R=  38  차이    -2 | KC 107개

=== 가중치 구조 (A전용 KC 118개, B전용 KC 97개) ===
  A전용 KC → out_L 평균 0.5064 | out_R 평균 0.5135 | 차이 -0.0071 (정답은 out_L) **반대**
  B전용 KC → out_L 평균 0.4985 | out_R 평균 0.5136 | 차이 -0.0151 (정답은 out_R) **정답쪽 우세**

=== 가중치 변화 ===
  kc_out_l: n=8040 |Δ|평균 0.01477 변화율  77.0% | 평균 0.500→0.510 | std 0.0000→0.0195
  kc_out_r: n=8054 |Δ|평균 0.01382 변화율  77.2% | 평균 0.500→0.511 | std 0.0000→0.0163

=== 요약 (mode=learn seed=108) ===
  첫 구간 48.0% → 마지막 구간 66.0% | 변화 +18.0%p | 보상률 57.0%
=> MINCIRC mode=learn seed=108 first=48.0 last=66.0 delta=+18.0 reward=57.0 **eval=47.0** tie=0 trialseed=600
