[관계] 항목 8개(훈련 4, 새 4), 반쪽 50 중 활성 15, 항목 간 겹침 1~8(평균 4.4), 새↔훈련 겹침 1~6, 패턴 64개(S 8, D 56)
make: Entering directory '/root/e137_main_run/minimal_circuit_CODE'
make: Nothing to be done for 'all'.
make: Leaving directory '/root/e137_main_run/minimal_circuit_CODE'
[KC불러옴] /mnt/c/Users/JungHyun/Desktop/brain/BrainSimulation-rebuild/research/experiments/traces/E137/dev_corr_w99.npz | 일치형 같은 위치 315/400 | 불일치형 같은 위치 373/400
  시행    1~ 100: 정답률  57.0%
  시행  101~ 200: 정답률  56.0%
  시행  201~ 300: 정답률  50.0%
  시행  301~ 400: 정답률  62.0%
  시행  401~ 500: 정답률  80.0%
  시행  501~ 600: 정답률  66.0%
  시행  601~ 700: 정답률  66.0%
  시행  701~ 800: 정답률  70.0%
=> SDGEN mode=learn seed=99 trialseed=601 train_same=100.0 train_diff=100.0 train_bal=100.0 novel_same=100.0 novel_diff=93.5 novel_bal=96.7 | ties train:0 novel:0 | n_same/diff train 48/52 novel 54/46
=> SDLAB diff=cyclic rule=samediff mode=learn seed=99 trialseed=601 train_accL=100.0 train_accR=100.0 train_lbal=100.0 novel_accL=100.0 novel_accR=93.5 novel_lbal=96.7

=== 평가 (탐색 없음, 학습 없음, 무작위 순서 100시행) : 정답률 58.0% | 동점 0회 ===
   자극 A: 0/42 (0.0%)
   자극 B: 58/58 (100.0%)

=== 학습 후 자극별 출력 (선택 이전의 원 신호) ===
  자극 A → 정답 L | out_L=   8  out_R=  22  차이   -14 | KC 128개
  자극 B → 정답 R | out_L=  29  out_R=  40  차이   -11 | KC 108개

=== 가중치 구조 (A전용 KC 119개, B전용 KC 99개) ===
  A전용 KC → out_L 평균 0.5490 | out_R 평균 0.5922 | 차이 -0.0432 (정답은 out_L) **반대**
  B전용 KC → out_L 평균 0.5169 | out_R 평균 0.5737 | 차이 -0.0567 (정답은 out_R) **정답쪽 우세**

=== 가중치 변화 ===
  kc_out_l: n=7980 |Δ|평균 0.05310 변화율  69.3% | 평균 0.500→0.539 | std 0.0000→0.0797
  kc_out_r: n=8168 |Δ|평균 0.06136 변화율  68.5% | 평균 0.500→0.554 | std 0.0000→0.0704

=== 요약 (mode=learn seed=99) ===
  첫 구간 57.0% → 마지막 구간 70.0% | 변화 +13.0%p | 보상률 63.4%
=> MINCIRC mode=learn seed=99 first=57.0 last=70.0 delta=+13.0 reward=63.4 **eval=58.0** tie=0 trialseed=601
