[관계] 항목 8개(훈련 4, 새 4), 반쪽 50 중 활성 15, 항목 간 겹침 2~7(평균 4.1), 새↔훈련 겹침 2~6, 패턴 64개(S 8, D 56)
make: Entering directory '/root/e137_main_run/minimal_circuit_CODE'
make: Leaving directory '/root/e137_main_run/minimal_circuit_CODE'
[KC불러옴] /mnt/c/Users/JungHyun/Desktop/brain/BrainSimulation-rebuild/research/experiments/traces/E137/dev_corr_w95.npz | 일치형 같은 위치 309/400 | 불일치형 같은 위치 371/400
  시행    1~ 100: 정답률  51.0%
=> SDGEN mode=learn seed=95 trialseed=600 train_same=61.1 train_diff=43.5 train_bal=52.3 novel_same=81.0 novel_diff=42.9 novel_bal=61.9 | ties train:0 novel:25 | n_same/diff train 54/46 novel 58/42
=> SDLAB diff=cyclic rule=samediff mode=learn seed=95 trialseed=600 train_accL=61.1 train_accR=43.5 train_lbal=52.3 novel_accL=81.0 novel_accR=42.9 novel_lbal=61.9

=== 평가 (탐색 없음, 학습 없음, 무작위 순서 100시행) : 정답률 0.0% | 동점 0회 ===
   자극 A: 0/56 (0.0%)
   자극 B: 0/44 (0.0%)

=== 학습 후 자극별 출력 (선택 이전의 원 신호) ===
  자극 A → 정답 L | out_L=  25  out_R=  34  차이    -9 | KC 124개
  자극 B → 정답 R | out_L=  45  out_R=  15  차이   +30 | KC 127개

=== 가중치 구조 (A전용 KC 109개, B전용 KC 112개) ===
  A전용 KC → out_L 평균 0.5055 | out_R 평균 0.5015 | 차이 +0.0040 (정답은 out_L) **정답쪽 우세**
  B전용 KC → out_L 평균 0.5026 | out_R 평균 0.5087 | 차이 -0.0061 (정답은 out_R) **정답쪽 우세**

=== 가중치 변화 ===
  kc_out_l: n=7951 |Δ|평균 0.00514 변화율  71.7% | 평균 0.500→0.503 | std 0.0000→0.0075
  kc_out_r: n=7930 |Δ|평균 0.00650 변화율  72.8% | 평균 0.500→0.505 | std 0.0000→0.0078

=== 요약 (mode=learn seed=95) ===
  첫 구간 51.0% → 마지막 구간 51.0% | 변화 +0.0%p | 보상률 51.0%
=> MINCIRC mode=learn seed=95 first=51.0 last=51.0 delta=+0.0 reward=51.0 **eval=0.0** tie=0 trialseed=600
