[관계] 항목 8개(훈련 4, 새 4), 반쪽 50 중 활성 15, 항목 간 겹침 2~7(평균 4.8), 새↔훈련 겹침 2~7, 패턴 64개(S 8, D 56)
make: Entering directory '/root/e137_main_run/minimal_circuit_CODE'
make: Nothing to be done for 'all'.
make: Leaving directory '/root/e137_main_run/minimal_circuit_CODE'
[KC불러옴] /mnt/c/Users/JungHyun/Desktop/brain/BrainSimulation-rebuild/research/experiments/traces/E137/dev_corr_w102.npz | 일치형 같은 위치 252/400 | 불일치형 같은 위치 364/400
  시행    1~ 100: 정답률  49.0%
=> SDGEN mode=learn seed=102 trialseed=601 train_same=100.0 train_diff=26.9 train_bal=63.5 novel_same=100.0 novel_diff=81.6 novel_bal=90.8 | ties train:11 novel:0 | n_same/diff train 48/52 novel 51/49
=> SDLAB diff=cyclic rule=samediff mode=learn seed=102 trialseed=601 train_accL=100.0 train_accR=26.9 train_lbal=63.5 novel_accL=100.0 novel_accR=81.6 novel_lbal=90.8

=== 평가 (탐색 없음, 학습 없음, 무작위 순서 100시행) : 정답률 0.0% | 동점 0회 ===
   자극 A: 0/38 (0.0%)
   자극 B: 0/62 (0.0%)

=== 학습 후 자극별 출력 (선택 이전의 원 신호) ===
  자극 A → 정답 L | out_L=  18  out_R=  23  차이    -5 | KC 95개
  자극 B → 정답 R | out_L=  34  out_R=  31  차이    +3 | KC 106개

=== 가중치 구조 (A전용 KC 86개, B전용 KC 97개) ===
  A전용 KC → out_L 평균 0.4987 | out_R 평균 0.5047 | 차이 -0.0061 (정답은 out_L) **반대**
  B전용 KC → out_L 평균 0.4990 | out_R 평균 0.5046 | 차이 -0.0055 (정답은 out_R) **정답쪽 우세**

=== 가중치 변화 ===
  kc_out_l: n=7935 |Δ|평균 0.00641 변화율  59.6% | 평균 0.500→0.503 | std 0.0000→0.0099
  kc_out_r: n=8027 |Δ|평균 0.00344 변화율  59.2% | 평균 0.500→0.503 | std 0.0000→0.0051

=== 요약 (mode=learn seed=102) ===
  첫 구간 49.0% → 마지막 구간 49.0% | 변화 +0.0%p | 보상률 49.0%
=> MINCIRC mode=learn seed=102 first=49.0 last=49.0 delta=+0.0 reward=49.0 **eval=0.0** tie=0 trialseed=601
