[관계] 항목 8개(훈련 4, 새 4), 반쪽 50 중 활성 15, 항목 간 겹침 2~7(평균 4.1), 새↔훈련 겹침 2~6, 패턴 64개(S 8, D 56)
make: Entering directory '/root/e137_main_run/minimal_circuit_CODE'
make: Nothing to be done for 'all'.
make: Leaving directory '/root/e137_main_run/minimal_circuit_CODE'
[KC불러옴] /mnt/c/Users/JungHyun/Desktop/brain/BrainSimulation-rebuild/research/experiments/traces/E137/dev_corr_w95.npz | 일치형 같은 위치 309/400 | 불일치형 같은 위치 371/400
  시행    1~ 100: 정답률  51.0%
=> SDGEN mode=learn seed=95 trialseed=601 train_same=67.9 train_diff=42.6 train_bal=55.2 novel_same=82.5 novel_diff=27.9 novel_bal=55.2 | ties train:8 novel:27 | n_same/diff train 53/47 novel 57/43
=> SDLAB diff=cyclic rule=samediff mode=learn seed=95 trialseed=601 train_accL=67.9 train_accR=42.6 train_lbal=55.2 novel_accL=82.5 novel_accR=27.9 novel_lbal=55.2

=== 평가 (탐색 없음, 학습 없음, 무작위 순서 100시행) : 정답률 0.0% | 동점 0회 ===
   자극 A: 0/56 (0.0%)
   자극 B: 0/44 (0.0%)

=== 학습 후 자극별 출력 (선택 이전의 원 신호) ===
  자극 A → 정답 L | out_L=  25  out_R=  34  차이    -9 | KC 124개
  자극 B → 정답 R | out_L=  45  out_R=  15  차이   +30 | KC 127개

=== 가중치 구조 (A전용 KC 109개, B전용 KC 112개) ===
  A전용 KC → out_L 평균 0.5054 | out_R 평균 0.5008 | 차이 +0.0046 (정답은 out_L) **정답쪽 우세**
  B전용 KC → out_L 평균 0.5025 | out_R 평균 0.5079 | 차이 -0.0053 (정답은 out_R) **정답쪽 우세**

=== 가중치 변화 ===
  kc_out_l: n=7951 |Δ|평균 0.00604 변화율  71.7% | 평균 0.500→0.504 | std 0.0000→0.0094
  kc_out_r: n=7930 |Δ|평균 0.00587 변화율  72.8% | 평균 0.500→0.504 | std 0.0000→0.0079

=== 요약 (mode=learn seed=95) ===
  첫 구간 51.0% → 마지막 구간 51.0% | 변화 +0.0%p | 보상률 51.0%
=> MINCIRC mode=learn seed=95 first=51.0 last=51.0 delta=+0.0 reward=51.0 **eval=0.0** tie=0 trialseed=601
