[관계] 항목 8개(훈련 4, 새 4), 반쪽 50 중 활성 15, 항목 간 겹침 0~7(평균 4.3), 새↔훈련 겹침 0~6, 패턴 64개(S 8, D 56)
make: Entering directory '/root/e137_main_run/minimal_circuit_CODE'
make: Nothing to be done for 'all'.
make: Leaving directory '/root/e137_main_run/minimal_circuit_CODE'
[KC불러옴] /mnt/c/Users/JungHyun/Desktop/brain/BrainSimulation-rebuild/research/experiments/traces/E137/dev_corr_w101.npz | 일치형 같은 위치 290/400 | 불일치형 같은 위치 364/400
  시행    1~ 100: 정답률  37.0%
  시행  101~ 200: 정답률  49.0%
=> SDGEN mode=learn seed=101 trialseed=601 train_same=37.7 train_diff=74.5 train_bal=56.1 novel_same=43.6 novel_diff=64.4 novel_bal=54.0 | ties train:27 novel:6 | n_same/diff train 53/47 novel 55/45
=> SDLAB diff=cyclic rule=samediff mode=learn seed=101 trialseed=601 train_accL=37.7 train_accR=74.5 train_lbal=56.1 novel_accL=43.6 novel_accR=64.4 novel_lbal=54.0

=== 평가 (탐색 없음, 학습 없음, 무작위 순서 100시행) : 정답률 43.0% | 동점 0회 ===
   자극 A: 0/57 (0.0%)
   자극 B: 43/43 (100.0%)

=== 학습 후 자극별 출력 (선택 이전의 원 신호) ===
  자극 A → 정답 L | out_L=  28  out_R=  30  차이    -2 | KC 121개
  자극 B → 정답 R | out_L=  37  out_R=  40  차이    -3 | KC 122개

=== 가중치 구조 (A전용 KC 98개, B전용 KC 99개) ===
  A전용 KC → out_L 평균 0.5028 | out_R 평균 0.5077 | 차이 -0.0050 (정답은 out_L) **반대**
  B전용 KC → out_L 평균 0.4984 | out_R 평균 0.5082 | 차이 -0.0098 (정답은 out_R) **정답쪽 우세**

=== 가중치 변화 ===
  kc_out_l: n=7952 |Δ|평균 0.00756 변화율  74.0% | 평균 0.500→0.503 | std 0.0000→0.0109
  kc_out_r: n=8061 |Δ|평균 0.01275 변화율  74.3% | 평균 0.500→0.508 | std 0.0000→0.0148

=== 요약 (mode=learn seed=101) ===
  첫 구간 37.0% → 마지막 구간 49.0% | 변화 +12.0%p | 보상률 43.0%
=> MINCIRC mode=learn seed=101 first=37.0 last=49.0 delta=+12.0 reward=43.0 **eval=43.0** tie=0 trialseed=601
