[관계] 항목 8개(훈련 4, 새 4), 반쪽 50 중 활성 15, 항목 간 겹침 2~8(평균 4.7), 새↔훈련 겹침 2~7, 패턴 64개(S 8, D 56)
make: Entering directory '/root/e137_main_run/minimal_circuit_CODE'
make: Nothing to be done for 'all'.
make: Leaving directory '/root/e137_main_run/minimal_circuit_CODE'
[KC불러옴] /mnt/c/Users/JungHyun/Desktop/brain/BrainSimulation-rebuild/research/experiments/traces/E137/dev_corr_w100.npz | 일치형 같은 위치 275/400 | 불일치형 같은 위치 361/400
  시행    1~ 100: 정답률  42.0%
  시행  101~ 200: 정답률  55.0%
  시행  201~ 300: 정답률  57.0%
  시행  301~ 400: 정답률  58.0%
=> SDGEN mode=learn seed=100 trialseed=601 train_same=100.0 train_diff=65.2 train_bal=82.6 novel_same=100.0 novel_diff=85.7 novel_bal=92.9 | ties train:0 novel:0 | n_same/diff train 54/46 novel 51/49
=> SDLAB diff=cyclic rule=samediff mode=learn seed=100 trialseed=601 train_accL=100.0 train_accR=65.2 train_lbal=82.6 novel_accL=100.0 novel_accR=85.7 novel_lbal=92.9

=== 평가 (탐색 없음, 학습 없음, 무작위 순서 100시행) : 정답률 54.0% | 동점 0회 ===
   자극 A: 0/46 (0.0%)
   자극 B: 54/54 (100.0%)

=== 학습 후 자극별 출력 (선택 이전의 원 신호) ===
  자극 A → 정답 L | out_L=  20  out_R=  35  차이   -15 | KC 121개
  자극 B → 정답 R | out_L=  11  out_R=  25  차이   -14 | KC 127개

=== 가중치 구조 (A전용 KC 102개, B전용 KC 108개) ===
  A전용 KC → out_L 평균 0.4964 | out_R 평균 0.5305 | 차이 -0.0341 (정답은 out_L) **반대**
  B전용 KC → out_L 평균 0.5129 | out_R 평균 0.5325 | 차이 -0.0195 (정답은 out_R) **정답쪽 우세**

=== 가중치 변화 ===
  kc_out_l: n=7882 |Δ|평균 0.02262 변화율  73.4% | 평균 0.500→0.515 | std 0.0000→0.0306
  kc_out_r: n=8094 |Δ|평균 0.02652 변화율  73.4% | 평균 0.500→0.521 | std 0.0000→0.0298

=== 요약 (mode=learn seed=100) ===
  첫 구간 42.0% → 마지막 구간 58.0% | 변화 +16.0%p | 보상률 53.0%
=> MINCIRC mode=learn seed=100 first=42.0 last=58.0 delta=+16.0 reward=53.0 **eval=54.0** tie=0 trialseed=601
