[관계] 항목 8개(훈련 4, 새 4), 반쪽 50 중 활성 15, 항목 간 겹침 1~7(평균 4.3), 새↔훈련 겹침 1~7, 패턴 64개(S 8, D 56)
make: Entering directory '/root/e137_main_run/minimal_circuit_CODE'
make: Leaving directory '/root/e137_main_run/minimal_circuit_CODE'
[KC불러옴] /mnt/c/Users/JungHyun/Desktop/brain/BrainSimulation-rebuild/research/experiments/traces/E137/dev_corr_w98.npz | 일치형 같은 위치 363/400 | 불일치형 같은 위치 380/400
  시행    1~ 100: 정답률  55.0%
=> SDGEN mode=learn seed=98 trialseed=600 train_same=100.0 train_diff=69.4 train_bal=84.7 novel_same=8.0 novel_diff=76.0 novel_bal=42.0 | ties train:0 novel:20 | n_same/diff train 51/49 novel 50/50
=> SDLAB diff=cyclic rule=samediff mode=learn seed=98 trialseed=600 train_accL=100.0 train_accR=69.4 train_lbal=84.7 novel_accL=8.0 novel_accR=76.0 novel_lbal=42.0

=== 평가 (탐색 없음, 학습 없음, 무작위 순서 100시행) : 정답률 48.0% | 동점 0회 ===
   자극 A: 0/52 (0.0%)
   자극 B: 48/48 (100.0%)

=== 학습 후 자극별 출력 (선택 이전의 원 신호) ===
  자극 A → 정답 L | out_L=  45  out_R=  47  차이    -2 | KC 117개
  자극 B → 정답 R | out_L=  35  out_R=  48  차이   -13 | KC 123개

=== 가중치 구조 (A전용 KC 109개, B전용 KC 115개) ===
  A전용 KC → out_L 평균 0.5056 | out_R 평균 0.5061 | 차이 -0.0005 (정답은 out_L) **반대**
  B전용 KC → out_L 평균 0.5017 | out_R 평균 0.5062 | 차이 -0.0045 (정답은 out_R) **정답쪽 우세**

=== 가중치 변화 ===
  kc_out_l: n=7884 |Δ|평균 0.00642 변화율  74.0% | 평균 0.500→0.504 | std 0.0000→0.0087
  kc_out_r: n=8045 |Δ|평균 0.00688 변화율  73.5% | 평균 0.500→0.505 | std 0.0000→0.0084

=== 요약 (mode=learn seed=98) ===
  첫 구간 55.0% → 마지막 구간 55.0% | 변화 +0.0%p | 보상률 55.0%
=> MINCIRC mode=learn seed=98 first=55.0 last=55.0 delta=+0.0 reward=55.0 **eval=48.0** tie=0 trialseed=600
