[관계] 항목 8개(훈련 4, 새 4), 반쪽 50 중 활성 15, 항목 간 겹침 2~8(평균 4.9), 새↔훈련 겹침 2~7, 패턴 64개(S 8, D 56)
make: Entering directory '/root/e137_main_run/minimal_circuit_CODE'
make: Nothing to be done for 'all'.
make: Leaving directory '/root/e137_main_run/minimal_circuit_CODE'
[KC불러옴] /mnt/c/Users/JungHyun/Desktop/brain/BrainSimulation-rebuild/research/experiments/traces/E137/dev_corr_w106.npz | 일치형 같은 위치 239/400 | 불일치형 같은 위치 312/400
  시행    1~ 100: 정답률  67.0%
  시행  101~ 200: 정답률  73.0%
=> SDGEN mode=learn seed=106 trialseed=600 train_same=65.3 train_diff=100.0 train_bal=82.7 novel_same=70.5 novel_diff=44.6 novel_bal=57.5 | ties train:0 novel:0 | n_same/diff train 49/51 novel 44/56
=> SDLAB diff=cyclic rule=samediff mode=learn seed=106 trialseed=600 train_accL=65.3 train_accR=100.0 train_lbal=82.7 novel_accL=70.5 novel_accR=44.6 novel_lbal=57.5

=== 평가 (탐색 없음, 학습 없음, 무작위 순서 100시행) : 정답률 49.0% | 동점 0회 ===
   자극 A: 0/51 (0.0%)
   자극 B: 49/49 (100.0%)

=== 학습 후 자극별 출력 (선택 이전의 원 신호) ===
  자극 A → 정답 L | out_L=  10  out_R=  18  차이    -8 | KC 149개
  자극 B → 정답 R | out_L=  26  out_R=  41  차이   -15 | KC 122개

=== 가중치 구조 (A전용 KC 140개, B전용 KC 113개) ===
  A전용 KC → out_L 평균 0.5082 | out_R 평균 0.5121 | 차이 -0.0039 (정답은 out_L) **반대**
  B전용 KC → out_L 평균 0.5058 | out_R 평균 0.5233 | 차이 -0.0174 (정답은 out_R) **정답쪽 우세**

=== 가중치 변화 ===
  kc_out_l: n=7925 |Δ|평균 0.01203 변화율  67.3% | 평균 0.500→0.510 | std 0.0000→0.0171
  kc_out_r: n=7959 |Δ|평균 0.01642 변화율  67.9% | 평균 0.500→0.515 | std 0.0000→0.0198

=== 요약 (mode=learn seed=106) ===
  첫 구간 67.0% → 마지막 구간 73.0% | 변화 +6.0%p | 보상률 70.0%
=> MINCIRC mode=learn seed=106 first=67.0 last=73.0 delta=+6.0 reward=70.0 **eval=49.0** tie=0 trialseed=600
