[관계] 항목 8개(훈련 4, 새 4), 반쪽 50 중 활성 15, 항목 간 겹침 2~7(평균 4.8), 새↔훈련 겹침 2~7, 패턴 64개(S 8, D 56)
make: Entering directory '/root/e137_main_run/minimal_circuit_CODE'
make: Leaving directory '/root/e137_main_run/minimal_circuit_CODE'
[KC불러옴] /mnt/c/Users/JungHyun/Desktop/brain/BrainSimulation-rebuild/research/experiments/traces/E137/dev_corr_w102.npz | 일치형 같은 위치 252/400 | 불일치형 같은 위치 364/400
  시행    1~ 100: 정답률  37.0%
=> SDGEN mode=learn seed=102 trialseed=600 train_same=100.0 train_diff=0.0 train_bal=50.0 novel_same=100.0 novel_diff=81.2 novel_bal=90.6 | ties train:0 novel:0 | n_same/diff train 51/49 novel 52/48
=> SDLAB diff=cyclic rule=samediff mode=learn seed=102 trialseed=600 train_accL=100.0 train_accR=0.0 train_lbal=50.0 novel_accL=100.0 novel_accR=81.2 novel_lbal=90.6

=== 평가 (탐색 없음, 학습 없음, 무작위 순서 100시행) : 정답률 0.0% | 동점 0회 ===
   자극 A: 0/38 (0.0%)
   자극 B: 0/62 (0.0%)

=== 학습 후 자극별 출력 (선택 이전의 원 신호) ===
  자극 A → 정답 L | out_L=  18  out_R=  22  차이    -4 | KC 95개
  자극 B → 정답 R | out_L=  34  out_R=  29  차이    +5 | KC 106개

=== 가중치 구조 (A전용 KC 86개, B전용 KC 97개) ===
  A전용 KC → out_L 평균 0.4975 | out_R 평균 0.5024 | 차이 -0.0048 (정답은 out_L) **반대**
  B전용 KC → out_L 평균 0.4976 | out_R 평균 0.5023 | 차이 -0.0047 (정답은 out_R) **정답쪽 우세**

=== 가중치 변화 ===
  kc_out_l: n=7935 |Δ|평균 0.00583 변화율  59.6% | 평균 0.500→0.502 | std 0.0000→0.0085
  kc_out_r: n=8027 |Δ|평균 0.00201 변화율  59.2% | 평균 0.500→0.501 | std 0.0000→0.0029

=== 요약 (mode=learn seed=102) ===
  첫 구간 37.0% → 마지막 구간 37.0% | 변화 +0.0%p | 보상률 37.0%
=> MINCIRC mode=learn seed=102 first=37.0 last=37.0 delta=+0.0 reward=37.0 **eval=0.0** tie=0 trialseed=600
