[관계] 항목 8개(훈련 4, 새 4), 반쪽 50 중 활성 15, 항목 간 겹침 2~8(평균 4.9), 새↔훈련 겹침 2~7, 패턴 64개(S 8, D 56)
make: Entering directory '/root/e137_main_run/minimal_circuit_CODE'
make: Nothing to be done for 'all'.
make: Leaving directory '/root/e137_main_run/minimal_circuit_CODE'
[KC불러옴] /mnt/c/Users/JungHyun/Desktop/brain/BrainSimulation-rebuild/research/experiments/traces/E137/dev_corr_w103.npz | 일치형 같은 위치 304/400 | 불일치형 같은 위치 335/400
  시행    1~ 100: 정답률  43.0%
  시행  101~ 200: 정답률  55.0%
  시행  201~ 300: 정답률  55.0%
  시행  301~ 400: 정답률  67.0%
  시행  401~ 500: 정답률  62.0%
  시행  501~ 600: 정답률  68.0%
  시행  601~ 700: 정답률  70.0%
  시행  701~ 800: 정답률  65.0%
=> SDGEN mode=learn seed=103 trialseed=600 train_same=100.0 train_diff=48.8 train_bal=74.4 novel_same=100.0 novel_diff=50.0 novel_bal=75.0 | ties train:0 novel:11 | n_same/diff train 57/43 novel 52/48
=> SDLAB diff=cyclic rule=samediff mode=learn seed=103 trialseed=600 train_accL=100.0 train_accR=48.8 train_lbal=74.4 novel_accL=100.0 novel_accR=50.0 novel_lbal=75.0

=== 평가 (탐색 없음, 학습 없음, 무작위 순서 100시행) : 정답률 100.0% | 동점 0회 ===
   자극 A: 59/59 (100.0%)
   자극 B: 41/41 (100.0%)

=== 학습 후 자극별 출력 (선택 이전의 원 신호) ===
  자극 A → 정답 L | out_L=  29  out_R=  22  차이    +7 | KC 111개
  자극 B → 정답 R | out_L=  22  out_R=  43  차이   -21 | KC 118개

=== 가중치 구조 (A전용 KC 103개, B전용 KC 110개) ===
  A전용 KC → out_L 평균 0.5423 | out_R 평균 0.5422 | 차이 +0.0001 (정답은 out_L) **정답쪽 우세**
  B전용 KC → out_L 평균 0.5387 | out_R 평균 0.5420 | 차이 -0.0033 (정답은 out_R) **정답쪽 우세**

=== 가중치 변화 ===
  kc_out_l: n=8102 |Δ|평균 0.05567 변화율  61.2% | 평균 0.500→0.541 | std 0.0000→0.0826
  kc_out_r: n=7900 |Δ|평균 0.04271 변화율  62.1% | 평균 0.500→0.537 | std 0.0000→0.0541

=== 요약 (mode=learn seed=103) ===
  첫 구간 43.0% → 마지막 구간 65.0% | 변화 +22.0%p | 보상률 60.6%
=> MINCIRC mode=learn seed=103 first=43.0 last=65.0 delta=+22.0 reward=60.6 **eval=100.0** tie=0 trialseed=600
