[관계] 항목 8개(훈련 4, 새 4), 반쪽 50 중 활성 15, 항목 간 겹침 1~7(평균 4.2), 새↔훈련 겹침 1~6, 패턴 64개(S 8, D 56)
make: Entering directory '/root/e137_main_run/minimal_circuit_CODE'
make: Nothing to be done for 'all'.
make: Leaving directory '/root/e137_main_run/minimal_circuit_CODE'
[KC불러옴] /mnt/c/Users/JungHyun/Desktop/brain/BrainSimulation-rebuild/research/experiments/traces/E137/dev_corr_w94.npz | 일치형 같은 위치 326/400 | 불일치형 같은 위치 359/400
  시행    1~ 100: 정답률  47.0%
=> SDGEN mode=learn seed=94 trialseed=601 train_same=76.0 train_diff=40.0 train_bal=58.0 novel_same=100.0 novel_diff=65.2 novel_bal=82.6 | ties train:7 novel:0 | n_same/diff train 50/50 novel 54/46
=> SDLAB diff=cyclic rule=samediff mode=learn seed=94 trialseed=601 train_accL=76.0 train_accR=40.0 train_lbal=58.0 novel_accL=100.0 novel_accR=65.2 novel_lbal=82.6

=== 평가 (탐색 없음, 학습 없음, 무작위 순서 100시행) : 정답률 100.0% | 동점 0회 ===
   자극 A: 45/45 (100.0%)
   자극 B: 55/55 (100.0%)

=== 학습 후 자극별 출력 (선택 이전의 원 신호) ===
  자극 A → 정답 L | out_L=  28  out_R=  21  차이    +7 | KC 101개
  자극 B → 정답 R | out_L=  15  out_R=  21  차이    -6 | KC 134개

=== 가중치 구조 (A전용 KC 87개, B전용 KC 120개) ===
  A전용 KC → out_L 평균 0.5046 | out_R 평균 0.5010 | 차이 +0.0036 (정답은 out_L) **정답쪽 우세**
  B전용 KC → out_L 평균 0.5030 | out_R 평균 0.5031 | 차이 -0.0002 (정답은 out_R) **정답쪽 우세**

=== 가중치 변화 ===
  kc_out_l: n=8043 |Δ|평균 0.00557 변화율  67.1% | 평균 0.500→0.503 | std 0.0000→0.0099
  kc_out_r: n=8008 |Δ|평균 0.00575 변화율  67.8% | 평균 0.500→0.503 | std 0.0000→0.0080

=== 요약 (mode=learn seed=94) ===
  첫 구간 47.0% → 마지막 구간 47.0% | 변화 +0.0%p | 보상률 47.0%
=> MINCIRC mode=learn seed=94 first=47.0 last=47.0 delta=+0.0 reward=47.0 **eval=100.0** tie=0 trialseed=601
