[관계] 항목 8개(훈련 4, 새 4), 반쪽 50 중 활성 15, 항목 간 겹침 2~7(평균 4.7), 새↔훈련 겹침 3~7, 패턴 64개(S 8, D 56)
make: Entering directory '/root/e137_main_run/minimal_circuit_CODE'
make: Nothing to be done for 'all'.
make: Leaving directory '/root/e137_main_run/minimal_circuit_CODE'
[KC불러옴] /mnt/c/Users/JungHyun/Desktop/brain/BrainSimulation-rebuild/research/experiments/traces/E137/dev_corr_w104.npz | 일치형 같은 위치 307/400 | 불일치형 같은 위치 330/400
  시행    1~ 100: 정답률  42.0%
  시행  101~ 200: 정답률  41.0%
  시행  201~ 300: 정답률  46.0%
  시행  301~ 400: 정답률  48.0%
  시행  401~ 500: 정답률  65.0%
  시행  501~ 600: 정답률  56.0%
  시행  601~ 700: 정답률  56.0%
  시행  701~ 800: 정답률  61.0%
=> SDGEN mode=learn seed=104 trialseed=601 train_same=100.0 train_diff=67.3 train_bal=83.6 novel_same=100.0 novel_diff=80.9 novel_bal=90.4 | ties train:0 novel:0 | n_same/diff train 45/55 novel 53/47
=> SDLAB diff=cyclic rule=samediff mode=learn seed=104 trialseed=601 train_accL=100.0 train_accR=67.3 train_lbal=83.6 novel_accL=100.0 novel_accR=80.9 novel_lbal=90.4

=== 평가 (탐색 없음, 학습 없음, 무작위 순서 100시행) : 정답률 100.0% | 동점 0회 ===
   자극 A: 55/55 (100.0%)
   자극 B: 45/45 (100.0%)

=== 학습 후 자극별 출력 (선택 이전의 원 신호) ===
  자극 A → 정답 L | out_L=  29  out_R=  25  차이    +4 | KC 124개
  자극 B → 정답 R | out_L=  13  out_R=  43  차이   -30 | KC 122개

=== 가중치 구조 (A전용 KC 115개, B전용 KC 113개) ===
  A전용 KC → out_L 평균 0.5095 | out_R 평균 0.5416 | 차이 -0.0321 (정답은 out_L) **반대**
  B전용 KC → out_L 평균 0.5158 | out_R 평균 0.5558 | 차이 -0.0400 (정답은 out_R) **정답쪽 우세**

=== 가중치 변화 ===
  kc_out_l: n=8101 |Δ|평균 0.03930 변화율  66.9% | 평균 0.500→0.526 | std 0.0000→0.0580
  kc_out_r: n=7979 |Δ|평균 0.04839 변화율  67.1% | 평균 0.500→0.538 | std 0.0000→0.0578

=== 요약 (mode=learn seed=104) ===
  첫 구간 42.0% → 마지막 구간 61.0% | 변화 +19.0%p | 보상률 51.9%
=> MINCIRC mode=learn seed=104 first=42.0 last=61.0 delta=+19.0 reward=51.9 **eval=100.0** tie=0 trialseed=601
