[관계] 항목 8개(훈련 4, 새 4), 반쪽 50 중 활성 15, 항목 간 겹침 2~8(평균 4.7), 새↔훈련 겹침 2~7, 패턴 64개(S 8, D 56)
make: Entering directory '/root/e137_main_run/minimal_circuit_CODE'
make: Nothing to be done for 'all'.
make: Leaving directory '/root/e137_main_run/minimal_circuit_CODE'
[KC불러옴] /mnt/c/Users/JungHyun/Desktop/brain/BrainSimulation-rebuild/research/experiments/traces/E137/dev_corr_w100.npz | 일치형 같은 위치 275/400 | 불일치형 같은 위치 361/400
  시행    1~ 100: 정답률  47.0%
  시행  101~ 200: 정답률  62.0%
  시행  201~ 300: 정답률  58.0%
  시행  301~ 400: 정답률  66.0%
  시행  401~ 500: 정답률  63.0%
  시행  501~ 600: 정답률  74.0%
  시행  601~ 700: 정답률  70.0%
  시행  701~ 800: 정답률  73.0%
=> SDGEN mode=learn seed=100 trialseed=600 train_same=100.0 train_diff=100.0 train_bal=100.0 novel_same=100.0 novel_diff=93.5 novel_bal=96.7 | ties train:0 novel:3 | n_same/diff train 54/46 novel 54/46
=> SDLAB diff=cyclic rule=samediff mode=learn seed=100 trialseed=600 train_accL=100.0 train_accR=100.0 train_lbal=100.0 novel_accL=100.0 novel_accR=93.5 novel_lbal=96.7

=== 평가 (탐색 없음, 학습 없음, 무작위 순서 100시행) : 정답률 54.0% | 동점 0회 ===
   자극 A: 0/46 (0.0%)
   자극 B: 54/54 (100.0%)

=== 학습 후 자극별 출력 (선택 이전의 원 신호) ===
  자극 A → 정답 L | out_L=   3  out_R=  61  차이   -58 | KC 121개
  자극 B → 정답 R | out_L=   4  out_R=  44  차이   -40 | KC 127개

=== 가중치 구조 (A전용 KC 102개, B전용 KC 108개) ===
  A전용 KC → out_L 평균 0.5002 | out_R 평균 0.5703 | 차이 -0.0701 (정답은 out_L) **반대**
  B전용 KC → out_L 평균 0.5422 | out_R 평균 0.5809 | 차이 -0.0387 (정답은 out_R) **정답쪽 우세**

=== 가중치 변화 ===
  kc_out_l: n=7882 |Δ|평균 0.05564 변화율  73.4% | 평균 0.500→0.545 | std 0.0000→0.0760
  kc_out_r: n=8094 |Δ|평균 0.06156 변화율  73.4% | 평균 0.500→0.553 | std 0.0000→0.0656

=== 요약 (mode=learn seed=100) ===
  첫 구간 47.0% → 마지막 구간 73.0% | 변화 +26.0%p | 보상률 64.1%
=> MINCIRC mode=learn seed=100 first=47.0 last=73.0 delta=+26.0 reward=64.1 **eval=54.0** tie=0 trialseed=600
