[관계] 항목 8개(훈련 4, 새 4), 반쪽 50 중 활성 15, 항목 간 겹침 1~8(평균 4.4), 새↔훈련 겹침 1~6, 패턴 64개(S 8, D 56)
make: Entering directory '/root/e137_main_run/minimal_circuit_CODE'
make: Leaving directory '/root/e137_main_run/minimal_circuit_CODE'
[KC불러옴] /mnt/c/Users/JungHyun/Desktop/brain/BrainSimulation-rebuild/research/experiments/traces/E137/dev_corr_w99.npz | 일치형 같은 위치 315/400 | 불일치형 같은 위치 373/400
  시행    1~ 100: 정답률  49.0%
=> SDGEN mode=learn seed=99 trialseed=600 train_same=72.9 train_diff=48.1 train_bal=60.5 novel_same=32.7 novel_diff=86.7 novel_bal=59.7 | ties train:0 novel:1 | n_same/diff train 48/52 novel 55/45
=> SDLAB diff=cyclic rule=samediff mode=learn seed=99 trialseed=600 train_accL=72.9 train_accR=48.1 train_lbal=60.5 novel_accL=32.7 novel_accR=86.7 novel_lbal=59.7

=== 평가 (탐색 없음, 학습 없음, 무작위 순서 100시행) : 정답률 0.0% | 동점 0회 ===
   자극 A: 0/42 (0.0%)
   자극 B: 0/58 (0.0%)

=== 학습 후 자극별 출력 (선택 이전의 원 신호) ===
  자극 A → 정답 L | out_L=   6  out_R=  42  차이   -36 | KC 128개
  자극 B → 정답 R | out_L=  35  out_R=  29  차이    +6 | KC 108개

=== 가중치 구조 (A전용 KC 119개, B전용 KC 99개) ===
  A전용 KC → out_L 평균 0.5037 | out_R 평균 0.5056 | 차이 -0.0019 (정답은 out_L) **반대**
  B전용 KC → out_L 평균 0.5005 | out_R 평균 0.5064 | 차이 -0.0059 (정답은 out_R) **정답쪽 우세**

=== 가중치 변화 ===
  kc_out_l: n=7980 |Δ|평균 0.00633 변화율  69.3% | 평균 0.500→0.503 | std 0.0000→0.0090
  kc_out_r: n=8168 |Δ|평균 0.00563 변화율  68.5% | 평균 0.500→0.505 | std 0.0000→0.0071

=== 요약 (mode=learn seed=99) ===
  첫 구간 49.0% → 마지막 구간 49.0% | 변화 +0.0%p | 보상률 49.0%
=> MINCIRC mode=learn seed=99 first=49.0 last=49.0 delta=+0.0 reward=49.0 **eval=0.0** tie=0 trialseed=600
