[관계] 항목 8개(훈련 4, 새 4), 반쪽 50 중 활성 15, 항목 간 겹침 1~8(평균 4.2), 새↔훈련 겹침 1~8, 패턴 64개(S 8, D 56)
make: Entering directory '/root/e137_main_run/minimal_circuit_CODE'
make: Nothing to be done for 'all'.
make: Leaving directory '/root/e137_main_run/minimal_circuit_CODE'
[KC불러옴] /mnt/c/Users/JungHyun/Desktop/brain/BrainSimulation-rebuild/research/experiments/traces/E137/dev_corr_w107.npz | 일치형 같은 위치 334/400 | 불일치형 같은 위치 354/400
  시행    1~ 100: 정답률  47.0%
  시행  101~ 200: 정답률  41.0%
  시행  201~ 300: 정답률  48.0%
  시행  301~ 400: 정답률  56.0%
  시행  401~ 500: 정답률  75.0%
  시행  501~ 600: 정답률  57.0%
  시행  601~ 700: 정답률  58.0%
  시행  701~ 800: 정답률  64.0%
=> SDGEN mode=learn seed=107 trialseed=601 train_same=77.4 train_diff=78.7 train_bal=78.0 novel_same=100.0 novel_diff=46.3 novel_bal=73.1 | ties train:0 novel:0 | n_same/diff train 53/47 novel 46/54
=> SDLAB diff=cyclic rule=samediff mode=learn seed=107 trialseed=601 train_accL=77.4 train_accR=78.7 train_lbal=78.0 novel_accL=100.0 novel_accR=46.3 novel_lbal=73.1

=== 평가 (탐색 없음, 학습 없음, 무작위 순서 100시행) : 정답률 49.0% | 동점 0회 ===
   자극 A: 0/51 (0.0%)
   자극 B: 49/49 (100.0%)

=== 학습 후 자극별 출력 (선택 이전의 원 신호) ===
  자극 A → 정답 L | out_L=  31  out_R=  48  차이   -17 | KC 120개
  자극 B → 정답 R | out_L=   6  out_R=  33  차이   -27 | KC 137개

=== 가중치 구조 (A전용 KC 99개, B전용 KC 116개) ===
  A전용 KC → out_L 평균 0.5093 | out_R 평균 0.5616 | 차이 -0.0523 (정답은 out_L) **반대**
  B전용 KC → out_L 평균 0.5238 | out_R 평균 0.5665 | 차이 -0.0427 (정답은 out_R) **정답쪽 우세**

=== 가중치 변화 ===
  kc_out_l: n=8024 |Δ|평균 0.05829 변화율  80.0% | 평균 0.500→0.539 | std 0.0000→0.0759
  kc_out_r: n=7941 |Δ|평균 0.04740 변화율  79.5% | 평균 0.500→0.537 | std 0.0000→0.0545

=== 요약 (mode=learn seed=107) ===
  첫 구간 47.0% → 마지막 구간 64.0% | 변화 +17.0%p | 보상률 55.8%
=> MINCIRC mode=learn seed=107 first=47.0 last=64.0 delta=+17.0 reward=55.8 **eval=49.0** tie=0 trialseed=601
