[관계] 항목 8개(훈련 4, 새 4), 반쪽 50 중 활성 15, 항목 간 겹침 2~8(평균 4.7), 새↔훈련 겹침 2~7, 패턴 64개(S 8, D 56)
make: Entering directory '/root/e137_main_run/minimal_circuit_CODE'
make: Leaving directory '/root/e137_main_run/minimal_circuit_CODE'
[KC불러옴] /mnt/c/Users/JungHyun/Desktop/brain/BrainSimulation-rebuild/research/experiments/traces/E137/dev_corr_w100.npz | 일치형 같은 위치 275/400 | 불일치형 같은 위치 361/400
  시행    1~ 100: 정답률  47.0%
=> SDGEN mode=learn seed=100 trialseed=600 train_same=64.9 train_diff=76.7 train_bal=70.8 novel_same=42.6 novel_diff=71.7 novel_bal=57.2 | ties train:16 novel:19 | n_same/diff train 57/43 novel 54/46
=> SDLAB diff=cyclic rule=samediff mode=learn seed=100 trialseed=600 train_accL=64.9 train_accR=76.7 train_lbal=70.8 novel_accL=42.6 novel_accR=71.7 novel_lbal=57.2

=== 평가 (탐색 없음, 학습 없음, 무작위 순서 100시행) : 정답률 46.0% | 동점 0회 ===
   자극 A: 46/46 (100.0%)
   자극 B: 0/54 (0.0%)

=== 학습 후 자극별 출력 (선택 이전의 원 신호) ===
  자극 A → 정답 L | out_L=  35  out_R=  31  차이    +4 | KC 121개
  자극 B → 정답 R | out_L=  46  out_R=  21  차이   +25 | KC 127개

=== 가중치 구조 (A전용 KC 102개, B전용 KC 108개) ===
  A전용 KC → out_L 평균 0.4990 | out_R 평균 0.5087 | 차이 -0.0097 (정답은 out_L) **반대**
  B전용 KC → out_L 평균 0.5013 | out_R 평균 0.5088 | 차이 -0.0074 (정답은 out_R) **정답쪽 우세**

=== 가중치 변화 ===
  kc_out_l: n=7882 |Δ|평균 0.00360 변화율  73.4% | 평균 0.500→0.502 | std 0.0000→0.0053
  kc_out_r: n=8094 |Δ|평균 0.00743 변화율  73.4% | 평균 0.500→0.505 | std 0.0000→0.0089

=== 요약 (mode=learn seed=100) ===
  첫 구간 47.0% → 마지막 구간 47.0% | 변화 +0.0%p | 보상률 47.0%
=> MINCIRC mode=learn seed=100 first=47.0 last=47.0 delta=+0.0 reward=47.0 **eval=46.0** tie=0 trialseed=600
