[관계] 항목 8개(훈련 4, 새 4), 반쪽 50 중 활성 15, 항목 간 겹침 1~7(평균 4.3), 새↔훈련 겹침 1~7, 패턴 64개(S 8, D 56)
make: Entering directory '/root/e137_main_run/minimal_circuit_CODE'
make: Nothing to be done for 'all'.
make: Leaving directory '/root/e137_main_run/minimal_circuit_CODE'
[KC불러옴] /mnt/c/Users/JungHyun/Desktop/brain/BrainSimulation-rebuild/research/experiments/traces/E137/dev_corr_w98.npz | 일치형 같은 위치 363/400 | 불일치형 같은 위치 380/400
  시행    1~ 100: 정답률  55.0%
  시행  101~ 200: 정답률  66.0%
=> SDGEN mode=learn seed=98 trialseed=600 train_same=72.5 train_diff=69.4 train_bal=71.0 novel_same=10.2 novel_diff=100.0 novel_bal=55.1 | ties train:0 novel:10 | n_same/diff train 51/49 novel 49/51
=> SDLAB diff=cyclic rule=samediff mode=learn seed=98 trialseed=600 train_accL=72.5 train_accR=69.4 train_lbal=71.0 novel_accL=10.2 novel_accR=100.0 novel_lbal=55.1

=== 평가 (탐색 없음, 학습 없음, 무작위 순서 100시행) : 정답률 48.0% | 동점 0회 ===
   자극 A: 0/52 (0.0%)
   자극 B: 48/48 (100.0%)

=== 학습 후 자극별 출력 (선택 이전의 원 신호) ===
  자극 A → 정답 L | out_L=  46  out_R=  47  차이    -1 | KC 117개
  자극 B → 정답 R | out_L=  35  out_R=  48  차이   -13 | KC 123개

=== 가중치 구조 (A전용 KC 109개, B전용 KC 115개) ===
  A전용 KC → out_L 평균 0.5127 | out_R 평균 0.5154 | 차이 -0.0027 (정답은 out_L) **반대**
  B전용 KC → out_L 평균 0.5048 | out_R 평균 0.5151 | 차이 -0.0103 (정답은 out_R) **정답쪽 우세**

=== 가중치 변화 ===
  kc_out_l: n=7884 |Δ|평균 0.01312 변화율  74.0% | 평균 0.500→0.510 | std 0.0000→0.0181
  kc_out_r: n=8045 |Δ|평균 0.01546 변화율  73.5% | 평균 0.500→0.513 | std 0.0000→0.0175

=== 요약 (mode=learn seed=98) ===
  첫 구간 55.0% → 마지막 구간 66.0% | 변화 +11.0%p | 보상률 60.5%
=> MINCIRC mode=learn seed=98 first=55.0 last=66.0 delta=+11.0 reward=60.5 **eval=48.0** tie=0 trialseed=600
