[관계] 항목 8개(훈련 4, 새 4), 반쪽 50 중 활성 15, 항목 간 겹침 0~7(평균 4.3), 새↔훈련 겹침 0~6, 패턴 64개(S 8, D 56)
make: Entering directory '/root/e137_main_run/minimal_circuit_CODE'
make: Leaving directory '/root/e137_main_run/minimal_circuit_CODE'
[KC불러옴] /mnt/c/Users/JungHyun/Desktop/brain/BrainSimulation-rebuild/research/experiments/traces/E137/dev_corr_w101.npz | 일치형 같은 위치 290/400 | 불일치형 같은 위치 364/400
  시행    1~ 100: 정답률  35.0%
=> SDGEN mode=learn seed=101 trialseed=600 train_same=18.2 train_diff=73.5 train_bal=45.9 novel_same=20.8 novel_diff=61.7 novel_bal=41.2 | ties train:20 novel:4 | n_same/diff train 66/34 novel 53/47
=> SDLAB diff=cyclic rule=samediff mode=learn seed=101 trialseed=600 train_accL=18.2 train_accR=73.5 train_lbal=45.9 novel_accL=20.8 novel_accR=61.7 novel_lbal=41.2

=== 평가 (탐색 없음, 학습 없음, 무작위 순서 100시행) : 정답률 43.0% | 동점 0회 ===
   자극 A: 0/57 (0.0%)
   자극 B: 43/43 (100.0%)

=== 학습 후 자극별 출력 (선택 이전의 원 신호) ===
  자극 A → 정답 L | out_L=  28  out_R=  39  차이   -11 | KC 121개
  자극 B → 정답 R | out_L=  37  out_R=  39  차이    -2 | KC 122개

=== 가중치 구조 (A전용 KC 98개, B전용 KC 99개) ===
  A전용 KC → out_L 평균 0.4992 | out_R 평균 0.5030 | 차이 -0.0038 (정답은 out_L) **반대**
  B전용 KC → out_L 평균 0.4990 | out_R 평균 0.5039 | 차이 -0.0049 (정답은 out_R) **정답쪽 우세**

=== 가중치 변화 ===
  kc_out_l: n=7952 |Δ|평균 0.00275 변화율  74.0% | 평균 0.500→0.500 | std 0.0000→0.0036
  kc_out_r: n=8061 |Δ|평균 0.00627 변화율  74.3% | 평균 0.500→0.504 | std 0.0000→0.0076

=== 요약 (mode=learn seed=101) ===
  첫 구간 35.0% → 마지막 구간 35.0% | 변화 +0.0%p | 보상률 35.0%
=> MINCIRC mode=learn seed=101 first=35.0 last=35.0 delta=+0.0 reward=35.0 **eval=43.0** tie=0 trialseed=600
