[관계] 항목 8개(훈련 4, 새 4), 반쪽 50 중 활성 15, 항목 간 겹침 1~7(평균 4.6), 새↔훈련 겹침 1~7, 패턴 64개(S 8, D 56)
make: Entering directory '/root/e137_main_run/minimal_circuit_CODE'
make: Leaving directory '/root/e137_main_run/minimal_circuit_CODE'
[KC불러옴] /mnt/c/Users/JungHyun/Desktop/brain/BrainSimulation-rebuild/research/experiments/traces/E137/dev_corr_w97.npz | 일치형 같은 위치 320/400 | 불일치형 같은 위치 351/400
  시행    1~ 100: 정답률  45.0%
=> SDGEN mode=learn seed=97 trialseed=600 train_same=100.0 train_diff=16.3 train_bal=58.2 novel_same=100.0 novel_diff=8.9 novel_bal=54.5 | ties train:0 novel:0 | n_same/diff train 51/49 novel 44/56
=> SDLAB diff=cyclic rule=samediff mode=learn seed=97 trialseed=600 train_accL=100.0 train_accR=16.3 train_lbal=58.2 novel_accL=100.0 novel_accR=8.9 novel_lbal=54.5

=== 평가 (탐색 없음, 학습 없음, 무작위 순서 100시행) : 정답률 44.0% | 동점 0회 ===
   자극 A: 44/44 (100.0%)
   자극 B: 0/56 (0.0%)

=== 학습 후 자극별 출력 (선택 이전의 원 신호) ===
  자극 A → 정답 L | out_L=  37  out_R=  36  차이    +1 | KC 133개
  자극 B → 정답 R | out_L=  24  out_R=  17  차이    +7 | KC 125개

=== 가중치 구조 (A전용 KC 118개, B전용 KC 110개) ===
  A전용 KC → out_L 평균 0.4989 | out_R 평균 0.5030 | 차이 -0.0041 (정답은 out_L) **반대**
  B전용 KC → out_L 평균 0.5009 | out_R 평균 0.5022 | 차이 -0.0012 (정답은 out_R) **정답쪽 우세**

=== 가중치 변화 ===
  kc_out_l: n=8155 |Δ|평균 0.00728 변화율  71.7% | 평균 0.500→0.503 | std 0.0000→0.0096
  kc_out_r: n=7960 |Δ|평균 0.00311 변화율  71.7% | 평균 0.500→0.502 | std 0.0000→0.0042

=== 요약 (mode=learn seed=97) ===
  첫 구간 45.0% → 마지막 구간 45.0% | 변화 +0.0%p | 보상률 45.0%
=> MINCIRC mode=learn seed=97 first=45.0 last=45.0 delta=+0.0 reward=45.0 **eval=44.0** tie=0 trialseed=600
