[관계] 항목 8개(훈련 4, 새 4), 반쪽 50 중 활성 15, 항목 간 겹침 2~8(평균 4.9), 새↔훈련 겹침 2~7, 패턴 64개(S 8, D 56)
make: Entering directory '/root/e137_main_run/minimal_circuit_CODE'
make: Leaving directory '/root/e137_main_run/minimal_circuit_CODE'
[KC불러옴] /mnt/c/Users/JungHyun/Desktop/brain/BrainSimulation-rebuild/research/experiments/traces/E137/dev_corr_w103.npz | 일치형 같은 위치 304/400 | 불일치형 같은 위치 335/400
  시행    1~ 100: 정답률  43.0%
=> SDGEN mode=learn seed=103 trialseed=600 train_same=100.0 train_diff=48.8 train_bal=74.4 novel_same=100.0 novel_diff=46.2 novel_bal=73.1 | ties train:0 novel:0 | n_same/diff train 57/43 novel 48/52
=> SDLAB diff=cyclic rule=samediff mode=learn seed=103 trialseed=600 train_accL=100.0 train_accR=48.8 train_lbal=74.4 novel_accL=100.0 novel_accR=46.2 novel_lbal=73.1

=== 평가 (탐색 없음, 학습 없음, 무작위 순서 100시행) : 정답률 59.0% | 동점 0회 ===
   자극 A: 59/59 (100.0%)
   자극 B: 0/41 (0.0%)

=== 학습 후 자극별 출력 (선택 이전의 원 신호) ===
  자극 A → 정답 L | out_L=  32  out_R=  27  차이    +5 | KC 111개
  자극 B → 정답 R | out_L=  41  out_R=  37  차이    +4 | KC 118개

=== 가중치 구조 (A전용 KC 103개, B전용 KC 110개) ===
  A전용 KC → out_L 평균 0.5024 | out_R 평균 0.5040 | 차이 -0.0016 (정답은 out_L) **반대**
  B전용 KC → out_L 평균 0.5007 | out_R 평균 0.5035 | 차이 -0.0028 (정답은 out_R) **정답쪽 우세**

=== 가중치 변화 ===
  kc_out_l: n=8102 |Δ|평균 0.00490 변화율  61.2% | 평균 0.500→0.502 | std 0.0000→0.0070
  kc_out_r: n=7900 |Δ|평균 0.00456 변화율  62.1% | 평균 0.500→0.503 | std 0.0000→0.0065

=== 요약 (mode=learn seed=103) ===
  첫 구간 43.0% → 마지막 구간 43.0% | 변화 +0.0%p | 보상률 43.0%
=> MINCIRC mode=learn seed=103 first=43.0 last=43.0 delta=+0.0 reward=43.0 **eval=59.0** tie=0 trialseed=600
