[관계] 항목 8개(훈련 4, 새 4), 반쪽 50 중 활성 15, 항목 간 겹침 1~7(평균 4.6), 새↔훈련 겹침 1~7, 패턴 64개(S 8, D 56)
make: Entering directory '/root/e137_main_run/minimal_circuit_CODE'
make: Nothing to be done for 'all'.
make: Leaving directory '/root/e137_main_run/minimal_circuit_CODE'
[KC불러옴] /mnt/c/Users/JungHyun/Desktop/brain/BrainSimulation-rebuild/research/experiments/traces/E137/dev_corr_w97.npz | 일치형 같은 위치 320/400 | 불일치형 같은 위치 351/400
  시행    1~ 100: 정답률  54.0%
  시행  101~ 200: 정답률  48.0%
  시행  201~ 300: 정답률  51.0%
  시행  301~ 400: 정답률  51.0%
  시행  401~ 500: 정답률  60.0%
  시행  501~ 600: 정답률  49.0%
  시행  601~ 700: 정답률  49.0%
  시행  701~ 800: 정답률  54.0%
=> SDGEN mode=learn seed=97 trialseed=601 train_same=100.0 train_diff=16.3 train_bal=58.2 novel_same=100.0 novel_diff=40.0 novel_bal=70.0 | ties train:0 novel:7 | n_same/diff train 51/49 novel 40/60
=> SDLAB diff=cyclic rule=samediff mode=learn seed=97 trialseed=601 train_accL=100.0 train_accR=16.3 train_lbal=58.2 novel_accL=100.0 novel_accR=40.0 novel_lbal=70.0

=== 평가 (탐색 없음, 학습 없음, 무작위 순서 100시행) : 정답률 0.0% | 동점 0회 ===
   자극 A: 0/44 (0.0%)
   자극 B: 0/56 (0.0%)

=== 학습 후 자극별 출력 (선택 이전의 원 신호) ===
  자극 A → 정답 L | out_L=  20  out_R=  37  차이   -17 | KC 133개
  자극 B → 정답 R | out_L=  20  out_R=  15  차이    +5 | KC 125개

=== 가중치 구조 (A전용 KC 118개, B전용 KC 110개) ===
  A전용 KC → out_L 평균 0.4948 | out_R 평균 0.5274 | 차이 -0.0327 (정답은 out_L) **반대**
  B전용 KC → out_L 평균 0.5177 | out_R 평균 0.5245 | 차이 -0.0068 (정답은 out_R) **정답쪽 우세**

=== 가중치 변화 ===
  kc_out_l: n=8155 |Δ|평균 0.06226 변화율  71.7% | 평균 0.500→0.535 | std 0.0000→0.0840
  kc_out_r: n=7960 |Δ|평균 0.02945 변화율  71.7% | 평균 0.500→0.524 | std 0.0000→0.0361

=== 요약 (mode=learn seed=97) ===
  첫 구간 54.0% → 마지막 구간 54.0% | 변화 +0.0%p | 보상률 52.0%
=> MINCIRC mode=learn seed=97 first=54.0 last=54.0 delta=+0.0 reward=52.0 **eval=0.0** tie=0 trialseed=601
