[관계] 항목 8개(훈련 4, 새 4), 반쪽 50 중 활성 15, 항목 간 겹침 1~7(평균 4.3), 새↔훈련 겹침 1~7, 패턴 64개(S 8, D 56)
make: Entering directory '/root/e137_main_run/minimal_circuit_CODE'
make: Nothing to be done for 'all'.
make: Leaving directory '/root/e137_main_run/minimal_circuit_CODE'
[KC불러옴] /mnt/c/Users/JungHyun/Desktop/brain/BrainSimulation-rebuild/research/experiments/traces/E137/dev_corr_w98.npz | 일치형 같은 위치 363/400 | 불일치형 같은 위치 380/400
  시행    1~ 100: 정답률  59.0%
  시행  101~ 200: 정답률  63.0%
  시행  201~ 300: 정답률  59.0%
  시행  301~ 400: 정답률  58.0%
=> SDGEN mode=learn seed=98 trialseed=601 train_same=100.0 train_diff=69.4 train_bal=84.7 novel_same=34.7 novel_diff=100.0 novel_bal=67.3 | ties train:0 novel:0 | n_same/diff train 51/49 novel 49/51
=> SDLAB diff=cyclic rule=samediff mode=learn seed=98 trialseed=601 train_accL=100.0 train_accR=69.4 train_lbal=84.7 novel_accL=34.7 novel_accR=100.0 novel_lbal=67.3

=== 평가 (탐색 없음, 학습 없음, 무작위 순서 100시행) : 정답률 100.0% | 동점 0회 ===
   자극 A: 52/52 (100.0%)
   자극 B: 48/48 (100.0%)

=== 학습 후 자극별 출력 (선택 이전의 원 신호) ===
  자극 A → 정답 L | out_L=  46  out_R=  38  차이    +8 | KC 117개
  자극 B → 정답 R | out_L=  26  out_R=  48  차이   -22 | KC 123개

=== 가중치 구조 (A전용 KC 109개, B전용 KC 115개) ===
  A전용 KC → out_L 평균 0.5327 | out_R 평균 0.5247 | 차이 +0.0080 (정답은 out_L) **정답쪽 우세**
  B전용 KC → out_L 평균 0.5137 | out_R 평균 0.5228 | 차이 -0.0091 (정답은 out_R) **정답쪽 우세**

=== 가중치 변화 ===
  kc_out_l: n=7884 |Δ|평균 0.03260 변화율  74.0% | 평균 0.500→0.525 | std 0.0000→0.0446
  kc_out_r: n=8045 |Δ|평균 0.02381 변화율  73.5% | 평균 0.500→0.520 | std 0.0000→0.0290

=== 요약 (mode=learn seed=98) ===
  첫 구간 59.0% → 마지막 구간 58.0% | 변화 -1.0%p | 보상률 59.8%
=> MINCIRC mode=learn seed=98 first=59.0 last=58.0 delta=-1.0 reward=59.8 **eval=100.0** tie=0 trialseed=601
