[관계] 항목 8개(훈련 4, 새 4), 반쪽 50 중 활성 15, 항목 간 겹침 1~7(평균 4.2), 새↔훈련 겹침 2~6, 패턴 64개(S 8, D 56)
make: Entering directory '/root/e137_main_run/minimal_circuit_CODE'
make: Nothing to be done for 'all'.
make: Leaving directory '/root/e137_main_run/minimal_circuit_CODE'
[KC불러옴] /mnt/c/Users/JungHyun/Desktop/brain/BrainSimulation-rebuild/research/experiments/traces/E137/dev_corr_w96.npz | 일치형 같은 위치 336/400 | 불일치형 같은 위치 376/400
  시행    1~ 100: 정답률  53.0%
  시행  101~ 200: 정답률  57.0%
=> SDGEN mode=learn seed=96 trialseed=600 train_same=88.2 train_diff=44.9 train_bal=66.6 novel_same=68.8 novel_diff=63.5 novel_bal=66.1 | ties train:12 novel:5 | n_same/diff train 51/49 novel 48/52
=> SDLAB diff=cyclic rule=samediff mode=learn seed=96 trialseed=600 train_accL=88.2 train_accR=44.9 train_lbal=66.6 novel_accL=68.8 novel_accR=63.5 novel_lbal=66.1

=== 평가 (탐색 없음, 학습 없음, 무작위 순서 100시행) : 정답률 59.0% | 동점 0회 ===
   자극 A: 0/41 (0.0%)
   자극 B: 59/59 (100.0%)

=== 학습 후 자극별 출력 (선택 이전의 원 신호) ===
  자극 A → 정답 L | out_L=   6  out_R=  25  차이   -19 | KC 139개
  자극 B → 정답 R | out_L=  29  out_R=  35  차이    -6 | KC 100개

=== 가중치 구조 (A전용 KC 133개, B전용 KC 94개) ===
  A전용 KC → out_L 평균 0.4990 | out_R 평균 0.5176 | 차이 -0.0187 (정답은 out_L) **반대**
  B전용 KC → out_L 평균 0.5011 | out_R 평균 0.5141 | 차이 -0.0130 (정답은 out_R) **정답쪽 우세**

=== 가중치 변화 ===
  kc_out_l: n=8043 |Δ|평균 0.01164 변화율  71.4% | 평균 0.500→0.507 | std 0.0000→0.0158
  kc_out_r: n=7978 |Δ|평균 0.01415 변화율  72.0% | 평균 0.500→0.513 | std 0.0000→0.0171

=== 요약 (mode=learn seed=96) ===
  첫 구간 53.0% → 마지막 구간 57.0% | 변화 +4.0%p | 보상률 55.0%
=> MINCIRC mode=learn seed=96 first=53.0 last=57.0 delta=+4.0 reward=55.0 **eval=59.0** tie=0 trialseed=600
