[관계] 항목 8개(훈련 4, 새 4), 반쪽 50 중 활성 15, 항목 간 겹침 0~7(평균 4.3), 새↔훈련 겹침 0~6, 패턴 64개(S 8, D 56)
make: Entering directory '/root/e137_main_run/minimal_circuit_CODE'
make: Nothing to be done for 'all'.
make: Leaving directory '/root/e137_main_run/minimal_circuit_CODE'
[KC불러옴] /mnt/c/Users/JungHyun/Desktop/brain/BrainSimulation-rebuild/research/experiments/traces/E137/dev_corr_w101.npz | 일치형 같은 위치 290/400 | 불일치형 같은 위치 364/400
  시행    1~ 100: 정답률  37.0%
  시행  101~ 200: 정답률  49.0%
  시행  201~ 300: 정답률  44.0%
  시행  301~ 400: 정답률  55.0%
=> SDGEN mode=learn seed=101 trialseed=601 train_same=69.1 train_diff=80.0 train_bal=74.5 novel_same=72.7 novel_diff=73.3 novel_bal=73.0 | ties train:14 novel:0 | n_same/diff train 55/45 novel 55/45
=> SDLAB diff=cyclic rule=samediff mode=learn seed=101 trialseed=601 train_accL=69.1 train_accR=80.0 train_lbal=74.5 novel_accL=72.7 novel_accR=73.3 novel_lbal=73.0

=== 평가 (탐색 없음, 학습 없음, 무작위 순서 100시행) : 정답률 43.0% | 동점 0회 ===
   자극 A: 0/57 (0.0%)
   자극 B: 43/43 (100.0%)

=== 학습 후 자극별 출력 (선택 이전의 원 신호) ===
  자극 A → 정답 L | out_L=  28  out_R=  32  차이    -4 | KC 121개
  자극 B → 정답 R | out_L=  27  out_R=  30  차이    -3 | KC 122개

=== 가중치 구조 (A전용 KC 98개, B전용 KC 99개) ===
  A전용 KC → out_L 평균 0.5063 | out_R 평균 0.5166 | 차이 -0.0103 (정답은 out_L) **반대**
  B전용 KC → out_L 평균 0.4990 | out_R 평균 0.5167 | 차이 -0.0177 (정답은 out_R) **정답쪽 우세**

=== 가중치 변화 ===
  kc_out_l: n=7952 |Δ|평균 0.01708 변화율  74.0% | 평균 0.500→0.508 | std 0.0000→0.0241
  kc_out_r: n=8061 |Δ|평균 0.02497 변화율  74.3% | 평균 0.500→0.518 | std 0.0000→0.0290

=== 요약 (mode=learn seed=101) ===
  첫 구간 37.0% → 마지막 구간 55.0% | 변화 +18.0%p | 보상률 46.2%
=> MINCIRC mode=learn seed=101 first=37.0 last=55.0 delta=+18.0 reward=46.2 **eval=43.0** tie=0 trialseed=601
