[관계] 항목 8개(훈련 4, 새 4), 반쪽 50 중 활성 15, 항목 간 겹침 2~8(평균 4.7), 새↔훈련 겹침 2~7, 패턴 64개(S 8, D 56)
make: Entering directory '/root/e137_main_run/minimal_circuit_CODE'
make: Nothing to be done for 'all'.
make: Leaving directory '/root/e137_main_run/minimal_circuit_CODE'
[KC불러옴] /mnt/c/Users/JungHyun/Desktop/brain/BrainSimulation-rebuild/research/experiments/traces/E137/dev_corr_w100.npz | 일치형 같은 위치 275/400 | 불일치형 같은 위치 361/400
  시행    1~ 100: 정답률  47.0%
  시행  101~ 200: 정답률  62.0%
=> SDGEN mode=learn seed=100 trialseed=600 train_same=41.8 train_diff=100.0 train_bal=70.9 novel_same=49.1 novel_diff=77.8 novel_bal=63.4 | ties train:12 novel:0 | n_same/diff train 55/45 novel 55/45
=> SDLAB diff=cyclic rule=samediff mode=learn seed=100 trialseed=600 train_accL=41.8 train_accR=100.0 train_lbal=70.9 novel_accL=49.1 novel_accR=77.8 novel_lbal=63.4

=== 평가 (탐색 없음, 학습 없음, 무작위 순서 100시행) : 정답률 0.0% | 동점 0회 ===
   자극 A: 0/46 (0.0%)
   자극 B: 0/54 (0.0%)

=== 학습 후 자극별 출력 (선택 이전의 원 신호) ===
  자극 A → 정답 L | out_L=  25  out_R=  32  차이    -7 | KC 121개
  자극 B → 정답 R | out_L=  36  out_R=  23  차이   +13 | KC 127개

=== 가중치 구조 (A전용 KC 102개, B전용 KC 108개) ===
  A전용 KC → out_L 평균 0.4987 | out_R 평균 0.5194 | 차이 -0.0206 (정답은 out_L) **반대**
  B전용 KC → out_L 평균 0.5044 | out_R 평균 0.5208 | 차이 -0.0164 (정답은 out_R) **정답쪽 우세**

=== 가중치 변화 ===
  kc_out_l: n=7882 |Δ|평균 0.00866 변화율  73.4% | 평균 0.500→0.506 | std 0.0000→0.0120
  kc_out_r: n=8094 |Δ|평균 0.01690 변화율  73.4% | 평균 0.500→0.514 | std 0.0000→0.0195

=== 요약 (mode=learn seed=100) ===
  첫 구간 47.0% → 마지막 구간 62.0% | 변화 +15.0%p | 보상률 54.5%
=> MINCIRC mode=learn seed=100 first=47.0 last=62.0 delta=+15.0 reward=54.5 **eval=0.0** tie=0 trialseed=600
