[관계] 항목 8개(훈련 4, 새 4), 반쪽 50 중 활성 15, 항목 간 겹침 0~7(평균 4.3), 새↔훈련 겹침 0~6, 패턴 64개(S 8, D 56)
make: Entering directory '/root/e137_main_run/minimal_circuit_CODE'
make: Nothing to be done for 'all'.
make: Leaving directory '/root/e137_main_run/minimal_circuit_CODE'
[KC불러옴] /mnt/c/Users/JungHyun/Desktop/brain/BrainSimulation-rebuild/research/experiments/traces/E137/dev_corr_w101.npz | 일치형 같은 위치 290/400 | 불일치형 같은 위치 364/400
  시행    1~ 100: 정답률  37.0%
=> SDGEN mode=learn seed=101 trialseed=601 train_same=45.0 train_diff=75.0 train_bal=60.0 novel_same=40.4 novel_diff=47.9 novel_bal=44.2 | ties train:0 novel:27 | n_same/diff train 60/40 novel 52/48
=> SDLAB diff=cyclic rule=samediff mode=learn seed=101 trialseed=601 train_accL=45.0 train_accR=75.0 train_lbal=60.0 novel_accL=40.4 novel_accR=47.9 novel_lbal=44.2

=== 평가 (탐색 없음, 학습 없음, 무작위 순서 100시행) : 정답률 0.0% | 동점 0회 ===
   자극 A: 0/57 (0.0%)
   자극 B: 0/43 (0.0%)

=== 학습 후 자극별 출력 (선택 이전의 원 신호) ===
  자극 A → 정답 L | out_L=  28  out_R=  39  차이   -11 | KC 121개
  자극 B → 정답 R | out_L=  37  out_R=  29  차이    +8 | KC 122개

=== 가중치 구조 (A전용 KC 98개, B전용 KC 99개) ===
  A전용 KC → out_L 평균 0.5004 | out_R 평균 0.5029 | 차이 -0.0025 (정답은 out_L) **반대**
  B전용 KC → out_L 평균 0.4990 | out_R 평균 0.5038 | 차이 -0.0048 (정답은 out_R) **정답쪽 우세**

=== 가중치 변화 ===
  kc_out_l: n=7952 |Δ|평균 0.00370 변화율  70.5% | 평균 0.500→0.501 | std 0.0000→0.0056
  kc_out_r: n=8061 |Δ|평균 0.00556 변화율  74.3% | 평균 0.500→0.503 | std 0.0000→0.0065

=== 요약 (mode=learn seed=101) ===
  첫 구간 37.0% → 마지막 구간 37.0% | 변화 +0.0%p | 보상률 37.0%
=> MINCIRC mode=learn seed=101 first=37.0 last=37.0 delta=+0.0 reward=37.0 **eval=0.0** tie=0 trialseed=601
