[관계] 항목 8개(훈련 4, 새 4), 반쪽 50 중 활성 15, 항목 간 겹침 1~7(평균 4.2), 새↔훈련 겹침 2~6, 패턴 64개(S 8, D 56)
make: Entering directory '/root/e137_main_run/minimal_circuit_CODE'
make: Nothing to be done for 'all'.
make: Leaving directory '/root/e137_main_run/minimal_circuit_CODE'
[KC불러옴] /mnt/c/Users/JungHyun/Desktop/brain/BrainSimulation-rebuild/research/experiments/traces/E137/dev_corr_w96.npz | 일치형 같은 위치 336/400 | 불일치형 같은 위치 376/400
  시행    1~ 100: 정답률  59.0%
  시행  101~ 200: 정답률  53.0%
  시행  201~ 300: 정답률  58.0%
  시행  301~ 400: 정답률  60.0%
  시행  401~ 500: 정답률  75.0%
  시행  501~ 600: 정답률  66.0%
  시행  601~ 700: 정답률  59.0%
  시행  701~ 800: 정답률  64.0%
=> SDGEN mode=learn seed=96 trialseed=601 train_same=100.0 train_diff=63.8 train_bal=81.9 novel_same=100.0 novel_diff=100.0 novel_bal=100.0 | ties train:0 novel:0 | n_same/diff train 53/47 novel 42/58
=> SDLAB diff=cyclic rule=samediff mode=learn seed=96 trialseed=601 train_accL=100.0 train_accR=63.8 train_lbal=81.9 novel_accL=100.0 novel_accR=100.0 novel_lbal=100.0

=== 평가 (탐색 없음, 학습 없음, 무작위 순서 100시행) : 정답률 59.0% | 동점 0회 ===
   자극 A: 0/41 (0.0%)
   자극 B: 59/59 (100.0%)

=== 학습 후 자극별 출력 (선택 이전의 원 신호) ===
  자극 A → 정답 L | out_L=   6  out_R=  33  차이   -27 | KC 139개
  자극 B → 정답 R | out_L=  33  out_R=  40  차이    -7 | KC 100개

=== 가중치 구조 (A전용 KC 133개, B전용 KC 94개) ===
  A전용 KC → out_L 평균 0.5105 | out_R 평균 0.5717 | 차이 -0.0613 (정답은 out_L) **반대**
  B전용 KC → out_L 평균 0.5159 | out_R 평균 0.5506 | 차이 -0.0347 (정답은 out_R) **정답쪽 우세**

=== 가중치 변화 ===
  kc_out_l: n=8043 |Δ|평균 0.05952 변화율  71.4% | 평균 0.500→0.545 | std 0.0000→0.0827
  kc_out_r: n=7978 |Δ|평균 0.05416 변화율  72.0% | 평균 0.500→0.549 | std 0.0000→0.0603

=== 요약 (mode=learn seed=96) ===
  첫 구간 59.0% → 마지막 구간 64.0% | 변화 +5.0%p | 보상률 61.8%
=> MINCIRC mode=learn seed=96 first=59.0 last=64.0 delta=+5.0 reward=61.8 **eval=59.0** tie=0 trialseed=601
