[관계] 항목 8개(훈련 4, 새 4), 반쪽 50 중 활성 15, 항목 간 겹침 2~7(평균 4.2), 새↔훈련 겹침 2~6, 패턴 64개(S 8, D 56)
make: Entering directory '/root/e137_main_run/minimal_circuit_CODE'
make: Nothing to be done for 'all'.
make: Leaving directory '/root/e137_main_run/minimal_circuit_CODE'
[KC불러옴] /mnt/c/Users/JungHyun/Desktop/brain/BrainSimulation-rebuild/research/experiments/traces/E137/dev_corr_w105.npz | 일치형 같은 위치 347/400 | 불일치형 같은 위치 346/400
  시행    1~ 100: 정답률  43.0%
  시행  101~ 200: 정답률  32.0%
=> SDGEN mode=learn seed=105 trialseed=601 train_same=0.0 train_diff=71.7 train_bal=35.9 novel_same=100.0 novel_diff=87.8 novel_bal=93.9 | ties train:0 novel:3 | n_same/diff train 54/46 novel 51/49
=> SDLAB diff=cyclic rule=samediff mode=learn seed=105 trialseed=601 train_accL=0.0 train_accR=71.7 train_lbal=35.9 novel_accL=100.0 novel_accR=87.8 novel_lbal=93.9

=== 평가 (탐색 없음, 학습 없음, 무작위 순서 100시행) : 정답률 0.0% | 동점 0회 ===
   자극 A: 0/45 (0.0%)
   자극 B: 0/55 (0.0%)

=== 학습 후 자극별 출력 (선택 이전의 원 신호) ===
  자극 A → 정답 L | out_L=  28  out_R=  36  차이    -8 | KC 118개
  자극 B → 정답 R | out_L=  30  out_R=  17  차이   +13 | KC 126개

=== 가중치 구조 (A전용 KC 100개, B전용 KC 108개) ===
  A전용 KC → out_L 평균 0.5016 | out_R 평균 0.5065 | 차이 -0.0049 (정답은 out_L) **반대**
  B전용 KC → out_L 평균 0.4993 | out_R 평균 0.5115 | 차이 -0.0122 (정답은 out_R) **정답쪽 우세**

=== 가중치 변화 ===
  kc_out_l: n=7978 |Δ|평균 0.00537 변화율  74.6% | 평균 0.500→0.502 | std 0.0000→0.0072
  kc_out_r: n=8141 |Δ|평균 0.01147 변화율  75.5% | 평균 0.500→0.505 | std 0.0000→0.0149

=== 요약 (mode=learn seed=105) ===
  첫 구간 43.0% → 마지막 구간 32.0% | 변화 -11.0%p | 보상률 37.5%
=> MINCIRC mode=learn seed=105 first=43.0 last=32.0 delta=-11.0 reward=37.5 **eval=0.0** tie=0 trialseed=601
