[관계] 항목 8개(훈련 4, 새 4), 반쪽 50 중 활성 15, 항목 간 겹침 2~7(평균 4.7), 새↔훈련 겹침 3~7, 패턴 64개(S 8, D 56)
make: Entering directory '/root/e137_main_run/minimal_circuit_CODE'
make: Nothing to be done for 'all'.
make: Leaving directory '/root/e137_main_run/minimal_circuit_CODE'
[KC불러옴] /mnt/c/Users/JungHyun/Desktop/brain/BrainSimulation-rebuild/research/experiments/traces/E137/dev_corr_w104.npz | 일치형 같은 위치 307/400 | 불일치형 같은 위치 330/400
  시행    1~ 100: 정답률  42.0%
  시행  101~ 200: 정답률  41.0%
=> SDGEN mode=learn seed=104 trialseed=601 train_same=32.6 train_diff=59.6 train_bal=46.1 novel_same=60.7 novel_diff=70.5 novel_bal=65.6 | ties train:13 novel:0 | n_same/diff train 43/57 novel 56/44
=> SDLAB diff=cyclic rule=samediff mode=learn seed=104 trialseed=601 train_accL=32.6 train_accR=59.6 train_lbal=46.1 novel_accL=60.7 novel_accR=70.5 novel_lbal=65.6

=== 평가 (탐색 없음, 학습 없음, 무작위 순서 100시행) : 정답률 55.0% | 동점 0회 ===
   자극 A: 55/55 (100.0%)
   자극 B: 0/45 (0.0%)

=== 학습 후 자극별 출력 (선택 이전의 원 신호) ===
  자극 A → 정답 L | out_L=  37  out_R=  20  차이   +17 | KC 124개
  자극 B → 정답 R | out_L=  34  out_R=  29  차이    +5 | KC 122개

=== 가중치 구조 (A전용 KC 115개, B전용 KC 113개) ===
  A전용 KC → out_L 평균 0.5002 | out_R 평균 0.5088 | 차이 -0.0086 (정답은 out_L) **반대**
  B전용 KC → out_L 평균 0.5021 | out_R 평균 0.5111 | 차이 -0.0090 (정답은 out_R) **정답쪽 우세**

=== 가중치 변화 ===
  kc_out_l: n=8101 |Δ|평균 0.00739 변화율  66.9% | 평균 0.500→0.503 | std 0.0000→0.0116
  kc_out_r: n=7979 |Δ|평균 0.01070 변화율  67.1% | 평균 0.500→0.507 | std 0.0000→0.0139

=== 요약 (mode=learn seed=104) ===
  첫 구간 42.0% → 마지막 구간 41.0% | 변화 -1.0%p | 보상률 41.5%
=> MINCIRC mode=learn seed=104 first=42.0 last=41.0 delta=-1.0 reward=41.5 **eval=55.0** tie=0 trialseed=601
