[관계] 항목 8개(훈련 4, 새 4), 반쪽 50 중 활성 15, 항목 간 겹침 1~8(평균 4.2), 새↔훈련 겹침 1~8, 패턴 64개(S 8, D 56)
make: Entering directory '/root/e137_main_run/minimal_circuit_CODE'
make: Nothing to be done for 'all'.
make: Leaving directory '/root/e137_main_run/minimal_circuit_CODE'
[KC불러옴] /mnt/c/Users/JungHyun/Desktop/brain/BrainSimulation-rebuild/research/experiments/traces/E137/dev_corr_w107.npz | 일치형 같은 위치 334/400 | 불일치형 같은 위치 354/400
  시행    1~ 100: 정답률  38.0%
  시행  101~ 200: 정답률  44.0%
=> SDGEN mode=learn seed=107 trialseed=600 train_same=75.0 train_diff=70.5 train_bal=72.7 novel_same=100.0 novel_diff=29.4 novel_bal=64.7 | ties train:13 novel:0 | n_same/diff train 56/44 novel 49/51
=> SDLAB diff=cyclic rule=samediff mode=learn seed=107 trialseed=600 train_accL=75.0 train_accR=70.5 train_lbal=72.7 novel_accL=100.0 novel_accR=29.4 novel_lbal=64.7

=== 평가 (탐색 없음, 학습 없음, 무작위 순서 100시행) : 정답률 49.0% | 동점 0회 ===
   자극 A: 0/51 (0.0%)
   자극 B: 49/49 (100.0%)

=== 학습 후 자극별 출력 (선택 이전의 원 신호) ===
  자극 A → 정답 L | out_L=  40  out_R=  43  차이    -3 | KC 120개
  자극 B → 정답 R | out_L=  17  out_R=  32  차이   -15 | KC 137개

=== 가중치 구조 (A전용 KC 99개, B전용 KC 116개) ===
  A전용 KC → out_L 평균 0.4983 | out_R 평균 0.5068 | 차이 -0.0085 (정답은 out_L) **반대**
  B전용 KC → out_L 평균 0.5001 | out_R 평균 0.5090 | 차이 -0.0089 (정답은 out_R) **정답쪽 우세**

=== 가중치 변화 ===
  kc_out_l: n=8024 |Δ|평균 0.01333 변화율  80.0% | 평균 0.500→0.506 | std 0.0000→0.0165
  kc_out_r: n=7941 |Δ|평균 0.00782 변화율  79.5% | 평균 0.500→0.504 | std 0.0000→0.0099

=== 요약 (mode=learn seed=107) ===
  첫 구간 38.0% → 마지막 구간 44.0% | 변화 +6.0%p | 보상률 41.0%
=> MINCIRC mode=learn seed=107 first=38.0 last=44.0 delta=+6.0 reward=41.0 **eval=49.0** tie=0 trialseed=600
