[관계] 항목 8개(훈련 4, 새 4), 반쪽 50 중 활성 15, 항목 간 겹침 1~7(평균 4.3), 새↔훈련 겹침 1~7, 패턴 64개(S 8, D 56)
make: Entering directory '/root/e137_main_run/minimal_circuit_CODE'
make: Nothing to be done for 'all'.
make: Leaving directory '/root/e137_main_run/minimal_circuit_CODE'
[KC불러옴] /mnt/c/Users/JungHyun/Desktop/brain/BrainSimulation-rebuild/research/experiments/traces/E137/dev_corr_w98.npz | 일치형 같은 위치 363/400 | 불일치형 같은 위치 380/400
  시행    1~ 100: 정답률  55.0%
  시행  101~ 200: 정답률  66.0%
  시행  201~ 300: 정답률  55.0%
  시행  301~ 400: 정답률  70.0%
  시행  401~ 500: 정답률  59.0%
  시행  501~ 600: 정답률  72.0%
  시행  601~ 700: 정답률  64.0%
  시행  701~ 800: 정답률  66.0%
=> SDGEN mode=learn seed=98 trialseed=600 train_same=100.0 train_diff=69.4 train_bal=84.7 novel_same=100.0 novel_diff=90.2 novel_bal=95.1 | ties train:0 novel:0 | n_same/diff train 51/49 novel 49/51
=> SDLAB diff=cyclic rule=samediff mode=learn seed=98 trialseed=600 train_accL=100.0 train_accR=69.4 train_lbal=84.7 novel_accL=100.0 novel_accR=90.2 novel_lbal=95.1

=== 평가 (탐색 없음, 학습 없음, 무작위 순서 100시행) : 정답률 100.0% | 동점 0회 ===
   자극 A: 52/52 (100.0%)
   자극 B: 48/48 (100.0%)

=== 학습 후 자극별 출력 (선택 이전의 원 신호) ===
  자극 A → 정답 L | out_L=  40  out_R=  31  차이    +9 | KC 117개
  자극 B → 정답 R | out_L=  29  out_R=  48  차이   -19 | KC 123개

=== 가중치 구조 (A전용 KC 109개, B전용 KC 115개) ===
  A전용 KC → out_L 평균 0.5651 | out_R 평균 0.5534 | 차이 +0.0116 (정답은 out_L) **정답쪽 우세**
  B전용 KC → out_L 평균 0.5305 | out_R 평균 0.5509 | 차이 -0.0205 (정답은 out_R) **정답쪽 우세**

=== 가중치 변화 ===
  kc_out_l: n=7884 |Δ|평균 0.06477 변화율  74.0% | 평균 0.500→0.552 | std 0.0000→0.0884
  kc_out_r: n=8045 |Δ|평균 0.05227 변화율  73.5% | 평균 0.500→0.545 | std 0.0000→0.0599

=== 요약 (mode=learn seed=98) ===
  첫 구간 55.0% → 마지막 구간 66.0% | 변화 +11.0%p | 보상률 63.4%
=> MINCIRC mode=learn seed=98 first=55.0 last=66.0 delta=+11.0 reward=63.4 **eval=100.0** tie=0 trialseed=600
