[관계] 항목 8개(훈련 4, 새 4), 반쪽 50 중 활성 15, 항목 간 겹침 1~7(평균 4.2), 새↔훈련 겹침 2~6, 패턴 64개(S 8, D 56)
make: Entering directory '/root/e137_main_run/minimal_circuit_CODE'
make: Nothing to be done for 'all'.
make: Leaving directory '/root/e137_main_run/minimal_circuit_CODE'
[KC불러옴] /mnt/c/Users/JungHyun/Desktop/brain/BrainSimulation-rebuild/research/experiments/traces/E137/dev_corr_w96.npz | 일치형 같은 위치 336/400 | 불일치형 같은 위치 376/400
  시행    1~ 100: 정답률  53.0%
  시행  101~ 200: 정답률  57.0%
  시행  201~ 300: 정답률  55.0%
  시행  301~ 400: 정답률  65.0%
=> SDGEN mode=learn seed=96 trialseed=600 train_same=100.0 train_diff=80.9 train_bal=90.4 novel_same=89.1 novel_diff=53.7 novel_bal=71.4 | ties train:0 novel:13 | n_same/diff train 53/47 novel 46/54
=> SDLAB diff=cyclic rule=samediff mode=learn seed=96 trialseed=600 train_accL=100.0 train_accR=80.9 train_lbal=90.4 novel_accL=89.1 novel_accR=53.7 novel_lbal=71.4

=== 평가 (탐색 없음, 학습 없음, 무작위 순서 100시행) : 정답률 59.0% | 동점 0회 ===
   자극 A: 0/41 (0.0%)
   자극 B: 59/59 (100.0%)

=== 학습 후 자극별 출력 (선택 이전의 원 신호) ===
  자극 A → 정답 L | out_L=   6  out_R=  28  차이   -22 | KC 139개
  자극 B → 정답 R | out_L=  32  out_R=  36  차이    -4 | KC 100개

=== 가중치 구조 (A전용 KC 133개, B전용 KC 94개) ===
  A전용 KC → out_L 평균 0.5008 | out_R 평균 0.5284 | 차이 -0.0276 (정답은 out_L) **반대**
  B전용 KC → out_L 평균 0.5063 | out_R 평균 0.5261 | 차이 -0.0198 (정답은 out_R) **정답쪽 우세**

=== 가중치 변화 ===
  kc_out_l: n=8043 |Δ|평균 0.02754 변화율  71.4% | 평균 0.500→0.519 | std 0.0000→0.0384
  kc_out_r: n=7978 |Δ|평균 0.02464 변화율  72.0% | 평균 0.500→0.521 | std 0.0000→0.0284

=== 요약 (mode=learn seed=96) ===
  첫 구간 53.0% → 마지막 구간 65.0% | 변화 +12.0%p | 보상률 57.5%
=> MINCIRC mode=learn seed=96 first=53.0 last=65.0 delta=+12.0 reward=57.5 **eval=59.0** tie=0 trialseed=600
