[관계] 항목 8개(훈련 4, 새 4), 반쪽 50 중 활성 15, 항목 간 겹침 2~8(평균 4.7), 새↔훈련 겹침 2~8, 패턴 64개(S 8, D 56)
make: Entering directory '/root/e137_main_run/minimal_circuit_CODE'
make: Nothing to be done for 'all'.
make: Leaving directory '/root/e137_main_run/minimal_circuit_CODE'
[KC불러옴] /mnt/c/Users/JungHyun/Desktop/brain/BrainSimulation-rebuild/research/experiments/traces/E137/dev_corr_w109.npz | 일치형 같은 위치 324/400 | 불일치형 같은 위치 364/400
  시행    1~ 100: 정답률  62.0%
  시행  101~ 200: 정답률  58.0%
  시행  201~ 300: 정답률  62.0%
  시행  301~ 400: 정답률  58.0%
  시행  401~ 500: 정답률  75.0%
  시행  501~ 600: 정답률  60.0%
  시행  601~ 700: 정답률  67.0%
  시행  701~ 800: 정답률  70.0%
=> SDGEN mode=learn seed=109 trialseed=601 train_same=100.0 train_diff=100.0 train_bal=100.0 novel_same=100.0 novel_diff=80.0 novel_bal=90.0 | ties train:0 novel:0 | n_same/diff train 51/49 novel 50/50
=> SDLAB diff=cyclic rule=samediff mode=learn seed=109 trialseed=601 train_accL=100.0 train_accR=100.0 train_lbal=100.0 novel_accL=100.0 novel_accR=80.0 novel_lbal=90.0

=== 평가 (탐색 없음, 학습 없음, 무작위 순서 100시행) : 정답률 45.0% | 동점 0회 ===
   자극 A: 0/55 (0.0%)
   자극 B: 45/45 (100.0%)

=== 학습 후 자극별 출력 (선택 이전의 원 신호) ===
  자극 A → 정답 L | out_L=   3  out_R=  61  차이   -58 | KC 124개
  자극 B → 정답 R | out_L=   9  out_R=  45  차이   -36 | KC 109개

=== 가중치 구조 (A전용 KC 97개, B전용 KC 82개) ===
  A전용 KC → out_L 평균 0.5376 | out_R 평균 0.5676 | 차이 -0.0301 (정답은 out_L) **반대**
  B전용 KC → out_L 평균 0.4916 | out_R 평균 0.5478 | 차이 -0.0562 (정답은 out_R) **정답쪽 우세**

=== 가중치 변화 ===
  kc_out_l: n=8106 |Δ|평균 0.05785 변화율  65.6% | 평균 0.500→0.544 | std 0.0000→0.0838
  kc_out_r: n=7995 |Δ|평균 0.05178 변화율  65.2% | 평균 0.500→0.546 | std 0.0000→0.0638

=== 요약 (mode=learn seed=109) ===
  첫 구간 62.0% → 마지막 구간 70.0% | 변화 +8.0%p | 보상률 64.0%
=> MINCIRC mode=learn seed=109 first=62.0 last=70.0 delta=+8.0 reward=64.0 **eval=45.0** tie=0 trialseed=601
