[관계] 항목 8개(훈련 4, 새 4), 반쪽 50 중 활성 15, 항목 간 겹침 1~7(평균 4.2), 새↔훈련 겹침 1~6, 패턴 64개(S 8, D 56)
make: Entering directory '/root/e137_main_run/minimal_circuit_CODE'
make: Nothing to be done for 'all'.
make: Leaving directory '/root/e137_main_run/minimal_circuit_CODE'
[KC불러옴] /mnt/c/Users/JungHyun/Desktop/brain/BrainSimulation-rebuild/research/experiments/traces/E137/dev_corr_w94.npz | 일치형 같은 위치 326/400 | 불일치형 같은 위치 359/400
  시행    1~ 100: 정답률  39.0%
  시행  101~ 200: 정답률  56.0%
  시행  201~ 300: 정답률  58.0%
  시행  301~ 400: 정답률  66.0%
  시행  401~ 500: 정답률  62.0%
  시행  501~ 600: 정답률  68.0%
  시행  601~ 700: 정답률  68.0%
  시행  701~ 800: 정답률  65.0%
=> SDGEN mode=learn seed=94 trialseed=600 train_same=100.0 train_diff=77.4 train_bal=88.7 novel_same=100.0 novel_diff=93.9 novel_bal=96.9 | ties train:0 novel:2 | n_same/diff train 47/53 novel 51/49
=> SDLAB diff=cyclic rule=samediff mode=learn seed=94 trialseed=600 train_accL=100.0 train_accR=77.4 train_lbal=88.7 novel_accL=100.0 novel_accR=93.9 novel_lbal=96.9

=== 평가 (탐색 없음, 학습 없음, 무작위 순서 100시행) : 정답률 45.0% | 동점 0회 ===
   자극 A: 45/45 (100.0%)
   자극 B: 0/55 (0.0%)

=== 학습 후 자극별 출력 (선택 이전의 원 신호) ===
  자극 A → 정답 L | out_L=  35  out_R=  25  차이   +10 | KC 101개
  자극 B → 정답 R | out_L=  15  out_R=  12  차이    +3 | KC 134개

=== 가중치 구조 (A전용 KC 87개, B전용 KC 120개) ===
  A전용 KC → out_L 평균 0.5619 | out_R 평균 0.5197 | 차이 +0.0421 (정답은 out_L) **정답쪽 우세**
  B전용 KC → out_L 평균 0.5599 | out_R 평균 0.5460 | 차이 +0.0139 (정답은 out_R) **반대**

=== 가중치 변화 ===
  kc_out_l: n=8043 |Δ|평균 0.05817 변화율  67.1% | 평균 0.500→0.544 | std 0.0000→0.0818
  kc_out_r: n=8008 |Δ|평균 0.04735 변화율  67.8% | 평균 0.500→0.539 | std 0.0000→0.0572

=== 요약 (mode=learn seed=94) ===
  첫 구간 39.0% → 마지막 구간 65.0% | 변화 +26.0%p | 보상률 60.2%
=> MINCIRC mode=learn seed=94 first=39.0 last=65.0 delta=+26.0 reward=60.2 **eval=45.0** tie=0 trialseed=600
