전이 감소 + 유지                   기대 H074(전이 감소)            / 전체 강도 유지       → H074(전이 감소) — 같은 학습 크기 / 전체 강도 유지 — 학습  ✓
전이 감소 + 간섭                   기대 H074(전이 감소)            / 전체 강도 간섭       → H074(전이 감소) — 같은 학습 크기 / 전체 강도 간섭 — 학습  ✓
기본 수준 전이 + 간섭                기대 H074-mag               / 전체 강도 간섭       → H074-mag(기본 수준 전이) — 학 / 전체 강도 간섭 — 학습  ✓
경계 T=0.8(정수 정확)              기대 H074(전이 감소)            / 전체 강도 간섭       → H074(전이 감소) — 같은 학습 크기 / 전체 강도 간섭 — 학습  ✓
경계 T=1.0(정수 정확)              기대 H074-mag               / 전체 강도 간섭       → H074-mag(기본 수준 전이) — 학 / 전체 강도 간섭 — 학습  ✓
T 0.8 바로 위 → 보류              기대 보류                     / 전체 강도 간섭       → 보류 / 전체 강도 간섭 — 학습  ✓
경계 rA=0.5·T=1.0(eA −0.15)    기대 H074-mag               / 전체 강도 유지       → H074-mag(기본 수준 전이) — 학 / 전체 강도 유지 — 학습  ✓
rA 0.5 바로 아래                 기대 H074-mag               / 전체 강도 간섭       → H074-mag(기본 수준 전이) — 학 / 전체 강도 간섭 — 학습  ✓
섞임 → 둘 다 보류                  기대 보류                     / 보류             → 보류 / 보류 ✓
P1' 실패                       기대 보류(학습 크기 미회복 — 과제 A)   / 보류(학습 크기 미회복 — → 보류(학습 크기 미회복 — 과제 A) / 보류(학습 크기 미회복 — ✓
P2' 실패                       기대 보류(학습 크기 미회복 — 과제 B)   / 보류(학습 크기 미회복 — → 보류(학습 크기 미회복 — 과제 B) / 보류(학습 크기 미회복 — ✓
eB<0.15 뇌는 T 집계 제외           기대 H074(전이 감소)            / 전체 강도 유지       → H074(전이 감소) — 같은 학습 크기 / 전체 강도 유지 — 학습  ✓
조작: 동결 실패                    기대 보류(조작검증 실패)            / 보류(조작검증 실패)    → 보류(조작검증 실패) / 보류(조작검증 실패) ✓
조작: eta 줄 불일치                기대 보류(조작검증 실패)            / 보류(조작검증 실패)    → 보류(조작검증 실패) / 보류(조작검증 실패) ✓
조작: 무학습 ≠ E150               기대 보류(조작검증 실패)            / 보류(조작검증 실패)    → 보류(조작검증 실패) / 보류(조작검증 실패) ✓
조작: Σ|Δg| 안 커짐               기대 보류(조작검증 실패)            / 보류(조작검증 실패)    → 보류(조작검증 실패) / 보류(조작검증 실패) ✓
조작: 과제 B 줄 없음                기대 보류(조작검증 실패)            / 보류(조작검증 실패)    → 보류(조작검증 실패) / 보류(조작검증 실패) ✓
결측                           → ✓
η* 없음                        → ✓
eta_star 파일 없음               → ✓
stats(일치·Σ|Δg|)              → ✓
줄 파싱(eta 줄 하나라도 다르면 실패)      → ✓
전체: 통과
