[사례] A 훈련 8개(d=0.20): 활성 30~30, 원형겹침 24~24, 타원형겹침 4~7
[사례] A 평가 d=0.10 20개: 활성 30~30, 원형겹침 27~27, 타원형겹침 6~9
[사례] A 평가 d=0.20 20개: 활성 30~30, 원형겹침 24~24, 타원형겹침 5~9
[사례] A 평가 d=0.30 20개: 활성 30~30, 원형겹침 21~21, 타원형겹침 5~9
[사례] A 평가 d=0.40 20개: 활성 30~30, 원형겹침 18~18, 타원형겹침 4~10
[사례] B 훈련 8개(d=0.20): 활성 30~30, 원형겹침 24~24, 타원형겹침 6~8
[사례] B 평가 d=0.10 20개: 활성 30~30, 원형겹침 27~27, 타원형겹침 5~8
[사례] B 평가 d=0.20 20개: 활성 30~30, 원형겹침 24~24, 타원형겹침 5~10
[사례] B 평가 d=0.30 20개: 활성 30~30, 원형겹침 21~21, 타원형겹침 5~10
[사례] B 평가 d=0.40 20개: 활성 30~30, 원형겹침 18~18, 타원형겹침 5~12
[사례] 전체 176개, 서로 다른 집합 176개, 원형과 같은 것 0개(0이어야 함)
make: Entering directory '/root/e122_main_run/minimal_circuit_CODE'
make: Leaving directory '/root/e122_main_run/minimal_circuit_CODE'
  시행    1~ 400: 정답률  49.0%
=> EXGEN mode=frozen seed=16 trialseed=600 proto=100.0 train=58.0 d0.10=72.0 d0.20=69.0 d0.30=77.0 d0.40=74.0 | ties train:0 d0.10:3 d0.20:0 d0.30:0 d0.40:0

=== 평가 (탐색 없음, 학습 없음, 무작위 순서 100시행) : 정답률 100.0% | 동점 0회 ===
   자극 A: 53/53 (100.0%)
   자극 B: 47/47 (100.0%)

=== 학습 후 자극별 출력 (선택 이전의 원 신호) ===
  자극 A → 정답 L | out_L=  32  out_R=   6  차이   +26 | KC 98개
  자극 B → 정답 R | out_L=  18  out_R=  29  차이   -11 | KC 104개

=== 가중치 구조 (A전용 KC 76개, B전용 KC 82개) ===
  A전용 KC → out_L 평균 0.5000 | out_R 평균 0.5000 | 차이 +0.0000 (정답은 out_L) **반대**
  B전용 KC → out_L 평균 0.5000 | out_R 평균 0.5000 | 차이 +0.0000 (정답은 out_R) **정답쪽 우세**

=== 가중치 변화 ===
  kc_out_l: n=7958 |Δ|평균 0.00000 변화율   0.0% | 평균 0.500→0.500 | std 0.0000→0.0000
  kc_out_r: n=7861 |Δ|평균 0.00000 변화율   0.0% | 평균 0.500→0.500 | std 0.0000→0.0000

=== 요약 (mode=frozen seed=16) ===
  첫 구간 49.0% → 마지막 구간 49.0% | 변화 +0.0%p | 보상률 0.0%
=> MINCIRC mode=frozen seed=16 first=49.0 last=49.0 delta=+0.0 reward=0.0 **eval=100.0** tie=0 trialseed=600
