[사례] A 훈련 8개(d=0.20): 활성 30~30, 원형겹침 24~24, 타원형겹침 5~9
[사례] A 평가 d=0.10 20개: 활성 30~30, 원형겹침 27~27, 타원형겹침 3~8
[사례] A 평가 d=0.20 20개: 활성 30~30, 원형겹침 24~24, 타원형겹침 4~9
[사례] A 평가 d=0.30 20개: 활성 30~30, 원형겹침 21~21, 타원형겹침 5~10
[사례] A 평가 d=0.40 20개: 활성 30~30, 원형겹침 18~18, 타원형겹침 3~11
[사례] B 훈련 8개(d=0.20): 활성 30~30, 원형겹침 24~24, 타원형겹침 5~10
[사례] B 평가 d=0.10 20개: 활성 30~30, 원형겹침 27~27, 타원형겹침 4~8
[사례] B 평가 d=0.20 20개: 활성 30~30, 원형겹침 24~24, 타원형겹침 4~9
[사례] B 평가 d=0.30 20개: 활성 30~30, 원형겹침 21~21, 타원형겹침 6~12
[사례] B 평가 d=0.40 20개: 활성 30~30, 원형겹침 18~18, 타원형겹침 5~11
[사례] 전체 176개, 서로 다른 집합 176개, 원형과 같은 것 0개(0이어야 함)
make: Entering directory '/root/e122_main_run/minimal_circuit_CODE'
make: Leaving directory '/root/e122_main_run/minimal_circuit_CODE'
  시행    1~ 400: 정답률  57.8%
=> EXGEN mode=learn seed=10 trialseed=600 proto=100.0 train=95.0 d0.10=100.0 d0.20=97.0 d0.30=99.0 d0.40=80.0 | ties train:0 d0.10:0 d0.20:0 d0.30:2 d0.40:3

=== 평가 (탐색 없음, 학습 없음, 무작위 순서 100시행) : 정답률 100.0% | 동점 0회 ===
   자극 A: 44/44 (100.0%)
   자극 B: 56/56 (100.0%)

=== 학습 후 자극별 출력 (선택 이전의 원 신호) ===
  자극 A → 정답 L | out_L=  35  out_R=  12  차이   +23 | KC 98개
  자극 B → 정답 R | out_L=   4  out_R=  48  차이   -44 | KC 114개

=== 가중치 구조 (A전용 KC 65개, B전용 KC 81개) ===
  A전용 KC → out_L 평균 0.6124 | out_R 평균 0.4877 | 차이 +0.1247 (정답은 out_L) **정답쪽 우세**
  B전용 KC → out_L 평균 0.4900 | out_R 평균 0.6212 | 차이 -0.1312 (정답은 out_R) **정답쪽 우세**

=== 가중치 변화 ===
  kc_out_l: n=7952 |Δ|평균 0.01982 변화율  41.9% | 평균 0.500→0.516 | std 0.0000→0.0391
  kc_out_r: n=7999 |Δ|평균 0.02263 변화율  42.5% | 평균 0.500→0.519 | std 0.0000→0.0437

=== 요약 (mode=learn seed=10) ===
  첫 구간 57.8% → 마지막 구간 57.8% | 변화 +0.0%p | 보상률 57.8%
=> MINCIRC mode=learn seed=10 first=57.8 last=57.8 delta=+0.0 reward=57.8 **eval=100.0** tie=0 trialseed=600
