[사례] A 훈련 8개(d=0.20): 활성 30~30, 원형겹침 24~24, 타원형겹침 4~9
[사례] A 평가 d=0.10 20개: 활성 30~30, 원형겹침 27~27, 타원형겹침 4~9
[사례] A 평가 d=0.20 20개: 활성 30~30, 원형겹침 24~24, 타원형겹침 5~10
[사례] A 평가 d=0.30 20개: 활성 30~30, 원형겹침 21~21, 타원형겹침 4~10
[사례] A 평가 d=0.40 20개: 활성 30~30, 원형겹침 18~18, 타원형겹침 4~11
[사례] B 훈련 8개(d=0.20): 활성 30~30, 원형겹침 24~24, 타원형겹침 5~8
[사례] B 평가 d=0.10 20개: 활성 30~30, 원형겹침 27~27, 타원형겹침 5~8
[사례] B 평가 d=0.20 20개: 활성 30~30, 원형겹침 24~24, 타원형겹침 3~10
[사례] B 평가 d=0.30 20개: 활성 30~30, 원형겹침 21~21, 타원형겹침 5~9
[사례] B 평가 d=0.40 20개: 활성 30~30, 원형겹침 18~18, 타원형겹침 4~10
[사례] 전체 176개, 서로 다른 집합 176개, 원형과 같은 것 0개(0이어야 함)
make: Entering directory '/root/e122_main_run/minimal_circuit_CODE'
make: Nothing to be done for 'all'.
make: Leaving directory '/root/e122_main_run/minimal_circuit_CODE'
  시행    1~ 400: 정답률  63.5%
=> EXGEN mode=learn seed=17 trialseed=601 proto=100.0 train=100.0 d0.10=100.0 d0.20=100.0 d0.30=100.0 d0.40=99.0 | ties train:0 d0.10:0 d0.20:0 d0.30:0 d0.40:1

=== 평가 (탐색 없음, 학습 없음, 무작위 순서 100시행) : 정답률 100.0% | 동점 0회 ===
   자극 A: 55/55 (100.0%)
   자극 B: 45/45 (100.0%)

=== 학습 후 자극별 출력 (선택 이전의 원 신호) ===
  자극 A → 정답 L | out_L=  73  out_R=   1  차이   +72 | KC 102개
  자극 B → 정답 R | out_L=   3  out_R=  53  차이   -50 | KC 107개

=== 가중치 구조 (A전용 KC 83개, B전용 KC 88개) ===
  A전용 KC → out_L 평균 0.6363 | out_R 평균 0.4980 | 차이 +0.1383 (정답은 out_L) **정답쪽 우세**
  B전용 KC → out_L 평균 0.4960 | out_R 평균 0.6345 | 차이 -0.1385 (정답은 out_R) **정답쪽 우세**

=== 가중치 변화 ===
  kc_out_l: n=8046 |Δ|평균 0.02595 변화율  44.8% | 평균 0.500→0.522 | std 0.0000→0.0490
  kc_out_r: n=8067 |Δ|평균 0.02464 변화율  44.6% | 평균 0.500→0.522 | std 0.0000→0.0473

=== 요약 (mode=learn seed=17) ===
  첫 구간 63.5% → 마지막 구간 63.5% | 변화 +0.0%p | 보상률 63.5%
=> MINCIRC mode=learn seed=17 first=63.5 last=63.5 delta=+0.0 reward=63.5 **eval=100.0** tie=0 trialseed=601
