[사례] A 훈련 8개(d=0.20): 활성 30~30, 원형겹침 24~24, 타원형겹침 5~8
[사례] A 평가 d=0.10 20개: 활성 30~30, 원형겹침 27~27, 타원형겹침 4~9
[사례] A 평가 d=0.20 20개: 활성 30~30, 원형겹침 24~24, 타원형겹침 4~9
[사례] A 평가 d=0.30 20개: 활성 30~30, 원형겹침 21~21, 타원형겹침 3~10
[사례] A 평가 d=0.40 20개: 활성 30~30, 원형겹침 18~18, 타원형겹침 5~12
[사례] B 훈련 8개(d=0.20): 활성 30~30, 원형겹침 24~24, 타원형겹침 4~9
[사례] B 평가 d=0.10 20개: 활성 30~30, 원형겹침 27~27, 타원형겹침 4~8
[사례] B 평가 d=0.20 20개: 활성 30~30, 원형겹침 24~24, 타원형겹침 3~9
[사례] B 평가 d=0.30 20개: 활성 30~30, 원형겹침 21~21, 타원형겹침 5~10
[사례] B 평가 d=0.40 20개: 활성 30~30, 원형겹침 18~18, 타원형겹침 5~10
[사례] 전체 176개, 서로 다른 집합 176개, 원형과 같은 것 0개(0이어야 함)
make: Entering directory '/root/e122_main_run/minimal_circuit_CODE'
make: Nothing to be done for 'all'.
make: Leaving directory '/root/e122_main_run/minimal_circuit_CODE'
  시행    1~ 400: 정답률  50.2%
=> EXGEN mode=learn seed=11 trialseed=601 proto=100.0 train=71.0 d0.10=81.0 d0.20=71.0 d0.30=65.0 d0.40=60.0 | ties train:0 d0.10:0 d0.20:0 d0.30:0 d0.40:0

=== 평가 (탐색 없음, 학습 없음, 무작위 순서 100시행) : 정답률 100.0% | 동점 0회 ===
   자극 A: 52/52 (100.0%)
   자극 B: 48/48 (100.0%)

=== 학습 후 자극별 출력 (선택 이전의 원 신호) ===
  자극 A → 정답 L | out_L=  20  out_R=  18  차이    +2 | KC 96개
  자극 B → 정답 R | out_L=   0  out_R=  89  차이   -89 | KC 93개

=== 가중치 구조 (A전용 KC 68개, B전용 KC 65개) ===
  A전용 KC → out_L 평균 0.5796 | out_R 평균 0.4780 | 차이 +0.1016 (정답은 out_L) **정답쪽 우세**
  B전용 KC → out_L 평균 0.4882 | out_R 평균 0.6364 | 차이 -0.1482 (정답은 out_R) **정답쪽 우세**

=== 가중치 변화 ===
  kc_out_l: n=7949 |Δ|평균 0.01250 변화율  38.6% | 평균 0.500→0.509 | std 0.0000→0.0264
  kc_out_r: n=8076 |Δ|평균 0.02262 변화율  39.4% | 평균 0.500→0.517 | std 0.0000→0.0455

=== 요약 (mode=learn seed=11) ===
  첫 구간 50.2% → 마지막 구간 50.2% | 변화 +0.0%p | 보상률 50.2%
=> MINCIRC mode=learn seed=11 first=50.2 last=50.2 delta=+0.0 reward=50.2 **eval=100.0** tie=0 trialseed=601
