[사례] A 훈련 8개(d=0.20): 활성 30~30, 원형겹침 24~24, 타원형겹침 5~8
[사례] A 평가 d=0.10 20개: 활성 30~30, 원형겹침 27~27, 타원형겹침 4~8
[사례] A 평가 d=0.20 20개: 활성 30~30, 원형겹침 24~24, 타원형겹침 4~9
[사례] A 평가 d=0.30 20개: 활성 30~30, 원형겹침 21~21, 타원형겹침 3~10
[사례] A 평가 d=0.40 20개: 활성 30~30, 원형겹침 18~18, 타원형겹침 3~12
[사례] B 훈련 8개(d=0.20): 활성 30~30, 원형겹침 24~24, 타원형겹침 5~9
[사례] B 평가 d=0.10 20개: 활성 30~30, 원형겹침 27~27, 타원형겹침 5~8
[사례] B 평가 d=0.20 20개: 활성 30~30, 원형겹침 24~24, 타원형겹침 4~9
[사례] B 평가 d=0.30 20개: 활성 30~30, 원형겹침 21~21, 타원형겹침 3~11
[사례] B 평가 d=0.40 20개: 활성 30~30, 원형겹침 18~18, 타원형겹침 4~11
[사례] 전체 176개, 서로 다른 집합 176개, 원형과 같은 것 0개(0이어야 함)
make: Entering directory '/root/e122_main_run/minimal_circuit_CODE'
make: Leaving directory '/root/e122_main_run/minimal_circuit_CODE'
  시행    1~ 400: 정답률  61.3%
=> EXGEN mode=learn seed=14 trialseed=600 proto=100.0 train=96.0 d0.10=95.0 d0.20=92.0 d0.30=91.0 d0.40=84.0 | ties train:0 d0.10:0 d0.20:0 d0.30:0 d0.40:0

=== 평가 (탐색 없음, 학습 없음, 무작위 순서 100시행) : 정답률 100.0% | 동점 0회 ===
   자극 A: 57/57 (100.0%)
   자극 B: 43/43 (100.0%)

=== 학습 후 자극별 출력 (선택 이전의 원 신호) ===
  자극 A → 정답 L | out_L=  50  out_R=   3  차이   +47 | KC 85개
  자극 B → 정답 R | out_L=  14  out_R=  31  차이   -17 | KC 93개

=== 가중치 구조 (A전용 KC 62개, B전용 KC 70개) ===
  A전용 KC → out_L 평균 0.6370 | out_R 평균 0.4966 | 차이 +0.1404 (정답은 out_L) **정답쪽 우세**
  B전용 KC → out_L 평균 0.4944 | out_R 평균 0.6204 | 차이 -0.1260 (정답은 out_R) **정답쪽 우세**

=== 가중치 변화 ===
  kc_out_l: n=7975 |Δ|평균 0.02277 변화율  41.6% | 평균 0.500→0.519 | std 0.0000→0.0457
  kc_out_r: n=8075 |Δ|평균 0.01956 변화율  40.7% | 평균 0.500→0.516 | std 0.0000→0.0405

=== 요약 (mode=learn seed=14) ===
  첫 구간 61.3% → 마지막 구간 61.3% | 변화 +0.0%p | 보상률 61.3%
=> MINCIRC mode=learn seed=14 first=61.3 last=61.3 delta=+0.0 reward=61.3 **eval=100.0** tie=0 trialseed=600
