[사례] A 훈련 8개(d=0.20): 활성 30~30, 원형겹침 24~24, 타원형겹침 5~10
[사례] A 평가 d=0.10 20개: 활성 30~30, 원형겹침 27~27, 타원형겹침 4~9
[사례] A 평가 d=0.20 20개: 활성 30~30, 원형겹침 24~24, 타원형겹침 3~9
[사례] A 평가 d=0.30 20개: 활성 30~30, 원형겹침 21~21, 타원형겹침 3~11
[사례] A 평가 d=0.40 20개: 활성 30~30, 원형겹침 18~18, 타원형겹침 6~12
[사례] B 훈련 8개(d=0.20): 활성 30~30, 원형겹침 24~24, 타원형겹침 5~9
[사례] B 평가 d=0.10 20개: 활성 30~30, 원형겹침 27~27, 타원형겹침 5~9
[사례] B 평가 d=0.20 20개: 활성 30~30, 원형겹침 24~24, 타원형겹침 4~8
[사례] B 평가 d=0.30 20개: 활성 30~30, 원형겹침 21~21, 타원형겹침 4~10
[사례] B 평가 d=0.40 20개: 활성 30~30, 원형겹침 18~18, 타원형겹침 5~12
[사례] 전체 176개, 서로 다른 집합 176개, 원형과 같은 것 0개(0이어야 함)
make: Entering directory '/root/e122_main_run/minimal_circuit_CODE'
make: Leaving directory '/root/e122_main_run/minimal_circuit_CODE'
  시행    1~ 400: 정답률  63.0%
=> EXGEN mode=learn seed=13 trialseed=600 proto=100.0 train=100.0 d0.10=100.0 d0.20=100.0 d0.30=86.0 d0.40=68.0 | ties train:0 d0.10:0 d0.20:0 d0.30:3 d0.40:0

=== 평가 (탐색 없음, 학습 없음, 무작위 순서 100시행) : 정답률 100.0% | 동점 0회 ===
   자극 A: 52/52 (100.0%)
   자극 B: 48/48 (100.0%)

=== 학습 후 자극별 출력 (선택 이전의 원 신호) ===
  자극 A → 정답 L | out_L=  37  out_R=   7  차이   +30 | KC 84개
  자극 B → 정답 R | out_L=   0  out_R=  86  차이   -86 | KC 95개

=== 가중치 구조 (A전용 KC 69개, B전용 KC 80개) ===
  A전용 KC → out_L 평균 0.6297 | out_R 평균 0.5018 | 차이 +0.1279 (정답은 out_L) **정답쪽 우세**
  B전용 KC → out_L 평균 0.5010 | out_R 평균 0.6350 | 차이 -0.1340 (정답은 out_R) **정답쪽 우세**

=== 가중치 변화 ===
  kc_out_l: n=8075 |Δ|평균 0.02122 변화율  43.7% | 평균 0.500→0.518 | std 0.0000→0.0428
  kc_out_r: n=8006 |Δ|평균 0.02414 변화율  43.6% | 평균 0.500→0.521 | std 0.0000→0.0467

=== 요약 (mode=learn seed=13) ===
  첫 구간 63.0% → 마지막 구간 63.0% | 변화 +0.0%p | 보상률 63.0%
=> MINCIRC mode=learn seed=13 first=63.0 last=63.0 delta=+0.0 reward=63.0 **eval=100.0** tie=0 trialseed=600
