ep,t,good_side,explore,v,correct,e_ll,g_ll,e_lr,g_lr,e_rl,g_rl,e_rr,g_rr
0,0,left,1,-0.449,0,22044.5426,30.0,4317.7033,30.0,26351.1188,30.0,10351.7428,30.0
0,1,right,1,-0.1346,1,7994.8778,29.99656,10728.5026,29.99844,1949.6323,30.00488,10354.1908,30.0024
0,2,left,1,0.104,1,5613.4153,30.038,-3761.7035,30.0491,10311.5407,30.08316,4840.0794,30.10016
0,3,right,0,0.1082,0,1779.3053,30.12817,6806.7037,30.11864,1625.736,30.13634,9793.4399,30.13911
0,4,right,1,0.4484,0,2407.2731,30.13434,13100.7938,30.12392,1316.9016,30.13521,14845.9929,30.13637
0,5,right,1,0.4492,0,3499.9847,30.13754,13361.2291,30.13105,82.7683,30.13213,14368.8837,30.13553
0,6,right,0,0.112,0,7004.1429,30.14091,8850.2307,30.13898,6443.966,30.13,9547.6005,30.13491
0,7,right,0,0.0942,0,9585.5817,30.14665,12236.2389,30.14461,3224.9302,30.13039,6991.8649,30.13377
0,8,left,1,0.1224,1,8567.0764,30.15397,1312.1427,30.15214,12065.4697,30.13049,6851.3762,30.13235
0,9,left,1,-0.4572,0,12595.7165,30.24812,324.0087,30.22699,18533.5184,30.18556,6061.8508,30.17213
0,10,right,0,0.113,0,6951.835,30.24886,10121.0363,30.22502,942.6559,30.19057,6249.8471,30.17325
0,11,right,1,0.4386,0,4332.3655,30.25312,13342.9063,30.22896,1467.5573,30.19152,13828.0586,30.1726
0,12,right,0,0.08,0,9476.4379,30.25571,11529.1007,30.23624,1792.1751,30.18786,4703.7471,30.17115
0,13,right,1,0.4528,0,6782.3913,30.26003,14250.0962,30.24052,2394.1564,30.18802,10511.1217,30.16968
0,14,left,0,-0.1084,0,4989.5322,30.26216,3513.2996,30.24764,12539.2713,30.18529,10278.7588,30.17019
0,15,left,0,-0.1094,0,3503.7683,30.26052,3550.2714,30.24752,8507.932,30.18761,7579.3205,30.17294
0,16,left,0,-0.1094,0,2584.3561,30.26094,1237.261,30.24903,10663.9653,30.19098,8567.9476,30.17667
0,17,right,1,0.4456,0,5065.4731,30.26136,14304.5698,30.25078,646.4023,30.19509,10818.317,30.18091
0,18,left,0,-0.122,0,4647.1582,30.26366,1699.5587,30.25729,14292.9377,30.1933,10975.9652,30.18224
0,19,right,1,-0.1628,1,10327.2523,30.26247,12912.4928,30.25829,770.5979,30.19652,8796.999,30.18575
0,20,right,1,-0.1852,1,5402.1691,30.30455,7614.9947,30.31015,4932.0811,30.2791,11726.7389,30.28596
0,21,left,1,-0.4438,0,6482.4477,30.34588,-2149.5022,30.35924,14913.8155,30.36236,5759.4639,30.38512
0,22,right,0,0.0988,0,8921.3259,30.34611,10870.3276,30.35683,367.7909,30.36614,2907.8942,30.38526
0,23,left,0,-0.1062,0,5595.8872,30.35088,3738.5628,30.36145,9213.6745,30.36484,7543.1745,30.38229
0,24,left,0,-0.0842,0,4341.1231,30.34913,3408.8708,30.36106,11438.0439,30.36761,9920.9092,30.38529
0,25,left,1,-0.4474,0,7695.9335,30.34901,-1047.8906,30.36207,15926.3412,30.37012,5398.8142,30.38832
0,26,left,1,-0.4426,0,11292.2435,30.35082,557.9022,30.36059,17480.4996,30.37318,6504.5656,30.38832
0,27,right,1,0.44,0,5987.8026,30.3531,14356.1575,30.35881,3132.2325,30.37676,15730.0451,30.38839
0,28,left,1,-0.4408,0,10033.6439,30.35453,840.8169,30.36441,16375.3506,30.37256,6496.2124,30.38689
0,29,right,1,-0.1892,1,6544.8631,30.35553,7700.0768,30.36231,6112.19,30.37557,9779.1767,30.38631
0,30,left,1,-0.4366,0,9037.7667,30.39604,-386.1293,30.4098,16169.3296,30.45789,6383.3819,30.48165
0,31,right,1,0.421,0,5664.1711,30.3973,12199.5998,30.40782,3639.0861,30.46039,15611.1934,30.48065
0,32,left,1,-0.4332,0,9858.1306,30.39828,772.8314,30.41377,17383.1613,30.45631,6398.9852,30.47912
0,33,left,1,-0.4418,0,12975.3829,30.39942,1902.9748,30.41119,17476.9273,30.45898,6333.107,30.4788
0,34,right,1,-0.1984,1,8648.0184,30.40008,10404.3914,30.40837,-245.7283,30.46397,6366.6061,30.47946
0,35,right,0,0.0818,0,6363.2124,30.4419,9079.2426,30.45731,3310.4079,30.54447,7313.078,30.57434
0,36,left,1,0.2006,1,2115.9703,30.44732,-2920.0577,30.4621,10967.6404,30.54113,9313.3202,30.56929
0,37,left,0,-0.0638,0,5650.066,30.53898,382.7598,30.54152,10938.4235,30.59359,6699.5021,30.61215
0,38,right,1,-0.224,1,11273.8873,30.53716,11477.7819,30.54108,7643.8924,30.59473,9202.5215,30.61394
0,39,right,1,-0.2168,1,11188.8805,30.57711,10576.6932,30.59039,6739.2287,30.67521,7949.3013,30.70675
0,40,right,1,0.3954,0,7832.7062,30.62009,13738.7074,30.63968,7839.0858,30.75823,15365.0203,30.80105
0,41,left,0,-0.0698,0,5362.1236,30.62057,-448.7508,30.64416,15175.2853,30.7515,10206.1568,30.79731
0,42,right,0,0.0792,0,6801.399,30.61887,10242.1603,30.64354,3897.5862,30.7512,9319.2774,30.79763
0,43,left,1,-0.4148,0,7794.5347,30.62368,-2187.2547,30.64779,13318.1578,30.74788,2944.5228,30.79225
0,44,right,1,-0.2298,1,11725.4062,30.62337,11624.8246,30.64416,8094.2734,30.75124,8396.5546,30.79205
0,45,left,0,-0.0516,0,5791.036,30.66244,985.4279,30.69172,12265.6424,30.8323,8089.4828,30.88415
0,46,left,1,-0.4156,0,9159.9738,30.65917,465.9553,30.68944,16933.7867,30.83281,7054.4101,30.88492
0,47,right,1,0.3868,0,5695.7634,30.6564,11914.1261,30.68432,5752.328,30.83489,16070.0802,30.8832
0,48,right,1,0.3906,0,6266.5215,30.65924,14741.5215,30.69144,4971.1123,30.82882,17477.4557,30.8796
0,49,right,0,0.0676,0,6797.4224,30.66107,8823.8482,30.69743,5152.2119,30.82122,9150.6771,30.8739
0,50,right,1,0.4032,0,7007.1308,30.6654,15785.4493,30.70101,4518.3922,30.81709,14868.2354,30.86779
0,51,right,0,0.0654,0,6629.5294,30.66733,9736.272,30.70656,3313.6587,30.80976,8577.2362,30.8633
0,52,right,0,0.076,0,9192.9574,30.67102,12649.2923,30.70952,4517.003,30.80454,9986.9966,30.85619
0,53,left,1,0.2264,1,9513.8071,30.67445,7467.8178,30.71197,8575.2117,30.79938,8438.1642,30.84898
0,54,left,1,-0.413,0,8976.3471,30.76609,-1687.6908,30.78974,18884.0028,30.85088,6472.4273,30.89034
0,55,left,0,-0.0546,0,7763.7767,30.7646,4427.1141,30.78503,10832.8299,30.85231,7934.6367,30.88879
0,56,right,1,-0.2308,1,12119.4996,30.7618,11274.9937,30.78329,1786.4997,30.85215,2272.9762,30.88916
0,57,right,1,-0.2338,1,10909.7333,30.80364,9827.5117,30.83246,6919.8013,30.93528,7821.7458,30.98328
0,58,left,0,-0.0482,0,11781.8604,30.84716,4807.6072,30.88111,13143.2933,31.01617,8016.4698,31.0746
0,59,left,1,-0.3986,0,9168.7106,30.84288,-1106.2045,30.87805,13451.8314,31.01573,3542.1158,31.07475
0,60,right,0,0.0976,0,9297.8182,30.8417,13346.7238,30.87331,-976.7869,31.0167,5753.1705,31.07268
0,61,left,1,-0.3968,0,14675.6914,30.84503,2704.1749,30.87587,18470.2033,31.01049,6867.9023,31.06399
0,62,right,1,-0.2332,1,13755.5878,30.84286,11628.9598,30.87013,7817.7164,31.01046,7228.5112,31.0611
0,63,right,1,0.378,0,9289.4184,30.88205,16451.89,30.91483,2528.2942,31.09038,10971.885,31.15059
0,64,right,1,0.3932,0,3083.6771,30.8838,11283.0672,30.92058,5349.7319,31.08196,16050.0803,31.14428
0,65,left,1,-0.4124,0,10937.0842,30.88555,389.2808,30.92554,19298.4534,31.07264,7858.8129,31.13736
0,66,right,1,0.3902,0,6774.8481,30.884,15983.284,30.92015,3744.031,31.07379,12876.5756,31.13471
0,67,left,0,-0.0766,0,9890.3095,30.88516,2701.9945,30.92428,16022.6267,31.0652,10045.7644,31.12824
0,68,right,0,0.0964,0,6963.4517,30.87851,10812.7261,30.91923,4562.7951,31.06475,11259.9201,31.12838
0,69,right,1,-0.2318,1,14367.2413,30.88159,11862.9111,30.92203,5321.9296,31.05811,3950.0322,31.11954
0,70,right,0,0.0994,0,5895.6757,30.92153,11263.9394,30.96652,635.6108,31.13785,10229.1238,31.20599
0,71,right,0,0.0416,0,7420.7538,30.92433,10109.8479,30.96752,1753.5511,31.13107,5638.5217,31.19658
0,72,left,1,-0.4066,0,9382.286,30.9276,2327.9442,30.96999,19787.1556,31.12473,9634.2434,31.18843
0,73,left,1,0.2382,1,7273.4197,30.92614,6632.9365,30.9645,13760.9096,31.1263,14638.5498,31.18647
0,74,left,1,-0.3994,0,14764.4589,31.01416,3916.1431,31.04257,17039.1955,31.1718,6922.4317,31.22373
0,75,right,1,-0.237,1,13849.1717,31.00888,12030.3944,31.03463,8349.3118,31.17181,6208.1424,31.22036
0,76,right,1,0.3836,0,6582.0577,31.04937,14340.3852,31.08186,6761.5943,31.25474,16416.1436,31.31249
0,77,right,1,0.3842,0,9824.6796,31.04899,18601.9316,31.08357,6602.7503,31.24532,12717.5624,31.3048
0,78,left,1,-0.3994,0,15278.8434,31.04974,4257.9875,31.08689,17751.5934,31.23581,6730.496,31.29769
0,79,left,1,-0.383,0,7261.1205,31.04574,-1198.554,31.07951,15941.7176,31.23625,5532.6058,31.29452
0,80,right,1,-0.233,1,6528.9313,31.04468,4881.4121,31.07364,12497.1227,31.23656,10784.2232,31.29201
0,81,left,1,0.2404,1,6038.4168,31.08379,2980.1905,31.11815,12286.5984,31.31471,11830.4958,31.38041
0,82,left,0,-0.1082,0,5144.8552,31.16849,-4673.9004,31.19444,17142.846,31.36027,9237.0151,31.41838
0,83,right,1,0.3818,0,8365.4662,31.16339,16296.5717,31.19127,5135.6288,31.35592,12281.2739,31.41499
0,84,right,0,0.0992,0,5169.4142,31.1643,11135.5755,31.19533,208.9474,31.34427,10511.5951,31.40488
0,85,right,1,0.3792,0,6140.2375,31.16446,13956.125,31.19471,4961.9742,31.33697,15598.1481,31.39495
0,86,left,0,-0.0866,0,13058.9512,31.16393,3334.9548,31.19804,17144.4496,31.32631,9717.4722,31.38699
0,87,left,1,0.234,1,7953.2072,31.15643,8062.7284,31.19214,13326.2058,31.32458,15462.9423,31.38588
0,88,left,1,0.2422,1,7720.2696,31.24341,5262.4727,31.27013,7681.5859,31.37107,7089.2752,31.42589
0,89,left,1,0.2244,1,3899.7409,31.33276,813.2047,31.34859,13816.7149,31.41788,13635.4538,31.46448
0,90,right,1,0.376,0,10211.185,31.41799,16910.0461,31.42491,9203.9792,31.4637,14900.011,31.50373
0,91,right,1,-0.2166,1,14267.6888,31.41736,10727.5097,31.42768,7417.9356,31.45111,7452.7564,31.49438
0,92,right,1,-0.201,1,12102.9573,31.4578,10234.2153,31.47049,12207.646,31.53081,11791.1091,31.58477
0,93,right,0,0.144,0,6170.1134,31.49692,13522.9485,31.51484,1046.6099,31.6085,12605.9216,31.67452
0,94,left,0,-0.1408,0,14605.3508,31.4974,2403.5941,31.51505,16827.6655,31.5976,7409.3101,31.66132
0,95,right,1,-0.2004,1,14418.8249,31.48753,12888.897,31.5075,9294.1226,31.5928,8739.6784,31.65743
0,96,left,1,-0.3728,0,10507.2462,31.52351,3662.9525,31.54949,15505.2058,31.66759,7987.8538,31.74174
0,97,left,0,-0.1168,0,15571.8823,31.51627,1347.7994,31.53878,17535.1461,31.66598,6608.2109,31.73652
0,98,right,0,0.1386,0,6888.0215,31.50574,13953.9803,31.53015,3227.182,31.66128,15510.6551,31.73258
0,99,right,1,-0.2024,1,7286.4323,31.50549,6444.1938,31.52925,9979.414,31.65021,10190.9148,31.71843
1,0,left,1,-0.3588,0,19107.8265,31.54424,6240.0297,31.57333,30181.7251,31.73015,16485.2484,31.80846
1,1,left,1,0.1952,1,12160.3608,31.53162,15424.0918,31.56298,13493.2484,31.72301,16108.3044,31.80063
1,2,left,1,-0.375,0,14017.2263,31.60696,6867.042,31.63019,17389.0724,31.76347,9602.1325,31.83493
1,3,left,1,0.196,1,11563.5159,31.59941,11586.2057,31.62013,12715.1168,31.76064,13725.391,31.82951
1,4,left,0,-0.1314,0,14966.4378,31.67665,6777.2908,31.68671,16089.3535,31.80223,10019.2444,31.86206
1,5,right,1,0.3784,0,7485.4104,31.66824,13689.2934,31.67849,9208.8604,31.7971,18298.3932,31.85735
1,6,right,1,0.3848,0,6938.2755,31.66534,12191.9762,31.67768,7446.7286,31.78335,16720.3251,31.84395
1,7,left,0,-0.0934,0,7651.1225,31.66379,3608.9902,31.67947,17363.9362,31.7697,12893.6799,31.83143
1,8,left,1,-0.3656,0,14379.5707,31.65481,4911.0613,31.67149,19341.7421,31.765,9673.2857,31.82727
1,9,left,1,0.2046,1,11560.2905,31.64667,11923.907,31.66132,14217.9998,31.76116,15837.0691,31.82145
1,10,right,0,0.0956,0,9197.3679,31.72698,11848.353,31.73014,8437.2145,31.8075,12715.989,31.86131
1,11,left,0,-0.1104,0,8965.4007,31.72567,4325.0993,31.72846,17472.8596,31.79664,13017.2176,31.8482
1,12,right,0,0.128,0,10645.7619,31.71494,14545.2409,31.71853,9732.5417,31.79226,15196.0634,31.84437
1,13,left,1,0.1888,1,11118.1756,31.71431,9072.5852,31.71731,14167.2617,31.77981,14634.3527,31.83061
1,14,left,1,-0.3732,0,17979.6443,31.79225,8278.8038,31.78351,19197.6888,31.82228,10013.3924,31.86704
1,15,right,0,0.1122,0,10518.0546,31.78396,11950.4257,31.7728,9627.6665,31.81881,11680.7725,31.86094
1,16,right,0,0.0898,0,11639.7152,31.78218,15138.9838,31.7699,10760.0311,31.80527,16097.2275,31.8452
1,17,left,1,-0.3634,0,14257.1352,31.78286,6315.1484,31.77038,23127.8743,31.79361,12705.6674,31.83178
1,18,left,1,0.196,1,9707.8498,31.77388,10830.1832,31.75953,14065.8003,31.79038,15727.5966,31.82623
1,19,left,1,0.1884,1,11036.7955,31.84636,10017.8382,31.82256,11830.9624,31.82924,13674.0171,31.85969
1,20,left,1,0.184,1,11653.8867,31.92347,9979.9621,31.8883,13963.6392,31.86883,14171.5566,31.8937
1,21,right,1,-0.1996,1,16940.3858,32.00296,13951.2679,31.95563,16778.0706,31.9108,15690.0024,31.9283
1,22,right,0,0.161,0,6574.5209,32.03717,11565.5864,31.99256,8371.6359,31.97712,16347.587,32.00464
1,23,left,0,-0.1646,0,18727.1469,32.03438,10368.054,31.9892,16586.6361,31.96419,10365.5953,31.99052
1,24,right,1,-0.1778,1,13937.984,32.02152,12802.0211,31.97776,16996.18,31.95873,14928.3881,31.98561
1,25,left,1,0.1858,1,12032.6402,32.05207,11985.6847,32.01417,12227.9348,32.02635,12578.132,32.06218
1,26,right,1,-0.1808,1,14972.1832,32.12783,14679.7536,32.07864,16781.3763,32.06682,17598.2466,32.09538
1,27,left,0,-0.1244,0,11871.9064,32.15973,4626.2834,32.11588,13207.733,32.1356,8221.6314,32.17353
1,28,left,1,-0.3908,0,15416.3858,32.14579,8099.2872,32.10459,18379.8452,32.12994,9646.849,32.16851
1,29,right,1,-0.1616,1,7802.6294,32.13344,6698.5941,32.09052,13240.9443,32.12545,12313.0933,32.16138
1,30,right,1,0.3912,0,8054.6473,32.16737,12053.7435,32.12909,8990.5652,32.19304,14514.8085,32.23852
1,31,left,0,-0.121,0,9586.3872,32.16256,5622.959,32.12678,20508.9831,32.17683,15705.4278,32.22218
1,32,left,0,-0.1278,0,13539.5159,32.14927,2999.1124,32.11571,19975.6517,32.17041,11482.526,32.21681
1,33,left,1,0.172,1,12551.0359,32.13612,11206.8118,32.10467,13755.3391,32.16396,14060.0307,32.21118
1,34,right,0,0.15,0,4756.662,32.21117,7488.2149,32.16981,6826.8019,32.20052,12845.8416,32.24188
1,35,right,0,0.1162,0,10173.7801,32.20858,14130.3718,32.16677,5593.9662,32.18489,11291.4497,32.22311
1,36,right,0,0.1512,0,9991.3463,32.20759,14184.4291,32.16558,8920.9114,32.17026,16171.7262,32.20574
1,37,right,1,0.3754,0,10756.8345,32.2053,17106.6069,32.16352,9183.4956,32.15502,15030.2505,32.18815
1,38,left,1,0.1696,1,11175.6178,32.20044,9730.2641,32.16077,14870.1433,32.13905,14788.3321,32.17332
1,39,left,0,-0.1676,0,16067.7499,32.27398,8198.3446,32.22496,18949.5872,32.17649,12746.101,32.20502
1,40,right,1,0.3894,0,6678.7843,32.25965,12673.4809,32.21215,7689.1674,32.1701,17016.8658,32.19897
1,41,right,1,0.3812,0,9509.7431,32.25508,16852.5228,32.21028,7005.0385,32.15461,13960.169,32.18411
1,42,right,1,0.3876,0,3352.422,32.25122,7067.6347,32.20865,9063.0194,32.13871,17969.1677,32.16921
1,43,left,1,0.1732,1,13149.2972,32.24603,12791.0144,32.20576,12385.983,32.12218,12614.5484,32.15282
1,44,right,0,0.1354,0,10548.0459,32.31877,12860.8705,32.26742,10274.3013,32.16126,13783.8703,32.18541
1,45,left,1,-0.3968,0,13473.4058,32.31594,3893.9275,32.26439,14910.7595,32.14696,6760.1121,32.16871
1,46,left,1,0.1662,1,12011.7019,32.30283,11434.8355,32.25089,14817.8391,32.14155,14534.8328,32.16145
1,47,left,0,-0.179,0,14125.4695,32.37516,5931.9018,32.3136,19080.8047,32.17972,11411.6285,32.19295
1,48,left,1,-0.3714,0,11893.8364,32.36242,3538.096,32.3022,16341.8805,32.17293,7873.2921,32.18712
1,49,right,1,0.383,0,9292.1182,32.3483,14832.4552,32.28749,8525.8023,32.16678,17241.3535,32.17959
1,50,left,1,-0.3948,0,7084.5205,32.34362,956.5556,32.28528,17369.5835,32.15074,8638.3832,32.16487
1,51,right,1,-0.166,1,15187.8493,32.33236,15048.9763,32.27177,11297.6538,32.14584,12452.582,32.15812
1,52,right,0,0.177,0,7106.4733,32.36415,11800.4585,32.3092,7791.909,32.21001,16831.4601,32.23204
1,53,left,0,-0.1748,0,14625.5379,32.36039,5278.9428,32.30539,15400.8101,32.19559,8417.8486,32.21566
1,54,right,0,0.1632,0,10617.8312,32.34594,15221.9229,32.29263,4785.9458,32.18967,11733.7164,32.2105
1,55,right,1,0.3844,0,8562.1605,32.34416,13463.8376,32.29081,7468.6372,32.17526,13281.5192,32.19383
1,56,right,1,-0.1584,1,12850.8368,32.3396,11305.2053,32.28968,15177.9852,32.15766,15842.0603,32.17739
1,57,left,0,-0.1296,0,10104.6428,32.37315,3101.2343,32.32637,15869.1782,32.2243,10201.8378,32.2551
1,58,right,0,0.157,0,9771.0691,32.35908,13004.6222,32.31462,10593.7363,32.21713,15028.5422,32.24911
1,59,left,1,-0.3834,0,13745.6729,32.35723,5647.6195,32.31236,17542.2231,32.20158,8994.4274,32.23027
1,60,right,1,-0.1648,1,11821.5034,32.34346,10690.2661,32.29795,18109.0579,32.19489,16622.2456,32.22255
1,61,left,1,0.1786,1,14350.2716,32.37592,14462.5151,32.33552,13267.3363,32.26042,14142.2956,32.3001
1,62,right,1,-0.1708,1,12560.0398,32.44893,12041.4941,32.39877,13599.8589,32.29823,12911.5812,32.33107
1,63,left,1,0.1586,1,9596.3237,32.48026,9144.9277,32.43518,10133.0662,32.36547,10923.3297,32.40812
1,64,right,0,0.1586,0,13050.5208,32.55464,16233.3215,32.49843,10857.1252,32.40408,14288.4573,32.43988
1,65,left,1,0.153,1,11298.8582,32.55097,7364.2781,32.49403,10598.3055,32.38707,8506.8477,32.42011
1,66,left,0,-0.1876,0,16046.7933,32.62991,8265.8289,32.55982,18512.6897,32.42784,11243.7443,32.45287
1,67,right,0,0.1846,0,11395.056,32.61376,16296.1461,32.54586,11859.4465,32.41894,19616.3405,32.4457
1,68,left,0,-0.1596,0,9914.3121,32.60959,1030.9842,32.54137,18032.4762,32.40211,10660.5366,32.42648
1,69,right,0,0.1612,0,11580.5344,32.59409,16644.9595,32.52857,10103.8351,32.39481,18001.5598,32.42021
1,70,right,0,0.1534,0,6723.0085,32.59071,10375.5128,32.52469,5738.589,32.37915,12163.5748,32.40222
1,71,right,0,0.1434,0,10060.3102,32.58625,13947.9017,32.51964,6625.5394,32.36299,12494.4422,32.38373
1,72,left,0,-0.1522,0,15091.3867,32.58282,7178.2085,32.51553,16602.0387,32.34761,9999.2778,32.3655
1,73,left,0,-0.1266,0,17094.2017,32.56905,9862.0519,32.50384,16798.1986,32.34001,11605.4866,32.35944
1,74,right,1,0.388,0,7571.8138,32.55492,13472.8108,32.49228,8698.7723,32.33209,16106.3248,32.35266
1,75,left,0,-0.148,0,13606.3655,32.54864,6840.6943,32.48846,18942.0153,32.31406,12908.9622,32.33586
1,76,right,1,-0.1542,1,13636.0678,32.53476,12349.3195,32.47657,10928.5374,32.306,11862.8929,32.32906
1,77,left,1,0.16,1,13607.1023,32.56755,13083.8963,32.51332,14883.8293,32.37323,14880.5401,32.40804
1,78,right,0,0.1452,0,10276.6968,32.63921,13586.3146,32.5741,12738.6357,32.41115,18039.4807,32.43885
1,79,right,0,0.1474,0,8528.8131,32.63361,13094.227,32.5681,9517.813,32.39523,17263.4213,32.4206
1,80,right,0,0.1454,0,6195.2205,32.6292,10368.4571,32.56314,9270.3349,32.3799,16802.4778,32.40312
1,81,left,0,-0.1664,0,14554.2571,32.62487,5882.0229,32.55815,15976.7293,32.36344,9295.2852,32.38423
1,82,left,1,-0.3872,0,12846.049,32.6063,4712.1655,32.54254,19420.5658,32.35516,10005.5007,32.37704
1,83,left,0,-0.1224,0,14164.0682,32.59264,7090.4832,32.52768,17276.4281,32.34838,11429.074,32.36888
1,84,right,0,0.1326,0,5330.7846,32.57721,9860.4224,32.515,7223.6469,32.34233,15575.8106,32.36371
1,85,left,1,0.1558,1,9454.9522,32.57334,9419.8674,32.51006,14783.2423,32.32748,16315.4944,32.34613
1,86,left,0,-0.1686,0,13175.9797,32.64491,4953.2145,32.5708,12664.2598,32.3665,6546.7251,32.3797
1,87,left,1,0.1454,1,15081.6509,32.63056,17440.8717,32.55883,11247.2101,32.35856,13942.3592,32.37314
1,88,right,0,0.1662,0,5195.595,32.7006,6493.3636,32.61867,11115.282,32.39601,15805.8893,32.40564
1,89,right,0,0.13,0,12006.8508,32.69609,16691.4845,32.61329,7252.0436,32.37993,13597.1981,32.38679
1,90,left,0,-0.1568,0,14836.849,32.69233,6843.0438,32.60915,20057.6048,32.36394,13469.1821,32.36823
1,91,left,1,-0.3956,0,10125.7715,32.67545,5295.7567,32.59493,17919.6711,32.35636,10436.6913,32.36183
1,92,left,1,0.1568,1,11398.8095,32.65943,11385.9485,32.57854,12124.5876,32.35042,13886.1298,32.35409
1,93,right,1,0.3802,0,8361.5629,32.73458,14747.3772,32.64142,10085.4083,32.39004,17579.6742,32.38776
1,94,right,1,0.381,0,8851.0611,32.72897,16884.4039,32.63842,7467.8962,32.37146,16164.073,32.37066
1,95,right,1,-0.1604,1,14842.0989,32.72353,13921.0666,32.63481,13048.6996,32.35391,11762.3573,32.35339
1,96,left,1,-0.3938,0,15137.4208,32.75275,6850.8988,32.66998,19383.4234,32.41776,10639.8847,32.42788
1,97,right,1,-0.1504,1,9695.764,32.73769,7985.8215,32.65433,18165.9248,32.41096,16481.6334,32.41947
1,98,left,0,-0.1356,0,10410.9158,32.76651,5536.935,32.68768,14628.0563,32.47611,9921.0121,32.49611
1,99,right,0,0.1668,0,14351.5824,32.7501,17194.4399,32.6748,12648.0509,32.46897,16274.0134,32.4903
2,0,right,1,0.3793,0,10363.3006,32.7488,18807.0928,32.67358,-2.6892,32.4513,9026.3237,32.46969
2,1,left,1,-0.3881,0,9824.1875,32.74122,2422.0294,32.66761,17244.5585,32.43356,7628.4309,32.44784
2,2,right,1,0.3745,0,4975.1427,32.72693,12717.4268,32.65171,1770.2263,32.42922,13210.9188,32.44183
2,3,right,1,-0.1653,1,11415.3242,32.72159,12384.0239,32.64866,12733.1169,32.4111,14593.3849,32.42385
2,4,right,1,0.3841,0,4770.7216,32.75194,11807.7225,32.68404,5444.4812,32.47896,14139.2973,32.50127
2,5,left,0,-0.1649,0,14706.9929,32.74761,3460.512,32.68162,11686.1005,32.46104,3592.1655,32.48377
2,6,left,1,-0.3917,0,9687.402,32.72944,232.2397,32.66717,11158.3839,32.45297,3339.7833,32.4775
2,7,right,1,0.3765,0,7829.7909,32.71494,14995.703,32.65144,2862.5757,32.44689,11315.2039,32.46979
2,8,left,1,-0.3885,0,5045.6388,32.70843,1155.4212,32.64778,16857.635,32.42942,9792.5631,32.4545
2,9,left,1,-0.3785,0,9600.024,32.69336,788.8414,32.63216,15399.155,32.42304,5928.3398,32.44648
2,10,left,0,-0.1759,0,10464.0663,32.67949,1738.1642,32.61687,20211.5258,32.41793,12467.1702,32.43958
2,11,right,0,0.1779,0,8735.9406,32.663,17471.2147,32.60317,-1167.7285,32.41106,12364.4203,32.43434
2,12,left,1,-0.3935,0,10218.3079,32.65905,1845.5765,32.59758,12356.4297,32.39581,4907.4645,32.41605
2,13,left,1,-0.3929,0,9288.2423,32.64566,3716.4857,32.58342,13914.4441,32.39051,6176.2342,32.40923
2,14,left,1,-0.3907,0,9002.591,32.63199,4359.1525,32.56795,20300.135,32.38526,11404.6155,32.40204
2,15,right,0,0.1643,0,5234.1024,32.6177,13155.654,32.55227,6457.798,32.3794,20704.2709,32.39491
2,16,left,0,-0.1985,0,5144.5981,32.61306,-3819.3471,32.54628,15995.5725,32.3627,7705.7702,32.37531
2,17,left,0,-0.1393,0,4076.9397,32.5963,342.8192,32.53248,15469.7895,32.35727,10611.37,32.37143
2,18,right,1,0.3847,0,4869.3659,32.58166,13612.23,32.52116,1808.31,32.35037,11918.2911,32.36635
2,19,right,0,0.1597,0,7763.2227,32.57764,16953.4265,32.5195,1799.4939,32.33394,17749.2644,32.35256
2,20,left,0,-0.1651,0,12553.4632,32.57351,2619.8087,32.51479,14727.8398,32.31876,7269.8726,32.33499
2,21,left,1,-0.3929,0,7183.2425,32.55739,195.1232,32.50141,10170.0896,32.31238,3453.8138,32.32906
2,22,left,0,-0.1399,0,11600.3276,32.54405,2359.0739,32.48657,17405.7765,32.30809,9649.5586,32.32231
2,23,left,1,0.1875,1,9723.4232,32.52772,7111.7736,32.47319,13763.5184,32.30068,12097.2256,32.31654
2,24,left,0,-0.1919,0,12091.2107,32.60068,2467.5017,32.53843,14576.4031,32.3393,7194.835,32.34858
2,25,left,1,0.1877,1,9256.7155,32.58391,9934.2863,32.52486,15238.9535,32.33313,16764.4739,32.34393
2,26,left,1,0.1643,1,8968.5451,32.65873,8871.4603,32.59123,12075.6854,32.37398,13598.988,32.37982
2,27,right,0,0.1681,0,-2079.2007,32.73418,3224.2758,32.65642,521.7004,32.41344,11058.0434,32.41399
2,28,left,1,0.1497,1,3854.9864,32.73247,1538.8489,32.65427,12181.5889,32.39717,11541.3959,32.39386
2,29,right,1,-0.1963,1,14189.3872,32.80692,12775.7249,32.71659,7945.3155,32.43732,9815.5683,32.42671
2,30,right,1,0.3845,0,4960.1637,32.838,10826.2151,32.75039,998.3115,32.50515,7963.7907,32.5039
2,31,right,0,0.1971,0,4946.6371,32.8322,13771.9028,32.74707,968.9286,32.48766,15772.3172,32.48764
2,32,right,0,0.1597,0,7335.3353,32.82762,12696.2174,32.74192,5896.0249,32.47097,15586.7138,32.46861
2,33,right,0,0.1687,0,9045.8888,32.82416,18178.5853,32.73749,-1098.49,32.45529,12923.4323,32.44966
2,34,right,0,0.1539,0,10654.6761,32.82162,16783.4099,32.73388,9664.2383,32.44028,19992.8242,32.43267
2,35,left,0,-0.1855,0,6612.8325,32.81713,-3035.0524,32.72879,15049.1062,32.42483,7012.5234,32.41478
2,36,right,1,-0.1597,1,4548.7675,32.79905,6596.5298,32.71445,7417.6114,32.4182,11206.6971,32.40968
2,37,left,1,0.1731,1,12271.2266,32.82945,7947.4666,32.75091,15428.5302,32.48688,13864.9559,32.48911
2,38,left,0,-0.2151,0,8536.5974,32.90712,-1551.989,32.81678,15981.9603,32.52765,7938.7777,32.52345
2,39,right,1,0.3851,0,2576.4272,32.8894,8346.7824,32.80305,6121.1665,32.51972,16586.9359,32.51718
2,40,left,1,0.1635,1,6429.639,32.88364,5973.4016,32.80016,15229.2786,32.50109,17012.348,32.49977
2,41,right,1,0.3855,0,5709.7988,32.95824,12629.5658,32.86457,7756.6597,32.54083,15819.4159,32.53455
2,42,left,1,-0.3973,0,6324.8234,32.95234,2346.9316,32.86144,17606.0717,32.5209,10443.9016,32.51751
2,43,right,0,0.1751,0,8773.3514,32.93496,16227.6068,32.84379,7247.2925,32.51416,20491.6516,32.50913
2,44,right,0,0.1651,0,4947.3627,32.93017,10808.3337,32.8383,3003.1405,32.49688,13071.545,32.48963
2,45,left,1,-0.3853,0,10695.9448,32.92493,1891.0491,32.8323,19212.9984,32.48025,9182.2092,32.47042
2,46,left,0,-0.2047,0,6906.5402,32.90942,-2745.1638,32.81614,14971.625,32.47507,7167.4147,32.46313
2,47,left,1,0.1631,1,5658.2952,32.89108,4385.4244,32.80206,13979.9333,32.46676,14098.534,32.45664
2,48,left,1,-0.3969,0,4781.622,32.96069,2355.9604,32.86291,15152.2978,32.5055,9364.667,32.48964
2,49,left,0,-0.2059,0,11630.6166,32.94583,1226.8575,32.8472,16909.7034,32.49921,8642.7397,32.48194
2,50,left,0,-0.1439,0,11568.2636,32.92637,5338.8174,32.83154,20042.9219,32.49209,14047.576,32.47668
2,51,left,1,-0.3963,0,8940.2944,32.9098,4415.5679,32.81901,12862.6902,32.48445,5567.5037,32.47079
2,52,right,0,0.1545,0,3918.7352,32.89292,10633.383,32.80135,3895.6052,32.47879,15614.4253,32.46374
2,53,right,0,0.1541,0,5927.265,32.88824,12308.2038,32.7959,3498.3475,32.46336,14466.8568,32.44593
2,54,right,1,0.3661,0,8322.8278,32.88618,17685.4349,32.79294,5049.5645,32.44838,14260.7457,32.42797
2,55,left,0,-0.1663,0,9682.1833,32.88158,-1870.856,32.79026,19915.7923,32.43135,10391.4962,32.41368
2,56,right,0,0.1691,0,5383.109,32.86435,13398.7209,32.77656,3621.7628,32.42475,17980.4353,32.40925
2,57,right,1,0.3749,0,3362.8285,32.86248,11805.0896,32.77337,2771.9495,32.40823,12734.3582,32.39072
2,58,left,1,-0.3899,0,9358.4195,32.85806,1409.4178,32.77135,10513.2098,32.39092,3441.2694,32.37686
2,59,right,1,-0.1905,1,12878.0965,32.84263,13560.6635,32.75609,10277.0965,32.387,10844.8485,32.37154
2,60,right,1,-0.1891,1,7934.2347,32.87617,6714.4603,32.79509,13115.0555,32.45434,14076.6484,32.44671
2,61,right,1,-0.1877,1,12902.2473,32.9053,11845.5489,32.82854,12847.5048,32.52129,14980.0552,32.52397
2,62,left,1,-0.3855,0,11526.1403,32.93896,4132.1074,32.8653,15313.6838,32.59184,7251.3104,32.60369
2,63,right,0,0.1803,0,9103.4387,32.92251,17025.3384,32.84832,4634.3702,32.58693,17635.0147,32.59666
2,64,left,1,0.1367,1,8394.3955,32.91837,5527.9378,32.84348,14256.6872,32.57049,12808.5043,32.57764
2,65,left,0,-0.2001,0,16009.6228,32.99238,3973.6498,32.90613,16219.5285,32.61118,7243.104,32.61057
2,66,right,0,0.2075,0,10432.9199,32.97399,19908.3212,32.89034,459.4218,32.60332,15203.1648,32.60401
2,67,right,1,-0.1763,1,10585.4457,32.96888,9815.8675,32.88386,7504.2523,32.58681,10035.3102,32.58514
2,68,left,1,-0.3929,0,8263.0062,33.00025,4579.3893,32.91859,14223.5004,32.65597,8076.6129,32.66392
2,69,right,0,0.1681,0,8631.0926,32.98298,16098.9573,32.90057,8687.4136,32.64853,21538.8153,32.65528
2,70,right,0,0.1779,0,9301.1206,32.97878,16720.1226,32.89557,3228.1664,32.62976,14965.7128,32.63367
2,71,right,1,-0.1645,1,11244.8882,32.97575,11855.267,32.89168,13194.6606,32.61248,14085.7624,32.61279
2,72,left,1,0.1543,1,5097.0852,33.00714,4877.1201,32.92745,13829.8301,32.68047,15683.1192,32.6887
2,73,right,0,0.1679,0,7569.543,33.07957,13915.581,32.98796,3109.8666,32.71767,12838.5705,32.71975
2,74,right,1,0.3865,0,5309.2457,33.07544,13211.9207,32.98253,821.1965,32.69982,12715.6236,32.69822
2,75,left,0,-0.1895,0,8405.8202,33.06965,224.8918,32.97902,15712.5454,32.6806,8699.4426,32.67987
2,76,right,1,-0.1529,1,10989.0115,33.05054,12869.9111,32.96378,10023.7012,32.67266,13146.2993,32.67365
2,77,left,1,0.1485,1,8624.5717,33.08167,7941.1614,33.00084,12041.3919,32.7401,12776.86,32.75152
2,78,right,0,0.1777,0,5729.9353,33.15865,12105.0061,33.06492,5204.765,32.77941,17092.3118,32.78421
2,79,left,0,-0.2187,0,13721.0557,33.15335,5148.0573,33.05866,10005.0798,32.7596,4034.2081,32.76019
2,80,right,0,0.2101,0,7404.6354,33.13335,15474.145,33.04243,4562.5322,32.75257,18145.4379,32.75475
2,81,left,1,0.1357,1,10841.9454,33.12905,11282.5399,33.03771,15017.6928,32.73446,15684.8531,32.73351
2,82,left,1,0.1487,1,9999.1545,33.20157,10158.362,33.0998,9160.4683,32.77399,10718.6766,32.76695
2,83,right,0,0.1735,0,11350.8844,33.27957,16713.6781,33.16344,6446.5823,32.81381,14074.4142,32.79983
2,84,right,1,-0.1779,1,10270.1819,33.27224,8975.8426,33.15428,11200.5065,32.79493,11911.6406,32.77739
2,85,right,1,-0.1497,1,11523.0701,33.30187,10699.4791,33.18709,10172.4462,32.8636,11244.1191,32.85554
2,86,right,0,0.2267,0,5653.9576,33.33052,14220.2369,33.2214,2954.9323,32.93033,18293.1597,32.93423
2,87,right,0,0.1451,0,10904.0053,33.32377,16926.0512,33.21348,7443.8651,32.91006,15946.8363,32.91057
2,88,left,1,0.1433,1,7458.4975,33.317,5925.8968,33.20558,12660.2336,32.89127,12375.7126,32.88868
2,89,right,0,0.1669,0,7957.3277,33.38723,13136.0871,33.26473,2716.5292,32.92771,11055.3922,32.91853
2,90,right,1,0.3753,0,4300.8088,33.38042,12305.7017,33.25674,1592.2866,32.90771,11705.0541,32.89419
2,91,left,0,-0.1845,0,9138.1256,33.37245,-253.3836,33.25095,14864.5004,32.88674,7448.5684,32.87484
2,92,right,0,0.1813,0,3258.34,33.34939,11888.9362,33.2328,1698.9963,32.878,17080.5218,32.86774
2,93,left,1,0.1375,1,9658.4553,33.34362,9139.7963,33.22636,13556.7819,32.85919,15158.5518,32.84508
2,94,left,0,-0.2307,0,6952.0125,33.41612,-2612.0474,33.28605,11811.339,32.89751,4479.1704,32.87735
2,95,right,0,0.1981,0,8327.4705,33.39457,18150.2633,33.26969,-1530.8271,32.88951,14763.6332,32.87092
2,96,left,0,-0.1669,0,9518.7087,33.38752,-3416.1649,33.26163,16654.6943,32.87173,6450.4829,32.85009
2,97,left,1,-0.3987,0,7407.3144,33.3669,984.0234,33.24503,8970.4047,32.86247,3257.7923,32.84262
2,98,right,0,0.1795,0,8102.1592,33.34718,14489.8769,33.22585,6736.5645,32.85584,17383.1764,32.83437
2,99,right,1,0.3709,0,7733.6275,33.34127,15278.3841,33.21908,-1404.596,32.83753,6886.3684,32.81286
3,0,left,0,-0.1602,0,11602.8202,33.33424,2229.5414,33.21428,28339.8433,32.81858,19066.4395,32.79569
3,1,left,0,-0.1952,0,14012.3967,33.30758,-447.6368,33.1961,20696.7777,32.80308,9004.7838,32.7833
3,2,left,1,-0.3812,0,9811.4634,33.28512,731.1705,33.17869,16158.3441,32.79336,5403.8053,32.77615
3,3,left,0,-0.194,0,16223.341,33.26675,1613.7638,33.16009,16146.6795,32.78468,5528.9522,32.76727
3,4,left,0,-0.177,0,14198.5983,33.24397,727.1193,33.14296,18539.4275,32.77529,7591.1869,32.76112
3,5,right,1,-0.1592,1,9359.8794,33.22427,7004.0862,33.12816,12534.108,32.76598,10651.9683,32.75432
3,6,left,0,-0.1736,0,12686.2451,33.25386,3745.4014,33.16286,17522.219,32.8334,9984.634,32.83285
3,7,left,0,-0.16,0,9813.9851,33.23253,-1313.6448,33.1456,19043.9854,32.82428,9254.6892,32.82517
3,8,right,1,0.38,0,7751.4796,33.21181,14321.3923,33.12993,6498.5673,32.8153,15107.1477,32.8183
3,9,left,1,-0.3894,0,8522.6537,33.20448,1981.6041,33.12388,17406.7627,32.79458,8525.6149,32.79821
3,10,right,1,0.3694,0,7699.0054,33.18742,15043.6919,33.10621,4935.4641,32.78627,11820.3232,32.78902
3,11,left,0,-0.174,0,11986.7853,33.18008,1459.532,33.09992,18608.4727,32.76709,9520.5421,32.7708
3,12,left,1,0.1574,1,6335.0952,33.15909,5139.5955,33.08394,16187.3085,32.75765,16360.969,32.76397
3,13,right,1,0.3784,0,6263.5402,33.23477,12603.4092,33.14745,3819.3885,32.79756,10449.4348,32.79525
3,14,right,1,-0.144,1,15495.8186,33.22768,14430.3757,33.14166,11467.7896,32.77894,13145.849,32.77752
3,15,left,1,0.1452,1,11996.9152,33.25736,8318.4796,33.17723,16710.658,32.84858,14369.447,32.86295
3,16,left,0,-0.2166,0,16636.126,33.33271,1692.5614,33.24061,18126.7839,32.88999,6216.4767,32.89544
3,17,left,1,0.1402,1,5963.9351,33.31124,7246.5748,33.22398,13244.2562,32.87983,14655.4746,32.8883
3,18,left,0,-0.2176,0,15809.0216,33.38358,120.945,33.28424,22600.3581,32.91937,9713.8858,32.92022
3,19,left,1,0.1408,1,8359.5466,33.36131,9432.0754,33.26705,9881.4522,32.90929,12153.0127,32.91264
3,20,left,1,0.1328,1,11655.8523,33.43615,10489.7815,33.33137,15328.8753,32.94921,16125.4949,32.9469
3,21,right,0,0.1322,0,8863.1751,33.51034,15465.8913,33.39097,1635.9444,32.98895,11599.7233,32.97936
3,22,left,1,-0.3978,0,8573.4363,33.50416,1957.8772,33.38323,16587.4004,32.96886,7874.075,32.95518
3,23,right,1,-0.131,1,10948.1267,33.48495,10667.835,33.36404,12086.8832,32.96074,12814.0401,32.94607
3,24,left,1,-0.3734,0,8971.6072,33.51224,2131.9949,33.399,22508.7954,33.02702,11273.8719,33.02655
3,25,left,1,0.1328,1,10519.0121,33.49221,9766.8948,33.37936,13726.5558,33.01819,13195.3118,33.01735
3,26,right,0,0.1554,0,7046.8342,33.56491,14859.0542,33.44103,5024.9851,33.05672,17009.0208,33.04807
3,27,right,0,0.1694,0,11435.3305,33.55733,19181.2109,33.43158,7012.6353,33.03697,19049.2443,33.02464
3,28,right,0,0.1652,0,7570.6444,33.55081,15015.7597,33.42367,4825.3171,33.01663,17359.4612,33.00076
3,29,right,1,-0.1314,1,8593.4714,33.5445,8450.4844,33.41553,8957.5642,32.99641,9198.097,32.97579
3,30,right,1,-0.1344,1,7181.0046,33.57438,6515.5654,33.45114,10275.5378,33.06289,12560.8522,33.05446
3,31,left,0,-0.1658,0,13743.1265,33.60493,3505.8094,33.48703,19927.7477,33.13107,11328.321,33.1375
3,32,left,0,-0.2006,0,14584.8055,33.58,2501.7844,33.46763,20425.2515,33.12038,9983.9731,33.12914
3,33,right,0,0.1702,0,10012.7064,33.55617,19391.9319,33.44946,3214.9674,33.10901,18320.2382,33.1208
3,34,left,0,-0.1662,0,21524.2728,33.5505,7721.8762,33.44176,19505.681,33.08881,9522.9258,33.09577
3,35,left,1,0.1268,1,6631.8378,33.52606,1078.5453,33.42294,12288.536,33.07887,10708.3648,33.08857
3,36,right,0,0.1524,0,9105.3575,33.60022,16285.2996,33.48261,5745.8697,33.1175,14900.8435,33.11951
3,37,right,1,0.3964,0,9895.2702,33.59337,15101.7914,33.47397,4704.0843,33.0969,9107.4343,33.09506
3,38,left,1,-0.3988,0,3024.1318,33.58425,-2640.646,33.46695,15825.7526,33.07464,7672.0069,33.07316
3,39,right,1,-0.1322,1,10855.3602,33.56371,9192.4386,33.44712,11244.8687,33.06536,11877.6505,33.0631
3,40,right,0,0.2092,0,6351.1139,33.59371,15388.6858,33.48246,1165.5833,33.13152,16143.8416,33.14239
3,41,left,0,-0.2052,0,10352.7294,33.58645,-3646.6804,33.47315,24975.7107,33.11056,12494.1528,33.11707
3,42,left,0,-0.1942,0,15505.2445,33.56289,3267.9185,33.45472,19112.8853,33.09865,9148.2519,33.10763
3,43,right,0,0.1836,0,11198.6591,33.53858,20621.5396,33.43582,5432.8763,33.08783,19736.1115,33.09944
3,44,left,0,-0.2004,0,16433.5548,33.53148,2173.154,33.42696,21638.4016,33.06639,9929.309,33.07374
3,45,left,1,-0.404,0,11491.2511,33.50869,3570.4973,33.40956,10907.9837,33.05576,5129.6184,33.06576
3,46,left,1,0.1286,1,10236.1142,33.48798,8458.2795,33.39018,13493.213,33.04786,13646.4779,33.05637
3,47,left,1,0.1266,1,13044.1925,33.56659,10429.0771,33.45366,15835.9105,33.08967,14164.8388,33.08966
3,48,right,1,0.3772,0,8707.1773,33.64036,13402.1806,33.51362,4999.5187,33.12928,9302.6947,33.11861
3,49,left,1,0.1242,1,9905.6734,33.63237,9426.0334,33.50764,12105.6441,33.10681,12760.6254,33.09652
3,50,left,0,-0.2358,0,16122.2119,33.70587,416.4566,33.56864,19254.9135,33.14639,6769.2862,33.12885
3,51,left,0,-0.1548,0,13600.7392,33.68026,7231.731,33.5498,14497.5081,33.13481,9856.0449,33.12031
3,52,left,0,-0.2272,0,5023.7615,33.65549,-8005.3431,33.53017,19608.2546,33.12355,8148.8462,33.11132
3,53,right,0,0.1822,0,5283.806,33.6335,15203.2254,33.5141,-1823.4186,33.1128,14707.5447,33.10331
3,54,left,1,-0.3884,0,12871.5952,33.62718,6279.4492,33.50558,18645.6726,33.09306,9990.7084,33.07961
3,55,left,1,-0.4004,0,7031.3011,33.60529,1871.4286,33.48403,17194.9465,33.08435,9632.0763,33.06985
3,56,right,0,0.1702,0,8541.7892,33.58537,16626.3519,33.46486,4729.7077,33.07469,17574.5349,33.05967
3,57,left,1,-0.3844,0,-297.7773,33.57833,-1565.9301,33.45637,14912.7441,33.05391,8548.5948,33.03535
3,58,right,1,0.3762,0,8083.562,33.55946,15005.4255,33.43724,5145.8966,33.04474,11878.0144,33.02584
3,59,left,1,-0.4042,0,6083.4392,33.5523,544.2402,33.43169,13814.3812,33.02416,6465.9414,33.00621
3,60,left,1,-0.3738,0,10698.7027,33.5338,2189.1857,33.41294,18501.6508,33.0148,7861.7762,32.99696
3,61,right,0,0.16,0,7550.1222,33.51338,14517.1858,33.39346,7098.2614,33.00525,19382.8912,32.98788
3,62,right,1,0.381,0,7811.8997,33.5075,14236.0124,33.38601,3780.2743,32.98578,9262.7252,32.96442
3,63,right,1,0.3942,0,8472.2118,33.50055,13849.4941,33.38099,2641.6872,32.96444,7843.8267,32.9438
3,64,left,0,-0.1768,0,18092.9577,33.49268,7470.1069,33.37452,17442.2305,32.94353,9104.7408,32.9231
3,65,left,1,0.1396,1,9790.4948,33.46986,9455.5784,33.3566,12668.4538,32.93399,13636.1565,32.91603
3,66,left,0,-0.2218,0,8963.9846,33.54245,-6442.6969,33.4169,17888.6899,32.97289,5889.3631,32.94777
3,67,right,1,0.376,0,6882.7263,33.51999,12748.4799,33.40071,5210.5474,32.9619,12996.021,32.93983
3,68,right,1,0.3706,0,7950.6818,33.51396,14849.5906,33.39644,962.424,32.94176,5716.6698,32.92001
3,69,left,1,0.1394,1,6187.8269,33.50595,5043.2164,33.38915,10937.0457,32.92282,10728.8579,32.90225
3,70,right,1,0.3696,0,4671.1717,33.57646,12088.3058,33.44774,2047.1122,32.96252,11466.995,32.93548
3,71,left,0,-0.1596,0,15345.6895,33.56805,6249.3586,33.44032,14423.4974,32.9421,7523.3718,32.91561
3,72,left,1,0.1488,1,4667.667,33.54492,4015.8738,33.42286,13757.5212,32.93303,14240.6701,32.90942
3,73,left,0,-0.2184,0,14346.4385,33.62,-871.474,33.48571,20121.928,32.97391,8099.4175,32.94347
3,74,right,0,0.1922,0,3449.2656,33.59587,12691.8127,33.46757,2965.1715,32.96453,18973.5603,32.93639
3,75,left,1,0.1282,1,6969.3577,33.58993,6366.3444,33.45981,13967.5286,32.94547,15676.8273,32.91337
3,76,right,1,0.3864,0,7880.8807,33.66524,13399.0125,33.52098,3982.0768,32.98577,8904.8126,32.94739
3,77,left,1,-0.3868,0,9345.7857,33.65535,2000.2437,33.5123,13659.7437,32.96429,5414.796,32.9272
3,78,right,0,0.1672,0,8593.3788,33.63336,13785.6603,33.49139,6479.2182,32.95638,14938.025,32.91876
3,79,left,1,0.1296,1,11028.2747,33.62647,7926.906,33.48318,14367.226,32.93715,13737.5304,32.89624
3,80,right,1,0.3776,0,11210.1452,33.70458,17137.8239,33.54584,5761.5056,32.98109,10523.7982,32.93163
3,81,right,1,-0.1476,1,13533.5704,33.69455,13007.9538,33.53769,13578.0026,32.95994,15302.3976,32.91238
3,82,left,1,0.14,1,7244.1524,33.72309,5461.35,33.57191,16558.8108,33.02742,15382.4189,32.99511
3,83,left,1,-0.3818,0,7862.7688,33.79532,2308.0026,33.63168,16560.2896,33.0685,9079.6545,33.0273
3,84,left,1,-0.3848,0,8821.6224,33.77121,1827.4419,33.60978,13325.3393,33.05907,5595.234,33.01804
3,85,left,0,-0.215,0,11533.1869,33.7468,-2537.5986,33.58805,22866.89,33.0501,11125.497,33.00962
3,86,right,0,0.1686,0,9926.4083,33.72174,19836.2438,33.57008,-1414.375,33.0379,13471.9044,33.00113
3,87,left,0,-0.1896,0,12688.4523,33.71507,-215.7183,33.56268,10462.7613,33.01946,700.6669,32.97985
3,88,right,0,0.1702,0,3441.5588,33.69128,11684.1095,33.54451,1209.0296,33.00949,14988.8944,32.97351
3,89,right,1,-0.1496,1,6037.6729,33.68515,5843.2378,33.53707,5868.8069,32.98952,11207.5391,32.95085
3,90,right,1,0.381,0,9188.8977,33.71489,15412.7558,33.57064,7896.9429,33.05597,14726.53,33.03224
3,91,left,0,-0.1558,0,9741.4739,33.7065,1131.3884,33.56354,16183.2685,33.03371,8517.1592,33.01064
3,92,right,0,0.1634,0,10741.2003,33.68194,20422.5656,33.54435,1996.9249,33.02381,16535.0445,33.00343
3,93,right,1,-0.151,1,12743.2386,33.67512,11611.9767,33.53585,10643.2193,33.00385,11820.6799,32.97984
3,94,left,1,0.1322,1,2755.864,33.70491,2084.0542,33.56926,12117.501,33.06878,13017.2617,33.0565
3,95,right,1,-0.1412,1,9729.0329,33.77942,9386.9261,33.63038,8986.7647,33.1085,12340.5469,33.08955
3,96,right,1,-0.1364,1,11811.9826,33.80797,12119.8129,33.66405,8566.4526,33.17664,10764.3192,33.1727
3,97,left,1,0.1304,1,12012.2622,33.83456,9420.5033,33.6971,13813.6404,33.24177,13688.6256,33.25184
3,98,left,0,-0.2404,0,11645.4664,33.90734,-1126.3018,33.75624,20097.5113,33.28138,9455.5571,33.28409
3,99,right,1,-0.1132,1,14699.6679,33.88214,14209.3215,33.73682,8228.0935,33.26886,10345.5075,33.27396
4,0,right,1,0.3665,0,14779.2091,33.90976,21975.7599,33.76958,11696.2698,33.33651,21366.9072,33.35469
4,1,left,0,-0.2021,0,16219.596,33.89469,7104.6011,33.75399,16681.8345,33.3131,9923.8985,33.32483
4,2,right,0,0.1737,0,8782.7732,33.87047,14773.7255,33.73432,9629.4394,33.30132,19532.8366,33.31537
4,3,right,1,-0.1237,1,10195.479,33.86286,10318.9664,33.7257,16287.6452,33.27928,15437.2666,33.29087
4,4,left,0,-0.1751,0,15409.7564,33.89069,7675.1838,33.75984,18028.936,33.34308,11901.3032,33.36622
4,5,right,0,0.1781,0,10854.0894,33.86597,15182.2975,33.74031,10599.0444,33.33032,17158.9246,33.35619
4,6,left,1,-0.4111,0,9895.2743,33.85732,5419.2607,33.73056,15405.7943,33.30769,9741.1224,33.33025
4,7,left,0,-0.1853,0,13089.1904,33.83359,6004.5949,33.70888,16885.5983,33.29896,11230.6443,33.32054
4,8,right,1,-0.1287,1,14330.6513,33.8084,14283.8746,33.68849,15632.7684,33.2876,17601.4513,33.31143
4,9,right,0,0.1893,0,9268.5258,33.83623,14514.7649,33.72099,7789.5237,33.35052,15795.9728,33.38492
4,10,left,1,0.1089,1,12480.2747,33.82881,9906.6741,33.71254,14401.145,33.32734,13955.067,33.3587
4,11,left,0,-0.2163,0,18093.1789,33.8916,7220.9579,33.76327,17550.041,33.36239,9156.3736,33.38734
4,12,right,1,0.3833,0,6545.7814,33.86686,10231.5865,33.7432,8711.5784,33.35151,14563.5734,33.37867
4,13,left,1,-0.4031,0,8563.0821,33.85657,3290.0099,33.73354,10335.4853,33.32724,5618.7388,33.35321
4,14,right,1,0.3921,0,8840.4435,33.83384,13211.821,33.71274,8161.9614,33.31718,14300.273,33.34251
4,15,right,1,0.3751,0,11922.1863,33.82346,19342.5829,33.70352,8390.2882,33.29374,14829.4544,33.31839
4,16,left,1,-0.4061,0,8537.3324,33.81566,3469.2348,33.69732,17360.8103,33.27085,9882.7546,33.29469
4,17,left,0,-0.1603,0,17639.0463,33.79279,8687.5132,33.67618,20316.5553,33.2605,13287.622,33.28418
4,18,right,1,-0.1371,1,10694.6313,33.7683,9099.6147,33.65722,18112.7362,33.2496,18039.6052,33.27575
4,19,right,1,-0.1297,1,16265.1321,33.79572,14344.2796,33.68845,15411.0161,33.30919,15713.5984,33.34813
4,20,right,0,0.2103,0,4224.6267,33.82114,10133.9394,33.71919,5814.9107,33.36864,16876.8185,33.42021
4,21,left,0,-0.2037,0,19629.119,33.81477,8747.6949,33.71187,21195.2771,33.34676,12478.5514,33.39569
4,22,left,1,-0.4173,0,12068.3576,33.792,7161.1359,33.69267,14487.5079,33.3351,9288.8114,33.38591
4,23,left,0,-0.1539,0,13921.4109,33.77025,7072.5752,33.67165,16188.3939,33.32624,9851.5076,33.37601
4,24,right,1,-0.1367,1,15459.3297,33.74633,14586.6061,33.65229,15323.0032,33.31531,16601.9572,33.36721
4,25,left,1,-0.4113,0,8252.8518,33.77212,5740.5165,33.68319,15592.3056,33.37257,9948.0514,33.43696
4,26,right,0,0.1775,0,15327.8546,33.7506,20497.5215,33.66257,12445.6606,33.36264,18660.2297,33.42619
4,27,left,1,0.1181,1,12695.0018,33.7434,9186.2716,33.65415,18890.2035,33.33994,18080.7701,33.39974
4,28,left,0,-0.2211,0,13766.583,33.81222,2858.6818,33.70835,23073.2567,33.37348,13251.5488,33.42509
4,29,left,0,-0.1587,0,17662.403,33.78739,9714.1508,33.68739,14090.1098,33.36291,8763.7587,33.41571
4,30,right,1,0.3915,0,10758.7657,33.76611,15292.3056,33.66992,9437.7028,33.35228,13265.6593,33.40691
4,31,left,0,-0.1985,0,15826.6905,33.7569,8218.84,33.66173,17754.5111,33.33026,11370.6779,33.38422
4,32,left,1,-0.4133,0,5514.4809,33.73243,4601.2455,33.6421,14518.899,33.31948,9570.8357,33.37537
4,33,right,1,0.3815,0,5601.7856,33.71065,12087.1048,33.62039,4070.192,33.31003,13932.674,33.36525
4,34,right,1,-0.1385,1,9382.6512,33.70346,9878.7535,33.61453,15545.0142,33.28705,18771.1467,33.34177
4,35,left,1,-0.3901,0,15603.9029,33.73272,7895.1212,33.6475,16560.7726,33.34995,9610.2298,33.41612
4,36,right,0,0.1867,0,12825.3891,33.71124,17065.2468,33.6275,14010.9552,33.34018,19741.8968,33.40541
4,37,left,1,-0.4129,0,13040.5711,33.70507,6894.7129,33.61989,19924.4414,33.31815,12507.1546,33.38037
4,38,left,1,-0.3851,0,13213.7145,33.68429,6258.6644,33.60044,18772.6903,33.30969,10882.0681,33.3706
4,39,right,1,-0.1273,1,16545.1281,33.66217,14526.1126,33.57986,18763.7455,33.30068,16283.0489,33.36067
4,40,left,1,-0.4139,0,9245.956,33.69121,5763.9828,33.61558,10081.8683,33.36236,6361.4962,33.43665
4,41,left,1,0.1265,1,16076.6346,33.6743,15350.1237,33.59683,15620.6165,33.35337,16346.6099,33.4257
4,42,right,1,0.4059,0,10187.6878,33.74094,13723.9651,33.65091,10643.1946,33.38792,13067.4388,33.45461
4,43,left,0,-0.1897,0,15868.503,33.73286,6767.491,33.6451,16328.3334,33.36412,9449.7733,33.43068
4,44,right,1,-0.1197,1,16153.8124,33.71045,15278.459,33.6269,14479.5356,33.35389,14760.3418,33.42253
4,45,left,0,-0.1665,0,13762.3786,33.73633,7668.5643,33.65778,14807.5381,33.41407,9605.2427,33.49467
4,46,left,0,-0.1831,0,13391.0639,33.71443,6317.1974,33.63965,17698.8069,33.40253,11210.2634,33.48516
4,47,right,1,-0.1395,1,16874.2651,33.69134,15194.1644,33.62047,16769.2845,33.39185,16065.6761,33.47617
4,48,right,0,0.2067,0,7066.6299,33.71846,13183.4033,33.65246,6616.2472,33.4526,17044.2536,33.55
4,49,left,1,0.1207,1,9786.9246,33.71151,8302.2882,33.64415,15748.3228,33.42946,16637.7388,33.52342
4,50,left,0,-0.2137,0,13280.8017,33.77972,2837.8452,33.70019,20040.8301,33.46332,10785.4484,33.55066
4,51,left,1,0.1181,1,14803.6235,33.75616,16936.8492,33.68023,17634.6103,33.45129,18718.6504,33.54081
4,52,right,1,-0.1315,1,14259.7678,33.82358,16206.68,33.73611,13386.7288,33.48736,16791.2061,33.56957
4,53,left,0,-0.1861,0,13959.8924,33.84954,4318.4007,33.76804,16920.6824,33.5454,9154.2957,33.637
4,54,right,1,-0.1377,1,11946.6448,33.8262,11535.7534,33.74837,9488.2613,33.53346,12087.9474,33.62693
4,55,right,1,-0.1199,1,13835.6878,33.85499,14383.0432,33.78123,15270.7627,33.59314,15809.3322,33.698
4,56,right,1,-0.1131,1,18231.631,33.88261,16828.3172,33.81375,14487.9419,33.65255,14582.1784,33.76738
4,57,left,0,-0.1731,0,13982.0265,33.9104,6346.5111,33.84553,18545.9403,33.71174,12114.3206,33.83834
4,58,right,0,0.1759,0,6843.1023,33.88653,10405.0772,33.82596,10508.96,33.69845,16975.7098,33.82724
4,59,right,1,-0.1283,1,16919.3376,33.87908,16242.9127,33.81652,17655.7068,33.67339,16721.686,33.79775
4,60,left,1,0.1175,1,15016.663,33.90674,12974.4891,33.84927,14837.8375,33.72944,13710.9116,33.86363
4,61,right,1,0.3991,0,9966.4035,33.97528,12416.3295,33.90708,11188.9591,33.76386,12184.4914,33.89102
4,62,left,1,-0.4159,0,5781.3556,33.96634,4562.6688,33.89889,18091.0719,33.73801,12319.1091,33.86394
4,63,right,1,-0.1333,1,15167.18,33.94231,14366.6715,33.87611,16997.0114,33.72646,17454.2984,33.85163
4,64,left,1,-0.4131,0,4557.0981,33.96794,4278.4247,33.90683,15514.3406,33.78638,10986.5753,33.9225
4,65,right,1,0.4019,0,10138.5972,33.94466,14992.5053,33.88334,7527.2286,33.77432,11078.6089,33.90882
4,66,right,1,0.3809,0,12724.4536,33.93664,18168.9775,33.87653,8983.5117,33.74679,10521.3025,33.87829
4,67,right,1,0.3843,0,7065.4674,33.92874,11444.8441,33.86903,9099.2933,33.71822,15306.5852,33.84755
4,68,left,0,-0.1847,0,20460.3526,33.91971,11959.4308,33.86052,18465.7048,33.69187,11470.0124,33.81981
4,69,right,1,0.3711,0,10950.5498,33.895,18164.1052,33.84049,12117.3655,33.67945,18546.7886,33.8097
4,70,right,0,0.1795,0,11155.3921,33.88666,15546.5697,33.83189,12303.133,33.65213,19615.561,33.77985
4,71,left,1,-0.4153,0,10539.2736,33.8801,6673.8487,33.82378,14807.6915,33.62726,9392.375,33.75075
4,72,right,1,-0.1245,1,16014.3169,33.85761,16038.9073,33.80199,18389.0156,33.617,19767.3962,33.73915
4,73,right,0,0.1921,0,11447.562,33.88244,17139.4801,33.83233,8159.2721,33.67665,16455.0095,33.81084
4,74,left,1,-0.4061,0,13811.7831,33.87635,7473.967,33.82494,15299.876,33.65269,9649.6981,33.78232
4,75,right,0,0.1675,0,10589.3159,33.85322,15065.9883,33.8031,11805.8259,33.64211,19147.0592,33.77022
4,76,left,1,0.1247,1,12213.5286,33.84605,9867.5961,33.79431,16624.9814,33.61832,15208.1707,33.74184
4,77,left,0,-0.2117,0,16211.6038,33.91265,5376.4322,33.84861,20914.2282,33.65437,12383.6408,33.76997
4,78,left,1,-0.3813,0,9801.3421,33.88781,3904.026,33.82707,18128.8961,33.64239,10105.7143,33.75937
4,79,left,0,-0.1703,0,19397.8067,33.86494,11526.713,33.80492,19574.4443,33.63246,13316.5797,33.7486
4,80,left,1,-0.4079,0,9067.8468,33.83999,7539.0161,33.78382,18244.405,33.62079,13086.653,33.73827
4,81,left,1,0.1179,1,12233.2042,33.81802,12037.3873,33.76236,14010.9756,33.61001,14588.0334,33.72661
4,82,left,1,0.1201,1,15474.2363,33.88251,13915.1061,33.8133,16114.8275,33.6452,15338.3575,33.75434
4,83,left,1,-0.4191,0,10023.951,33.94776,8357.511,33.86474,15891.8206,33.67827,11213.6717,33.77903
4,84,left,1,-0.4055,0,8923.0689,33.92402,5720.6273,33.84202,15865.5014,33.66744,10231.9558,33.76747
4,85,left,1,-0.4121,0,16136.2828,33.90222,11000.3072,33.82077,18192.3613,33.65624,12232.0528,33.75555
4,86,left,1,0.1181,1,16293.0201,33.87945,15287.8244,33.79933,12589.5531,33.64584,12863.2635,33.74398
4,87,right,1,0.3783,0,4852.6777,33.94505,9246.6296,33.85209,6007.624,33.67837,12016.4095,33.76894
4,88,left,1,-0.3945,0,14580.2297,33.93609,7637.8236,33.84425,18629.9128,33.65182,10673.5985,33.74166
4,89,left,1,-0.4051,0,9999.5919,33.91375,6102.0807,33.82278,17288.7082,33.64094,10748.3343,33.73051
4,90,right,0,0.1825,0,12270.991,33.89072,17105.6707,33.80097,13691.2761,33.63096,20285.1497,33.71954
4,91,left,0,-0.1863,0,13968.4963,33.8838,5022.3708,33.79219,17335.9854,33.60752,10071.7862,33.69245
4,92,left,0,-0.1669,0,18684.9228,33.85945,9314.2241,33.77213,18334.354,33.59517,11098.7101,33.68223
4,93,left,1,-0.4011,0,11462.6415,33.8346,5114.8318,33.75102,13581.6042,33.58275,7821.1604,33.67162
4,94,right,0,0.1715,0,10686.8005,33.81294,15604.3419,33.73082,12280.5437,33.57186,19672.3458,33.65998
4,95,left,1,0.1175,1,11153.4432,33.80671,8633.1777,33.72288,15872.2977,33.54818,16245.3839,33.63177
4,96,right,0,0.1801,0,10396.8748,33.87799,14290.2601,33.78011,8416.6592,33.58427,13774.0109,33.66047
4,97,right,0,0.1481,0,6963.9944,33.87129,12264.0996,33.77184,9918.1266,33.56126,18671.9327,33.63424
4,98,right,1,-0.1331,1,14982.5381,33.8637,15519.718,33.76241,13897.1135,33.53824,15709.845,33.60734
4,99,right,0,0.2073,0,6274.0716,33.88985,12676.9729,33.79391,8697.6173,33.59787,19200.5818,33.67678
