ep,t,good_side,explore,v,correct,e_ll,g_ll,e_lr,g_lr,e_rl,g_rl,e_rr,g_rr
0,0,left,1,-0.4442,0,16497.7415,30.0,909.1762,30.0,21466.0639,30.0,6756.6264,30.0
0,1,right,1,-0.1442,1,5688.2783,29.998,8569.4729,29.99952,-2448.2011,30.00367,5417.8992,30.00194
0,2,left,1,0.1006,1,8255.761,30.04216,-2188.2366,30.05274,10057.8027,30.0844,4521.9703,30.10044
0,3,right,0,0.1068,0,9597.9028,30.13784,15050.8487,30.12402,3631.8962,30.13931,12447.7058,30.14088
0,4,right,1,0.4372,0,1930.1587,30.14341,11804.2778,30.13016,1123.5901,30.13946,14428.4817,30.13921
0,5,right,1,0.4458,0,1912.805,30.14759,11278.0536,30.13813,1701.2119,30.1374,13621.5092,30.1403
0,6,right,0,0.0898,0,5342.9666,30.15033,6451.3295,30.14465,1234.2864,30.13507,2396.2394,30.14186
0,7,right,0,0.0912,0,7346.6804,30.15617,9948.042,30.1506,3262.2417,30.13665,7041.4991,30.14165
0,8,left,1,0.1074,1,5827.3024,30.16243,-1358.1538,30.15668,9266.2635,30.13594,5330.762,30.13926
0,9,left,1,-0.4594,0,14729.0073,30.25423,2851.8428,30.22734,14018.6522,30.18631,2524.4433,30.17641
0,10,right,0,0.1084,0,11454.3088,30.25651,14173.9968,30.22584,2938.9261,30.19119,7346.3822,30.17838
0,11,right,1,0.4312,0,6888.1152,30.26094,17311.7772,30.23046,831.1052,30.19055,12188.0589,30.17609
0,12,right,0,0.0924,0,5736.1502,30.26424,7670.6326,30.23853,3045.2333,30.18882,4942.8096,30.17774
0,13,right,1,0.4436,0,5162.8275,30.26918,14697.0812,30.24294,1839.0895,30.18758,14858.7351,30.17487
0,14,left,0,-0.1192,0,3420.4009,30.27256,267.1732,30.25082,14428.4791,30.18513,10748.3178,30.17555
0,15,left,0,-0.1154,0,7376.4362,30.27308,3761.8482,30.25346,12336.5715,30.18861,8809.6598,30.17962
0,16,left,0,-0.115,0,5126.1816,30.27168,2092.0247,30.25431,12728.2583,30.1916,9075.8961,30.18326
0,17,right,1,0.4358,0,3797.6332,30.27135,12598.7424,30.25597,-2326.7588,30.19434,9092.9919,30.18655
0,18,left,0,-0.1188,0,3153.8799,30.27408,-37.1438,30.26367,13630.3227,30.19252,9930.6714,30.18765
0,19,right,1,-0.1886,1,12111.5622,30.2742,12592.7182,30.26585,2395.3175,30.19481,7687.5365,30.19049
0,20,right,1,-0.2252,1,12378.2738,30.31834,11582.0535,30.31625,4408.373,30.27579,7475.2213,30.2831
0,21,left,1,-0.4558,0,10871.6709,30.36226,1378.9806,30.36615,17502.165,30.3587,5332.3064,30.37633
0,22,right,0,0.0874,0,8443.467,30.365,10018.2205,30.36473,4092.7163,30.36265,6905.3923,30.37731
0,23,left,0,-0.1272,0,8206.4725,30.36995,5831.5947,30.36898,11415.6286,30.36167,9245.7699,30.37459
0,24,left,0,-0.1028,0,6121.5255,30.36909,1553.5192,30.36958,10935.1647,30.36398,6608.8691,30.37724
0,25,left,1,-0.4632,0,8824.9648,30.36926,-975.1934,30.37119,17334.9211,30.36566,5934.7765,30.37938
0,26,left,1,-0.451,0,11816.4955,30.37309,900.9576,30.37053,13105.0336,30.36841,3466.4083,30.37909
0,27,right,1,0.405,0,6119.1493,30.3743,15393.4325,30.36858,-547.5992,30.37189,10355.2241,30.37906
0,28,left,1,-0.4668,0,10582.5517,30.3767,7.9977,30.37452,13747.2128,30.36873,3153.4375,30.37863
0,29,right,1,-0.2442,1,10759.3802,30.37763,10693.5569,30.37262,5537.1012,30.37169,8302.1077,30.3789
0,30,left,1,-0.4426,0,11058.381,30.42217,2531.0692,30.42476,17524.5029,30.45809,7566.0791,30.47604
0,31,right,1,0.41,0,7775.1776,30.42276,16924.7908,30.42223,3971.3573,30.46087,13338.0712,30.47555
0,32,left,1,-0.4396,0,8638.0111,30.42433,-1087.9187,30.42728,14845.1889,30.45609,4122.0404,30.47459
0,33,left,1,-0.45,0,5883.9397,30.42929,-4320.4697,30.42691,20057.7683,30.45855,6348.7502,30.47413
0,34,right,1,-0.239,1,9811.5969,30.43252,7794.1737,30.42603,6905.8438,30.46224,7737.1626,30.47464
0,35,right,0,0.0708,0,9327.0136,30.47406,11159.6245,30.47271,1534.8944,30.54247,4152.5415,30.56404
0,36,left,1,0.165,1,9442.4694,30.47901,4982.3567,30.47717,11468.9333,30.54132,9538.1967,30.56109
0,37,left,0,-0.0904,0,7760.2622,30.56904,2214.0488,30.55003,10093.8292,30.59111,6078.5135,30.6001
0,38,right,1,-0.2478,1,11912.451,30.56814,10349.32,30.55059,9557.6972,30.59179,9684.3012,30.60161
0,39,right,1,-0.2496,1,11608.2966,30.60924,8016.7266,30.59783,10916.7174,30.67033,10013.6242,30.68909
0,40,right,1,0.3772,0,9375.8174,30.65481,16937.4567,30.64543,1705.1657,30.75172,9459.7263,30.77737
0,41,left,0,-0.0892,0,7931.7212,30.65515,263.2306,30.64899,16123.1507,30.74549,9254.4529,30.77387
0,42,right,0,0.071,0,7009.8277,30.65389,10952.7197,30.64917,-3706.9019,30.74501,2947.8668,30.77393
0,43,left,1,-0.4312,0,17311.5471,30.6574,4847.2896,30.6523,16325.6613,30.74115,6088.3324,30.76816
0,44,right,1,-0.2604,1,11776.4652,30.65479,9379.1334,30.64773,5278.7695,30.74328,5267.8142,30.76679
0,45,left,0,-0.0924,0,8836.9907,30.69871,2704.5747,30.69554,14332.3185,30.82513,8928.8967,30.85513
0,46,left,1,-0.4188,0,10705.5047,30.69797,-1399.032,30.69602,17885.7859,30.82476,6071.2502,30.85555
0,47,right,1,0.373,0,7286.0572,30.69846,17861.2278,30.69312,5852.8193,30.82722,15472.3092,30.85414
0,48,right,1,0.3846,0,4483.2661,30.70126,13251.4267,30.69847,1207.8598,30.81907,11176.1244,30.84807
0,49,right,0,0.0616,0,9103.821,30.70253,11224.8242,30.70276,856.7856,30.81264,3614.913,30.84465
0,50,right,1,0.3764,0,6874.3045,30.70612,15338.8161,30.70565,3746.7809,30.80857,14695.2217,30.8387
0,51,right,0,0.0526,0,5962.2906,30.70701,10021.3987,30.7101,-433.6755,30.80094,6227.7483,30.83318
0,52,right,0,0.061,0,12084.5048,30.70824,14309.6002,30.71011,6441.4214,30.79609,9443.1178,30.82626
0,53,left,1,0.1902,1,6987.6906,30.7129,4892.7578,30.71412,13410.5355,30.79014,11873.3174,30.81874
0,54,left,1,-0.4208,0,9056.1202,30.80254,446.4465,30.79193,13752.7313,30.84039,5486.8659,30.85764
0,55,left,0,-0.084,0,6915.8038,30.80216,-522.0556,30.78817,10282.8199,30.84196,4746.0518,30.8555
0,56,right,1,-0.2538,1,5465.4943,30.79939,4689.7196,30.78707,5859.1652,30.8425,6135.8914,30.85676
0,57,right,1,-0.2458,1,13941.587,30.84188,12278.8134,30.83439,10275.3835,30.92463,8324.1802,30.94598
0,58,left,0,-0.0798,0,9601.2264,30.88766,584.4011,30.88675,18097.3255,31.00988,10939.8507,31.03916
0,59,left,1,-0.4054,0,11145.4707,30.88405,558.2347,30.88464,12898.6384,31.01052,2317.9094,31.03999
0,60,right,0,0.0892,0,9128.8392,30.88322,13207.3253,30.87989,189.1746,31.01061,6813.1137,31.03744
0,61,left,1,-0.409,0,8707.2632,30.88698,-1184.6162,30.88312,13835.2554,31.00541,3051.4077,31.03043
0,62,right,1,-0.254,1,13834.5784,30.8865,11120.6436,30.87903,4686.9539,31.00496,3535.7242,31.02811
0,63,right,1,0.3774,0,1089.8916,30.92665,6178.3363,30.92404,3540.6057,31.08255,10557.3595,31.11272
0,64,right,1,0.3786,0,10507.3546,30.92674,17458.762,30.92766,5470.7252,31.07224,11933.6096,31.10497
0,65,left,1,-0.4142,0,10309.2998,30.92959,-529.6232,30.93502,15740.517,31.06265,5240.7209,31.09786
0,66,right,1,0.364,0,11457.4373,30.92993,18764.5757,30.93088,2294.7501,31.0626,9807.1102,31.09468
0,67,left,0,-0.0982,0,11812.8693,30.93134,2910.4869,30.93624,13990.2925,31.05432,6390.7939,31.08955
0,68,right,0,0.0866,0,5970.9661,30.92744,11381.317,30.93359,-1412.3601,31.05234,6844.454,31.08884
0,69,right,1,-0.2538,1,10769.4122,30.92979,9104.9807,30.93524,5294.5201,31.04602,4429.8567,31.0808
0,70,right,0,0.106,0,5563.4582,30.97285,10575.3564,30.98237,1836.9746,31.1305,10253.6948,31.16943
0,71,right,0,0.027,0,9947.596,30.9756,12296.0561,30.98387,1308.5892,31.12378,3920.4451,31.16037
0,72,left,1,-0.4102,0,7589.3771,30.97764,-144.8177,30.98464,20133.2848,31.11819,8731.8887,31.15306
0,73,left,1,0.2106,1,9579.5571,30.97809,6367.8653,30.98034,12750.1502,31.11901,11663.6547,31.15051
0,74,left,1,-0.4106,0,9745.4121,31.07044,-21.6881,31.06019,13862.249,31.16866,3320.9435,31.1918
0,75,right,1,-0.245,1,10992.2519,31.06928,7146.6358,31.05465,6347.4481,31.17072,6009.4555,31.19021
0,76,right,1,0.3856,0,3016.8154,31.11475,7788.279,31.10137,4470.7351,31.24986,12020.0274,31.27813
0,77,right,1,0.3694,0,3177.5722,31.11427,9105.5125,31.10427,2418.1085,31.23926,9849.4213,31.26951
0,78,left,1,-0.404,0,12189.1669,31.1138,936.0644,31.10674,17764.009,31.23008,6865.7535,31.26296
0,79,left,1,-0.4094,0,7429.7588,31.11016,513.4829,31.10022,14876.4996,31.22967,5847.5997,31.25931
0,80,right,1,-0.238,1,11544.7584,31.10825,8129.5076,31.09389,8857.8907,31.22922,7360.4937,31.25562
0,81,left,1,0.2252,1,2379.857,31.1514,1886.8891,31.14036,13796.9075,31.30795,14588.2641,31.34217
0,82,left,0,-0.1402,0,13785.0518,31.24255,777.6238,31.22053,17321.7472,31.35495,7655.9103,31.38042
0,83,right,1,0.3732,0,5384.9593,31.2366,11942.5995,31.21686,3085.1143,31.35185,11310.5308,31.3787
0,84,right,0,0.0988,0,7230.5831,31.23571,14028.7201,31.21841,-3107.6305,31.34133,8303.1515,31.37027
0,85,right,1,0.3684,0,6336.566,31.23756,13701.6016,31.21982,2122.7023,31.3348,10892.2293,31.36156
0,86,left,0,-0.1094,0,10138.4948,31.23921,892.7094,31.22662,18102.8713,31.32387,10508.2945,31.3537
0,87,left,1,0.214,1,9097.8998,31.23438,9289.3695,31.22369,10532.2839,31.32048,10827.3667,31.35139
0,88,left,1,0.2076,1,8958.5252,31.32197,7962.9333,31.29839,7370.1408,31.36801,7449.2709,31.38906
0,89,left,1,0.206,1,11183.6992,31.40827,8278.5578,31.37414,14348.5651,31.41323,13356.4648,31.42694
0,90,right,1,0.369,0,11036.5438,31.49767,19011.0082,31.45043,3001.3854,31.46142,10149.0309,31.4655
0,91,right,1,-0.2218,1,14038.4548,31.49674,11351.6855,31.45315,3444.8924,31.45047,3261.1235,31.45782
0,92,right,1,-0.2026,1,11481.6892,31.53764,11174.3736,31.49786,9015.1574,31.52898,10918.9136,31.54424
0,93,right,0,0.1508,0,5010.3981,31.57591,12632.755,31.54269,1921.3564,31.60624,13710.5482,31.63202
0,94,left,0,-0.1556,0,8765.7012,31.57644,-4697.5333,31.54249,15764.1191,31.59466,5825.3043,31.618
0,95,right,1,-0.213,1,15338.9976,31.56727,10304.2706,31.53585,8541.5044,31.59087,5755.4455,31.61524
0,96,left,1,-0.393,0,10155.6222,31.60943,2717.49,31.57962,15947.5106,31.66996,7413.5813,31.70118
0,97,left,0,-0.1434,0,16647.4636,31.60438,2793.4492,31.57085,17455.4847,31.66783,7148.7574,31.69605
0,98,right,0,0.1258,0,514.6139,31.59641,7828.6661,31.56523,2684.5362,31.66301,15004.7833,31.69222
0,99,right,1,-0.2058,1,15251.7181,31.59819,13192.1145,31.56593,10175.6222,31.653,10672.8927,31.67965
1,0,left,1,-0.3423,0,19601.3456,31.63976,7880.3628,31.61114,30960.246,31.72917,17089.5762,31.76403
1,1,left,1,0.2229,1,13396.1212,31.62908,14410.1606,31.60132,14454.7908,31.72135,15534.7537,31.75499
1,2,left,1,-0.3425,0,14159.9984,31.7074,8279.4648,31.66927,17129.5996,31.76111,9912.4008,31.78705
1,3,left,1,0.2281,1,12045.3798,31.70044,12390.2073,31.66008,14994.4114,31.75746,15823.8749,31.78119
1,4,left,0,-0.1099,0,9125.2399,31.7787,1429.1059,31.72764,12717.1737,31.79491,6132.2779,31.81167
1,5,right,1,0.4283,0,8858.5241,31.76903,14552.5942,31.71958,4591.9155,31.78945,10095.1628,31.8075
1,6,right,1,0.4129,0,7501.2721,31.76609,12479.3689,31.71896,7913.6206,31.77699,14960.421,31.79655
1,7,left,0,-0.0793,0,12742.3495,31.76229,8550.3124,31.71772,12806.9748,31.76309,9599.628,31.7847
1,8,left,1,-0.3409,0,11000.8941,31.75449,4462.6396,31.71067,14151.1103,31.75964,7483.2411,31.78145
1,9,left,1,0.2267,1,14840.7446,31.74773,14992.9509,31.70129,13291.6223,31.75645,14744.0341,31.77567
1,10,right,0,0.1377,0,12953.2252,31.82312,14958.884,31.76544,9810.7516,31.79487,11758.6922,31.80812
1,11,left,0,-0.0751,0,13053.7437,31.82256,7603.2646,31.76411,14594.3979,31.78194,10013.2797,31.79369
1,12,right,0,0.1683,0,8054.781,31.81683,10512.519,31.75919,6691.0797,31.77648,10727.086,31.7889
1,13,left,1,0.2321,1,13757.9437,31.81657,12848.6388,31.75857,14910.3986,31.76494,15225.2305,31.77604
1,14,left,1,-0.3501,0,8035.9858,31.89403,207.0183,31.82655,19767.328,31.80491,8936.0512,31.80955
1,15,right,0,0.1447,0,9812.0489,31.88702,11241.8703,31.81721,9516.6883,31.8009,11514.7873,31.8039
1,16,right,0,0.1435,0,9219.3421,31.88531,12228.5007,31.81489,6176.6704,31.78774,10019.961,31.78899
1,17,left,1,-0.3473,0,17517.3462,31.88466,5425.7562,31.81394,17415.9349,31.77562,6970.2845,31.77513
1,18,left,1,0.2243,1,9950.0189,31.87609,10205.7282,31.80389,10378.9533,31.77235,10930.6188,31.77003
1,19,left,1,0.2273,1,11458.7341,31.94994,10111.4012,31.86757,15613.6454,31.81033,17565.0221,31.80115
1,20,left,1,0.2281,1,10959.5251,32.0274,10123.2087,31.93151,16509.6784,31.84902,17195.1928,31.83349
1,21,right,1,-0.1423,1,12225.6694,32.10516,11450.698,31.99815,10346.1578,31.88945,9158.0355,31.8664
1,22,right,0,0.2009,0,11936.5537,32.13664,15574.9015,32.03627,6828.2578,31.95383,11704.2877,31.94021
1,23,left,0,-0.1225,0,15151.3754,32.13237,8751.055,32.03204,15254.7284,31.93991,10096.7403,31.92611
1,24,right,1,-0.1275,1,12427.4879,32.12235,11032.2275,32.0234,15865.6039,31.93312,13697.7227,31.92051
1,25,left,1,0.2181,1,10601.8109,32.15453,8797.1283,32.06092,17218.0327,31.99676,17333.1284,31.99431
1,26,right,1,-0.1331,1,18545.9729,32.23304,15735.0731,32.12599,12757.6132,32.03516,10721.6487,32.02553
1,27,left,0,-0.0927,0,14105.6932,32.26475,8105.5673,32.16224,16097.018,32.10121,10718.481,32.09999
1,28,left,1,-0.3429,0,11941.0748,32.25343,4375.229,32.15325,15926.7341,32.09441,7939.2548,32.09443
1,29,right,1,-0.1225,1,13111.6345,32.24152,11507.2174,32.14065,18988.623,32.08877,15056.3375,32.08697
1,30,right,1,0.4213,0,14124.6484,32.2774,17794.5435,32.1826,13979.2067,32.15686,15303.9418,32.16398
1,31,left,0,-0.0913,0,13304.7902,32.27191,8746.0349,32.17999,15490.8611,32.13892,11253.697,32.14706
1,32,left,0,-0.0989,0,14915.6991,32.26165,7753.0826,32.17211,18542.1611,32.13242,12145.5697,32.14197
1,33,left,1,0.2065,1,11424.5233,32.24927,11055.8596,32.16159,16289.9154,32.12572,17563.5618,32.13618
1,34,right,0,0.1875,0,11755.2095,32.31816,14368.4344,32.21931,7527.1053,32.16126,10431.6521,32.16586
1,35,right,0,0.1653,0,8936.8843,32.31607,12499.0287,32.21716,8905.6579,32.14608,14636.6373,32.14817
1,36,right,0,0.1943,0,12741.4576,32.31265,15812.4459,32.21306,9044.3178,32.13324,12847.849,32.13329
1,37,right,1,0.4173,0,12194.2141,32.311,18626.3038,32.21195,7425.8386,32.1182,12214.2631,32.11632
1,38,left,1,0.2077,1,10930.3179,32.30619,9984.5204,32.21112,13759.4983,32.10179,15060.87,32.10217
1,39,left,0,-0.1433,0,11902.169,32.38462,2152.1829,32.27492,21358.873,32.14121,12801.5608,32.13463
1,40,right,1,0.4215,0,9557.0118,32.37169,15141.6628,32.26433,9846.3254,32.13541,16828.2418,32.12947
1,41,right,1,0.4203,0,7208.295,32.36593,12344.147,32.26071,7511.2952,32.12062,11816.26,32.11542
1,42,right,1,0.4155,0,9527.7752,32.36024,15415.6823,32.25721,8829.787,32.10462,16009.2226,32.10131
1,43,left,1,0.2061,1,10659.1195,32.35473,10313.5669,32.25451,15523.2321,32.08913,15981.99,32.08739
1,44,right,0,0.1637,0,7935.3729,32.43175,9802.2022,32.31929,9496.6432,32.12784,12959.7744,32.11752
1,45,left,1,-0.3471,0,14132.7579,32.43007,6019.3537,32.31726,14163.4248,32.11364,6819.444,32.1011
1,46,left,1,0.2121,1,12053.2776,32.41792,10731.4495,32.3045,14568.4408,32.10854,16336.8758,32.09429
1,47,left,0,-0.1389,0,11279.0221,32.49418,3425.2135,32.36651,18617.0176,32.14688,11339.9393,32.12699
1,48,left,1,-0.3553,0,13668.1332,32.48083,7646.8316,32.35506,14086.1583,32.14094,8064.5751,32.12185
1,49,right,1,0.4165,0,11278.649,32.46947,17349.0218,32.342,9426.12,32.13381,15923.4716,32.11337
1,50,left,1,-0.3635,0,4781.8136,32.46422,1070.4387,32.33965,10270.7395,32.11769,4869.3147,32.09894
1,51,right,1,-0.1265,1,14722.1774,32.45207,13220.3834,32.32629,13732.1204,32.11251,13554.2528,32.0921
1,52,right,0,0.2115,0,12673.7801,32.48258,17216.7795,32.3617,3964.7391,32.17395,10150.4918,32.16288
1,53,left,0,-0.1335,0,16467.9242,32.47897,6893.8877,32.35792,17871.2853,32.16055,10275.797,32.1478
1,54,right,0,0.1845,0,8962.0152,32.46512,12954.805,32.34672,8178.1637,32.15399,14435.0522,32.1425
1,55,right,1,0.4105,0,8192.1131,32.46155,15369.7639,32.34295,6790.2714,32.13912,15088.4882,32.12616
1,56,right,1,-0.1297,1,14389.4886,32.45687,13231.8872,32.34134,14283.3091,32.12243,12850.9954,32.11155
1,57,left,0,-0.0871,0,17396.4333,32.48773,12060.1258,32.3784,17924.8735,32.18712,13427.8687,32.1856
1,58,right,0,0.1801,0,12793.6932,32.47351,15807.3021,32.36798,9118.938,32.1803,12710.1322,32.18025
1,59,left,1,-0.3523,0,8989.0016,32.46996,457.2399,32.36343,15296.6068,32.16454,6608.4545,32.16309
1,60,right,1,-0.1281,1,17566.1987,32.4562,14608.4372,32.34972,15050.0497,32.15795,11201.2548,32.15513
1,61,left,1,0.2085,1,15163.9369,32.48843,13575.2674,32.38668,18502.3257,32.22179,18228.1618,32.22732
1,62,right,1,-0.1327,1,18724.5644,32.56239,15300.1283,32.44716,15660.851,32.25946,13177.512,32.25736
1,63,left,1,0.1975,1,16299.0428,32.59586,14841.1252,32.48469,15688.2753,32.32522,15117.4369,32.33345
1,64,right,0,0.1803,0,11867.1167,32.66295,14411.7811,32.54182,8772.9888,32.36027,11594.8617,32.3624
1,65,left,1,0.1915,1,14956.5538,32.65847,13136.753,32.53661,16512.4433,32.34568,16811.1726,32.34586
1,66,left,0,-0.1611,0,9761.6976,32.73251,2230.1641,32.59608,14307.7151,32.38305,7719.3415,32.37541
1,67,right,0,0.2173,0,10789.8383,32.7186,16317.0111,32.58465,4823.9165,32.37477,12594.1087,32.36888
1,68,left,0,-0.1215,0,14789.5883,32.71343,5938.2223,32.57947,13033.0012,32.35908,6506.6888,32.35096
1,69,right,0,0.1963,0,12328.2858,32.69683,17232.8453,32.56649,9607.8127,32.35061,16256.5347,32.34431
1,70,right,0,0.1751,0,8202.5599,32.6935,12027.3699,32.56249,5904.7771,32.33348,11988.6931,32.32518
1,71,right,0,0.1797,0,7849.9039,32.68969,11987.9969,32.55817,5531.2809,32.3182,11813.0725,32.30842
1,72,left,0,-0.1359,0,12506.446,32.68533,4379.7668,32.55327,17605.1508,32.30334,10301.9883,32.29208
1,73,left,0,-0.0957,0,12272.7448,32.67102,5473.0945,32.54172,16299.4822,32.29579,10447.3441,32.28599
1,74,right,1,0.4003,0,11091.2896,32.65502,19189.7308,32.5293,6665.7944,32.28927,14802.1878,32.28067
1,75,left,0,-0.1091,0,15441.0864,32.64963,8351.8451,32.52649,15849.9359,32.27294,10481.1313,32.26549
1,76,right,1,-0.1297,1,13642.3123,32.63531,11808.0908,32.51567,14914.2242,32.26689,13223.4428,32.26064
1,77,left,1,0.2041,1,12290.5188,32.66677,10271.4289,32.55201,15195.8283,32.33436,15798.4597,32.33687
1,78,right,0,0.1683,0,9223.6391,32.74239,11961.7126,32.61427,8336.6525,32.37373,12076.0056,32.37043
1,79,right,0,0.1805,0,10748.3641,32.73701,15629.2118,32.60841,6204.1356,32.35967,13636.9524,32.3544
1,80,right,0,0.1703,0,11511.5489,32.73307,15069.1197,32.60374,7521.4894,32.3444,11713.9681,32.33706
1,81,left,0,-0.1199,0,13996.4973,32.72994,5950.8948,32.60015,17273.3373,32.32865,10358.575,32.31951
1,82,left,1,-0.3535,0,13372.249,32.71381,6002.3472,32.58707,16582.7296,32.32134,9198.2922,32.31363
1,83,left,0,-0.1003,0,14190.2194,32.69846,7470.4457,32.5719,19668.9778,32.31557,13322.2751,32.30607
1,84,right,0,0.1655,0,11311.7122,32.68542,15155.0276,32.56209,6611.2518,32.30889,13092.2227,32.30102
1,85,left,1,0.1979,1,6924.5212,32.68215,6272.5769,32.5585,16019.6321,32.29392,16127.4067,32.28403
1,86,left,0,-0.1379,0,15260.5468,32.75824,6490.3707,32.62088,15973.7208,32.33361,9233.1615,32.31447
1,87,left,1,0.1903,1,11302.1888,32.74398,14324.5057,32.60976,14095.0812,32.32602,16678.1917,32.30845
1,88,right,0,0.1629,0,13405.2527,32.81395,15151.5188,32.6693,8708.0613,32.36288,10330.6514,32.33891
1,89,right,0,0.1683,0,9584.6114,32.81095,14283.8385,32.66595,5396.8265,32.34714,12728.9482,32.32096
1,90,left,0,-0.1309,0,10825.569,32.80669,3815.8596,32.66136,19168.6396,32.3317,12150.1647,32.30409
1,91,left,1,-0.3697,0,12730.6356,32.79115,7467.7334,32.64945,18041.8351,32.32491,10834.4299,32.29889
1,92,left,1,0.1879,1,11028.9999,32.77844,9505.0887,32.63562,12819.3953,32.31794,13407.7214,32.29084
1,93,right,1,0.4113,0,7924.0483,32.85321,13953.0978,32.69898,7539.1494,32.35636,15061.3909,32.32316
1,94,right,1,0.4163,0,9765.5028,32.84696,14814.7361,32.69474,7587.4856,32.3387,12707.329,32.30727
1,95,right,1,-0.1249,1,15047.3507,32.8409,12474.2156,32.69077,14109.2384,32.32163,10449.2877,32.29202
1,96,left,1,-0.3767,0,14132.3065,32.87427,7527.6915,32.72806,10113.2058,32.38927,5396.4921,32.36695
1,97,right,1,-0.1303,1,17165.4626,32.85831,14772.6295,32.71262,15150.4649,32.38304,12988.227,32.35886
1,98,left,0,-0.1143,0,19209.5319,32.89348,11622.06,32.7519,17703.4826,32.45303,11510.4068,32.43629
1,99,right,0,0.1771,0,9365.6938,32.87772,12960.3734,32.74002,8936.8517,32.44377,14502.8657,32.42911
2,0,right,1,0.3998,0,13879.5999,32.87355,23344.6713,32.73531,8726.1731,32.4288,18098.4318,32.41208
2,1,left,1,-0.3572,0,10309.0688,32.86437,3170.114,32.72772,12489.7117,32.40977,4971.479,32.39038
2,2,right,1,0.389,0,6583.6827,32.84792,13966.074,32.71127,3566.5678,32.40381,12679.384,32.38279
2,3,right,1,-0.137,1,13571.5467,32.84298,13675.3148,32.70935,9248.1677,32.38641,10228.2643,32.36713
2,4,right,1,0.4096,0,11481.2364,32.87604,16905.4372,32.747,7931.7486,32.45632,13053.5947,32.44264
2,5,left,0,-0.1416,0,14506.8367,32.86916,4412.2952,32.74393,15650.8035,32.43711,7927.8957,32.426
2,6,left,1,-0.3516,0,14534.1962,32.85199,2901.203,32.73096,15783.3119,32.42947,6271.7378,32.41969
2,7,right,1,0.403,0,9323.8611,32.83837,15421.2301,32.71689,5772.712,32.4241,11133.6388,32.41236
2,8,left,1,-0.363,0,10428.6109,32.83173,4519.2124,32.71369,12652.2728,32.40584,6531.9272,32.39789
2,9,left,1,-0.3638,0,10286.3187,32.81493,3567.4147,32.69709,17835.7978,32.39975,8415.1586,32.39005
2,10,left,0,-0.1604,0,8466.6697,32.8002,-2422.0517,32.68198,13598.5057,32.39425,4983.8392,32.38333
2,11,right,0,0.189,0,7970.2615,32.78577,16524.612,32.6708,2177.4077,32.38748,15832.7173,32.37798
2,12,left,1,-0.3598,0,8013.36,32.78269,3679.3719,32.66717,13671.1732,32.37086,7488.6422,32.35886
2,13,left,1,-0.3624,0,13043.4962,32.77017,4083.905,32.65319,15770.293,32.36673,6422.5351,32.35248
2,14,left,1,-0.3648,0,12068.401,32.75577,5647.3863,32.63849,16953.4573,32.36126,9471.3956,32.34575
2,15,right,0,0.1778,0,10435.9107,32.74238,17350.0616,32.62399,686.9083,32.35551,10474.8989,32.33783
2,16,left,0,-0.1644,0,10837.2043,32.73885,2081.1256,32.6198,8669.2565,32.33965,2490.2866,32.31976
2,17,left,0,-0.1256,0,13071.8531,32.72287,3785.1148,32.60756,18006.328,32.33351,9944.6095,32.31558
2,18,right,1,0.3916,0,5053.7653,32.70811,14261.373,32.59558,2262.7565,32.32744,14191.2109,32.31096
2,19,right,0,0.1866,0,6831.3131,32.70425,12222.9345,32.5938,2857.6208,32.31148,10882.4628,32.29684
2,20,left,0,-0.1448,0,8780.6411,32.70255,-2243.3896,32.59131,19380.0675,32.29754,9808.5922,32.28052
2,21,left,1,-0.3544,0,11621.8265,32.68911,2550.5876,32.58052,17812.6963,32.29134,7855.6022,32.27589
2,22,left,0,-0.1274,0,6150.3246,32.6764,-2580.6904,32.566,16645.1215,32.28591,9003.27,32.26855
2,23,left,1,0.2232,1,7283.2659,32.66412,5613.2002,32.55671,12980.9112,32.27947,12932.5037,32.26388
2,24,left,0,-0.1594,0,11786.4137,32.74227,1768.4458,32.62297,14889.9094,32.31952,6890.4085,32.29694
2,25,left,1,0.206,1,4062.5775,32.7262,6173.6811,32.61046,9121.5834,32.31426,11356.3896,32.2931
2,26,left,1,0.1982,1,9242.3332,32.80056,9563.5166,32.67529,8089.5306,32.35244,8456.2514,32.3258
2,27,right,0,0.1624,0,5436.0198,32.87487,9771.1899,32.73701,2318.9536,32.39189,9027.6317,32.3563
2,28,left,1,0.1776,1,9152.5199,32.87187,2366.4857,32.73353,14207.1136,32.37656,10856.611,32.33866
2,29,right,1,-0.1638,1,9947.6171,32.94522,8773.1687,32.79366,12434.3688,32.41553,11284.2671,32.3706
2,30,right,1,0.4066,0,8362.9246,32.97865,15325.5398,32.82991,8548.7138,32.4861,17328.9987,32.44661
2,31,right,0,0.2114,0,3390.8247,32.97247,10816.9417,32.82595,5863.6147,32.46823,18417.5037,32.43087
2,32,right,0,0.1562,0,7036.4947,32.96858,11942.141,32.82142,5005.8127,32.45047,12477.9755,32.41123
2,33,right,0,0.2048,0,5861.6009,32.96564,14415.5642,32.81718,-191.0358,32.43327,13070.7407,32.3916
2,34,right,0,0.157,0,6468.0333,32.96106,10792.7173,32.81194,5722.4654,32.41686,12871.7393,32.37362
2,35,left,0,-0.159,0,10434.7006,32.95768,265.3371,32.80782,9984.6871,32.3998,2748.8003,32.3546
2,36,right,1,-0.1404,1,8288.3656,32.94016,10183.0361,32.7942,4241.8373,32.39381,8252.761,32.35037
2,37,left,1,0.1954,1,5758.6287,32.97136,6058.6159,32.83084,9682.8075,32.46061,10673.0467,32.42469
2,38,left,0,-0.189,0,8224.124,33.04901,-1387.709,32.89461,14624.5847,32.49959,6505.2285,32.45514
2,39,right,1,0.3944,0,6059.2356,33.03241,14248.8057,32.88216,1328.9313,32.49175,11251.8032,32.44968
2,40,left,1,0.1898,1,11428.7518,33.02825,12643.9208,32.88134,8013.6156,32.47337,11144.9297,32.43325
2,41,right,1,0.3884,0,7112.3858,33.1049,14027.3975,32.94501,2514.1583,32.51193,10388.6501,32.46512
2,42,left,1,-0.3584,0,9625.4465,33.09787,1984.8385,32.94071,15009.2504,32.4933,7155.2682,32.4487
2,43,right,0,0.173,0,10008.4899,33.08121,17984.2742,32.92444,6269.8839,32.48654,19153.6571,32.44045
2,44,right,0,0.179,0,7459.9921,33.07682,13737.8584,32.9192,-3841.29,32.46922,5408.2513,32.42137
2,45,left,1,-0.356,0,9919.2295,33.07133,456.875,32.9127,12478.4098,32.45393,4002.8091,32.40457
2,46,left,0,-0.1604,0,10936.8981,33.05424,63.5435,32.89686,15698.0483,32.44853,7093.1966,32.39729
2,47,left,1,0.1914,1,5954.8642,33.03776,6050.313,32.88431,7746.9636,32.44212,7681.8193,32.39273
2,48,left,1,-0.3722,0,1414.0852,33.11325,-880.4115,32.94851,19272.2596,32.48335,10778.2265,32.42662
2,49,left,0,-0.1858,0,5837.3271,33.09758,-4012.8009,32.93363,16102.1942,32.47668,7973.2189,32.41953
2,50,left,0,-0.1346,0,16994.6356,33.08306,7959.6338,32.92361,12427.0396,32.46841,6277.6928,32.41389
2,51,left,1,-0.3632,0,8229.7782,33.06486,3349.9382,32.90947,16530.045,32.4623,9851.8004,32.40929
2,52,right,0,0.1684,0,9455.7811,33.05131,16966.1497,32.89494,3450.5128,32.45623,15098.0495,32.40139
2,53,right,0,0.1752,0,7029.4016,33.04684,12977.7776,32.88953,4831.3752,32.44064,14438.3048,32.38411
2,54,right,1,0.4018,0,6676.2137,33.04239,13185.7887,32.88493,189.5026,32.42335,7295.9599,32.36551
2,55,left,0,-0.133,0,18124.2719,33.03578,3666.9783,32.88097,16156.7944,32.40661,5737.8756,32.35193
2,56,right,0,0.163,0,2851.6846,33.01842,11015.961,32.86729,-335.7723,32.39839,12926.3455,32.34629
2,57,right,1,0.4006,0,2517.1032,33.01548,9687.8484,32.86404,2949.8081,32.38352,13185.243,32.33001
2,58,left,1,-0.363,0,8112.9073,33.01024,2666.7362,32.86189,15572.3413,32.36528,8005.235,32.31396
2,59,right,1,-0.154,1,10451.3423,32.99613,9950.9055,32.84632,7375.5039,32.3608,7113.4527,32.30698
2,60,right,1,-0.139,1,6056.184,33.031,7299.7584,32.88625,8972.5607,32.43269,12142.7369,32.38705
2,61,right,1,-0.1484,1,12202.5135,33.06095,11420.4297,32.92218,8550.6569,32.49688,9144.133,32.46152
2,62,left,1,-0.3622,0,6424.9782,33.0924,3198.605,32.95702,9116.263,32.56383,4661.7788,32.53493
2,63,right,0,0.1758,0,3992.8879,33.07689,8545.8159,32.94072,4953.1717,32.55777,11924.016,32.52733
2,64,left,1,0.1764,1,12775.3646,33.07418,8104.8988,32.93723,12145.1151,32.54135,10746.4069,32.50839
2,65,left,0,-0.1826,0,12977.5355,33.15355,1122.9167,33.00078,18823.9803,32.58027,9409.9669,32.53958
2,66,right,0,0.2204,0,5134.3537,33.13384,14395.1985,32.9855,3723.3123,32.57326,19432.736,32.53491
2,67,right,1,-0.1396,1,10169.3207,33.12848,11511.9799,32.97952,2138.6686,32.55555,6350.1636,32.51548
2,68,left,1,-0.3592,0,10813.993,33.16001,5523.0054,33.01655,15469.1096,32.62419,8313.292,32.59311
2,69,right,0,0.1964,0,8150.1181,33.1437,15315.7669,32.99933,4977.523,32.61727,15704.2305,32.58479
2,70,right,0,0.1842,0,5201.2198,33.13798,9534.5944,32.99254,1583.0568,32.59977,8717.7045,32.56556
2,71,right,1,-0.1396,1,15327.8021,33.13298,15683.4401,32.9864,8985.6179,32.58369,12520.8502,32.54686
2,72,left,1,0.182,1,6832.7258,33.16533,7737.7051,33.02321,12607.3841,32.6532,14150.4819,32.62495
2,73,right,0,0.1946,0,6029.2714,33.24197,10653.6599,33.08557,6894.2019,32.69026,14683.8981,32.65525
2,74,right,1,0.4014,0,7159.7585,33.23731,14780.2146,33.07977,3726.7845,32.67275,13640.7952,32.63489
2,75,left,0,-0.149,0,14479.8533,33.22941,5208.7932,33.07494,15603.7466,32.65285,8480.3439,32.61754
2,76,right,1,-0.1212,1,15194.7469,33.21063,15206.3623,33.06029,8609.1271,32.64345,11053.0449,32.61047
2,77,left,1,0.1846,1,6131.2951,33.24392,2135.0802,33.09726,14143.6246,32.71027,11750.9043,32.68567
2,78,right,0,0.1862,0,6620.8868,33.31744,12353.442,33.15767,2627.3202,32.75127,11023.9273,32.71691
2,79,left,0,-0.1956,0,7387.3175,33.31147,-1017.0837,33.1506,17630.6161,32.7322,9586.6853,32.69535
2,80,right,0,0.2164,0,5116.3901,33.2917,14576.8919,33.13675,1007.4297,32.72405,16272.2317,32.68986
2,81,left,1,0.1754,1,2839.5484,33.28609,3486.1674,33.13022,13422.6422,32.70619,13779.2423,32.67017
2,82,left,1,0.1666,1,7038.428,33.36038,4819.8196,33.19178,6866.3315,32.74482,5383.378,32.70175
2,83,right,0,0.1802,0,7610.6923,33.43348,11916.1424,33.25252,3974.9901,32.78201,10589.0341,32.73022
2,84,right,1,-0.1194,1,10095.4556,33.42818,11358.0574,33.24633,10190.8924,32.76404,12108.846,32.70903
2,85,right,1,-0.11,1,13695.3334,33.45964,15247.7668,33.28369,7039.3901,32.83017,10545.5881,32.78308
2,86,right,0,0.2252,0,8173.9848,33.49112,16589.0954,33.32199,2150.0145,32.89713,15179.0447,32.85961
2,87,right,0,0.1816,0,6979.3745,33.48514,13493.2433,33.31519,3706.1864,32.87777,13844.0499,32.83769
2,88,left,1,0.1674,1,-620.6585,33.48036,-1750.4895,33.30954,12830.5855,32.85873,12644.678,32.81608
2,89,right,0,0.1866,0,5647.5976,33.5556,12285.3618,33.37029,-516.9188,32.89903,9366.1434,32.84828
2,90,right,1,0.404,0,5526.7825,33.54872,13870.3042,33.36263,2599.8371,32.87928,13563.6299,32.82599
2,91,left,0,-0.1434,0,10259.6068,33.54045,715.7904,33.35659,17728.9494,32.85856,9394.9756,32.80749
2,92,right,0,0.2068,0,5110.7934,33.51975,12258.3428,33.34086,-1081.4426,32.84872,10052.2722,32.79985
2,93,left,1,0.1692,1,6814.9875,33.51351,3751.4968,33.33368,7661.7026,32.8297,6581.2664,32.77867
2,94,left,0,-0.2054,0,12264.0982,33.5863,2291.3339,33.39286,17926.8239,32.86768,9648.7398,32.80858
2,95,right,0,0.233,0,5460.5783,33.56375,14860.9601,33.37591,125.8654,32.85734,14235.4475,32.80086
2,96,left,0,-0.1278,0,15001.5066,33.5576,1355.0806,33.36909,14974.6758,32.83777,5412.7976,32.77887
2,97,left,1,-0.347,0,10522.9492,33.5352,-436.2338,33.3517,14872.3199,32.82909,4378.5474,32.77221
2,98,right,0,0.1742,0,9828.5197,33.51666,16430.089,33.33385,6316.7772,32.82042,16278.6538,32.76335
2,99,right,1,0.4054,0,8220.6578,33.5095,14942.406,33.32545,3850.4188,32.8007,11298.1278,32.74167
3,0,left,0,-0.1647,0,18869.7992,33.50123,5154.2873,33.31993,22807.4293,32.77957,12572.6793,32.72335
3,1,left,0,-0.1897,0,10410.032,33.4722,-1859.6279,33.30143,17715.5294,32.76337,7236.4255,32.7113
3,2,left,1,-0.3931,0,9192.1129,33.45068,189.8826,33.28557,14521.8014,32.75342,5117.3939,32.70439
3,3,left,0,-0.2015,0,14468.8804,33.43006,1905.9994,33.26683,13960.503,32.74577,4079.8609,32.69631
3,4,left,0,-0.1841,0,20337.1642,33.40927,5129.0168,33.25121,14876.7,32.73736,3755.5014,32.69088
3,5,right,1,-0.1607,1,13653.4001,33.38844,12368.0171,33.23602,10940.1986,32.72838,11148.669,32.68484
3,6,left,0,-0.1643,0,17740.4977,33.41978,4362.4374,33.27211,21049.223,32.79614,10291.9802,32.76408
3,7,left,0,-0.1987,0,12061.6136,33.39822,-1339.6475,33.25623,16009.5955,32.78541,5797.7532,32.7567
3,8,right,1,0.3561,0,10269.8287,33.37986,17042.6338,33.24282,6490.3703,32.7764,11658.1865,32.75008
3,9,left,1,-0.3991,0,7562.3599,33.37229,2576.6869,33.23676,13908.268,32.75507,6661.9644,32.73082
3,10,right,1,0.3779,0,8329.6893,33.35534,13288.0846,33.21885,2579.4828,32.74759,7991.6805,32.72208
3,11,left,0,-0.1851,0,7476.7131,33.34659,-629.0867,33.21201,16493.5964,32.72759,8565.595,32.70334
3,12,left,1,0.1571,1,9778.1767,33.32804,10205.002,33.19815,13658.7303,32.71803,15791.0243,32.69638
3,13,right,1,0.3797,0,8201.3274,33.4095,14409.2013,33.26434,-1898.7016,32.7593,823.9496,32.73039
3,14,right,1,-0.1501,1,11632.8365,33.40241,10986.5861,33.25965,11683.3758,32.74064,11783.538,32.71404
3,15,left,1,0.1489,1,9437.792,33.43597,6332.7479,33.2993,13894.5251,32.81323,12237.7959,32.79728
3,16,left,0,-0.2225,0,16888.2905,33.51219,1257.8768,33.36148,18541.1958,32.85435,6515.9255,32.82923
3,17,left,1,0.1371,1,8966.141,33.49132,9199.5371,33.3459,10076.4949,32.84404,13042.8454,32.82167
3,18,left,0,-0.2155,0,13230.8379,33.56776,-4094.2763,33.40775,19818.9628,32.88362,6517.5042,32.85614
3,19,left,1,0.1243,1,12956.295,33.54529,13372.4459,33.39222,12628.7838,32.87267,12906.5776,32.84949
3,20,left,1,0.1309,1,14188.8756,33.62292,11474.824,33.45486,11567.1972,32.91395,11051.4059,32.88166
3,21,right,0,0.1497,0,7140.1849,33.70336,12317.0718,33.51844,-192.6308,32.95485,8047.7562,32.91366
3,22,left,1,-0.3941,0,11095.321,33.69602,5065.157,33.50984,14165.3215,32.93576,7661.0524,32.89179
3,23,right,1,-0.1447,1,12566.2938,33.67603,11921.2797,33.49151,8224.2338,32.92616,8711.1335,32.88205
3,24,left,1,-0.3787,0,7997.3631,33.70867,1487.3892,33.52995,16128.6537,32.99253,7991.2032,32.96141
3,25,left,1,0.1263,1,9472.5426,33.68937,8689.4521,33.51191,10631.8457,32.98335,9850.8803,32.95162
3,26,right,0,0.1341,0,5664.5145,33.76356,10473.5239,33.57291,2734.7764,33.02368,11058.1591,32.98309
3,27,right,0,0.1593,0,7584.3778,33.75651,15066.2525,33.56507,4570.5032,33.00256,15669.6356,32.9593
3,28,right,0,0.1609,0,8152.2424,33.74914,16347.6834,33.55639,6221.8138,32.98309,18904.5683,32.9369
3,29,right,1,-0.1383,1,16689.9177,33.74184,17327.0661,33.54722,-1849.0164,32.96262,2354.2271,32.91267
3,30,right,1,-0.1305,1,12542.4863,33.77429,12283.148,33.5855,7085.2578,33.03036,9883.4324,32.99224
3,31,left,0,-0.1771,0,12854.8829,33.80613,1114.4922,33.62331,18753.3041,33.09812,9342.3115,33.07468
3,32,left,0,-0.1957,0,13118.6173,33.7825,2142.4074,33.60606,19424.4164,33.08598,10239.2493,33.06582
3,33,right,0,0.1787,0,11834.9991,33.75881,21028.1044,33.58828,613.7783,33.07515,14279.3852,33.05783
3,34,left,0,-0.1727,0,13834.6028,33.75053,-620.6363,33.57813,19522.2005,33.0558,7972.6787,33.03499
3,35,left,1,0.1219,1,10321.3406,33.7267,6580.7701,33.56024,13259.3489,33.04456,11588.1386,33.02671
3,36,right,0,0.1343,0,2411.9651,33.80207,6338.584,33.62024,2347.8583,33.08403,9429.6971,33.0565
3,37,right,1,0.3709,0,7452.6027,33.79374,14354.2573,33.61114,3967.5849,33.06401,12888.0555,33.03399
3,38,left,1,-0.4059,0,7124.0987,33.78486,4266.9356,33.60333,17888.1006,33.04142,10514.4386,33.01122
3,39,right,1,-0.1339,1,16284.7498,33.76301,16469.2716,33.58239,5578.2121,33.03304,6167.3797,33.00138
3,40,right,0,0.1801,0,1358.5649,33.7906,11128.2509,33.6179,5351.5186,33.09867,21338.0763,33.07859
3,41,left,0,-0.1869,0,13384.6835,33.78449,-641.6085,33.60948,20510.875,33.0769,8975.0393,33.05245
3,42,left,0,-0.1829,0,16083.3215,33.76074,4321.2207,33.59153,22103.92,33.0648,12133.2366,33.04368
3,43,right,0,0.1631,0,8720.7177,33.73474,16942.2218,33.57248,3990.6461,33.05325,17648.9424,33.03553
3,44,left,0,-0.1785,0,14907.8024,33.72808,1342.063,33.56497,20705.9832,33.03215,9593.0111,33.01112
3,45,left,1,-0.3873,0,11246.6068,33.70406,2745.0807,33.54741,11058.587,33.02033,3395.3997,33.00242
3,46,left,1,0.1247,1,2975.9882,33.68275,313.4471,33.52807,12719.6345,33.01288,12118.7583,32.99469
3,47,left,1,0.1247,1,10601.0481,33.75984,8389.5691,33.59261,10711.9929,33.0519,10495.2799,33.02604
3,48,right,1,0.3765,0,2520.5676,33.83891,5623.777,33.65321,2826.7989,33.09142,7345.9034,33.05624
3,49,left,1,0.1225,1,5629.0413,33.82999,3885.2108,33.64705,14531.2861,33.06934,13636.4147,33.03656
3,50,left,0,-0.2313,0,13295.1811,33.9073,-1511.6542,33.70982,23899.6991,33.10883,11822.1019,33.06676
3,51,left,0,-0.1641,0,16042.9604,33.88198,5727.3888,33.69201,20565.9423,33.09607,11551.673,33.05753
3,52,left,0,-0.2163,0,16386.3975,33.85734,662.8611,33.6743,17652.8218,33.0836,5617.5582,33.04927
3,53,right,0,0.1681,0,7651.0588,33.83324,16938.888,33.65684,-1.5945,33.07244,13758.3457,33.04147
3,54,left,1,-0.3903,0,6124.5453,33.82643,1696.437,33.64787,15537.1708,33.05268,7841.3125,33.01841
3,55,left,1,-0.3949,0,116.5075,33.80459,-1479.047,33.62775,17183.7446,33.04269,9339.2835,33.00838
3,56,right,0,0.1691,0,7603.6766,33.78537,14625.4446,33.60875,4561.1606,33.03242,15549.03,32.99815
3,57,left,1,-0.4005,0,4263.6065,33.77899,2148.4538,33.60099,16672.7665,33.01254,9062.6325,32.97478
3,58,right,1,0.3469,0,6467.6447,33.76005,13542.8606,33.58219,8406.898,33.00364,16866.9647,32.96604
3,59,left,1,-0.4081,0,8584.9549,33.75193,4169.0923,33.57541,14470.4566,32.98174,8184.1226,32.94477
3,60,left,1,-0.3869,0,3913.0085,33.7323,-1034.3881,33.55621,14284.7609,32.97262,6872.0206,32.93494
3,61,right,0,0.1553,0,7678.3106,33.71321,14394.128,33.53778,7514.6823,32.96394,18738.1854,32.92569
3,62,right,1,0.3631,0,8595.2653,33.70775,16579.214,33.53041,3266.7685,32.94459,12124.5726,32.90235
3,63,right,1,0.3839,0,8103.8341,33.69939,13987.6636,33.52316,4932.4746,32.92351,12271.6608,32.88213
3,64,left,0,-0.1791,0,12377.6432,33.69067,1863.0031,33.51662,19768.4106,32.90348,10861.4345,32.86352
3,65,left,1,0.1367,1,10847.5863,33.66865,9937.9101,33.50033,11293.0495,32.89418,12501.9034,32.85713
3,66,left,0,-0.2283,0,9170.1066,33.7454,-3869.7553,33.56241,14716.5879,32.93317,3580.9061,32.88789
3,67,right,1,0.3709,0,3104.0063,33.72328,8047.7342,33.54582,5413.5376,32.9247,11662.5085,32.8822
3,68,right,1,0.3617,0,8501.2135,33.7152,15224.9133,33.53879,3965.4232,32.90382,9401.3392,32.86264
3,69,left,1,0.1365,1,9086.4425,33.70714,9096.644,33.53272,13376.804,32.88286,15687.3184,32.84317
3,70,right,1,0.3705,0,5543.7952,33.78098,12244.0878,33.59172,3040.2445,32.9238,11252.2408,32.87786
3,71,left,0,-0.1811,0,14849.291,33.77433,4356.2514,33.58767,20357.5547,32.90317,11381.8261,32.85887
3,72,left,1,0.1369,1,10408.1009,33.75002,8045.6533,33.57078,16673.0569,32.89186,16566.3021,32.85154
3,73,left,0,-0.2253,0,13300.1138,33.82841,-284.4907,33.63193,19965.0763,32.934,8863.0935,32.88466
3,74,right,0,0.1537,0,10086.656,33.80435,19230.8445,33.6147,2374.7281,32.92263,15435.7197,32.87654
3,75,left,1,0.1397,1,9171.1579,33.79645,8666.4518,33.60518,10509.7832,32.90477,11962.3144,32.85594
3,76,right,1,0.3651,0,9440.6751,33.87316,15095.1138,33.66599,2820.1567,32.94456,7004.0583,32.88698
3,77,left,1,-0.3873,0,11674.8459,33.86323,3903.471,33.65765,14321.4238,32.9252,6428.8008,32.86991
3,78,right,0,0.1491,0,8912.827,33.84038,15809.6232,33.63729,3790.0754,32.91639,14578.375,32.86137
3,79,left,1,0.1231,1,5783.4917,33.83472,5578.759,33.63011,10657.1379,32.89857,11378.7442,32.84023
3,80,right,1,0.3719,0,5827.2691,33.91112,14144.8913,33.69224,4447.3293,32.93943,13780.2577,32.87257
3,81,right,1,-0.1509,1,12331.9101,33.90475,12935.3426,33.68798,9937.6601,32.918,12392.4339,32.85259
3,82,left,1,0.1415,1,7300.5686,33.93234,5554.3082,33.72171,14016.7729,32.98308,12462.479,32.92872
3,83,left,1,-0.4225,0,1885.1507,34.0101,2557.1747,33.78455,11515.5965,33.02443,8541.7909,32.96024
3,84,left,1,-0.3845,0,-797.3612,33.98952,-1264.697,33.76529,19201.3699,33.01687,11820.7755,32.95164
3,85,left,0,-0.2177,0,13350.134,33.96913,1043.4281,33.7461,19612.1797,33.0078,9331.5306,32.94251
3,86,right,0,0.1577,0,12721.7766,33.94525,22409.2671,33.72887,3625.1423,32.99726,18033.131,32.93518
3,87,left,0,-0.1819,0,16495.8302,33.93675,3333.0814,33.7186,18502.7528,32.9768,8228.3514,32.91207
3,88,right,0,0.1437,0,4887.4848,33.91208,13039.7338,33.70112,3248.492,32.96606,16401.4788,32.90495
3,89,right,1,-0.1529,1,9210.4863,33.90553,9611.8164,33.69333,3525.8373,32.94723,8525.1842,32.88344
3,90,right,1,0.3827,0,9752.4728,33.93687,15244.9134,33.72828,2874.5036,33.01428,7340.2828,32.96146
3,91,left,0,-0.1773,0,18117.2893,33.92801,7204.7597,33.72144,13167.654,32.99306,5441.0392,32.94242
3,92,right,0,0.1435,0,6871.6025,33.90483,15125.4063,33.70457,3384.6304,32.9832,16613.9292,32.93558
3,93,right,1,-0.1457,1,10148.7697,33.89873,11402.7544,33.69741,5447.3443,32.96338,9885.6206,32.91294
3,94,left,1,0.1353,1,14272.7103,33.9265,11146.7685,33.73149,12901.4965,33.03168,11899.1951,32.99294
3,95,right,1,-0.1521,1,11098.3979,34.00315,10929.7727,33.79276,7211.6015,33.07089,8326.3322,33.02311
3,96,right,1,-0.1287,1,12289.055,34.03215,9531.2847,33.82728,8183.1652,33.13728,9220.7119,33.09964
3,97,left,1,0.1297,1,10245.202,34.06331,6087.0605,33.86325,16044.7916,33.2062,13423.0507,33.18069
3,98,left,0,-0.2285,0,12387.855,34.13676,-1100.2011,33.92144,19414.5372,33.24466,8218.5744,33.20886
3,99,right,1,-0.1209,1,13165.7088,34.1109,11179.08,33.90212,12159.6322,33.232,11828.2737,33.1994
4,0,right,1,0.3246,0,19032.1192,34.13874,28403.8845,33.93587,7308.1422,33.29669,15651.1512,33.27465
4,1,left,0,-0.2122,0,16509.5082,34.12227,8349.4164,33.91969,18517.2543,33.27177,11099.0098,33.24481
4,2,right,0,0.1524,0,8989.8454,34.09709,13879.6781,33.90001,7621.8429,33.2587,15878.4943,33.23507
4,3,right,1,-0.1528,1,6867.9412,34.08938,7903.4459,33.89063,12912.6132,33.23736,15320.7245,33.21077
4,4,left,0,-0.1868,0,16049.7461,34.11753,6317.2076,33.92346,20110.775,33.29904,11743.7125,33.28172
4,5,right,0,0.1462,0,8608.8127,34.09273,13672.5196,33.90449,7336.5011,33.28756,14566.6237,33.27276
4,6,left,1,-0.418,0,6993.8644,34.08613,3056.0307,33.89677,16879.6032,33.26463,10307.5885,33.24766
4,7,left,0,-0.2042,0,17439.0879,34.06312,8344.5782,33.87585,15253.2621,33.25463,8140.3225,33.23721
4,8,right,1,-0.136,1,15850.6625,34.03948,16068.6088,33.85666,14279.0969,33.2434,14380.1283,33.22809
4,9,right,0,0.1678,0,11305.0444,34.06991,17168.8353,33.89292,10672.8738,33.30496,19431.4176,33.29859
4,10,left,1,0.1036,1,11720.5687,34.06172,11845.9753,33.88412,16405.0158,33.28226,17784.2703,33.2747
4,11,left,0,-0.2346,0,13332.3184,34.12757,4038.7367,33.93623,13923.9631,33.31611,6591.4108,33.30071
4,12,right,1,0.3612,0,11229.2205,34.10316,17708.2524,33.91628,7024.8713,33.30501,13272.302,33.29182
4,13,left,1,-0.4366,0,14170.3673,34.09444,9200.4645,33.90972,15291.1563,33.2807,9442.2259,33.26747
4,14,right,1,0.3748,0,12017.2284,34.07087,19607.8845,33.88793,9054.2136,33.27122,16881.2895,33.2578
4,15,right,1,0.359,0,7873.2202,34.06305,12641.8779,33.88175,9792.855,33.24706,16198.2873,33.23292
4,16,left,1,-0.4186,0,10781.939,34.05283,4382.1381,33.87243,13572.3314,33.22378,6855.2999,33.2098
4,17,left,0,-0.1986,0,14188.7852,34.02945,5976.2733,33.85116,19418.5671,33.21417,11832.2037,33.20033
4,18,right,1,-0.1468,1,10865.0301,34.00511,11519.0832,33.8321,10701.1306,33.20327,12515.4002,33.19215
4,19,right,1,-0.1376,1,12583.0923,34.03301,12821.1458,33.86597,12309.3479,33.26433,13397.8074,33.26229
4,20,right,0,0.1632,0,8223.3667,34.05818,13993.0969,33.89602,8184.2892,33.3196,17152.9534,33.32768
4,21,left,0,-0.2034,0,17010.362,34.0506,5574.1236,33.88743,18283.607,33.29685,9224.5284,33.30253
4,22,left,1,-0.4194,0,11328.2977,34.02608,6364.6597,33.86837,13417.7019,33.28643,7953.187,33.2944
4,23,left,0,-0.177,0,16249.1622,34.00345,7444.7943,33.84761,20406.3787,33.27615,13056.2821,33.28391
4,24,right,1,-0.15,1,17208.8198,33.98137,15956.2992,33.83082,14393.0334,33.26474,13276.7073,33.27519
4,25,left,1,-0.435,0,9214.9259,34.01076,7719.3355,33.86516,14819.1145,33.32599,10139.6841,33.34478
4,26,right,0,0.144,0,12411.9216,33.98929,15365.0222,33.84517,16810.4861,33.31567,21122.0153,33.3341
4,27,left,1,0.1078,1,15509.115,33.98248,15595.1219,33.83698,14745.4857,33.29463,15082.1651,33.31009
4,28,left,0,-0.2246,0,15536.3029,34.04935,5511.2184,33.89036,21208.5088,33.32898,12534.3333,33.33699
4,29,left,0,-0.1694,0,11375.1255,34.02544,6163.1594,33.87068,15611.7171,33.3175,10559.5088,33.32767
4,30,right,1,0.3638,0,7113.6564,34.00086,12498.4446,33.85107,6468.3596,33.30587,11630.911,33.31812
4,31,left,0,-0.2106,0,18130.3362,33.99278,8807.3119,33.84377,16316.2156,33.28197,9285.2764,33.29468
4,32,left,1,-0.4312,0,12758.6759,33.96929,8643.3991,33.82511,17376.7485,33.27071,11323.6961,33.28579
4,33,right,1,0.3678,0,10634.0502,33.94886,16269.5124,33.80559,6813.9195,33.26046,12516.478,33.27536
4,34,right,1,-0.1674,1,11707.743,33.93964,11219.4232,33.79717,16984.7938,33.23766,16864.9152,33.25196
4,35,left,1,-0.4344,0,9137.066,33.96711,7929.5665,33.82801,16990.4747,33.29423,11354.9826,33.31563
4,36,right,0,0.1306,0,3797.5513,33.9461,6686.6789,33.80767,10549.1855,33.28468,16425.4848,33.30522
4,37,left,1,-0.4394,0,9105.1419,33.93825,7728.2002,33.79816,15978.5886,33.26259,10935.767,33.2806
4,38,left,1,-0.4172,0,11539.3116,33.91631,7763.781,33.77718,15761.5179,33.25365,9675.8529,33.2706
4,39,right,1,-0.155,1,15208.9531,33.89341,15522.7132,33.75609,13269.2223,33.24482,13495.3256,33.26148
4,40,left,1,-0.435,0,11853.6379,33.9194,7979.6358,33.78806,14497.045,33.30528,8714.7677,33.33078
4,41,left,1,0.111,1,17760.6375,33.89901,17569.838,33.7687,14435.9489,33.29526,15157.2902,33.32056
4,42,right,1,0.3764,0,8370.0789,33.96833,12897.371,33.82456,6994.25,33.33066,10599.1521,33.34902
4,43,left,0,-0.2056,0,17961.0675,33.96103,8284.6591,33.81876,16801.094,33.30746,9344.8348,33.32661
4,44,right,1,-0.1422,1,16049.5127,33.93848,13659.8851,33.80107,15101.5493,33.29565,15138.8039,33.31737
4,45,left,0,-0.1818,0,14725.8099,33.96762,7640.7305,33.83377,9348.0779,33.35509,4622.2696,33.38776
4,46,left,0,-0.1906,0,15934.7631,33.94412,6441.9169,33.81464,18193.0179,33.34481,10314.8784,33.37973
4,47,right,1,-0.1496,1,15698.2193,33.9201,13911.9106,33.7955,12780.2375,33.33299,13159.3477,33.37035
4,48,right,0,0.1754,0,12652.7219,33.95036,17489.8442,33.82963,8391.3211,33.39456,15229.4706,33.44142
4,49,left,1,0.1082,1,14828.1437,33.94458,10992.554,33.82252,15988.9039,33.37237,13908.2302,33.41648
4,50,left,0,-0.2396,0,17733.4711,34.01133,7032.7357,33.87495,18784.9277,33.4066,10800.5727,33.44248
4,51,left,1,0.1118,1,12435.48,33.9874,14035.2458,33.85523,15321.8312,33.3961,16658.6153,33.43319
4,52,right,1,-0.1404,1,15254.4167,34.06188,15534.1403,33.91605,14458.2198,33.43327,16568.1996,33.46281
4,53,left,0,-0.1914,0,14783.0307,34.08893,5524.703,33.94819,18179.0709,33.49086,10422.6995,33.52936
4,54,right,1,-0.1394,1,17374.0248,34.06412,18114.4966,33.92843,11425.591,33.47829,12997.1395,33.51909
4,55,right,1,-0.141,1,14208.3235,34.09215,13535.5199,33.96202,12119.514,33.53552,13594.0363,33.58635
4,56,right,1,-0.1242,1,15354.3863,34.1196,15223.0849,33.99232,9775.9391,33.59494,11049.064,33.65206
4,57,left,0,-0.1736,0,16891.2511,34.14619,10717.727,34.02401,18007.8339,33.65402,12848.1037,33.71989
4,58,right,0,0.1454,0,10777.0588,34.12093,14305.8092,34.00373,12982.5206,33.63964,18045.9749,33.70807
4,59,right,1,-0.1358,1,14819.8828,34.1125,14357.6543,33.99365,18668.1629,33.61492,18379.091,33.67962
4,60,left,1,0.1026,1,10475.1845,34.14005,11279.268,34.02619,16131.8497,33.6733,17285.1298,33.74698
4,61,right,1,0.3722,0,7406.4864,34.20655,13257.7669,34.07863,4932.7307,33.7061,9911.7754,33.77122
4,62,left,1,-0.4108,0,11460.5767,34.19857,6982.3214,34.07128,11613.7346,33.67895,6996.8157,33.7438
4,63,right,1,-0.1362,1,13457.5466,34.17651,12584.9754,34.05,13035.6304,33.66543,14031.0354,33.73045
4,64,left,1,-0.4106,0,9131.9039,34.2044,5837.547,34.08211,15163.038,33.72317,9858.7761,33.79659
4,65,right,1,0.3646,0,5797.0085,34.18184,8252.0746,34.06115,5720.0741,33.71089,8405.3219,33.78411
4,66,right,1,0.3688,0,9836.8051,34.1728,16043.5098,34.05329,6962.7847,33.68361,12991.9661,33.75686
4,67,right,1,0.375,0,11746.6396,34.16332,16615.8497,34.04478,6361.8078,33.65814,7463.6674,33.73115
4,68,left,0,-0.209,0,17835.3293,34.1539,10341.6472,34.03591,20834.6718,33.63146,14013.6249,33.70352
4,69,right,1,0.3526,0,9502.591,34.12935,15174.703,34.01643,4737.0013,33.61803,9338.8604,33.6927
4,70,right,0,0.1536,0,15250.7445,34.12016,19544.2803,34.00746,11478.2101,33.59262,16700.6133,33.66591
4,71,left,1,-0.4218,0,11482.1326,34.11167,5456.1115,33.99769,16438.41,33.56836,9826.0335,33.63867
4,72,right,1,-0.1384,1,15855.8419,34.08995,14476.2995,33.97732,13849.4622,33.55697,12896.3424,33.6269
4,73,right,0,0.164,0,13191.8585,34.11983,18407.4479,34.01072,11247.4071,33.61806,19014.1614,33.69566
4,74,left,1,-0.43,0,11141.199,34.11146,6072.3141,34.0011,14722.8636,33.59211,8486.9005,33.66663
4,75,right,0,0.1458,0,10942.8981,34.08898,15247.8596,33.97999,6085.8566,33.58085,12246.8431,33.65491
4,76,left,1,0.1038,1,14674.996,34.08119,11833.6797,33.97076,14576.664,33.55801,14088.3391,33.62848
4,77,left,0,-0.2208,0,12822.9548,34.15162,2262.6255,34.02484,22100.1416,33.59081,12687.4824,33.65276
4,78,left,1,-0.4106,0,9188.679,34.12617,4286.8893,34.00481,11729.4807,33.57862,6081.0909,33.64296
4,79,left,0,-0.1636,0,21377.9057,34.10326,12098.7327,33.98251,19167.9824,33.56823,12365.0217,33.63183
4,80,left,1,-0.4302,0,10050.5848,34.07956,7262.149,33.96415,14903.2537,33.55689,10044.6854,33.62277
4,81,left,1,0.1012,1,13035.8666,34.05718,12207.8218,33.94342,15375.4661,33.54585,15643.8848,33.61159
4,82,left,1,0.1064,1,11938.3708,34.12657,10388.5841,33.99779,15407.9222,33.57986,15196.0446,33.63772
4,83,left,1,-0.4294,0,10158.9838,34.19335,9563.5871,34.05083,7937.7818,33.61269,7022.2795,33.66203
4,84,left,1,-0.4192,0,12636.0181,34.17111,9467.7132,34.02958,17090.1189,33.60165,11810.6986,33.64993
4,85,left,1,-0.4172,0,8899.2511,34.14707,7648.1342,34.00787,18710.4699,33.59073,12323.8884,33.6387
4,86,left,1,0.0972,1,18071.8757,34.12269,15545.5503,33.98521,17373.5748,33.57936,15478.1909,33.62788
4,87,right,1,0.3674,0,7767.2426,34.18986,12528.8319,34.03815,3980.9086,33.61405,7319.557,33.65435
4,88,left,1,-0.411,0,14693.3485,34.18026,11209.0866,34.02949,16885.0178,33.58896,11370.215,33.63005
4,89,left,1,-0.424,0,11089.2194,34.15734,9583.2025,34.0084,16818.0893,33.57739,12005.5962,33.6186
4,90,right,0,0.1556,0,12853.0368,34.13465,16868.5101,33.98686,11116.1291,33.56583,16680.4084,33.60709
4,91,left,0,-0.2216,0,18760.9201,34.12725,8684.417,33.97792,18407.4156,33.54071,10782.7562,33.57913
4,92,left,0,-0.1846,0,16257.8451,34.10201,6469.0627,33.95793,19968.5197,33.52873,12023.6098,33.56973
4,93,left,1,-0.41,0,7053.6904,34.07875,3877.5,33.94022,18641.1823,33.51566,11042.3291,33.55938
4,94,right,0,0.1194,0,11835.2449,34.05643,15736.0061,33.91966,10309.6453,33.50535,15757.9824,33.54893
4,95,left,1,0.1062,1,14476.1758,34.04853,9849.1732,33.90991,15965.719,33.48233,14629.6692,33.52284
4,96,right,0,0.1262,0,12262.0257,34.1187,16256.2702,33.96523,9930.4675,33.51718,15331.1892,33.55116
4,97,right,0,0.1378,0,15228.4002,34.1123,18399.9257,33.95779,10633.9829,33.49368,13561.0121,33.52399
4,98,right,1,-0.1702,1,14788.0238,34.10662,13544.3556,33.95079,13445.8711,33.47062,12657.5609,33.49791
4,99,right,0,0.169,0,9834.9945,34.13275,15415.9694,33.98185,3153.6808,33.52769,11348.32,33.56557
