ep,t,good_side,explore,v,correct,e_ll,g_ll,e_lr,g_lr,e_rl,g_rl,e_rr,g_rr
0,0,left,1,-0.4398,0,22920.1055,30.0,4682.5845,30.0,23593.8791,30.0,9572.4597,30.0
0,1,right,1,-0.131,1,4624.9304,29.99876,8580.5044,29.99946,-698.7876,30.00448,6951.4243,30.00196
0,2,left,1,0.1006,1,10284.1068,30.04151,2080.2184,30.05257,6436.7258,30.07713,3504.3091,30.09255
0,3,right,0,0.1092,0,10139.9894,30.13703,15633.1136,30.12503,3560.195,30.12569,11682.8585,30.12983
0,4,right,1,0.4508,0,3613.0018,30.14187,11886.4983,30.12953,1160.5172,30.12667,10481.2721,30.12888
0,5,right,1,0.449,0,7221.072,30.1441,17966.8194,30.1356,2378.9562,30.12459,15300.6625,30.12939
0,6,right,0,0.1146,0,8619.577,30.14577,9798.0806,30.14166,-365.854,30.12306,791.1562,30.1306
0,7,right,0,0.0888,0,6641.0665,30.15015,8492.5264,30.14602,-537.0257,30.12534,1413.3355,30.13129
0,8,left,1,0.1426,1,5616.1553,30.15528,-3447.8253,30.1509,9191.4953,30.12693,3922.1232,30.13159
0,9,left,1,-0.458,0,15613.8878,30.2516,1936.8162,30.22587,14019.322,30.1772,3793.8628,30.16824
0,10,right,0,0.1118,0,9065.4642,30.2514,11890.2223,30.2234,5593.3515,30.1817,8686.2192,30.16957
0,11,right,1,0.437,0,4852.8472,30.25705,13430.2236,30.229,-229.9423,30.18232,11694.7514,30.16887
0,12,right,0,0.0894,0,10255.7781,30.25844,11943.4494,30.23503,-485.4982,30.18067,519.6401,30.17012
0,13,right,1,0.4306,0,2682.484,30.26254,11877.0645,30.23912,86.9054,30.18284,9863.4689,30.17104
0,14,left,0,-0.1216,0,7605.3209,30.2642,5372.9449,30.24423,10373.3469,30.18074,8440.0936,30.17173
0,15,left,0,-0.1074,0,7585.3079,30.26268,6373.9036,30.24442,12367.0582,30.18423,10695.8708,30.17541
0,16,left,0,-0.1186,0,8515.3618,30.26197,6197.6454,30.24554,13656.2099,30.18774,11032.7691,30.17901
0,17,right,1,0.4414,0,5498.3284,30.26014,16023.2542,30.24565,1720.0548,30.19002,12046.9628,30.18189
0,18,left,0,-0.1284,0,7362.7891,30.26206,3927.4826,30.2508,11686.2931,30.18743,9524.7901,30.18201
0,19,right,1,-0.178,1,7139.3646,30.2608,9895.7802,30.25208,5393.9879,30.19016,12212.572,30.1854
0,20,right,1,-0.1918,1,14366.3554,30.30495,13572.9539,30.30502,1865.0424,30.26523,6266.0848,30.27803
0,21,left,1,-0.4426,0,7309.6418,30.34734,-240.6234,30.35473,16333.7905,30.33927,6175.4631,30.36564
0,22,right,0,0.0982,0,11533.3164,30.34815,13807.9304,30.35189,5351.1257,30.34374,8762.328,30.36691
0,23,left,0,-0.0964,0,1086.7226,30.35189,-1454.6542,30.3554,11932.8736,30.34296,9454.7821,30.36444
0,24,left,0,-0.0856,0,8276.8162,30.35136,7245.5219,30.3565,10358.4851,30.34577,9199.3027,30.36758
0,25,left,1,-0.4422,0,14035.1595,30.34891,2574.6042,30.35599,16558.3462,30.3484,6727.5496,30.37068
0,26,left,1,-0.4366,0,9905.0856,30.34917,-2693.1578,30.35321,16678.3815,30.35468,5567.8798,30.37209
0,27,right,1,0.4288,0,6685.7489,30.34986,17289.835,30.3509,-2746.5339,30.36045,5821.7166,30.37391
0,28,left,1,-0.4452,0,10012.8654,30.35144,-1161.1106,30.35595,14207.3603,30.35819,3586.7561,30.37479
0,29,right,1,-0.1976,1,9951.4445,30.35442,9725.0786,30.35506,4501.0288,30.36165,7744.2731,30.3758
0,30,left,1,-0.4258,0,14044.8955,30.39779,2064.6797,30.40489,10687.4701,30.43636,1978.3188,30.46308
0,31,right,1,0.424,0,4217.0272,30.39747,15290.4231,30.40165,2855.6866,30.44007,15371.7971,30.4639
0,32,left,1,-0.4286,0,11841.9417,30.40009,234.6883,30.40765,12339.6292,30.43753,3615.1383,30.4646
0,33,left,1,-0.4268,0,10821.4543,30.39943,1693.092,30.40452,13851.6852,30.44435,5026.0162,30.46723
0,34,right,1,-0.2036,1,8271.6036,30.39901,8736.9891,30.40081,-1201.2105,30.44877,3174.3989,30.46838
0,35,right,0,0.077,0,5636.7929,30.44149,7297.507,30.45019,3026.4811,30.51978,5159.4085,30.55226
0,36,left,1,0.2032,1,7837.5546,30.44604,3614.9968,30.45384,10979.1592,30.51707,10649.337,30.54755
0,37,left,0,-0.0838,0,9213.2405,30.54191,2977.6425,30.53242,12050.4251,30.56389,8094.2755,30.58554
0,38,right,1,-0.2162,1,9884.9543,30.53795,8624.0717,30.53041,5802.5278,30.56538,8987.079,30.58783
0,39,right,1,-0.2352,1,12187.7607,30.58442,10870.0218,30.58235,7384.1077,30.63987,9274.7839,30.67734
0,40,right,1,0.4042,0,7800.3135,30.62671,16639.7772,30.63049,3189.3691,30.71451,12289.1014,30.7644
0,41,left,0,-0.0846,0,10229.584,30.62814,3644.2762,30.63616,14123.0565,30.70842,9421.3092,30.76043
0,42,right,0,0.0776,0,11426.6218,30.62431,13657.9309,30.63409,6589.7119,30.70851,9788.4024,30.76097
0,43,left,1,-0.4124,0,15795.8151,30.62826,3014.2642,30.63779,19051.7504,30.70538,7669.7725,30.75636
0,44,right,1,-0.239,1,11743.0603,30.62699,10670.1999,30.63324,7157.5039,30.70712,9560.355,30.75517
0,45,left,0,-0.071,0,6724.0174,30.67216,-1859.1516,30.68404,12119.0692,30.78261,6744.9049,30.8414
0,46,left,1,-0.4036,0,13582.6221,30.66896,1905.9183,30.68236,16771.6015,30.78313,7143.6969,30.8423
0,47,right,1,0.3964,0,7214.0623,30.66778,16771.0677,30.67784,1955.8788,30.78582,11184.6057,30.84092
0,48,right,1,0.3912,0,1307.4446,30.66784,11031.6489,30.6815,-793.1651,30.78002,10444.2163,30.83787
0,49,right,0,0.067,0,12267.0406,30.66865,14732.3024,30.68499,1933.2157,30.77445,4701.2349,30.83406
0,50,right,1,0.3954,0,8817.804,30.67104,18453.7304,30.68632,-292.9057,30.77068,9791.9929,30.82851
0,51,right,0,0.0612,0,5309.175,30.67054,8012.9057,30.68965,-4788.6844,30.76433,-1327.0297,30.82444
0,52,right,0,0.0556,0,4230.2059,30.67486,5712.7763,30.69291,-1434.2382,30.76182,1240.3059,30.81967
0,53,left,1,0.2408,1,2753.0456,30.67874,1113.3513,30.69623,9686.5873,30.75891,10102.5277,30.81505
0,54,left,1,-0.4198,0,9275.038,30.76741,103.8384,30.7726,14889.3587,30.80251,5393.6999,30.85018
0,55,left,0,-0.0862,0,12638.8092,30.76816,6987.1734,30.76837,16510.0452,30.80531,12587.2642,30.84928
0,56,right,1,-0.2412,1,13678.0235,30.76207,11908.5946,30.76415,6961.8122,30.80581,8391.9695,30.85008
0,57,right,1,-0.2392,1,10937.4894,30.80523,8891.3592,30.81455,7192.9183,30.87996,7170.97,30.93683
0,58,left,0,-0.0658,0,11665.8852,30.84702,2566.128,30.86212,13598.8737,30.95264,8078.827,31.01999
0,59,left,1,-0.4048,0,12688.18,30.84252,2364.8466,30.85933,17732.9053,30.95116,8085.0456,31.01925
0,60,right,0,0.0848,0,8003.4425,30.83768,12392.7366,30.85207,1728.8735,30.95221,8310.5231,31.01678
0,61,left,1,-0.398,0,15925.766,30.84096,3981.7065,30.85473,13368.9357,30.94666,4315.7246,31.0091
0,62,right,1,-0.2504,1,4052.3305,30.83578,2880.1688,30.84717,5948.899,30.94604,6000.7425,31.00594
0,63,right,1,0.3974,0,8055.4422,30.87894,16634.4268,30.89518,3959.1873,31.01652,11928.8925,31.08649
0,64,right,1,0.3854,0,7274.8093,30.87901,15381.3109,30.89881,463.0296,31.00869,9344.5866,31.08122
0,65,left,1,-0.4014,0,7098.4251,30.87827,-2369.8866,30.90166,16704.9869,31.00167,7188.1915,31.07617
0,66,right,1,0.3878,0,5403.5346,30.87481,13318.0788,30.89517,-479.0014,31.00305,8659.7189,31.07408
0,67,left,0,-0.0828,0,13509.5515,30.8748,5898.3874,30.8987,13582.4548,30.99591,8620.5445,31.06902
0,68,right,0,0.0828,0,1416.3609,30.86788,6681.478,30.89361,-617.5701,30.99612,7167.3113,31.06957
0,69,right,1,-0.235,1,10606.813,30.87011,9376.6854,30.89435,9816.958,30.99161,8653.9795,31.06233
0,70,right,0,0.0906,0,4057.1528,30.91078,9172.8674,30.94114,2251.4739,31.06349,9768.9822,31.14287
0,71,right,0,0.0402,0,8964.1404,30.91365,11145.6044,30.94295,7824.9925,31.05719,11204.0325,31.13403
0,72,left,1,-0.4072,0,5755.1364,30.91573,-3382.7615,30.94383,16350.8937,31.05279,6807.0541,31.12748
0,73,left,1,0.2376,1,7322.6441,30.91361,4668.5689,30.93833,11114.4245,31.0535,10641.5682,31.12514
0,74,left,1,-0.4058,0,12651.8802,31.00239,2656.255,31.01418,19312.043,31.09786,8257.9876,31.16155
0,75,right,1,-0.2404,1,12486.8425,30.9982,10221.6112,31.00671,8868.2954,31.09807,6053.8582,31.15937
0,76,right,1,0.3852,0,9082.4161,31.0418,16091.0368,31.05754,6454.2733,31.17417,15195.4546,31.24424
0,77,right,1,0.3796,0,6679.5296,31.04183,14374.4548,31.06142,3815.0116,31.16526,11922.5662,31.23696
0,78,left,1,-0.3888,0,15864.8422,31.04288,5908.1133,31.06645,10736.3033,31.1561,4275.7209,31.2301
0,79,left,1,-0.3888,0,5993.774,31.03729,-2229.8249,31.05794,15421.6367,31.15669,7303.9638,31.22738
0,80,right,1,-0.2344,1,13008.3923,31.03641,11422.9794,31.05227,5767.1467,31.15793,5224.8248,31.22473
0,81,left,1,0.2412,1,11796.7288,31.07828,12790.0295,31.09977,9178.5563,31.23296,10617.1106,31.30651
0,82,left,0,-0.1166,0,11781.7904,31.1613,850.7702,31.17352,16018.8942,31.27559,8487.7928,31.34243
0,83,right,1,0.3828,0,9083.5089,31.15465,16740.2393,31.16862,4204.0051,31.27368,10970.5851,31.34158
0,84,right,0,0.0884,0,2173.5098,31.15199,8201.3108,31.16848,1689.9978,31.26455,10451.1592,31.33481
0,85,right,1,0.3858,0,7221.4764,31.15321,17748.7294,31.16845,-3279.3029,31.25838,7299.2106,31.32678
0,86,left,0,-0.104,0,11641.4077,31.15224,2081.8602,31.1707,11332.9602,31.2492,5141.5861,31.31912
0,87,left,1,0.237,1,11342.6855,31.14456,11389.2134,31.16469,9632.7166,31.25006,12054.2487,31.32044
0,88,left,1,0.2268,1,9653.9262,31.23687,8629.6108,31.24541,13990.8493,31.29347,14252.583,31.35842
0,89,left,1,0.2322,1,6995.2523,31.32172,6664.7813,31.3212,7616.6882,31.33622,9088.6904,31.39477
0,90,right,1,0.3678,0,1148.8629,31.40643,8060.5376,31.39615,4028.9515,31.37731,11180.4912,31.43115
0,91,right,1,-0.219,1,12712.7108,31.40526,11658.2713,31.39767,6411.3364,31.36598,7886.9345,31.42219
0,92,right,1,-0.2098,1,15082.1776,31.4475,12536.9882,31.44594,12186.1018,31.43691,11377.769,31.50333
0,93,right,0,0.1276,0,3728.6084,31.48722,11279.8191,31.4899,-375.8189,31.51032,11266.5165,31.58404
0,94,left,0,-0.1594,0,12127.4478,31.48535,-3747.5377,31.48728,16878.3012,31.50155,6562.6175,31.57246
0,95,right,1,-0.2108,1,17056.5915,31.47656,13632.2979,31.48104,9114.9005,31.49806,7830.7073,31.56971
0,96,left,1,-0.3858,0,14920.3719,31.51602,5759.5032,31.52485,13653.7983,31.56789,5531.9791,31.64883
0,97,left,0,-0.119,0,13814.855,31.50762,-1460.9439,31.51303,16997.2363,31.56749,6986.1847,31.645
0,98,right,0,0.1262,0,7529.8019,31.49634,15976.044,31.50385,725.9795,31.56316,12973.6816,31.64129
0,99,right,1,-0.2174,1,15133.9415,31.49421,13299.1625,31.50067,9303.7973,31.55356,9227.4347,31.62933
1,0,left,1,-0.3394,0,24994.0,31.53576,13122.536,31.54789,29919.8028,31.62861,17354.3061,31.7134
1,1,left,1,0.227,1,10212.9511,31.52142,14653.5786,31.53344,13355.128,31.62381,16897.5632,31.70646
1,2,left,1,-0.3346,0,12360.7517,31.60633,7012.1013,31.60694,18693.1348,31.66367,12285.5005,31.73944
1,3,left,1,0.2222,1,11505.2536,31.59708,11192.8843,31.59597,14102.7748,31.66092,15377.0078,31.7337
1,4,left,0,-0.1054,0,11797.4372,31.67663,3723.7921,31.66224,16280.0363,31.69904,10361.3601,31.76522
1,5,right,1,0.4044,0,8233.5169,31.66426,15496.93,31.65161,4348.3902,31.69532,11587.8009,31.76173
1,6,right,1,0.4062,0,10020.0747,31.65987,16759.9175,31.64875,5194.126,31.68286,12145.8122,31.74969
1,7,left,0,-0.0734,0,11133.2952,31.65637,6275.7197,31.64891,7979.7883,31.67032,5347.8042,31.73867
1,8,left,1,-0.3348,0,11993.8889,31.64628,6139.4635,31.64083,12658.9347,31.66586,6722.6953,31.73477
1,9,left,1,0.2376,1,9763.18,31.63621,12876.6998,31.62845,12132.3748,31.66386,16117.9517,31.73012
1,10,right,0,0.1168,0,13290.2382,31.71975,14267.3461,31.70151,9196.9364,31.70254,10247.7479,31.76414
1,11,left,0,-0.0794,0,12766.3341,31.71761,7247.9733,31.6986,16133.005,31.69356,11587.9152,31.75334
1,12,right,0,0.148,0,12774.2599,31.70497,15585.2862,31.68732,8688.8559,31.69025,12161.6078,31.75013
1,13,left,1,0.224,1,9867.9942,31.70349,8136.8241,31.68541,13967.4201,31.68042,15586.2752,31.73919
1,14,left,1,-0.3526,0,13546.3874,31.78897,4877.3451,31.75738,15673.6418,31.71874,8129.0449,31.77232
1,15,right,0,0.1422,0,13999.6785,31.78064,16352.543,31.74707,8444.1675,31.71698,10393.1334,31.76797
1,16,right,0,0.1292,0,9917.346,31.78011,13128.3168,31.74678,7181.2119,31.70571,11754.4585,31.75529
1,17,left,1,-0.3464,0,9364.0993,31.77877,1425.0774,31.74522,17444.8271,31.69474,9480.5113,31.74252
1,18,left,1,0.2346,1,10940.4955,31.76789,10933.5664,31.73285,11389.2369,31.69272,12979.137,31.73762
1,19,left,1,0.2174,1,12908.7205,31.84457,10758.3969,31.79996,12659.5943,31.72914,12742.4814,31.76972
1,20,left,1,0.2178,1,15058.8737,31.92166,11998.61,31.86554,13138.5525,31.76567,11650.7051,31.80094
1,21,right,1,-0.1588,1,10280.4435,31.99642,9183.0703,31.92799,11160.9035,31.80366,11197.5102,31.83219
1,22,right,0,0.1842,0,8593.846,32.03146,13113.0416,31.96757,5239.886,31.86633,11390.3618,31.90288
1,23,left,0,-0.1376,0,15680.5801,32.02837,6565.6101,31.9636,12812.6562,31.85525,7151.8326,31.8911
1,24,right,1,-0.1442,1,17702.0204,32.01468,16071.531,31.95176,12283.8622,31.85171,11100.1889,31.88783
1,25,left,1,0.2202,1,12462.6017,32.05054,13368.6336,31.99376,10348.146,31.91491,12738.9435,31.96013
1,26,right,1,-0.1476,1,14877.3752,32.13519,14218.1964,32.06315,11333.9958,31.95183,11818.5591,31.9902
1,27,left,0,-0.097,0,16010.4358,32.167,6802.195,32.09956,8324.9035,32.01029,3147.8285,32.05658
1,28,left,1,-0.3502,0,13292.9393,32.15189,5176.5034,32.08667,18438.6801,32.00532,9732.0663,32.05265
1,29,right,1,-0.1432,1,18080.5887,32.13661,14270.1843,32.07081,11828.8204,32.00296,7533.8137,32.04778
1,30,right,1,0.415,0,9207.9218,32.16881,12907.0459,32.10843,9824.1573,32.06267,14141.9758,32.1173
1,31,left,0,-0.0998,0,11932.8652,32.16289,7011.8944,32.10468,17970.1087,32.04835,13449.8654,32.10357
1,32,left,0,-0.1054,0,17215.6075,32.14824,7216.0952,32.09287,15031.4019,32.04282,8636.9564,32.09885
1,33,left,1,0.1946,1,16035.2604,32.13319,13567.4119,32.0799,12361.511,32.03733,12380.3667,32.09398
1,34,right,0,0.1634,0,11742.243,32.21044,14125.6644,32.14503,6640.9472,32.07154,9726.1977,32.12317
1,35,right,0,0.1584,0,11611.7109,32.20747,16033.3941,32.14198,7214.6587,32.05979,12449.0297,32.10892
1,36,right,0,0.1692,0,6203.4778,32.20298,8532.0847,32.13705,10245.5152,32.04675,14602.3415,32.09366
1,37,right,1,0.406,0,3099.9246,32.2,7294.1949,32.13378,4098.9864,32.03579,11042.0705,32.08065
1,38,left,1,0.1976,1,11189.2646,32.19426,10394.8654,32.13109,13097.665,32.02219,13934.4107,32.06892
1,39,left,0,-0.1378,0,13795.2745,32.26755,3872.3543,32.19289,17217.2905,32.05551,10471.1745,32.09709
1,40,right,1,0.4066,0,7165.7671,32.2505,15005.9852,32.17893,7435.1028,32.05098,17092.2704,32.09289
1,41,right,1,0.4024,0,7406.5207,32.2465,13811.0436,32.17791,9361.4309,32.03653,15874.9072,32.07938
1,42,right,1,0.4164,0,8082.3204,32.24203,14026.1047,32.17638,6899.4667,32.02288,13562.2449,32.06746
1,43,left,1,0.1984,1,12051.1034,32.23611,11999.3804,32.17318,10730.7091,32.00916,11357.8678,32.05547
1,44,right,0,0.1498,0,10248.3012,32.31617,13657.7184,32.23982,5316.8745,32.04583,9601.1851,32.08626
1,45,left,1,-0.3572,0,13260.6667,32.31184,6580.8493,32.235,14353.1347,32.03327,8179.3438,32.07165
1,46,left,1,0.1968,1,15573.2904,32.29805,14011.7077,32.22108,14007.289,32.0281,14674.0936,32.06513
1,47,left,0,-0.1436,0,15235.6179,32.37264,4424.1614,32.28254,16243.1759,32.06312,9219.7691,32.09403
1,48,left,1,-0.3458,0,12486.3148,32.35421,3641.5889,32.26766,16314.4807,32.0575,8097.9706,32.08933
1,49,right,1,0.405,0,8728.3296,32.33721,18185.8083,32.25094,5223.0756,32.05309,14020.8001,32.08332
1,50,left,1,-0.3564,0,13819.7895,32.33123,4604.1903,32.24687,13041.5014,32.03818,5953.001,32.0693
1,51,right,1,-0.1424,1,15487.4774,32.31818,12495.6282,32.23314,14484.4348,32.03456,12814.2641,32.06367
1,52,right,0,0.2098,0,9269.5032,32.35055,15600.8424,32.27138,4864.1583,32.09667,13046.1222,32.13514
1,53,left,0,-0.1528,0,17024.2745,32.34649,7898.2326,32.26673,14064.059,32.08357,8229.0262,32.12157
1,54,right,0,0.1712,0,12559.4513,32.33079,16500.4662,32.25403,7736.5114,32.07753,12548.7261,32.11643
1,55,right,1,0.4118,0,11912.4825,32.32566,18626.9965,32.24833,5579.2758,32.06392,9481.7223,32.1013
1,56,right,1,-0.1368,1,17693.5705,32.31936,15415.9811,32.24566,14292.5738,32.0482,12779.1589,32.08702
1,57,left,0,-0.1076,0,11104.0492,32.35588,4693.6226,32.2867,15466.5049,32.11034,10330.1542,32.15788
1,58,right,0,0.181,0,14104.7138,32.33882,17518.1063,32.27256,8763.281,32.10378,12588.4637,32.15232
1,59,left,1,-0.3582,0,12942.543,32.33515,4657.783,32.26819,15842.5264,32.09104,8223.358,32.13814
1,60,right,1,-0.1378,1,12233.0664,32.31985,9978.046,32.25253,11450.6608,32.08635,11429.5259,32.13168
1,61,left,1,0.2082,1,11762.8454,32.35467,10553.699,32.29089,13265.8047,32.14619,14204.6251,32.20295
1,62,right,1,-0.1338,1,9159.5191,32.43298,10349.0586,32.35582,10558.1981,32.18193,12756.7273,32.23305
1,63,left,1,0.1878,1,11675.9684,32.46582,10666.7145,32.3939,12189.3523,32.23933,11893.2967,32.29954
1,64,right,0,0.173,0,13655.2971,32.53894,17485.8243,32.45571,5570.4208,32.27432,9387.3293,32.32826
1,65,left,1,0.1868,1,15902.8748,32.5341,11687.5512,32.4507,15917.5669,32.26024,14332.5021,32.31222
1,66,left,0,-0.1652,0,11414.7792,32.61082,2832.2377,32.51421,14151.5595,32.29579,8072.2751,32.34128
1,67,right,0,0.206,0,7407.8554,32.59181,10261.3587,32.49856,12333.1536,32.2893,17517.6924,32.33591
1,68,left,0,-0.1474,0,11657.0472,32.58583,3091.1896,32.49174,18123.1135,32.27633,11489.0066,32.3211
1,69,right,0,0.194,0,13338.4162,32.56851,18922.5458,32.47734,4731.5266,32.26809,11164.7941,32.31421
1,70,right,0,0.158,0,11030.8009,32.56367,15902.5231,32.47216,9175.6941,32.2528,15628.6471,32.29655
1,71,right,0,0.1784,0,15203.9339,32.55845,19968.0528,32.46653,3088.835,32.23877,8652.9279,32.28019
1,72,left,0,-0.1414,0,17470.1305,32.55255,8859.9961,32.4606,16411.3401,32.22451,10278.7465,32.26399
1,73,left,0,-0.1078,0,18763.0912,32.53417,7606.6075,32.44511,12518.2103,32.21971,6156.913,32.25995
1,74,right,1,0.4052,0,7604.0864,32.51563,15376.4302,32.4301,7584.5128,32.21415,14982.5073,32.25521
1,75,left,0,-0.1128,0,17110.9617,32.50915,9399.6188,32.42522,15036.1228,32.19735,9932.1415,32.23905
1,76,right,1,-0.1392,1,18225.5202,32.49094,15509.1146,32.41076,16393.8302,32.19151,13769.45,32.23434
1,77,left,1,0.1882,1,14655.361,32.52395,12446.6215,32.44905,14063.2932,32.25555,13550.1039,32.30651
1,78,right,0,0.19,0,6086.8411,32.5985,10341.2414,32.5119,6661.9169,32.29152,13011.4596,32.33621
1,79,right,0,0.1534,0,16571.1315,32.59226,19898.9042,32.505,7632.1611,32.27775,10189.4948,32.32039
1,80,right,0,0.1944,0,9366.7652,32.58864,15003.9721,32.50055,4592.7794,32.26419,11657.2779,32.30388
1,81,left,0,-0.1534,0,18769.9487,32.58189,8404.6201,32.49286,16248.2851,32.24935,9416.8149,32.28681
1,82,left,1,-0.344,0,18162.1476,32.56404,7534.8104,32.47768,15780.8561,32.24436,8253.8013,32.2827
1,83,left,0,-0.1122,0,15012.8634,32.54948,5323.7625,32.46245,15575.1236,32.24025,9285.7639,32.27634
1,84,right,0,0.1688,0,6862.3646,32.53259,9964.4831,32.44883,12292.5401,32.23395,18229.6013,32.27111
1,85,left,1,0.1976,1,13576.3342,32.52791,11086.8077,32.4439,12369.6422,32.21995,13493.3593,32.25541
1,86,left,0,-0.1618,0,10304.8259,32.60673,2238.019,32.50947,16099.2592,32.25611,9491.8875,32.28676
1,87,left,1,0.1932,1,13600.7341,32.58964,16159.8506,32.49513,13173.5682,32.25044,15471.0876,32.28178
1,88,right,0,0.1854,0,10270.9474,32.66291,12276.2245,32.55635,9544.3962,32.2852,12863.5401,32.31091
1,89,right,0,0.1674,0,11207.2588,32.65633,16219.0668,32.54934,6035.4674,32.27197,12901.5936,32.29524
1,90,left,0,-0.1432,0,13136.1747,32.65004,3785.0258,32.54252,18564.2866,32.25631,11779.2734,32.27746
1,91,left,1,-0.353,0,10198.9656,32.63132,2715.3034,32.52718,12600.5021,32.25018,6369.8046,32.27225
1,92,left,1,0.1796,1,15417.9168,32.61551,14987.4667,32.51106,13501.7475,32.24387,13200.4674,32.26482
1,93,right,1,0.4252,0,11480.5006,32.69078,16353.206,32.574,6950.6539,32.28227,8904.3147,32.29577
1,94,right,1,0.414,0,9136.0434,32.68383,13814.8618,32.56992,11141.2522,32.26486,15541.681,32.27995
1,95,right,1,-0.1406,1,18275.5866,32.67636,14664.8554,32.56414,16023.9481,32.24805,13384.6055,32.26402
1,96,left,1,-0.3772,0,9969.8696,32.70795,6040.2819,32.59973,14250.7322,32.3064,9095.6639,32.33202
1,97,right,1,-0.1434,1,16521.5454,32.69247,14998.5124,32.58298,15720.9938,32.30214,14293.0631,32.32517
1,98,left,0,-0.1076,0,12377.4146,32.72348,7869.398,32.62034,16495.8428,32.36544,12649.2991,32.39819
1,99,right,0,0.1852,0,14423.1217,32.704,17393.5218,32.6051,10300.9007,32.35887,13409.7016,32.39292
2,0,right,1,0.3864,0,14277.3839,32.69874,25353.263,32.59934,3282.2809,32.34499,14588.5837,32.37656
2,1,left,1,-0.3794,0,7169.7362,32.68708,611.4874,32.58822,12704.965,32.32856,6008.6382,32.35659
2,2,right,1,0.3906,0,10628.7746,32.67107,17431.8881,32.57156,3486.074,32.32463,11410.2772,32.35083
2,3,right,1,-0.1678,1,11798.9712,32.66187,9488.932,32.56625,4965.9231,32.30844,5421.316,32.33734
2,4,right,1,0.3938,0,10399.6461,32.69339,18428.0631,32.60281,4394.111,32.36823,11817.2677,32.40773
2,5,left,0,-0.1832,0,15322.133,32.68713,4794.6781,32.59908,12683.441,32.35173,6358.0163,32.39238
2,6,left,1,-0.3758,0,8974.8118,32.66652,1904.4766,32.58259,12531.5815,32.34625,5600.4993,32.38778
2,7,right,1,0.3802,0,4714.9318,32.65113,14361.9852,32.56526,45.0279,32.34387,10779.2956,32.3824
2,8,left,1,-0.377,0,9834.4309,32.64419,3905.6819,32.56038,16223.432,32.32779,9367.0925,32.36735
2,9,left,1,-0.369,0,11571.4877,32.62839,4012.6808,32.54312,11973.4529,32.32282,5649.5844,32.35994
2,10,left,0,-0.1652,0,12328.0976,32.61156,1321.9701,32.52606,16365.1423,32.31957,8454.4596,32.35432
2,11,right,0,0.17,0,5493.9261,32.59457,13969.8007,32.51151,1192.665,32.31242,14066.0657,32.3485
2,12,left,1,-0.376,0,13968.7619,32.59021,6666.9811,32.50615,13107.8946,32.29844,6262.6537,32.33184
2,13,left,1,-0.3786,0,10993.9537,32.57446,2256.8568,32.48947,11802.8491,32.29511,5084.0105,32.32659
2,14,left,1,-0.379,0,11222.6127,32.55916,2974.623,32.47335,12968.4407,32.29106,5719.2688,32.32042
2,15,right,0,0.1496,0,5478.9056,32.5451,10618.2174,32.45776,5533.6077,32.28632,13980.9639,32.31396
2,16,left,0,-0.1766,0,9683.7118,32.54157,275.9107,32.4537,12826.5207,32.27305,6534.585,32.29799
2,17,left,0,-0.1362,0,11271.7485,32.52335,3415.4776,32.43928,12833.0768,32.26761,7593.8293,32.29348
2,18,right,1,0.3904,0,5916.1344,32.50518,14794.9883,32.42471,1099.8517,32.26143,11449.0004,32.28844
2,19,right,0,0.1682,0,8790.7484,32.49955,16104.4651,32.42301,2596.0665,32.24559,13547.0022,32.27469
2,20,left,0,-0.1712,0,10685.7854,32.49438,-1109.006,32.41698,11016.5404,32.23293,4040.5788,32.26012
2,21,left,1,-0.376,0,11334.0134,32.47853,3424.1508,32.40418,15361.7013,32.22692,6971.389,32.25487
2,22,left,0,-0.1354,0,10537.9842,32.4624,610.0467,32.38647,10583.4023,32.22335,4780.6916,32.24918
2,23,left,1,0.196,1,8716.1659,32.44755,5085.2685,32.3743,9194.6643,32.21844,7790.2383,32.24516
2,24,left,0,-0.1852,0,13321.3189,32.52318,3654.6355,32.4395,15686.7555,32.25599,9131.9491,32.2771
2,25,left,1,0.2092,1,11430.9942,32.50449,13146.6958,32.42428,11517.8713,32.25183,14254.0967,32.2739
2,26,left,1,0.1726,1,8842.0106,32.58071,6831.4136,32.49276,11597.362,32.28714,11737.6965,32.30596
2,27,right,0,0.1528,0,4623.55,32.65941,12260.7067,32.55801,-1816.2939,32.32538,9272.0616,32.33813
2,28,left,1,0.1608,1,11671.1402,32.65435,9513.3462,32.55185,12527.3017,32.31188,12640.6552,32.32169
2,29,right,1,-0.1838,1,15668.9035,32.73216,13792.8288,32.61673,11221.3482,32.34814,12206.0809,32.35146
2,30,right,1,0.3772,0,479.1271,32.76735,6961.6302,32.65446,5098.3588,32.41057,13951.7745,32.42218
2,31,right,0,0.2104,0,4155.055,32.76203,12885.8841,32.65062,-1336.4075,32.39585,11285.4817,32.40889
2,32,right,0,0.1502,0,7666.6025,32.75715,14466.5186,32.64509,609.4835,32.38169,9741.67,32.39198
2,33,right,0,0.2028,0,3780.4048,32.75297,12794.9332,32.63995,3677.1241,32.36852,16944.6515,32.3764
2,34,right,0,0.1418,0,10431.2495,32.74812,17584.8653,32.63415,4109.4123,32.3543,14153.7916,32.35987
2,35,left,0,-0.1678,0,12385.6155,32.74327,-259.7243,32.6295,15584.7733,32.34067,7296.4646,32.34404
2,36,right,1,-0.1768,1,9282.9947,32.72466,10378.2371,32.61442,2716.5671,32.3356,7133.6763,32.33999
2,37,left,1,0.1728,1,5226.0449,32.7584,4746.6637,32.65353,6115.1817,32.39681,6101.0868,32.41198
2,38,left,0,-0.2212,0,10966.5792,32.83547,-1207.0485,32.71657,11452.1819,32.43532,3823.4264,32.44258
2,39,right,1,0.378,0,5680.6563,32.81637,12911.8757,32.70172,1332.2456,32.42925,12576.6995,32.43761
2,40,left,1,0.1632,1,7038.4209,32.80836,6222.8687,32.69623,9255.0972,32.41347,9582.0422,32.42292
2,41,right,1,0.3838,0,4350.6201,32.88862,12438.7615,32.76308,5836.5573,32.45176,18007.4746,32.45483
2,42,left,1,-0.3852,0,7309.3113,32.88091,1624.1224,32.75863,9578.1483,32.43568,4808.2769,32.44084
2,43,right,0,0.1546,0,11027.7469,32.86293,18364.57,32.74116,6213.929,32.43107,16017.6138,32.43422
2,44,right,0,0.179,0,8022.0702,32.85785,16947.3354,32.73545,-748.584,32.41536,11739.2706,32.41649
2,45,left,1,-0.3818,0,11957.9297,32.85177,4538.6048,32.72903,14549.2403,32.40238,7428.7773,32.4012
2,46,left,0,-0.1816,0,15186.1866,32.83398,2620.4648,32.71124,13126.3639,32.39709,5343.1273,32.39456
2,47,left,1,0.1756,1,10071.5158,32.81427,6444.7461,32.69564,8257.4172,32.39074,7055.6503,32.38976
2,48,left,1,-0.383,0,1804.357,32.89063,-1161.0665,32.76036,15085.3582,32.42735,8745.3005,32.42053
2,49,left,0,-0.2004,0,16009.7774,32.87463,4429.3581,32.74368,14481.0524,32.42226,6948.4203,32.41413
2,50,left,0,-0.1428,0,11690.2515,32.85404,4611.8768,32.72692,9401.4667,32.41658,5534.331,32.40899
2,51,left,1,-0.378,0,9283.8592,32.83377,1733.1432,32.71125,10964.6216,32.40924,5224.723,32.40307
2,52,right,0,0.1762,0,7509.0486,32.81813,15349.1311,32.69458,2418.6838,32.4046,13800.0531,32.39641
2,53,right,0,0.1468,0,10921.8986,32.81287,16715.2725,32.68843,4416.2939,32.39017,11996.4671,32.37953
2,54,right,1,0.386,0,11477.7632,32.80697,18975.0161,32.68188,7709.9727,32.37548,13687.0052,32.3625
2,55,left,0,-0.1752,0,9248.0393,32.79961,-729.9473,32.67794,14535.2522,32.35846,7025.0175,32.3487
2,56,right,0,0.167,0,8063.9251,32.77967,17169.8495,32.66196,866.3832,32.35197,13690.7547,32.34401
2,57,right,1,0.3856,0,8610.5869,32.77469,15619.5295,32.65628,2944.7684,32.33828,9943.3868,32.32839
2,58,left,1,-0.3784,0,12917.8013,32.76645,4608.5132,32.65173,15309.0166,32.32093,7460.1487,32.31459
2,59,right,1,-0.1902,1,13864.4352,32.75137,12098.2956,32.6352,7918.4334,32.31701,6439.1849,32.30862
2,60,right,1,-0.1722,1,9767.0345,32.78585,8693.658,32.67377,7128.9693,32.37927,8582.9506,32.37821
2,61,right,1,-0.1596,1,11174.2933,32.81722,9488.5009,32.71063,648.4169,32.44076,2877.6384,32.45055
2,62,left,1,-0.3718,0,11715.8607,32.84991,2129.058,32.74809,10864.5027,32.50128,3369.3923,32.52365
2,63,right,0,0.1658,0,7454.5813,32.83219,16264.0618,32.73006,4771.5396,32.49723,17355.6168,32.51776
2,64,left,1,0.163,1,8750.6284,32.82654,9071.7552,32.72354,10084.1341,32.48287,11117.0178,32.50156
2,65,left,0,-0.217,0,12370.401,32.90292,392.228,32.78648,15197.4709,32.52035,6963.3336,32.53239
2,66,right,0,0.2134,0,8715.8131,32.88306,17986.2352,32.76975,565.9536,32.51275,13034.3717,32.52642
2,67,right,1,-0.161,1,11629.7359,32.87723,10881.1023,32.76286,10569.7865,32.49837,10783.9369,32.50968
2,68,left,1,-0.385,0,5113.1469,32.90884,1358.0455,32.7989,10433.1482,32.55952,5588.4455,32.5786
2,69,right,0,0.1638,0,8545.4653,32.89004,15113.8566,32.78053,4588.9727,32.55367,13683.5769,32.57134
2,70,right,0,0.1786,0,5105.0414,32.88572,13252.1114,32.77541,-2152.7922,32.538,9697.1408,32.5526
2,71,right,1,-0.1682,1,9242.2433,32.88104,9705.5156,32.77083,4247.4606,32.5232,8234.5984,32.53522
2,72,left,1,0.1626,1,9904.2356,32.91441,9786.2862,32.80877,14408.4354,32.58473,15356.7709,32.60557
2,73,right,0,0.1766,0,3209.8484,32.99279,10236.2137,32.87395,-1365.7575,32.62236,8727.039,32.63674
2,74,right,1,0.3878,0,4834.8829,32.98657,13020.3247,32.86685,3739.1234,32.60642,13959.3399,32.61755
2,75,left,0,-0.199,0,17081.3182,32.97874,4274.0276,32.86162,16495.7102,32.58752,8237.9207,32.6004
2,76,right,1,-0.1506,1,10507.7731,32.95658,11592.7365,32.84355,10176.8205,32.58052,11474.8488,32.59483
2,77,left,1,0.1642,1,15381.7634,32.98885,13632.4864,32.88386,10707.0409,32.63949,10175.7806,32.66508
2,78,right,0,0.1676,0,4681.7793,33.06472,11836.0363,32.94704,24.3118,32.67598,10257.1231,32.69479
2,79,left,0,-0.2016,0,16252.6736,33.05853,3341.0732,32.93969,1732.8486,32.66088,-4542.6914,32.67685
2,80,right,0,0.1938,0,7329.485,33.03491,15578.4133,32.9213,-552.5325,32.65563,11750.9795,32.67309
2,81,left,1,0.1488,1,7402.262,33.02868,8253.5221,32.91408,6855.771,32.6388,8239.2047,32.6535
2,82,left,1,0.1432,1,5441.0766,33.10184,3794.5008,32.97444,7607.316,32.6728,7748.1306,32.68065
2,83,right,0,0.16,0,9882.3235,33.1778,15534.1438,33.03666,3014.2316,32.70765,9956.5804,32.70831
2,84,right,1,-0.1602,1,7421.4994,33.17077,6514.2474,33.02858,6667.5367,32.69295,8564.8681,32.6906
2,85,right,1,-0.1384,1,13283.1557,33.2008,15326.2579,33.06402,6875.1397,32.75343,10629.9428,32.76357
2,86,right,0,0.2058,0,10793.491,33.23101,19784.3794,33.1003,-1056.8271,32.81313,10512.5422,32.83197
2,87,right,0,0.1496,0,12090.6582,33.22376,18144.015,33.09192,1951.0786,32.79608,8264.2727,32.81182
2,88,left,1,0.136,1,7570.4412,33.21672,7554.8729,33.0843,10266.4795,32.77831,11409.5909,32.79062
2,89,right,0,0.1754,0,5494.606,33.29255,11234.6821,33.14527,112.611,32.8131,8434.7522,32.81923
2,90,right,1,0.3796,0,3798.3567,33.28514,13085.2677,33.13704,2961.2422,32.79716,11437.4844,32.80006
2,91,left,0,-0.1938,0,13118.603,33.27706,1821.5213,33.13173,18485.0171,32.77795,10439.4023,32.78378
2,92,right,0,0.192,0,4560.5567,33.25302,13855.4727,33.1126,6235.1926,32.76993,20093.105,32.77736
2,93,left,1,0.136,1,14097.3797,33.24458,10477.2808,33.1035,13696.8388,32.75195,12750.1722,32.75675
2,94,left,0,-0.2346,0,13924.6407,33.31794,1878.2729,33.16467,15838.1304,32.78678,8337.7621,32.78553
2,95,right,0,0.2004,0,7402.8416,33.29371,17918.2307,33.14544,-1044.1737,32.77775,13935.3036,32.77826
2,96,left,0,-0.2016,0,14546.3729,33.28599,1234.3508,33.13695,13451.5156,32.76061,5058.3748,32.7592
2,97,left,1,-0.3774,0,1408.3979,33.2621,-5374.7868,33.11788,13045.2683,32.75303,5390.4514,32.75311
2,98,right,0,0.1566,0,10506.0019,33.24377,19231.5279,33.09949,1920.4759,32.74606,13418.8124,32.74493
2,99,right,1,0.385,0,10785.7144,33.2362,17424.9096,33.09091,4434.1819,32.72886,11710.9763,32.72529
3,0,left,0,-0.1701,0,21213.175,33.2263,8549.5488,33.08476,25517.6149,32.71024,16509.7222,32.70853
3,1,left,0,-0.1941,0,11868.8487,33.19629,-3011.2713,33.06421,10619.3217,32.69649,791.1266,32.69769
3,2,left,1,-0.3995,0,6996.1203,33.17444,-305.223,33.04721,14712.9807,32.68915,6025.0907,32.69236
3,3,left,0,-0.1913,0,12470.3565,33.15471,-2921.779,33.02792,18649.0294,32.68247,8295.9101,32.68514
3,4,left,0,-0.1857,0,17418.7094,33.1329,438.5345,33.01197,18228.842,32.67353,7147.2255,32.67869
3,5,right,1,-0.1637,1,16481.5251,33.10996,14484.1104,32.99455,9533.8945,32.66507,7184.9749,32.67253
3,6,left,0,-0.1767,0,15415.4766,33.14407,4757.6154,33.03431,15740.8351,32.72804,8786.6887,32.74491
3,7,left,0,-0.1847,0,19085.2115,33.12284,4559.4274,33.01807,16931.2411,32.72068,7188.8066,32.73901
3,8,right,1,0.3831,0,4797.9278,33.10034,11322.2127,33.00095,5037.9962,32.71217,10413.1709,32.73287
3,9,left,1,-0.3859,0,9688.7002,33.09295,-415.5881,32.99555,14244.2176,32.6946,5660.2521,32.71706
3,10,right,1,0.3795,0,8426.1815,33.07302,14677.8507,32.97629,5941.5183,32.68804,11845.8936,32.70964
3,11,left,0,-0.1773,0,17719.1487,33.06486,2900.8966,32.97072,19769.8533,32.66921,9959.0376,32.69232
3,12,left,1,0.1585,1,5521.8991,33.04162,3140.0969,32.95269,13585.7041,32.65947,13917.3428,32.68509
3,13,right,1,0.3679,0,3638.0347,33.11915,8717.1344,33.01718,7346.4993,32.69517,13408.4631,32.71569
3,14,right,1,-0.1501,1,14899.3176,33.11041,14771.7491,33.01018,6980.9195,32.67563,7747.616,32.69716
3,15,left,1,0.1433,1,10064.1271,33.14232,10257.8896,33.04977,13201.9746,32.73784,14023.6666,32.77023
3,16,left,0,-0.2329,0,22662.6386,33.22177,5765.7438,33.11554,14670.2748,32.77488,3151.3957,32.80012
3,17,left,1,0.1209,1,9119.5411,33.19807,10588.6852,33.0967,12963.7681,32.76573,14231.6101,32.79343
3,18,left,0,-0.2345,0,18768.7429,33.27486,1473.545,33.16064,14854.4701,32.80283,3866.7463,32.82282
3,19,left,1,0.1329,1,7612.5821,33.25176,9642.9262,33.14347,14405.5378,32.79501,15549.1192,32.81669
3,20,left,1,0.1239,1,9248.4965,33.3327,7789.8097,33.21134,13360.512,32.83348,14368.0606,32.84796
3,21,right,0,0.1455,0,-186.5591,33.41026,5278.1694,33.2722,1183.5556,32.86925,10040.4943,32.87524
3,22,left,1,-0.4025,0,8106.1899,33.40293,2612.2303,33.26367,9463.331,32.85114,3802.4201,32.85376
3,23,right,1,-0.1473,1,12201.0048,33.38289,12188.2034,33.24386,10439.5707,32.84278,12537.3181,32.84487
3,24,left,1,-0.4017,0,6810.0453,33.41314,1863.5802,33.28139,12738.8101,32.90187,6797.5011,32.918
3,25,left,1,0.1191,1,9769.152,33.39143,6808.632,33.26058,11334.2434,32.89409,11277.9668,32.90887
3,26,right,0,0.1301,0,8315.0255,33.46981,14576.0045,33.3232,5661.2226,32.93179,13829.5951,32.93909
3,27,right,0,0.1433,0,8272.5455,33.46097,18368.2072,33.31278,4857.2817,32.91332,18643.7417,32.91753
3,28,right,0,0.1699,0,7852.6117,33.45048,15263.3611,33.30105,2748.274,32.89445,13353.6111,32.89533
3,29,right,1,-0.1513,1,13043.1502,33.4424,11348.2489,33.2912,14054.2469,32.87673,14959.4597,32.87373
3,30,right,1,-0.1387,1,6516.2967,33.47401,6235.2371,33.32798,9538.2408,32.93724,12446.6095,32.94633
3,31,left,0,-0.1883,0,15656.4436,33.50457,3064.2321,33.36667,17382.8975,32.99729,8123.534,33.02184
3,32,left,0,-0.2079,0,16552.0584,33.47822,963.4519,33.34653,13981.5116,32.98597,3700.7038,33.0135
3,33,right,0,0.1451,0,4956.4725,33.45266,13861.55,33.32777,-2473.2101,32.97534,10724.6178,33.00605
3,34,left,0,-0.1755,0,15904.6448,33.44485,1027.0901,33.31876,17445.0338,32.95786,7343.9594,32.98481
3,35,left,1,0.1209,1,9244.2796,33.42161,6020.8389,33.30096,10516.3885,32.94746,9765.9459,32.97672
3,36,right,0,0.1345,0,8138.1277,33.49905,14404.4497,33.36388,5832.3292,32.98169,15288.8852,33.00426
3,37,right,1,0.3719,0,7927.9701,33.49149,14358.4817,33.3553,7932.2748,32.96314,15857.924,32.98249
3,38,left,1,-0.3877,0,9027.2148,33.48153,3440.7306,33.34713,15886.468,32.94235,9031.862,32.96212
3,39,right,1,-0.1435,1,15179.6615,33.45983,15079.2807,33.32634,5664.0934,32.93365,5317.7234,32.95282
3,40,right,0,0.2049,0,10357.0954,33.49212,21008.0532,33.3657,-1044.4956,32.99423,13444.0647,33.0259
3,41,left,0,-0.2307,0,18501.3505,33.48387,2699.5787,33.35635,17677.0568,32.97593,7149.5632,33.00338
3,42,left,0,-0.1873,0,9218.7353,33.45862,-1518.187,33.33759,15842.7976,32.96602,7857.3481,32.99592
3,43,right,0,0.1311,0,8445.4994,33.43409,17944.9855,33.31884,1814.0321,32.95481,15537.6663,32.98742
3,44,left,0,-0.1785,0,13298.0468,33.42569,878.7356,33.30893,15244.972,32.93652,6804.1618,32.96532
3,45,left,1,-0.3841,0,9906.0419,33.40085,4813.3244,33.28948,20880.6377,32.92572,12496.71,32.95694
3,46,left,1,0.1213,1,11461.5455,33.37964,12036.5213,33.2684,15055.868,32.9161,16199.0369,32.94697
3,47,left,1,0.1249,1,9120.2425,33.45925,7317.7786,33.33471,10436.4617,32.95259,10506.6814,32.97743
3,48,right,1,0.3565,0,10765.5921,33.53702,17605.3221,33.39679,4234.6207,32.98987,10535.3908,33.00578
3,49,left,1,0.1129,1,8671.33,33.52607,8334.3273,33.38767,5937.2974,32.96963,8143.9233,32.98603
3,50,left,0,-0.2367,0,15584.5681,33.59992,-545.6012,33.4484,17248.2871,33.00393,5833.1118,33.01477
3,51,left,0,-0.1677,0,13737.4654,33.57307,6431.2846,33.42674,18901.7723,32.9935,12756.3338,33.00647
3,52,left,0,-0.2235,0,18003.8127,33.54706,2427.0915,33.40746,20884.036,32.98422,10328.8623,32.9999
3,53,right,0,0.1895,0,7587.7068,33.52053,15136.831,33.38717,-4108.8145,32.97498,5028.6518,32.99268
3,54,left,1,-0.3917,0,7406.6001,33.5111,3262.8074,33.37631,12083.7232,32.95777,7325.0266,32.97254
3,55,left,1,-0.4011,0,11330.4014,33.48765,4932.5366,33.35459,12063.9398,32.94973,6999.8418,32.96359
3,56,right,0,0.1623,0,13098.9772,33.46509,21215.2088,33.33324,6681.2796,32.94147,16601.4865,32.95439
3,57,left,1,-0.3999,0,7619.5115,33.45745,5268.5648,33.32391,12347.7768,32.92276,7762.8317,32.93213
3,58,right,1,0.3733,0,10102.9821,33.43633,19957.9271,33.30287,4001.0221,32.91538,10105.1879,32.92372
3,59,left,1,-0.3919,0,12526.2365,33.42772,5983.5312,33.29549,8059.1865,32.89557,2862.4728,32.90527
3,60,left,1,-0.3889,0,14991.1104,33.40529,5017.9716,33.2738,10930.1891,32.88857,3618.2314,32.89785
3,61,right,0,0.1549,0,6845.7875,33.38457,14577.5206,33.25394,7043.0252,32.88051,18387.1703,32.88988
3,62,right,1,0.3755,0,7225.1019,33.37737,13341.443,33.24514,3573.002,32.86311,10503.021,32.86889
3,63,right,1,0.3729,0,12176.3233,33.36861,21286.5159,33.23821,4317.9303,32.84469,11026.0014,32.85086
3,64,left,0,-0.1587,0,6239.2013,33.36196,-4039.1478,33.23301,19184.9478,32.82523,10751.144,32.83164
3,65,left,1,0.1483,1,5745.3124,33.33961,3459.8438,33.21587,12317.4585,32.81713,11164.8152,32.82569
3,66,left,0,-0.2373,0,18382.2075,33.41607,2677.4356,33.27872,20839.3048,32.85378,10425.996,32.85441
3,67,right,1,0.3701,0,9829.8062,33.39209,18251.1228,33.26021,1921.6541,32.84433,7787.9079,32.84722
3,68,right,1,0.3717,0,8740.5222,33.38319,15659.1253,33.25255,775.7338,32.82631,6997.4476,32.82952
3,69,left,1,0.1263,1,8826.6575,33.37325,8688.798,33.24425,10447.7363,32.80954,10826.7867,32.81417
3,70,right,1,0.3783,0,12271.2209,33.44945,20006.1877,33.30761,6624.7842,32.8487,15180.7715,32.84559
3,71,left,0,-0.1841,0,15089.7199,33.43871,1463.2272,33.29904,16835.546,32.82962,7960.8386,32.82692
3,72,left,1,0.1291,1,5996.7041,33.41532,3251.625,33.28203,15018.0025,32.82202,14077.3311,32.82198
3,73,left,0,-0.2345,0,22818.9589,33.49058,6598.5241,33.34388,17616.3954,32.8585,7101.1059,32.85106
3,74,right,0,0.1617,0,7820.844,33.46517,19472.4564,33.32493,-4607.0594,32.84846,11133.6857,32.84412
3,75,left,1,0.1457,1,8987.7779,33.45792,9195.2625,33.31586,5921.6181,32.83261,8854.8046,32.82599
3,76,right,1,0.3637,0,7429.0317,33.53363,15681.2769,33.37654,1971.534,32.86768,11811.0971,32.85551
3,77,left,1,-0.3931,0,11671.7645,33.52491,4294.4261,33.36962,16329.1198,32.84931,8622.4186,32.83696
3,78,right,0,0.1439,0,-2561.8928,33.50203,2519.2184,33.34815,7984.2672,32.84128,18141.3524,32.82824
3,79,left,1,0.1235,1,7146.6748,33.49449,7234.8985,33.33948,8996.9806,32.82448,9721.3423,32.80848
3,80,right,1,0.3731,0,3421.6654,33.56646,9848.7183,33.39927,2837.0198,32.86158,9941.4364,32.83895
3,81,right,1,-0.1399,1,8947.625,33.55755,7940.7434,33.39251,6217.576,32.8423,8841.8831,32.82126
3,82,left,1,0.1263,1,7960.3843,33.58976,5064.093,33.43058,8999.7668,32.90457,8144.7769,32.89734
3,83,left,1,-0.4169,0,8776.5957,33.67037,5884.3607,33.49627,16080.182,32.94356,10529.0037,32.92867
3,84,left,1,-0.4039,0,10134.9405,33.64775,5196.1273,33.47515,4503.3793,32.93703,2760.7792,32.92121
3,85,left,0,-0.2251,0,14610.0718,33.62408,-325.4236,33.45319,16949.3234,32.93071,6685.3507,32.91343
3,86,right,0,0.1485,0,12391.8912,33.59812,21353.801,33.43389,573.2207,32.91999,12752.7626,32.9057
3,87,left,0,-0.1797,0,12323.409,33.58939,-1423.6183,33.42356,11514.9604,32.90362,2538.3479,32.8864
3,88,right,0,0.1411,0,7545.0142,33.56471,18161.8541,33.4048,916.2665,32.89474,15253.1647,32.88037
3,89,right,1,-0.1467,1,10325.6082,33.55773,11324.8786,33.39583,6151.2516,32.8777,11112.9144,32.85946
3,90,right,1,0.3799,0,10633.7506,33.58886,17919.7071,33.43238,460.4747,32.9384,4584.2805,32.93302
3,91,left,0,-0.1767,0,20544.8573,33.5789,10114.0505,33.42429,14637.6493,32.91944,8469.4222,32.91488
3,92,right,0,0.1551,0,936.0517,33.55357,9619.7215,33.40425,2183.6163,32.91068,15172.8078,32.9084
3,93,right,1,-0.1499,1,11599.5491,33.54617,11348.931,33.39525,5913.8803,32.89329,7560.1057,32.88777
3,94,left,1,0.1303,1,8891.8444,33.57488,7007.6319,33.43047,9340.479,32.95468,10318.2924,32.96179
3,95,right,1,-0.1471,1,12655.299,33.65279,13493.2776,33.4942,6611.9151,32.99055,9537.2945,32.99238
3,96,right,1,-0.1381,1,10181.504,33.68226,10694.2992,33.53194,9598.8393,33.05129,12534.5437,33.06764
3,97,left,1,0.1245,1,7535.4399,33.71079,5282.7649,33.56724,13345.6651,33.11048,13401.3099,33.1401
3,98,left,0,-0.2473,0,18131.8343,33.78909,5823.4934,33.63095,15924.7356,33.1456,7026.1217,33.16907
3,99,right,1,-0.1379,1,11115.539,33.76176,10637.3614,33.60937,7975.2423,33.13563,8704.3492,33.16201
4,0,right,1,0.3673,0,17274.298,33.79137,25096.7005,33.64538,5283.6783,33.19434,9554.0226,33.23293
4,1,left,0,-0.2091,0,14680.4151,33.77461,6709.5337,33.62722,15844.483,33.17215,9733.5659,33.20564
4,2,right,0,0.1669,0,14330.7472,33.74934,20091.1418,33.6063,9708.3531,33.16253,16844.8762,33.19776
4,3,right,1,-0.1331,1,17976.6194,33.74084,17450.2991,33.59693,11679.1372,33.14317,14066.877,33.17555
4,4,left,0,-0.1809,0,13615.4231,33.77043,5205.3106,33.6308,15411.3839,33.19831,9477.0118,33.24103
4,5,right,0,0.1775,0,16600.9221,33.74402,21343.6133,33.61051,8292.65,33.18737,13712.2954,33.23251
4,6,left,1,-0.4215,0,10357.3417,33.73496,5890.2576,33.60053,15921.2625,33.16747,9718.4952,33.2097
4,7,left,0,-0.1815,0,14122.5663,33.71243,5754.6281,33.57911,13959.6311,33.15862,8117.1215,33.20072
4,8,right,1,-0.1447,1,18309.0317,33.68725,15326.2445,33.55933,16494.3823,33.14812,15379.5753,33.19224
4,9,right,0,0.1875,0,11351.1934,33.71519,18024.7764,33.59166,5579.2792,33.20551,14319.0001,33.2616
4,10,left,1,0.1115,1,12003.3005,33.70695,10710.2173,33.58291,13623.4223,33.18497,13436.4116,33.23791
4,11,left,0,-0.2279,0,16979.1796,33.77506,5702.8996,33.63601,18540.062,33.21649,10785.0355,33.2624
4,12,right,1,0.3713,0,10539.0583,33.74876,17148.5196,33.61442,8894.2564,33.20676,15137.4858,33.25436
4,13,left,1,-0.4199,0,11974.7247,33.73987,7160.0575,33.60598,14458.4568,33.1845,9329.7224,33.23058
4,14,right,1,0.3891,0,11454.2114,33.71568,18669.3223,33.58326,8149.895,33.17516,15758.4615,33.22065
4,15,right,1,0.3789,0,12164.0222,33.70508,18395.4947,33.57402,6822.4709,33.15402,10205.8322,33.19905
4,16,left,1,-0.4195,0,11066.0087,33.69596,5699.5068,33.5663,14034.9141,33.13222,9387.0822,33.17648
4,17,left,0,-0.1559,0,15856.3833,33.67152,6876.4361,33.54357,15329.798,33.12293,9332.1653,33.16646
4,18,right,1,-0.1367,1,18875.0413,33.64779,18416.2141,33.52555,14131.284,33.11202,14653.218,33.1579
4,19,right,1,-0.1285,1,17638.5494,33.67651,15827.3866,33.56034,12049.2732,33.16683,12196.4422,33.22471
4,20,right,0,0.1715,0,8795.4204,33.70756,16454.3932,33.59603,6289.8087,33.22465,16949.549,33.29438
4,21,left,0,-0.1847,0,14450.0179,33.69942,4210.0281,33.58624,16258.7285,33.20484,8975.5896,33.27171
4,22,left,1,-0.4089,0,13193.3763,33.67381,7319.6838,33.56523,13972.3697,33.19399,8607.9394,33.26261
4,23,left,0,-0.1813,0,15017.6705,33.65189,6326.3815,33.5444,13434.9394,33.18563,8252.0085,33.25319
4,24,right,1,-0.1355,1,14720.3162,33.62738,13530.213,33.52428,11699.8951,33.17525,11373.6146,33.24435
4,25,left,1,-0.4053,0,13021.0445,33.6548,9451.7567,33.55679,15566.167,33.22989,10897.7447,33.30764
4,26,right,0,0.1617,0,14169.4177,33.63154,18277.0473,33.53451,11155.0146,33.22062,15708.6611,33.29732
4,27,left,1,0.1191,1,9944.7107,33.62309,5718.7748,33.52469,16904.0116,33.20208,15380.2127,33.27551
4,28,left,0,-0.2127,0,22038.11,33.691,11442.5694,33.57878,19578.6201,33.23591,12604.9744,33.30273
4,29,left,0,-0.1625,0,20141.6816,33.666,10595.9744,33.55802,18670.3705,33.22497,12378.249,33.29337
4,30,right,1,0.3789,0,10158.776,33.64137,16263.2441,33.53907,5128.7874,33.21459,10213.879,33.28484
4,31,left,0,-0.1797,0,19047.2017,33.63082,12815.5251,33.52902,20266.6905,33.19277,14840.9978,33.26194
4,32,left,1,-0.4003,0,10531.8615,33.60637,5816.396,33.50954,10016.2378,33.18379,6437.5566,33.25498
4,33,right,1,0.3997,0,10240.1974,33.58342,17447.6244,33.48731,3760.5042,33.17507,7941.3238,33.24507
4,34,right,1,-0.1531,1,15513.1419,33.57462,16065.4046,33.47928,14088.598,33.15534,16415.0565,33.22472
4,35,left,1,-0.4001,0,13469.9244,33.60301,9660.9439,33.51356,19340.8878,33.21246,12747.5462,33.2935
4,36,right,0,0.1735,0,9837.3188,33.57958,14612.4093,33.49077,8690.6288,33.20418,15948.6625,33.28419
4,37,left,1,-0.3833,0,13735.9539,33.57215,4901.7514,33.48157,20328.4015,33.18445,11295.9139,33.26048
4,38,left,1,-0.3979,0,10418.4767,33.54832,4150.6578,33.45979,16791.8789,33.17442,9570.7101,33.2507
4,39,right,1,-0.1291,1,11558.8217,33.52541,12574.1731,33.43834,11680.3975,33.16684,12398.9738,33.24185
4,40,left,1,-0.4127,0,11771.0485,33.55686,7095.7931,33.47564,11034.6964,33.22288,7041.615,33.30698
4,41,left,1,0.1285,1,11664.9577,33.53691,9882.6276,33.45531,15225.6398,33.21435,15291.6164,33.29701
4,42,right,1,0.3815,0,9533.3253,33.6081,15194.2437,33.51269,5001.6271,33.24691,9303.1113,33.32193
4,43,left,0,-0.1739,0,15251.1539,33.59779,8447.6755,33.50362,15854.6526,33.22523,10909.7651,33.29996
4,44,right,1,-0.1345,1,18265.0523,33.57421,17710.4827,33.48405,10872.3801,33.2159,11458.0301,33.29231
4,45,left,0,-0.1751,0,13067.7965,33.60445,5264.6366,33.52076,14902.1397,33.27495,9349.6752,33.36213
4,46,left,0,-0.1821,0,18117.8389,33.57994,10209.6174,33.50092,14225.2099,33.26443,9508.7509,33.35353
4,47,right,1,-0.1239,1,14521.6406,33.5558,11366.0734,33.48062,16871.3562,33.25379,15702.4822,33.34458
4,48,right,0,0.2027,0,13510.1348,33.58702,19528.244,33.51589,6442.3387,33.30817,14138.716,33.41167
4,49,left,1,0.1183,1,11604.3064,33.57951,7848.7456,33.50696,16246.1585,33.28778,15986.0295,33.38761
4,50,left,0,-0.2185,0,12910.9439,33.65255,4257.6617,33.56412,19865.169,33.31926,12666.3834,33.41216
4,51,left,1,0.1219,1,13450.688,33.62831,16079.184,33.54363,16135.9621,33.30838,18695.7996,33.40284
4,52,right,1,-0.1391,1,18548.8044,33.70328,19064.8401,33.60438,14712.1309,33.34008,16392.9603,33.42848
4,53,left,0,-0.1811,0,14039.0314,33.73138,5178.0666,33.63787,15495.0894,33.39561,9246.9679,33.49314
4,54,right,1,-0.1197,1,16895.1895,33.70611,18220.1571,33.61676,11269.169,33.38438,14176.7291,33.48368
4,55,right,1,-0.1263,1,9073.6568,33.73318,10136.9741,33.65082,12113.6293,33.43958,14173.6764,33.55027
4,56,right,1,-0.1165,1,16948.69,33.76371,17053.6471,33.68718,9694.7022,33.49154,11058.7316,33.61266
4,57,left,0,-0.1785,0,14713.1047,33.79262,7634.1094,33.72172,16862.1594,33.5459,11569.5808,33.67706
4,58,right,0,0.1883,0,10540.0969,33.76609,16618.093,33.69993,7081.7963,33.53473,14814.0434,33.66787
4,59,right,1,-0.1239,1,12731.2218,33.7588,11557.5884,33.69121,17703.3916,33.51161,16689.127,33.64113
4,60,left,1,0.1145,1,17636.7695,33.78814,15248.2547,33.72548,15076.1226,33.56658,14683.641,33.70548
4,61,right,1,0.3755,0,11002.7892,33.86055,15318.8988,33.7834,6742.4154,33.5985,9326.5596,33.72962
4,62,left,1,-0.4017,0,5199.6555,33.84937,4852.106,33.7726,11894.6944,33.57397,8604.8831,33.70343
4,63,right,1,-0.1279,1,18196.8099,33.82339,17443.5128,33.74706,7250.4528,33.56352,8979.2024,33.69209
4,64,left,1,-0.4069,0,8510.5816,33.85158,5006.0064,33.77995,12614.628,33.61517,8465.0414,33.75396
4,65,right,1,0.4033,0,11107.1006,33.82734,16485.2717,33.75567,4950.2386,33.60461,7826.2838,33.74225
4,66,right,1,0.3589,0,10754.0522,33.81628,18174.1062,33.74491,7415.8852,33.58044,14406.4901,33.71649
4,67,right,1,0.3957,0,11941.3084,33.80559,16180.4633,33.73464,8837.5057,33.55628,12135.4448,33.69118
4,68,left,0,-0.2033,0,17507.3694,33.79487,8746.8095,33.72488,14539.4438,33.53295,8822.6078,33.66572
4,69,right,1,0.3741,0,10544.4133,33.77027,18274.6986,33.70425,6600.4411,33.52163,14226.4752,33.65615
4,70,right,0,0.1511,0,17355.2231,33.76043,21625.6149,33.69446,10686.6956,33.4991,15401.0457,33.63102
4,71,left,1,-0.4111,0,14149.1446,33.75288,7454.0952,33.68511,12572.2886,33.47731,7441.7089,33.60406
4,72,right,1,-0.1227,1,18377.3583,33.72834,16245.9557,33.66225,11179.3772,33.46787,11662.4304,33.59347
4,73,right,0,0.1979,0,11904.0489,33.75836,17703.3987,33.69716,5933.6029,33.52027,13730.8162,33.65723
4,74,left,1,-0.4045,0,11388.1597,33.74971,6506.6714,33.68737,16896.2544,33.49834,11457.4836,33.63159
4,75,right,0,0.1735,0,15211.887,33.72534,18332.495,33.66494,10581.7026,33.48752,13954.8249,33.6202
4,76,left,1,0.1215,1,12012.1099,33.71669,9099.8981,33.65443,14462.0833,33.46714,14085.7166,33.5956
4,77,left,0,-0.2115,0,16571.3082,33.7895,5290.95,33.7105,19677.3798,33.49949,11603.81,33.62036
4,78,left,1,-0.3899,0,11504.111,33.76393,6058.5115,33.68914,16422.2937,33.48808,10020.1272,33.61089
4,79,left,0,-0.1475,0,14968.0918,33.73939,7231.3016,33.66569,20361.8706,33.47805,14195.2509,33.60001
4,80,left,1,-0.4011,0,12693.0423,33.71402,6750.9871,33.64563,16171.3703,33.46815,9897.597,33.592
4,81,left,1,0.1179,1,16474.0059,33.69328,14514.004,33.62548,14224.659,33.45719,15105.9438,33.58098
4,82,left,1,0.1181,1,16242.752,33.76495,13316.2229,33.68138,17412.4927,33.48775,16590.4159,33.605
4,83,left,1,-0.4025,0,9292.7869,33.84054,4432.1292,33.73943,14184.7484,33.52097,8232.6406,33.62938
4,84,left,1,-0.4103,0,4860.0044,33.81433,3205.3405,33.71588,16177.0339,33.51103,10671.4517,33.6193
4,85,left,1,-0.4127,0,8304.3604,33.79208,5625.8977,33.69391,15932.5189,33.50032,10630.56,33.60801
4,86,left,1,0.1103,1,14276.7583,33.76698,13799.1189,33.67012,14211.844,33.49099,15499.3134,33.59755
4,87,right,1,0.3933,0,8852.7635,33.84213,13359.3928,33.72855,5806.8883,33.52387,9582.9038,33.62339
4,88,left,1,-0.4011,0,9256.699,33.83142,4473.5838,33.71986,12116.4173,33.50019,8386.2848,33.59961
4,89,left,1,-0.3981,0,9030.0024,33.80746,3822.0672,33.69711,14524.236,33.48845,8301.461,33.5872
4,90,right,0,0.1623,0,12381.8499,33.78262,16384.435,33.67341,9208.4732,33.47876,13832.0467,33.57688
4,91,left,0,-0.1891,0,13006.5665,33.77392,4491.4609,33.66342,10151.2208,33.45749,5056.6531,33.55233
4,92,left,0,-0.1647,0,16877.7659,33.74887,6631.0612,33.64256,13899.3341,33.44634,7643.2028,33.54305
4,93,left,1,-0.4125,0,10086.9578,33.72377,5799.4662,33.62178,16336.8239,33.43611,10585.1539,33.53428
4,94,right,0,0.1617,0,16036.78,33.69992,20623.3236,33.59929,10573.9231,33.42625,15588.803,33.52385
4,95,left,1,0.1283,1,13595.3152,33.69176,11935.695,33.58917,14811.1657,33.40747,15294.8383,33.50076
4,96,right,0,0.1661,0,12352.1463,33.76304,15410.4512,33.64636,8554.3699,33.43944,12583.6384,33.52614
4,97,right,0,0.1569,0,13517.5959,33.75505,17869.6104,33.63708,10340.8115,33.41818,15637.4115,33.50112
4,98,right,1,-0.1317,1,15850.5306,33.74763,13400.1674,33.62839,15535.0779,33.39726,14454.5681,33.47651
4,99,right,0,0.1853,0,14036.227,33.77582,19348.4331,33.66061,11235.675,33.45105,17817.9083,33.54075
