ep,t,good_side,explore,v,correct,e_ll,g_ll,e_lr,g_lr,e_rl,g_rl,e_rr,g_rr
0,0,left,1,-0.2076,0,16429.6796,30.0,10197.8577,30.0,18970.8589,30.0,13875.2307,30.0
0,1,right,1,0.0258,0,4579.3311,29.99814,8119.0569,29.99948,-175.2739,30.00309,4993.6813,30.00276
0,2,left,1,-0.0618,0,8215.3846,30.00495,1907.7348,30.0046,5739.288,30.00549,2795.7283,30.00195
0,3,right,0,0.1396,0,9281.4631,30.00555,14772.9097,30.00836,2647.8686,30.01039,10352.539,30.00834
0,4,right,1,0.238,0,4617.3173,30.01111,8229.4823,30.0136,1483.4262,30.01234,5713.0333,30.00834
0,5,right,1,0.2246,0,9619.7379,30.01556,14294.6844,30.01968,5000.1659,30.01268,9923.1195,30.00897
0,6,right,0,0.1204,0,8124.9982,30.01926,9170.3603,30.025,-666.1483,30.01283,-166.9949,30.00971
0,7,right,0,0.1068,0,5719.8484,30.02431,8323.1272,30.03014,-1751.6646,30.01596,1141.0501,30.01138
0,8,left,1,-0.0304,0,2209.0278,30.03008,-3890.9325,30.03571,7667.9828,30.01863,3181.9141,30.01265
0,9,left,1,-0.2222,0,10093.8466,30.0319,5438.994,30.04118,9974.8752,30.02204,6062.5251,30.01776
0,10,right,0,0.101,0,8707.3847,30.03196,11381.3759,30.04129,5309.945,30.02669,8360.9455,30.02123
0,11,right,1,0.236,0,5621.4597,30.0385,7982.4714,30.04784,1044.754,30.02879,3412.2335,30.02161
0,12,right,0,0.0976,0,9303.9255,30.04267,12899.4709,30.0542,-1601.5208,30.02964,2468.6084,30.02319
0,13,right,1,0.2116,0,4965.8149,30.04765,8175.3365,30.05919,2216.8071,30.03309,5468.5416,30.02525
0,14,left,0,-0.128,0,7170.0326,30.05165,3886.8509,30.06483,10019.1757,30.0332,7417.9734,30.02616
0,15,left,0,-0.1182,0,7335.4747,30.05185,3562.6768,30.06649,12166.5138,30.03759,9105.7988,30.03064
0,16,left,0,-0.1314,0,8211.044,30.0526,4870.6077,30.06902,13317.8233,30.04185,10089.1121,30.03504
0,17,right,1,0.23,0,6526.1058,30.05245,11132.7948,30.07056,1869.1393,30.04516,6038.4803,30.03866
0,18,left,0,-0.1336,0,8085.5278,30.05687,3614.4702,30.07633,12007.9683,30.04488,9144.3683,30.03886
0,19,right,1,0.0088,0,5537.7633,30.05725,7520.3685,30.07835,4239.2313,30.04852,8312.599,30.04262
0,20,right,1,0.0108,0,11383.4628,30.06287,13146.5933,30.08238,-1231.9102,30.05135,2587.1172,30.0422
0,21,left,1,-0.2558,0,2982.7985,30.06971,-862.1648,30.0878,12777.0269,30.05465,7273.9875,30.04185
0,22,right,0,0.1226,0,9688.6554,30.07119,13197.3864,30.08868,3208.0017,30.05989,7969.3993,30.04566
0,23,left,0,-0.1178,0,3546.909,30.07652,-659.7277,30.09394,12700.4289,30.06128,9155.4305,30.04556
0,24,left,0,-0.1276,0,8898.2301,30.07764,6082.6227,30.09692,10590.2012,30.06564,8456.3436,30.0501
0,25,left,1,-0.2414,0,7810.5794,30.07729,2767.1281,30.09824,12702.1096,30.06982,7881.6693,30.05446
0,26,left,1,-0.2296,0,4899.9633,30.07859,-1230.1028,30.0991,12785.2559,30.0761,7010.5549,30.0588
0,27,right,1,0.2334,0,7765.9459,30.07984,12997.273,30.09989,-4372.502,30.08272,-769.0106,30.06361
0,28,left,1,-0.2532,0,3283.4235,30.08386,-330.1316,30.10519,9310.0584,30.0843,5111.3416,30.06612
0,29,right,1,0.0144,0,8205.3686,30.08727,9972.3503,30.10808,3268.9886,30.08898,7084.875,30.06954
0,30,left,1,-0.245,0,7939.4509,30.0944,2802.9685,30.11391,6228.3787,30.09151,2740.5328,30.06899
0,31,right,1,0.2378,0,6437.9131,30.09529,10341.5517,30.11418,5470.333,30.09702,9369.9094,30.07286
0,32,left,1,-0.2466,0,9584.3707,30.10083,1302.3153,30.12126,9999.6282,30.09836,4256.9806,30.07537
0,33,left,1,-0.2512,0,7530.2657,30.10096,738.4238,30.12161,11131.0902,30.10598,5283.6392,30.08155
0,34,right,1,0.028,0,4887.8374,30.10134,8376.9031,30.12166,-4490.3252,30.11095,1474.4237,30.0858
0,35,right,0,0.1078,0,5209.1189,30.10834,7516.3233,30.12713,2511.5008,30.11439,5437.3044,30.0869
0,36,left,1,-0.0442,0,4274.1785,30.11413,-1185.6407,30.13271,9846.3427,30.11451,6662.7898,30.08592
0,37,left,0,-0.1138,0,7870.8316,30.11536,847.8081,30.13704,11070.1376,30.11807,6399.4455,30.09078
0,38,right,1,0.0304,0,6169.2871,30.11471,8513.0386,30.13806,2162.0753,30.12203,7935.6469,30.0952
0,39,right,1,-0.0052,0,7951.6592,30.12186,10499.8624,30.14359,1749.8042,30.12301,7184.8109,30.09364
0,40,right,1,0.2102,0,7909.2404,30.12862,12348.0418,30.14871,2169.5317,30.12531,6645.0534,30.09256
0,41,left,0,-0.1116,0,6742.0398,30.13394,3881.874,30.15598,11504.511,30.12553,8687.5136,30.09291
0,42,right,0,0.1034,0,9341.25,30.13373,12630.6568,30.15772,4298.4346,30.12891,8566.3614,30.09674
0,43,left,1,-0.2412,0,7449.6647,30.14006,4403.4457,30.16408,13798.1338,30.13016,9738.1831,30.09703
0,44,right,1,0.0138,0,6262.8423,30.14085,8752.8162,30.16459,1273.8836,30.13397,5904.9433,30.09973
0,45,left,0,-0.1408,0,5536.35,30.14763,541.7025,30.16964,10660.3044,30.13497,7120.7914,30.09831
0,46,left,1,-0.2392,0,9288.2486,30.14803,3711.8538,30.17156,13292.4946,30.13915,8409.746,30.10253
0,47,right,1,0.2304,0,7463.3433,30.14933,12474.996,30.17221,1332.2621,30.14364,5656.5632,30.10569
0,48,right,1,0.2036,0,2012.5634,30.15334,3906.2714,30.17764,-522.0326,30.14392,1099.853,30.10689
0,49,right,0,0.1016,0,11260.8268,30.15781,13378.5541,30.18381,2263.4592,30.14402,3387.7011,30.10795
0,50,right,1,0.2288,0,10583.8079,30.16269,14184.0662,30.18803,1701.6987,30.14492,4182.202,30.1079
0,51,right,0,0.097,0,6037.6193,30.16614,7260.5118,30.19347,-2452.921,30.14484,-2071.1059,30.10816
0,52,right,0,0.0906,0,3189.0337,30.17241,5366.3424,30.1996,-2129.1975,30.14674,1005.3634,30.10907
0,53,left,1,-0.0326,0,948.4878,30.17855,-4546.6579,30.20562,8903.4272,30.14826,5382.1806,30.10955
0,54,left,1,-0.2136,0,4360.9243,30.17808,2940.1051,30.20836,10844.0507,30.15122,7569.2031,30.11449
0,55,left,0,-0.1104,0,9212.8358,30.18138,7998.231,30.20999,13863.3606,30.15654,12300.61,30.11817
0,56,right,1,0.0148,0,7729.4001,30.17975,10567.5826,30.21012,542.0602,30.16044,5020.0088,30.12248
0,57,right,1,0.0086,0,4810.1228,30.18578,6826.7398,30.21427,-26.9098,30.16168,3749.9788,30.12079
0,58,left,0,-0.1468,0,11350.8203,30.19201,3205.5961,30.21922,12708.8045,30.16265,7647.7832,30.11925
0,59,left,1,-0.244,0,8869.718,30.1925,2077.9665,30.22144,14244.3014,30.16542,8277.3031,30.12275
0,60,right,0,0.1262,0,8574.2163,30.19138,10369.1909,30.22058,4032.8909,30.16952,5641.1331,30.12572
0,61,left,1,-0.2448,0,11322.6603,30.19763,3998.7199,30.22684,9584.1099,30.16981,4234.4555,30.12481
0,62,right,1,0.008,0,-1408.9674,30.19632,1190.9583,30.22534,-842.623,30.17226,3813.865,30.12689
0,63,right,1,0.2054,0,8536.1171,30.20374,12213.3512,30.23068,4247.9141,30.1751,7338.7472,30.12724
0,64,right,1,0.2342,0,7537.7407,30.20835,11126.232,30.23695,363.2951,30.17502,3875.5407,30.12781
0,65,left,1,-0.2536,0,1761.4342,30.21196,-3547.5777,30.24229,12759.9623,30.17556,7041.675,30.12864
0,66,right,1,0.2248,0,5076.9642,30.21245,8715.6339,30.24256,-1187.9312,30.18009,2360.695,30.13191
0,67,left,0,-0.1196,0,9770.1999,30.21714,3787.0335,30.24863,10938.007,30.18047,7040.1053,30.13281
0,68,right,0,0.0906,0,2430.3066,30.21538,4433.6143,30.24896,680.9643,30.18473,3807.2773,30.13744
0,69,right,1,0.0022,0,4873.1016,30.22039,8231.5668,30.25355,2298.7472,30.18586,7059.7965,30.13779
0,70,right,0,0.0968,0,5430.953,30.22758,6220.3694,30.25883,4121.1556,30.18754,5182.0602,30.13681
0,71,right,0,0.099,0,6667.1765,30.23358,8695.2578,30.26445,5509.8497,30.18778,7867.9254,30.13609
0,72,left,1,-0.2444,0,653.5604,30.23872,-3372.9093,30.26929,12118.4119,30.18959,6976.2018,30.13715
0,73,left,1,-0.0126,0,3442.5256,30.24015,-1050.9434,30.27029,8978.3555,30.19415,6575.0698,30.14069
0,74,left,1,-0.2078,0,4530.9569,30.23889,3755.9188,30.27239,13147.197,30.19744,9205.0424,30.14564
0,75,right,1,0.005,0,6042.1587,30.23919,8803.8674,30.27198,921.9152,30.2022,4502.9917,30.14949
0,76,right,1,0.1956,0,8728.4736,30.24581,11796.8805,30.27619,6775.3156,30.20338,10019.8498,30.14842
0,77,right,1,0.227,0,6599.7728,30.25062,9677.9582,30.28299,4246.6938,30.20274,6857.6553,30.14841
0,78,left,1,-0.239,0,11156.9855,30.2571,5146.6373,30.29125,6368.2809,30.20155,3493.2557,30.1481
0,79,left,1,-0.236,0,502.0181,30.25559,-837.115,30.2899,11056.619,30.20654,7706.1008,30.15165
0,80,right,1,0.0124,0,7385.2875,30.25817,10436.8889,30.29142,-1535.4355,30.21127,3263.7843,30.15516
0,81,left,1,-0.0234,0,9965.3174,30.26394,3093.9796,30.29556,7573.1638,30.21383,3984.7618,30.15511
0,82,left,0,-0.1196,0,5503.4385,30.26142,393.0938,30.29655,11321.3988,30.21689,7101.123,30.16046
0,83,right,1,0.2142,0,8673.4133,30.26196,11314.0653,30.2983,3403.9682,30.22084,5247.227,30.16486
0,84,right,0,0.0726,0,3765.1063,30.26497,6729.6577,30.30252,4023.0634,30.22073,8404.8887,30.16567
0,85,right,1,0.217,0,7882.1033,30.27031,12460.4107,30.30748,-2843.9415,30.22219,-571.8771,30.16644
0,86,left,0,-0.1208,0,6431.2615,30.275,930.6856,30.31325,7544.8387,30.22218,4479.3363,30.16738
0,87,left,1,-0.0246,0,8036.8507,30.27397,2899.0262,30.31392,7757.4133,30.22824,5570.607,30.17308
0,88,left,1,-0.0406,0,6188.306,30.27306,300.4647,30.31619,11737.0429,30.23238,8228.5368,30.17878
0,89,left,1,-0.0252,0,4793.4725,30.27171,-9.3988,30.31751,6154.8845,30.23491,3613.457,30.18247
0,90,right,1,0.2182,0,1445.3735,30.27095,2909.0557,30.31916,3779.577,30.23784,6669.796,30.1863
0,91,right,1,-0.0276,1,7502.9773,30.27625,8692.8067,30.32621,430.3631,30.23661,3423.6535,30.1851
0,92,right,1,-0.029,1,10445.796,30.32168,10924.892,30.37855,6838.0607,30.30962,8497.3664,30.27264
0,93,right,0,0.0736,0,4004.9251,30.36503,6686.1104,30.42814,1843.04,30.3865,4864.6595,30.36208
0,94,left,0,-0.0988,0,5030.3383,30.36879,-270.057,30.43131,11374.7875,30.38571,7591.4078,30.36036
0,95,right,1,-0.0086,0,11592.0007,30.36913,12005.461,30.43299,1659.6916,30.38846,3478.7295,30.36356
0,96,left,1,-0.2094,0,9131.5741,30.37479,5512.8754,30.43716,8916.4348,30.38989,5804.0837,30.36237
0,97,left,0,-0.0878,0,5184.4071,30.37315,1954.3882,30.43538,10672.7728,30.3944,7980.4019,30.36575
0,98,right,0,0.1016,0,8278.8686,30.37113,9012.23,30.43459,2957.1518,30.39696,3461.876,30.3685
0,99,right,1,-0.0126,0,9723.1081,30.37492,11652.4737,30.43739,3090.4552,30.39654,6198.766,30.36674
1,0,left,1,-0.1412,0,24092.1938,30.38099,14071.8055,30.44151,26472.0601,30.39606,18338.1592,30.36364
1,1,left,1,0.0418,1,9505.8666,30.37436,1146.8377,30.43708,12816.0531,30.39798,8274.9091,30.36603
1,2,left,1,-0.1386,0,6833.7988,30.46454,7065.7744,30.51194,13828.0906,30.44385,12070.8462,30.40422
1,3,left,1,0.0494,1,7602.3269,30.46368,1716.648,30.50981,11622.7545,30.44708,8933.9061,30.40621
1,4,left,0,-0.0202,0,7924.259,30.54766,5789.8774,30.57852,13032.3945,30.49027,10975.5731,30.44183
1,5,right,1,0.2178,0,9678.2699,30.54413,11594.4148,30.57627,6645.7633,30.49276,6961.3291,30.44496
1,6,right,1,0.2252,0,9949.8442,30.54669,12270.1479,30.57921,4879.2154,30.4902,7252.002,30.44325
1,7,left,0,-0.0358,0,8031.6455,30.55011,7374.4846,30.58402,6143.1648,30.48781,5561.1035,30.44159
1,8,left,1,-0.1558,0,5985.6279,30.54863,5622.9666,30.58363,7808.1459,30.48959,6534.7407,30.44415
1,9,left,1,0.0456,1,9556.0005,30.54636,3340.5315,30.58082,12244.94,30.49349,9066.6484,30.4469
1,10,right,0,0.0994,0,12257.4399,30.63566,14306.605,30.65489,8140.7968,30.53854,11134.8909,30.48434
1,11,left,0,-0.0258,0,8154.0176,30.639,7056.1746,30.65758,12497.7833,30.53822,11005.1411,30.48341
1,12,right,0,0.1014,0,11885.0714,30.6347,13139.7016,30.65458,7624.6227,30.54047,9184.6831,30.48637
1,13,left,1,0.0678,1,7676.5456,30.63845,2302.5772,30.65765,12887.0227,30.53925,10447.0554,30.48469
1,14,left,1,-0.128,0,7156.1885,30.72824,8444.1557,30.733,10865.3374,30.58326,9920.4221,30.52196
1,15,right,0,0.0928,0,13573.3857,30.72697,14566.5434,30.73068,8657.4985,30.5864,8975.7146,30.52442
1,16,right,0,0.0822,0,9849.6584,30.73196,11555.44,30.7353,7612.3644,30.58398,9842.2471,30.52141
1,17,left,1,-0.1384,0,3628.8358,30.73585,3196.4625,30.7387,12818.7125,30.58135,10360.4279,30.51805
1,18,left,1,0.067,1,8852.4119,30.73274,3692.9582,30.73492,10326.8782,30.58425,7668.6711,30.5202
1,19,left,1,0.06,1,10637.3894,30.81544,6260.5148,30.80411,11299.9356,30.62643,8930.8795,30.55541
1,20,left,1,0.0706,1,11893.3748,30.89691,7055.3359,30.87499,11038.6986,30.66746,8037.343,30.591
1,21,right,1,-0.0052,0,5917.8314,30.97604,7995.9731,30.94328,4988.762,30.70973,8589.2237,30.62749
1,22,right,0,0.06,0,10338.5272,30.97905,11400.471,30.94423,7329.334,30.70801,9162.3283,30.62331
1,23,left,0,-0.0272,0,9949.4579,30.98085,7047.5406,30.94544,9117.1618,30.70625,7071.8696,30.62103
1,24,right,1,-0.0234,1,12688.0114,30.97555,14150.2367,30.94142,4028.7073,30.70864,7939.948,30.62385
1,25,left,1,0.0608,1,9520.4381,31.01773,5625.9807,30.98804,9168.6635,30.78037,7235.2434,30.70327
1,26,right,1,-0.015,0,10019.2097,31.10599,12031.4293,31.0653,4216.5776,30.82261,8177.2196,30.73994
1,27,left,0,-0.0176,0,13843.2156,31.10833,11258.9843,31.06619,7693.1809,30.81904,6287.0957,30.7343
1,28,left,1,-0.1368,0,9073.8412,31.10233,7238.8776,31.06131,14786.533,30.82025,11562.241,30.73633
1,29,right,1,-0.0152,0,12784.8691,31.09598,14284.0172,31.05435,3789.9081,30.82381,7213.954,30.73884
1,30,right,1,0.187,0,7384.0225,31.09835,8259.9315,31.05477,7088.8517,30.82155,7940.6824,30.73449
1,31,left,0,-0.036,0,8981.3791,31.0985,7583.48,31.0563,15157.8299,30.81657,13231.4467,30.73139
1,32,left,0,-0.0164,0,10739.9371,31.09307,8342.6723,31.05222,10761.2477,30.81765,8985.6982,30.73331
1,33,left,1,0.0648,1,11349.2819,31.08654,6802.3145,31.04719,10189.4858,30.81871,7633.3304,30.73509
1,34,right,0,0.0754,0,11987.6706,31.16716,12882.4546,31.11564,7138.1973,30.8584,9033.3805,30.7687
1,35,right,0,0.072,0,11310.6622,31.1696,13129.439,31.11779,6947.016,30.8556,9085.4496,30.76542
1,36,right,0,0.0716,0,5988.3246,31.17044,7026.6917,31.11814,10030.1263,30.85139,11515.8363,30.76074
1,37,right,1,0.1944,0,2900.102,31.17276,4209.2294,31.12029,4086.3793,30.84942,6786.1685,30.75838
1,38,left,1,0.059,1,8024.1196,31.17378,1746.2593,31.12272,11659.9926,30.84583,8477.2854,30.75625
1,39,left,0,-0.0188,0,9304.9269,31.25109,8081.9269,31.18858,13784.7597,30.88453,12247.7224,30.78954
1,40,right,1,0.1864,0,7558.0793,31.24296,10544.9719,31.18187,7959.6085,30.8864,11487.0886,30.79184
1,41,right,1,0.1916,0,7213.0019,31.24502,10144.3521,31.18523,8366.9803,30.88116,10750.3075,30.78799
1,42,right,1,0.1788,0,8489.6293,31.24636,10109.5177,31.18811,6717.4067,30.87696,8534.3346,30.78534
1,43,left,1,0.0586,1,9150.8306,31.24645,3493.4764,31.18972,9212.4803,30.87253,5694.0629,30.78255
1,44,right,0,0.081,0,9904.4412,31.33179,12052.7677,31.26237,4906.7074,30.91468,8276.4509,30.81783
1,45,left,1,-0.1578,0,10742.1416,31.33241,7075.8684,31.26275,12175.0523,30.91038,8844.9392,30.81324
1,46,left,1,0.053,1,10884.0966,31.32671,5762.9049,31.25655,11754.9007,30.91098,8974.1279,30.81327
1,47,left,0,-0.0408,0,12569.0604,31.40506,9365.9283,31.32455,13961.2042,30.95119,11546.9812,30.84847
1,48,left,1,-0.1468,0,10088.4009,31.39508,5432.9177,31.31674,13999.2369,30.95188,9654.3587,30.84995
1,49,right,1,0.1858,0,11122.8153,31.38661,12593.8056,31.30864,7474.3191,30.95341,6391.4258,30.85066
1,50,left,1,-0.1504,0,10043.4933,31.38623,7201.0889,31.30915,10227.8632,30.9477,7524.0005,30.84664
1,51,right,1,-0.0172,0,9279.7733,31.38088,11205.8699,31.30303,5386.4736,30.94962,9944.9886,30.84738
1,52,right,0,0.0726,0,12469.3216,31.38274,12420.1351,31.3033,9361.8634,30.94578,9186.6335,30.84167
1,53,left,0,-0.0442,0,12045.2332,31.38328,9237.318,31.3035,10574.2695,30.9419,8704.3763,30.83767
1,54,right,0,0.0862,0,11994.7491,31.37619,13160.4503,31.29807,7410.9342,30.94216,8613.893,30.83865
1,55,right,1,0.1774,0,11854.5837,31.37596,14213.0832,31.29748,3567.659,30.93695,4501.3067,30.83334
1,56,right,1,-0.0128,0,11032.1973,31.37548,12199.02,31.29878,4902.2131,30.93084,7983.0826,30.82908
1,57,left,0,-0.0376,0,10480.2713,31.37624,7438.7945,31.29819,14321.6412,30.92876,11283.6408,30.8252
1,58,right,0,0.0768,0,12955.7002,31.36743,14024.2213,31.29142,7040.6262,30.92886,8753.7488,30.82629
1,59,left,1,-0.1568,0,9224.2543,31.36844,5726.8715,31.29195,12639.851,30.92456,8905.2067,30.82179
1,60,right,1,-0.0128,0,8191.337,31.36114,8893.7907,31.28439,6746.2979,30.92562,8998.9993,30.82239
1,61,left,1,0.0682,1,9533.0569,31.36174,5100.6798,31.28356,12068.1204,30.92233,9644.3465,30.81711
1,62,right,1,-0.0144,0,4257.4917,31.44431,8081.1512,31.35578,4296.6579,30.96367,9492.3396,30.85329
1,63,left,1,0.0518,1,9489.2026,31.44462,4339.5748,31.35434,10908.2432,30.96047,7888.5505,30.84848
1,64,right,0,0.0676,0,13345.4122,31.52237,15107.6944,31.4213,5276.0607,31.00093,8082.4643,30.88316
1,65,left,1,0.0618,1,12846.1272,31.5226,5617.4176,31.42144,13931.328,30.99625,10054.1526,30.87824
1,66,left,0,-0.0442,0,9384.3125,31.60397,7216.3955,31.49232,12252.3032,31.03753,10530.408,30.91409
1,67,right,0,0.0966,0,5817.915,31.59368,6866.6365,31.48454,10106.9876,31.03757,11999.5079,30.91507
1,68,left,0,-0.059,0,8558.1077,31.59305,6496.793,31.48358,15288.9879,31.03417,13033.4374,30.91189
1,69,right,0,0.084,0,13071.6318,31.58405,13352.602,31.47688,4558.063,31.0326,4337.7145,30.91179
1,70,right,0,0.0546,0,11094.8528,31.58427,12670.8975,31.47699,9454.7616,31.02627,11573.866,30.90548
1,71,right,0,0.0784,0,15676.4354,31.58389,16046.5594,31.47644,4523.4165,31.02103,5045.0989,30.90006
1,72,left,0,-0.0418,0,13844.1456,31.58295,10655.8194,31.47547,13837.7579,31.01543,11176.3397,30.89464
1,73,left,0,-0.0394,0,14508.5582,31.57305,8485.8104,31.46757,9790.7256,31.01692,6631.5059,30.8968
1,74,right,1,0.184,0,8516.3521,31.56296,10499.6539,31.46005,7823.1152,31.01768,9073.7334,30.89847
1,75,left,0,-0.0252,0,12800.0158,31.56194,9661.4087,31.46009,12040.1227,31.0107,9808.8625,30.89281
1,76,right,1,-0.0248,1,13041.5182,31.55238,14018.9671,31.4529,7437.719,31.01138,10555.0957,30.89446
1,77,left,1,0.041,1,11006.3356,31.59245,4614.2734,31.49606,12101.2172,31.08548,8435.0356,30.97506
1,78,right,0,0.089,0,7533.0361,31.67224,8851.6828,31.56487,8649.6677,31.12727,10830.3549,31.01096
1,79,right,0,0.0706,0,15458.38,31.67057,17027.7918,31.56312,5956.3456,31.12213,7913.3383,31.00604
1,80,right,0,0.0868,0,9921.1039,31.67147,12487.2708,31.5639,5407.2742,31.11699,8866.4364,31.0007
1,81,left,0,-0.0624,0,15064.1304,31.66922,10452.7951,31.56133,13600.6171,31.11045,10379.1422,30.9938
1,82,left,1,-0.1564,0,13945.0678,31.6591,10069.552,31.55327,12694.0074,31.11133,9799.5843,30.99564
1,83,left,0,-0.0404,0,12812.9348,31.65274,7622.0388,31.54648,13629.0997,31.11316,10162.9497,30.99576
1,84,right,0,0.0892,0,6621.5075,31.64383,6718.0263,31.53959,11980.5257,31.11293,12712.6294,30.99638
1,85,left,1,0.052,1,10784.9056,31.64346,5754.4959,31.53934,11367.0904,31.10702,9320.1905,30.99066
1,86,left,0,-0.0654,0,8554.0561,31.72695,6441.2841,31.6112,14322.6996,31.14938,11763.5119,31.02769
1,87,left,1,0.0492,1,11015.8351,31.71778,6703.5954,31.60393,11949.0245,31.1495,9568.0909,31.02829
1,88,right,0,0.0982,0,9680.6003,31.79552,10750.0545,31.67193,8830.0852,31.18925,10858.6621,31.0626
1,89,right,0,0.081,0,10285.5818,31.79326,12795.2784,31.66976,4607.5953,31.18393,8495.0348,31.05694
1,90,left,0,-0.0554,0,10863.1774,31.79111,6552.9831,31.6675,16522.5892,31.17607,12879.7144,31.04889
1,91,left,1,-0.1632,0,9141.2501,31.78015,4830.3444,31.65874,11509.4194,31.17589,7924.1282,31.04954
1,92,left,1,0.0352,1,10749.4419,31.77214,7026.8107,31.65074,10664.3545,31.17533,7895.9566,31.04847
1,93,right,1,0.2052,0,9987.2494,31.85097,13225.5668,31.7191,2680.9435,31.21781,6132.9872,31.08498
1,94,right,1,0.1906,0,8457.0961,31.8487,10172.8212,31.71847,8907.285,31.20939,10691.9029,31.07829
1,95,right,1,-0.0114,0,11367.2044,31.84604,12785.5646,31.71724,6470.7882,31.20125,9702.6554,31.07217
1,96,left,1,-0.1796,0,11678.9369,31.84484,7086.5766,31.7149,13970.5364,31.19593,9912.2847,31.06539
1,97,right,1,-0.0186,0,12196.7164,31.8357,13650.137,31.70607,9352.7475,31.19669,12725.726,31.06529
1,98,left,0,-0.0474,0,12855.1679,31.83629,7783.6508,31.70565,16177.1341,31.19171,12319.6902,31.05898
1,99,right,0,0.0854,0,13560.23,31.82503,13724.0504,31.69732,9011.2327,31.19142,8897.2411,31.05965
2,0,right,1,0.2621,0,17150.9567,31.82405,21181.2808,31.69652,7194.3948,31.18616,12279.8141,31.05454
2,1,left,1,-0.1215,0,6053.7217,31.81788,-218.0172,31.69084,11274.3713,31.1772,6152.5395,31.04468
2,2,right,1,0.3189,0,9371.3642,31.808,15841.7928,31.68228,1843.0072,31.17876,10429.4586,31.04562
2,3,right,1,0.0799,0,5358.897,31.8044,7695.6706,31.68011,-4177.706,31.17184,2197.7794,31.03952
2,4,right,1,0.2973,0,9245.1156,31.80475,15873.7407,31.67976,1490.7904,31.16689,9533.0333,31.0326
2,5,left,0,-0.0085,0,12970.701,31.80377,6722.1315,31.67964,11008.3923,31.1597,6786.0156,31.02702
2,6,left,1,-0.0869,0,9082.4919,31.79119,3899.1244,31.66987,11576.2406,31.16027,6887.0934,31.02849
2,7,right,1,0.3021,0,4357.3605,31.78062,9368.2294,31.66061,-1235.391,31.16238,4568.5043,31.03035
2,8,left,1,-0.0791,0,8889.8907,31.77858,2503.0197,31.66031,14889.0783,31.15564,9076.5162,31.02554
2,9,left,1,-0.0841,0,9415.2188,31.76837,2692.2453,31.65114,10087.8561,31.15566,5296.1717,31.02531
2,10,left,0,0.0239,1,9899.7951,31.75702,2037.6923,31.64134,14138.787,31.15754,8488.5912,31.02649
2,11,right,0,0.1931,0,5959.3301,31.84078,11237.2218,31.71581,2267.4974,31.20217,10438.7171,31.06582
2,12,left,1,-0.1029,0,12446.4129,31.84011,5081.055,31.71483,11296.7181,31.1963,6050.3813,31.05939
2,13,left,1,-0.1023,0,7924.6767,31.82846,1734.7931,31.70463,9514.885,31.19763,5237.647,31.05997
2,14,left,1,-0.0839,0,9107.8826,31.81738,3574.276,31.69511,10844.9302,31.19782,6305.7578,31.05964
2,15,right,0,0.1953,0,4116.3569,31.80769,7082.6479,31.68651,4210.4331,31.19764,8602.3783,31.05938
2,16,left,0,0.0007,0,9623.7061,31.80751,2846.4368,31.68636,12198.5281,31.19206,7753.0938,31.05364
2,17,left,0,0.0223,1,9233.9214,31.79575,3953.0678,31.67774,11453.2844,31.1921,7878.9949,31.05469
2,18,right,1,0.3027,0,6583.3505,31.88197,12369.9292,31.75271,1724.0252,31.23596,9604.9539,31.09362
2,19,right,0,0.1767,0,9543.8478,31.88014,12366.6328,31.75326,3656.7129,31.22789,8551.0614,31.08665
2,20,left,0,-0.0015,0,8051.4762,31.87783,-565.6554,31.7508,9378.4835,31.22248,4215.7052,31.08088
2,21,left,1,-0.0953,0,10247.8048,31.86674,3802.2135,31.74288,13522.8473,31.22119,8121.2614,31.08058
2,22,left,0,0.0205,1,9220.0329,31.85361,463.6295,31.73123,9481.3397,31.22174,4353.6911,31.08064
2,23,left,1,0.0957,1,5419.536,31.93516,805.3831,31.80297,7698.6761,31.26282,4806.2561,31.11745
2,24,left,0,0.0013,0,14599.5391,32.01685,6615.6453,31.87378,16112.1006,31.30676,10904.666,31.15556
2,25,left,1,0.1053,1,8864.9837,32.00242,6922.715,31.86268,11144.1897,31.30745,10585.6954,31.15678
2,26,left,1,0.0991,1,7494.2879,32.08446,945.3657,31.9342,11543.2949,31.34907,7543.3487,31.19431
2,27,right,0,0.2159,0,5068.995,32.16742,10784.0062,32.00773,-1267.3559,31.39277,7438.9821,31.23265
2,28,left,1,0.0809,1,10616.402,32.16468,6705.7714,32.00513,12411.4694,31.38601,10618.0691,31.22576
2,29,right,1,0.1063,0,10288.6776,32.24661,12630.0504,32.07466,3329.8688,31.42725,8635.2224,31.26175
2,30,right,1,0.2817,0,-711.3562,32.24389,5275.4369,32.07126,3084.31,31.41958,11226.3334,31.25267
2,31,right,0,0.2047,0,4258.0451,32.24184,9502.6529,32.07023,-1132.0572,31.41294,6815.7489,31.24729
2,32,right,0,0.2053,0,6248.2146,32.23977,11451.6501,32.06829,-2078.0789,31.40568,5817.7328,31.23959
2,33,right,0,0.2027,0,4245.2048,32.23787,10172.7951,32.06681,3843.271,31.3996,13300.0608,31.2334
2,34,right,0,0.1999,0,8659.7863,32.23535,14935.118,32.06441,1477.267,31.39227,11219.2891,31.22561
2,35,left,0,-0.0409,0,12926.7716,32.23314,3407.033,32.06269,15515.174,31.38493,9103.0981,31.21851
2,36,right,1,0.0979,0,6542.8857,32.21902,9259.5594,32.05183,51.0645,31.38462,4211.6589,31.21898
2,37,left,1,0.0881,1,3510.0598,32.21724,-3253.6068,32.04841,5459.4209,31.37871,1359.9127,31.21132
2,38,left,0,-0.0373,0,10921.7381,32.29637,2466.6907,32.11798,11176.3139,31.42233,5928.7812,31.2496
2,39,right,1,0.3169,0,4437.3954,32.28167,10487.172,32.10782,-248.0212,31.42108,9380.257,31.2495
2,40,left,1,0.0877,1,8022.485,32.27765,819.8097,32.10514,10341.6797,31.41286,6055.2941,31.24299
2,41,right,1,0.3081,0,3270.2583,32.36277,10756.9334,32.17802,4615.9682,31.45761,16011.4098,31.28199
2,42,left,1,-0.1463,0,8697.4877,32.35855,-1435.2737,32.17605,10087.5908,31.44904,3403.5677,31.27579
2,43,right,0,0.2241,0,8687.1895,32.34343,15995.661,32.16367,2192.833,31.4483,13192.2127,31.27485
2,44,right,0,0.1923,0,8773.3172,32.34079,14399.9824,32.16112,562.626,31.43939,8917.7944,31.26618
2,45,left,1,-0.1253,0,12857.3515,32.33715,1113.1785,32.15806,14869.3141,31.43331,6657.8018,31.26011
2,46,left,0,-0.0277,0,14669.8358,32.32281,4943.9535,32.14526,12698.9131,31.43244,6544.7337,31.25864
2,47,left,1,0.0799,1,10173.9541,32.30735,2806.357,32.13377,8408.5382,31.43106,4328.7422,31.25853
2,48,left,1,-0.1249,0,3462.9133,32.38852,-4162.0871,32.20479,15045.4022,31.47322,8251.5298,31.2965
2,49,left,0,-0.0179,0,15186.4629,32.37501,3949.9029,32.19374,13892.7457,31.47209,6598.9337,31.29558
2,50,left,0,-0.0293,0,12786.0397,32.35861,2199.5939,32.18125,9899.5016,31.47127,3696.1123,31.29545
2,51,left,1,-0.1231,0,9618.1044,32.34272,2458.8657,32.16958,10400.3084,31.46873,5642.2575,31.29444
2,52,right,0,0.2231,0,6769.2728,32.3292,13822.3649,32.15752,1645.8903,31.46804,12347.2842,31.29322
2,53,right,0,0.1889,0,10169.7156,32.32617,14399.7148,32.1546,3117.5201,31.45995,9478.4573,31.28518
2,54,right,1,0.3205,0,10533.9407,32.32233,17900.2385,32.15112,4634.1768,31.4514,14034.0512,31.27682
2,55,left,0,-0.0465,0,9619.9787,32.31859,455.3923,32.14869,14496.4855,31.44177,7607.756,31.26843
2,56,right,0,0.2337,0,8145.7128,32.30252,14493.0369,32.13674,870.5787,31.43971,10368.5364,31.26805
2,57,right,1,0.3013,0,10670.9331,32.29968,15231.2282,32.13392,4885.9911,31.43221,11071.4047,31.26032
2,58,left,1,-0.1335,0,13689.9327,32.29467,2136.2263,32.13069,15050.2848,31.42249,7051.2839,31.25188
2,59,right,1,0.0841,0,9310.6798,32.2816,11637.8725,32.11893,1584.9099,31.42179,5220.2536,31.25085
2,60,right,1,0.0737,0,5993.2708,32.27925,6422.1327,32.11507,3336.96,31.41521,4913.3984,31.24298
2,61,right,1,0.0733,0,7051.3666,32.27834,7487.6289,32.11267,-4068.4743,31.40912,-1878.4138,31.23555
2,62,left,1,-0.0915,0,10127.8135,32.27744,4830.6929,32.1111,9643.3919,31.40403,5487.7342,31.22975
2,63,right,0,0.1991,0,6589.9377,32.26334,11696.8222,32.09885,3574.7773,31.40416,11073.3255,31.22978
2,64,left,1,0.1019,1,6623.2385,32.2605,3278.405,32.09596,9063.3833,31.39737,7108.5839,31.22317
2,65,left,0,-0.0291,0,12448.9914,32.33968,3647.0629,32.16555,14838.0393,31.44028,8797.76,31.26103
2,66,right,0,0.2339,0,8124.0771,32.32461,12701.3927,32.15388,-130.442,31.43817,6039.4104,31.26014
2,67,right,1,0.0941,0,5475.0298,32.3216,9249.6822,32.15063,1787.9054,31.43125,8337.4257,31.25326
2,68,left,1,-0.1417,0,7852.4903,32.31913,-596.9019,32.1471,11308.3624,31.42472,4963.4765,31.24552
2,69,right,0,0.2111,0,6304.3303,32.30362,10250.1981,32.13445,1424.6754,31.42386,6715.2575,31.24443
2,70,right,0,0.1589,0,6711.2062,32.30194,9925.7415,32.13286,763.2359,31.41619,5252.8459,31.23667
2,71,right,1,0.0793,0,6060.7537,32.3001,7706.8274,32.13173,241.8771,31.40925,4196.7539,31.2301
2,72,left,1,0.1011,1,5075.2626,32.29825,2435.7081,32.1286,12397.3432,31.4031,10904.6099,31.22273
2,73,right,0,0.2051,0,4768.0993,32.37847,7355.4512,32.20043,1581.3743,31.44618,4641.1987,31.26151
2,74,right,1,0.2899,0,7252.1312,32.37593,11936.6551,32.19748,7016.6041,31.43909,13559.9898,31.2542
2,75,left,0,-0.0469,0,15696.1424,32.37174,5812.4885,32.19461,15238.4021,31.42905,8678.1637,31.24553
2,76,right,1,0.0975,0,7822.1527,32.35482,11289.8012,32.18167,6148.73,31.42782,11467.8739,31.24583
2,77,left,1,0.0987,1,12072.9935,32.35214,7446.604,32.17726,8987.1885,31.42141,6287.8455,31.23783
2,78,right,0,0.2201,0,5950.0782,32.43181,10305.8481,32.2464,2010.7309,31.46452,8886.3702,31.276
2,79,left,0,-0.0643,0,16246.8429,32.42904,4323.7019,32.24351,2248.2168,31.45857,-3766.4646,31.26987
2,80,right,0,0.2101,0,6828.8401,32.41148,12704.3391,32.23077,-1185.7302,31.46005,8386.6439,31.27228
2,81,left,1,0.0993,1,8064.6745,32.40846,4565.4818,32.22778,7406.3734,31.45203,5867.9271,31.26411
2,82,left,1,0.0867,1,7540.3143,32.48635,1184.6548,32.29337,8922.6503,31.49293,5543.0227,31.29937
2,83,right,0,0.2103,0,8714.5958,32.5663,13998.6224,32.36185,1227.1923,31.53388,8726.3012,31.33537
2,84,right,1,0.1071,0,3385.6778,32.56266,5254.0851,32.35817,1010.3708,31.52779,5700.2855,31.32969
2,85,right,1,0.0773,0,9561.0697,32.56075,12961.4637,32.35578,2279.6362,31.5204,7183.3978,31.32102
2,86,right,0,0.1689,0,13632.7286,32.55784,16243.2832,32.35167,4142.3162,31.51294,7315.5395,31.3135
2,87,right,0,0.2089,0,9384.4734,32.55378,14725.5762,32.34806,-2606.1676,31.50559,5375.6324,31.3062
2,88,left,1,0.0621,1,9888.9929,32.55034,2902.9303,32.34493,11952.4106,31.49702,8108.2049,31.29789
2,89,right,0,0.1989,0,5382.0958,32.62841,10569.0337,32.41234,125.7145,31.53815,8078.8655,31.33381
2,90,right,1,0.2893,0,5674.7231,32.62444,10910.7857,32.40881,5254.7891,31.5316,10196.4495,31.32746
2,91,left,0,-0.0729,0,14528.8163,32.62108,2918.2983,32.40646,18856.98,31.52279,10684.2183,31.32049
2,92,right,0,0.2151,0,3901.9108,32.60337,12037.2091,32.39325,5495.7211,31.52163,17468.9646,31.32006
2,93,left,1,0.0853,1,10744.3002,32.59818,5732.1026,32.38845,12365.1565,31.51275,9899.4062,31.31116
2,94,left,0,-0.0621,0,15056.4343,32.67602,3993.3232,32.45441,15950.8662,31.5546,9166.3251,31.34816
2,95,right,0,0.2175,0,7153.7991,32.65799,14014.6364,32.44087,-855.398,31.5524,9132.6558,31.34717
2,96,left,0,-0.0633,0,15715.7365,32.65366,2878.1141,32.43676,13900.9509,31.54394,5867.813,31.33929
2,97,left,1,-0.1461,0,3352.0685,32.63558,-2600.3411,32.42324,13255.5193,31.54279,7332.1643,31.33945
2,98,right,0,0.2035,0,8295.2735,32.62141,15643.4324,32.41218,-1250.337,31.54152,9670.1972,31.33842
2,99,right,1,0.3067,0,10841.096,32.61711,16971.3356,32.40786,4366.0947,31.53303,13201.4592,31.32999
3,0,left,0,-0.0802,0,18090.2733,32.61168,12768.5037,32.4041,23295.4378,31.52329,18814.5631,31.32196
3,1,left,0,-0.106,0,12902.0208,32.58875,-2891.1462,32.38707,11069.1184,31.51872,606.4472,31.31914
3,2,left,1,-0.1766,0,14395.4945,32.57206,2220.6099,32.3756,17667.4419,31.51765,8033.5135,31.32036
3,3,left,0,-0.0734,0,13205.3815,32.55485,-1084.3254,32.36217,18598.5363,31.5161,8780.6059,31.31959
3,4,left,0,-0.0842,0,16074.9432,32.53849,1426.7641,32.35116,17134.6505,31.51361,7599.5345,31.31911
3,5,right,1,0.0158,0,12449.7513,32.52125,12668.8994,32.33892,4265.2736,31.51132,5034.5976,31.31865
3,6,left,0,-0.0468,0,20774.0603,32.51827,4640.066,32.33496,18786.8465,31.5036,8534.561,31.31068
3,7,left,0,-0.0788,0,19646.3846,32.50152,5777.9654,32.32414,16960.5889,31.50186,7740.3387,31.31088
3,8,right,1,0.2276,0,4776.7128,32.48461,9836.1938,32.31241,2975.9285,31.49966,9377.3275,31.31082
3,9,left,1,-0.154,0,14168.3695,32.48086,-98.3694,32.30997,15754.4461,31.49177,6190.9968,31.30476
3,10,right,1,0.2322,0,6789.0609,32.46458,13606.0986,32.29679,2229.6972,31.49079,11992.3101,31.30397
3,11,left,0,-0.0636,0,17020.7687,32.46067,646.3266,32.29446,18787.3507,31.48147,8319.6585,31.29639
3,12,left,1,0.0628,1,2590.5575,32.44294,-3164.0253,32.28205,13189.5343,31.47802,9962.1008,31.29548
3,13,right,1,0.2452,0,2596.4716,32.52081,8814.8199,32.35173,5761.4851,31.51931,14085.5148,31.33362
3,14,right,1,0.0352,0,10024.7836,32.51614,11851.8882,32.34775,-247.1153,31.50896,3393.6371,31.3244
3,15,left,1,0.0508,1,10077.4291,32.51216,2738.9243,32.34305,13391.1835,31.50164,8944.7518,31.31614
3,16,left,0,-0.0922,0,21524.991,32.59388,8109.255,32.41419,13716.7101,31.54457,5482.2072,31.35345
3,17,left,1,0.0452,1,6839.7289,32.57609,3256.5835,32.40098,12251.4145,31.54234,9731.4406,31.35276
3,18,left,0,-0.0914,0,20117.0051,32.6538,5389.979,32.47028,15361.7256,31.585,6456.5516,31.39103
3,19,left,1,0.0384,1,4734.461,32.63631,70.1286,32.45809,13721.6989,31.5838,10234.7155,31.39094
3,20,left,1,0.041,1,7597.0066,32.71792,1181.2776,32.52937,13248.7276,31.62824,9908.8809,31.43039
3,21,right,0,0.1506,0,591.9101,32.79614,4538.0774,32.59937,1624.4168,31.67009,8762.357,31.46865
3,22,left,1,-0.1844,0,16905.7781,32.79185,1398.056,32.59502,14091.3477,31.66072,3558.5045,31.4585
3,23,right,1,0.05,0,7208.688,32.774,10016.2721,32.58148,4396.7463,31.65737,9125.6037,31.45606
3,24,left,1,-0.189,0,16980.8807,32.77001,607.0686,32.57636,17779.3334,31.64825,6601.0308,31.44596
3,25,left,1,0.0314,1,6379.1847,32.75072,127.922,32.5617,9606.8249,31.645,6031.7965,31.44375
3,26,right,0,0.1458,0,7304.3223,32.83029,12624.4912,32.6319,3976.9672,31.68814,11795.0062,31.48273
3,27,right,0,0.1696,0,7031.412,32.82472,14880.7649,32.6261,2989.9277,31.67857,14103.8469,31.47274
3,28,right,0,0.1468,0,7392.0564,32.81753,12931.8523,32.61913,2008.7818,31.66863,10852.2436,31.46233
3,29,right,1,0.0486,0,8357.7424,32.8129,9253.3135,32.61444,8255.0457,31.65985,11313.7366,31.45288
3,30,right,1,0.0648,0,1718.8876,32.80939,5945.7567,32.61055,4216.4644,31.65197,11142.8593,31.44446
3,31,left,0,-0.1078,0,16400.0411,32.80552,2058.7866,32.60555,17478.2717,31.64241,7488.085,31.43345
3,32,left,0,-0.09,0,16044.505,32.78544,1603.7798,32.59121,13467.2176,31.63838,4054.8796,31.43156
3,33,right,0,0.1296,0,2943.6695,32.76657,11187.7434,32.5784,-5279.7239,31.63515,7969.7245,31.43056
3,34,left,0,-0.083,0,17365.7201,32.76259,1438.5659,32.57441,17842.3334,31.62745,7348.9667,31.42258
3,35,left,1,0.0254,1,8348.2708,32.74542,1752.2678,32.56222,10538.1314,31.62398,6414.6744,31.42086
3,36,right,0,0.1578,0,7628.9692,32.82532,13040.0827,32.63081,5401.5731,31.66411,13505.5221,31.45625
3,37,right,1,0.2674,0,6905.6132,32.82143,14674.5473,32.62696,6153.3749,31.65505,16817.998,31.44697
3,38,left,1,-0.1792,0,15808.1184,32.81619,750.1345,32.62233,19074.7054,31.64448,8112.8005,31.43749
3,39,right,1,0.032,0,11220.7502,32.79845,13809.7789,32.60853,-693.133,31.6412,3276.6036,31.43555
3,40,right,0,0.148,0,12839.2071,32.79474,17097.8254,32.60349,3897.954,31.63413,9589.7245,31.42801
3,41,left,0,-0.1148,0,17129.0695,32.79073,3031.8118,32.59951,16393.6009,31.62516,7075.6498,31.4188
3,42,left,0,-0.0654,0,10088.1901,32.77232,-2701.4195,32.58653,16082.8712,31.62291,7209.7345,31.41802
3,43,right,0,0.1236,0,7202.6411,32.75433,14391.2695,32.57371,187.6316,31.61871,11672.8384,31.41601
3,44,left,0,-0.0864,0,16260.4498,32.74954,1643.4049,32.56859,16651.5636,31.60982,7138.9068,31.4067
3,45,left,1,-0.1758,0,15403.6658,32.73003,2257.0812,32.55499,22480.3921,31.60583,11904.3384,31.40498
3,46,left,1,0.0662,1,9350.1281,32.71312,2688.0848,32.54055,14632.0391,31.6027,11005.4136,31.40233
3,47,left,1,0.0346,1,8038.5161,32.79537,480.386,32.61432,10093.3379,31.64606,5370.3336,31.44199
3,48,right,1,0.2484,0,9710.0648,32.87608,16836.3056,32.68431,1853.0074,31.6896,11888.227,31.48027
3,49,left,1,0.0368,1,7651.516,32.86969,3457.0343,32.67898,5347.7659,31.67953,4270.4815,31.47138
3,50,left,0,-0.1268,0,16988.6782,32.94716,2108.0998,32.7447,17889.9008,31.72013,7490.0553,31.50736
3,51,left,0,-0.0812,0,16060.9707,32.92615,3330.152,32.72902,19945.2037,31.71659,10885.4727,31.50544
3,52,left,0,-0.1368,0,19476.5794,32.9057,4325.4217,32.71522,21414.7016,31.71391,11174.0773,31.50517
3,53,right,0,0.1798,0,5466.1936,32.88518,12853.1513,32.69999,-7389.2258,31.71191,3712.9527,31.50418
3,54,left,1,-0.192,0,14296.9247,32.87904,441.4483,32.69382,15632.1795,31.70392,5751.2407,31.49569
3,55,left,1,-0.1888,0,18465.1086,32.85915,4064.4236,32.67806,16448.337,31.70106,6751.2785,31.49356
3,56,right,0,0.1696,0,9925.4826,32.84054,17651.7898,32.6626,1240.7326,31.69851,12534.0141,31.49109
3,57,left,1,-0.1952,0,14108.484,32.83599,-613.0535,32.6576,15029.4886,31.68884,5096.2498,31.48062
3,58,right,1,0.2278,0,11389.9873,32.81765,17985.8556,32.64364,3932.6116,31.68663,10800.1625,31.47919
3,59,left,1,-0.191,0,17673.5287,32.81279,2643.6714,32.63963,10926.6937,31.67655,1388.2342,31.47071
3,60,left,1,-0.203,0,19363.1438,32.79414,5099.4702,32.62426,13276.2962,31.67507,3964.0599,31.46943
3,61,right,0,0.1404,0,2426.6387,32.77716,10737.1476,32.61043,953.9052,31.67279,13211.2163,31.46769
3,62,right,1,0.2878,0,5396.099,32.77275,12593.3184,32.60606,1397.4867,31.66388,10303.1849,31.45831
3,63,right,1,0.2322,0,12686.6687,32.76762,18397.8365,32.60296,3459.6361,31.65404,9762.7507,31.45061
3,64,left,0,-0.0956,0,8729.4484,32.76451,-7012.5021,32.6015,19994.1653,31.64337,9119.8282,31.44137
3,65,left,1,0.0392,1,3989.1915,32.74703,-3513.8678,32.58997,11568.3543,31.6411,6583.2417,31.44121
3,66,left,0,-0.079,0,19508.9662,32.82592,5288.436,32.65741,21106.576,31.68245,11736.3139,31.47682
3,67,right,1,0.2324,0,8837.4409,32.80676,16411.5662,32.64312,-1951.8332,31.67885,7071.9931,31.47502
3,68,right,1,0.2472,0,7605.9005,32.80186,14726.2057,32.63865,-1993.3521,31.67005,7948.8288,31.46738
3,69,left,1,0.0436,1,7676.0726,32.79562,3319.5555,32.6337,10055.7211,31.66224,7769.1513,31.46142
3,70,right,1,0.2578,0,11793.4675,32.87525,16820.6865,32.70199,5433.6421,31.70717,11921.256,31.50071
3,71,left,0,-0.0976,0,15774.3222,32.86838,1579.4095,32.69647,17033.8425,31.69659,7735.8326,31.49167
3,72,left,1,0.0232,1,5180.5685,32.8501,-1618.9462,32.68391,15001.0829,31.69472,10645.9328,31.49184
3,73,left,0,-0.0946,0,23031.9997,32.9278,11453.7417,32.75207,17528.8589,31.73596,10185.697,31.52888
3,74,right,0,0.148,0,7245.3681,32.90754,15872.2921,32.73731,-5204.3219,31.73176,7357.6325,31.5269
3,75,left,1,0.0474,1,11303.0509,32.90296,4839.8508,32.73216,7815.2119,31.72347,5141.8428,31.51908
3,76,right,1,0.243,0,7847.5185,32.9825,14012.0318,32.79933,1971.7134,31.76455,10756.6987,31.55505
3,77,left,1,-0.189,0,16586.6577,32.97759,1947.1141,32.79569,18465.8039,31.75465,8129.2824,31.54626
3,78,right,0,0.1584,0,-7601.4618,32.95766,1474.0707,32.77941,2139.514,31.75057,15411.347,31.54336
3,79,left,1,0.0354,1,7524.017,32.95352,1847.6019,32.77437,9303.9915,31.74178,5386.7585,31.5341
3,80,right,1,0.2492,0,2871.6184,33.0284,10435.2842,32.83949,1377.4988,31.78358,12004.1198,31.57038
3,81,right,1,0.0574,0,2392.1734,33.02312,6476.1921,32.8357,-917.8923,31.77276,5950.1929,31.56079
3,82,left,1,0.0236,1,4408.4463,33.01869,-3462.0529,32.83046,7138.2874,31.76354,2727.9022,31.55048
3,83,left,1,-0.1908,0,14022.9619,33.10109,3311.6136,32.90132,18348.0556,31.80719,9991.37,31.58909
3,84,left,1,-0.212,0,16037.5326,33.08131,2173.7606,32.88502,8575.2729,31.805,464.8155,31.58734
3,85,left,0,-0.103,0,15449.9945,33.06063,1729.7927,32.86876,17326.4555,31.8031,7626.6085,31.58621
3,86,right,0,0.1486,0,10471.9894,33.03969,17646.3185,32.85368,-2018.5652,31.79815,8124.0269,31.58359
3,87,left,0,-0.0886,0,12856.5866,33.03377,-1878.3707,32.8474,11685.1677,31.78954,2144.8648,31.57501
3,88,right,0,0.1504,0,6774.8388,33.01397,14899.6308,32.83317,152.9066,31.78638,11426.3507,31.57411
3,89,right,1,0.047,0,6449.2558,33.00977,10225.5669,32.82822,1849.5999,31.77678,8576.6343,31.56415
3,90,right,1,0.268,0,10233.5245,33.00637,18099.4394,32.82381,-1791.9141,31.76873,8480.53,31.55537
3,91,left,0,-0.1234,0,23141.3502,32.99988,5757.496,32.81839,16244.2724,31.7584,5352.7703,31.54612
3,92,right,0,0.1714,0,102.9564,32.97915,7417.0515,32.803,1348.7347,31.75566,12020.4126,31.54462
3,93,right,1,0.0474,0,6133.2485,32.97462,9809.1806,32.79801,-1159.4583,31.74625,5121.1612,31.5349
3,94,left,1,0.0372,1,9845.1399,32.9728,953.5101,32.79461,10123.0639,31.73736,5821.8333,31.52526
3,95,right,1,0.0486,0,8805.1407,33.05251,13453.2558,32.86384,2071.5151,31.77878,9554.6747,31.56296
3,96,right,1,0.0482,0,6166.7265,33.04811,9496.3216,32.85858,4911.3753,31.76927,10980.2635,31.55317
3,97,left,1,0.0236,1,6403.7982,33.04348,46.7341,32.85307,13310.2359,31.75887,9673.1183,31.54191
3,98,left,0,-0.1,0,20408.1475,33.12515,8227.945,32.92292,17134.8742,31.80121,9083.9591,31.57961
3,99,right,1,0.0618,0,5439.0329,33.10353,8420.3392,32.90763,-755.1669,31.79814,4652.1671,31.57847
4,0,right,1,0.2436,0,16295.2159,33.09908,23346.995,32.90204,3090.64,31.79018,9692.4882,31.56942
4,1,left,0,-0.091,0,15499.7792,33.08729,8300.3445,32.88953,16068.9083,31.77806,10654.8393,31.55646
4,2,right,0,0.1264,0,13394.7319,33.06843,16016.2307,32.87542,8807.2011,31.77575,12099.6861,31.55576
4,3,right,1,0.0282,0,12686.146,33.06371,14760.7712,32.87103,4837.1065,31.76674,9422.7229,31.54751
4,4,left,0,-0.1064,0,14918.9236,33.05818,6122.2591,32.86442,15835.528,31.75735,9645.6148,31.53647
4,5,right,0,0.134,0,14967.602,33.03959,16684.5862,32.85026,6511.242,31.75436,8341.1359,31.53537
4,6,left,1,-0.1936,0,15265.7355,33.03437,5480.2379,32.84515,17958.8338,31.74475,10040.4282,31.52628
4,7,left,0,-0.098,0,15619.7086,33.01768,7428.3659,32.83076,14608.3585,31.74286,9049.6462,31.52456
4,8,right,1,0.024,0,11708.8292,32.99917,13178.401,32.8168,7571.8258,31.73958,11171.1173,31.52278
4,9,right,0,0.11,0,13397.188,32.99596,14187.1625,32.81253,9313.3633,31.72962,10009.7216,31.51172
4,10,left,1,0.0186,0,11288.4981,32.99206,3495.4697,32.80877,13573.7514,31.71986,8927.5275,31.50272
4,11,left,0,-0.075,0,16231.5223,32.97466,7964.0652,32.79698,17417.9465,31.7166,11645.7312,31.50226
4,12,right,1,0.211,0,9249.7248,32.95638,14175.4885,32.78243,6117.2264,31.71457,11466.4401,31.50157
4,13,left,1,-0.165,0,15750.6828,32.95189,8458.5831,32.7796,16298.1913,31.70378,10359.8121,31.49335
4,14,right,1,0.2114,0,10803.1919,32.93468,14129.7793,32.76419,6942.1112,31.70151,10562.4128,31.49135
4,15,right,1,0.2018,0,11517.3639,32.92906,15143.4462,32.76023,4501.3349,31.69164,7262.2381,31.48414
4,16,left,1,-0.1546,0,14894.1506,32.92475,4621.6787,32.75715,15398.2777,31.68097,8522.8558,31.47516
4,17,left,0,-0.0682,0,14398.6486,32.90736,7232.8461,32.74184,13937.1486,31.67902,9270.6768,31.47305
4,18,right,1,0.029,0,13610.521,32.89165,15477.2855,32.72962,6373.9852,31.67588,9479.8051,31.47139
4,19,right,1,0.0244,0,11418.9711,32.88816,13210.763,32.72488,4146.1833,31.6683,8011.7831,31.46268
4,20,right,0,0.095,0,11417.1037,32.88476,12239.9774,32.72059,10617.652,31.66173,11286.0311,31.45507
4,21,left,0,-0.0746,0,12552.8506,32.88085,3733.0062,32.7165,14598.9692,31.65371,8445.0545,31.4477
4,22,left,1,-0.1598,0,12923.274,32.86327,7436.6273,32.70262,13142.2663,31.65074,8893.0088,31.4463
4,23,left,0,-0.036,0,14771.1171,32.84961,8228.3168,32.68961,13006.7399,31.65047,9086.4081,31.44546
4,24,right,1,0.0204,0,9407.6431,32.83289,11593.5464,32.67643,4377.4272,31.64775,8517.5296,31.44422
4,25,left,1,-0.1578,0,16287.2504,32.83088,6950.7518,32.67295,16497.7622,31.64023,9763.0187,31.43528
4,26,right,0,0.1126,0,11654.9848,32.81548,13205.0306,32.65875,7658.8028,31.63865,9591.1823,31.43366
4,27,left,1,0.0514,1,6978.1211,32.81139,441.7565,32.65431,15345.3543,31.63139,11772.0969,31.42661
4,28,left,0,-0.0404,0,19125.4862,32.88148,14628.2595,32.71449,17372.1953,31.67176,14233.1503,31.46246
4,29,left,0,-0.056,0,17242.859,32.86454,9878.4936,32.70124,16414.6954,31.66872,11515.0689,31.46098
4,30,right,1,0.2266,0,9867.0539,32.8483,13226.4845,32.68843,4362.1529,31.66639,7408.7999,31.46008
4,31,left,0,-0.05,0,16769.5234,32.84277,10268.3915,32.68355,18156.3706,31.6565,13342.2618,31.45197
4,32,left,1,-0.154,0,13388.8431,32.82688,5518.6582,32.67083,11184.9128,31.65565,6446.0084,31.45238
4,33,right,1,0.216,0,11364.2178,32.81099,14966.3617,32.65687,4548.3283,31.65421,7061.5835,31.45106
4,34,right,1,0.013,0,10265.4932,32.80682,12496.5539,32.65388,6511.3543,31.64601,11031.9029,31.44508
4,35,left,1,-0.1686,0,14353.944,32.8046,7930.2633,32.65047,18484.992,31.63788,12583.0988,31.43592
4,36,right,0,0.1156,0,9362.9574,32.78945,10491.6739,32.63559,7964.7349,31.63763,10097.0261,31.43529
4,37,left,1,-0.1472,0,12720.0365,32.78601,5858.3206,32.63217,18597.1001,31.62913,12321.644,31.42704
4,38,left,1,-0.1508,0,11993.979,32.77077,5414.2998,32.61788,16426.0174,31.62711,10731.0659,31.42535
4,39,right,1,0.0154,0,7932.2784,32.75623,10702.9827,32.60424,6383.6638,31.62751,10195.5234,31.42513
4,40,left,1,-0.1544,0,13798.8233,32.75258,8283.983,32.59872,11865.0675,31.62113,7891.014,31.41757
4,41,left,1,0.0566,1,9119.0535,32.74012,2505.4962,32.58669,13944.8754,31.61961,10294.4897,31.416
4,42,right,1,0.2346,0,8171.2232,32.81311,12045.9858,32.6492,1806.8312,31.65883,6778.4091,31.45026
4,43,left,0,-0.0542,0,13619.5567,32.80798,7565.4445,32.64535,14352.6531,31.64998,10000.6584,31.44354
4,44,right,1,0.0216,0,13175.9985,32.79207,15077.5584,32.63247,2773.7865,31.64875,7149.6396,31.44364
4,45,left,0,-0.062,0,13033.8413,32.78974,9462.6514,32.62843,14382.9338,31.6417,11561.5144,31.43504
4,46,left,0,-0.0422,0,16631.1322,32.7732,9414.9619,32.61553,12972.963,31.63914,8928.8368,31.43406
4,47,right,1,0.015,0,9165.2906,32.75675,10141.4889,32.60263,10071.6917,31.63664,12450.7389,31.43338
4,48,right,0,0.0986,0,14868.7331,32.75425,14602.0262,32.59868,9486.8741,31.63019,8532.7374,31.42618
4,49,left,1,0.0544,1,8211.4816,32.75189,2458.865,32.59569,14512.1541,31.62233,11452.7397,31.41898
4,50,left,0,-0.0666,0,12625.7604,32.82591,5919.5401,32.65923,18490.6293,31.66065,13083.5384,31.45262
4,51,left,1,0.042,1,10231.3416,32.80984,5104.1954,32.64605,14890.9149,31.65836,12181.8531,31.45162
4,52,right,1,0.0162,0,13150.4682,32.88603,15880.8575,32.71255,6078.958,31.69728,11631.0149,31.48656
4,53,left,0,-0.0722,0,14789.6527,32.88222,6805.5296,32.7077,15358.0214,31.68862,9795.4361,31.47691
4,54,right,1,0.019,0,13624.6656,32.86495,14487.2204,32.69443,6326.707,31.68636,8254.8127,31.47647
4,55,right,1,0.0282,0,4964.5055,32.8624,7906.3724,32.69062,6710.6914,31.67831,11384.1536,31.4673
4,56,right,1,0.0188,0,12326.0186,32.85934,13653.923,32.68607,3206.1796,31.67169,6475.7583,31.46023
4,57,left,0,-0.0682,0,14434.3781,32.85626,7056.9597,32.68198,15911.8715,31.6648,10847.1561,31.4522
4,58,right,0,0.1126,0,10903.6171,32.83988,12620.8058,32.66919,8026.0719,31.66417,10023.3946,31.45313
4,59,right,1,0.0194,0,7314.4476,32.83791,8817.3364,32.66679,9244.9015,31.65551,12135.6305,31.44486
4,60,left,1,0.0336,1,14860.8607,32.83567,6522.8893,32.66277,13478.5471,31.64812,9156.3026,31.43633
4,61,right,1,0.2122,0,9127.7008,32.9115,12660.054,32.72824,3235.2321,31.68877,7294.0051,31.47242
4,62,left,1,-0.173,0,11033.2122,32.90579,3882.257,32.72383,14105.19,31.67894,8438.53,31.465
4,63,right,1,0.017,0,13348.0646,32.88851,14752.5466,32.70861,1802.625,31.67785,5224.1115,31.464
4,64,left,1,-0.1562,0,13783.9206,32.8856,4363.6896,32.70472,15037.5516,31.67094,8217.2221,31.45587
4,65,right,1,0.2022,0,10207.5651,32.86995,14578.0924,32.69055,2151.5571,31.66991,7029.6171,31.45474
4,66,right,1,0.224,0,10227.8241,32.86473,13260.8892,32.68632,6000.0408,31.66084,8689.1786,31.44777
4,67,right,1,0.2002,0,11020.9518,32.86022,12765.8732,32.68332,7309.6779,31.6522,8371.3293,31.44177
4,68,left,0,-0.0372,0,14353.2097,32.85565,9576.5352,32.68004,12115.6701,31.64337,9399.5267,31.43496
4,69,right,1,0.2096,0,10113.1614,32.84054,13368.2291,32.6687,5589.835,31.64202,8869.7436,31.43504
4,70,right,0,0.0974,0,15417.2518,32.83647,16351.1779,32.66595,8610.7948,31.63366,9591.3737,31.42905
4,71,left,1,-0.146,0,15279.9775,32.83402,8274.7363,32.66355,12775.1558,31.62534,8076.2474,31.42122
4,72,right,1,0.011,0,12699.6309,32.81854,13305.1671,32.64989,3877.6348,31.62503,6641.0692,31.42058
4,73,right,0,0.1072,0,12390.0808,32.81653,13029.5861,32.64668,7916.7499,31.61778,8085.7588,31.41204
4,74,left,1,-0.1592,0,14008.9133,32.81349,5823.1794,32.64328,17313.5437,31.60978,11125.8303,31.40455
4,75,right,0,0.1078,0,12604.0924,32.79844,13992.7193,32.62951,7319.0335,31.60854,9094.6163,31.40318
4,76,left,1,0.0528,1,9840.9409,32.79495,2090.0744,32.62575,13244.3578,31.60171,8999.8137,31.39702
4,77,left,0,-0.0602,0,13131.0862,32.8698,7804.3835,32.6899,16776.0996,31.64239,12538.6145,31.43262
4,78,left,1,-0.1494,0,13753.835,32.85414,7379.02,32.67724,16625.4732,31.6409,11146.6413,31.43288
4,79,left,0,-0.0512,0,13367.6019,32.83828,7027.8094,32.66305,18263.0171,31.63969,13709.6402,31.43182
4,80,left,1,-0.1366,0,13381.014,32.82303,6804.9207,32.65115,15431.1845,31.63981,10157.0476,31.43306
4,81,left,1,0.0594,1,14480.8025,32.81101,5694.4194,32.64008,13519.1145,31.63806,9376.866,31.43167
4,82,left,1,0.0448,1,12209.4608,32.88482,5586.3762,32.70387,15364.2394,31.67693,11497.8765,31.46653
4,83,left,1,-0.1598,0,13493.3721,32.96238,7913.232,32.77236,15431.073,31.71866,10454.9209,31.5037
4,84,left,1,-0.1698,0,11178.8433,32.94418,5144.3247,32.75682,18105.9951,31.71743,12122.1667,31.50279
4,85,left,1,-0.1748,0,13055.4468,32.92944,3521.7761,32.74362,17306.203,31.71512,9625.0826,31.50082
4,86,left,1,0.0392,1,12530.2669,32.91282,4149.9818,32.72842,13509.3537,31.715,8836.0636,31.49994
4,87,right,1,0.2214,0,7122.0715,32.99108,12651.7566,32.79622,2998.676,31.75623,10823.7758,31.53655
4,88,left,1,-0.1786,0,11795.3485,32.98611,5834.595,32.79287,13269.9553,31.74657,8931.0161,31.52918
4,89,left,1,-0.181,0,13377.4968,32.96949,5853.5338,32.779,16230.1222,31.7433,9836.0964,31.52632
4,90,right,0,0.1078,0,10234.3603,32.95255,12939.9827,32.76426,6195.828,31.74224,10009.436,31.52534
4,91,left,0,-0.0718,0,12995.0448,32.94865,3759.5202,32.7603,9917.8485,31.73392,4287.6211,31.51752
4,92,left,0,-0.044,0,15783.7705,32.93164,7198.1207,32.74727,12915.6223,31.73131,7879.4767,31.51681
4,93,left,1,-0.1696,0,14109.3162,32.9145,5178.2563,32.73385,17556.5912,31.72932,10620.7737,31.51624
4,94,right,0,0.1034,0,14311.9215,32.89859,15322.2054,32.71953,8080.1287,31.72763,9531.0911,31.51445
4,95,left,1,0.0466,1,12088.6932,32.89463,5526.9903,32.71545,13966.7136,31.72058,10741.8793,31.50807
4,96,right,0,0.1146,0,11659.9908,32.96777,13802.6284,32.77964,7858.3432,31.75914,11488.3319,31.54309
4,97,right,0,0.0952,0,11664.2701,32.96403,13742.5164,32.7757,7690.9046,31.74956,10987.8658,31.53381
4,98,right,1,0.018,0,9497.3227,32.96061,10857.4897,32.77244,7356.4681,31.74024,10521.7489,31.52499
4,99,right,0,0.122,0,13507.789,32.95935,14724.7525,32.77003,10988.5492,31.73278,11893.1997,31.51644
