ep,t,good_side,explore,v,correct,e_ll,g_ll,e_lr,g_lr,e_rl,g_rl,e_rr,g_rr
0,0,left,1,-0.2056,0,10088.6963,30.0,2946.5101,30.0,16308.9397,30.0,9492.1678,30.0
0,1,right,1,0.0134,0,5749.4478,29.99788,8638.3887,29.99992,-1671.2521,30.00286,3554.9894,30.00293
0,2,left,1,-0.0486,0,5964.6819,30.00601,-1305.7835,30.00633,9165.4691,30.00566,4713.3838,30.00192
0,3,right,0,0.1376,0,9125.0719,30.00635,14103.4776,30.01016,3123.6249,30.00813,10697.3672,30.00596
0,4,right,1,0.2378,0,3252.4997,30.01251,6971.6469,30.01685,2926.4947,30.00944,7604.3123,30.00543
0,5,right,1,0.2232,0,2846.6683,30.0188,6295.4286,30.02539,2814.0562,30.00983,7080.4245,30.00702
0,6,right,0,0.1034,0,5026.7176,30.02372,6886.6427,30.03211,795.9326,30.01008,3362.3109,30.00807
0,7,right,0,0.1132,0,7448.4148,30.03016,9770.4909,30.03863,3811.7497,30.01263,6843.4791,30.00904
0,8,left,1,-0.0412,0,4043.0092,30.03693,-876.3636,30.04532,9195.7545,30.01307,5182.4888,30.00771
0,9,left,1,-0.218,0,9419.1869,30.03803,5077.0189,30.0493,8808.9879,30.01687,4501.1094,30.0127
0,10,right,0,0.107,0,10939.8356,30.03993,14017.2944,30.05029,3194.2836,30.02269,7047.2692,30.01689
0,11,right,1,0.2354,0,8952.6022,30.04537,12988.2969,30.0557,1934.2913,30.0235,4321.7329,30.01606
0,12,right,0,0.1034,0,5657.2857,30.05113,7864.8874,30.06345,3000.9,30.0246,5859.8033,30.01802
0,13,right,1,0.2316,0,7571.6298,30.05683,10968.4606,30.06893,4231.8644,30.02455,7953.0453,30.01663
0,14,left,0,-0.1182,0,2104.4496,30.06251,-614.0229,30.07671,13235.2665,30.02452,9990.7604,30.01761
0,15,left,0,-0.1266,0,6933.3818,30.06466,2662.0142,30.08002,11991.1823,30.02909,7901.2874,30.02238
0,16,left,0,-0.1248,0,3464.2582,30.06484,1095.7762,30.08175,11416.6168,30.03307,8415.361,30.02673
0,17,right,1,0.2226,0,4195.5,30.06587,8373.9769,30.08449,-2288.9511,30.03664,2476.017,30.03076
0,18,left,0,-0.1234,0,3245.678,30.07111,-106.2129,30.09185,13296.4946,30.03764,9541.5788,30.03197
0,19,right,1,0.0226,0,9449.8839,30.07253,12006.7621,30.09482,-755.4031,30.04086,4195.2649,30.03559
0,20,right,1,0.0112,0,8063.3578,30.07842,10669.8843,30.09935,-775.5298,30.04385,3818.6802,30.03555
0,21,left,1,-0.2504,0,5073.7592,30.08474,2224.8146,30.10418,12022.9009,30.0447,7310.7075,30.03339
0,22,right,0,0.124,0,7179.1781,30.08739,9453.7344,30.10609,2074.1218,30.04942,5998.3445,30.03714
0,23,left,0,-0.1146,0,7959.5588,30.09332,5636.26,30.11198,11165.5485,30.05141,8903.7541,30.03734
0,24,left,0,-0.129,0,4484.4849,30.09413,913.8357,30.11437,9563.2903,30.05523,5882.2226,30.04165
0,25,left,1,-0.243,0,3385.8857,30.096,-1841.1492,30.1177,12715.7798,30.05854,6464.7538,30.04554
0,26,left,1,-0.2278,0,8134.5234,30.09994,2924.7786,30.12043,10084.7711,30.0622,5346.4471,30.04805
0,27,right,1,0.233,0,7224.578,30.10151,11154.6375,30.12129,-213.5229,30.06585,3905.6826,30.05057
0,28,left,1,-0.2492,0,4925.5377,30.10623,-171.7691,30.12787,8430.4656,30.06655,3385.0266,30.05153
0,29,right,1,0.009,0,6711.5978,30.10796,9256.5579,30.1289,89.7827,30.07087,4630.0887,30.05472
0,30,left,1,-0.2524,0,6246.5928,30.11523,2912.7541,30.13388,13699.8563,30.07418,8698.4708,30.05484
0,31,right,1,0.2436,0,8064.8847,30.11676,12527.6885,30.13483,3274.4261,30.07807,7702.0054,30.0576
0,32,left,1,-0.2458,0,4165.9222,30.1212,-278.035,30.14079,10762.7629,30.07813,5431.6061,30.05835
0,33,left,1,-0.2344,0,-137.0499,30.12649,-3578.0906,30.14432,14661.8901,30.08202,8026.0939,30.0609
0,34,right,1,0.0134,0,5382.0213,30.1299,7263.8356,30.14665,1079.7362,30.08691,5587.7722,30.06445
0,35,right,0,0.0994,0,8062.0074,30.13682,11486.7689,30.15204,824.7967,30.08936,4830.8244,30.06393
0,36,left,1,-0.0428,0,7230.766,30.1436,1677.3007,30.15846,10177.3823,30.0918,6288.7342,30.06503
0,37,left,0,-0.1158,0,4680.4015,30.14454,484.6499,30.16227,7561.2998,30.09459,4256.2372,30.06948
0,38,right,1,0.014,0,7754.4203,30.14661,9892.9676,30.16539,4100.1237,30.09817,7947.8491,30.0736
0,39,right,1,-0.0048,0,6548.915,30.1543,7840.8755,30.171,4892.118,30.10007,8852.6737,30.07247
0,40,right,1,0.2022,0,10123.3795,30.16193,13009.2446,30.17769,3674.6335,30.1019,4354.6241,30.07152
0,41,left,0,-0.1044,0,3388.7487,30.16616,2204.4287,30.18358,12441.6694,30.10153,9482.9971,30.07247
0,42,right,0,0.107,0,6511.5468,30.1684,9843.6254,30.18675,-2662.652,30.10464,1522.4748,30.07593
0,43,left,1,-0.2496,0,10680.4561,30.17431,5293.2827,30.1927,10950.2901,30.10572,6414.1315,30.07584
0,44,right,1,0.0062,0,6686.9557,30.17443,8114.5445,30.19276,-1361.9148,30.1101,1983.3046,30.0791
0,45,left,0,-0.1402,0,7246.5195,30.18041,3213.9715,30.19717,12416.9683,30.11323,8494.8655,30.07896
0,46,left,1,-0.245,0,7150.1593,30.18325,875.4358,30.20098,14170.7465,30.11696,7666.2635,30.08312
0,47,right,1,0.2214,0,6965.8414,30.18588,12859.0611,30.20282,2824.0687,30.12201,9362.154,30.08656
0,48,right,1,0.2168,0,5052.6975,30.1917,7225.9221,30.20953,2054.0049,30.12097,2601.589,30.08572
0,49,right,0,0.0866,0,9295.2642,30.19614,10954.7125,30.21586,2972.8203,30.12125,3881.5902,30.0871
0,50,right,1,0.2206,0,7501.2862,30.20168,10592.1516,30.22133,4694.73,30.12232,7596.3757,30.08731
0,51,right,0,0.0856,0,6708.5107,30.20628,8749.901,30.22787,1838.756,30.12152,5154.8294,30.08682
0,52,right,0,0.1192,0,10250.7951,30.20972,13157.8029,30.2312,4639.4731,30.12197,7983.5575,30.08627
0,53,left,1,-0.0352,0,5270.4809,30.21654,-718.2849,30.23799,12418.0835,30.12167,6977.4437,30.08461
0,54,left,1,-0.2182,0,3545.4851,30.2179,2849.069,30.24208,8985.5438,30.12457,7185.6383,30.08965
0,55,left,0,-0.1114,0,2668.3095,30.21993,2633.1468,30.24323,7076.4712,30.12858,6359.2619,30.09228
0,56,right,1,-0.0026,0,445.5301,30.22133,2972.246,30.24542,-1356.0086,30.13328,3341.2911,30.09697
0,57,right,1,-0.0128,0,9059.3747,30.22853,10841.2335,30.25039,2165.3763,30.13509,5032.31,30.09586
0,58,left,0,-0.1318,0,7511.0314,30.23507,1685.9773,30.25431,15226.3637,30.13643,10211.0236,30.09404
0,59,left,1,-0.2378,0,5982.9366,30.23595,651.6506,30.25679,8322.6145,30.14183,2907.4644,30.09945
0,60,right,0,0.118,0,9725.7909,30.23842,11966.8397,30.25817,3093.5831,30.14564,5668.2798,30.10266
0,61,left,1,-0.233,0,3207.4708,30.24496,-1001.9862,30.26491,8726.0069,30.14763,3360.5052,30.10313
0,62,right,1,0.0174,0,7737.5835,30.2478,10439.5334,30.26643,-4141.4787,30.15165,1306.7588,30.10627
0,63,right,1,0.2076,0,882.0976,30.25406,1847.278,30.2713,3771.6744,30.1539,5090.5127,30.10548
0,64,right,1,0.2334,0,9994.7482,30.25849,14965.997,30.27773,3638.9002,30.1519,9476.8541,30.10446
0,65,left,1,-0.2448,0,5415.0118,30.26524,-1064.8003,30.28701,10842.0103,30.15067,4642.1657,30.10376
0,66,right,1,0.2266,0,11525.9514,30.26819,14660.0158,30.28878,1698.5071,30.15524,3186.4189,30.10693
0,67,left,0,-0.1248,0,5269.4612,30.27363,1627.1728,30.29622,8828.29,30.15577,5005.4591,30.10798
0,68,right,0,0.1034,0,7219.0516,30.27401,9442.6623,30.29819,1569.3147,30.15887,4512.144,30.11183
0,69,right,1,-0.0018,0,5087.7761,30.27913,8277.5988,30.30318,-2616.1319,30.15977,2763.4638,30.11141
0,70,right,0,0.094,0,6045.5866,30.28531,8544.1921,30.3076,3536.3164,30.16262,7616.8693,30.11122
0,71,right,0,0.0884,0,7821.5559,30.29097,9207.9092,30.31319,-1460.0266,30.16328,-149.8885,30.11116
0,72,left,1,-0.2434,0,3791.1255,30.29611,-1034.6561,30.31796,15704.804,30.16558,8658.6762,30.11244
0,73,left,1,-0.0148,0,4935.3978,30.29914,2160.8936,30.32015,9030.1371,30.16998,7167.1515,30.11593
0,74,left,1,-0.2204,0,1562.1038,30.3,1210.1892,30.32432,6988.8747,30.17274,4516.4206,30.12048
0,75,right,1,-0.0066,0,4504.2492,30.30243,5870.3627,30.32533,-421.4986,30.1786,3752.7912,30.12479
0,76,right,1,0.2048,0,1527.6104,30.30905,2609.718,30.33014,2810.1393,30.18098,4971.3916,30.12451
0,77,right,1,0.2198,0,833.6066,30.31416,5188.233,30.33704,-511.6348,30.18007,5313.535,30.12434
0,78,left,1,-0.2566,0,6386.1661,30.31883,1513.8274,30.34325,12872.8383,30.18032,7170.5109,30.12552
0,79,left,1,-0.2282,0,2097.0977,30.31927,642.1054,30.34323,9508.4295,30.18409,5889.8995,30.12834
0,80,right,1,0.005,0,5771.3907,30.32144,6705.0609,30.34373,1556.2272,30.18844,4427.521,30.13127
0,81,left,1,-0.043,0,-1408.2277,30.32875,-5529.4049,30.34973,11519.3521,30.19153,7419.8999,30.13143
0,82,left,0,-0.1298,0,6590.5027,30.32991,1406.5353,30.35338,11512.0865,30.19425,6460.2549,30.13574
0,83,right,1,0.2166,0,4168.6369,30.33078,6157.8436,30.35536,1127.6514,30.19782,3326.2865,30.1399
0,84,right,0,0.0826,0,7745.7206,30.33555,11300.1385,30.36201,-250.4823,30.19796,4762.8993,30.14108
0,85,right,1,0.2174,0,7499.9761,30.34179,9294.8674,30.36796,3918.0939,30.20039,5146.9153,30.14295
0,86,left,0,-0.1166,0,2947.0226,30.34873,-642.1461,30.37731,12189.8765,30.19952,8182.4869,30.14334
0,87,left,1,-0.0278,0,5935.8064,30.35046,1811.6272,30.3803,8277.3151,30.20246,5090.2279,30.14685
0,88,left,1,-0.0288,0,5003.1008,30.34973,498.7548,30.38302,4119.2104,30.20419,952.4971,30.15101
0,89,left,1,-0.0182,0,7464.0854,30.34783,1909.8015,30.38387,11540.1794,30.20751,7224.5079,30.15597
0,90,right,1,0.2266,0,11259.3188,30.34639,14643.4605,30.38521,2331.544,30.21114,4059.2778,30.16113
0,91,right,1,-0.0306,1,8009.8132,30.35175,9697.2762,30.39189,-4210.6994,30.21178,533.3407,30.16267
0,92,right,1,-0.044,1,6453.3534,30.3957,8670.2461,30.44045,2170.275,30.29532,6855.4371,30.25751
0,93,right,0,0.0406,0,6767.9671,30.438,9427.134,30.48906,4766.5207,30.37808,8774.4406,30.35274
0,94,left,0,-0.0986,0,2236.6582,30.44389,-2818.1844,30.49407,10369.2604,30.3768,5781.1449,30.35013
0,95,right,1,-0.0216,1,9451.6028,30.44367,9736.8197,30.49499,692.4484,30.37985,3961.0459,30.3537
0,96,left,1,-0.229,0,6437.6557,30.48954,3050.4547,30.54479,12010.1236,30.46564,7769.554,30.44977
0,97,left,0,-0.0916,0,9522.6344,30.49058,4297.3878,30.54475,11854.8041,30.46903,7399.485,30.45206
0,98,right,0,0.0708,0,2037.7073,30.49124,3686.9935,30.5463,4833.8682,30.4712,7492.4581,30.45475
0,99,right,1,-0.0392,1,11074.5634,30.49797,11406.9613,30.5523,4045.4685,30.47099,6735.4967,30.45308
1,0,left,1,-0.121,0,18506.1098,30.545,10849.3753,30.60238,27535.5046,30.55554,19195.7953,30.54468
1,1,left,1,0.0954,1,9719.3085,30.54099,3590.2634,30.59985,12133.2327,30.55482,7358.6288,30.54456
1,2,left,1,-0.0944,0,8613.4708,30.62427,7316.0963,30.66888,12085.72,30.60055,9187.0719,30.58049
1,3,left,1,0.0932,1,7248.9414,30.62472,2342.7635,30.66776,12086.0152,30.60287,8602.7585,30.58175
1,4,left,0,0.0128,0,4540.3496,30.70716,5193.9294,30.73606,8969.8086,30.6454,8292.8232,30.6164
1,5,right,1,0.2484,0,8536.5017,30.70585,11245.539,30.73526,3069.7796,30.64651,5534.0029,30.61809
1,6,right,1,0.2464,0,7013.463,30.70891,8896.9237,30.73924,7116.9342,30.64405,9879.1795,30.61668
1,7,left,0,-0.0,0,9066.8065,30.71139,8674.2157,30.7426,9915.0934,30.63997,9291.6402,30.61338
1,8,left,1,-0.1206,0,5396.3966,30.71116,5388.9939,30.74249,9624.4057,30.64253,7790.2474,30.61591
1,9,left,1,0.0916,1,11354.2973,30.71175,7054.2008,30.74081,11440.3495,30.64496,8445.9115,30.61702
1,10,right,0,0.1362,0,11450.0435,30.79022,14414.722,30.80632,7658.3877,30.68854,12391.7808,30.65258
1,11,left,0,0.001,0,9377.0662,30.7947,8202.5672,30.80998,11684.3983,30.68434,9836.7355,30.64757
1,12,right,0,0.1366,0,7815.4301,30.7963,8735.3091,30.81157,6441.3714,30.68492,8381.4518,30.64858
1,13,left,1,0.1068,1,10867.4162,30.80089,6026.6234,30.81552,13144.4518,30.68211,10073.8482,30.64518
1,14,left,1,-0.1188,0,2395.7201,30.88317,1791.8522,30.88443,14939.0325,30.72747,10847.9581,30.68249
1,15,right,0,0.1354,0,9368.0945,30.88371,9535.0734,30.88282,9138.1447,30.72893,9083.5903,30.68313
1,16,right,0,0.1108,0,9162.8966,30.8868,10510.0127,30.88514,6185.0396,30.72404,7912.531,30.67743
1,17,left,1,-0.103,0,11048.9148,30.8909,7781.603,30.8884,12130.3755,30.72046,8865.3762,30.67268
1,18,left,1,0.0866,1,7999.3322,30.88957,3581.8633,30.88591,9240.0871,30.72263,6089.3896,30.67406
1,19,left,1,0.1062,1,10072.055,30.96697,3887.0916,30.95166,15646.3842,30.76501,12007.6825,30.70881
1,20,left,1,0.1052,1,8098.8166,31.04772,4274.5265,31.02047,14735.0219,30.80921,11838.8011,30.74603
1,21,right,1,0.038,0,6735.9841,31.13106,9917.6811,31.09219,1160.4342,30.85538,6688.7939,30.785
1,22,right,0,0.115,0,14337.2005,31.13455,13794.6273,31.09314,12129.1324,30.85113,10462.1339,30.77818
1,23,left,0,0.0198,0,9449.6756,31.13586,8350.13,31.09372,11038.8825,30.84697,9641.485,30.77338
1,24,right,1,0.0352,0,7124.1645,31.13341,8724.409,31.09181,6882.2542,30.84644,9516.5026,30.77364
1,25,left,1,0.0966,1,5878.7267,31.13682,1647.4258,31.09341,14520.3783,30.84549,11569.1903,30.77014
1,26,right,1,0.0392,0,12854.6984,31.21869,14147.6863,31.16399,2704.2147,30.88929,7471.6842,30.80722
1,27,left,0,0.001,0,13328.6471,31.22191,9454.5911,31.16592,14906.1069,30.88529,11297.2563,30.80096
1,28,left,1,-0.1032,0,8877.2921,31.21936,5408.1012,31.16396,12883.3944,30.88568,9176.12,30.8019
1,29,right,1,0.0304,0,8971.1239,31.21592,10057.4521,31.15966,11628.9182,30.88694,13090.2614,30.80206
1,30,right,1,0.2316,0,10394.591,31.21859,13866.305,31.16046,5921.6687,30.88499,10256.4395,30.79763
1,31,left,0,0.0012,0,9875.666,31.21918,7272.9291,31.16275,12509.498,30.87792,10005.6198,30.79231
1,32,left,0,0.0058,0,11515.2847,31.21763,6921.5995,31.16191,15460.5867,30.87889,11157.2746,30.79411
1,33,left,1,0.0926,1,7863.0553,31.21366,2861.8382,31.15854,14090.4134,30.87927,10754.4247,30.79514
1,34,right,0,0.1294,0,11705.0472,31.28628,13188.4596,31.22095,7548.4105,30.92048,9946.4533,30.83019
1,35,right,0,0.1214,0,8159.9539,31.28958,9607.0443,31.22393,7847.8846,30.91509,10079.1552,30.82445
1,36,right,0,0.1188,0,12487.4735,31.29119,13327.6661,31.22513,9447.4317,30.91186,10069.3268,30.82091
1,37,right,1,0.2298,0,12128.0785,31.29469,14403.4183,31.2283,6192.3734,30.9063,7981.9123,30.81495
1,38,left,1,0.0874,1,7828.2176,31.29624,2856.6323,31.23156,12366.8485,30.9006,9136.2725,30.81067
1,39,left,0,-0.0006,0,8499.412,31.37739,7152.8802,31.30057,18018.7285,30.94568,14741.0536,30.8484
1,40,right,1,0.2322,0,8504.5391,31.37283,10732.1344,31.29672,7773.875,30.94679,10272.1355,30.85006
1,41,right,1,0.2456,0,5408.4769,31.37287,8791.6619,31.29827,3503.2922,30.94187,7114.7228,30.84653
1,42,right,1,0.233,0,9359.6788,31.37306,11735.538,31.29957,8119.8873,30.93648,10911.9662,30.84284
1,43,left,1,0.0926,1,8455.5131,31.37332,2776.3647,31.30147,14012.9061,30.93118,10290.9938,30.83934
1,44,right,0,0.1338,0,8000.9887,31.45401,9076.4078,31.36938,9901.0148,30.97476,11953.5514,30.87519
1,45,left,1,-0.1224,0,10966.5785,31.45682,7380.1495,31.3722,11173.3632,30.96967,7290.0886,30.86979
1,46,left,1,0.0932,1,9944.0307,31.45186,3634.915,31.36679,14006.608,30.9708,10416.8299,30.87033
1,47,left,0,0.0014,0,7720.403,31.53077,6655.3242,31.4349,15425.3679,31.01494,13028.3327,30.9083
1,48,left,1,-0.1242,0,14078.6244,31.52546,8902.3886,31.43056,13907.2848,31.01555,9294.0677,30.90934
1,49,right,1,0.2358,0,10086.4266,31.5219,13714.5949,31.42591,6176.96,31.01475,10841.1062,30.90806
1,50,left,1,-0.1306,0,3255.0636,31.52203,2151.8626,31.42757,8863.2678,31.00841,6040.3592,30.90353
1,51,right,1,0.031,0,10148.8321,31.5167,11929.2746,31.42199,6880.7241,31.00907,11404.1248,30.90357
1,52,right,0,0.1346,0,14029.8373,31.51818,14246.186,31.42168,7111.152,31.00459,6931.9516,30.89685
1,53,left,0,-0.0126,0,11218.5244,31.51923,8144.2496,31.42254,13655.6918,31.00076,10783.5628,30.89267
1,54,right,0,0.133,0,9698.7103,31.5132,9501.2979,31.41804,9655.8448,31.00082,8965.3903,30.89348
1,55,right,1,0.2282,0,9000.592,31.51418,10270.7938,31.41867,7361.6983,30.99492,7672.4122,30.88745
1,56,right,1,0.027,0,9456.1941,31.51492,11180.7887,31.42115,6004.8825,30.98836,9441.1472,30.88283
1,57,left,0,0.0,0,15408.0865,31.51724,11580.2639,31.42163,16294.6523,30.98667,12685.755,30.87887
1,58,right,0,0.1186,0,12323.7483,31.51202,12849.8337,31.4178,8518.5166,30.98697,9102.3072,30.8801
1,59,left,1,-0.1206,0,7982.6312,31.51291,2868.5294,31.41828,13753.672,30.98062,8280.7997,30.87366
1,60,right,1,0.0234,0,13065.8751,31.50737,13055.0584,31.4122,8028.1884,30.98072,9198.8637,30.87334
1,61,left,1,0.1024,1,11791.2612,31.50951,4782.7914,31.4125,16806.89,30.97529,11784.0242,30.86582
1,62,right,1,0.0386,0,12559.668,31.58552,13029.6362,31.47826,6627.1384,31.01878,9238.7441,30.90299
1,63,left,1,0.0808,1,11520.2431,31.58877,6026.4252,31.48027,12609.9757,31.01439,8258.1282,30.89654
1,64,right,0,0.1276,0,12134.3109,31.65979,13181.7564,31.5411,9458.7162,31.05505,10928.6121,30.93025
1,65,left,1,0.0902,1,11861.607,31.66025,7204.0085,31.54153,14813.1875,31.05125,11476.6095,30.92657
1,66,left,0,-0.0178,0,8408.3004,31.73691,6491.7122,31.60818,12559.826,31.09435,10189.1863,30.96318
1,67,right,0,0.1456,0,10624.8293,31.73113,11815.708,31.60396,5029.6607,31.09348,6544.0608,30.963
1,68,left,0,-0.0366,0,11637.6871,31.73082,8650.0435,31.60415,10670.9395,31.08803,8104.8103,30.95763
1,69,right,0,0.1374,0,11446.7425,31.7229,12732.4768,31.59817,8189.1775,31.08725,9922.1685,30.95791
1,70,right,0,0.112,0,8660.4487,31.72424,9417.1053,31.59923,7074.9739,31.08008,8354.011,30.95086
1,71,right,0,0.1318,0,7841.8142,31.72499,8668.6969,31.59962,5698.4144,31.07488,7118.0818,30.94533
1,72,left,0,-0.0324,0,9819.2606,31.72531,7076.2252,31.59978,15169.6608,31.06971,11810.2348,30.94022
1,73,left,0,0.0036,0,8761.0567,31.71911,5857.2907,31.59513,13246.3791,31.06931,10233.1486,30.9407
1,74,right,1,0.2282,0,11432.2513,31.7111,14271.5078,31.58943,6442.6779,31.06964,8753.4279,30.94193
1,75,left,0,-0.0014,0,11987.1532,31.7111,8729.8259,31.59116,12969.4827,31.06374,10258.1948,30.9381
1,76,right,1,0.0296,0,8553.5565,31.70496,10392.5723,31.58691,6527.5083,31.06458,10531.6622,30.93968
1,77,left,1,0.0816,1,6554.8094,31.70657,3084.0437,31.58675,11654.0082,31.06119,9191.8924,30.9341
1,78,right,0,0.1406,0,9670.7318,31.78522,10465.8635,31.65443,8443.5197,31.10745,10169.8094,30.97277
1,79,right,0,0.1064,0,9878.1527,31.78477,12184.1394,31.65382,4670.8712,31.10364,8895.392,30.96863
1,80,right,0,0.135,0,11418.3359,31.78518,12183.9657,31.65422,7931.5987,31.09832,8177.1678,30.96321
1,81,left,0,-0.015,0,10725.2054,31.7865,7192.3607,31.65529,14609.5495,31.09175,10917.7905,30.95682
1,82,left,1,-0.1158,0,11110.2198,31.77816,7699.946,31.64922,14571.3411,31.09153,10369.6823,30.95759
1,83,left,0,0.0086,0,10620.599,31.77053,6960.4653,31.64182,16521.5989,31.09206,12543.5575,30.95767
1,84,right,0,0.1156,0,11633.3174,31.76526,12585.3361,31.63823,7589.2965,31.09272,9688.849,30.95915
1,85,left,1,0.099,1,4456.4792,31.76618,1967.7611,31.63911,14718.1559,31.08702,12511.5656,30.9532
1,86,left,0,-0.0166,0,12403.7333,31.84497,9002.7915,31.70626,13720.647,31.13232,10668.6521,30.9911
1,87,left,1,0.091,1,10298.556,31.83817,5808.1768,31.7015,13827.96,31.13152,10380.2063,30.99116
1,88,right,0,0.131,0,12046.3026,31.91138,12915.4949,31.76417,6073.3286,31.17416,7957.8902,31.02685
1,89,right,0,0.1306,0,9540.2848,31.91237,10578.9627,31.76529,5822.269,31.1675,7310.8754,31.02015
1,90,left,0,-0.022,0,7906.0908,31.91243,4913.6231,31.76544,16131.4788,31.16135,12340.7029,31.01417
1,91,left,1,-0.1362,0,12424.1315,31.90487,8794.1671,31.75968,16759.4012,31.16157,12154.2123,31.01506
1,92,left,1,0.0682,1,7314.5176,31.89916,2992.0848,31.75336,10910.6705,31.16066,7997.9534,31.01395
1,93,right,1,0.2462,0,7154.2212,31.97711,9297.3738,31.82045,6235.7182,31.20467,9062.2302,31.05136
1,94,right,1,0.236,0,10095.4331,31.97596,11576.6512,31.82069,7292.1243,31.19681,8733.1381,31.04549
1,95,right,1,0.0392,0,9242.0102,31.9747,11094.1568,31.8208,4787.2223,31.18955,7996.0408,31.04002
1,96,left,1,-0.1416,0,16280.266,31.97455,8017.0057,31.81926,11233.1357,31.18458,5211.1511,31.0335
1,97,right,1,0.0342,0,12835.0196,31.96526,13570.7871,31.81105,8659.9282,31.18424,10824.6643,31.03295
1,98,left,0,-0.0138,0,17385.1972,31.9647,12454.5329,31.80945,16153.9098,31.17818,11884.8742,31.02516
1,99,right,0,0.1326,0,9196.6282,31.95754,10034.8347,31.8043,8950.6676,31.17656,9955.05,31.02466
2,0,right,1,0.2882,0,15769.7404,31.95762,18703.9398,31.80425,11165.0446,31.17115,14036.4802,31.01912
2,1,left,1,-0.0914,0,9729.8457,31.95376,4702.9525,31.80171,11542.8169,31.16093,6242.4795,31.00891
2,2,right,1,0.3274,0,5481.0448,31.94414,10922.4798,31.79297,378.5153,31.16143,8897.8174,31.0088
2,3,right,1,0.1092,0,8390.9147,31.94432,11973.3753,31.79488,424.5596,31.1542,6977.6387,31.00292
2,4,right,1,0.3422,0,9893.7331,31.94543,13201.2774,31.79449,4699.1996,31.15001,8488.8807,30.99732
2,5,left,0,0.0082,0,14863.1654,31.94421,6384.8078,31.79516,15465.5856,31.1418,8675.7794,30.99107
2,6,left,1,-0.0734,0,13321.4295,31.93537,5693.2272,31.78892,14218.0859,31.14196,8249.2641,30.99187
2,7,right,1,0.3256,0,7458.709,31.92779,13774.3676,31.78267,1201.2369,31.14245,10558.3365,30.99208
2,8,left,1,-0.075,0,12283.6346,31.92661,3165.4537,31.78282,13407.5163,31.13541,5852.816,30.9865
2,9,left,1,-0.092,0,9292.9692,31.91616,3289.7866,31.77394,16059.9375,31.13581,9004.912,30.98632
2,10,left,0,0.0458,1,5306.126,31.90784,-711.1055,31.76647,10888.9872,31.13678,5573.9986,30.98678
2,11,right,0,0.2186,0,7945.1105,31.99348,12629.5217,31.83979,2511.9544,31.18339,9936.8597,31.02652
2,12,left,1,-0.0974,0,8705.8455,31.99441,2593.5661,31.84063,13074.9202,31.17586,7079.6081,31.01888
2,13,left,1,-0.0838,0,9919.3369,31.98606,4280.9893,31.83342,12777.2544,31.17712,6786.9959,31.01968
2,14,left,1,-0.0932,0,11380.0715,31.97666,5224.8599,31.82491,15621.9948,31.1774,9439.0085,31.01966
2,15,right,0,0.221,0,10560.1077,31.96756,14698.7497,31.81668,1118.9829,31.17668,7723.6393,31.01881
2,16,left,0,0.0094,0,10302.7796,31.96739,3038.291,31.81658,8236.0281,31.16984,3250.2679,31.01174
2,17,left,0,0.026,1,13006.6548,31.95804,6055.8945,31.81001,17163.0583,31.17026,10998.8277,31.01344
2,18,right,1,0.3004,0,5431.863,32.04451,10975.0506,31.88426,1707.3639,31.21903,9963.8589,31.05486
2,19,right,0,0.2064,0,5578.8524,32.04397,8917.5475,31.88509,526.601,31.21147,5985.1622,31.04896
2,20,left,0,0.0138,0,7183.3755,32.04514,438.6639,31.88601,17561.6028,31.20563,11027.5178,31.04279
2,21,left,1,-0.0802,0,11958.1288,32.03683,5792.4096,31.87996,17013.1978,31.20532,10404.8378,31.04366
2,22,left,0,0.0306,1,4145.4193,32.02749,-2667.5751,31.8713,14665.5184,31.20418,8409.2021,31.04262
2,23,left,1,0.1302,1,7460.8077,32.10928,1303.1729,31.94198,13817.604,31.25214,9341.0033,31.08351
2,24,left,0,0.0148,0,11043.3163,32.19354,3894.9829,32.01311,14047.331,31.29945,8012.8786,31.12297
2,25,left,1,0.124,1,3496.4905,32.18161,-858.3938,32.00464,9170.9236,31.29946,6257.5716,31.12405
2,26,left,1,0.1138,1,9322.871,32.26005,4466.0265,32.07377,7972.5082,31.34332,4344.1659,31.16229
2,27,right,0,0.2478,0,5256.4731,32.33808,9274.439,32.14118,2099.0053,31.38755,8835.6027,31.20001
2,28,left,1,0.1182,1,5114.8867,32.33722,1213.395,32.14066,12189.3577,31.37964,9114.9812,31.19156
2,29,right,1,0.1394,0,4212.9161,32.41305,8111.1173,32.20589,1689.1789,31.42324,8997.3177,31.22872
2,30,right,1,0.3324,0,6839.8609,32.41146,12618.5382,32.20324,5186.0368,31.41489,13790.28,31.21867
2,31,right,0,0.2196,0,4376.7098,32.40847,9200.0838,32.20171,7386.0115,31.40539,15263.0695,31.21106
2,32,right,0,0.2358,0,4690.8849,32.40711,9575.5957,32.20057,665.5953,31.39627,8719.8547,31.20196
2,33,right,0,0.209,0,6984.3006,32.4058,12063.5335,32.19964,1859.1251,31.38704,10168.2851,31.19262
2,34,right,0,0.2314,0,3864.8819,32.4038,8794.1194,32.19765,1032.6571,31.37889,9604.808,31.18443
2,35,left,0,-0.0194,0,11578.648,32.40221,2518.0643,32.19657,10576.0633,31.36956,4088.9625,31.17527
2,36,right,1,0.133,0,6030.7816,32.38936,9856.585,32.18716,624.3588,31.36913,7151.6387,31.17603
2,37,left,1,0.12,1,3073.0187,32.3877,-380.7161,32.18382,8565.8668,31.36189,6119.4926,31.16707
2,38,left,0,0.0002,0,9086.6239,32.46647,1256.5567,32.25339,14799.0024,31.40521,8004.5661,31.20486
2,39,right,1,0.335,0,5917.7449,32.4548,12058.3547,32.24515,-870.1736,31.4034,8174.8506,31.20454
2,40,left,1,0.1252,1,11771.1193,32.45426,6617.0459,32.24626,8312.1338,31.39458,6178.977,31.19722
2,41,right,1,0.3304,0,7236.8361,32.53322,13076.965,32.31347,2016.1886,31.43845,10561.6624,31.23521
2,42,left,1,-0.0978,0,11062.0018,32.52976,1125.7591,32.31122,15610.7386,31.42876,6659.8037,31.22684
2,43,right,0,0.237,0,8227.2725,32.51621,14821.7005,32.3001,3674.5679,31.42653,14325.3799,31.22521
2,44,right,0,0.2146,0,8226.9668,32.5143,11783.6958,32.29807,-1482.8239,31.41683,3217.0795,31.21542
2,45,left,1,-0.1078,0,10865.2084,32.51141,2323.7335,32.29485,12579.201,31.4099,4925.4564,31.20871
2,46,left,0,0.011,0,10029.5994,32.49732,1011.0429,32.2834,14807.8859,31.40899,7475.0857,31.2078
2,47,left,1,0.1206,1,5065.0389,32.48534,-609.0509,32.275,6729.5105,31.40813,2728.0985,31.20823
2,48,left,1,-0.1002,0,4022.9292,32.56464,-1898.4557,32.34438,19757.5393,31.45477,11416.0216,31.24866
2,49,left,0,-0.0028,0,4460.0527,32.55245,-3489.2658,32.33434,14976.2639,31.45282,8062.9021,31.24712
2,50,left,0,-0.0046,0,16173.5089,32.54265,5659.5381,32.32818,11774.7532,31.45019,4338.2701,31.24634
2,51,left,1,-0.1044,0,10744.0312,32.52865,2774.6911,32.31786,17512.5521,31.4493,9621.1495,31.24685
2,52,right,0,0.2372,0,8289.4558,32.51789,14662.5808,32.30784,1313.9624,31.44744,12025.1849,31.24486
2,53,right,0,0.2046,0,7107.6841,32.5157,11002.7159,32.30567,5622.438,31.43918,11428.8297,31.237
2,54,right,1,0.3298,0,6030.57,32.51396,9939.609,32.3039,-1400.32,31.42948,3292.4839,31.22739
2,55,left,0,-0.0088,0,17150.1952,32.51066,6745.7697,32.30198,15217.3847,31.42143,7635.508,31.22105
2,56,right,0,0.2336,0,3017.1624,32.49746,8699.4102,32.29221,234.7375,31.4185,9052.4666,31.22019
2,57,right,1,0.3062,0,3729.3747,32.49677,9053.9684,32.29206,4273.2474,31.41094,12178.8304,31.21332
2,58,left,1,-0.1096,0,9821.2531,32.49463,2268.3269,32.29176,16155.2088,31.40092,8253.5787,31.20523
2,59,right,1,0.1112,0,6664.9233,32.48282,8037.5132,32.28082,867.4065,31.40018,3324.5178,31.20423
2,60,right,1,0.1174,0,2381.6312,32.48129,4140.9317,32.27842,3651.2178,31.3941,7690.0782,31.1972
2,61,right,1,0.1062,0,8607.7077,32.48115,10118.9066,32.27692,3351.0643,31.3869,6348.421,31.18831
2,62,left,1,-0.1016,0,8015.3127,32.4806,1491.4592,32.27541,9385.6878,31.37887,3652.1059,31.17969
2,63,right,0,0.2314,0,1382.4045,32.46795,5852.7221,32.26492,636.5294,31.3784,7433.4551,31.17888
2,64,left,1,0.1176,1,10741.8114,32.46809,4433.9551,32.26485,11786.5208,31.37139,7778.267,31.17147
2,65,left,0,0.0086,0,10369.9903,32.5486,3582.7531,32.3322,16698.2859,31.41599,10519.6915,31.20944
2,66,right,0,0.244,0,5967.9262,32.53404,11010.7321,32.32166,5194.6692,31.41526,14040.0857,31.21028
2,67,right,1,0.1174,0,5955.9971,32.53133,9871.584,32.31911,-4233.0386,31.4064,3304.6269,31.20158
2,68,left,1,-0.1004,0,13868.4857,32.53065,4759.9258,32.31718,16541.8144,31.39956,8693.2065,31.19372
2,69,right,0,0.2352,0,7419.0157,32.51772,11666.0,32.30602,3292.8134,31.39796,10222.3673,31.19238
2,70,right,0,0.1868,0,5246.2386,32.51468,6891.0336,32.30304,2041.6682,31.38979,4490.1714,31.18446
2,71,right,1,0.0992,0,12460.4448,32.51264,13864.0363,32.30087,5174.1254,31.38279,8467.0798,31.17769
2,72,left,1,0.1116,1,5243.6693,32.51194,1265.3038,32.29923,12187.9132,31.37572,9053.3213,31.16949
2,73,right,0,0.2278,0,6486.0519,32.5922,9139.9673,32.36633,7613.5988,31.41991,12164.7845,31.20656
2,74,right,1,0.3314,0,9120.4451,32.5904,12488.3229,32.36476,7129.7194,31.41249,11237.631,31.19921
2,75,left,0,-0.008,0,14487.9956,32.58653,7063.0047,32.36255,15081.2931,31.40259,9104.3886,31.19116
2,76,right,1,0.1196,0,11485.6901,32.57342,13720.146,32.35273,3890.876,31.40021,8078.3954,31.19047
2,77,left,1,0.1152,1,1430.1681,32.57139,-4088.4105,32.34944,11721.7936,31.39211,7038.0527,31.18092
2,78,right,0,0.2216,0,6418.9824,32.64699,11083.2906,32.41532,1759.538,31.43935,9807.2575,31.22115
2,79,left,0,-0.0226,0,8106.8696,32.64404,113.1171,32.41257,17251.1192,31.43073,9838.0809,31.21287
2,80,right,0,0.2374,0,5325.3534,32.6309,10680.6687,32.40379,1455.6409,31.43022,10114.0139,31.21397
2,81,left,1,0.1236,1,4361.8143,32.62844,-778.5256,32.40146,14395.0813,31.42221,10097.3021,31.20668
2,82,left,1,0.1198,1,5907.6707,32.70573,1601.8258,32.46853,5751.079,31.4677,2640.3489,31.24518
2,83,right,0,0.2414,0,5840.8165,32.78237,10114.8315,32.53479,1916.2014,31.51091,8516.9549,31.28221
2,84,right,1,0.1312,0,5747.6735,32.78006,10445.8772,32.53306,2570.8902,31.50255,10539.8853,31.27424
2,85,right,1,0.119,0,9781.9469,32.77872,13945.2352,32.52989,1292.4536,31.49554,8319.9683,31.26643
2,86,right,0,0.2136,0,10864.7704,32.77614,13777.4287,32.52597,7634.447,31.48769,11694.2547,31.2582
2,87,right,0,0.2296,0,4942.243,32.77329,9823.264,32.52391,-514.5044,31.47948,8393.6053,31.25023
2,88,left,1,0.1094,1,-2964.6041,32.77161,-7547.3939,32.52258,12069.3564,31.47194,8045.9715,31.24312
2,89,right,0,0.223,0,5744.9442,32.84904,11134.7805,32.58859,59.2777,31.51951,8739.1445,31.28313
2,90,right,1,0.3236,0,6744.1423,32.84579,11682.3326,32.58563,4459.1155,31.51106,11389.4382,31.27502
2,91,left,0,-0.0276,0,10588.3329,32.84195,1965.2142,32.58323,17377.6562,31.50252,9771.0728,31.26813
2,92,right,0,0.2418,0,4835.3413,32.82751,10919.8995,32.57282,-1434.5598,31.50002,9006.6218,31.26745
2,93,left,1,0.0996,1,7235.113,32.8245,3072.144,32.57021,8146.6856,31.49168,5645.4107,31.2601
2,94,left,0,-0.0192,0,12193.7882,32.9016,4315.1141,32.63438,17255.0783,31.53753,10668.2015,31.29809
2,95,right,0,0.2594,0,5121.0607,32.88519,10692.6504,32.62252,-167.1399,31.5344,7839.5968,31.29664
2,96,left,0,-0.0308,0,14964.9624,32.88232,3419.6198,32.62029,14893.0044,31.52511,6715.719,31.28776
2,97,left,1,-0.1168,0,12252.3789,32.86615,4470.0519,32.60861,15368.902,31.52366,8082.7391,31.28765
2,98,right,0,0.229,0,7025.0243,32.85221,14129.1298,32.5973,1757.3936,31.52137,13664.5196,31.286
2,99,right,1,0.3224,0,9011.978,32.84831,13972.169,32.59317,4422.9752,31.51178,11730.6247,31.27689
3,0,left,0,-0.0561,0,16567.7067,32.84416,8046.7615,32.59051,20723.6432,31.50172,13811.7849,31.26863
3,1,left,0,-0.0619,0,10804.1805,32.82188,-809.8493,32.57531,17508.5637,31.49561,7720.9082,31.26523
3,2,left,1,-0.1695,0,15682.8824,32.80593,1536.7194,32.56463,18061.6875,31.49283,6518.3253,31.26474
3,3,left,0,-0.0343,0,13528.5873,32.78864,1754.8108,32.55172,12957.798,31.49098,3742.694,31.26391
3,4,left,0,-0.0453,0,19976.141,32.77347,6826.5355,32.54122,14466.7918,31.48983,5004.9978,31.26445
3,5,right,1,0.0559,0,8927.8437,32.75786,11005.1796,32.5307,3358.5887,31.48773,8376.1293,31.26449
3,6,left,0,-0.0533,0,17493.7979,32.75609,3180.6421,32.52796,20284.7119,31.48086,9296.189,31.25632
3,7,left,0,-0.0427,0,11346.1946,32.74063,-457.2444,32.51743,14989.0322,31.478,6176.454,31.25566
3,8,right,1,0.2615,0,8516.8201,32.72777,14707.8112,32.50913,1073.9577,31.47623,9733.3896,31.2558
3,9,left,1,-0.1281,0,14865.3639,32.72388,2720.7915,32.50675,17887.9133,31.46645,7507.0343,31.24825
3,10,right,1,0.2647,0,5828.6715,32.70907,13275.3361,32.49523,-1929.2794,31.46456,10152.6785,31.247
3,11,left,0,-0.0371,0,6888.1935,32.70421,-3376.4115,32.49175,15399.1386,31.45474,6557.9424,31.23891
3,12,left,1,0.0821,1,7239.1213,32.69124,3318.4568,32.48327,12678.1637,31.45218,10545.7618,31.23845
3,13,right,1,0.2559,0,8330.3567,32.77211,12971.7626,32.55324,-3374.7499,31.49855,1974.9048,31.27949
3,14,right,1,0.0539,0,5984.3476,32.7688,8470.8162,32.55107,1052.8725,31.49068,6669.8443,31.27278
3,15,left,1,0.0747,1,7079.5699,32.76581,271.4443,32.54749,12843.2874,31.48234,7875.9998,31.26365
3,16,left,0,-0.0481,0,15820.1751,32.84177,4421.2234,32.61415,17313.8529,31.52866,8525.5249,31.30405
3,17,left,1,0.0771,1,7106.779,32.8268,3773.4251,32.60362,9246.1881,31.52626,7933.9506,31.30351
3,18,left,0,-0.0607,0,12353.5757,32.90419,21.206,32.67001,18651.9321,31.57179,8893.475,31.34415
3,19,left,1,0.0623,1,11514.1179,32.8878,7367.2306,32.65957,11678.2857,31.56849,8710.256,31.34381
3,20,left,1,0.0585,1,12229.4783,32.96608,4836.0507,32.72706,10549.8411,31.6148,5354.9769,31.38472
3,21,right,0,0.1959,0,6586.2762,33.0473,12047.5473,32.79849,-706.6742,31.66051,8600.0808,31.42484
3,22,left,1,-0.1491,0,17876.6662,33.04307,2685.2265,32.79388,18583.2609,31.65134,6736.4637,31.41546
3,23,right,1,0.0755,0,6596.1396,33.02664,10944.0959,32.78146,-1283.3842,31.64738,6639.3704,31.41263
3,24,left,1,-0.1595,0,13465.2485,33.02372,2506.8789,32.77672,18706.0985,31.63904,9177.9033,31.40305
3,25,left,1,0.0705,1,8310.2455,33.0079,2240.6394,32.7648,9738.2129,31.63546,5044.9359,31.40081
3,26,right,0,0.1831,0,5133.1851,33.08335,11392.4085,32.83153,2030.5447,31.68108,12695.9093,31.44033
3,27,right,0,0.2005,0,5913.2485,33.07969,12930.7796,32.82805,1867.511,31.67048,12937.4753,31.42927
3,28,right,0,0.1693,0,7229.3471,33.07543,13661.1552,32.82405,4850.2608,31.66124,15211.5172,31.42018
3,29,right,1,0.0699,0,12703.496,33.07163,15116.247,32.81986,-7432.3826,31.65144,-1907.4037,31.40985
3,30,right,1,0.0681,0,9027.641,33.06687,10543.0981,32.81444,2497.4292,31.64517,6667.9519,31.40275
3,31,left,0,-0.0459,0,13461.5965,33.06395,2161.6399,32.81117,18805.6689,31.6368,9740.7947,31.39357
3,32,left,0,-0.0739,0,14390.4215,33.04698,2751.7121,32.79965,19709.3963,31.63318,10234.8211,31.39223
3,33,right,0,0.2009,0,10825.3557,33.02987,16441.2633,32.78745,-562.8186,31.63056,9018.9664,31.39159
3,34,left,0,-0.0811,0,13456.8899,33.02494,301.7576,32.78314,18791.2498,31.62214,8437.3326,31.38363
3,35,left,1,0.0513,1,8252.2541,33.00807,2890.6804,32.77149,12591.1723,31.61948,8511.4369,31.38274
3,36,right,0,0.1891,0,1973.0338,33.08457,6646.1532,32.83808,1369.3762,31.66606,9545.8825,31.42355
3,37,right,1,0.2695,0,7282.7835,33.08015,11977.5253,32.83338,3609.8323,31.65757,11258.9689,31.41479
3,38,left,1,-0.1687,0,15162.8289,33.07558,2808.4791,32.83016,21941.6606,31.64629,10397.3808,31.40537
3,39,right,1,0.0567,0,13212.2974,33.05812,14491.1077,32.81599,981.6526,31.64432,3094.703,31.40381
3,40,right,0,0.1803,0,3668.4577,33.05621,7278.0599,32.81274,8807.0092,31.6347,14701.121,31.39394
3,41,left,0,-0.0823,0,12896.8978,33.05341,1350.2929,32.80964,19556.4545,31.62369,9964.0726,31.38319
3,42,left,0,-0.0439,0,17653.6017,33.03629,6017.3931,32.79746,22489.0888,31.62022,12873.6895,31.38168
3,43,right,0,0.1581,0,6412.3052,33.01669,13214.2909,32.78421,147.2494,31.61692,12322.3284,31.38096
3,44,left,0,-0.0561,0,14464.8552,33.01342,2800.6511,32.78167,19774.8808,31.60683,10243.94,31.37119
3,45,left,1,-0.1469,0,17895.2415,32.99599,2973.3232,32.76956,15521.6687,31.60348,4016.4631,31.36968
3,46,left,1,0.0659,1,459.5404,32.97941,-4035.7948,32.75661,11907.8768,31.60269,8538.4892,31.36967
3,47,left,1,0.0539,1,9638.4537,33.05777,3944.9176,32.8257,10195.9513,31.64849,6220.4186,31.41031
3,48,right,1,0.2551,0,1372.9635,33.13809,7957.8106,32.89372,661.7266,31.69411,11591.2231,31.44957
3,49,left,1,0.0695,1,4250.5821,33.13358,642.8666,32.89028,14617.6747,31.68399,11183.1273,31.44071
3,50,left,0,-0.0849,0,13303.5196,33.21237,-238.9576,32.9578,23364.4254,31.73027,12098.1901,31.48004
3,51,left,0,-0.0507,0,16149.292,33.19367,4205.3562,32.94498,20309.2936,31.72584,10518.7426,31.47801
3,52,left,0,-0.0801,0,16626.372,33.17546,2535.1747,32.93269,17551.6845,31.72153,6813.767,31.47645
3,53,right,0,0.1897,0,6331.2584,33.15754,12742.8772,32.92007,-1655.7257,31.71823,8277.8562,31.4751
3,54,left,1,-0.1617,0,9596.8275,33.15398,241.3277,32.91599,16634.5275,31.70872,7522.446,31.46577
3,55,left,1,-0.1699,0,6171.7309,33.13632,-3086.5061,32.90199,19722.6811,31.70499,9476.3118,31.46315
3,56,right,0,0.1787,0,3920.5637,33.12133,11065.737,32.88928,-1644.2891,31.70113,10667.4198,31.46017
3,57,left,1,-0.1491,0,10055.1956,33.11791,-415.6506,32.88602,18952.2864,31.69153,8478.7598,31.45034
3,58,right,1,0.2485,0,4255.0001,33.10245,11746.1189,32.87319,3820.3348,31.68913,14673.2112,31.44846
3,59,left,1,-0.1423,0,16244.2258,33.09824,2276.332,32.87006,19350.0056,31.6779,7347.6462,31.43895
3,60,left,1,-0.1877,0,10001.7903,33.08182,-3161.1337,32.85695,17483.9694,31.67416,6325.3218,31.43638
3,61,right,0,0.1907,0,3084.7006,33.06637,9995.4605,32.84456,387.5646,31.6718,11801.0219,31.43423
3,62,right,1,0.2817,0,8247.8755,33.06406,14980.1453,32.842,2259.0968,31.66213,11504.8891,31.42452
3,63,right,1,0.2681,0,7835.9439,33.05944,13103.9093,32.83848,4675.3522,31.65161,12097.4619,31.41546
3,64,left,0,-0.0673,0,13310.6096,33.05475,-69.1749,32.83524,19790.2293,31.64191,8990.8317,31.4077
3,65,left,1,0.0781,1,8764.6831,33.03805,2352.5069,32.82337,10637.6819,31.63988,6790.2224,31.40739
3,66,left,0,-0.0485,0,9885.1648,33.11551,927.1991,32.89094,14722.344,31.68415,7515.1198,31.44628
3,67,right,1,0.2487,0,780.1684,33.09842,7048.6099,32.87903,449.7925,31.6823,10837.0651,31.44613
3,68,right,1,0.2807,0,7162.2164,33.0937,13874.9594,32.87586,48.0066,31.67177,9383.44,31.43731
3,69,left,1,0.0715,1,7939.0244,33.08935,3763.713,32.87293,13690.3117,31.66093,11015.6025,31.42818
3,70,right,1,0.2553,0,5621.5228,33.16374,10660.5399,32.93637,2164.6555,31.70764,10033.45,31.46956
3,71,left,0,-0.0675,0,13882.3471,33.16085,2510.1846,32.93502,19347.243,31.69697,9951.1116,31.46056
3,72,left,1,0.0631,1,6273.5758,33.14221,839.8507,32.92257,15255.3899,31.69223,11272.0535,31.45874
3,73,left,0,-0.0523,0,13212.6328,33.21971,3536.7977,32.98961,19573.5083,31.73883,11177.4063,31.49983
3,74,right,0,0.1575,0,7797.9754,33.20132,16140.0172,32.97717,-1376.3919,31.73427,11783.289,31.49848
3,75,left,1,0.0695,1,8364.4274,33.19609,2780.8283,32.97181,10798.0841,31.72534,7629.1475,31.48938
3,76,right,1,0.2707,0,8471.0359,33.27344,16019.6757,33.03655,295.2721,31.7705,10816.2066,31.52816
3,77,left,1,-0.1615,0,15797.7794,33.26712,4508.3787,33.03121,16471.2446,31.76062,7242.3443,31.51973
3,78,right,0,0.1701,0,5786.4442,33.24778,13015.6828,33.01586,-1402.8403,31.75701,10818.9461,31.51721
3,79,left,1,0.0517,1,2696.6937,33.24473,-1274.1055,33.01251,9492.1002,31.74805,6336.6519,31.5079
3,80,right,1,0.2809,0,6027.3367,33.32051,12137.577,33.07816,3578.3653,31.7926,12700.4928,31.54686
3,81,right,1,0.0841,0,7820.2955,33.31769,11387.5134,33.07686,2692.6647,31.78073,8937.6139,31.53653
3,82,left,1,0.0515,1,5417.5753,33.31452,-943.1164,33.07266,13415.1064,31.77133,8136.338,31.52693
3,83,left,1,-0.1587,0,9419.1907,33.39298,-1797.2624,33.14053,16606.5713,31.81782,6355.3919,31.56726
3,84,left,1,-0.1727,0,5621.4791,33.37586,-4461.5579,33.1266,21632.4382,31.81496,10920.146,31.56507
3,85,left,0,-0.0701,0,14528.4676,33.35863,2905.499,33.11303,20000.723,31.8113,10342.234,31.56226
3,86,right,0,0.1837,0,11177.8184,33.33972,18623.4168,33.0999,1544.3231,31.80713,13118.5963,31.56057
3,87,left,0,-0.0649,0,16629.459,33.33404,3330.9573,33.0937,18292.4154,31.79536,8016.2243,31.54894
3,88,right,0,0.1833,0,3555.0204,33.31489,10468.0672,33.08032,1310.1326,31.79103,12410.3618,31.54703
3,89,right,1,0.0707,0,4653.6483,33.3111,9335.4571,33.07658,-2536.1382,31.78086,6517.9905,31.53712
3,90,right,1,0.2833,0,7900.3791,33.30675,14602.0272,33.07198,-1466.4177,31.77077,8515.7804,31.52643
3,91,left,0,-0.0719,0,18302.3796,33.30122,5010.928,33.06804,13222.396,31.75971,3692.1798,31.51719
3,92,right,0,0.1617,0,5339.255,33.28336,12013.8848,33.05586,1254.8307,31.75665,12353.7107,31.51624
3,93,right,1,0.0703,0,5394.449,33.28019,9770.2984,33.05256,-2329.9701,31.74576,6099.2977,31.50537
3,94,left,1,0.0581,1,12001.287,33.27942,5229.7334,33.05043,11787.541,31.73568,7348.8481,31.4946
3,95,right,1,0.0845,0,5604.0424,33.35695,10288.5956,33.11769,-1228.5462,31.78018,6833.526,31.53391
3,96,right,1,0.0747,0,5647.0124,33.35394,7819.1145,33.11305,-1420.0919,31.77132,4923.8999,31.52366
3,97,left,1,0.0467,1,5125.1344,33.35037,587.4704,33.10845,13162.0979,31.7624,9282.0103,31.51402
3,98,left,0,-0.0567,0,12867.8053,33.42488,2734.8479,33.17221,19279.7936,31.80606,10380.7793,31.55182
3,99,right,1,0.0755,0,8827.0729,33.40536,9563.6103,33.15808,5617.6416,31.80205,8298.5711,31.54991
4,0,right,1,0.2837,0,19781.4783,33.40158,25045.5752,33.15349,8594.0322,31.7924,14013.8621,31.53983
4,1,left,0,-0.0667,0,15220.9456,33.39056,9795.8812,33.14302,17307.2559,31.7791,12138.1609,31.52584
4,2,right,0,0.1509,0,8596.9916,33.37258,10513.2462,33.1299,7195.6655,31.77452,10773.4953,31.52356
4,3,right,1,0.0653,0,3089.6717,33.36835,6002.3874,33.12565,7050.2281,31.76486,11791.2069,31.51432
4,4,left,0,-0.0809,0,15788.024,33.36471,9057.8615,33.12031,19417.6847,31.75517,13125.5736,31.50375
4,5,right,0,0.1575,0,8324.1071,33.34719,9835.236,33.107,7075.2897,31.75223,8699.3265,31.50251
4,6,left,1,-0.1649,0,9642.5655,33.34432,3171.7534,33.1039,17589.3732,31.74187,10740.441,31.49294
4,7,left,0,-0.0653,0,16808.5378,33.3282,8737.3258,33.08993,14475.4315,31.73963,7983.3153,31.49091
4,8,right,1,0.0667,0,10626.0922,33.31069,12229.7533,33.0764,5894.662,31.73667,8682.4037,31.48954
4,9,right,0,0.1401,0,12696.2606,33.3067,13104.393,33.07073,13283.7183,31.72754,13679.3055,31.47919
4,10,left,1,0.0519,1,11926.9919,33.30219,4125.5436,33.06639,17272.1764,31.71745,12109.8695,31.46977
4,11,left,0,-0.0671,0,14002.5455,33.36932,7052.8342,33.12311,14064.5205,31.75837,8628.449,31.50488
4,12,right,1,0.2379,0,9970.9291,33.35174,14000.5898,33.10948,3735.9215,31.75598,8525.1713,31.50399
4,13,left,1,-0.1439,0,16354.0622,33.34873,9114.5182,33.10803,16181.0836,31.74553,9765.7425,31.4963
4,14,right,1,0.2385,0,12013.4066,33.33154,15136.9916,33.09357,7923.1744,31.74401,11419.2515,31.49512
4,15,right,1,0.2461,0,7702.3845,33.32829,10252.7878,33.09205,9203.3327,31.73269,13066.6888,31.48642
4,16,left,1,-0.1569,0,14035.4235,33.32237,5444.5141,33.08762,15416.7368,31.72258,8046.3078,31.47884
4,17,left,0,-0.0445,0,13629.4995,33.3054,6796.5972,33.07334,18291.2807,31.72092,11994.5955,31.47756
4,18,right,1,0.0549,0,7740.9272,33.28825,11432.8388,33.05959,5540.5289,31.71835,12326.0682,31.47649
4,19,right,1,0.0625,0,8549.4798,33.28535,9882.8469,33.05484,6020.4471,31.71038,8452.247,31.4673
4,20,right,0,0.1495,0,9322.5368,33.28303,10620.7068,33.05112,10219.7266,31.70146,11987.9982,31.45785
4,21,left,0,-0.0643,0,13538.1773,33.27953,8298.4009,33.04771,15393.0685,31.69153,10692.3552,31.4488
4,22,left,1,-0.1347,0,14491.4166,33.26252,7639.0331,33.03441,15184.0282,31.69032,9211.6604,31.44886
4,23,left,0,-0.0331,0,14498.2689,33.2475,7785.1902,33.02099,18546.3761,31.6889,12715.8641,31.44724
4,24,right,1,0.0555,0,11954.8689,33.23276,13387.153,33.0104,6093.9251,31.68652,9233.6157,31.44666
4,25,left,1,-0.1563,0,14299.6614,33.22954,6347.001,33.00593,17019.8042,31.67841,9784.8492,31.43745
4,26,right,0,0.1369,0,10257.9266,33.21455,11463.4045,32.99317,13200.6252,31.67645,14834.3233,31.43578
4,27,left,1,0.0639,1,14160.074,33.21162,6898.4206,32.99018,14039.2051,31.66819,8763.4524,31.42801
4,28,left,0,-0.0497,0,14858.7817,33.27912,10297.3856,33.04837,20064.9905,31.70944,14803.23,31.46353
4,29,left,0,-0.0337,0,10465.1838,33.26206,3435.8215,33.03505,14350.3644,31.70649,8578.2479,31.46225
4,30,right,1,0.2423,0,6446.0745,33.24488,10404.5567,33.02206,4594.0305,31.70362,9455.9572,31.461
4,31,left,0,-0.0453,0,16645.6698,33.24097,9720.5386,33.01891,14936.3731,31.69317,9650.7926,31.45259
4,32,left,1,-0.1399,0,15412.9028,33.22506,9136.5873,33.00616,18145.866,31.69108,11970.7639,31.45175
4,33,right,1,0.2457,0,10584.4738,33.21172,13450.6433,32.99394,6417.8619,31.68911,9733.1134,31.45002
4,34,right,1,0.0393,0,5769.3159,33.20643,9214.6876,32.99014,7500.5802,31.67881,13051.9822,31.44192
4,35,left,1,-0.1373,0,13743.7952,33.20418,6275.986,32.98629,18830.8007,31.67175,11431.2726,31.43386
4,36,right,0,0.1391,0,2286.2389,33.18961,4893.1921,32.97353,7735.6723,31.67068,11928.5408,31.43273
4,37,left,1,-0.1547,0,13482.7616,33.18598,6025.5307,32.96905,17944.0636,31.66213,10681.8619,31.42439
4,38,left,1,-0.1397,0,12625.7746,33.17085,5069.6732,32.95524,15706.9645,31.66143,8690.3271,31.4229
4,39,right,1,0.0419,0,11099.7007,33.15563,12136.451,32.94166,6150.1765,31.66104,8672.3981,31.42215
4,40,left,1,-0.1429,0,15015.4617,33.15507,7044.3356,32.93972,15854.9562,31.65313,8781.1976,31.41308
4,41,left,1,0.0771,1,14846.1418,33.14209,8153.6088,32.92733,12901.6172,31.65158,8801.789,31.41136
4,42,right,1,0.2371,0,8006.4636,33.21229,11292.5863,32.98766,5666.0541,31.69449,9587.3818,31.44842
4,43,left,0,-0.0419,0,15984.3759,33.20947,10294.716,32.98586,15043.0915,31.68498,10639.217,31.44117
4,44,right,1,0.0597,0,10810.1289,33.19491,11653.122,32.97423,7975.4081,31.68243,11234.9431,31.4401
4,45,left,0,-0.0289,0,15491.7472,33.19346,8892.8882,32.97173,9815.6774,31.67462,5372.8622,31.43141
4,46,left,0,-0.0315,0,13410.412,33.17667,7958.3909,32.95909,15672.2638,31.67319,10895.2084,31.43187
4,47,right,1,0.0507,0,10231.0871,33.16025,11257.6168,32.9461,5354.2561,31.67068,8420.6379,31.43112
4,48,right,0,0.1469,0,12651.8046,33.15724,12544.7026,32.94194,9612.6466,31.66268,8152.8654,31.42201
4,49,left,1,0.0687,1,13538.1963,33.15574,5304.0007,32.93997,15082.0631,31.65403,9369.5344,31.41418
4,50,left,0,-0.0407,0,15679.9727,33.22372,10820.6408,32.99787,16774.9825,31.69536,12498.0865,31.44938
4,51,left,1,0.0703,1,11546.2028,33.20673,5303.5051,32.98456,14831.7416,31.69386,10156.7354,31.44913
4,52,right,1,0.0527,0,10675.4158,33.28313,11890.3845,33.04927,6888.8125,31.73882,9754.6075,31.48746
4,53,left,0,-0.0479,0,14983.091,33.28047,8725.1537,33.04543,17659.7823,31.73175,12059.2359,31.47955
4,54,right,1,0.0499,0,14288.9662,33.26373,15270.3614,33.03237,6973.8974,31.72908,8614.086,31.4785
4,55,right,1,0.0499,0,10099.1183,33.26058,11016.5478,33.02796,6410.6731,31.72158,9114.0817,31.46985
4,56,right,1,0.0517,0,12101.477,33.25901,13041.2565,33.02509,4463.6449,31.71335,7461.6889,31.46046
4,57,left,0,-0.0441,0,16507.7754,33.25632,8985.7577,33.02141,17185.7156,31.70521,11181.2505,31.45175
4,58,right,0,0.1417,0,9548.8612,33.23987,10020.7822,33.00878,11277.3623,31.70218,11276.3174,31.45043
4,59,right,1,0.0595,0,9724.5905,33.23641,11362.5717,33.00549,10023.6905,31.69409,13203.7579,31.44267
4,60,left,1,0.0547,1,7407.801,33.23466,2121.1059,33.00217,14391.7357,31.68609,10410.8196,31.43374
4,61,right,1,0.2313,0,7854.8388,33.30409,11340.1427,33.06164,4807.0449,31.72836,8249.3377,31.46961
4,62,left,1,-0.1491,0,14806.94,33.30162,6410.4256,33.06008,13387.4869,31.71841,6794.0484,31.46216
4,63,right,1,0.0491,0,9045.4362,33.2876,10561.5265,33.04782,5824.7854,31.71515,9460.4844,31.45971
4,64,left,1,-0.1427,0,13792.1012,33.28554,6473.2368,33.04438,17291.9056,31.70669,10405.1657,31.45003
4,65,right,1,0.2437,0,4298.5641,33.27189,7480.0829,33.03205,2938.4395,31.70545,7741.0144,31.4487
4,66,right,1,0.2387,0,10050.9591,33.26865,12767.1073,33.03005,6720.9737,31.69602,9582.8896,31.44136
4,67,right,1,0.2245,0,10638.0104,33.26492,14047.81,33.02764,3118.9715,31.68785,6151.8809,31.43608
4,68,left,0,-0.0407,0,15389.0139,33.26064,9684.3744,33.02433,18289.3024,31.67779,13271.7362,31.42832
4,69,right,1,0.2463,0,8201.5715,33.24499,11395.3509,33.01253,2146.899,31.67544,5368.5784,31.42767
4,70,right,0,0.1309,0,13621.3718,33.24088,14433.4335,33.00978,9784.5258,31.66603,10127.9109,31.42087
4,71,left,1,-0.1369,0,14143.9507,33.23723,6751.5373,33.00634,17370.0334,31.65709,10777.0548,31.41316
4,72,right,1,0.0485,0,9834.6565,33.22427,12033.5001,32.99511,4944.8463,31.65572,9131.9226,31.41226
4,73,right,0,0.1261,0,13486.3775,33.2214,13258.2342,32.99109,12647.0892,31.64891,11722.9865,31.40432
4,74,left,1,-0.1391,0,14456.721,33.21859,7554.7526,32.98797,16384.5502,31.63977,9571.6187,31.39584
4,75,right,0,0.1239,0,9557.5116,33.20433,11190.9263,32.9754,4286.0712,31.63886,7265.1215,31.39503
4,76,left,1,0.0721,1,12784.8512,33.20122,5994.6982,32.97238,13775.4484,31.63142,9391.9925,31.38829
4,77,left,0,-0.0441,0,11495.2078,33.27391,7345.5377,33.03377,19977.5206,31.67337,14878.1342,31.42348
4,78,left,1,-0.1467,0,12706.5698,33.25759,7770.6985,33.02126,13409.0573,31.67236,8952.4037,31.42403
4,79,left,0,-0.0407,0,18465.6221,33.24285,11318.9748,33.00809,16788.2337,31.67198,11262.3055,31.42348
4,80,left,1,-0.1489,0,14030.9726,33.22788,7732.9808,32.99682,16762.1041,31.67146,10501.4295,31.42429
4,81,left,1,0.0729,1,11993.7569,33.2137,5821.7836,32.9841,14896.0171,31.67037,10329.4293,31.42335
4,82,left,1,0.0597,1,10304.2634,33.28536,4063.805,33.0442,14764.4877,31.71351,10193.2857,31.45899
4,83,left,1,-0.1637,0,15587.8051,33.35449,6821.2726,33.10172,11843.0514,31.75488,5582.8464,31.49407
4,84,left,1,-0.1513,0,15550.7372,33.33936,9235.7937,33.08877,18149.6568,31.75363,11794.0067,31.49279
4,85,left,1,-0.1637,0,12255.0803,33.32258,5420.4776,33.07462,19394.8987,31.7523,11893.6215,31.49164
4,86,left,1,0.0661,1,13382.4368,33.30539,8411.851,33.05987,14099.9273,31.75046,10259.9001,31.49021
4,87,right,1,0.2265,0,7874.9848,33.37454,10505.9773,33.12077,3362.1081,31.79355,6015.1701,31.52786
4,88,left,1,-0.1701,0,16176.2126,33.37006,9327.8514,33.11758,17151.7662,31.78436,10848.0823,31.52109
4,89,left,1,-0.1583,0,14945.6399,33.35438,7367.9528,33.10448,18471.8248,31.78222,11137.4309,31.51937
4,90,right,0,0.1639,0,10644.2794,33.33894,13146.0561,33.0906,7761.2206,31.77978,11724.5283,31.51717
4,91,left,0,-0.0745,0,17245.8811,33.33577,10246.4137,33.08708,16851.1032,31.76874,11498.0772,31.50676
4,92,left,0,-0.0309,0,14791.4371,33.3184,7585.0574,33.07373,18349.1713,31.76672,12359.4141,31.50638
4,93,left,1,-0.1567,0,8939.2019,33.30301,3700.7367,33.06232,18305.3971,31.76368,11755.1871,31.50491
4,94,right,0,0.1523,0,9033.3912,33.28808,11660.8964,33.04879,5813.6159,31.76277,9845.2064,31.50349
4,95,left,1,0.0497,1,12665.1916,33.28408,5274.2827,33.04472,14916.4831,31.75324,10074.0463,31.49491
4,96,right,0,0.1271,0,11849.8272,33.35744,13470.2729,33.10637,9651.2345,31.79636,11985.5404,31.53169
4,97,right,0,0.1381,0,12306.0966,33.35486,14399.4274,33.10386,6183.5206,31.78615,8666.727,31.52235
4,98,right,1,0.0457,0,9945.9765,33.35297,12426.9732,33.10175,5919.7604,31.77651,10455.4808,31.51349
4,99,right,0,0.1323,0,12153.1298,33.35207,12005.0373,33.09968,7948.1288,31.76844,7200.5923,31.50487
