ep,t,good_side,explore,v,correct,e_ll,g_ll,e_lr,g_lr,e_rl,g_rl,e_rr,g_rr
0,0,left,1,-0.2094,0,13943.6121,30.0,7678.9217,30.0,20736.7407,30.0,14394.1006,30.0
0,1,right,1,0.0106,0,7134.074,29.99667,9428.3031,29.9987,775.32,30.00378,6817.7512,30.00342
0,2,left,1,-0.0478,0,3473.2569,30.00274,-1944.3934,30.00321,9677.5301,30.0061,5959.8345,30.00153
0,3,right,0,0.1214,0,2011.4894,30.00307,4741.2687,30.0069,1761.6517,30.00826,6596.1068,30.0058
0,4,right,1,0.2298,0,4315.7622,30.00949,9281.1604,30.01278,2838.5824,30.00813,9938.3312,30.00394
0,5,right,1,0.2186,0,6279.8217,30.01459,9746.6002,30.01956,3107.6214,30.00724,7365.7235,30.00309
0,6,right,0,0.1048,0,7320.9366,30.01974,9425.5926,30.02694,7224.9992,30.00711,10491.8816,30.00325
0,7,right,0,0.1154,0,9675.5678,30.02607,12704.1773,30.03314,3843.9276,30.00862,8392.8531,30.003
0,8,left,1,-0.0296,0,6492.8379,30.03378,1262.1187,30.04127,11119.9101,30.00959,6303.5902,30.00244
0,9,left,1,-0.2252,0,5508.1641,30.03352,2091.8212,30.04389,14070.5578,30.01277,9385.584,30.00743
0,10,right,0,0.1068,0,6952.4759,30.03484,9017.8025,30.04469,1599.1856,30.01707,4113.9074,30.01051
0,11,right,1,0.2366,0,5482.0072,30.03998,8693.1609,30.04969,2714.4019,30.01934,6845.4467,30.01143
0,12,right,0,0.0892,0,8743.5722,30.04523,12092.4866,30.05675,1510.6019,30.0183,5932.9623,30.01061
0,13,right,1,0.2296,0,8778.5852,30.05056,11518.6419,30.06206,5310.2466,30.0198,6927.143,30.01052
0,14,left,0,-0.1146,0,4548.717,30.05544,1892.33,30.06889,12043.931,30.01937,8845.568,30.01039
0,15,left,0,-0.1216,0,3174.0323,30.0553,2107.9043,30.06993,8141.2353,30.02272,6365.8586,30.014
0,16,left,0,-0.125,0,1596.291,30.05711,-611.2456,30.07265,9865.0315,30.0271,7025.5336,30.01848
0,17,right,1,0.2276,0,6016.7316,30.05887,9829.2758,30.07546,737.6368,30.0322,4497.442,30.02351
0,18,left,0,-0.1278,0,3875.3321,30.06349,2121.5567,30.08154,13677.3122,30.03315,11031.832,30.02457
0,19,right,1,0.013,0,8015.6444,30.06382,11154.1857,30.08348,-1917.6014,30.03747,3632.689,30.02876
0,20,right,1,0.0066,0,3201.4616,30.0712,5325.8755,30.08943,2731.2953,30.03927,7741.2203,30.0273
0,21,left,1,-0.2476,0,-1158.94,30.07834,-2524.8675,30.09501,10010.3199,30.04095,6635.2846,30.02588
0,22,right,0,0.1274,0,7275.0232,30.08024,10942.5984,30.09576,-1486.1583,30.04571,3468.7777,30.02889
0,23,left,0,-0.1032,0,6506.1507,30.08645,4135.7853,30.10162,9759.2543,30.04657,7502.4174,30.02858
0,24,left,0,-0.1254,0,5159.8451,30.08656,3200.7385,30.10316,11504.4256,30.05104,9431.1001,30.03321
0,25,left,1,-0.2404,0,2177.808,30.08798,-814.6799,30.10597,11757.1179,30.05533,6713.0651,30.03777
0,26,left,1,-0.2308,0,5495.3085,30.09111,1350.2602,30.10773,12968.3959,30.05947,8075.1592,30.04049
0,27,right,1,0.2356,0,5830.9523,30.09349,10202.7024,30.1092,2947.2219,30.06433,9012.8527,30.04364
0,28,left,1,-0.2466,0,3371.8091,30.09777,462.2258,30.11508,11124.8326,30.06372,6949.237,30.04372
0,29,right,1,0.0254,0,4445.2431,30.09939,7152.5133,30.11608,3210.4204,30.06714,8054.3489,30.04598
0,30,left,1,-0.2432,0,2471.6591,30.10588,152.976,30.12104,11246.5421,30.06902,7230.664,30.04511
0,31,right,1,0.2412,0,6553.8577,30.1086,8955.4721,30.12266,6176.4636,30.07301,9222.6928,30.04746
0,32,left,1,-0.2428,0,7684.0415,30.11244,2265.228,30.12858,14282.6977,30.0728,7946.4077,30.04811
0,33,left,1,-0.2374,0,8171.2395,30.11405,3024.4622,30.12908,13653.9708,30.07674,7806.9461,30.05085
0,34,right,1,0.018,0,6335.8137,30.11561,9534.1065,30.12951,-3879.1359,30.08269,3109.0962,30.05489
0,35,right,0,0.1072,0,5270.9954,30.1223,8320.6304,30.13486,1829.7884,30.08595,6300.0024,30.05469
0,36,left,1,-0.0322,0,241.789,30.12902,-4247.3467,30.14161,10674.113,30.08614,6878.1077,30.05373
0,37,left,0,-0.113,0,4849.4579,30.13079,182.8319,30.14591,10042.1861,30.09138,6051.826,30.0602
0,38,right,1,0.0112,0,7618.0473,30.13194,11157.4265,30.14809,2548.0993,30.09554,7985.8266,30.0642
0,39,right,1,0.0048,0,7401.6784,30.13803,10556.4815,30.15204,691.5189,30.09723,7121.1033,30.0628
0,40,right,1,0.2064,0,8579.5799,30.1436,10478.8054,30.15597,9893.8797,30.09837,10694.1008,30.06108
0,41,left,0,-0.106,0,1970.1461,30.14768,1268.7804,30.16169,12108.3492,30.09806,10160.0446,30.06177
0,42,right,0,0.1052,0,5587.2127,30.14953,8522.224,30.16443,2455.3141,30.10141,6875.6036,30.06554
0,43,left,1,-0.2388,0,610.1496,30.15623,-1572.8142,30.17115,7124.5742,30.10304,4062.6135,30.06577
0,44,right,1,0.0164,0,7349.9802,30.15835,10578.5674,30.17247,1191.625,30.10892,6029.9452,30.07013
0,45,left,0,-0.1326,0,5953.3083,30.16475,1056.5751,30.17707,11645.8115,30.11167,7261.7647,30.0696
0,46,left,1,-0.2424,0,4944.8315,30.16465,205.7356,30.17836,13292.0625,30.11591,7599.4675,30.07422
0,47,right,1,0.226,0,5084.7247,30.16505,8988.5416,30.1786,4346.0335,30.12075,11457.4596,30.07746
0,48,right,1,0.218,0,6909.1891,30.17141,10142.1829,30.18688,6411.6029,30.12097,10315.6211,30.07819
0,49,right,0,0.0956,0,6441.6803,30.17712,7767.0723,30.1944,4973.258,30.11985,7871.9259,30.07766
0,50,right,1,0.2274,0,7233.379,30.1833,10864.1721,30.2007,4254.3861,30.12109,8155.1811,30.07763
0,51,right,0,0.0922,0,6656.5231,30.18889,8939.9178,30.20826,4214.8014,30.12043,7619.9178,30.07792
0,52,right,0,0.1104,0,8413.2676,30.19453,11278.9688,30.21383,4082.2554,30.12059,8238.2256,30.0771
0,53,left,1,-0.0258,0,7210.7175,30.19991,1028.4708,30.21895,7160.3666,30.12071,2584.2661,30.07586
0,54,left,1,-0.2094,0,2528.7944,30.19842,869.1605,30.22074,13009.1566,30.12447,8800.7329,30.08166
0,55,left,0,-0.1088,0,5445.3484,30.19998,4322.67,30.22095,8799.5613,30.1289,7298.0514,30.08495
0,56,right,1,0.0064,0,7823.8548,30.20113,10583.011,30.22324,-5102.964,30.13295,-83.0542,30.08908
0,57,right,1,-0.0018,0,6777.4181,30.20821,9244.7853,30.2288,831.8,30.13621,6159.7264,30.08912
0,58,left,0,-0.1444,0,10964.4994,30.21315,3738.7102,30.23234,12233.7137,30.13784,6887.348,30.08784
0,59,left,1,-0.2332,0,5576.7889,30.21364,-2.5435,30.234,9891.8807,30.14234,4544.5414,30.09264
0,60,right,0,0.1188,0,9679.3762,30.21562,11801.8586,30.23524,1667.0751,30.1472,3963.4604,30.09625
0,61,left,1,-0.2324,0,9603.3874,30.22166,3485.6845,30.24117,13847.2304,30.14751,7710.1969,30.0951
0,62,right,1,0.0236,0,8779.6683,30.22272,11274.0518,30.2415,1260.3,30.15134,6446.7615,30.09796
0,63,right,1,0.1904,0,9380.5671,30.22909,12051.5503,30.2465,2874.8931,30.15243,3701.311,30.09604
0,64,right,1,0.2344,0,3241.7501,30.23459,6767.7901,30.25376,5276.1735,30.15187,9866.1971,30.09682
0,65,left,1,-0.2406,0,4228.59,30.24062,505.1625,30.26147,12999.4882,30.15075,8151.5039,30.09644
0,66,right,1,0.2384,0,7035.4536,30.24209,10848.5507,30.26251,2798.2964,30.1557,6188.7852,30.10005
0,67,left,0,-0.1162,0,5521.3816,30.24728,2504.1618,30.26944,12123.2743,30.15537,8944.6443,30.1004
0,68,right,0,0.1106,0,6475.3768,30.24561,8474.5965,30.2693,4816.0309,30.15987,7632.2506,30.10518
0,69,right,1,0.018,0,8827.026,30.25182,11420.6039,30.27545,-3038.6966,30.16028,2674.8719,30.1042
0,70,right,0,0.0942,0,5664.4966,30.25903,8077.5936,30.28134,1382.7196,30.16317,5453.8396,30.10402
0,71,right,0,0.097,0,4328.6635,30.26427,7477.3619,30.28659,-2587.2406,30.16365,1901.3528,30.10347
0,72,left,1,-0.2396,0,3788.6392,30.27069,-172.1978,30.29286,14110.8287,30.16507,8543.1879,30.10375
0,73,left,1,-0.0118,0,3525.082,30.27217,654.9199,30.29383,11399.7791,30.17079,8735.3106,30.10783
0,74,left,1,-0.2134,0,7132.3822,30.27216,4981.1786,30.29645,10562.5941,30.17568,8121.2362,30.1143
0,75,right,1,0.0094,0,7968.0462,30.27081,10299.7673,30.29509,-756.5663,30.18038,2550.5892,30.11735
0,76,right,1,0.2018,0,6543.193,30.27623,9711.9841,30.29865,6063.3114,30.18177,9067.8982,30.11578
0,77,right,1,0.2346,0,9269.0335,30.28046,14623.8836,30.30369,4261.3414,30.18164,8810.8312,30.11629
0,78,left,1,-0.2458,0,9001.0507,30.2854,4574.9697,30.31091,12115.6796,30.1812,7414.0366,30.11696
0,79,left,1,-0.228,0,726.8571,30.28571,270.101,30.31062,9786.6008,30.18579,6758.2045,30.1205
0,80,right,1,0.0192,0,647.0889,30.28787,3124.0161,30.31138,3901.4989,30.1911,7838.2872,30.12446
0,81,left,1,-0.0386,0,1446.885,30.29482,-2224.3988,30.3163,9044.5599,30.19264,6555.6243,30.12313
0,82,left,0,-0.1056,0,1026.6211,30.29474,-2256.5837,30.31943,12578.0484,30.19653,9262.9508,30.12883
0,83,right,1,0.2236,0,7661.1846,30.29646,11935.8102,30.32202,2795.882,30.19908,5795.7888,30.13172
0,84,right,0,0.091,0,5741.0476,30.3026,8137.7041,30.32989,2306.7003,30.19785,6397.3591,30.13101
0,85,right,1,0.2044,0,7799.5857,30.30709,10165.7225,30.33402,7259.9242,30.19908,10744.1833,30.13127
0,86,left,0,-0.1076,0,6343.9539,30.31156,2938.3038,30.34062,11580.3694,30.19827,8517.2518,30.13135
0,87,left,1,-0.0098,0,5461.8352,30.31085,2429.8051,30.3411,12415.4136,30.20259,10335.7173,30.13615
0,88,left,1,-0.0166,0,3911.3223,30.3092,983.0339,30.34295,4717.4669,30.20505,2792.2268,30.14076
0,89,left,1,-0.0014,0,-802.4818,30.30807,-5346.5254,30.34457,10853.8847,30.20934,7938.1701,30.14684
0,90,right,1,0.2316,0,9789.5166,30.30745,12950.156,30.34709,7647.6038,30.21246,9909.4321,30.15157
0,91,right,1,-0.0084,0,8049.881,30.3127,9196.5666,30.35398,-498.7159,30.21087,3472.6843,30.15102
0,92,right,1,-0.0024,0,7123.0504,30.31932,8663.2066,30.35892,4548.3822,30.2135,8444.9842,30.15069
0,93,right,0,0.0826,0,5882.2679,30.32547,9464.8174,30.36407,852.5616,30.21465,6628.5175,30.14885
0,94,left,0,-0.1226,0,8571.177,30.33124,3342.523,30.3702,11689.3244,30.21479,7213.3291,30.14819
0,95,right,1,0.0148,0,8347.9733,30.33039,11885.0501,30.37091,384.4895,30.21786,6898.2398,30.15182
0,96,left,1,-0.238,0,6392.8188,30.33711,2968.4915,30.37578,10589.2309,30.219,7046.0263,30.14978
0,97,left,0,-0.0864,0,9072.948,30.33594,3385.0138,30.37471,12236.4979,30.22402,7551.7478,30.1535
0,98,right,0,0.1024,0,7065.0738,30.33478,9654.837,30.3748,4587.7801,30.22734,9120.1072,30.15734
0,99,right,1,0.0074,0,676.6398,30.34011,4013.8612,30.37986,21.9836,30.22737,6009.1246,30.15612
1,0,left,1,-0.1701,0,15785.3615,30.34669,6387.7151,30.38476,24881.1141,30.22821,16214.6148,30.15434
1,1,left,1,-0.0007,0,11805.4966,30.3427,2474.5146,30.38331,12895.371,30.23085,6413.8509,30.1578
1,2,left,1,-0.1969,0,7979.6473,30.34157,6831.8509,30.38491,12410.2078,30.23368,9496.7468,30.1628
1,3,left,1,-0.0041,0,8103.1643,30.34269,1714.4916,30.38473,9826.9775,30.23839,5884.0623,30.16629
1,4,left,0,-0.0683,0,11331.0879,30.34097,6142.3056,30.38613,12747.9505,30.24303,8551.3597,30.17258
1,5,right,1,0.2355,0,8183.0807,30.3416,9562.4141,30.38775,10573.6823,30.24641,12037.8906,30.17657
1,6,right,1,0.2407,0,6535.3687,30.34613,7843.0427,30.39347,7418.8115,30.24542,9926.527,30.17608
1,7,left,0,-0.0907,0,5851.8814,30.35173,3953.1855,30.40083,14491.3533,30.24435,11642.8967,30.1756
1,8,left,1,-0.2047,0,7527.695,30.35206,4128.7462,30.40185,13171.5828,30.24796,8847.9173,30.17954
1,9,left,1,0.0063,0,8838.6869,30.35314,1418.2321,30.40178,11835.1726,30.25216,7224.6317,30.18263
1,10,right,0,0.1337,0,8184.9816,30.35188,12146.2731,30.40353,7763.5288,30.25407,14234.8788,30.18644
1,11,left,0,-0.0903,0,5879.1736,30.357,4556.1794,30.40831,14000.5692,30.25521,11541.8856,30.18646
1,12,right,0,0.1169,0,9559.2114,30.356,11536.8329,30.40805,8788.8867,30.25911,11140.8199,30.19059
1,13,left,1,0.0011,0,8871.6857,30.36177,950.0299,30.41391,12494.9337,30.2587,7788.2805,30.18939
1,14,left,1,-0.1929,0,11391.0756,30.35944,7564.9349,30.41513,13700.9842,30.26194,9239.373,30.19438
1,15,right,0,0.1043,0,8766.0385,30.36026,11125.2621,30.41472,7650.1124,30.26586,11515.0995,30.19719
1,16,right,0,0.1181,0,9345.6563,30.36522,12150.44,30.41942,7578.7504,30.26492,12010.3749,30.19524
1,17,left,1,-0.2061,0,7870.4863,30.37228,7081.4667,30.42624,17185.2765,30.26544,12932.2474,30.19493
1,18,left,1,0.0025,0,7060.6085,30.37285,436.5383,30.42565,11834.9705,30.27011,7674.172,30.19835
1,19,left,1,-0.0113,0,8595.6844,30.37304,3014.168,30.42903,10545.8112,30.27312,6929.9048,30.20307
1,20,left,1,0.0143,0,9496.6412,30.3721,2956.0544,30.43028,12060.1028,30.27675,7752.7991,30.20832
1,21,right,1,0.0297,0,9649.6895,30.37054,13423.9717,30.43123,6416.9231,30.27958,14563.6729,30.21282
1,22,right,0,0.1131,0,6313.7035,30.37775,10186.4185,30.43693,7965.3837,30.27962,14262.2015,30.20982
1,23,left,0,-0.0999,0,14663.2046,30.38236,8495.7584,30.44118,13080.6253,30.28072,8511.9212,30.21026
1,24,right,1,0.0279,0,7450.518,30.38138,11034.5731,30.44114,6028.6775,30.2844,12700.4916,30.21431
1,25,left,1,-0.0171,0,9261.8946,30.38923,1724.229,30.44686,9874.2354,30.28483,4614.4979,30.21183
1,26,right,1,0.0207,0,7601.77,30.38892,12133.9179,30.4496,4871.5387,30.28726,13664.1499,30.21659
1,27,left,0,-0.0871,0,11403.65,30.39556,5632.8439,30.45439,12298.6671,30.28769,8055.7489,30.21409
1,28,left,1,-0.2047,0,9751.8624,30.39518,6323.8927,30.45486,13092.0679,30.29233,8437.8551,30.21882
1,29,right,1,0.0183,0,1981.9823,30.3949,5970.4075,30.45364,4069.3641,30.29743,11024.1256,30.22259
1,30,right,1,0.2201,0,7514.1434,30.40135,9039.6545,30.45776,8330.4226,30.29845,10171.9442,30.22063
1,31,left,0,-0.0755,0,6096.0269,30.406,3046.6582,30.46383,15964.9443,30.29747,12458.7894,30.22053
1,32,left,0,-0.0815,0,8292.335,30.40588,4912.6716,30.46444,14862.0728,30.3015,11098.3792,30.22471
1,33,left,1,-0.0009,0,10660.5218,30.40542,2589.2158,30.4649,12139.9878,30.30564,6964.4393,30.22926
1,34,right,0,0.1261,0,5565.3976,30.40225,8691.6885,30.465,8936.8954,30.30901,14288.8736,30.23468
1,35,right,0,0.1127,0,9452.6372,30.40781,9590.3587,30.47027,6024.4894,30.30785,5005.866,30.23238
1,36,right,0,0.1033,0,9046.9744,30.41471,12099.468,30.47712,8505.8757,30.30734,13656.5277,30.23119
1,37,right,1,0.2381,0,10087.9583,30.42082,14106.9777,30.48321,7955.1072,30.30672,12285.3631,30.22948
1,38,left,1,0.0003,0,8468.9928,30.42459,2065.6497,30.4884,12592.5666,30.30563,8045.28,30.23
1,39,left,0,-0.0799,0,12026.1339,30.42222,6648.158,30.48944,15028.8435,30.30823,10597.9162,30.2345
1,40,right,1,0.2343,0,6258.0947,30.4215,8024.7967,30.48906,7354.9573,30.31207,8914.8579,30.2383
1,41,right,1,0.2345,0,9719.0434,30.42632,12654.5889,30.49594,7572.4984,30.31198,8894.7604,30.23923
1,42,right,1,0.2277,0,3890.7259,30.4315,4247.5557,30.50216,9854.7163,30.31117,12712.6059,30.23994
1,43,left,1,0.0073,0,11062.3015,30.43546,5877.3459,30.50833,10706.1432,30.30986,6947.7474,30.23914
1,44,right,0,0.1281,0,8293.2689,30.43483,12200.3727,30.5099,7122.8218,30.31214,14055.7713,30.2434
1,45,left,1,-0.2027,0,7914.5781,30.44071,4291.1482,30.51554,9868.4,30.31203,6611.2082,30.24188
1,46,left,1,0.0051,0,10474.8675,30.44052,2826.1339,30.51462,12997.1301,30.3166,7339.3494,30.24505
1,47,left,0,-0.0787,0,7411.9185,30.43979,4352.1404,30.51578,12701.3934,30.3203,9410.7527,30.25078
1,48,left,1,-0.1883,0,8074.6176,30.44073,6112.7412,30.51691,12629.1424,30.32387,9279.6269,30.25476
1,49,right,1,0.2405,0,8778.2035,30.441,11144.9983,30.5159,8734.7657,30.32778,12461.5687,30.2575
1,50,left,1,-0.2023,0,3041.8116,30.44608,2368.8967,30.52264,12527.4569,30.32704,8895.9319,30.25713
1,51,right,1,0.0255,0,9192.0786,30.44714,13248.4301,30.52228,2553.7602,30.33099,11053.217,30.26047
1,52,right,0,0.1055,0,6359.8504,30.45177,9178.2104,30.52524,8117.4353,30.33213,12796.2039,30.25845
1,53,left,0,-0.1035,0,9749.718,30.45719,7068.9786,30.53015,11167.4638,30.33228,8738.0903,30.25748
1,54,right,0,0.1047,0,9773.4551,30.45631,12613.4321,30.52993,5316.5026,30.33621,9543.9896,30.26173
1,55,right,1,0.2383,0,7338.8815,30.46321,9787.0061,30.53664,6039.4046,30.33619,8566.7472,30.26071
1,56,right,1,0.0283,0,5968.2175,30.46806,9237.1941,30.54393,4888.6312,30.33409,11906.1335,30.25937
1,57,left,0,-0.1015,0,8339.5239,30.47433,4584.1822,30.54837,13389.1704,30.33494,9859.1231,30.25737
1,58,right,0,0.1145,0,7544.603,30.47436,11136.0419,30.54897,7324.6758,30.33813,12918.7861,30.26101
1,59,left,1,-0.2041,0,8932.8283,30.48082,4684.1794,30.55515,13037.9845,30.33711,8196.5268,30.25889
1,60,right,1,0.0215,0,4952.3195,30.48057,9249.3543,30.5539,7234.7063,30.3401,14407.1834,30.26116
1,61,left,1,-0.0131,0,12172.8125,30.48672,3931.506,30.55781,11456.9345,30.34121,5849.424,30.25969
1,62,right,1,0.0339,0,7169.2697,30.48505,10955.6321,30.55873,4874.0379,30.34457,11486.371,30.26531
1,63,left,1,-0.0071,0,7614.0994,30.49177,1181.1381,30.56357,8587.6536,30.34491,4437.4577,30.26264
1,64,right,0,0.1215,0,10473.6569,30.48999,14916.2048,30.56454,7640.0646,30.34815,14870.0611,30.26806
1,65,left,1,0.0097,0,8575.3132,30.49556,1801.1721,30.56976,8466.8614,30.34735,3585.5537,30.26603
1,66,left,0,-0.0823,0,11224.1844,30.49425,7132.918,30.57103,13795.7629,30.35047,9873.9411,30.27159
1,67,right,0,0.1275,0,9530.7906,30.49385,12322.6538,30.57124,9979.3594,30.35337,13965.2597,30.2749
1,68,left,0,-0.0877,0,5293.0415,30.49928,4643.4883,30.57641,13043.1119,30.3525,11195.7553,30.27321
1,69,right,0,0.1197,0,10410.5711,30.4994,12241.8908,30.5769,9564.1775,30.35637,11963.6595,30.27742
1,70,right,0,0.1013,0,6400.6093,30.50564,8411.8078,30.58254,6157.1258,30.35655,9537.7769,30.27683
1,71,right,0,0.1095,0,9051.741,30.51035,10653.8978,30.58681,6339.5538,30.35609,8449.3039,30.27534
1,72,left,0,-0.0913,0,10052.5864,30.51608,6463.1845,30.59258,12122.9857,30.35607,8729.9901,30.27464
1,73,left,0,-0.0803,0,10848.5573,30.51737,8868.9387,30.59416,11554.1427,30.35957,9913.3072,30.27872
1,74,right,1,0.2297,0,7630.9557,30.51806,10672.7006,30.59557,9235.6532,30.36269,12661.1138,30.28224
1,75,left,0,-0.0771,0,7180.4069,30.52186,3545.7636,30.60049,12889.9944,30.36073,9466.4308,30.28139
1,76,right,1,0.0163,0,7980.9421,30.52232,10575.3684,30.60145,2907.8247,30.36347,9179.3931,30.28464
1,77,left,1,-0.0119,0,10229.9057,30.52901,3620.901,30.60633,11813.2776,30.36484,7131.7722,30.28265
1,78,right,0,0.1359,0,8617.7516,30.52726,13016.5611,30.6072,10373.7494,30.36802,17552.8594,30.28779
1,79,right,0,0.1285,0,6642.7746,30.5312,8263.6645,30.61072,7062.8177,30.36792,9235.8626,30.28672
1,80,right,0,0.0981,0,5954.165,30.53653,7370.3834,30.61613,9125.8162,30.36832,11554.5928,30.28679
1,81,left,0,-0.0827,0,8380.5808,30.54166,6840.9913,30.62113,10775.0203,30.36744,8927.862,30.28493
1,82,left,1,-0.1965,0,7515.7009,30.53907,4982.5102,30.61922,14186.1463,30.37021,9985.7495,30.28812
1,83,left,0,-0.0677,0,8551.8255,30.54006,5644.9976,30.61887,12236.1051,30.37393,9437.386,30.29083
1,84,right,0,0.0951,0,5585.4102,30.53999,7468.0627,30.61919,8073.9716,30.37826,11329.4154,30.29516
1,85,left,1,0.0021,0,7480.986,30.54509,-1.158,30.62378,12808.1021,30.37838,7785.598,30.29471
1,86,left,0,-0.0753,0,8788.9517,30.54397,5711.0011,30.62532,9029.745,30.3811,6488.1223,30.29886
1,87,left,1,0.0127,0,12310.4305,30.54522,5675.9046,30.62663,9718.105,30.38415,4744.1274,30.30241
1,88,right,0,0.1251,0,5290.3633,30.54279,8025.7601,30.62689,11260.1241,30.38765,16861.4335,30.30784
1,89,right,0,0.1169,0,11453.1117,30.5479,12483.4069,30.63131,8506.0343,30.387,8720.8865,30.30625
1,90,left,0,-0.0827,0,7965.9597,30.55341,7885.2641,30.63637,14039.4354,30.38618,12788.8703,30.30476
1,91,left,1,-0.1959,0,6488.7045,30.5527,4924.287,30.63601,13421.7309,30.38922,9940.6184,30.30835
1,92,left,1,0.0161,0,8469.7481,30.55266,2084.8378,30.63435,9889.5068,30.3936,6195.8229,30.31144
1,93,right,1,0.2405,0,8035.2336,30.55162,9815.6278,30.63608,9335.9935,30.39649,10066.7829,30.31622
1,94,right,1,0.2309,0,8819.5818,30.55642,12035.9588,30.6426,7262.3995,30.39462,9744.0312,30.31567
1,95,right,1,0.0223,0,8642.4201,30.56126,13183.3223,30.64844,2741.1951,30.39312,11572.5052,30.31506
1,96,left,1,-0.1925,0,8978.0365,30.56793,6705.2615,30.65318,12953.2741,30.3942,10191.1027,30.31313
1,97,right,1,0.0171,0,3461.0492,30.56817,6696.8503,30.65231,8146.0936,30.39837,13685.8124,30.31576
1,98,left,0,-0.0987,0,7212.9441,30.57547,5968.7284,30.65755,11206.4527,30.39945,9088.6907,30.31457
1,99,right,0,0.1167,0,12010.9694,30.576,14877.973,30.65841,10037.7362,30.40379,14619.2864,30.3192
2,0,right,1,0.1683,0,11038.2312,30.58406,15060.5463,30.66631,2490.0626,30.40251,7170.7784,30.31681
2,1,left,1,-0.2257,0,5458.1326,30.58901,1508.6877,30.67159,12415.557,30.39971,6860.1709,30.31244
2,2,right,1,0.2299,0,4432.7209,30.58887,8068.4926,30.67035,1695.7142,30.40574,6956.7755,30.31733
2,3,right,1,-0.0009,0,5502.0987,30.59367,10237.5043,30.67639,3534.1712,30.40395,11047.6951,30.31617
2,4,right,1,0.2069,0,4720.1069,30.5995,7449.6288,30.68034,4733.0662,30.40359,7551.2788,30.31342
2,5,left,0,-0.1003,0,7801.3954,30.60518,5915.6885,30.68702,6821.8924,30.40262,5064.8726,30.31317
2,6,left,1,-0.2283,0,4899.5651,30.6033,1993.1041,30.6862,7363.5838,30.40567,4114.3678,30.31695
2,7,right,1,0.2289,0,6747.3513,30.60357,11570.0748,30.68512,1412.25,30.40997,8180.5195,30.32006
2,8,left,1,-0.2245,0,2956.2105,30.6072,-1465.6976,30.69014,12731.2914,30.40887,7510.2135,30.31969
2,9,left,1,-0.2181,0,4186.5337,30.60644,1059.7386,30.68854,10409.3784,30.41288,6031.593,30.32276
2,10,left,0,-0.0927,0,3663.1325,30.60663,3122.0543,30.68774,13355.146,30.41785,11649.7537,30.32679
2,11,right,0,0.1041,0,7955.3838,30.60558,11727.7308,30.68734,-111.7072,30.42224,4803.2441,30.33144
2,12,left,1,-0.2273,0,3716.2922,30.6103,565.9394,30.69144,6814.9888,30.42215,3431.0142,30.33026
2,13,left,1,-0.2119,0,6913.8332,30.61067,2627.0595,30.69049,11291.3161,30.42645,5752.3568,30.33385
2,14,left,1,-0.2251,0,6832.6289,30.61093,1982.5493,30.68894,16619.6597,30.43059,10049.5574,30.33698
2,15,right,0,0.0981,0,5761.757,30.61039,8064.2114,30.68742,8362.8207,30.43455,11839.1693,30.34019
2,16,left,0,-0.0875,0,319.2603,30.61477,-1594.8505,30.6909,10576.0564,30.4329,7688.5719,30.33736
2,17,left,0,-0.1009,0,1403.074,30.61288,266.7634,30.68985,11564.8801,30.4379,9241.4284,30.34275
2,18,right,1,0.2249,0,5006.8018,30.61344,9707.2582,30.69092,1838.4479,30.44153,7853.0614,30.34689
2,19,right,0,0.0997,0,8093.4645,30.61875,10312.1399,30.69778,3922.2567,30.44034,7338.2128,30.34647
2,20,left,0,-0.0995,0,6129.6313,30.62291,4032.4834,30.70174,9436.3792,30.43935,7506.0706,30.34443
2,21,left,1,-0.2169,0,5069.4924,30.62082,998.4212,30.70056,7909.8441,30.44239,3727.5648,30.34793
2,22,left,0,-0.0941,0,5271.1074,30.61971,3953.4777,30.69865,11517.5565,30.44656,9664.0243,30.35101
2,23,left,1,0.0003,0,7560.5964,30.61739,1352.0481,30.6971,11765.4054,30.44941,7013.9058,30.35447
2,24,left,0,-0.0849,0,7768.101,30.61476,3334.9681,30.69662,10737.3068,30.45231,7022.6695,30.35922
2,25,left,1,-0.0177,0,6262.9909,30.61264,1375.085,30.6952,13012.1513,30.45589,9453.9239,30.36322
2,26,left,1,-0.0079,0,5027.4147,30.60994,-291.1939,30.695,9424.4752,30.45827,5597.0552,30.36749
2,27,right,0,0.1077,0,-1201.3493,30.60834,2678.1656,30.69493,1399.1149,30.46223,9333.1368,30.3724
2,28,left,1,0.0003,0,1804.3749,30.61569,-2732.3749,30.70265,10065.5183,30.46088,6726.4206,30.37009
2,29,right,1,0.0091,0,8221.7235,30.61342,11155.7526,30.70308,450.2763,30.46368,7376.3037,30.3751
2,30,right,1,0.2145,0,4158.7521,30.62019,7020.5987,30.70789,218.7641,30.4632,3132.8441,30.37173
2,31,right,0,0.0823,0,5406.5364,30.62455,8215.4092,30.71393,2965.4532,30.46196,6985.9053,30.37176
2,32,right,0,0.0969,0,5312.733,30.6297,7518.2851,30.71871,3372.2164,30.46097,7295.4721,30.36992
2,33,right,0,0.1013,0,8642.7759,30.63545,12143.449,30.72385,378.7902,30.46049,5237.193,30.36838
2,34,right,0,0.0827,0,8407.122,30.64222,10727.4337,30.73018,6835.6727,30.46105,10481.0594,30.36822
2,35,left,0,-0.0947,0,1781.8085,30.64734,-204.6311,30.73489,10091.9367,30.46046,7718.9586,30.36645
2,36,right,1,0.0005,0,1147.2577,30.64587,5087.4467,30.73386,1218.7966,30.46432,8301.1124,30.37059
2,37,left,1,-0.0139,0,7640.5196,30.65101,2473.7234,30.73659,12047.1484,30.46458,8602.9289,30.36815
2,38,left,0,-0.0933,0,5032.9023,30.6477,-167.4555,30.73615,11792.743,30.46752,7438.0973,30.37331
2,39,right,1,0.2249,0,1594.5862,30.64692,5048.8459,30.73593,4275.883,30.47095,10160.0637,30.3773
2,40,left,1,-0.0135,0,4082.4759,30.65158,-1520.3953,30.74162,12965.6007,30.46887,9855.4061,30.37548
2,41,right,1,0.2061,0,5977.0875,30.64859,7605.5395,30.74172,7828.7742,30.47191,8893.1131,30.38024
2,42,left,1,-0.2181,0,4857.0863,30.6535,805.3568,30.74779,14114.9137,30.46895,9121.8023,30.37828
2,43,right,0,0.0967,0,7944.8145,30.6527,10045.418,30.74559,7157.1243,30.47282,10153.282,30.38088
2,44,right,0,0.0833,0,4428.6369,30.65772,7204.9556,30.75,2564.3961,30.4712,7408.9752,30.37823
2,45,left,1,-0.2147,0,7049.0954,30.66243,1898.918,30.75408,14918.9131,30.47007,9077.5362,30.37604
2,46,left,0,-0.0863,0,373.6641,30.66224,472.0714,30.75266,9027.9715,30.4746,7813.594,30.37925
2,47,left,1,-0.0011,0,3364.3509,30.6612,-1598.6204,30.7521,11525.4204,30.47743,7793.3972,30.38241
2,48,left,1,-0.1995,0,1028.3022,30.66044,1242.757,30.75324,10057.4837,30.48064,7982.1207,30.38714
2,49,left,0,-0.0931,0,4007.8255,30.66079,3690.0905,30.75234,10244.6858,30.48459,9209.9016,30.39014
2,50,left,0,-0.0869,0,5075.5324,30.6585,3980.005,30.75072,13617.9373,30.48865,11510.8009,30.39447
2,51,left,1,-0.2175,0,5855.6199,30.65897,2975.624,30.7516,9334.7087,30.49221,4928.2547,30.39839
2,52,right,0,0.0961,0,4124.5484,30.6567,5219.6654,30.74869,4902.9245,30.49616,6439.895,30.40157
2,53,right,0,0.0823,0,4685.8852,30.66162,7154.4434,30.75304,2015.6007,30.49569,5983.1649,30.40037
2,54,right,1,0.2259,0,8240.3312,30.66872,12775.13,30.75962,4571.761,30.4957,8352.4364,30.39968
2,55,left,0,-0.1021,0,2518.5547,30.67353,2193.7495,30.76521,12999.0918,30.49436,11106.2641,30.3994
2,56,right,0,0.0885,0,6329.1278,30.67211,8364.0363,30.76443,6465.483,30.49851,9427.1392,30.40406
2,57,right,1,0.2155,0,4443.7229,30.67898,8624.9431,30.77095,4272.5694,30.4969,8847.2415,30.4014
2,58,left,1,-0.2229,0,5065.6323,30.68435,853.4404,30.77732,7104.0785,30.49515,2775.4865,30.40091
2,59,right,1,-0.0035,0,7582.1865,30.68424,10973.9159,30.7755,2955.5285,30.5006,7901.5458,30.40486
2,60,right,1,-0.0031,0,3103.2625,30.68844,4677.4673,30.77743,5254.653,30.50054,10896.6747,30.4021
2,61,right,1,-0.0077,0,6960.3657,30.69471,9553.4863,30.7825,5130.2389,30.49931,10968.7373,30.39848
2,62,left,1,-0.2149,0,6563.7397,30.69991,2809.2399,30.78576,10386.1529,30.49831,5802.4876,30.39505
2,63,right,0,0.1107,0,7858.031,30.69827,9569.1482,30.78323,3738.7339,30.50316,6115.0641,30.39877
2,64,left,1,0.0009,0,4315.2671,30.70334,-687.4832,30.78786,10599.0125,30.5026,7186.9051,30.39729
2,65,left,0,-0.0863,0,9110.5372,30.70085,5585.6422,30.78783,10634.8729,30.50511,7927.1323,30.40197
2,66,right,0,0.1103,0,10279.1491,30.69887,13688.4008,30.78675,2611.2596,30.5084,7343.4719,30.40566
2,67,right,1,-0.0001,0,5034.1138,30.70352,8234.5152,30.79063,-578.5092,30.50812,7213.4663,30.40437
2,68,left,1,-0.2087,0,6296.5023,30.70965,2358.509,30.79532,11301.9324,30.50796,6866.7375,30.40164
2,69,right,0,0.1005,0,7773.7396,30.70791,10198.8927,30.793,8270.0875,30.51104,11764.4747,30.404
2,70,right,0,0.0849,0,9407.2876,30.71323,10910.2489,30.79798,5025.8127,30.50838,7006.8961,30.40029
2,71,right,1,-0.0195,0,6194.7786,30.71969,9836.9285,30.80408,4899.3814,30.50703,11695.444,30.39783
2,72,left,1,-0.0185,0,2153.8603,30.72508,-2842.934,30.80709,11438.898,30.50796,8379.0193,30.39603
2,73,right,0,0.1083,0,7741.4567,30.72258,10477.7096,30.80708,5029.8603,30.51175,8457.6158,30.40127
2,74,right,1,0.2195,0,6003.3077,30.72869,10547.4549,30.81267,2840.5667,30.51056,10248.7885,30.39931
2,75,left,0,-0.0927,0,3845.7978,30.73338,2258.1069,30.81915,10885.6876,30.50837,8803.8074,30.39764
2,76,right,1,0.0005,0,6893.1407,30.73185,10616.2719,30.81872,3958.3841,30.51198,9908.6009,30.40173
2,77,left,1,-0.0107,0,6019.8943,30.73727,1543.7005,30.82254,9827.652,30.51194,6362.5513,30.39913
2,78,right,0,0.1033,0,6252.7327,30.7329,9304.7463,30.82079,7550.0019,30.51453,12795.397,30.40389
2,79,left,0,-0.1017,0,8821.4019,30.73828,5484.1904,30.82552,6637.6306,30.51192,4172.7111,30.40024
2,80,right,0,0.0913,0,7772.271,30.73651,9590.4258,30.82431,6365.0207,30.51652,9138.8508,30.40527
2,81,left,1,-0.0185,0,8307.9235,30.74257,2921.7448,30.83017,12574.4432,30.51548,8543.5765,30.40326
2,82,left,1,-0.0065,0,8699.2097,30.73933,3919.4404,30.82966,8253.1734,30.51811,5009.1542,30.40828
2,83,right,0,0.1095,0,10189.0836,30.73575,12883.849,30.82833,6205.7769,30.52084,10343.5706,30.41301
2,84,right,1,0.0057,0,4420.4574,30.73926,7574.4013,30.83117,3139.7396,30.51968,9739.7927,30.41085
2,85,right,1,-0.0143,0,4910.5102,30.74585,7767.4267,30.83624,915.3042,30.51856,6976.6927,30.40744
2,86,right,0,0.0799,0,6076.4011,30.75225,9193.4528,30.841,5076.2476,30.51856,10275.1467,30.4055
2,87,right,0,0.1033,0,7734.9514,30.75671,11336.457,30.84488,3010.7448,30.5163,8511.8953,30.40228
2,88,left,1,-0.0143,0,4224.3017,30.76126,279.6675,30.84914,9792.247,30.51535,6477.7309,30.40026
2,89,right,0,0.1031,0,6925.6576,30.75734,9787.4796,30.84768,2377.1301,30.51855,6491.2779,30.40564
2,90,right,1,0.2177,0,4896.0403,30.76157,9988.1273,30.85125,2918.3204,30.51711,9959.2843,30.40341
2,91,left,0,-0.1021,0,3611.6537,30.76591,3495.8708,30.85658,9772.787,30.51541,8245.8479,30.40309
2,92,right,0,0.0871,0,5141.6951,30.76312,6138.4696,30.85442,5622.221,30.51939,7624.9833,30.4077
2,93,left,1,-0.0095,0,7160.3243,30.76866,3750.4837,30.85988,11404.1025,30.5183,8983.2584,30.40579
2,94,left,0,-0.0895,0,3531.8005,30.76548,263.9708,30.85884,8111.143,30.52106,5060.7991,30.41044
2,95,right,0,0.1017,0,8245.7158,30.76511,11268.2691,30.85888,659.1288,30.52589,5306.0366,30.41541
2,96,left,0,-0.0921,0,3783.4228,30.76967,1885.7238,30.86271,10941.4891,30.52584,8465.1302,30.41443
2,97,left,1,-0.2203,0,6023.2211,30.76865,1794.191,30.86235,7161.5942,30.52921,3726.2206,30.4184
2,98,right,0,0.1009,0,7617.6673,30.76691,8725.1191,30.8599,6915.9183,30.53397,8309.2956,30.422
2,99,right,1,0.2201,0,7569.1355,30.77194,11915.9584,30.8648,-188.324,30.53324,4752.3706,30.42064
3,0,left,0,-0.0566,0,6982.5426,30.7767,3887.4767,30.87014,21218.729,30.53253,17494.4455,30.42092
3,1,left,0,-0.1194,0,4984.1675,30.7701,2105.6998,30.86548,12457.4191,30.53283,9238.8288,30.42324
3,2,left,1,-0.241,0,6135.4376,30.76748,2133.3091,30.86356,11310.0745,30.53596,6283.5548,30.42707
3,3,left,0,-0.0974,0,5420.0234,30.76676,3288.1337,30.86174,7627.2303,30.53925,6137.2307,30.42969
3,4,left,0,-0.1114,0,5189.3422,30.76428,2934.3268,30.86023,10430.2311,30.54329,8175.2918,30.43422
3,5,right,1,-0.0144,0,3216.4877,30.76396,4980.3246,30.86042,3923.6913,30.54663,7724.7815,30.43787
3,6,left,0,-0.1308,0,10044.2566,30.77061,5309.0038,30.865,14297.1274,30.5467,9979.2203,30.43563
3,7,left,0,-0.114,0,2442.253,30.76765,420.2527,30.8632,11874.9245,30.54961,8965.1612,30.43916
3,8,right,1,0.2084,0,7339.0372,30.76579,10801.9072,30.86235,6457.4656,30.55339,11100.2728,30.44331
3,9,left,1,-0.2384,0,6220.3733,30.76991,2472.4223,30.86781,13391.5931,30.55081,8588.9202,30.44148
3,10,right,1,0.2016,0,7312.0943,30.76932,11217.5658,30.86603,4066.2954,30.55417,8192.551,30.44391
3,11,left,0,-0.1236,0,3376.3545,30.77258,764.933,30.87023,10683.0162,30.55292,7849.3978,30.4435
3,12,left,1,-0.027,0,1867.9117,30.77068,-519.4695,30.86926,12468.9549,30.55615,10505.8825,30.44719
3,13,right,1,0.1998,0,5727.751,30.76865,8598.4703,30.86918,2753.6251,30.55977,6384.7612,30.4526
3,14,right,1,-0.0358,1,9256.9694,30.77245,10562.2657,30.87386,2450.0879,30.55895,6177.3666,30.45251
3,15,left,1,-0.0148,0,6926.2921,30.8121,2282.2586,30.91981,12454.0129,30.64039,9489.5267,30.55016
3,16,left,0,-0.0916,0,7535.8535,30.8093,4290.52,30.91984,10560.5325,30.6416,7158.3729,30.55371
3,17,left,1,-0.0046,0,3544.0619,30.80716,-306.8409,30.91815,10511.8837,30.64418,7550.6788,30.55673
3,18,left,0,-0.0912,0,5731.631,30.80408,2835.3102,30.91722,13764.5964,30.64669,10173.8424,30.5611
3,19,left,1,0.008,0,3622.4858,30.80194,2591.7004,30.91599,6669.3075,30.64963,6429.9885,30.56465
3,20,left,1,0.0058,0,7872.0324,30.80062,5429.2154,30.91673,12347.0275,30.65286,10834.7936,30.56924
3,21,right,0,0.0874,0,7857.1878,30.7977,10521.8054,30.91604,1709.2624,30.65508,5627.3083,30.57319
3,22,left,1,-0.225,0,6684.077,30.80351,3159.9293,30.92116,13171.3119,30.65331,8828.9159,30.5702
3,23,right,1,-0.0078,0,5442.0373,30.80234,7422.9841,30.91909,4181.8112,30.65687,7955.9883,30.57284
3,24,left,1,-0.225,0,4749.3991,30.8092,1871.4377,30.92368,16187.6759,30.6556,10880.4461,30.56885
3,25,left,1,0.0122,0,6313.8955,30.8081,5270.4973,30.92153,10277.559,30.65945,9278.7713,30.57175
3,26,right,0,0.0884,0,6034.5768,30.80495,9839.1718,30.92033,3857.8379,30.66143,9707.9572,30.57569
3,27,right,0,0.078,0,9485.9079,30.80931,11805.9511,30.92353,5055.5984,30.65964,8358.3782,30.57258
3,28,right,0,0.0686,0,6611.891,30.8146,9529.5925,30.92831,4157.5824,30.6571,9246.7747,30.56895
3,29,right,1,-0.0254,1,3592.1733,30.81974,6576.0065,30.93267,987.35,30.65473,6546.2143,30.5655
3,30,right,1,-0.0298,1,3665.5902,30.85988,3898.1467,30.97851,5905.8868,30.73412,7368.0196,30.65753
3,31,left,0,-0.0964,0,9710.7065,30.90246,4846.5043,31.02607,15215.6313,30.81887,11344.1216,30.75431
3,32,left,0,-0.0942,0,5366.1225,30.89836,2369.9423,31.02289,12686.0023,30.82118,9245.9844,30.7569
3,33,right,0,0.0756,0,10263.8462,30.89521,13155.3648,31.0205,5559.612,30.82326,9798.8926,30.75959
3,34,left,0,-0.1016,0,12643.297,30.90077,9156.9323,31.02508,12527.3111,30.82047,10089.3119,30.75513
3,35,left,1,0.0154,0,3776.6986,30.89725,781.4309,31.02231,10071.1768,30.82337,8766.7522,30.75858
3,36,right,0,0.0666,0,7138.1356,30.89402,11263.9408,31.02157,2926.3654,30.82539,8849.1165,30.7622
3,37,right,1,0.1838,0,9982.9173,30.89876,12623.8144,31.02533,5408.206,30.82215,8122.9108,30.75747
3,38,left,1,-0.2032,0,2564.7056,30.902,-1500.9483,31.02936,13311.7981,30.81762,8227.1146,30.75326
3,39,right,1,-0.0356,1,5772.0111,30.90068,6450.182,31.02659,4745.5011,30.82026,7364.6933,30.75486
3,40,right,0,0.0484,0,7610.0637,30.94163,9569.6676,31.07257,3956.3453,30.90077,7720.8299,30.84728
3,41,left,0,-0.0914,0,3060.8374,30.94532,-1775.5763,31.07527,17243.7003,30.89704,12608.2172,30.84223
3,42,left,0,-0.0822,0,6656.1702,30.9421,3805.3195,31.07289,11609.3055,30.8975,8967.9311,30.84348
3,43,right,0,0.0722,0,10940.2951,30.93814,12949.9695,31.06997,6234.359,30.89948,8222.3997,30.84607
3,44,left,0,-0.1018,0,7896.6092,30.94203,4747.6538,31.07272,14064.6484,30.89457,10954.3064,30.83943
3,45,left,1,-0.1954,0,10057.5599,30.93942,5283.9605,31.07058,9531.9482,30.8963,6130.5118,30.84161
3,46,left,1,0.0206,1,6052.6837,30.93631,3492.1729,31.06698,10473.3358,30.89894,9162.2379,30.84325
3,47,left,1,0.0186,0,7720.3583,31.02882,6297.1163,31.14462,11679.5774,30.95192,10602.855,30.88713
3,48,right,1,0.1754,0,8194.1833,31.02378,10760.9567,31.14159,4457.5897,30.95227,7409.8323,30.88968
3,49,left,1,0.0226,1,7299.0875,31.02747,4446.9548,31.1464,10109.3104,30.9468,8745.4351,30.88463
3,50,left,0,-0.0788,0,7849.8966,31.11545,2220.7739,31.22109,12311.0562,30.99708,7871.8333,30.92708
3,51,left,0,-0.065,0,7031.4882,31.1101,3884.0145,31.21699,9208.6009,30.99799,6741.2709,30.92868
3,52,left,0,-0.0816,0,-1418.4635,31.10526,-4406.7403,31.21284,12568.8712,30.99868,9437.7821,30.93007
3,53,right,0,0.0534,0,7484.4392,31.10348,8756.6098,31.21147,2808.862,30.99986,5046.3568,30.93188
3,54,left,1,-0.2002,0,9624.791,31.10747,5739.9126,31.21454,14479.8247,30.99597,10093.3999,30.92671
3,55,left,1,-0.1842,0,6042.7802,31.10262,2647.5696,31.2089,14460.6411,30.99791,10219.5788,30.92769
3,56,right,0,0.056,0,7779.4289,31.10035,10533.1868,31.20539,4272.6124,30.99878,8748.0896,30.92789
3,57,left,1,-0.1848,0,794.3134,31.10337,-4568.6623,31.20751,13322.8462,30.99341,7162.6626,30.92085
3,58,right,1,0.1602,0,7878.2863,31.10143,11981.1089,31.2043,4405.0813,30.99401,9291.5862,30.92115
3,59,left,1,-0.1818,0,6374.7074,31.10518,2213.429,31.20881,12700.5099,30.9898,8124.4009,30.91761
3,60,left,1,-0.1984,0,7531.3113,31.1035,3472.9114,31.20528,14181.5423,30.99076,9021.1518,30.91777
3,61,right,0,0.06,0,6292.3357,31.10041,8379.3644,31.2011,5982.7957,30.99224,9405.2224,30.91854
3,62,right,1,0.1632,0,7335.3029,31.10438,11143.7563,31.20387,2770.9234,30.98786,5541.3949,30.91272
3,63,right,1,0.1586,0,9004.5419,31.10793,11798.4824,31.20795,3455.243,30.98239,6761.0443,30.90776
3,64,left,0,-0.0858,0,9856.1207,31.11063,5872.3351,31.21116,10924.8093,30.97668,7559.7821,30.90251
3,65,left,1,0.0214,1,6303.9994,31.1055,6058.0136,31.20721,9983.0757,30.9777,9797.6103,30.90436
3,66,left,0,-0.0678,0,3231.8814,31.1916,-1049.0176,31.28023,12470.7576,31.02621,8967.6283,30.94506
3,67,right,1,0.1576,0,5938.8623,31.18758,9798.212,31.27735,2898.0226,31.02644,8183.918,30.94612
3,68,right,1,0.1646,0,7434.6435,31.1913,11347.2891,31.28232,-469.5148,31.02121,3360.3127,30.94207
3,69,left,1,0.0244,1,3491.2713,31.19355,626.306,31.28523,8935.1049,31.01732,6706.8858,30.93952
3,70,right,1,0.1508,0,5923.9795,31.27598,8132.1827,31.35644,3900.51,31.06584,6352.522,30.98073
3,71,left,0,-0.0794,0,9103.5265,31.27771,4190.0353,31.35862,9516.0758,31.06026,5682.1719,30.97571
3,72,left,1,0.0252,1,331.4507,31.27252,-1097.8156,31.35444,10986.2856,31.06177,9976.5629,30.97807
3,73,left,0,-0.0694,0,8091.8627,31.35996,3957.5206,31.43114,14422.9785,31.11177,11025.5823,31.02146
3,74,right,0,0.037,0,3810.9863,31.35308,7185.8761,31.42556,3643.9291,31.11234,9805.9307,31.02289
3,75,left,1,0.0166,0,3073.6602,31.35611,1184.7347,31.42771,11624.9654,31.10661,10640.4451,31.01588
3,76,right,1,0.1626,0,8501.682,31.34988,11337.7726,31.42404,5223.3102,31.10563,8422.8498,31.01679
3,77,left,1,-0.2076,0,9918.8588,31.35008,1539.8125,31.4248,12756.5369,31.09838,5524.873,31.01015
3,78,right,0,0.0498,0,6011.1572,31.34368,9136.3493,31.41814,2423.7975,31.09951,7952.5641,31.01087
3,79,left,1,0.0112,0,4797.1837,31.34684,2309.8954,31.41986,10347.4808,31.09448,8674.028,31.00437
3,80,right,1,0.1574,0,10886.4414,31.34039,15043.1038,31.41548,5214.0853,31.0949,10311.4899,31.00671
3,81,right,1,-0.0588,1,9024.3669,31.34104,9659.8145,31.41665,6812.7646,31.08864,8710.4647,31.00107
3,82,left,1,0.0202,1,2072.5917,31.38081,-406.219,31.46025,12620.2558,31.1705,10734.4071,31.09264
3,83,left,1,-0.218,0,7008.5741,31.4635,849.6751,31.53255,14664.4469,31.21923,8382.2302,31.13428
3,84,left,1,-0.1904,0,7458.8739,31.45677,1080.2489,31.52533,11034.9387,31.22015,5539.4869,31.13399
3,85,left,0,-0.0904,0,6851.1059,31.44906,-85.9579,31.51756,17940.1866,31.22132,11823.1295,31.13432
3,86,right,0,0.0572,0,10198.0898,31.4429,13522.0939,31.51253,-457.5308,31.21998,5421.1538,31.13407
3,87,left,0,-0.0994,0,7611.0327,31.44557,1070.3121,31.51518,6739.7049,31.21499,1543.5217,31.12774
3,88,right,0,0.05,0,4004.6564,31.43943,7767.7291,31.51009,2651.1461,31.21511,9088.7374,31.12911
3,89,right,1,-0.0654,1,2650.3632,31.44219,4647.4791,31.51203,2914.6094,31.20832,7909.3661,31.12138
3,90,right,1,0.1722,0,9176.1057,31.48148,13144.2212,31.55495,7550.044,31.28931,12826.2482,31.21208
3,91,left,0,-0.107,0,7414.5029,31.48241,525.8975,31.5571,13668.205,31.28076,7890.2675,31.2043
3,92,right,0,0.0654,0,11206.7283,31.47503,15022.2966,31.55095,3544.6419,31.28042,9648.3969,31.20444
3,93,right,1,-0.0498,1,9303.7341,31.47703,9547.1754,31.55215,6545.1083,31.27304,7836.2547,31.19557
3,94,left,1,0.0094,0,1047.872,31.51673,-4000.0141,31.5942,11065.0273,31.35246,8363.7831,31.28148
3,95,right,1,-0.0536,1,6353.8759,31.5108,7301.7764,31.5905,4782.8692,31.35164,7492.1323,31.2828
3,96,right,1,-0.0484,1,8298.9359,31.55134,9764.8847,31.63455,3637.2527,31.43468,6710.066,31.37477
3,97,left,1,0.0084,0,9184.534,31.58928,4664.2047,31.67648,12230.3579,31.51479,9564.3785,31.46307
3,98,left,0,-0.0836,0,8969.2538,31.58086,2548.4878,31.67018,17060.0083,31.51242,10924.7886,31.46206
3,99,right,1,-0.0532,1,11783.4388,31.57318,12615.9903,31.66342,4057.5367,31.50976,6540.9314,31.46017
4,0,right,1,0.2025,0,16498.3292,31.61388,20509.3433,31.70697,14521.7803,31.59234,20648.5199,31.55005
4,1,left,0,-0.0503,0,12245.3237,31.61184,9064.8416,31.70415,13631.2416,31.58075,11392.9445,31.53577
4,2,right,0,0.0923,0,8051.3783,31.60546,10241.4813,31.69797,8483.8972,31.57873,12069.842,31.53408
4,3,right,1,-0.0183,0,6058.1663,31.60696,8936.3684,31.69864,7745.9298,31.56968,12813.1927,31.52436
4,4,left,0,-0.0745,0,12425.2452,31.60941,7593.267,31.69857,15242.8499,31.56185,11655.4407,31.51409
4,5,right,0,0.0965,0,9206.5198,31.6036,11185.1329,31.69282,7746.935,31.55946,10926.242,31.51219
4,6,left,1,-0.1869,0,9676.6539,31.60424,3948.5535,31.69282,14288.6311,31.55017,8965.7369,31.50167
4,7,left,0,-0.0597,0,11382.2264,31.59792,9221.3162,31.68516,15103.9357,31.55036,13129.6845,31.50055
4,8,right,1,-0.0347,1,9873.8313,31.59033,11680.343,31.6776,8961.1569,31.54861,12462.8159,31.49928
4,9,right,0,0.0695,0,10525.9478,31.6278,10953.4463,31.71893,10279.6605,31.62369,10526.9867,31.58289
4,10,left,1,0.0227,1,9098.6834,31.62943,3481.8308,31.7198,12076.7939,31.61395,8819.3987,31.57177
4,11,left,0,-0.0629,0,13349.4336,31.70354,9747.2647,31.78442,13678.6407,31.65664,10795.5019,31.60927
4,12,right,1,0.1993,0,6094.5526,31.69574,10110.1017,31.77712,7648.7892,31.6552,14142.195,31.60816
4,13,left,1,-0.1713,0,11267.4858,31.69501,3470.0424,31.77718,12298.3917,31.64453,5985.1474,31.59796
4,14,right,1,0.1929,0,7215.6121,31.68869,10823.1241,31.76954,5541.415,31.64277,11061.9677,31.5953
4,15,right,1,0.1867,0,11638.1313,31.68749,15285.8879,31.76943,6716.4469,31.63212,9682.0381,31.58525
4,16,left,1,-0.1819,0,8873.4757,31.68897,2995.4339,31.77199,16208.4656,31.62252,10060.5676,31.57608
4,17,left,0,-0.0503,0,12820.1163,31.68191,10138.0328,31.76368,16310.7439,31.62075,13941.9723,31.57361
4,18,right,1,-0.0263,1,6076.9253,31.67393,8018.0045,31.75616,11357.914,31.61905,15337.2584,31.57238
4,19,right,1,-0.0319,1,11203.6091,31.7102,12350.4708,31.79523,7783.833,31.6911,11390.9022,31.65218
4,20,right,0,0.0923,0,5897.1943,31.74607,7682.3657,31.83402,8904.6456,31.76266,12776.3919,31.73112
4,21,left,0,-0.0897,0,13119.4095,31.74756,9496.9061,31.83495,15924.3154,31.75252,12730.6482,31.7195
4,22,left,1,-0.1733,0,11878.1036,31.73966,7132.0321,31.82688,13912.6426,31.74952,9612.568,31.71685
4,23,left,0,-0.0655,0,11749.9142,31.7334,6078.2356,31.81873,14052.411,31.74839,9128.0443,31.71446
4,24,right,1,-0.0173,0,11361.4629,31.72543,12624.0099,31.81102,9644.4817,31.74588,12625.2899,31.7124
4,25,left,1,-0.1743,0,9633.5157,31.72772,5571.561,31.81137,15257.547,31.73756,10232.4663,31.70086
4,26,right,0,0.0809,0,14144.7015,31.72058,15703.4138,31.80296,10706.5181,31.73535,11842.3706,31.69795
4,27,left,1,0.0235,1,8907.2604,31.72154,3529.6651,31.8035,16229.8645,31.72416,13010.7162,31.68576
4,28,left,0,-0.0765,0,9351.4218,31.79874,7129.1899,31.87202,18571.5434,31.76418,15455.159,31.72154
4,29,left,0,-0.0593,0,13703.4144,31.78903,7941.3401,31.86287,11221.6683,31.76223,7244.1894,31.71985
4,30,right,1,0.1859,0,9431.6942,31.78243,12052.4962,31.8566,6883.334,31.76002,9639.6959,31.71812
4,31,left,0,-0.0731,0,13075.262,31.7816,8539.5799,31.85689,15444.8636,31.75031,11343.8674,31.70919
4,32,left,1,-0.1749,0,7399.9635,31.77267,3920.0712,31.84856,14445.155,31.74785,10006.5418,31.70727
4,33,right,1,0.1809,0,6718.6342,31.76493,9024.9075,31.83967,5941.7788,31.74617,9131.0503,31.70467
4,34,right,1,-0.0205,1,4680.8227,31.76609,7381.2833,31.84193,7813.946,31.7355,13866.4643,31.69479
4,35,left,1,-0.1791,0,13338.0476,31.80245,8031.2489,31.88196,14369.756,31.8092,9662.0113,31.77675
4,36,right,0,0.0793,0,11756.5688,31.79569,13504.6393,31.87368,12328.4956,31.80727,14554.7407,31.77367
4,37,left,1,-0.1829,0,12448.3714,31.79692,6611.8576,31.87376,18381.3409,31.79665,12514.7839,31.76164
4,38,left,1,-0.1897,0,12137.6829,31.79032,6834.3121,31.86544,17240.7723,31.79561,11987.7473,31.75914
4,39,right,1,-0.0085,0,11163.3503,31.78267,13588.3376,31.85617,9676.3564,31.79399,14662.6766,31.75608
4,40,left,1,-0.1845,0,10111.9735,31.78405,4752.7571,31.85569,10477.7089,31.78566,5947.4825,31.74466
4,41,left,1,0.0301,1,9780.5474,31.78071,5853.6783,31.84985,11442.5118,31.78433,8770.6898,31.74205
4,42,right,1,0.1905,0,8828.5649,31.85642,12247.4111,31.91704,7626.4272,31.82498,11962.1895,31.77795
4,43,left,0,-0.0771,0,12386.5865,31.85694,6953.9959,31.91887,13523.0416,31.81402,9492.6436,31.76744
4,44,right,1,-0.0103,0,12018.8143,31.84903,12815.8406,31.91139,7546.1906,31.81188,9834.4891,31.76586
4,45,left,0,-0.0681,0,11227.7799,31.85188,8500.9592,31.91245,12563.7302,31.80288,10216.3643,31.75356
4,46,left,0,-0.0599,0,11737.7316,31.84442,6629.6527,31.90544,15649.9066,31.79971,11347.5953,31.75101
4,47,right,1,-0.0247,1,12481.3191,31.83522,13291.6048,31.89715,10343.6269,31.79726,11932.113,31.74915
4,48,right,0,0.0883,0,8346.0428,31.87048,9443.0945,31.93555,9166.8231,31.8712,11101.924,31.8306
4,49,left,1,0.0181,0,6182.3815,31.87049,790.944,31.93496,13695.3951,31.85988,10664.4562,31.81815
4,50,left,0,-0.0863,0,9656.3497,31.86136,6665.5034,31.92859,16513.3409,31.85677,13088.1257,31.81689
4,51,left,1,0.0253,1,11727.192,31.85255,8218.6026,31.91991,15337.0082,31.85332,12812.1609,31.81405
4,52,right,1,0.0099,0,9477.7515,31.92817,12178.2432,31.98709,5830.8495,31.89576,10326.0703,31.85096
4,53,left,0,-0.0823,0,11975.1996,31.92932,7522.083,31.98622,15013.4524,31.88511,11222.1956,31.83749
4,54,right,1,-0.0165,0,8699.4925,31.92039,10146.8151,31.97778,5884.8637,31.88187,9262.6801,31.83463
4,55,right,1,-0.0067,0,10475.6379,31.92095,11939.3229,31.97646,9255.9541,31.8722,11668.9533,31.82168
4,56,right,1,-0.0377,1,14456.1548,31.92186,15284.1311,31.97558,8542.9357,31.86301,11050.533,31.80988
4,57,left,0,-0.0747,0,11991.0172,31.96011,6137.5026,32.01615,16472.7286,31.93648,11726.3529,31.89077
4,58,right,0,0.0977,0,5062.4647,31.95142,8221.284,32.00802,7603.7796,31.9328,13154.1264,31.88759
4,59,right,1,-0.0161,0,11023.7203,31.95201,13844.8878,32.0077,7848.3108,31.92144,12830.2275,31.87486
4,60,left,1,0.0025,0,11657.8303,31.95261,5105.2723,32.00642,12550.1853,31.91092,7989.4966,31.86173
4,61,right,1,0.1975,0,8328.9417,31.94138,11207.6479,31.99812,6978.3663,31.90627,10953.6033,31.85939
4,62,left,1,-0.1869,0,8065.9161,31.94076,3159.3655,31.99854,17775.2021,31.89521,11658.2285,31.84901
4,63,right,1,-0.0119,0,10339.681,31.93191,11458.0075,31.98818,8634.6115,31.89285,11629.9472,31.84566
4,64,left,1,-0.1959,0,7640.5521,31.93348,2975.079,31.98786,15862.2724,31.8828,10491.7098,31.83265
4,65,right,1,0.1795,0,9530.767,31.92482,13305.2034,31.97801,5656.3141,31.88053,9828.8986,31.82918
4,66,right,1,0.1955,0,11817.4932,31.92575,15255.2855,31.97979,5377.5114,31.86783,7843.2729,31.81689
4,67,right,1,0.1679,0,6478.5973,31.92623,9648.7898,31.98106,7896.0645,31.85478,12813.7402,31.8045
4,68,left,0,-0.0661,0,16021.4339,31.92621,12128.9506,31.98183,14941.5148,31.84404,11700.8014,31.79447
4,69,right,1,0.1849,0,10059.3474,31.91783,14769.9368,31.97442,8717.0321,31.84214,13910.6778,31.79313
4,70,right,0,0.0639,0,9920.7185,31.91796,11059.4164,31.97567,10745.0203,31.82958,12392.5669,31.78195
4,71,left,1,-0.1821,0,10836.946,31.9194,5738.8183,31.9765,14240.3059,31.81847,8978.8314,31.76973
4,72,right,1,-0.0341,1,11430.7666,31.91151,13246.5186,31.96727,10550.7066,31.81711,14417.9609,31.76715
4,73,right,0,0.0797,0,11516.9581,31.94633,12681.9516,32.0055,8923.4217,31.88987,10012.2495,31.84844
4,74,left,1,-0.1947,0,11938.2619,31.94803,6144.2601,32.00675,13939.6161,31.87949,8739.8064,31.83663
4,75,right,0,0.0629,0,9776.8631,31.94025,12015.4655,31.99737,10463.3244,31.87774,14356.3572,31.83346
4,76,left,1,0.0271,1,9715.5511,31.94051,4361.0634,31.99697,14607.0211,31.86669,11128.2598,31.82144
4,77,left,0,-0.0753,0,12027.9622,32.01687,9117.9234,32.06361,16819.1204,31.91034,14056.216,31.85913
4,78,left,1,-0.1613,0,6963.2979,32.0063,5052.7833,32.05345,14567.3161,31.90755,11404.8653,31.8569
4,79,left,0,-0.0667,0,14794.1961,31.99784,9229.6324,32.04417,15729.2757,31.90657,11549.3947,31.85514
4,80,left,1,-0.1897,0,11031.6491,31.98667,6714.8479,32.034,18154.9757,31.90376,12779.6435,31.85296
4,81,left,1,0.0217,1,9030.2844,31.97808,6131.7773,32.02426,11624.6006,31.90113,9373.6899,31.84971
4,82,left,1,0.0179,0,12207.0592,32.0504,6573.6833,32.08804,13910.0458,31.94289,9891.6753,31.88605
4,83,left,1,-0.1795,0,11245.0693,32.03972,4899.6414,32.08018,15508.4986,31.93894,9507.8249,31.88425
4,84,left,1,-0.1911,0,8908.8379,32.02951,4805.19,32.06943,14645.6269,31.93643,10187.161,31.88097
4,85,left,1,-0.1835,0,14689.5212,32.02207,10607.581,32.06119,16584.6319,31.93401,12213.5595,31.87804
4,86,left,1,0.0289,1,10991.1285,32.01359,7255.3756,32.05149,9265.348,31.93209,7348.9575,31.87498
4,87,right,1,0.2003,0,5087.4251,32.08748,9081.4155,32.11446,5995.2198,31.97178,12187.9365,31.90876
4,88,left,1,-0.1755,0,12782.9677,32.08662,7313.1985,32.11464,16510.8551,31.95934,11087.7815,31.89669
4,89,left,1,-0.1873,0,10760.4224,32.07865,5422.9715,32.10543,16777.5507,31.95756,10892.9169,31.89395
4,90,right,0,0.0855,0,11088.663,32.06906,12922.7691,32.09485,11725.7657,31.95552,13917.6761,31.89106
4,91,left,0,-0.0923,0,10716.387,32.06927,6757.7719,32.09413,14369.2924,31.94424,11005.4887,31.87899
4,92,left,0,-0.0713,0,14890.3863,32.0592,9272.8319,32.08489,15263.2221,31.94052,10926.3249,31.87612
4,93,left,1,-0.1911,0,10865.9786,32.04728,5903.506,32.07455,12905.9952,31.93664,8316.2791,31.87318
4,94,right,0,0.0887,0,9356.6751,32.03888,11389.3553,32.06518,10004.4028,31.93401,12587.3012,31.86967
4,95,left,1,0.0101,0,9120.7475,32.03939,1442.0116,32.0651,14576.2227,31.92195,10506.002,31.8564
4,96,right,0,0.0727,0,10611.1343,32.02883,11893.1307,32.05839,8764.0758,31.91767,10504.1893,31.85433
4,97,right,0,0.0525,0,6762.1107,32.02966,9064.7991,32.05822,9451.0867,31.9068,13342.5674,31.84236
4,98,right,1,-0.0263,1,9526.3942,32.02937,11645.5967,32.05715,4974.9709,31.89593,9782.4332,31.83008
4,99,right,0,0.0797,0,8357.1562,32.06287,9135.5326,32.09421,11896.3941,31.96626,13490.12,31.90871
