[관계] 항목 8개(훈련 4, 새 4), 반쪽 50 중 활성 15, 항목 간 겹침 1~7(평균 4.0), 새↔훈련 겹침 2~7, 패턴 64개(S 8, D 56)
make: Entering directory '/root/e132_main_run/minimal_circuit_CODE'
make: Leaving directory '/root/e132_main_run/minimal_circuit_CODE'
[KC발달] env=corr rounds=1000 exposures=200 theta=0.15 items=20 | 일치형 같은 위치 187/400 | 불일치형 같은 위치 207/400 | (호스트 계산 0.468/0.517)
  시행    1~ 400: 정답률  51.5%
  시행  401~ 800: 정답률  62.7%
=> SDGEN mode=learn seed=42 trialseed=600 train_same=83.7 train_diff=100.0 train_bal=91.9 novel_same=84.1 novel_diff=48.2 novel_bal=66.2 | ties train:0 novel:0 | n_same/diff train 43/57 novel 44/56
=> SDLAB diff=cyclic rule=samediff mode=learn seed=42 trialseed=600 train_accL=83.7 train_accR=100.0 train_lbal=91.9 novel_accL=84.1 novel_accR=48.2 novel_lbal=66.2

=== 평가 (탐색 없음, 학습 없음, 무작위 순서 100시행) : 정답률 0.0% | 동점 0회 ===
   자극 A: 0/50 (0.0%)
   자극 B: 0/50 (0.0%)

=== 학습 후 자극별 출력 (선택 이전의 원 신호) ===
  자극 A → 정답 L | out_L=  16  out_R=  46  차이   -30 | KC 126개
  자극 B → 정답 R | out_L=  40  out_R=  39  차이    +1 | KC 110개

=== 가중치 구조 (A전용 KC 114개, B전용 KC 98개) ===
  A전용 KC → out_L 평균 0.5100 | out_R 평균 0.5681 | 차이 -0.0581 (정답은 out_L) **반대**
  B전용 KC → out_L 평균 0.5205 | out_R 평균 0.5573 | 차이 -0.0368 (정답은 out_R) **정답쪽 우세**

=== 가중치 변화 ===
  kc_out_l: n=8039 |Δ|평균 0.04751 변화율  72.3% | 평균 0.500→0.537 | std 0.0000→0.0610
  kc_out_r: n=7942 |Δ|평균 0.05357 변화율  73.8% | 평균 0.500→0.540 | std 0.0000→0.0645

=== 요약 (mode=learn seed=42) ===
  첫 구간 51.5% → 마지막 구간 62.7% | 변화 +11.2%p | 보상률 57.1%
=> MINCIRC mode=learn seed=42 first=51.5 last=62.7 delta=+11.2 reward=57.1 **eval=0.0** tie=0 trialseed=600
