[관계] 항목 8개(훈련 4, 새 4), 반쪽 50 중 활성 15, 항목 간 겹침 1~7(평균 4.2), 새↔훈련 겹침 1~7, 패턴 64개(S 8, D 56)
make: Entering directory '/root/e132_main_run/minimal_circuit_CODE'
make: Leaving directory '/root/e132_main_run/minimal_circuit_CODE'
[KC발달] env=corr rounds=1000 exposures=200 theta=0.15 items=20 | 일치형 같은 위치 175/400 | 불일치형 같은 위치 157/400 | (호스트 계산 0.438/0.393)
  시행    1~ 400: 정답률  56.0%
  시행  401~ 800: 정답률  64.8%
=> SDGEN mode=learn seed=37 trialseed=600 train_same=100.0 train_diff=100.0 train_bal=100.0 novel_same=100.0 novel_diff=83.3 novel_bal=91.7 | ties train:0 novel:6 | n_same/diff train 51/49 novel 52/48
=> SDLAB diff=cyclic rule=samediff mode=learn seed=37 trialseed=600 train_accL=100.0 train_accR=100.0 train_lbal=100.0 novel_accL=100.0 novel_accR=83.3 novel_lbal=91.7

=== 평가 (탐색 없음, 학습 없음, 무작위 순서 100시행) : 정답률 0.0% | 동점 0회 ===
   자극 A: 0/50 (0.0%)
   자극 B: 0/50 (0.0%)

=== 학습 후 자극별 출력 (선택 이전의 원 신호) ===
  자극 A → 정답 L | out_L=  18  out_R=  44  차이   -26 | KC 115개
  자극 B → 정답 R | out_L=  54  out_R=   4  차이   +50 | KC 124개

=== 가중치 구조 (A전용 KC 110개, B전용 KC 119개) ===
  A전용 KC → out_L 평균 0.5397 | out_R 평균 0.5423 | 차이 -0.0026 (정답은 out_L) **반대**
  B전용 KC → out_L 평균 0.5394 | out_R 평균 0.5379 | 차이 +0.0016 (정답은 out_R) **반대**

=== 가중치 변화 ===
  kc_out_l: n=7969 |Δ|평균 0.05209 변화율  66.0% | 평균 0.500→0.546 | std 0.0000→0.0656
  kc_out_r: n=8027 |Δ|평균 0.05435 변화율  66.4% | 평균 0.500→0.545 | std 0.0000→0.0638

=== 요약 (mode=learn seed=37) ===
  첫 구간 56.0% → 마지막 구간 64.8% | 변화 +8.7%p | 보상률 60.4%
=> MINCIRC mode=learn seed=37 first=56.0 last=64.8 delta=+8.7 reward=60.4 **eval=0.0** tie=0 trialseed=600
