[관계] 항목 8개(훈련 4, 새 4), 반쪽 50 중 활성 15, 항목 간 겹침 2~8(평균 4.7), 새↔훈련 겹침 2~8, 패턴 64개(S 8, D 56)
make: Entering directory '/root/e132_main_run/minimal_circuit_CODE'
make: Leaving directory '/root/e132_main_run/minimal_circuit_CODE'
[KC발달] env=corr rounds=1000 exposures=200 theta=0.15 items=20 | 일치형 같은 위치 176/400 | 불일치형 같은 위치 186/400 | (호스트 계산 0.440/0.465)
  시행    1~ 400: 정답률  53.5%
  시행  401~ 800: 정답률  55.2%
=> SDGEN mode=frozen seed=30 trialseed=600 train_same=43.8 train_diff=75.0 train_bal=59.4 novel_same=43.1 novel_diff=59.2 novel_bal=51.2 | ties train:0 novel:0 | n_same/diff train 48/52 novel 51/49
=> SDLAB diff=cyclic rule=samediff mode=frozen seed=30 trialseed=600 train_accL=43.8 train_accR=75.0 train_lbal=59.4 novel_accL=43.1 novel_accR=59.2 novel_lbal=51.2

=== 평가 (탐색 없음, 학습 없음, 무작위 순서 100시행) : 정답률 0.0% | 동점 0회 ===
   자극 A: 0/56 (0.0%)
   자극 B: 0/44 (0.0%)

=== 학습 후 자극별 출력 (선택 이전의 원 신호) ===
  자극 A → 정답 L | out_L=  35  out_R=  43  차이    -8 | KC 119개
  자극 B → 정답 R | out_L=  46  out_R=  44  차이    +2 | KC 112개

=== 가중치 구조 (A전용 KC 105개, B전용 KC 98개) ===
  A전용 KC → out_L 평균 0.5000 | out_R 평균 0.5000 | 차이 +0.0000 (정답은 out_L) **반대**
  B전용 KC → out_L 평균 0.5000 | out_R 평균 0.5000 | 차이 +0.0000 (정답은 out_R) **정답쪽 우세**

=== 가중치 변화 ===
  kc_out_l: n=7986 |Δ|평균 0.00000 변화율   0.0% | 평균 0.500→0.500 | std 0.0000→0.0000
  kc_out_r: n=8119 |Δ|평균 0.00000 변화율   0.0% | 평균 0.500→0.500 | std 0.0000→0.0000

=== 요약 (mode=frozen seed=30) ===
  첫 구간 53.5% → 마지막 구간 55.2% | 변화 +1.8%p | 보상률 0.0%
=> MINCIRC mode=frozen seed=30 first=53.5 last=55.2 delta=+1.8 reward=0.0 **eval=0.0** tie=0 trialseed=600
