[관계] 항목 8개(훈련 4, 새 4), 반쪽 50 중 활성 15, 항목 간 겹침 2~7(평균 4.7), 새↔훈련 겹침 2~7, 패턴 64개(S 8, D 56)
make: Entering directory '/root/e132_main_run/minimal_circuit_CODE'
make: Nothing to be done for 'all'.
make: Leaving directory '/root/e132_main_run/minimal_circuit_CODE'
[KC발달] env=corr rounds=1000 exposures=200 theta=0.15 items=20 | 일치형 같은 위치 211/400 | 불일치형 같은 위치 218/400 | (호스트 계산 0.527/0.545)
  시행    1~ 400: 정답률  43.8%
  시행  401~ 800: 정답률  49.0%
=> SDGEN mode=frozen seed=36 trialseed=601 train_same=30.6 train_diff=78.4 train_bal=54.5 novel_same=44.4 novel_diff=63.0 novel_bal=53.7 | ties train:0 novel:3 | n_same/diff train 49/51 novel 54/46
=> SDLAB diff=cyclic rule=samediff mode=frozen seed=36 trialseed=601 train_accL=30.6 train_accR=78.4 train_lbal=54.5 novel_accL=44.4 novel_accR=63.0 novel_lbal=53.7

=== 평가 (탐색 없음, 학습 없음, 무작위 순서 100시행) : 정답률 0.0% | 동점 0회 ===
   자극 A: 0/59 (0.0%)
   자극 B: 0/41 (0.0%)

=== 학습 후 자극별 출력 (선택 이전의 원 신호) ===
  자극 A → 정답 L | out_L=  33  out_R=  39  차이    -6 | KC 120개
  자극 B → 정답 R | out_L=  41  out_R=  22  차이   +19 | KC 124개

=== 가중치 구조 (A전용 KC 104개, B전용 KC 108개) ===
  A전용 KC → out_L 평균 0.5000 | out_R 평균 0.5000 | 차이 +0.0000 (정답은 out_L) **반대**
  B전용 KC → out_L 평균 0.5000 | out_R 평균 0.5000 | 차이 +0.0000 (정답은 out_R) **정답쪽 우세**

=== 가중치 변화 ===
  kc_out_l: n=7979 |Δ|평균 0.00000 변화율   0.0% | 평균 0.500→0.500 | std 0.0000→0.0000
  kc_out_r: n=7971 |Δ|평균 0.00000 변화율   0.0% | 평균 0.500→0.500 | std 0.0000→0.0000

=== 요약 (mode=frozen seed=36) ===
  첫 구간 43.8% → 마지막 구간 49.0% | 변화 +5.2%p | 보상률 0.0%
=> MINCIRC mode=frozen seed=36 first=43.8 last=49.0 delta=+5.2 reward=0.0 **eval=0.0** tie=0 trialseed=601
