[관계] 항목 8개(훈련 4, 새 4), 반쪽 50 중 활성 15, 항목 간 겹침 2~7(평균 4.4), 새↔훈련 겹침 2~7, 패턴 64개(S 8, D 56)
make: Entering directory '/root/e132_main_run/minimal_circuit_CODE'
make: Nothing to be done for 'all'.
make: Leaving directory '/root/e132_main_run/minimal_circuit_CODE'
[KC발달] env=corr rounds=1000 exposures=200 theta=0.15 items=20 | 일치형 같은 위치 193/400 | 불일치형 같은 위치 204/400 | (호스트 계산 0.482/0.510)
  시행    1~ 400: 정답률  53.0%
  시행  401~ 800: 정답률  67.2%
=> SDGEN mode=learn seed=41 trialseed=601 train_same=100.0 train_diff=100.0 train_bal=100.0 novel_same=100.0 novel_diff=66.0 novel_bal=83.0 | ties train:0 novel:0 | n_same/diff train 44/56 novel 50/50
=> SDLAB diff=cyclic rule=samediff mode=learn seed=41 trialseed=601 train_accL=100.0 train_accR=100.0 train_lbal=100.0 novel_accL=100.0 novel_accR=66.0 novel_lbal=83.0

=== 평가 (탐색 없음, 학습 없음, 무작위 순서 100시행) : 정답률 43.0% | 동점 0회 ===
   자극 A: 0/57 (0.0%)
   자극 B: 43/43 (100.0%)

=== 학습 후 자극별 출력 (선택 이전의 원 신호) ===
  자극 A → 정답 L | out_L=  15  out_R=  25  차이   -10 | KC 116개
  자극 B → 정답 R | out_L=   2  out_R=  78  차이   -76 | KC 134개

=== 가중치 구조 (A전용 KC 96개, B전용 KC 114개) ===
  A전용 KC → out_L 평균 0.5511 | out_R 평균 0.5578 | 차이 -0.0067 (정답은 out_L) **반대**
  B전용 KC → out_L 평균 0.5230 | out_R 평균 0.5465 | 차이 -0.0235 (정답은 out_R) **정답쪽 우세**

=== 가중치 변화 ===
  kc_out_l: n=7979 |Δ|평균 0.06120 변화율  72.7% | 평균 0.500→0.548 | std 0.0000→0.0726
  kc_out_r: n=8079 |Δ|평균 0.04924 변화율  72.2% | 평균 0.500→0.543 | std 0.0000→0.0551

=== 요약 (mode=learn seed=41) ===
  첫 구간 53.0% → 마지막 구간 67.2% | 변화 +14.2%p | 보상률 60.1%
=> MINCIRC mode=learn seed=41 first=53.0 last=67.2 delta=+14.2 reward=60.1 **eval=43.0** tie=0 trialseed=601
