[관계] 항목 8개(훈련 4, 새 4), 반쪽 50 중 활성 15, 항목 간 겹침 2~7(평균 5.0), 새↔훈련 겹침 2~7, 패턴 64개(S 8, D 56)
make: Entering directory '/root/e132_main_run/minimal_circuit_CODE'
make: Nothing to be done for 'all'.
make: Leaving directory '/root/e132_main_run/minimal_circuit_CODE'
[KC발달] env=corr rounds=1000 exposures=200 theta=0.15 items=20 | 일치형 같은 위치 218/400 | 불일치형 같은 위치 237/400 | (호스트 계산 0.545/0.593)
  시행    1~ 400: 정답률  45.0%
  시행  401~ 800: 정답률  49.0%
=> SDGEN mode=frozen seed=34 trialseed=601 train_same=36.4 train_diff=57.8 train_bal=47.1 novel_same=45.8 novel_diff=23.1 novel_bal=34.5 | ties train:16 novel:5 | n_same/diff train 55/45 novel 48/52
=> SDLAB diff=cyclic rule=samediff mode=frozen seed=34 trialseed=601 train_accL=36.4 train_accR=57.8 train_lbal=47.1 novel_accL=45.8 novel_accR=23.1 novel_lbal=34.5

=== 평가 (탐색 없음, 학습 없음, 무작위 순서 100시행) : 정답률 52.0% | 동점 0회 ===
   자극 A: 0/48 (0.0%)
   자극 B: 52/52 (100.0%)

=== 학습 후 자극별 출력 (선택 이전의 원 신호) ===
  자극 A → 정답 L | out_L=  21  out_R=  30  차이    -9 | KC 125개
  자극 B → 정답 R | out_L=  41  out_R=  42  차이    -1 | KC 119개

=== 가중치 구조 (A전용 KC 103개, B전용 KC 97개) ===
  A전용 KC → out_L 평균 0.5000 | out_R 평균 0.5000 | 차이 +0.0000 (정답은 out_L) **반대**
  B전용 KC → out_L 평균 0.5000 | out_R 평균 0.5000 | 차이 +0.0000 (정답은 out_R) **정답쪽 우세**

=== 가중치 변화 ===
  kc_out_l: n=7979 |Δ|평균 0.00000 변화율   0.0% | 평균 0.500→0.500 | std 0.0000→0.0000
  kc_out_r: n=7972 |Δ|평균 0.00000 변화율   0.0% | 평균 0.500→0.500 | std 0.0000→0.0000

=== 요약 (mode=frozen seed=34) ===
  첫 구간 45.0% → 마지막 구간 49.0% | 변화 +4.0%p | 보상률 0.0%
=> MINCIRC mode=frozen seed=34 first=45.0 last=49.0 delta=+4.0 reward=0.0 **eval=52.0** tie=0 trialseed=601
