[관계] 항목 8개(훈련 4, 새 4), 반쪽 50 중 활성 15, 항목 간 겹침 1~8(평균 4.3), 새↔훈련 겹침 1~6, 패턴 64개(S 8, D 56)
make: Entering directory '/root/e132_main_run/minimal_circuit_CODE'
make: Nothing to be done for 'all'.
make: Leaving directory '/root/e132_main_run/minimal_circuit_CODE'
[KC발달] env=corr rounds=1000 exposures=200 theta=0.15 items=20 | 일치형 같은 위치 237/400 | 불일치형 같은 위치 239/400 | (호스트 계산 0.593/0.598)
  시행    1~ 400: 정답률  52.0%
  시행  401~ 800: 정답률  53.2%
=> SDGEN mode=learn seed=40 trialseed=601 train_same=100.0 train_diff=9.6 train_bal=54.8 novel_same=100.0 novel_diff=68.4 novel_bal=84.2 | ties train:0 novel:0 | n_same/diff train 48/52 novel 43/57
=> SDLAB diff=cyclic rule=samediff mode=learn seed=40 trialseed=601 train_accL=100.0 train_accR=9.6 train_lbal=54.8 novel_accL=100.0 novel_accR=68.4 novel_lbal=84.2

=== 평가 (탐색 없음, 학습 없음, 무작위 순서 100시행) : 정답률 47.0% | 동점 0회 ===
   자극 A: 0/53 (0.0%)
   자극 B: 47/47 (100.0%)

=== 학습 후 자극별 출력 (선택 이전의 원 신호) ===
  자극 A → 정답 L | out_L=  25  out_R=  44  차이   -19 | KC 117개
  자극 B → 정답 R | out_L=  38  out_R=  41  차이    -3 | KC 107개

=== 가중치 구조 (A전용 KC 100개, B전용 KC 90개) ===
  A전용 KC → out_L 평균 0.5000 | out_R 평균 0.5313 | 차이 -0.0313 (정답은 out_L) **반대**
  B전용 KC → out_L 평균 0.5308 | out_R 평균 0.5335 | 차이 -0.0028 (정답은 out_R) **정답쪽 우세**

=== 가중치 변화 ===
  kc_out_l: n=7977 |Δ|평균 0.05925 변화율  67.4% | 평균 0.500→0.543 | std 0.0000→0.0736
  kc_out_r: n=7961 |Δ|평균 0.02992 변화율  67.4% | 평균 0.500→0.525 | std 0.0000→0.0372

=== 요약 (mode=learn seed=40) ===
  첫 구간 52.0% → 마지막 구간 53.2% | 변화 +1.2%p | 보상률 52.6%
=> MINCIRC mode=learn seed=40 first=52.0 last=53.2 delta=+1.2 reward=52.6 **eval=47.0** tie=0 trialseed=601
