[관계] 항목 8개(훈련 4, 새 4), 반쪽 50 중 활성 15, 항목 간 겹침 0~9(평균 4.4), 새↔훈련 겹침 0~7, 패턴 64개(S 8, D 56)
make: Entering directory '/root/e132_main_run/minimal_circuit_CODE'
make: Nothing to be done for 'all'.
make: Leaving directory '/root/e132_main_run/minimal_circuit_CODE'
[KC발달] env=corr rounds=1000 exposures=200 theta=0.15 items=20 | 일치형 같은 위치 199/400 | 불일치형 같은 위치 203/400 | (호스트 계산 0.497/0.507)
  시행    1~ 400: 정답률  49.5%
  시행  401~ 800: 정답률  52.0%
=> SDGEN mode=learn seed=43 trialseed=601 train_same=43.8 train_diff=53.8 train_bal=48.8 novel_same=74.5 novel_diff=95.9 novel_bal=85.2 | ties train:0 novel:0 | n_same/diff train 48/52 novel 51/49
=> SDLAB diff=cyclic rule=samediff mode=learn seed=43 trialseed=601 train_accL=43.8 train_accR=53.8 train_lbal=48.8 novel_accL=74.5 novel_accR=95.9 novel_lbal=85.2

=== 평가 (탐색 없음, 학습 없음, 무작위 순서 100시행) : 정답률 52.0% | 동점 0회 ===
   자극 A: 0/48 (0.0%)
   자극 B: 52/52 (100.0%)

=== 학습 후 자극별 출력 (선택 이전의 원 신호) ===
  자극 A → 정답 L | out_L=  11  out_R=  31  차이   -20 | KC 127개
  자극 B → 정답 R | out_L=  21  out_R=  40  차이   -19 | KC 115개

=== 가중치 구조 (A전용 KC 115개, B전용 KC 103개) ===
  A전용 KC → out_L 평균 0.5181 | out_R 평균 0.5533 | 차이 -0.0351 (정답은 out_L) **반대**
  B전용 KC → out_L 평균 0.5210 | out_R 평균 0.5562 | 차이 -0.0352 (정답은 out_R) **정답쪽 우세**

=== 가중치 변화 ===
  kc_out_l: n=7923 |Δ|평균 0.03402 변화율  61.3% | 평균 0.500→0.525 | std 0.0000→0.0501
  kc_out_r: n=7882 |Δ|평균 0.04213 변화율  61.7% | 평균 0.500→0.536 | std 0.0000→0.0525

=== 요약 (mode=learn seed=43) ===
  첫 구간 49.5% → 마지막 구간 52.0% | 변화 +2.5%p | 보상률 50.7%
=> MINCIRC mode=learn seed=43 first=49.5 last=52.0 delta=+2.5 reward=50.7 **eval=52.0** tie=0 trialseed=601
