[관계] 항목 8개(훈련 4, 새 4), 반쪽 50 중 활성 15, 항목 간 겹침 1~7(평균 4.8), 새↔훈련 겹침 1~7, 패턴 64개(S 8, D 56)
make: Entering directory '/root/e132_main_run/minimal_circuit_CODE'
make: Leaving directory '/root/e132_main_run/minimal_circuit_CODE'
[KC발달] env=corr rounds=1000 exposures=200 theta=0.15 items=20 | 일치형 같은 위치 256/400 | 불일치형 같은 위치 242/400 | (호스트 계산 0.640/0.605)
  시행    1~ 400: 정답률  51.0%
  시행  401~ 800: 정답률  59.8%
=> SDGEN mode=learn seed=33 trialseed=600 train_same=100.0 train_diff=49.1 train_bal=74.5 novel_same=100.0 novel_diff=85.7 novel_bal=92.9 | ties train:0 novel:0 | n_same/diff train 45/55 novel 51/49
=> SDLAB diff=cyclic rule=samediff mode=learn seed=33 trialseed=600 train_accL=100.0 train_accR=49.1 train_lbal=74.5 novel_accL=100.0 novel_accR=85.7 novel_lbal=92.9

=== 평가 (탐색 없음, 학습 없음, 무작위 순서 100시행) : 정답률 40.0% | 동점 0회 ===
   자극 A: 0/60 (0.0%)
   자극 B: 40/40 (100.0%)

=== 학습 후 자극별 출력 (선택 이전의 원 신호) ===
  자극 A → 정답 L | out_L=  41  out_R=  43  차이    -2 | KC 123개
  자극 B → 정답 R | out_L=  41  out_R=  46  차이    -5 | KC 121개

=== 가중치 구조 (A전용 KC 111개, B전용 KC 109개) ===
  A전용 KC → out_L 평균 0.5322 | out_R 평균 0.5395 | 차이 -0.0073 (정답은 out_L) **반대**
  B전용 KC → out_L 평균 0.5536 | out_R 평균 0.5298 | 차이 +0.0238 (정답은 out_R) **반대**

=== 가중치 변화 ===
  kc_out_l: n=7982 |Δ|평균 0.06101 변화율  64.5% | 평균 0.500→0.548 | std 0.0000→0.0807
  kc_out_r: n=7996 |Δ|평균 0.03788 변화율  64.4% | 평균 0.500→0.531 | std 0.0000→0.0472

=== 요약 (mode=learn seed=33) ===
  첫 구간 51.0% → 마지막 구간 59.8% | 변화 +8.8%p | 보상률 55.4%
=> MINCIRC mode=learn seed=33 first=51.0 last=59.8 delta=+8.8 reward=55.4 **eval=40.0** tie=0 trialseed=600
