[관계] 항목 8개(훈련 4, 새 4), 반쪽 50 중 활성 15, 항목 간 겹침 1~7(평균 4.9), 새↔훈련 겹침 1~7, 패턴 64개(S 8, D 56)
make: Entering directory '/root/e132_main_run/minimal_circuit_CODE'
make: Leaving directory '/root/e132_main_run/minimal_circuit_CODE'
[KC발달] env=corr rounds=1000 exposures=200 theta=0.15 items=20 | 일치형 같은 위치 177/400 | 불일치형 같은 위치 202/400 | (호스트 계산 0.443/0.505)
  시행    1~ 400: 정답률  56.2%
  시행  401~ 800: 정답률  57.5%
=> SDGEN mode=learn seed=32 trialseed=600 train_same=78.6 train_diff=100.0 train_bal=89.3 novel_same=75.0 novel_diff=63.5 novel_bal=69.2 | ties train:11 novel:0 | n_same/diff train 42/58 novel 48/52
=> SDLAB diff=cyclic rule=samediff mode=learn seed=32 trialseed=600 train_accL=78.6 train_accR=100.0 train_lbal=89.3 novel_accL=75.0 novel_accR=63.5 novel_lbal=69.2

=== 평가 (탐색 없음, 학습 없음, 무작위 순서 100시행) : 정답률 0.0% | 동점 0회 ===
   자극 A: 0/53 (0.0%)
   자극 B: 0/47 (0.0%)

=== 학습 후 자극별 출력 (선택 이전의 원 신호) ===
  자극 A → 정답 L | out_L=  27  out_R=  41  차이   -14 | KC 110개
  자극 B → 정답 R | out_L=  40  out_R=  31  차이    +9 | KC 112개

=== 가중치 구조 (A전용 KC 96개, B전용 KC 98개) ===
  A전용 KC → out_L 평균 0.5305 | out_R 평균 0.5460 | 차이 -0.0154 (정답은 out_L) **반대**
  B전용 KC → out_L 평균 0.5358 | out_R 평균 0.5399 | 차이 -0.0040 (정답은 out_R) **정답쪽 우세**

=== 가중치 변화 ===
  kc_out_l: n=8133 |Δ|평균 0.04043 변화율  60.7% | 평균 0.500→0.534 | std 0.0000→0.0580
  kc_out_r: n=7944 |Δ|평균 0.05836 변화율  62.2% | 평균 0.500→0.548 | std 0.0000→0.0705

=== 요약 (mode=learn seed=32) ===
  첫 구간 56.2% → 마지막 구간 57.5% | 변화 +1.2%p | 보상률 56.9%
=> MINCIRC mode=learn seed=32 first=56.2 last=57.5 delta=+1.2 reward=56.9 **eval=0.0** tie=0 trialseed=600
