[관계] 항목 8개(훈련 4, 새 4), 반쪽 50 중 활성 15, 항목 간 겹침 1~8(평균 4.3), 새↔훈련 겹침 1~6, 패턴 64개(S 8, D 56)
make: Entering directory '/root/e132_main_run/minimal_circuit_CODE'
make: Leaving directory '/root/e132_main_run/minimal_circuit_CODE'
[KC발달] env=corr rounds=1000 exposures=200 theta=0.15 items=20 | 일치형 같은 위치 237/400 | 불일치형 같은 위치 239/400 | (호스트 계산 0.593/0.598)
  시행    1~ 400: 정답률  55.0%
  시행  401~ 800: 정답률  56.5%
=> SDGEN mode=learn seed=40 trialseed=600 train_same=100.0 train_diff=9.6 train_bal=54.8 novel_same=100.0 novel_diff=60.4 novel_bal=80.2 | ties train:0 novel:5 | n_same/diff train 48/52 novel 47/53
=> SDLAB diff=cyclic rule=samediff mode=learn seed=40 trialseed=600 train_accL=100.0 train_accR=9.6 train_lbal=54.8 novel_accL=100.0 novel_accR=60.4 novel_lbal=80.2

=== 평가 (탐색 없음, 학습 없음, 무작위 순서 100시행) : 정답률 47.0% | 동점 0회 ===
   자극 A: 0/53 (0.0%)
   자극 B: 47/47 (100.0%)

=== 학습 후 자극별 출력 (선택 이전의 원 신호) ===
  자극 A → 정답 L | out_L=  26  out_R=  38  차이   -12 | KC 117개
  자극 B → 정답 R | out_L=  39  out_R=  41  차이    -2 | KC 107개

=== 가중치 구조 (A전용 KC 100개, B전용 KC 90개) ===
  A전용 KC → out_L 평균 0.5055 | out_R 평균 0.5331 | 차이 -0.0276 (정답은 out_L) **반대**
  B전용 KC → out_L 평균 0.5387 | out_R 평균 0.5345 | 차이 +0.0042 (정답은 out_R) **반대**

=== 가중치 변화 ===
  kc_out_l: n=7977 |Δ|평균 0.06397 변화율  67.4% | 평균 0.500→0.550 | std 0.0000→0.0793
  kc_out_r: n=7961 |Δ|평균 0.03121 변화율  67.4% | 평균 0.500→0.526 | std 0.0000→0.0388

=== 요약 (mode=learn seed=40) ===
  첫 구간 55.0% → 마지막 구간 56.5% | 변화 +1.5%p | 보상률 55.8%
=> MINCIRC mode=learn seed=40 first=55.0 last=56.5 delta=+1.5 reward=55.8 **eval=47.0** tie=0 trialseed=600
