[관계] 항목 8개(훈련 4, 새 4), 반쪽 50 중 활성 15, 항목 간 겹침 2~7(평균 4.4), 새↔훈련 겹침 2~7, 패턴 64개(S 8, D 56)
make: Entering directory '/root/e132_main_run/minimal_circuit_CODE'
make: Leaving directory '/root/e132_main_run/minimal_circuit_CODE'
[KC발달] env=corr rounds=1000 exposures=200 theta=0.15 items=20 | 일치형 같은 위치 193/400 | 불일치형 같은 위치 204/400 | (호스트 계산 0.482/0.510)
  시행    1~ 400: 정답률  58.0%
  시행  401~ 800: 정답률  62.7%
=> SDGEN mode=frozen seed=41 trialseed=600 train_same=100.0 train_diff=58.9 train_bal=79.5 novel_same=18.0 novel_diff=52.0 novel_bal=35.0 | ties train:0 novel:0 | n_same/diff train 44/56 novel 50/50
=> SDLAB diff=cyclic rule=samediff mode=frozen seed=41 trialseed=600 train_accL=100.0 train_accR=58.9 train_lbal=79.5 novel_accL=18.0 novel_accR=52.0 novel_lbal=35.0

=== 평가 (탐색 없음, 학습 없음, 무작위 순서 100시행) : 정답률 100.0% | 동점 0회 ===
   자극 A: 57/57 (100.0%)
   자극 B: 43/43 (100.0%)

=== 학습 후 자극별 출력 (선택 이전의 원 신호) ===
  자극 A → 정답 L | out_L=  39  out_R=  18  차이   +21 | KC 116개
  자극 B → 정답 R | out_L=  10  out_R=  44  차이   -34 | KC 134개

=== 가중치 구조 (A전용 KC 96개, B전용 KC 114개) ===
  A전용 KC → out_L 평균 0.5000 | out_R 평균 0.5000 | 차이 +0.0000 (정답은 out_L) **반대**
  B전용 KC → out_L 평균 0.5000 | out_R 평균 0.5000 | 차이 +0.0000 (정답은 out_R) **정답쪽 우세**

=== 가중치 변화 ===
  kc_out_l: n=7979 |Δ|평균 0.00000 변화율   0.0% | 평균 0.500→0.500 | std 0.0000→0.0000
  kc_out_r: n=8079 |Δ|평균 0.00000 변화율   0.0% | 평균 0.500→0.500 | std 0.0000→0.0000

=== 요약 (mode=frozen seed=41) ===
  첫 구간 58.0% → 마지막 구간 62.7% | 변화 +4.8%p | 보상률 0.0%
=> MINCIRC mode=frozen seed=41 first=58.0 last=62.7 delta=+4.8 reward=0.0 **eval=100.0** tie=0 trialseed=600
