[관계] 항목 8개(훈련 4, 새 4), 반쪽 50 중 활성 15, 항목 간 겹침 3~7(평균 4.6), 새↔훈련 겹침 3~7, 패턴 64개(S 8, D 56)
make: Entering directory '/root/e132_main_run/minimal_circuit_CODE'
make: Leaving directory '/root/e132_main_run/minimal_circuit_CODE'
[KC발달] env=corr rounds=1000 exposures=200 theta=0.15 items=20 | 일치형 같은 위치 191/400 | 불일치형 같은 위치 173/400 | (호스트 계산 0.477/0.432)
  시행    1~ 400: 정답률  57.8%
  시행  401~ 800: 정답률  65.8%
=> SDGEN mode=learn seed=39 trialseed=600 train_same=78.0 train_diff=100.0 train_bal=89.0 novel_same=76.1 novel_diff=90.7 novel_bal=83.4 | ties train:0 novel:0 | n_same/diff train 50/50 novel 46/54
=> SDLAB diff=cyclic rule=samediff mode=learn seed=39 trialseed=600 train_accL=78.0 train_accR=100.0 train_lbal=89.0 novel_accL=76.1 novel_accR=90.7 novel_lbal=83.4

=== 평가 (탐색 없음, 학습 없음, 무작위 순서 100시행) : 정답률 0.0% | 동점 0회 ===
   자극 A: 0/58 (0.0%)
   자극 B: 0/42 (0.0%)

=== 학습 후 자극별 출력 (선택 이전의 원 신호) ===
  자극 A → 정답 L | out_L=  10  out_R=  21  차이   -11 | KC 142개
  자극 B → 정답 R | out_L=  37  out_R=  25  차이   +12 | KC 100개

=== 가중치 구조 (A전용 KC 130개, B전용 KC 88개) ===
  A전용 KC → out_L 평균 0.5270 | out_R 평균 0.5590 | 차이 -0.0321 (정답은 out_L) **반대**
  B전용 KC → out_L 평균 0.5364 | out_R 평균 0.5494 | 차이 -0.0130 (정답은 out_R) **정답쪽 우세**

=== 가중치 변화 ===
  kc_out_l: n=8125 |Δ|평균 0.04698 변화율  66.3% | 평균 0.500→0.540 | std 0.0000→0.0647
  kc_out_r: n=8033 |Δ|평균 0.06180 변화율  67.6% | 평균 0.500→0.553 | std 0.0000→0.0727

=== 요약 (mode=learn seed=39) ===
  첫 구간 57.8% → 마지막 구간 65.8% | 변화 +8.0%p | 보상률 61.8%
=> MINCIRC mode=learn seed=39 first=57.8 last=65.8 delta=+8.0 reward=61.8 **eval=0.0** tie=0 trialseed=600
