[관계] 항목 8개(훈련 4, 새 4), 반쪽 50 중 활성 15, 항목 간 겹침 2~8(평균 4.7), 새↔훈련 겹침 2~8, 패턴 64개(S 8, D 56)
make: Entering directory '/root/e132_main_run/minimal_circuit_CODE'
make: Leaving directory '/root/e132_main_run/minimal_circuit_CODE'
[KC발달] env=corr rounds=1000 exposures=200 theta=0.15 items=20 | 일치형 같은 위치 176/400 | 불일치형 같은 위치 186/400 | (호스트 계산 0.440/0.465)
  시행    1~ 400: 정답률  54.8%
  시행  401~ 800: 정답률  66.2%
=> SDGEN mode=learn seed=30 trialseed=600 train_same=100.0 train_diff=71.2 train_bal=85.6 novel_same=68.6 novel_diff=71.4 novel_bal=70.0 | ties train:0 novel:7 | n_same/diff train 48/52 novel 51/49
=> SDLAB diff=cyclic rule=samediff mode=learn seed=30 trialseed=600 train_accL=100.0 train_accR=71.2 train_lbal=85.6 novel_accL=68.6 novel_accR=71.4 novel_lbal=70.0

=== 평가 (탐색 없음, 학습 없음, 무작위 순서 100시행) : 정답률 44.0% | 동점 0회 ===
   자극 A: 0/56 (0.0%)
   자극 B: 44/44 (100.0%)

=== 학습 후 자극별 출력 (선택 이전의 원 신호) ===
  자극 A → 정답 L | out_L=  27  out_R=  45  차이   -18 | KC 119개
  자극 B → 정답 R | out_L=  31  out_R=  47  차이   -16 | KC 112개

=== 가중치 구조 (A전용 KC 105개, B전용 KC 98개) ===
  A전용 KC → out_L 평균 0.5499 | out_R 평균 0.5373 | 차이 +0.0126 (정답은 out_L) **정답쪽 우세**
  B전용 KC → out_L 평균 0.5278 | out_R 평균 0.5476 | 차이 -0.0199 (정답은 out_R) **정답쪽 우세**

=== 가중치 변화 ===
  kc_out_l: n=7986 |Δ|평균 0.05213 변화율  67.0% | 평균 0.500→0.544 | std 0.0000→0.0666
  kc_out_r: n=8119 |Δ|평균 0.04593 변화율  67.8% | 평균 0.500→0.540 | std 0.0000→0.0536

=== 요약 (mode=learn seed=30) ===
  첫 구간 54.8% → 마지막 구간 66.2% | 변화 +11.5%p | 보상률 60.5%
=> MINCIRC mode=learn seed=30 first=54.8 last=66.2 delta=+11.5 reward=60.5 **eval=44.0** tie=0 trialseed=600
