[관계] 항목 8개(훈련 4, 새 4), 반쪽 50 중 활성 15, 항목 간 겹침 2~7(평균 4.7), 새↔훈련 겹침 2~7, 패턴 64개(S 8, D 56)
make: Entering directory '/root/e132_main_run/minimal_circuit_CODE'
make: Nothing to be done for 'all'.
make: Leaving directory '/root/e132_main_run/minimal_circuit_CODE'
[KC발달] env=corr rounds=1000 exposures=200 theta=0.15 items=20 | 일치형 같은 위치 211/400 | 불일치형 같은 위치 218/400 | (호스트 계산 0.527/0.545)
  시행    1~ 400: 정답률  43.8%
  시행  401~ 800: 정답률  54.8%
=> SDGEN mode=learn seed=36 trialseed=601 train_same=30.6 train_diff=100.0 train_bal=65.3 novel_same=73.5 novel_diff=74.5 novel_bal=74.0 | ties train:0 novel:0 | n_same/diff train 49/51 novel 49/51
=> SDLAB diff=cyclic rule=samediff mode=learn seed=36 trialseed=601 train_accL=30.6 train_accR=100.0 train_lbal=65.3 novel_accL=73.5 novel_accR=74.5 novel_lbal=74.0

=== 평가 (탐색 없음, 학습 없음, 무작위 순서 100시행) : 정답률 41.0% | 동점 0회 ===
   자극 A: 0/59 (0.0%)
   자극 B: 41/41 (100.0%)

=== 학습 후 자극별 출력 (선택 이전의 원 신호) ===
  자극 A → 정답 L | out_L=  27  out_R=  42  차이   -15 | KC 120개
  자극 B → 정답 R | out_L=  32  out_R=  33  차이    -1 | KC 124개

=== 가중치 구조 (A전용 KC 104개, B전용 KC 108개) ===
  A전용 KC → out_L 평균 0.5122 | out_R 평균 0.5400 | 차이 -0.0278 (정답은 out_L) **반대**
  B전용 KC → out_L 평균 0.5191 | out_R 평균 0.5487 | 차이 -0.0296 (정답은 out_R) **정답쪽 우세**

=== 가중치 변화 ===
  kc_out_l: n=7979 |Δ|평균 0.03037 변화율  67.2% | 평균 0.500→0.522 | std 0.0000→0.0417
  kc_out_r: n=7971 |Δ|평균 0.04932 변화율  67.1% | 평균 0.500→0.539 | std 0.0000→0.0593

=== 요약 (mode=learn seed=36) ===
  첫 구간 43.8% → 마지막 구간 54.8% | 변화 +11.0%p | 보상률 49.2%
=> MINCIRC mode=learn seed=36 first=43.8 last=54.8 delta=+11.0 reward=49.2 **eval=41.0** tie=0 trialseed=601
