[관계] 항목 8개(훈련 4, 새 4), 반쪽 50 중 활성 15, 항목 간 겹침 2~8(평균 4.9), 새↔훈련 겹침 2~8, 패턴 64개(S 8, D 56)
make: Entering directory '/root/e132_main_run/minimal_circuit_CODE'
make: Leaving directory '/root/e132_main_run/minimal_circuit_CODE'
[KC발달] env=corr rounds=1000 exposures=200 theta=0.15 items=20 | 일치형 같은 위치 242/400 | 불일치형 같은 위치 207/400 | (호스트 계산 0.605/0.517)
  시행    1~ 400: 정답률  51.7%
  시행  401~ 800: 정답률  56.8%
=> SDGEN mode=learn seed=45 trialseed=600 train_same=100.0 train_diff=51.2 train_bal=75.6 novel_same=100.0 novel_diff=46.6 novel_bal=73.3 | ties train:0 novel:5 | n_same/diff train 57/43 novel 42/58
=> SDLAB diff=cyclic rule=samediff mode=learn seed=45 trialseed=600 train_accL=100.0 train_accR=51.2 train_lbal=75.6 novel_accL=100.0 novel_accR=46.6 novel_lbal=73.3

=== 평가 (탐색 없음, 학습 없음, 무작위 순서 100시행) : 정답률 100.0% | 동점 0회 ===
   자극 A: 49/49 (100.0%)
   자극 B: 51/51 (100.0%)

=== 학습 후 자극별 출력 (선택 이전의 원 신호) ===
  자극 A → 정답 L | out_L=  14  out_R=  10  차이    +4 | KC 131개
  자극 B → 정답 R | out_L=  39  out_R=  41  차이    -2 | KC 112개

=== 가중치 구조 (A전용 KC 125개, B전용 KC 106개) ===
  A전용 KC → out_L 평균 0.5488 | out_R 평균 0.5287 | 차이 +0.0201 (정답은 out_L) **정답쪽 우세**
  B전용 KC → out_L 평균 0.5163 | out_R 평균 0.5446 | 차이 -0.0283 (정답은 out_R) **정답쪽 우세**

=== 가중치 변화 ===
  kc_out_l: n=8047 |Δ|평균 0.06472 변화율  62.6% | 평균 0.500→0.550 | std 0.0000→0.0849
  kc_out_r: n=7997 |Δ|평균 0.02947 변화율  62.3% | 평균 0.500→0.524 | std 0.0000→0.0403

=== 요약 (mode=learn seed=45) ===
  첫 구간 51.7% → 마지막 구간 56.8% | 변화 +5.0%p | 보상률 54.2%
=> MINCIRC mode=learn seed=45 first=51.7 last=56.8 delta=+5.0 reward=54.2 **eval=100.0** tie=0 trialseed=600
