[관계] 항목 8개(훈련 4, 새 4), 반쪽 50 중 활성 15, 항목 간 겹침 1~9(평균 4.2), 새↔훈련 겹침 1~9, 패턴 64개(S 8, D 56)
make: Entering directory '/root/e132_main_run/minimal_circuit_CODE'
make: Leaving directory '/root/e132_main_run/minimal_circuit_CODE'
[KC발달] env=corr rounds=1000 exposures=200 theta=0.15 items=20 | 일치형 같은 위치 270/400 | 불일치형 같은 위치 257/400 | (호스트 계산 0.675/0.642)
  시행    1~ 400: 정답률  60.8%
  시행  401~ 800: 정답률  59.8%
=> SDGEN mode=frozen seed=31 trialseed=600 train_same=58.3 train_diff=100.0 train_bal=79.2 novel_same=16.0 novel_diff=84.0 novel_bal=50.0 | ties train:0 novel:22 | n_same/diff train 48/52 novel 50/50
=> SDLAB diff=cyclic rule=samediff mode=frozen seed=31 trialseed=600 train_accL=58.3 train_accR=100.0 train_lbal=79.2 novel_accL=16.0 novel_accR=84.0 novel_lbal=50.0

=== 평가 (탐색 없음, 학습 없음, 무작위 순서 100시행) : 정답률 0.0% | 동점 0회 ===
   자극 A: 0/47 (0.0%)
   자극 B: 0/53 (0.0%)

=== 학습 후 자극별 출력 (선택 이전의 원 신호) ===
  자극 A → 정답 L | out_L=  15  out_R=  30  차이   -15 | KC 134개
  자극 B → 정답 R | out_L=  44  out_R=  21  차이   +23 | KC 125개

=== 가중치 구조 (A전용 KC 114개, B전용 KC 105개) ===
  A전용 KC → out_L 평균 0.5000 | out_R 평균 0.5000 | 차이 +0.0000 (정답은 out_L) **반대**
  B전용 KC → out_L 평균 0.5000 | out_R 평균 0.5000 | 차이 +0.0000 (정답은 out_R) **정답쪽 우세**

=== 가중치 변화 ===
  kc_out_l: n=7972 |Δ|평균 0.00000 변화율   0.0% | 평균 0.500→0.500 | std 0.0000→0.0000
  kc_out_r: n=8034 |Δ|평균 0.00000 변화율   0.0% | 평균 0.500→0.500 | std 0.0000→0.0000

=== 요약 (mode=frozen seed=31) ===
  첫 구간 60.8% → 마지막 구간 59.8% | 변화 -1.0%p | 보상률 0.0%
=> MINCIRC mode=frozen seed=31 first=60.8 last=59.8 delta=-1.0 reward=0.0 **eval=0.0** tie=0 trialseed=600
