[관계] 항목 8개(훈련 4, 새 4), 반쪽 50 중 활성 15, 항목 간 겹침 2~8(평균 5.0), 새↔훈련 겹침 3~8, 패턴 64개(S 8, D 56)
make: Entering directory '/root/e132_main_run/minimal_circuit_CODE'
make: Leaving directory '/root/e132_main_run/minimal_circuit_CODE'
[KC발달] env=corr rounds=1000 exposures=200 theta=0.15 items=20 | 일치형 같은 위치 252/400 | 불일치형 같은 위치 255/400 | (호스트 계산 0.630/0.637)
  시행    1~ 400: 정답률  59.5%
  시행  401~ 800: 정답률  70.5%
=> SDGEN mode=learn seed=44 trialseed=600 train_same=100.0 train_diff=100.0 train_bal=100.0 novel_same=100.0 novel_diff=53.1 novel_bal=76.6 | ties train:0 novel:0 | n_same/diff train 55/45 novel 36/64
=> SDLAB diff=cyclic rule=samediff mode=learn seed=44 trialseed=600 train_accL=100.0 train_accR=100.0 train_lbal=100.0 novel_accL=100.0 novel_accR=53.1 novel_lbal=76.6

=== 평가 (탐색 없음, 학습 없음, 무작위 순서 100시행) : 정답률 59.0% | 동점 0회 ===
   자극 A: 0/41 (0.0%)
   자극 B: 59/59 (100.0%)

=== 학습 후 자극별 출력 (선택 이전의 원 신호) ===
  자극 A → 정답 L | out_L=   7  out_R=  34  차이   -27 | KC 132개
  자극 B → 정답 R | out_L=  21  out_R=  38  차이   -17 | KC 124개

=== 가중치 구조 (A전용 KC 121개, B전용 KC 113개) ===
  A전용 KC → out_L 평균 0.5345 | out_R 평균 0.5548 | 차이 -0.0204 (정답은 out_L) **반대**
  B전용 KC → out_L 평균 0.5376 | out_R 평균 0.5449 | 차이 -0.0073 (정답은 out_R) **정답쪽 우세**

=== 가중치 변화 ===
  kc_out_l: n=8001 |Δ|평균 0.06525 변화율  68.3% | 평균 0.500→0.557 | std 0.0000→0.0841
  kc_out_r: n=7991 |Δ|평균 0.05127 변화율  67.7% | 평균 0.500→0.544 | std 0.0000→0.0601

=== 요약 (mode=learn seed=44) ===
  첫 구간 59.5% → 마지막 구간 70.5% | 변화 +11.0%p | 보상률 65.0%
=> MINCIRC mode=learn seed=44 first=59.5 last=70.5 delta=+11.0 reward=65.0 **eval=59.0** tie=0 trialseed=600
