[관계] 항목 8개(훈련 4, 새 4), 반쪽 50 중 활성 15, 항목 간 겹침 1~9(평균 4.2), 새↔훈련 겹침 1~9, 패턴 64개(S 8, D 56)
make: Entering directory '/root/e132_main_run/minimal_circuit_CODE'
make: Leaving directory '/root/e132_main_run/minimal_circuit_CODE'
[KC발달] env=corr rounds=1000 exposures=200 theta=0.15 items=20 | 일치형 같은 위치 270/400 | 불일치형 같은 위치 257/400 | (호스트 계산 0.675/0.642)
  시행    1~ 400: 정답률  62.0%
  시행  401~ 800: 정답률  70.5%
=> SDGEN mode=learn seed=31 trialseed=600 train_same=100.0 train_diff=100.0 train_bal=100.0 novel_same=100.0 novel_diff=100.0 novel_bal=100.0 | ties train:0 novel:0 | n_same/diff train 48/52 novel 47/53
=> SDLAB diff=cyclic rule=samediff mode=learn seed=31 trialseed=600 train_accL=100.0 train_accR=100.0 train_lbal=100.0 novel_accL=100.0 novel_accR=100.0 novel_lbal=100.0

=== 평가 (탐색 없음, 학습 없음, 무작위 순서 100시행) : 정답률 47.0% | 동점 0회 ===
   자극 A: 47/47 (100.0%)
   자극 B: 0/53 (0.0%)

=== 학습 후 자극별 출력 (선택 이전의 원 신호) ===
  자극 A → 정답 L | out_L=  17  out_R=  11  차이    +6 | KC 134개
  자극 B → 정답 R | out_L=  34  out_R=  23  차이   +11 | KC 125개

=== 가중치 구조 (A전용 KC 114개, B전용 KC 105개) ===
  A전용 KC → out_L 평균 0.5794 | out_R 평균 0.5620 | 차이 +0.0174 (정답은 out_L) **정답쪽 우세**
  B전용 KC → out_L 평균 0.5384 | out_R 평균 0.5568 | 차이 -0.0183 (정답은 out_R) **정답쪽 우세**

=== 가중치 변화 ===
  kc_out_l: n=7972 |Δ|평균 0.06241 변화율  74.0% | 평균 0.500→0.555 | std 0.0000→0.0766
  kc_out_r: n=8034 |Δ|평균 0.05909 변화율  74.9% | 평균 0.500→0.550 | std 0.0000→0.0624

=== 요약 (mode=learn seed=31) ===
  첫 구간 62.0% → 마지막 구간 70.5% | 변화 +8.5%p | 보상률 66.2%
=> MINCIRC mode=learn seed=31 first=62.0 last=70.5 delta=+8.5 reward=66.2 **eval=47.0** tie=0 trialseed=600
