[관계] 항목 8개(훈련 4, 새 4), 반쪽 50 중 활성 15, 항목 간 겹침 0~8(평균 4.3), 새↔훈련 겹침 2~6, 패턴 64개(S 8, D 56)
make: Entering directory '/root/e132_main_run/minimal_circuit_CODE'
make: Nothing to be done for 'all'.
make: Leaving directory '/root/e132_main_run/minimal_circuit_CODE'
[KC발달] env=corr rounds=1000 exposures=200 theta=0.15 items=20 | 일치형 같은 위치 240/400 | 불일치형 같은 위치 221/400 | (호스트 계산 0.600/0.552)
  시행    1~ 400: 정답률  48.5%
  시행  401~ 800: 정답률  51.5%
=> SDGEN mode=learn seed=38 trialseed=601 train_same=100.0 train_diff=19.1 train_bal=59.6 novel_same=100.0 novel_diff=36.2 novel_bal=68.1 | ties train:0 novel:0 | n_same/diff train 53/47 novel 53/47
=> SDLAB diff=cyclic rule=samediff mode=learn seed=38 trialseed=601 train_accL=100.0 train_accR=19.1 train_lbal=59.6 novel_accL=100.0 novel_accR=36.2 novel_lbal=68.1

=== 평가 (탐색 없음, 학습 없음, 무작위 순서 100시행) : 정답률 0.0% | 동점 0회 ===
   자극 A: 0/61 (0.0%)
   자극 B: 0/39 (0.0%)

=== 학습 후 자극별 출력 (선택 이전의 원 신호) ===
  자극 A → 정답 L | out_L=   8  out_R=  41  차이   -33 | KC 127개
  자극 B → 정답 R | out_L=  42  out_R=  26  차이   +16 | KC 123개

=== 가중치 구조 (A전용 KC 113개, B전용 KC 109개) ===
  A전용 KC → out_L 평균 0.5251 | out_R 평균 0.5361 | 차이 -0.0110 (정답은 out_L) **반대**
  B전용 KC → out_L 평균 0.5329 | out_R 평균 0.5196 | 차이 +0.0133 (정답은 out_R) **반대**

=== 가중치 변화 ===
  kc_out_l: n=8034 |Δ|평균 0.06464 변화율  78.9% | 평균 0.500→0.544 | std 0.0000→0.0744
  kc_out_r: n=7818 |Δ|평균 0.02899 변화율  78.5% | 평균 0.500→0.523 | std 0.0000→0.0343

=== 요약 (mode=learn seed=38) ===
  첫 구간 48.5% → 마지막 구간 51.5% | 변화 +3.0%p | 보상률 50.0%
=> MINCIRC mode=learn seed=38 first=48.5 last=51.5 delta=+3.0 reward=50.0 **eval=0.0** tie=0 trialseed=601
