[관계] 항목 8개(훈련 4, 새 4), 반쪽 50 중 활성 15, 항목 간 겹침 1~7(평균 4.9), 새↔훈련 겹침 1~7, 패턴 64개(S 8, D 56)
make: Entering directory '/root/e132_main_run/minimal_circuit_CODE'
make: Leaving directory '/root/e132_main_run/minimal_circuit_CODE'
[KC발달] env=corr rounds=1000 exposures=200 theta=0.15 items=20 | 일치형 같은 위치 177/400 | 불일치형 같은 위치 202/400 | (호스트 계산 0.443/0.505)
  시행    1~ 400: 정답률  61.0%
  시행  401~ 800: 정답률  58.5%
=> SDGEN mode=frozen seed=32 trialseed=600 train_same=48.8 train_diff=100.0 train_bal=74.4 novel_same=73.5 novel_diff=11.8 novel_bal=42.6 | ties train:0 novel:0 | n_same/diff train 41/59 novel 49/51
=> SDLAB diff=cyclic rule=samediff mode=frozen seed=32 trialseed=600 train_accL=48.8 train_accR=100.0 train_lbal=74.4 novel_accL=73.5 novel_accR=11.8 novel_lbal=42.6

=== 평가 (탐색 없음, 학습 없음, 무작위 순서 100시행) : 정답률 53.0% | 동점 0회 ===
   자극 A: 53/53 (100.0%)
   자극 B: 0/47 (0.0%)

=== 학습 후 자극별 출력 (선택 이전의 원 신호) ===
  자극 A → 정답 L | out_L=  40  out_R=  33  차이    +7 | KC 110개
  자극 B → 정답 R | out_L=  42  out_R=  32  차이   +10 | KC 112개

=== 가중치 구조 (A전용 KC 96개, B전용 KC 98개) ===
  A전용 KC → out_L 평균 0.5000 | out_R 평균 0.5000 | 차이 +0.0000 (정답은 out_L) **반대**
  B전용 KC → out_L 평균 0.5000 | out_R 평균 0.5000 | 차이 +0.0000 (정답은 out_R) **정답쪽 우세**

=== 가중치 변화 ===
  kc_out_l: n=8133 |Δ|평균 0.00000 변화율   0.0% | 평균 0.500→0.500 | std 0.0000→0.0000
  kc_out_r: n=7944 |Δ|평균 0.00000 변화율   0.0% | 평균 0.500→0.500 | std 0.0000→0.0000

=== 요약 (mode=frozen seed=32) ===
  첫 구간 61.0% → 마지막 구간 58.5% | 변화 -2.5%p | 보상률 0.0%
=> MINCIRC mode=frozen seed=32 first=61.0 last=58.5 delta=-2.5 reward=0.0 **eval=53.0** tie=0 trialseed=600
