[관계] 항목 8개(훈련 4, 새 4), 반쪽 50 중 활성 15, 항목 간 겹침 0~9(평균 4.4), 새↔훈련 겹침 0~7, 패턴 64개(S 8, D 56)
make: Entering directory '/root/e132_main_run/minimal_circuit_CODE'
make: Leaving directory '/root/e132_main_run/minimal_circuit_CODE'
[KC발달] env=corr rounds=1000 exposures=200 theta=0.15 items=20 | 일치형 같은 위치 199/400 | 불일치형 같은 위치 203/400 | (호스트 계산 0.497/0.507)
  시행    1~ 400: 정답률  50.0%
  시행  401~ 800: 정답률  51.2%
=> SDGEN mode=frozen seed=43 trialseed=600 train_same=37.5 train_diff=55.8 train_bal=46.6 novel_same=75.5 novel_diff=44.7 novel_bal=60.1 | ties train:0 novel:6 | n_same/diff train 48/52 novel 53/47
=> SDLAB diff=cyclic rule=samediff mode=frozen seed=43 trialseed=600 train_accL=37.5 train_accR=55.8 train_lbal=46.6 novel_accL=75.5 novel_accR=44.7 novel_lbal=60.1

=== 평가 (탐색 없음, 학습 없음, 무작위 순서 100시행) : 정답률 100.0% | 동점 0회 ===
   자극 A: 48/48 (100.0%)
   자극 B: 52/52 (100.0%)

=== 학습 후 자극별 출력 (선택 이전의 원 신호) ===
  자극 A → 정답 L | out_L=  38  out_R=  20  차이   +18 | KC 127개
  자극 B → 정답 R | out_L=  31  out_R=  33  차이    -2 | KC 115개

=== 가중치 구조 (A전용 KC 115개, B전용 KC 103개) ===
  A전용 KC → out_L 평균 0.5000 | out_R 평균 0.5000 | 차이 +0.0000 (정답은 out_L) **반대**
  B전용 KC → out_L 평균 0.5000 | out_R 평균 0.5000 | 차이 +0.0000 (정답은 out_R) **정답쪽 우세**

=== 가중치 변화 ===
  kc_out_l: n=7923 |Δ|평균 0.00000 변화율   0.0% | 평균 0.500→0.500 | std 0.0000→0.0000
  kc_out_r: n=7882 |Δ|평균 0.00000 변화율   0.0% | 평균 0.500→0.500 | std 0.0000→0.0000

=== 요약 (mode=frozen seed=43) ===
  첫 구간 50.0% → 마지막 구간 51.2% | 변화 +1.2%p | 보상률 0.0%
=> MINCIRC mode=frozen seed=43 first=50.0 last=51.2 delta=+1.2 reward=0.0 **eval=100.0** tie=0 trialseed=600
