[관계] 항목 8개(훈련 4, 새 4), 반쪽 50 중 활성 15, 항목 간 겹침 1~7(평균 4.8), 새↔훈련 겹침 1~7, 패턴 64개(S 8, D 56)
make: Entering directory '/root/e132_main_run/minimal_circuit_CODE'
make: Leaving directory '/root/e132_main_run/minimal_circuit_CODE'
[KC발달] env=corr rounds=1000 exposures=200 theta=0.15 items=20 | 일치형 같은 위치 256/400 | 불일치형 같은 위치 242/400 | (호스트 계산 0.640/0.605)
  시행    1~ 400: 정답률  48.8%
  시행  401~ 800: 정답률  52.5%
=> SDGEN mode=frozen seed=33 trialseed=600 train_same=48.9 train_diff=52.7 train_bal=50.8 novel_same=90.0 novel_diff=90.0 novel_bal=90.0 | ties train:0 novel:16 | n_same/diff train 45/55 novel 50/50
=> SDLAB diff=cyclic rule=samediff mode=frozen seed=33 trialseed=600 train_accL=48.9 train_accR=52.7 train_lbal=50.8 novel_accL=90.0 novel_accR=90.0 novel_lbal=90.0

=== 평가 (탐색 없음, 학습 없음, 무작위 순서 100시행) : 정답률 40.0% | 동점 0회 ===
   자극 A: 0/60 (0.0%)
   자극 B: 40/40 (100.0%)

=== 학습 후 자극별 출력 (선택 이전의 원 신호) ===
  자극 A → 정답 L | out_L=  40  out_R=  48  차이    -8 | KC 123개
  자극 B → 정답 R | out_L=  36  out_R=  41  차이    -5 | KC 121개

=== 가중치 구조 (A전용 KC 111개, B전용 KC 109개) ===
  A전용 KC → out_L 평균 0.5000 | out_R 평균 0.5000 | 차이 +0.0000 (정답은 out_L) **반대**
  B전용 KC → out_L 평균 0.5000 | out_R 평균 0.5000 | 차이 +0.0000 (정답은 out_R) **정답쪽 우세**

=== 가중치 변화 ===
  kc_out_l: n=7982 |Δ|평균 0.00000 변화율   0.0% | 평균 0.500→0.500 | std 0.0000→0.0000
  kc_out_r: n=7996 |Δ|평균 0.00000 변화율   0.0% | 평균 0.500→0.500 | std 0.0000→0.0000

=== 요약 (mode=frozen seed=33) ===
  첫 구간 48.8% → 마지막 구간 52.5% | 변화 +3.8%p | 보상률 0.0%
=> MINCIRC mode=frozen seed=33 first=48.8 last=52.5 delta=+3.8 reward=0.0 **eval=40.0** tie=0 trialseed=600
