[관계] 항목 8개(훈련 4, 새 4), 반쪽 50 중 활성 15, 항목 간 겹침 3~7(평균 4.6), 새↔훈련 겹침 3~7, 패턴 64개(S 8, D 56)
make: Entering directory '/root/e132_main_run/minimal_circuit_CODE'
make: Nothing to be done for 'all'.
make: Leaving directory '/root/e132_main_run/minimal_circuit_CODE'
[KC발달] env=corr rounds=1000 exposures=200 theta=0.15 items=20 | 일치형 같은 위치 191/400 | 불일치형 같은 위치 173/400 | (호스트 계산 0.477/0.432)
  시행    1~ 400: 정답률  55.2%
  시행  401~ 800: 정답률  63.0%
=> SDGEN mode=frozen seed=39 trialseed=601 train_same=50.0 train_diff=100.0 train_bal=75.0 novel_same=47.3 novel_diff=42.2 novel_bal=44.7 | ties train:0 novel:4 | n_same/diff train 50/50 novel 55/45
=> SDLAB diff=cyclic rule=samediff mode=frozen seed=39 trialseed=601 train_accL=50.0 train_accR=100.0 train_lbal=75.0 novel_accL=47.3 novel_accR=42.2 novel_lbal=44.7

=== 평가 (탐색 없음, 학습 없음, 무작위 순서 100시행) : 정답률 0.0% | 동점 0회 ===
   자극 A: 0/58 (0.0%)
   자극 B: 0/42 (0.0%)

=== 학습 후 자극별 출력 (선택 이전의 원 신호) ===
  자극 A → 정답 L | out_L=  23  out_R=  28  차이    -5 | KC 142개
  자극 B → 정답 R | out_L=  30  out_R=  18  차이   +12 | KC 100개

=== 가중치 구조 (A전용 KC 130개, B전용 KC 88개) ===
  A전용 KC → out_L 평균 0.5000 | out_R 평균 0.5000 | 차이 +0.0000 (정답은 out_L) **반대**
  B전용 KC → out_L 평균 0.5000 | out_R 평균 0.5000 | 차이 +0.0000 (정답은 out_R) **정답쪽 우세**

=== 가중치 변화 ===
  kc_out_l: n=8125 |Δ|평균 0.00000 변화율   0.0% | 평균 0.500→0.500 | std 0.0000→0.0000
  kc_out_r: n=8033 |Δ|평균 0.00000 변화율   0.0% | 평균 0.500→0.500 | std 0.0000→0.0000

=== 요약 (mode=frozen seed=39) ===
  첫 구간 55.2% → 마지막 구간 63.0% | 변화 +7.8%p | 보상률 0.0%
=> MINCIRC mode=frozen seed=39 first=55.2 last=63.0 delta=+7.8 reward=0.0 **eval=0.0** tie=0 trialseed=601
