[관계] 항목 8개(훈련 4, 새 4), 반쪽 50 중 활성 15, 항목 간 겹침 2~8(평균 4.9), 새↔훈련 겹침 2~8, 패턴 64개(S 8, D 56)
make: Entering directory '/root/e132_main_run/minimal_circuit_CODE'
make: Nothing to be done for 'all'.
make: Leaving directory '/root/e132_main_run/minimal_circuit_CODE'
[KC발달] env=corr rounds=1000 exposures=200 theta=0.15 items=20 | 일치형 같은 위치 242/400 | 불일치형 같은 위치 207/400 | (호스트 계산 0.605/0.517)
  시행    1~ 400: 정답률  52.0%
  시행  401~ 800: 정답률  54.8%
=> SDGEN mode=frozen seed=45 trialseed=601 train_same=100.0 train_diff=27.9 train_bal=64.0 novel_same=0.0 novel_diff=50.0 novel_bal=25.0 | ties train:0 novel:8 | n_same/diff train 57/43 novel 54/46
=> SDLAB diff=cyclic rule=samediff mode=frozen seed=45 trialseed=601 train_accL=100.0 train_accR=27.9 train_lbal=64.0 novel_accL=0.0 novel_accR=50.0 novel_lbal=25.0

=== 평가 (탐색 없음, 학습 없음, 무작위 순서 100시행) : 정답률 51.0% | 동점 0회 ===
   자극 A: 0/49 (0.0%)
   자극 B: 51/51 (100.0%)

=== 학습 후 자극별 출력 (선택 이전의 원 신호) ===
  자극 A → 정답 L | out_L=   9  out_R=  17  차이    -8 | KC 131개
  자극 B → 정답 R | out_L=  36  out_R=  37  차이    -1 | KC 112개

=== 가중치 구조 (A전용 KC 125개, B전용 KC 106개) ===
  A전용 KC → out_L 평균 0.5000 | out_R 평균 0.5000 | 차이 +0.0000 (정답은 out_L) **반대**
  B전용 KC → out_L 평균 0.5000 | out_R 평균 0.5000 | 차이 +0.0000 (정답은 out_R) **정답쪽 우세**

=== 가중치 변화 ===
  kc_out_l: n=8047 |Δ|평균 0.00000 변화율   0.0% | 평균 0.500→0.500 | std 0.0000→0.0000
  kc_out_r: n=7997 |Δ|평균 0.00000 변화율   0.0% | 평균 0.500→0.500 | std 0.0000→0.0000

=== 요약 (mode=frozen seed=45) ===
  첫 구간 52.0% → 마지막 구간 54.8% | 변화 +2.8%p | 보상률 0.0%
=> MINCIRC mode=frozen seed=45 first=52.0 last=54.8 delta=+2.8 reward=0.0 **eval=51.0** tie=0 trialseed=601
