[관계] 항목 8개(훈련 4, 새 4), 반쪽 50 중 활성 15, 항목 간 겹침 1~8(평균 4.3), 새↔훈련 겹침 1~6, 패턴 64개(S 8, D 56)
make: Entering directory '/root/e132_main_run/minimal_circuit_CODE'
make: Leaving directory '/root/e132_main_run/minimal_circuit_CODE'
[KC발달] env=corr rounds=1000 exposures=200 theta=0.15 items=20 | 일치형 같은 위치 237/400 | 불일치형 같은 위치 239/400 | (호스트 계산 0.593/0.598)
  시행    1~ 400: 정답률  51.7%
  시행  401~ 800: 정답률  56.0%
=> SDGEN mode=frozen seed=40 trialseed=600 train_same=100.0 train_diff=34.6 train_bal=67.3 novel_same=25.6 novel_diff=57.9 novel_bal=41.7 | ties train:0 novel:0 | n_same/diff train 48/52 novel 43/57
=> SDLAB diff=cyclic rule=samediff mode=frozen seed=40 trialseed=600 train_accL=100.0 train_accR=34.6 train_lbal=67.3 novel_accL=25.6 novel_accR=57.9 novel_lbal=41.7

=== 평가 (탐색 없음, 학습 없음, 무작위 순서 100시행) : 정답률 53.0% | 동점 0회 ===
   자극 A: 53/53 (100.0%)
   자극 B: 0/47 (0.0%)

=== 학습 후 자극별 출력 (선택 이전의 원 신호) ===
  자극 A → 정답 L | out_L=  40  out_R=  39  차이    +1 | KC 117개
  자극 B → 정답 R | out_L=  32  out_R=  31  차이    +1 | KC 107개

=== 가중치 구조 (A전용 KC 100개, B전용 KC 90개) ===
  A전용 KC → out_L 평균 0.5000 | out_R 평균 0.5000 | 차이 +0.0000 (정답은 out_L) **반대**
  B전용 KC → out_L 평균 0.5000 | out_R 평균 0.5000 | 차이 +0.0000 (정답은 out_R) **정답쪽 우세**

=== 가중치 변화 ===
  kc_out_l: n=7977 |Δ|평균 0.00000 변화율   0.0% | 평균 0.500→0.500 | std 0.0000→0.0000
  kc_out_r: n=7961 |Δ|평균 0.00000 변화율   0.0% | 평균 0.500→0.500 | std 0.0000→0.0000

=== 요약 (mode=frozen seed=40) ===
  첫 구간 51.7% → 마지막 구간 56.0% | 변화 +4.3%p | 보상률 0.0%
=> MINCIRC mode=frozen seed=40 first=51.7 last=56.0 delta=+4.3 reward=0.0 **eval=53.0** tie=0 trialseed=600
