[관계] 항목 8개(훈련 4, 새 4), 반쪽 50 중 활성 15, 항목 간 겹침 3~7(평균 4.6), 새↔훈련 겹침 3~7, 패턴 64개(S 8, D 56)
make: Entering directory '/root/e132_main_run/minimal_circuit_CODE'
make: Nothing to be done for 'all'.
make: Leaving directory '/root/e132_main_run/minimal_circuit_CODE'
[KC발달] env=corr rounds=1000 exposures=200 theta=0.15 items=20 | 일치형 같은 위치 191/400 | 불일치형 같은 위치 173/400 | (호스트 계산 0.477/0.432)
  시행    1~ 400: 정답률  51.7%
  시행  401~ 800: 정답률  61.3%
=> SDGEN mode=learn seed=39 trialseed=601 train_same=78.0 train_diff=100.0 train_bal=89.0 novel_same=45.7 novel_diff=100.0 novel_bal=72.8 | ties train:0 novel:0 | n_same/diff train 50/50 novel 46/54
=> SDLAB diff=cyclic rule=samediff mode=learn seed=39 trialseed=601 train_accL=78.0 train_accR=100.0 train_lbal=89.0 novel_accL=45.7 novel_accR=100.0 novel_lbal=72.8

=== 평가 (탐색 없음, 학습 없음, 무작위 순서 100시행) : 정답률 0.0% | 동점 0회 ===
   자극 A: 0/58 (0.0%)
   자극 B: 0/42 (0.0%)

=== 학습 후 자극별 출력 (선택 이전의 원 신호) ===
  자극 A → 정답 L | out_L=   9  out_R=  23  차이   -14 | KC 142개
  자극 B → 정답 R | out_L=  34  out_R=  25  차이    +9 | KC 100개

=== 가중치 구조 (A전용 KC 130개, B전용 KC 88개) ===
  A전용 KC → out_L 평균 0.5176 | out_R 평균 0.5579 | 차이 -0.0403 (정답은 out_L) **반대**
  B전용 KC → out_L 평균 0.5249 | out_R 평균 0.5480 | 차이 -0.0231 (정답은 out_R) **정답쪽 우세**

=== 가중치 변화 ===
  kc_out_l: n=8125 |Δ|평균 0.03666 변화율  66.3% | 평균 0.500→0.528 | std 0.0000→0.0496
  kc_out_r: n=8033 |Δ|평균 0.06115 변화율  67.6% | 평균 0.500→0.551 | std 0.0000→0.0724

=== 요약 (mode=learn seed=39) ===
  첫 구간 51.7% → 마지막 구간 61.3% | 변화 +9.5%p | 보상률 56.5%
=> MINCIRC mode=learn seed=39 first=51.7 last=61.3 delta=+9.5 reward=56.5 **eval=0.0** tie=0 trialseed=601
