[관계] 항목 8개(훈련 4, 새 4), 반쪽 50 중 활성 15, 항목 간 겹침 1~7(평균 4.2), 새↔훈련 겹침 1~7, 패턴 64개(S 8, D 56)
make: Entering directory '/root/e132_main_run/minimal_circuit_CODE'
make: Nothing to be done for 'all'.
make: Leaving directory '/root/e132_main_run/minimal_circuit_CODE'
[KC발달] env=corr rounds=1000 exposures=200 theta=0.15 items=20 | 일치형 같은 위치 175/400 | 불일치형 같은 위치 157/400 | (호스트 계산 0.438/0.393)
  시행    1~ 400: 정답률  43.8%
  시행  401~ 800: 정답률  67.8%
=> SDGEN mode=learn seed=37 trialseed=601 train_same=100.0 train_diff=100.0 train_bal=100.0 novel_same=100.0 novel_diff=68.8 novel_bal=84.4 | ties train:0 novel:0 | n_same/diff train 51/49 novel 52/48
=> SDLAB diff=cyclic rule=samediff mode=learn seed=37 trialseed=601 train_accL=100.0 train_accR=100.0 train_lbal=100.0 novel_accL=100.0 novel_accR=68.8 novel_lbal=84.4

=== 평가 (탐색 없음, 학습 없음, 무작위 순서 100시행) : 정답률 0.0% | 동점 0회 ===
   자극 A: 0/50 (0.0%)
   자극 B: 0/50 (0.0%)

=== 학습 후 자극별 출력 (선택 이전의 원 신호) ===
  자극 A → 정답 L | out_L=  20  out_R=  44  차이   -24 | KC 115개
  자극 B → 정답 R | out_L=  47  out_R=  11  차이   +36 | KC 124개

=== 가중치 구조 (A전용 KC 110개, B전용 KC 119개) ===
  A전용 KC → out_L 평균 0.5366 | out_R 평균 0.5379 | 차이 -0.0012 (정답은 out_L) **반대**
  B전용 KC → out_L 평균 0.5333 | out_R 평균 0.5329 | 차이 +0.0004 (정답은 out_R) **반대**

=== 가중치 변화 ===
  kc_out_l: n=7969 |Δ|평균 0.04962 변화율  66.0% | 평균 0.500→0.540 | std 0.0000→0.0618
  kc_out_r: n=8027 |Δ|평균 0.04791 변화율  66.4% | 평균 0.500→0.539 | std 0.0000→0.0568

=== 요약 (mode=learn seed=37) ===
  첫 구간 43.8% → 마지막 구간 67.8% | 변화 +24.0%p | 보상률 55.8%
=> MINCIRC mode=learn seed=37 first=43.8 last=67.8 delta=+24.0 reward=55.8 **eval=0.0** tie=0 trialseed=601
