[관계] 항목 8개(훈련 4, 새 4), 반쪽 50 중 활성 15, 항목 간 겹침 1~7(평균 4.2), 새↔훈련 겹침 1~7, 패턴 64개(S 8, D 56)
make: Entering directory '/root/e132_main_run/minimal_circuit_CODE'
make: Nothing to be done for 'all'.
make: Leaving directory '/root/e132_main_run/minimal_circuit_CODE'
[KC발달] env=corr rounds=1000 exposures=200 theta=0.15 items=20 | 일치형 같은 위치 175/400 | 불일치형 같은 위치 157/400 | (호스트 계산 0.438/0.393)
  시행    1~ 400: 정답률  43.0%
  시행  401~ 800: 정답률  50.2%
=> SDGEN mode=frozen seed=37 trialseed=601 train_same=49.0 train_diff=49.0 train_bal=49.0 novel_same=49.1 novel_diff=85.1 novel_bal=67.1 | ties train:0 novel:2 | n_same/diff train 51/49 novel 53/47
=> SDLAB diff=cyclic rule=samediff mode=frozen seed=37 trialseed=601 train_accL=49.0 train_accR=49.0 train_lbal=49.0 novel_accL=49.1 novel_accR=85.1 novel_lbal=67.1

=== 평가 (탐색 없음, 학습 없음, 무작위 순서 100시행) : 정답률 0.0% | 동점 0회 ===
   자극 A: 0/50 (0.0%)
   자극 B: 0/50 (0.0%)

=== 학습 후 자극별 출력 (선택 이전의 원 신호) ===
  자극 A → 정답 L | out_L=  14  out_R=  40  차이   -26 | KC 115개
  자극 B → 정답 R | out_L=  45  out_R=  42  차이    +3 | KC 124개

=== 가중치 구조 (A전용 KC 110개, B전용 KC 119개) ===
  A전용 KC → out_L 평균 0.5000 | out_R 평균 0.5000 | 차이 +0.0000 (정답은 out_L) **반대**
  B전용 KC → out_L 평균 0.5000 | out_R 평균 0.5000 | 차이 +0.0000 (정답은 out_R) **정답쪽 우세**

=== 가중치 변화 ===
  kc_out_l: n=7969 |Δ|평균 0.00000 변화율   0.0% | 평균 0.500→0.500 | std 0.0000→0.0000
  kc_out_r: n=8027 |Δ|평균 0.00000 변화율   0.0% | 평균 0.500→0.500 | std 0.0000→0.0000

=== 요약 (mode=frozen seed=37) ===
  첫 구간 43.0% → 마지막 구간 50.2% | 변화 +7.2%p | 보상률 0.0%
=> MINCIRC mode=frozen seed=37 first=43.0 last=50.2 delta=+7.2 reward=0.0 **eval=0.0** tie=0 trialseed=601
