[관계] 항목 8개(훈련 4, 새 4), 반쪽 50 중 활성 15, 항목 간 겹침 2~8(평균 4.9), 새↔훈련 겹침 2~8, 패턴 64개(S 8, D 56)
make: Entering directory '/root/e132_main_run/minimal_circuit_CODE'
make: Nothing to be done for 'all'.
make: Leaving directory '/root/e132_main_run/minimal_circuit_CODE'
[KC발달] env=corr rounds=1000 exposures=200 theta=0.15 items=20 | 일치형 같은 위치 242/400 | 불일치형 같은 위치 207/400 | (호스트 계산 0.605/0.517)
  시행    1~ 400: 정답률  52.0%
  시행  401~ 800: 정답률  59.0%
=> SDGEN mode=learn seed=45 trialseed=601 train_same=100.0 train_diff=51.2 train_bal=75.6 novel_same=100.0 novel_diff=67.2 novel_bal=83.6 | ties train:0 novel:0 | n_same/diff train 57/43 novel 42/58
=> SDLAB diff=cyclic rule=samediff mode=learn seed=45 trialseed=601 train_accL=100.0 train_accR=51.2 train_lbal=75.6 novel_accL=100.0 novel_accR=67.2 novel_lbal=83.6

=== 평가 (탐색 없음, 학습 없음, 무작위 순서 100시행) : 정답률 51.0% | 동점 0회 ===
   자극 A: 0/49 (0.0%)
   자극 B: 51/51 (100.0%)

=== 학습 후 자극별 출력 (선택 이전의 원 신호) ===
  자극 A → 정답 L | out_L=  10  out_R=  15  차이    -5 | KC 131개
  자극 B → 정답 R | out_L=  18  out_R=  43  차이   -25 | KC 112개

=== 가중치 구조 (A전용 KC 125개, B전용 KC 106개) ===
  A전용 KC → out_L 평균 0.5416 | out_R 평균 0.5373 | 차이 +0.0043 (정답은 out_L) **정답쪽 우세**
  B전용 KC → out_L 평균 0.5159 | out_R 평균 0.5579 | 차이 -0.0421 (정답은 out_R) **정답쪽 우세**

=== 가중치 변화 ===
  kc_out_l: n=8047 |Δ|평균 0.06051 변화율  62.6% | 평균 0.500→0.546 | std 0.0000→0.0796
  kc_out_r: n=7997 |Δ|평균 0.03656 변화율  62.3% | 평균 0.500→0.531 | std 0.0000→0.0512

=== 요약 (mode=learn seed=45) ===
  첫 구간 52.0% → 마지막 구간 59.0% | 변화 +7.0%p | 보상률 55.5%
=> MINCIRC mode=learn seed=45 first=52.0 last=59.0 delta=+7.0 reward=55.5 **eval=51.0** tie=0 trialseed=601
