[관계] 항목 8개(훈련 4, 새 4), 반쪽 50 중 활성 15, 항목 간 겹침 2~7(평균 5.0), 새↔훈련 겹침 2~7, 패턴 64개(S 8, D 56)
make: Entering directory '/root/e132_main_run/minimal_circuit_CODE'
make: Leaving directory '/root/e132_main_run/minimal_circuit_CODE'
[KC발달] env=corr rounds=1000 exposures=200 theta=0.15 items=20 | 일치형 같은 위치 218/400 | 불일치형 같은 위치 237/400 | (호스트 계산 0.545/0.593)
  시행    1~ 400: 정답률  52.8%
  시행  401~ 800: 정답률  71.0%
=> SDGEN mode=learn seed=34 trialseed=600 train_same=100.0 train_diff=100.0 train_bal=100.0 novel_same=100.0 novel_diff=68.0 novel_bal=84.0 | ties train:0 novel:0 | n_same/diff train 48/52 novel 50/50
=> SDLAB diff=cyclic rule=samediff mode=learn seed=34 trialseed=600 train_accL=100.0 train_accR=100.0 train_lbal=100.0 novel_accL=100.0 novel_accR=68.0 novel_lbal=84.0

=== 평가 (탐색 없음, 학습 없음, 무작위 순서 100시행) : 정답률 52.0% | 동점 0회 ===
   자극 A: 0/48 (0.0%)
   자극 B: 52/52 (100.0%)

=== 학습 후 자극별 출력 (선택 이전의 원 신호) ===
  자극 A → 정답 L | out_L=  16  out_R=  24  차이    -8 | KC 125개
  자극 B → 정답 R | out_L=  32  out_R=  43  차이   -11 | KC 119개

=== 가중치 구조 (A전용 KC 103개, B전용 KC 97개) ===
  A전용 KC → out_L 평균 0.5354 | out_R 평균 0.5598 | 차이 -0.0244 (정답은 out_L) **반대**
  B전용 KC → out_L 평균 0.5648 | out_R 평균 0.5600 | 차이 +0.0047 (정답은 out_R) **반대**

=== 가중치 변화 ===
  kc_out_l: n=7979 |Δ|평균 0.05727 변화율  63.2% | 평균 0.500→0.548 | std 0.0000→0.0782
  kc_out_r: n=7972 |Δ|평균 0.05226 변화율  63.5% | 평균 0.500→0.546 | std 0.0000→0.0612

=== 요약 (mode=learn seed=34) ===
  첫 구간 52.8% → 마지막 구간 71.0% | 변화 +18.2%p | 보상률 61.9%
=> MINCIRC mode=learn seed=34 first=52.8 last=71.0 delta=+18.2 reward=61.9 **eval=52.0** tie=0 trialseed=600
