[관계] 항목 8개(훈련 4, 새 4), 반쪽 50 중 활성 15, 항목 간 겹침 0~9(평균 4.4), 새↔훈련 겹침 0~7, 패턴 64개(S 8, D 56)
make: Entering directory '/root/e132_main_run/minimal_circuit_CODE'
make: Nothing to be done for 'all'.
make: Leaving directory '/root/e132_main_run/minimal_circuit_CODE'
[KC발달] env=indep rounds=1000 exposures=200 theta=0.15 items=20 | 일치형 같은 위치 5/400 | 불일치형 같은 위치 12/400 | (호스트 계산 0.013/0.030)
  시행    1~ 400: 정답률  48.2%
  시행  401~ 800: 정답률  50.0%
=> SDGEN mode=learn seed=43 trialseed=601 train_same=29.2 train_diff=78.8 train_bal=54.0 novel_same=64.7 novel_diff=95.9 novel_bal=80.3 | ties train:0 novel:0 | n_same/diff train 48/52 novel 51/49
=> SDLAB diff=cyclic rule=samediff mode=learn seed=43 trialseed=601 train_accL=29.2 train_accR=78.8 train_lbal=54.0 novel_accL=64.7 novel_accR=95.9 novel_lbal=80.3

=== 평가 (탐색 없음, 학습 없음, 무작위 순서 100시행) : 정답률 28.0% | 동점 48회 ===
   자극 A: 28/48 (58.3%)
   자극 B: 0/52 (0.0%)

=== 학습 후 자극별 출력 (선택 이전의 원 신호) ===
  자극 A → 정답 L | out_L=  16  out_R=  16  차이    +0 | KC 136개
  자극 B → 정답 R | out_L=  45  out_R=  31  차이   +14 | KC 119개

=== 가중치 구조 (A전용 KC 117개, B전용 KC 100개) ===
  A전용 KC → out_L 평균 0.5238 | out_R 평균 0.5357 | 차이 -0.0118 (정답은 out_L) **반대**
  B전용 KC → out_L 평균 0.5235 | out_R 평균 0.5408 | 차이 -0.0173 (정답은 out_R) **정답쪽 우세**

=== 가중치 변화 ===
  kc_out_l: n=7923 |Δ|평균 0.02609 변화율  51.2% | 평균 0.500→0.523 | std 0.0000→0.0360
  kc_out_r: n=7882 |Δ|평균 0.03923 변화율  51.6% | 평균 0.500→0.533 | std 0.0000→0.0549

=== 요약 (mode=learn seed=43) ===
  첫 구간 48.2% → 마지막 구간 50.0% | 변화 +1.8%p | 보상률 49.1%
=> MINCIRC mode=learn seed=43 first=48.2 last=50.0 delta=+1.8 reward=49.1 **eval=28.0** tie=48 trialseed=601
