[관계] 항목 8개(훈련 4, 새 4), 반쪽 50 중 활성 15, 항목 간 겹침 2~8(평균 4.9), 새↔훈련 겹침 2~8, 패턴 64개(S 8, D 56)
make: Entering directory '/root/e132_main_run/minimal_circuit_CODE'
make: Nothing to be done for 'all'.
make: Leaving directory '/root/e132_main_run/minimal_circuit_CODE'
[KC발달] env=indep rounds=1000 exposures=200 theta=0.15 items=20 | 일치형 같은 위치 13/400 | 불일치형 같은 위치 15/400 | (호스트 계산 0.033/0.037)
  시행    1~ 400: 정답률  40.2%
  시행  401~ 800: 정답률  56.8%
=> SDGEN mode=learn seed=45 trialseed=601 train_same=45.6 train_diff=100.0 train_bal=72.8 novel_same=22.7 novel_diff=73.2 novel_bal=48.0 | ties train:0 novel:13 | n_same/diff train 57/43 novel 44/56
=> SDLAB diff=cyclic rule=samediff mode=learn seed=45 trialseed=601 train_accL=45.6 train_accR=100.0 train_lbal=72.8 novel_accL=22.7 novel_accR=73.2 novel_lbal=48.0

=== 평가 (탐색 없음, 학습 없음, 무작위 순서 100시행) : 정답률 0.0% | 동점 0회 ===
   자극 A: 0/49 (0.0%)
   자극 B: 0/51 (0.0%)

=== 학습 후 자극별 출력 (선택 이전의 원 신호) ===
  자극 A → 정답 L | out_L=   9  out_R=  20  차이   -11 | KC 132개
  자극 B → 정답 R | out_L=  39  out_R=  19  차이   +20 | KC 105개

=== 가중치 구조 (A전용 KC 120개, B전용 KC 93개) ===
  A전용 KC → out_L 평균 0.5206 | out_R 평균 0.5408 | 차이 -0.0203 (정답은 out_L) **반대**
  B전용 KC → out_L 평균 0.5304 | out_R 평균 0.5319 | 차이 -0.0014 (정답은 out_R) **정답쪽 우세**

=== 가중치 변화 ===
  kc_out_l: n=8047 |Δ|평균 0.02857 변화율  57.4% | 평균 0.500→0.523 | std 0.0000→0.0394
  kc_out_r: n=7997 |Δ|평균 0.04221 변화율  57.9% | 평균 0.500→0.534 | std 0.0000→0.0551

=== 요약 (mode=learn seed=45) ===
  첫 구간 40.2% → 마지막 구간 56.8% | 변화 +16.5%p | 보상률 48.5%
=> MINCIRC mode=learn seed=45 first=40.2 last=56.8 delta=+16.5 reward=48.5 **eval=0.0** tie=0 trialseed=601
