[관계] 항목 8개(훈련 4, 새 4), 반쪽 50 중 활성 15, 항목 간 겹침 1~7(평균 4.0), 새↔훈련 겹침 2~7, 패턴 64개(S 8, D 56)
make: Entering directory '/root/e132_main_run/minimal_circuit_CODE'
make: Nothing to be done for 'all'.
make: Leaving directory '/root/e132_main_run/minimal_circuit_CODE'
[KC발달] env=indep rounds=1000 exposures=200 theta=0.15 items=20 | 일치형 같은 위치 8/400 | 불일치형 같은 위치 7/400 | (호스트 계산 0.020/0.018)
  시행    1~ 400: 정답률  50.7%
  시행  401~ 800: 정답률  62.0%
=> SDGEN mode=learn seed=42 trialseed=601 train_same=55.8 train_diff=100.0 train_bal=77.9 novel_same=23.9 novel_diff=48.1 novel_bal=36.0 | ties train:0 novel:5 | n_same/diff train 43/57 novel 46/54
=> SDLAB diff=cyclic rule=samediff mode=learn seed=42 trialseed=601 train_accL=55.8 train_accR=100.0 train_lbal=77.9 novel_accL=23.9 novel_accR=48.1 novel_lbal=36.0

=== 평가 (탐색 없음, 학습 없음, 무작위 순서 100시행) : 정답률 50.0% | 동점 0회 ===
   자극 A: 0/50 (0.0%)
   자극 B: 50/50 (100.0%)

=== 학습 후 자극별 출력 (선택 이전의 원 신호) ===
  자극 A → 정답 L | out_L=  21  out_R=  44  차이   -23 | KC 122개
  자극 B → 정답 R | out_L=  36  out_R=  39  차이    -3 | KC 109개

=== 가중치 구조 (A전용 KC 108개, B전용 KC 95개) ===
  A전용 KC → out_L 평균 0.5159 | out_R 평균 0.5415 | 차이 -0.0256 (정답은 out_L) **반대**
  B전용 KC → out_L 평균 0.5319 | out_R 평균 0.5446 | 차이 -0.0127 (정답은 out_R) **정답쪽 우세**

=== 가중치 변화 ===
  kc_out_l: n=8039 |Δ|평균 0.03799 변화율  68.0% | 평균 0.500→0.531 | std 0.0000→0.0524
  kc_out_r: n=7942 |Δ|평균 0.05598 변화율  68.9% | 평균 0.500→0.548 | std 0.0000→0.0638

=== 요약 (mode=learn seed=42) ===
  첫 구간 50.7% → 마지막 구간 62.0% | 변화 +11.3%p | 보상률 56.4%
=> MINCIRC mode=learn seed=42 first=50.7 last=62.0 delta=+11.3 reward=56.4 **eval=50.0** tie=0 trialseed=601
