[관계] 항목 8개(훈련 4, 새 4), 반쪽 50 중 활성 15, 항목 간 겹침 1~7(평균 4.5), 새↔훈련 겹침 2~7, 패턴 64개(S 8, D 56)
make: Entering directory '/root/e132_main_run/minimal_circuit_CODE'
make: Leaving directory '/root/e132_main_run/minimal_circuit_CODE'
[KC발달] env=indep rounds=1000 exposures=200 theta=0.15 items=20 | 일치형 같은 위치 6/400 | 불일치형 같은 위치 8/400 | (호스트 계산 0.015/0.020)
  시행    1~ 400: 정답률  56.0%
  시행  401~ 800: 정답률  57.0%
=> SDGEN mode=learn seed=35 trialseed=600 train_same=42.1 train_diff=100.0 train_bal=71.1 novel_same=22.4 novel_diff=78.6 novel_bal=50.5 | ties train:0 novel:0 | n_same/diff train 57/43 novel 58/42
=> SDLAB diff=cyclic rule=samediff mode=learn seed=35 trialseed=600 train_accL=42.1 train_accR=100.0 train_lbal=71.1 novel_accL=22.4 novel_accR=78.6 novel_lbal=50.5

=== 평가 (탐색 없음, 학습 없음, 무작위 순서 100시행) : 정답률 100.0% | 동점 0회 ===
   자극 A: 60/60 (100.0%)
   자극 B: 40/40 (100.0%)

=== 학습 후 자극별 출력 (선택 이전의 원 신호) ===
  자극 A → 정답 L | out_L=  44  out_R=  37  차이    +7 | KC 112개
  자극 B → 정답 R | out_L=  27  out_R=  29  차이    -2 | KC 94개

=== 가중치 구조 (A전용 KC 95개, B전용 KC 77개) ===
  A전용 KC → out_L 평균 0.5444 | out_R 평균 0.5527 | 차이 -0.0083 (정답은 out_L) **반대**
  B전용 KC → out_L 평균 0.5453 | out_R 평균 0.5512 | 차이 -0.0059 (정답은 out_R) **정답쪽 우세**

=== 가중치 변화 ===
  kc_out_l: n=8104 |Δ|평균 0.03992 변화율  55.7% | 평균 0.500→0.536 | std 0.0000→0.0528
  kc_out_r: n=8156 |Δ|평균 0.05038 변화율  56.3% | 평균 0.500→0.544 | std 0.0000→0.0625

=== 요약 (mode=learn seed=35) ===
  첫 구간 56.0% → 마지막 구간 57.0% | 변화 +1.0%p | 보상률 56.5%
=> MINCIRC mode=learn seed=35 first=56.0 last=57.0 delta=+1.0 reward=56.5 **eval=100.0** tie=0 trialseed=600
