[관계] 항목 8개(훈련 4, 새 4), 반쪽 50 중 활성 15, 항목 간 겹침 0~8(평균 4.3), 새↔훈련 겹침 2~6, 패턴 64개(S 8, D 56)
make: Entering directory '/root/e132_main_run/minimal_circuit_CODE'
make: Nothing to be done for 'all'.
make: Leaving directory '/root/e132_main_run/minimal_circuit_CODE'
[KC발달] env=indep rounds=1000 exposures=200 theta=0.15 items=20 | 일치형 같은 위치 5/400 | 불일치형 같은 위치 20/400 | (호스트 계산 0.013/0.050)
  시행    1~ 400: 정답률  46.0%
  시행  401~ 800: 정답률  48.8%
=> SDGEN mode=learn seed=38 trialseed=601 train_same=100.0 train_diff=0.0 train_bal=50.0 novel_same=100.0 novel_diff=19.1 novel_bal=59.6 | ties train:0 novel:0 | n_same/diff train 53/47 novel 53/47
=> SDLAB diff=cyclic rule=samediff mode=learn seed=38 trialseed=601 train_accL=100.0 train_accR=0.0 train_lbal=50.0 novel_accL=100.0 novel_accR=19.1 novel_lbal=59.6

=== 평가 (탐색 없음, 학습 없음, 무작위 순서 100시행) : 정답률 100.0% | 동점 0회 ===
   자극 A: 61/61 (100.0%)
   자극 B: 39/39 (100.0%)

=== 학습 후 자극별 출력 (선택 이전의 원 신호) ===
  자극 A → 정답 L | out_L=  35  out_R=  20  차이   +15 | KC 125개
  자극 B → 정답 R | out_L=  26  out_R=  33  차이    -7 | KC 129개

=== 가중치 구조 (A전용 KC 115개, B전용 KC 119개) ===
  A전용 KC → out_L 평균 0.5323 | out_R 평균 0.5206 | 차이 +0.0117 (정답은 out_L) **정답쪽 우세**
  B전용 KC → out_L 평균 0.5397 | out_R 평균 0.5153 | 차이 +0.0245 (정답은 out_R) **반대**

=== 가중치 변화 ===
  kc_out_l: n=8034 |Δ|평균 0.05179 변화율  67.2% | 평균 0.500→0.538 | std 0.0000→0.0606
  kc_out_r: n=7818 |Δ|평균 0.01796 변화율  66.0% | 평균 0.500→0.514 | std 0.0000→0.0212

=== 요약 (mode=learn seed=38) ===
  첫 구간 46.0% → 마지막 구간 48.8% | 변화 +2.8%p | 보상률 47.4%
=> MINCIRC mode=learn seed=38 first=46.0 last=48.8 delta=+2.8 reward=47.4 **eval=100.0** tie=0 trialseed=601
