[관계] 항목 8개(훈련 4, 새 4), 반쪽 50 중 활성 15, 항목 간 겹침 2~8(평균 5.0), 새↔훈련 겹침 3~8, 패턴 64개(S 8, D 56)
make: Entering directory '/root/e132_main_run/minimal_circuit_CODE'
make: Nothing to be done for 'all'.
make: Leaving directory '/root/e132_main_run/minimal_circuit_CODE'
[KC발달] env=indep rounds=1000 exposures=200 theta=0.15 items=20 | 일치형 같은 위치 10/400 | 불일치형 같은 위치 10/400 | (호스트 계산 0.025/0.025)
  시행    1~ 400: 정답률  50.2%
  시행  401~ 800: 정답률  56.2%
=> SDGEN mode=learn seed=44 trialseed=601 train_same=70.9 train_diff=60.0 train_bal=65.5 novel_same=69.4 novel_diff=65.6 novel_bal=67.5 | ties train:0 novel:0 | n_same/diff train 55/45 novel 36/64
=> SDLAB diff=cyclic rule=samediff mode=learn seed=44 trialseed=601 train_accL=70.9 train_accR=60.0 train_lbal=65.5 novel_accL=69.4 novel_accR=65.6 novel_lbal=67.5

=== 평가 (탐색 없음, 학습 없음, 무작위 순서 100시행) : 정답률 100.0% | 동점 0회 ===
   자극 A: 41/41 (100.0%)
   자극 B: 59/59 (100.0%)

=== 학습 후 자극별 출력 (선택 이전의 원 신호) ===
  자극 A → 정답 L | out_L=  17  out_R=  15  차이    +2 | KC 120개
  자극 B → 정답 R | out_L=  19  out_R=  43  차이   -24 | KC 117개

=== 가중치 구조 (A전용 KC 108개, B전용 KC 105개) ===
  A전용 KC → out_L 평균 0.5457 | out_R 평균 0.5326 | 차이 +0.0131 (정답은 out_L) **정답쪽 우세**
  B전용 KC → out_L 평균 0.5321 | out_R 평균 0.5371 | 차이 -0.0050 (정답은 out_R) **정답쪽 우세**

=== 가중치 변화 ===
  kc_out_l: n=8001 |Δ|평균 0.04322 변화율  57.4% | 평균 0.500→0.538 | std 0.0000→0.0570
  kc_out_r: n=7991 |Δ|평균 0.03691 변화율  58.0% | 평균 0.500→0.532 | std 0.0000→0.0503

=== 요약 (mode=learn seed=44) ===
  첫 구간 50.2% → 마지막 구간 56.2% | 변화 +6.0%p | 보상률 53.2%
=> MINCIRC mode=learn seed=44 first=50.2 last=56.2 delta=+6.0 reward=53.2 **eval=100.0** tie=0 trialseed=601
