[관계] 항목 8개(훈련 4, 새 4), 반쪽 50 중 활성 15, 항목 간 겹침 1~8(평균 4.3), 새↔훈련 겹침 1~6, 패턴 64개(S 8, D 56)
make: Entering directory '/root/e132_main_run/minimal_circuit_CODE'
make: Leaving directory '/root/e132_main_run/minimal_circuit_CODE'
[KC발달] env=indep rounds=1000 exposures=200 theta=0.15 items=20 | 일치형 같은 위치 8/400 | 불일치형 같은 위치 7/400 | (호스트 계산 0.020/0.018)
  시행    1~ 400: 정답률  52.0%
  시행  401~ 800: 정답률  55.8%
=> SDGEN mode=learn seed=40 trialseed=600 train_same=68.8 train_diff=100.0 train_bal=84.4 novel_same=0.0 novel_diff=59.3 novel_bal=29.6 | ties train:0 novel:4 | n_same/diff train 48/52 novel 46/54
=> SDLAB diff=cyclic rule=samediff mode=learn seed=40 trialseed=600 train_accL=68.8 train_accR=100.0 train_lbal=84.4 novel_accL=0.0 novel_accR=59.3 novel_lbal=29.6

=== 평가 (탐색 없음, 학습 없음, 무작위 순서 100시행) : 정답률 47.0% | 동점 0회 ===
   자극 A: 0/53 (0.0%)
   자극 B: 47/47 (100.0%)

=== 학습 후 자극별 출력 (선택 이전의 원 신호) ===
  자극 A → 정답 L | out_L=  16  out_R=  32  차이   -16 | KC 120개
  자극 B → 정답 R | out_L=  31  out_R=  35  차이    -4 | KC 107개

=== 가중치 구조 (A전용 KC 103개, B전용 KC 90개) ===
  A전용 KC → out_L 평균 0.5265 | out_R 평균 0.5407 | 차이 -0.0142 (정답은 out_L) **반대**
  B전용 KC → out_L 평균 0.5394 | out_R 평균 0.5580 | 차이 -0.0186 (정답은 out_R) **정답쪽 우세**

=== 가중치 변화 ===
  kc_out_l: n=7977 |Δ|평균 0.03560 변화율  62.0% | 평균 0.500→0.532 | std 0.0000→0.0425
  kc_out_r: n=7961 |Δ|평균 0.05320 변화율  62.0% | 평균 0.500→0.546 | std 0.0000→0.0614

=== 요약 (mode=learn seed=40) ===
  첫 구간 52.0% → 마지막 구간 55.8% | 변화 +3.8%p | 보상률 53.9%
=> MINCIRC mode=learn seed=40 first=52.0 last=55.8 delta=+3.8 reward=53.9 **eval=47.0** tie=0 trialseed=600
