[관계] 항목 8개(훈련 4, 새 4), 반쪽 50 중 활성 15, 항목 간 겹침 0~9(평균 4.4), 새↔훈련 겹침 0~7, 패턴 64개(S 8, D 56)
make: Entering directory '/root/e132_main_run/minimal_circuit_CODE'
make: Leaving directory '/root/e132_main_run/minimal_circuit_CODE'
[KC발달] env=indep rounds=1000 exposures=200 theta=0.15 items=20 | 일치형 같은 위치 5/400 | 불일치형 같은 위치 12/400 | (호스트 계산 0.013/0.030)
  시행    1~ 400: 정답률  53.0%
  시행  401~ 800: 정답률  45.8%
=> SDGEN mode=learn seed=43 trialseed=600 train_same=30.0 train_diff=76.0 train_bal=53.0 novel_same=66.1 novel_diff=70.5 novel_bal=68.3 | ties train:31 novel:5 | n_same/diff train 50/50 novel 56/44
=> SDLAB diff=cyclic rule=samediff mode=learn seed=43 trialseed=600 train_accL=30.0 train_accR=76.0 train_lbal=53.0 novel_accL=66.1 novel_accR=70.5 novel_lbal=68.3

=== 평가 (탐색 없음, 학습 없음, 무작위 순서 100시행) : 정답률 48.0% | 동점 0회 ===
   자극 A: 48/48 (100.0%)
   자극 B: 0/52 (0.0%)

=== 학습 후 자극별 출력 (선택 이전의 원 신호) ===
  자극 A → 정답 L | out_L=  22  out_R=  15  차이    +7 | KC 136개
  자극 B → 정답 R | out_L=  44  out_R=  31  차이   +13 | KC 119개

=== 가중치 구조 (A전용 KC 117개, B전용 KC 100개) ===
  A전용 KC → out_L 평균 0.5209 | out_R 평균 0.5316 | 차이 -0.0106 (정답은 out_L) **반대**
  B전용 KC → out_L 평균 0.5278 | out_R 평균 0.5401 | 차이 -0.0123 (정답은 out_R) **정답쪽 우세**

=== 가중치 변화 ===
  kc_out_l: n=7923 |Δ|평균 0.02625 변화율  51.2% | 평균 0.500→0.523 | std 0.0000→0.0344
  kc_out_r: n=7882 |Δ|평균 0.03700 변화율  51.6% | 평균 0.500→0.530 | std 0.0000→0.0513

=== 요약 (mode=learn seed=43) ===
  첫 구간 53.0% → 마지막 구간 45.8% | 변화 -7.2%p | 보상률 49.4%
=> MINCIRC mode=learn seed=43 first=53.0 last=45.8 delta=-7.2 reward=49.4 **eval=48.0** tie=0 trialseed=600
