[관계] 항목 8개(훈련 4, 새 4), 반쪽 50 중 활성 15, 항목 간 겹침 3~7(평균 4.6), 새↔훈련 겹침 3~7, 패턴 64개(S 8, D 56)
make: Entering directory '/root/e132_main_run/minimal_circuit_CODE'
make: Leaving directory '/root/e132_main_run/minimal_circuit_CODE'
[KC발달] env=indep rounds=1000 exposures=200 theta=0.15 items=20 | 일치형 같은 위치 7/400 | 불일치형 같은 위치 8/400 | (호스트 계산 0.018/0.020)
  시행    1~ 400: 정답률  46.8%
  시행  401~ 800: 정답률  50.2%
=> SDGEN mode=learn seed=39 trialseed=600 train_same=0.0 train_diff=100.0 train_bal=50.0 novel_same=19.6 novel_diff=87.0 novel_bal=53.3 | ties train:0 novel:0 | n_same/diff train 50/50 novel 46/54
=> SDLAB diff=cyclic rule=samediff mode=learn seed=39 trialseed=600 train_accL=0.0 train_accR=100.0 train_lbal=50.0 novel_accL=19.6 novel_accR=87.0 novel_lbal=53.3

=== 평가 (탐색 없음, 학습 없음, 무작위 순서 100시행) : 정답률 0.0% | 동점 0회 ===
   자극 A: 0/58 (0.0%)
   자극 B: 0/42 (0.0%)

=== 학습 후 자극별 출력 (선택 이전의 원 신호) ===
  자극 A → 정답 L | out_L=  17  out_R=  23  차이    -6 | KC 129개
  자극 B → 정답 R | out_L=  44  out_R=  41  차이    +3 | KC 112개

=== 가중치 구조 (A전용 KC 114개, B전용 KC 97개) ===
  A전용 KC → out_L 평균 0.5121 | out_R 평균 0.5305 | 차이 -0.0184 (정답은 out_L) **반대**
  B전용 KC → out_L 평균 0.5137 | out_R 평균 0.5335 | 차이 -0.0198 (정답은 out_R) **정답쪽 우세**

=== 가중치 변화 ===
  kc_out_l: n=8125 |Δ|평균 0.02366 변화율  57.5% | 평균 0.500→0.520 | std 0.0000→0.0304
  kc_out_r: n=8033 |Δ|평균 0.04529 변화율  58.4% | 평균 0.500→0.536 | std 0.0000→0.0573

=== 요약 (mode=learn seed=39) ===
  첫 구간 46.8% → 마지막 구간 50.2% | 변화 +3.5%p | 보상률 48.5%
=> MINCIRC mode=learn seed=39 first=46.8 last=50.2 delta=+3.5 reward=48.5 **eval=0.0** tie=0 trialseed=600
