[관계] 항목 8개(훈련 4, 새 4), 반쪽 50 중 활성 15, 항목 간 겹침 1~7(평균 4.9), 새↔훈련 겹침 1~7, 패턴 64개(S 8, D 56)
make: Entering directory '/root/e132_main_run/minimal_circuit_CODE'
make: Leaving directory '/root/e132_main_run/minimal_circuit_CODE'
[KC발달] env=indep rounds=1000 exposures=200 theta=0.15 items=20 | 일치형 같은 위치 17/400 | 불일치형 같은 위치 19/400 | (호스트 계산 0.043/0.048)
  시행    1~ 400: 정답률  59.0%
  시행  401~ 800: 정답률  61.5%
=> SDGEN mode=learn seed=32 trialseed=600 train_same=73.2 train_diff=100.0 train_bal=86.6 novel_same=86.3 novel_diff=85.7 novel_bal=86.0 | ties train:0 novel:1 | n_same/diff train 41/59 novel 51/49
=> SDLAB diff=cyclic rule=samediff mode=learn seed=32 trialseed=600 train_accL=73.2 train_accR=100.0 train_lbal=86.6 novel_accL=86.3 novel_accR=85.7 novel_lbal=86.0

=== 평가 (탐색 없음, 학습 없음, 무작위 순서 100시행) : 정답률 0.0% | 동점 0회 ===
   자극 A: 0/53 (0.0%)
   자극 B: 0/47 (0.0%)

=== 학습 후 자극별 출력 (선택 이전의 원 신호) ===
  자극 A → 정답 L | out_L=  26  out_R=  33  차이    -7 | KC 117개
  자극 B → 정답 R | out_L=  45  out_R=  14  차이   +31 | KC 124개

=== 가중치 구조 (A전용 KC 103개, B전용 KC 110개) ===
  A전용 KC → out_L 평균 0.5307 | out_R 평균 0.5339 | 차이 -0.0032 (정답은 out_L) **반대**
  B전용 KC → out_L 평균 0.5368 | out_R 평균 0.5550 | 차이 -0.0182 (정답은 out_R) **정답쪽 우세**

=== 가중치 변화 ===
  kc_out_l: n=8133 |Δ|평균 0.04446 변화율  58.2% | 평균 0.500→0.541 | std 0.0000→0.0571
  kc_out_r: n=7944 |Δ|평균 0.05894 변화율  59.7% | 평균 0.500→0.553 | std 0.0000→0.0692

=== 요약 (mode=learn seed=32) ===
  첫 구간 59.0% → 마지막 구간 61.5% | 변화 +2.5%p | 보상률 60.2%
=> MINCIRC mode=learn seed=32 first=59.0 last=61.5 delta=+2.5 reward=60.2 **eval=0.0** tie=0 trialseed=600
