[관계] 항목 8개(훈련 4, 새 4), 반쪽 50 중 활성 15, 항목 간 겹침 3~7(평균 4.6), 새↔훈련 겹침 3~7, 패턴 64개(S 8, D 56)
make: Entering directory '/root/e132_main_run/minimal_circuit_CODE'
make: Nothing to be done for 'all'.
make: Leaving directory '/root/e132_main_run/minimal_circuit_CODE'
[KC발달] env=indep rounds=1000 exposures=200 theta=0.15 items=20 | 일치형 같은 위치 7/400 | 불일치형 같은 위치 8/400 | (호스트 계산 0.018/0.020)
  시행    1~ 400: 정답률  39.5%
  시행  401~ 800: 정답률  53.0%
=> SDGEN mode=learn seed=39 trialseed=601 train_same=0.0 train_diff=100.0 train_bal=50.0 novel_same=19.6 novel_diff=100.0 novel_bal=59.8 | ties train:0 novel:0 | n_same/diff train 50/50 novel 46/54
=> SDLAB diff=cyclic rule=samediff mode=learn seed=39 trialseed=601 train_accL=0.0 train_accR=100.0 train_lbal=50.0 novel_accL=19.6 novel_accR=100.0 novel_lbal=59.8

=== 평가 (탐색 없음, 학습 없음, 무작위 순서 100시행) : 정답률 42.0% | 동점 0회 ===
   자극 A: 0/58 (0.0%)
   자극 B: 42/42 (100.0%)

=== 학습 후 자극별 출력 (선택 이전의 원 신호) ===
  자극 A → 정답 L | out_L=  17  out_R=  22  차이    -5 | KC 129개
  자극 B → 정답 R | out_L=  33  out_R=  41  차이    -8 | KC 112개

=== 가중치 구조 (A전용 KC 114개, B전용 KC 97개) ===
  A전용 KC → out_L 평균 0.5081 | out_R 평균 0.5300 | 차이 -0.0218 (정답은 out_L) **반대**
  B전용 KC → out_L 평균 0.5100 | out_R 평균 0.5379 | 차이 -0.0279 (정답은 out_R) **정답쪽 우세**

=== 가중치 변화 ===
  kc_out_l: n=8125 |Δ|평균 0.01908 변화율  57.5% | 평균 0.500→0.515 | std 0.0000→0.0248
  kc_out_r: n=8033 |Δ|평균 0.04621 변화율  58.4% | 평균 0.500→0.537 | std 0.0000→0.0594

=== 요약 (mode=learn seed=39) ===
  첫 구간 39.5% → 마지막 구간 53.0% | 변화 +13.5%p | 보상률 46.2%
=> MINCIRC mode=learn seed=39 first=39.5 last=53.0 delta=+13.5 reward=46.2 **eval=42.0** tie=0 trialseed=601
