[관계] 항목 8개(훈련 4, 새 4), 반쪽 50 중 활성 15, 항목 간 겹침 1~7(평균 4.9), 새↔훈련 겹침 1~7, 패턴 64개(S 8, D 56)
make: Entering directory '/root/e132_main_run/minimal_circuit_CODE'
make: Nothing to be done for 'all'.
make: Leaving directory '/root/e132_main_run/minimal_circuit_CODE'
[KC발달] env=indep rounds=1000 exposures=200 theta=0.15 items=20 | 일치형 같은 위치 17/400 | 불일치형 같은 위치 19/400 | (호스트 계산 0.043/0.048)
  시행    1~ 400: 정답률  54.0%
  시행  401~ 800: 정답률  60.5%
=> SDGEN mode=learn seed=32 trialseed=601 train_same=36.6 train_diff=100.0 train_bal=68.3 novel_same=64.7 novel_diff=83.7 novel_bal=74.2 | ties train:0 novel:14 | n_same/diff train 41/59 novel 51/49
=> SDLAB diff=cyclic rule=samediff mode=learn seed=32 trialseed=601 train_accL=36.6 train_accR=100.0 train_lbal=68.3 novel_accL=64.7 novel_accR=83.7 novel_lbal=74.2

=== 평가 (탐색 없음, 학습 없음, 무작위 순서 100시행) : 정답률 0.0% | 동점 0회 ===
   자극 A: 0/53 (0.0%)
   자극 B: 0/47 (0.0%)

=== 학습 후 자극별 출력 (선택 이전의 원 신호) ===
  자극 A → 정답 L | out_L=  25  out_R=  46  차이   -21 | KC 117개
  자극 B → 정답 R | out_L=  45  out_R=  14  차이   +31 | KC 124개

=== 가중치 구조 (A전용 KC 103개, B전용 KC 110개) ===
  A전용 KC → out_L 평균 0.5231 | out_R 평균 0.5349 | 차이 -0.0118 (정답은 out_L) **반대**
  B전용 KC → out_L 평균 0.5292 | out_R 평균 0.5539 | 차이 -0.0246 (정답은 out_R) **정답쪽 우세**

=== 가중치 변화 ===
  kc_out_l: n=8133 |Δ|평균 0.03639 변화율  58.2% | 평균 0.500→0.532 | std 0.0000→0.0472
  kc_out_r: n=7944 |Δ|평균 0.05993 변화율  59.7% | 평균 0.500→0.553 | std 0.0000→0.0710

=== 요약 (mode=learn seed=32) ===
  첫 구간 54.0% → 마지막 구간 60.5% | 변화 +6.5%p | 보상률 57.2%
=> MINCIRC mode=learn seed=32 first=54.0 last=60.5 delta=+6.5 reward=57.2 **eval=0.0** tie=0 trialseed=601
