[관계] 항목 8개(훈련 4, 새 4), 반쪽 50 중 활성 15, 항목 간 겹침 2~7(평균 5.0), 새↔훈련 겹침 2~7, 패턴 64개(S 8, D 56)
make: Entering directory '/root/e132_main_run/minimal_circuit_CODE'
make: Nothing to be done for 'all'.
make: Leaving directory '/root/e132_main_run/minimal_circuit_CODE'
[KC발달] env=indep rounds=1000 exposures=200 theta=0.15 items=20 | 일치형 같은 위치 7/400 | 불일치형 같은 위치 7/400 | (호스트 계산 0.018/0.018)
  시행    1~ 400: 정답률  51.7%
  시행  401~ 800: 정답률  60.8%
=> SDGEN mode=learn seed=34 trialseed=601 train_same=27.1 train_diff=100.0 train_bal=63.5 novel_same=0.0 novel_diff=100.0 novel_bal=50.0 | ties train:0 novel:0 | n_same/diff train 48/52 novel 50/50
=> SDLAB diff=cyclic rule=samediff mode=learn seed=34 trialseed=601 train_accL=27.1 train_accR=100.0 train_lbal=63.5 novel_accL=0.0 novel_accR=100.0 novel_lbal=50.0

=== 평가 (탐색 없음, 학습 없음, 무작위 순서 100시행) : 정답률 52.0% | 동점 0회 ===
   자극 A: 0/48 (0.0%)
   자극 B: 52/52 (100.0%)

=== 학습 후 자극별 출력 (선택 이전의 원 신호) ===
  자극 A → 정답 L | out_L=  34  out_R=  36  차이    -2 | KC 113개
  자극 B → 정답 R | out_L=  27  out_R=  47  차이   -20 | KC 116개

=== 가중치 구조 (A전용 KC 104개, B전용 KC 107개) ===
  A전용 KC → out_L 평균 0.5536 | out_R 평균 0.5684 | 차이 -0.0148 (정답은 out_L) **반대**
  B전용 KC → out_L 평균 0.5517 | out_R 평균 0.5580 | 차이 -0.0063 (정답은 out_R) **정답쪽 우세**

=== 가중치 변화 ===
  kc_out_l: n=7979 |Δ|평균 0.03661 변화율  55.6% | 평균 0.500→0.533 | std 0.0000→0.0465
  kc_out_r: n=7972 |Δ|평균 0.05196 변화율  56.3% | 평균 0.500→0.547 | std 0.0000→0.0652

=== 요약 (mode=learn seed=34) ===
  첫 구간 51.7% → 마지막 구간 60.8% | 변화 +9.0%p | 보상률 56.2%
=> MINCIRC mode=learn seed=34 first=51.7 last=60.8 delta=+9.0 reward=56.2 **eval=52.0** tie=0 trialseed=601
