[관계] 항목 8개(훈련 4, 새 4), 반쪽 50 중 활성 15, 항목 간 겹침 2~7(평균 4.7), 새↔훈련 겹침 2~7, 패턴 64개(S 8, D 56)
make: Entering directory '/root/e132_main_run/minimal_circuit_CODE'
make: Nothing to be done for 'all'.
make: Leaving directory '/root/e132_main_run/minimal_circuit_CODE'
[KC발달] env=indep rounds=1000 exposures=200 theta=0.15 items=20 | 일치형 같은 위치 8/400 | 불일치형 같은 위치 10/400 | (호스트 계산 0.020/0.025)
  시행    1~ 400: 정답률  46.8%
  시행  401~ 800: 정답률  50.0%
=> SDGEN mode=learn seed=36 trialseed=601 train_same=100.0 train_diff=27.5 train_bal=63.7 novel_same=73.5 novel_diff=35.3 novel_bal=54.4 | ties train:0 novel:4 | n_same/diff train 49/51 novel 49/51
=> SDLAB diff=cyclic rule=samediff mode=learn seed=36 trialseed=601 train_accL=100.0 train_accR=27.5 train_lbal=63.7 novel_accL=73.5 novel_accR=35.3 novel_lbal=54.4

=== 평가 (탐색 없음, 학습 없음, 무작위 순서 100시행) : 정답률 59.0% | 동점 0회 ===
   자극 A: 59/59 (100.0%)
   자극 B: 0/41 (0.0%)

=== 학습 후 자극별 출력 (선택 이전의 원 신호) ===
  자극 A → 정답 L | out_L=  46  out_R=  39  차이    +7 | KC 121개
  자극 B → 정답 R | out_L=  22  out_R=   9  차이   +13 | KC 149개

=== 가중치 구조 (A전용 KC 108개, B전용 KC 136개) ===
  A전용 KC → out_L 평균 0.5317 | out_R 평균 0.5174 | 차이 +0.0143 (정답은 out_L) **정답쪽 우세**
  B전용 KC → out_L 평균 0.5416 | out_R 평균 0.5198 | 차이 +0.0218 (정답은 out_R) **반대**

=== 가중치 변화 ===
  kc_out_l: n=7979 |Δ|평균 0.04724 변화율  59.8% | 평균 0.500→0.535 | std 0.0000→0.0607
  kc_out_r: n=7971 |Δ|평균 0.02173 변화율  60.4% | 평균 0.500→0.518 | std 0.0000→0.0261

=== 요약 (mode=learn seed=36) ===
  첫 구간 46.8% → 마지막 구간 50.0% | 변화 +3.2%p | 보상률 48.4%
=> MINCIRC mode=learn seed=36 first=46.8 last=50.0 delta=+3.2 reward=48.4 **eval=59.0** tie=0 trialseed=601
