[관계] 항목 8개(훈련 4, 새 4), 반쪽 50 중 활성 15, 항목 간 겹침 1~7(평균 4.2), 새↔훈련 겹침 1~7, 패턴 64개(S 8, D 56)
make: Entering directory '/root/e132_main_run/minimal_circuit_CODE'
make: Leaving directory '/root/e132_main_run/minimal_circuit_CODE'
[KC발달] env=indep rounds=1000 exposures=200 theta=0.15 items=20 | 일치형 같은 위치 10/400 | 불일치형 같은 위치 10/400 | (호스트 계산 0.025/0.025)
  시행    1~ 400: 정답률  40.8%
  시행  401~ 800: 정답률  51.0%
=> SDGEN mode=learn seed=37 trialseed=600 train_same=72.5 train_diff=51.0 train_bal=61.8 novel_same=46.2 novel_diff=56.2 novel_bal=51.2 | ties train:0 novel:2 | n_same/diff train 51/49 novel 52/48
=> SDLAB diff=cyclic rule=samediff mode=learn seed=37 trialseed=600 train_accL=72.5 train_accR=51.0 train_lbal=61.8 novel_accL=46.2 novel_accR=56.2 novel_lbal=51.2

=== 평가 (탐색 없음, 학습 없음, 무작위 순서 100시행) : 정답률 0.0% | 동점 0회 ===
   자극 A: 0/50 (0.0%)
   자극 B: 0/50 (0.0%)

=== 학습 후 자극별 출력 (선택 이전의 원 신호) ===
  자극 A → 정답 L | out_L=  28  out_R=  40  차이   -12 | KC 111개
  자극 B → 정답 R | out_L=  41  out_R=  16  차이   +25 | KC 126개

=== 가중치 구조 (A전용 KC 100개, B전용 KC 115개) ===
  A전용 KC → out_L 평균 0.5287 | out_R 평균 0.5142 | 차이 +0.0145 (정답은 out_L) **정답쪽 우세**
  B전용 KC → out_L 평균 0.5288 | out_R 평균 0.5196 | 차이 +0.0092 (정답은 out_R) **반대**

=== 가중치 변화 ===
  kc_out_l: n=7969 |Δ|평균 0.03305 변화율  56.4% | 평균 0.500→0.527 | std 0.0000→0.0463
  kc_out_r: n=8027 |Δ|평균 0.02890 변화율  56.9% | 평균 0.500→0.521 | std 0.0000→0.0443

=== 요약 (mode=learn seed=37) ===
  첫 구간 40.8% → 마지막 구간 51.0% | 변화 +10.2%p | 보상률 45.9%
=> MINCIRC mode=learn seed=37 first=40.8 last=51.0 delta=+10.2 reward=45.9 **eval=0.0** tie=0 trialseed=600
