[관계] 항목 8개(훈련 4, 새 4), 반쪽 50 중 활성 15, 항목 간 겹침 1~7(평균 4.2), 새↔훈련 겹침 1~7, 패턴 64개(S 8, D 56)
make: Entering directory '/root/e132_main_run/minimal_circuit_CODE'
make: Nothing to be done for 'all'.
make: Leaving directory '/root/e132_main_run/minimal_circuit_CODE'
[KC발달] env=indep rounds=1000 exposures=200 theta=0.15 items=20 | 일치형 같은 위치 10/400 | 불일치형 같은 위치 10/400 | (호스트 계산 0.025/0.025)
  시행    1~ 400: 정답률  35.8%
  시행  401~ 800: 정답률  50.2%
=> SDGEN mode=learn seed=37 trialseed=601 train_same=32.7 train_diff=70.6 train_bal=51.6 novel_same=0.0 novel_diff=57.4 novel_bal=28.7 | ties train:8 novel:10 | n_same/diff train 49/51 novel 46/54
=> SDLAB diff=cyclic rule=samediff mode=learn seed=37 trialseed=601 train_accL=32.7 train_accR=70.6 train_lbal=51.6 novel_accL=0.0 novel_accR=57.4 novel_lbal=28.7

=== 평가 (탐색 없음, 학습 없음, 무작위 순서 100시행) : 정답률 0.0% | 동점 0회 ===
   자극 A: 0/50 (0.0%)
   자극 B: 0/50 (0.0%)

=== 학습 후 자극별 출력 (선택 이전의 원 신호) ===
  자극 A → 정답 L | out_L=  27  out_R=  41  차이   -14 | KC 111개
  자극 B → 정답 R | out_L=  41  out_R=  39  차이    +2 | KC 126개

=== 가중치 구조 (A전용 KC 100개, B전용 KC 115개) ===
  A전용 KC → out_L 평균 0.5146 | out_R 평균 0.5187 | 차이 -0.0041 (정답은 out_L) **반대**
  B전용 KC → out_L 평균 0.5141 | out_R 평균 0.5230 | 차이 -0.0090 (정답은 out_R) **정답쪽 우세**

=== 가중치 변화 ===
  kc_out_l: n=7969 |Δ|평균 0.02116 변화율  56.4% | 평균 0.500→0.515 | std 0.0000→0.0317
  kc_out_r: n=8027 |Δ|평균 0.03694 변화율  56.9% | 평균 0.500→0.527 | std 0.0000→0.0527

=== 요약 (mode=learn seed=37) ===
  첫 구간 35.8% → 마지막 구간 50.2% | 변화 +14.5%p | 보상률 43.0%
=> MINCIRC mode=learn seed=37 first=35.8 last=50.2 delta=+14.5 reward=43.0 **eval=0.0** tie=0 trialseed=601
