[관계] 항목 8개(훈련 4, 새 4), 반쪽 50 중 활성 15, 항목 간 겹침 2~7(평균 5.0), 새↔훈련 겹침 2~7, 패턴 64개(S 8, D 56)
make: Entering directory '/root/e132_main_run/minimal_circuit_CODE'
make: Leaving directory '/root/e132_main_run/minimal_circuit_CODE'
[KC발달] env=indep rounds=1000 exposures=200 theta=0.15 items=20 | 일치형 같은 위치 7/400 | 불일치형 같은 위치 7/400 | (호스트 계산 0.018/0.018)
  시행    1~ 400: 정답률  57.8%
  시행  401~ 800: 정답률  61.8%
=> SDGEN mode=learn seed=34 trialseed=600 train_same=41.7 train_diff=86.5 train_bal=64.1 novel_same=23.4 novel_diff=75.5 novel_bal=49.4 | ties train:0 novel:12 | n_same/diff train 48/52 novel 47/53
=> SDLAB diff=cyclic rule=samediff mode=learn seed=34 trialseed=600 train_accL=41.7 train_accR=86.5 train_lbal=64.1 novel_accL=23.4 novel_accR=75.5 novel_lbal=49.4

=== 평가 (탐색 없음, 학습 없음, 무작위 순서 100시행) : 정답률 100.0% | 동점 0회 ===
   자극 A: 48/48 (100.0%)
   자극 B: 52/52 (100.0%)

=== 학습 후 자극별 출력 (선택 이전의 원 신호) ===
  자극 A → 정답 L | out_L=  34  out_R=  28  차이    +6 | KC 113개
  자극 B → 정답 R | out_L=  28  out_R=  42  차이   -14 | KC 116개

=== 가중치 구조 (A전용 KC 104개, B전용 KC 107개) ===
  A전용 KC → out_L 평균 0.5707 | out_R 평균 0.5619 | 차이 +0.0088 (정답은 out_L) **정답쪽 우세**
  B전용 KC → out_L 평균 0.5694 | out_R 평균 0.5592 | 차이 +0.0102 (정답은 out_R) **반대**

=== 가중치 변화 ===
  kc_out_l: n=7979 |Δ|평균 0.04649 변화율  55.6% | 평균 0.500→0.543 | std 0.0000→0.0575
  kc_out_r: n=7972 |Δ|평균 0.04991 변화율  56.3% | 평균 0.500→0.546 | std 0.0000→0.0618

=== 요약 (mode=learn seed=34) ===
  첫 구간 57.8% → 마지막 구간 61.8% | 변화 +4.0%p | 보상률 59.8%
=> MINCIRC mode=learn seed=34 first=57.8 last=61.8 delta=+4.0 reward=59.8 **eval=100.0** tie=0 trialseed=600
