[관계] 항목 8개(훈련 4, 새 4), 반쪽 50 중 활성 15, 항목 간 겹침 1~9(평균 4.2), 새↔훈련 겹침 1~9, 패턴 64개(S 8, D 56)
make: Entering directory '/root/e132_main_run/minimal_circuit_CODE'
make: Nothing to be done for 'all'.
make: Leaving directory '/root/e132_main_run/minimal_circuit_CODE'
[KC발달] env=indep rounds=1000 exposures=200 theta=0.15 items=20 | 일치형 같은 위치 11/400 | 불일치형 같은 위치 4/400 | (호스트 계산 0.028/0.010)
  시행    1~ 400: 정답률  43.2%
  시행  401~ 800: 정답률  59.5%
=> SDGEN mode=learn seed=31 trialseed=601 train_same=20.8 train_diff=100.0 train_bal=60.4 novel_same=0.0 novel_diff=86.8 novel_bal=43.4 | ties train:0 novel:10 | n_same/diff train 48/52 novel 47/53
=> SDLAB diff=cyclic rule=samediff mode=learn seed=31 trialseed=601 train_accL=20.8 train_accR=100.0 train_lbal=60.4 novel_accL=0.0 novel_accR=86.8 novel_lbal=43.4

=== 평가 (탐색 없음, 학습 없음, 무작위 순서 100시행) : 정답률 53.0% | 동점 0회 ===
   자극 A: 0/47 (0.0%)
   자극 B: 53/53 (100.0%)

=== 학습 후 자극별 출력 (선택 이전의 원 신호) ===
  자극 A → 정답 L | out_L=   9  out_R=  18  차이    -9 | KC 136개
  자극 B → 정답 R | out_L=  24  out_R=  34  차이   -10 | KC 118개

=== 가중치 구조 (A전용 KC 126개, B전용 KC 108개) ===
  A전용 KC → out_L 평균 0.5285 | out_R 평균 0.5472 | 차이 -0.0187 (정답은 out_L) **반대**
  B전용 KC → out_L 평균 0.5252 | out_R 평균 0.5450 | 차이 -0.0197 (정답은 out_R) **정답쪽 우세**

=== 가중치 변화 ===
  kc_out_l: n=7972 |Δ|평균 0.02656 변화율  59.3% | 평균 0.500→0.521 | std 0.0000→0.0394
  kc_out_r: n=8034 |Δ|평균 0.04706 변화율  59.5% | 평균 0.500→0.541 | std 0.0000→0.0564

=== 요약 (mode=learn seed=31) ===
  첫 구간 43.2% → 마지막 구간 59.5% | 변화 +16.2%p | 보상률 51.4%
=> MINCIRC mode=learn seed=31 first=43.2 last=59.5 delta=+16.2 reward=51.4 **eval=53.0** tie=0 trialseed=601
