[관계] 항목 8개(훈련 4, 새 4), 반쪽 50 중 활성 15, 항목 간 겹침 2~7(평균 4.7), 새↔훈련 겹침 2~7, 패턴 64개(S 8, D 56)
make: Entering directory '/root/e132_main_run/minimal_circuit_CODE'
make: Leaving directory '/root/e132_main_run/minimal_circuit_CODE'
[KC발달] env=indep rounds=1000 exposures=200 theta=0.15 items=20 | 일치형 같은 위치 8/400 | 불일치형 같은 위치 10/400 | (호스트 계산 0.020/0.025)
  시행    1~ 400: 정답률  50.2%
  시행  401~ 800: 정답률  58.0%
=> SDGEN mode=learn seed=36 trialseed=600 train_same=100.0 train_diff=27.5 train_bal=63.7 novel_same=100.0 novel_diff=5.9 novel_bal=52.9 | ties train:0 novel:0 | n_same/diff train 49/51 novel 49/51
=> SDLAB diff=cyclic rule=samediff mode=learn seed=36 trialseed=600 train_accL=100.0 train_accR=27.5 train_lbal=63.7 novel_accL=100.0 novel_accR=5.9 novel_lbal=52.9

=== 평가 (탐색 없음, 학습 없음, 무작위 순서 100시행) : 정답률 59.0% | 동점 0회 ===
   자극 A: 59/59 (100.0%)
   자극 B: 0/41 (0.0%)

=== 학습 후 자극별 출력 (선택 이전의 원 신호) ===
  자극 A → 정답 L | out_L=  48  out_R=  30  차이   +18 | KC 121개
  자극 B → 정답 R | out_L=  20  out_R=  12  차이    +8 | KC 149개

=== 가중치 구조 (A전용 KC 108개, B전용 KC 136개) ===
  A전용 KC → out_L 평균 0.5398 | out_R 평균 0.5196 | 차이 +0.0203 (정답은 out_L) **정답쪽 우세**
  B전용 KC → out_L 평균 0.5511 | out_R 평균 0.5309 | 차이 +0.0202 (정답은 out_R) **반대**

=== 가중치 변화 ===
  kc_out_l: n=7979 |Δ|평균 0.05326 변화율  59.8% | 평균 0.500→0.544 | std 0.0000→0.0686
  kc_out_r: n=7971 |Δ|평균 0.02771 변화율  60.4% | 평균 0.500→0.524 | std 0.0000→0.0351

=== 요약 (mode=learn seed=36) ===
  첫 구간 50.2% → 마지막 구간 58.0% | 변화 +7.8%p | 보상률 54.1%
=> MINCIRC mode=learn seed=36 first=50.2 last=58.0 delta=+7.8 reward=54.1 **eval=59.0** tie=0 trialseed=600
