[관계] 항목 8개(훈련 4, 새 4), 반쪽 50 중 활성 15, 항목 간 겹침 2~7(평균 4.4), 새↔훈련 겹침 2~7, 패턴 64개(S 8, D 56)
make: Entering directory '/root/e132_main_run/minimal_circuit_CODE'
make: Leaving directory '/root/e132_main_run/minimal_circuit_CODE'
[KC발달] env=indep rounds=1000 exposures=200 theta=0.15 items=20 | 일치형 같은 위치 17/400 | 불일치형 같은 위치 10/400 | (호스트 계산 0.043/0.025)
  시행    1~ 400: 정답률  58.0%
  시행  401~ 800: 정답률  54.5%
=> SDGEN mode=learn seed=41 trialseed=600 train_same=29.5 train_diff=100.0 train_bal=64.8 novel_same=16.3 novel_diff=98.0 novel_bal=57.2 | ties train:0 novel:1 | n_same/diff train 44/56 novel 49/51
=> SDLAB diff=cyclic rule=samediff mode=learn seed=41 trialseed=600 train_accL=29.5 train_accR=100.0 train_lbal=64.8 novel_accL=16.3 novel_accR=98.0 novel_lbal=57.2

=== 평가 (탐색 없음, 학습 없음, 무작위 순서 100시행) : 정답률 100.0% | 동점 0회 ===
   자극 A: 57/57 (100.0%)
   자극 B: 43/43 (100.0%)

=== 학습 후 자극별 출력 (선택 이전의 원 신호) ===
  자극 A → 정답 L | out_L=  17  out_R=  12  차이    +5 | KC 121개
  자극 B → 정답 R | out_L=  30  out_R=  35  차이    -5 | KC 101개

=== 가중치 구조 (A전용 KC 105개, B전용 KC 85개) ===
  A전용 KC → out_L 평균 0.5576 | out_R 평균 0.5640 | 차이 -0.0063 (정답은 out_L) **반대**
  B전용 KC → out_L 평균 0.5285 | out_R 평균 0.5454 | 차이 -0.0169 (정답은 out_R) **정답쪽 우세**

=== 가중치 변화 ===
  kc_out_l: n=7979 |Δ|평균 0.03556 변화율  66.0% | 평균 0.500→0.531 | std 0.0000→0.0432
  kc_out_r: n=8079 |Δ|평균 0.05594 변화율  67.4% | 평균 0.500→0.548 | std 0.0000→0.0609

=== 요약 (mode=learn seed=41) ===
  첫 구간 58.0% → 마지막 구간 54.5% | 변화 -3.5%p | 보상률 56.2%
=> MINCIRC mode=learn seed=41 first=58.0 last=54.5 delta=-3.5 reward=56.2 **eval=100.0** tie=0 trialseed=600
