[관계] 항목 8개(훈련 4, 새 4), 반쪽 50 중 활성 15, 항목 간 겹침 1~9(평균 4.2), 새↔훈련 겹침 1~9, 패턴 64개(S 8, D 56)
make: Entering directory '/root/e132_main_run/minimal_circuit_CODE'
make: Leaving directory '/root/e132_main_run/minimal_circuit_CODE'
[KC발달] env=indep rounds=1000 exposures=200 theta=0.15 items=20 | 일치형 같은 위치 11/400 | 불일치형 같은 위치 4/400 | (호스트 계산 0.028/0.010)
  시행    1~ 400: 정답률  48.2%
  시행  401~ 800: 정답률  55.8%
=> SDGEN mode=learn seed=31 trialseed=600 train_same=20.8 train_diff=100.0 train_bal=60.4 novel_same=0.0 novel_diff=79.2 novel_bal=39.6 | ties train:0 novel:0 | n_same/diff train 48/52 novel 47/53
=> SDLAB diff=cyclic rule=samediff mode=learn seed=31 trialseed=600 train_accL=20.8 train_accR=100.0 train_lbal=60.4 novel_accL=0.0 novel_accR=79.2 novel_lbal=39.6

=== 평가 (탐색 없음, 학습 없음, 무작위 순서 100시행) : 정답률 53.0% | 동점 0회 ===
   자극 A: 0/47 (0.0%)
   자극 B: 53/53 (100.0%)

=== 학습 후 자극별 출력 (선택 이전의 원 신호) ===
  자극 A → 정답 L | out_L=  11  out_R=  16  차이    -5 | KC 136개
  자극 B → 정답 R | out_L=  25  out_R=  34  차이    -9 | KC 118개

=== 가중치 구조 (A전용 KC 126개, B전용 KC 108개) ===
  A전용 KC → out_L 평균 0.5333 | out_R 평균 0.5471 | 차이 -0.0138 (정답은 out_L) **반대**
  B전용 KC → out_L 평균 0.5286 | out_R 평균 0.5503 | 차이 -0.0216 (정답은 out_R) **정답쪽 우세**

=== 가중치 변화 ===
  kc_out_l: n=7972 |Δ|평균 0.02909 변화율  59.3% | 평균 0.500→0.524 | std 0.0000→0.0420
  kc_out_r: n=8034 |Δ|평균 0.04659 변화율  59.5% | 평균 0.500→0.540 | std 0.0000→0.0574

=== 요약 (mode=learn seed=31) ===
  첫 구간 48.2% → 마지막 구간 55.8% | 변화 +7.5%p | 보상률 52.0%
=> MINCIRC mode=learn seed=31 first=48.2 last=55.8 delta=+7.5 reward=52.0 **eval=53.0** tie=0 trialseed=600
