[관계] 항목 8개(훈련 4, 새 4), 반쪽 50 중 활성 15, 항목 간 겹침 1~7(평균 4.8), 새↔훈련 겹침 1~7, 패턴 64개(S 8, D 56)
make: Entering directory '/root/e132_main_run/minimal_circuit_CODE'
make: Leaving directory '/root/e132_main_run/minimal_circuit_CODE'
[KC발달] env=indep rounds=1000 exposures=200 theta=0.15 items=20 | 일치형 같은 위치 12/400 | 불일치형 같은 위치 12/400 | (호스트 계산 0.030/0.030)
  시행    1~ 400: 정답률  45.2%
  시행  401~ 800: 정답률  49.0%
=> SDGEN mode=learn seed=33 trialseed=600 train_same=0.0 train_diff=83.6 train_bal=41.8 novel_same=49.0 novel_diff=28.6 novel_bal=38.8 | ties train:0 novel:6 | n_same/diff train 45/55 novel 51/49
=> SDLAB diff=cyclic rule=samediff mode=learn seed=33 trialseed=600 train_accL=0.0 train_accR=83.6 train_lbal=41.8 novel_accL=49.0 novel_accR=28.6 novel_lbal=38.8

=== 평가 (탐색 없음, 학습 없음, 무작위 순서 100시행) : 정답률 100.0% | 동점 0회 ===
   자극 A: 60/60 (100.0%)
   자극 B: 40/40 (100.0%)

=== 학습 후 자극별 출력 (선택 이전의 원 신호) ===
  자극 A → 정답 L | out_L=  20  out_R=   8  차이   +12 | KC 142개
  자극 B → 정답 R | out_L=  26  out_R=  42  차이   -16 | KC 112개

=== 가중치 구조 (A전용 KC 127개, B전용 KC 97개) ===
  A전용 KC → out_L 평균 0.5254 | out_R 평균 0.5221 | 차이 +0.0032 (정답은 out_L) **정답쪽 우세**
  B전용 KC → out_L 평균 0.5294 | out_R 평균 0.5408 | 차이 -0.0114 (정답은 out_R) **정답쪽 우세**

=== 가중치 변화 ===
  kc_out_l: n=7982 |Δ|평균 0.02850 변화율  53.7% | 평균 0.500→0.524 | std 0.0000→0.0399
  kc_out_r: n=7996 |Δ|평균 0.03726 변화율  53.8% | 평균 0.500→0.529 | std 0.0000→0.0535

=== 요약 (mode=learn seed=33) ===
  첫 구간 45.2% → 마지막 구간 49.0% | 변화 +3.8%p | 보상률 47.1%
=> MINCIRC mode=learn seed=33 first=45.2 last=49.0 delta=+3.8 reward=47.1 **eval=100.0** tie=0 trialseed=600
