[관계] 항목 8개(훈련 4, 새 4), 반쪽 50 중 활성 15, 항목 간 겹침 1~7(평균 4.5), 새↔훈련 겹침 1~7, 패턴 64개(S 8, D 56)
make: Entering directory '/root/e129_main_run/minimal_circuit_CODE'
make: Leaving directory '/root/e129_main_run/minimal_circuit_CODE'
[KC배선] comparator: 일치 KC 400 중 같은 위치 두 반쪽 입력 400, 불일치 KC 400 중 같은 위치 흥분·억제(다른 반쪽) 400, w=4.00 mismatch_w=8.00
  시행    1~ 400: 정답률  62.0%
  시행  401~ 800: 정답률  61.0%
=> SDGEN mode=frozen seed=11 trialseed=600 train_same=62.7 train_diff=73.2 train_bal=67.9 novel_same=55.8 novel_diff=45.8 novel_bal=50.8 | ties train:36 novel:0 | n_same/diff train 59/41 novel 52/48
=> SDLAB diff=cyclic rule=samediff mode=frozen seed=11 trialseed=600 train_accL=62.7 train_accR=73.2 train_lbal=67.9 novel_accL=55.8 novel_accR=45.8 novel_lbal=50.8

=== 평가 (탐색 없음, 학습 없음, 무작위 순서 100시행) : 정답률 100.0% | 동점 0회 ===
   자극 A: 52/52 (100.0%)
   자극 B: 48/48 (100.0%)

=== 학습 후 자극별 출력 (선택 이전의 원 신호) ===
  자극 A → 정답 L | out_L=  46  out_R=  37  차이    +9 | KC 127개
  자극 B → 정답 R | out_L=  44  out_R=  45  차이    -1 | KC 124개

=== 가중치 구조 (A전용 KC 112개, B전용 KC 109개) ===
  A전용 KC → out_L 평균 0.5000 | out_R 평균 0.5000 | 차이 +0.0000 (정답은 out_L) **반대**
  B전용 KC → out_L 평균 0.5000 | out_R 평균 0.5000 | 차이 +0.0000 (정답은 out_R) **정답쪽 우세**

=== 가중치 변화 ===
  kc_out_l: n=7949 |Δ|평균 0.00000 변화율   0.0% | 평균 0.500→0.500 | std 0.0000→0.0000
  kc_out_r: n=8076 |Δ|평균 0.00000 변화율   0.0% | 평균 0.500→0.500 | std 0.0000→0.0000

=== 요약 (mode=frozen seed=11) ===
  첫 구간 62.0% → 마지막 구간 61.0% | 변화 -1.0%p | 보상률 0.0%
=> MINCIRC mode=frozen seed=11 first=62.0 last=61.0 delta=-1.0 reward=0.0 **eval=100.0** tie=0 trialseed=600
