[관계] 항목 8개(훈련 4, 새 4), 반쪽 50 중 활성 15, 항목 간 겹침 1~8(평균 5.0), 새↔훈련 겹침 1~7, 패턴 64개(S 8, D 56)
make: Entering directory '/root/e129_main_run/minimal_circuit_CODE'
make: Leaving directory '/root/e129_main_run/minimal_circuit_CODE'
[KC배선] comparator: 일치 KC 400 중 같은 위치 두 반쪽 입력 400, 불일치 KC 400 중 같은 위치 흥분·억제(다른 반쪽) 400, w=4.00 mismatch_w=8.00
  시행    1~ 400: 정답률  54.0%
  시행  401~ 800: 정답률  54.0%
=> SDGEN mode=frozen seed=17 trialseed=600 train_same=66.7 train_diff=55.0 train_bal=60.8 novel_same=69.0 novel_diff=69.0 novel_bal=69.0 | ties train:0 novel:4 | n_same/diff train 60/40 novel 58/42
=> SDLAB diff=cyclic rule=samediff mode=frozen seed=17 trialseed=600 train_accL=66.7 train_accR=55.0 train_lbal=60.8 novel_accL=69.0 novel_accR=69.0 novel_lbal=69.0

=== 평가 (탐색 없음, 학습 없음, 무작위 순서 100시행) : 정답률 100.0% | 동점 0회 ===
   자극 A: 55/55 (100.0%)
   자극 B: 45/45 (100.0%)

=== 학습 후 자극별 출력 (선택 이전의 원 신호) ===
  자극 A → 정답 L | out_L=  31  out_R=  17  차이   +14 | KC 120개
  자극 B → 정답 R | out_L=  30  out_R=  44  차이   -14 | KC 119개

=== 가중치 구조 (A전용 KC 108개, B전용 KC 107개) ===
  A전용 KC → out_L 평균 0.5000 | out_R 평균 0.5000 | 차이 +0.0000 (정답은 out_L) **반대**
  B전용 KC → out_L 평균 0.5000 | out_R 평균 0.5000 | 차이 +0.0000 (정답은 out_R) **정답쪽 우세**

=== 가중치 변화 ===
  kc_out_l: n=8046 |Δ|평균 0.00000 변화율   0.0% | 평균 0.500→0.500 | std 0.0000→0.0000
  kc_out_r: n=8067 |Δ|평균 0.00000 변화율   0.0% | 평균 0.500→0.500 | std 0.0000→0.0000

=== 요약 (mode=frozen seed=17) ===
  첫 구간 54.0% → 마지막 구간 54.0% | 변화 +0.0%p | 보상률 0.0%
=> MINCIRC mode=frozen seed=17 first=54.0 last=54.0 delta=+0.0 reward=0.0 **eval=100.0** tie=0 trialseed=600
