[관계] 항목 8개(훈련 4, 새 4), 반쪽 50 중 활성 15, 항목 간 겹침 2~7(평균 4.1), 새↔훈련 겹침 2~6, 패턴 64개(S 8, D 56)
make: Entering directory '/root/e129_main_run/minimal_circuit_CODE'
make: Leaving directory '/root/e129_main_run/minimal_circuit_CODE'
[KC배선] comparator: 일치 KC 400 중 같은 위치 두 반쪽 입력 400, 불일치 KC 400 중 같은 위치 흥분·억제(다른 반쪽) 400, w=4.00 mismatch_w=8.00
  시행    1~ 400: 정답률  45.5%
  시행  401~ 800: 정답률  43.2%
=> SDGEN mode=frozen seed=15 trialseed=600 train_same=0.0 train_diff=64.7 train_bal=32.4 novel_same=42.9 novel_diff=91.4 novel_bal=67.1 | ties train:28 novel:17 | n_same/diff train 49/51 novel 42/58
=> SDLAB diff=cyclic rule=samediff mode=frozen seed=15 trialseed=600 train_accL=0.0 train_accR=64.7 train_lbal=32.4 novel_accL=42.9 novel_accR=91.4 novel_lbal=67.1

=== 평가 (탐색 없음, 학습 없음, 무작위 순서 100시행) : 정답률 54.0% | 동점 0회 ===
   자극 A: 0/46 (0.0%)
   자극 B: 54/54 (100.0%)

=== 학습 후 자극별 출력 (선택 이전의 원 신호) ===
  자극 A → 정답 L | out_L=  15  out_R=  35  차이   -20 | KC 131개
  자극 B → 정답 R | out_L=  34  out_R=  40  차이    -6 | KC 115개

=== 가중치 구조 (A전용 KC 118개, B전용 KC 102개) ===
  A전용 KC → out_L 평균 0.5000 | out_R 평균 0.5000 | 차이 +0.0000 (정답은 out_L) **반대**
  B전용 KC → out_L 평균 0.5000 | out_R 평균 0.5000 | 차이 +0.0000 (정답은 out_R) **정답쪽 우세**

=== 가중치 변화 ===
  kc_out_l: n=7878 |Δ|평균 0.00000 변화율   0.0% | 평균 0.500→0.500 | std 0.0000→0.0000
  kc_out_r: n=8077 |Δ|평균 0.00000 변화율   0.0% | 평균 0.500→0.500 | std 0.0000→0.0000

=== 요약 (mode=frozen seed=15) ===
  첫 구간 45.5% → 마지막 구간 43.2% | 변화 -2.2%p | 보상률 0.0%
=> MINCIRC mode=frozen seed=15 first=45.5 last=43.2 delta=-2.2 reward=0.0 **eval=54.0** tie=0 trialseed=600
