[관계] 항목 8개(훈련 4, 새 4), 반쪽 50 중 활성 15, 항목 간 겹침 2~8(평균 4.7), 새↔훈련 겹침 3~8, 패턴 64개(S 8, D 56)
make: Entering directory '/root/e129_main_run/minimal_circuit_CODE'
make: Leaving directory '/root/e129_main_run/minimal_circuit_CODE'
[KC배선] comparator: 일치 KC 400 중 같은 위치 두 반쪽 입력 400, 불일치 KC 400 중 같은 위치 흥분·억제(다른 반쪽) 400, w=4.00 mismatch_w=8.00
  시행    1~ 400: 정답률  54.2%
  시행  401~ 800: 정답률  59.0%
=> SDGEN mode=frozen seed=16 trialseed=600 train_same=68.5 train_diff=56.5 train_bal=62.5 novel_same=49.0 novel_diff=56.9 novel_bal=52.9 | ties train:15 novel:7 | n_same/diff train 54/46 novel 49/51
=> SDLAB diff=cyclic rule=samediff mode=frozen seed=16 trialseed=600 train_accL=68.5 train_accR=56.5 train_lbal=62.5 novel_accL=49.0 novel_accR=56.9 novel_lbal=52.9

=== 평가 (탐색 없음, 학습 없음, 무작위 순서 100시행) : 정답률 0.0% | 동점 0회 ===
   자극 A: 0/53 (0.0%)
   자극 B: 0/47 (0.0%)

=== 학습 후 자극별 출력 (선택 이전의 원 신호) ===
  자극 A → 정답 L | out_L=  30  out_R=  44  차이   -14 | KC 124개
  자극 B → 정답 R | out_L=  35  out_R=  33  차이    +2 | KC 105개

=== 가중치 구조 (A전용 KC 101개, B전용 KC 82개) ===
  A전용 KC → out_L 평균 0.5000 | out_R 평균 0.5000 | 차이 +0.0000 (정답은 out_L) **반대**
  B전용 KC → out_L 평균 0.5000 | out_R 평균 0.5000 | 차이 +0.0000 (정답은 out_R) **정답쪽 우세**

=== 가중치 변화 ===
  kc_out_l: n=7958 |Δ|평균 0.00000 변화율   0.0% | 평균 0.500→0.500 | std 0.0000→0.0000
  kc_out_r: n=7861 |Δ|평균 0.00000 변화율   0.0% | 평균 0.500→0.500 | std 0.0000→0.0000

=== 요약 (mode=frozen seed=16) ===
  첫 구간 54.2% → 마지막 구간 59.0% | 변화 +4.8%p | 보상률 0.0%
=> MINCIRC mode=frozen seed=16 first=54.2 last=59.0 delta=+4.8 reward=0.0 **eval=0.0** tie=0 trialseed=600
