[관계] 항목 8개(훈련 4, 새 4), 반쪽 50 중 활성 15, 항목 간 겹침 2~7(평균 4.3), 새↔훈련 겹침 2~7, 패턴 64개(S 8, D 56)
make: Entering directory '/root/e129_main_run/minimal_circuit_CODE'
make: Leaving directory '/root/e129_main_run/minimal_circuit_CODE'
[KC배선] comparator: 일치 KC 400 중 같은 위치 두 반쪽 입력 400, 불일치 KC 400 중 같은 위치 흥분·억제(다른 반쪽) 400, w=4.00 mismatch_w=8.00
  시행    1~ 400: 정답률  54.0%
  시행  401~ 800: 정답률  53.0%
=> SDGEN mode=frozen seed=10 trialseed=600 train_same=35.6 train_diff=83.6 train_bal=59.6 novel_same=40.8 novel_diff=49.0 novel_bal=44.9 | ties train:14 novel:0 | n_same/diff train 45/55 novel 49/51
=> SDLAB diff=cyclic rule=samediff mode=frozen seed=10 trialseed=600 train_accL=35.6 train_accR=83.6 train_lbal=59.6 novel_accL=40.8 novel_accR=49.0 novel_lbal=44.9

=== 평가 (탐색 없음, 학습 없음, 무작위 순서 100시행) : 정답률 44.0% | 동점 0회 ===
   자극 A: 44/44 (100.0%)
   자극 B: 0/56 (0.0%)

=== 학습 후 자극별 출력 (선택 이전의 원 신호) ===
  자극 A → 정답 L | out_L=  43  out_R=  24  차이   +19 | KC 122개
  자극 B → 정답 R | out_L=  31  out_R=  22  차이    +9 | KC 137개

=== 가중치 구조 (A전용 KC 122개, B전용 KC 137개) ===
  A전용 KC → out_L 평균 0.5000 | out_R 평균 0.5000 | 차이 +0.0000 (정답은 out_L) **반대**
  B전용 KC → out_L 평균 0.5000 | out_R 평균 0.5000 | 차이 +0.0000 (정답은 out_R) **정답쪽 우세**

=== 가중치 변화 ===
  kc_out_l: n=7952 |Δ|평균 0.00000 변화율   0.0% | 평균 0.500→0.500 | std 0.0000→0.0000
  kc_out_r: n=7999 |Δ|평균 0.00000 변화율   0.0% | 평균 0.500→0.500 | std 0.0000→0.0000

=== 요약 (mode=frozen seed=10) ===
  첫 구간 54.0% → 마지막 구간 53.0% | 변화 -1.0%p | 보상률 0.0%
=> MINCIRC mode=frozen seed=10 first=54.0 last=53.0 delta=-1.0 reward=0.0 **eval=44.0** tie=0 trialseed=600
