[관계] 항목 8개(훈련 4, 새 4), 반쪽 50 중 활성 15, 항목 간 겹침 2~7(평균 4.5), 새↔훈련 겹침 2~7, 패턴 64개(S 8, D 56)
make: Entering directory '/root/e129_main_run/minimal_circuit_CODE'
make: Leaving directory '/root/e129_main_run/minimal_circuit_CODE'
[KC배선] comparator: 일치 KC 400 중 같은 위치 두 반쪽 입력 400, 불일치 KC 400 중 같은 위치 흥분·억제(다른 반쪽) 400, w=4.00 mismatch_w=8.00
  시행    1~ 400: 정답률  53.2%
  시행  401~ 800: 정답률  51.2%
=> SDGEN mode=frozen seed=12 trialseed=600 train_same=52.2 train_diff=57.4 train_bal=54.8 novel_same=76.9 novel_diff=29.2 novel_bal=53.0 | ties train:16 novel:0 | n_same/diff train 46/54 novel 52/48
=> SDLAB diff=cyclic rule=samediff mode=frozen seed=12 trialseed=600 train_accL=52.2 train_accR=57.4 train_lbal=54.8 novel_accL=76.9 novel_accR=29.2 novel_lbal=53.0

=== 평가 (탐색 없음, 학습 없음, 무작위 순서 100시행) : 정답률 0.0% | 동점 0회 ===
   자극 A: 0/41 (0.0%)
   자극 B: 0/59 (0.0%)

=== 학습 후 자극별 출력 (선택 이전의 원 신호) ===
  자극 A → 정답 L | out_L=  40  out_R=  45  차이    -5 | KC 121개
  자극 B → 정답 R | out_L=  40  out_R=  25  차이   +15 | KC 118개

=== 가중치 구조 (A전용 KC 97개, B전용 KC 94개) ===
  A전용 KC → out_L 평균 0.5000 | out_R 평균 0.5000 | 차이 +0.0000 (정답은 out_L) **반대**
  B전용 KC → out_L 평균 0.5000 | out_R 평균 0.5000 | 차이 +0.0000 (정답은 out_R) **정답쪽 우세**

=== 가중치 변화 ===
  kc_out_l: n=8125 |Δ|평균 0.00000 변화율   0.0% | 평균 0.500→0.500 | std 0.0000→0.0000
  kc_out_r: n=8003 |Δ|평균 0.00000 변화율   0.0% | 평균 0.500→0.500 | std 0.0000→0.0000

=== 요약 (mode=frozen seed=12) ===
  첫 구간 53.2% → 마지막 구간 51.2% | 변화 -2.0%p | 보상률 0.0%
=> MINCIRC mode=frozen seed=12 first=53.2 last=51.2 delta=-2.0 reward=0.0 **eval=0.0** tie=0 trialseed=600
