[관계] 항목 8개(훈련 4, 새 4), 반쪽 50 중 활성 15, 항목 간 겹침 2~8(평균 4.6), 새↔훈련 겹침 2~8, 패턴 64개(S 8, D 56)
make: Entering directory '/root/e129_main_run/minimal_circuit_CODE'
make: Leaving directory '/root/e129_main_run/minimal_circuit_CODE'
[KC배선] comparator: 일치 KC 400 중 같은 위치 두 반쪽 입력 400, 불일치 KC 400 중 같은 위치 흥분·억제(다른 반쪽) 400, w=4.00 mismatch_w=8.00
  시행    1~ 400: 정답률  49.5%
  시행  401~ 800: 정답률  49.8%
=> SDGEN mode=frozen seed=14 trialseed=600 train_same=22.4 train_diff=86.3 train_bal=54.4 novel_same=23.9 novel_diff=64.8 novel_bal=44.4 | ties train:0 novel:5 | n_same/diff train 49/51 novel 46/54
=> SDLAB diff=cyclic rule=samediff mode=frozen seed=14 trialseed=600 train_accL=22.4 train_accR=86.3 train_lbal=54.4 novel_accL=23.9 novel_accR=64.8 novel_lbal=44.4

=== 평가 (탐색 없음, 학습 없음, 무작위 순서 100시행) : 정답률 100.0% | 동점 0회 ===
   자극 A: 57/57 (100.0%)
   자극 B: 43/43 (100.0%)

=== 학습 후 자극별 출력 (선택 이전의 원 신호) ===
  자극 A → 정답 L | out_L=  36  out_R=  23  차이   +13 | KC 109개
  자극 B → 정답 R | out_L=  16  out_R=  31  차이   -15 | KC 106개

=== 가중치 구조 (A전용 KC 103개, B전용 KC 100개) ===
  A전용 KC → out_L 평균 0.5000 | out_R 평균 0.5000 | 차이 +0.0000 (정답은 out_L) **반대**
  B전용 KC → out_L 평균 0.5000 | out_R 평균 0.5000 | 차이 +0.0000 (정답은 out_R) **정답쪽 우세**

=== 가중치 변화 ===
  kc_out_l: n=7975 |Δ|평균 0.00000 변화율   0.0% | 평균 0.500→0.500 | std 0.0000→0.0000
  kc_out_r: n=8075 |Δ|평균 0.00000 변화율   0.0% | 평균 0.500→0.500 | std 0.0000→0.0000

=== 요약 (mode=frozen seed=14) ===
  첫 구간 49.5% → 마지막 구간 49.8% | 변화 +0.2%p | 보상률 0.0%
=> MINCIRC mode=frozen seed=14 first=49.5 last=49.8 delta=+0.2 reward=0.0 **eval=100.0** tie=0 trialseed=600
