[관계] 항목 8개(훈련 4, 새 4), 반쪽 50 중 활성 15, 항목 간 겹침 2~8(평균 4.6), 새↔훈련 겹침 2~8, 패턴 64개(S 8, D 56)
make: Entering directory '/root/e129_main_run/minimal_circuit_CODE'
make: Leaving directory '/root/e129_main_run/minimal_circuit_CODE'
[KC배선] comparator: 일치 KC 400 중 같은 위치 두 반쪽 입력 400, 불일치 KC 400 중 같은 위치 흥분·억제(다른 반쪽) 400, w=4.00 mismatch_w=8.00
  시행    1~ 400: 정답률  56.5%
  시행  401~ 800: 정답률  65.2%
=> SDGEN mode=learn seed=14 trialseed=600 train_same=100.0 train_diff=86.3 train_bal=93.1 novel_same=100.0 novel_diff=83.7 novel_bal=91.8 | ties train:0 novel:0 | n_same/diff train 49/51 novel 51/49
=> SDLAB diff=cyclic rule=samediff mode=learn seed=14 trialseed=600 train_accL=100.0 train_accR=86.3 train_lbal=93.1 novel_accL=100.0 novel_accR=83.7 novel_lbal=91.8

=== 평가 (탐색 없음, 학습 없음, 무작위 순서 100시행) : 정답률 43.0% | 동점 0회 ===
   자극 A: 0/57 (0.0%)
   자극 B: 43/43 (100.0%)

=== 학습 후 자극별 출력 (선택 이전의 원 신호) ===
  자극 A → 정답 L | out_L=  12  out_R=  43  차이   -31 | KC 109개
  자극 B → 정답 R | out_L=  26  out_R=  35  차이    -9 | KC 106개

=== 가중치 구조 (A전용 KC 103개, B전용 KC 100개) ===
  A전용 KC → out_L 평균 0.4893 | out_R 평균 0.5623 | 차이 -0.0730 (정답은 out_L) **반대**
  B전용 KC → out_L 평균 0.5748 | out_R 평균 0.5431 | 차이 +0.0317 (정답은 out_R) **반대**

=== 가중치 변화 ===
  kc_out_l: n=7975 |Δ|평균 0.06078 변화율  72.1% | 평균 0.500→0.546 | std 0.0000→0.0858
  kc_out_r: n=8075 |Δ|평균 0.05350 변화율  72.6% | 평균 0.500→0.543 | std 0.0000→0.0652

=== 요약 (mode=learn seed=14) ===
  첫 구간 56.5% → 마지막 구간 65.2% | 변화 +8.8%p | 보상률 60.9%
=> MINCIRC mode=learn seed=14 first=56.5 last=65.2 delta=+8.8 reward=60.9 **eval=43.0** tie=0 trialseed=600
