[관계] 항목 8개(훈련 4, 새 4), 반쪽 50 중 활성 15, 항목 간 겹침 2~7(평균 4.5), 새↔훈련 겹침 2~7, 패턴 64개(S 8, D 56)
make: Entering directory '/root/e129_main_run/minimal_circuit_CODE'
make: Nothing to be done for 'all'.
make: Leaving directory '/root/e129_main_run/minimal_circuit_CODE'
[KC배선] comparator: 일치 KC 400 중 같은 위치 두 반쪽 입력 400, 불일치 KC 400 중 같은 위치 흥분·억제(다른 반쪽) 400, w=4.00 mismatch_w=8.00
  시행    1~ 400: 정답률  55.5%
  시행  401~ 800: 정답률  70.5%
=> SDGEN mode=learn seed=12 trialseed=601 train_same=100.0 train_diff=100.0 train_bal=100.0 novel_same=100.0 novel_diff=88.2 novel_bal=94.1 | ties train:0 novel:0 | n_same/diff train 47/53 novel 49/51
=> SDLAB diff=cyclic rule=samediff mode=learn seed=12 trialseed=601 train_accL=100.0 train_accR=100.0 train_lbal=100.0 novel_accL=100.0 novel_accR=88.2 novel_lbal=94.1

=== 평가 (탐색 없음, 학습 없음, 무작위 순서 100시행) : 정답률 59.0% | 동점 0회 ===
   자극 A: 0/41 (0.0%)
   자극 B: 59/59 (100.0%)

=== 학습 후 자극별 출력 (선택 이전의 원 신호) ===
  자극 A → 정답 L | out_L=  12  out_R=  47  차이   -35 | KC 121개
  자극 B → 정답 R | out_L=  40  out_R=  45  차이    -5 | KC 118개

=== 가중치 구조 (A전용 KC 97개, B전용 KC 94개) ===
  A전용 KC → out_L 평균 0.5282 | out_R 평균 0.5720 | 차이 -0.0438 (정답은 out_L) **반대**
  B전용 KC → out_L 평균 0.5080 | out_R 평균 0.5668 | 차이 -0.0588 (정답은 out_R) **정답쪽 우세**

=== 가중치 변화 ===
  kc_out_l: n=8125 |Δ|평균 0.05933 변화율  72.9% | 평균 0.500→0.545 | std 0.0000→0.0821
  kc_out_r: n=8003 |Δ|평균 0.06076 변화율  73.1% | 평균 0.500→0.549 | std 0.0000→0.0723

=== 요약 (mode=learn seed=12) ===
  첫 구간 55.5% → 마지막 구간 70.5% | 변화 +15.0%p | 보상률 63.0%
=> MINCIRC mode=learn seed=12 first=55.5 last=70.5 delta=+15.0 reward=63.0 **eval=59.0** tie=0 trialseed=601
