[관계] 항목 8개(훈련 4, 새 4), 반쪽 50 중 활성 15, 항목 간 겹침 2~8(평균 4.7), 새↔훈련 겹침 3~8, 패턴 64개(S 8, D 56)
make: Entering directory '/root/e129_main_run/minimal_circuit_CODE'
make: Leaving directory '/root/e129_main_run/minimal_circuit_CODE'
[KC배선] comparator: 일치 KC 400 중 같은 위치 두 반쪽 입력 400, 불일치 KC 400 중 같은 위치 흥분·억제(다른 반쪽) 400, w=4.00 mismatch_w=8.00
  시행    1~ 400: 정답률  59.2%
  시행  401~ 800: 정답률  64.5%
=> SDGEN mode=learn seed=16 trialseed=600 train_same=100.0 train_diff=100.0 train_bal=100.0 novel_same=100.0 novel_diff=94.2 novel_bal=97.1 | ties train:0 novel:0 | n_same/diff train 56/44 novel 48/52
=> SDLAB diff=cyclic rule=samediff mode=learn seed=16 trialseed=600 train_accL=100.0 train_accR=100.0 train_lbal=100.0 novel_accL=100.0 novel_accR=94.2 novel_lbal=97.1

=== 평가 (탐색 없음, 학습 없음, 무작위 순서 100시행) : 정답률 0.0% | 동점 0회 ===
   자극 A: 0/53 (0.0%)
   자극 B: 0/47 (0.0%)

=== 학습 후 자극별 출력 (선택 이전의 원 신호) ===
  자극 A → 정답 L | out_L=  24  out_R=  49  차이   -25 | KC 124개
  자극 B → 정답 R | out_L=  39  out_R=  38  차이    +1 | KC 105개

=== 가중치 구조 (A전용 KC 101개, B전용 KC 82개) ===
  A전용 KC → out_L 평균 0.5201 | out_R 평균 0.5464 | 차이 -0.0262 (정답은 out_L) **반대**
  B전용 KC → out_L 평균 0.5254 | out_R 평균 0.5339 | 차이 -0.0085 (정답은 out_R) **정답쪽 우세**

=== 가중치 변화 ===
  kc_out_l: n=7958 |Δ|평균 0.07094 변화율  71.1% | 평균 0.500→0.555 | std 0.0000→0.0953
  kc_out_r: n=7861 |Δ|평균 0.05055 변화율  70.8% | 평균 0.500→0.543 | std 0.0000→0.0593

=== 요약 (mode=learn seed=16) ===
  첫 구간 59.2% → 마지막 구간 64.5% | 변화 +5.2%p | 보상률 61.9%
=> MINCIRC mode=learn seed=16 first=59.2 last=64.5 delta=+5.2 reward=61.9 **eval=0.0** tie=0 trialseed=600
