[관계] 항목 8개(훈련 4, 새 4), 반쪽 50 중 활성 15, 항목 간 겹침 1~7(평균 4.5), 새↔훈련 겹침 1~7, 패턴 64개(S 8, D 56)
make: Entering directory '/root/e129_main_run/minimal_circuit_CODE'
make: Leaving directory '/root/e129_main_run/minimal_circuit_CODE'
[KC배선] comparator: 일치 KC 400 중 같은 위치 두 반쪽 입력 400, 불일치 KC 400 중 같은 위치 흥분·억제(다른 반쪽) 400, w=4.00 mismatch_w=8.00
  시행    1~ 400: 정답률  65.8%
  시행  401~ 800: 정답률  67.2%
=> SDGEN mode=learn seed=11 trialseed=600 train_same=100.0 train_diff=67.4 train_bal=83.7 novel_same=100.0 novel_diff=69.6 novel_bal=84.8 | ties train:0 novel:0 | n_same/diff train 57/43 novel 54/46
=> SDLAB diff=cyclic rule=samediff mode=learn seed=11 trialseed=600 train_accL=100.0 train_accR=67.4 train_lbal=83.7 novel_accL=100.0 novel_accR=69.6 novel_lbal=84.8

=== 평가 (탐색 없음, 학습 없음, 무작위 순서 100시행) : 정답률 48.0% | 동점 0회 ===
   자극 A: 0/52 (0.0%)
   자극 B: 48/48 (100.0%)

=== 학습 후 자극별 출력 (선택 이전의 원 신호) ===
  자극 A → 정답 L | out_L=  43  out_R=  44  차이    -1 | KC 127개
  자극 B → 정답 R | out_L=   4  out_R=  56  차이   -52 | KC 124개

=== 가중치 구조 (A전용 KC 112개, B전용 KC 109개) ===
  A전용 KC → out_L 평균 0.5125 | out_R 평균 0.5406 | 차이 -0.0281 (정답은 out_L) **반대**
  B전용 KC → out_L 평균 0.5385 | out_R 평균 0.5675 | 차이 -0.0290 (정답은 out_R) **정답쪽 우세**

=== 가중치 변화 ===
  kc_out_l: n=7949 |Δ|평균 0.06566 변화율  75.7% | 평균 0.500→0.555 | std 0.0000→0.0901
  kc_out_r: n=8076 |Δ|평균 0.05960 변화율  75.7% | 평균 0.500→0.551 | std 0.0000→0.0629

=== 요약 (mode=learn seed=11) ===
  첫 구간 65.8% → 마지막 구간 67.2% | 변화 +1.5%p | 보상률 66.5%
=> MINCIRC mode=learn seed=11 first=65.8 last=67.2 delta=+1.5 reward=66.5 **eval=48.0** tie=0 trialseed=600
