[관계] 항목 8개(훈련 4, 새 4), 반쪽 50 중 활성 15, 항목 간 겹침 2~7(평균 4.1), 새↔훈련 겹침 2~6, 패턴 64개(S 8, D 56)
make: Entering directory '/root/e129_main_run/minimal_circuit_CODE'
make: Leaving directory '/root/e129_main_run/minimal_circuit_CODE'
[KC배선] comparator: 일치 KC 400 중 같은 위치 두 반쪽 입력 400, 불일치 KC 400 중 같은 위치 흥분·억제(다른 반쪽) 400, w=4.00 mismatch_w=8.00
  시행    1~ 400: 정답률  52.5%
  시행  401~ 800: 정답률  67.0%
=> SDGEN mode=learn seed=15 trialseed=600 train_same=100.0 train_diff=100.0 train_bal=100.0 novel_same=100.0 novel_diff=91.3 novel_bal=95.7 | ties train:0 novel:0 | n_same/diff train 52/48 novel 54/46
=> SDLAB diff=cyclic rule=samediff mode=learn seed=15 trialseed=600 train_accL=100.0 train_accR=100.0 train_lbal=100.0 novel_accL=100.0 novel_accR=91.3 novel_lbal=95.7

=== 평가 (탐색 없음, 학습 없음, 무작위 순서 100시행) : 정답률 54.0% | 동점 0회 ===
   자극 A: 0/46 (0.0%)
   자극 B: 54/54 (100.0%)

=== 학습 후 자극별 출력 (선택 이전의 원 신호) ===
  자극 A → 정답 L | out_L=   2  out_R=  74  차이   -72 | KC 131개
  자극 B → 정답 R | out_L=   1  out_R=  75  차이   -74 | KC 115개

=== 가중치 구조 (A전용 KC 118개, B전용 KC 102개) ===
  A전용 KC → out_L 평균 0.5049 | out_R 평균 0.5712 | 차이 -0.0663 (정답은 out_L) **반대**
  B전용 KC → out_L 평균 0.5042 | out_R 평균 0.5872 | 차이 -0.0831 (정답은 out_R) **정답쪽 우세**

=== 가중치 변화 ===
  kc_out_l: n=7878 |Δ|평균 0.05181 변화율  78.0% | 평균 0.500→0.542 | std 0.0000→0.0669
  kc_out_r: n=8077 |Δ|평균 0.06129 변화율  78.2% | 평균 0.500→0.547 | std 0.0000→0.0658

=== 요약 (mode=learn seed=15) ===
  첫 구간 52.5% → 마지막 구간 67.0% | 변화 +14.5%p | 보상률 59.8%
=> MINCIRC mode=learn seed=15 first=52.5 last=67.0 delta=+14.5 reward=59.8 **eval=54.0** tie=0 trialseed=600
