[관계] 항목 8개(훈련 4, 새 4), 반쪽 50 중 활성 15, 항목 간 겹침 1~7(평균 4.5), 새↔훈련 겹침 1~7, 패턴 64개(S 8, D 56)
make: Entering directory '/root/e129_main_run/minimal_circuit_CODE'
make: Nothing to be done for 'all'.
make: Leaving directory '/root/e129_main_run/minimal_circuit_CODE'
[KC배선] comparator: 일치 KC 400 중 같은 위치 두 반쪽 입력 400, 불일치 KC 400 중 같은 위치 흥분·억제(다른 반쪽) 400, w=4.00 mismatch_w=8.00
  시행    1~ 400: 정답률  61.8%
  시행  401~ 800: 정답률  66.5%
=> SDGEN mode=learn seed=11 trialseed=601 train_same=100.0 train_diff=67.4 train_bal=83.7 novel_same=100.0 novel_diff=69.6 novel_bal=84.8 | ties train:0 novel:0 | n_same/diff train 57/43 novel 54/46
=> SDLAB diff=cyclic rule=samediff mode=learn seed=11 trialseed=601 train_accL=100.0 train_accR=67.4 train_lbal=83.7 novel_accL=100.0 novel_accR=69.6 novel_lbal=84.8

=== 평가 (탐색 없음, 학습 없음, 무작위 순서 100시행) : 정답률 48.0% | 동점 0회 ===
   자극 A: 0/52 (0.0%)
   자극 B: 48/48 (100.0%)

=== 학습 후 자극별 출력 (선택 이전의 원 신호) ===
  자극 A → 정답 L | out_L=  43  out_R=  45  차이    -2 | KC 127개
  자극 B → 정답 R | out_L=   3  out_R=  58  차이   -55 | KC 124개

=== 가중치 구조 (A전용 KC 112개, B전용 KC 109개) ===
  A전용 KC → out_L 평균 0.5132 | out_R 평균 0.5427 | 차이 -0.0295 (정답은 out_L) **반대**
  B전용 KC → out_L 평균 0.5327 | out_R 평균 0.5667 | 차이 -0.0340 (정답은 out_R) **정답쪽 우세**

=== 가중치 변화 ===
  kc_out_l: n=7949 |Δ|평균 0.06181 변화율  75.7% | 평균 0.500→0.550 | std 0.0000→0.0843
  kc_out_r: n=8076 |Δ|평균 0.05952 변화율  75.7% | 평균 0.500→0.552 | std 0.0000→0.0630

=== 요약 (mode=learn seed=11) ===
  첫 구간 61.8% → 마지막 구간 66.5% | 변화 +4.7%p | 보상률 64.1%
=> MINCIRC mode=learn seed=11 first=61.8 last=66.5 delta=+4.7 reward=64.1 **eval=48.0** tie=0 trialseed=601
