[관계] 항목 8개(훈련 4, 새 4), 반쪽 50 중 활성 15, 항목 간 겹침 2~7(평균 4.3), 새↔훈련 겹침 2~7, 패턴 64개(S 8, D 56)
make: Entering directory '/root/e129_main_run/minimal_circuit_CODE'
make: Leaving directory '/root/e129_main_run/minimal_circuit_CODE'
[KC배선] comparator: 일치 KC 400 중 같은 위치 두 반쪽 입력 400, 불일치 KC 400 중 같은 위치 흥분·억제(다른 반쪽) 400, w=4.00 mismatch_w=8.00
  시행    1~ 400: 정답률  63.7%
  시행  401~ 800: 정답률  71.0%
=> SDGEN mode=learn seed=10 trialseed=600 train_same=100.0 train_diff=100.0 train_bal=100.0 novel_same=100.0 novel_diff=80.0 novel_bal=90.0 | ties train:0 novel:0 | n_same/diff train 50/50 novel 50/50
=> SDLAB diff=cyclic rule=samediff mode=learn seed=10 trialseed=600 train_accL=100.0 train_accR=100.0 train_lbal=100.0 novel_accL=100.0 novel_accR=80.0 novel_lbal=90.0

=== 평가 (탐색 없음, 학습 없음, 무작위 순서 100시행) : 정답률 100.0% | 동점 0회 ===
   자극 A: 44/44 (100.0%)
   자극 B: 56/56 (100.0%)

=== 학습 후 자극별 출력 (선택 이전의 원 신호) ===
  자극 A → 정답 L | out_L=  35  out_R=  17  차이   +18 | KC 122개
  자극 B → 정답 R | out_L=  12  out_R=  14  차이    -2 | KC 137개

=== 가중치 구조 (A전용 KC 122개, B전용 KC 137개) ===
  A전용 KC → out_L 평균 0.5346 | out_R 평균 0.5567 | 차이 -0.0222 (정답은 out_L) **반대**
  B전용 KC → out_L 평균 0.5406 | out_R 평균 0.5381 | 차이 +0.0025 (정답은 out_R) **반대**

=== 가중치 변화 ===
  kc_out_l: n=7952 |Δ|평균 0.06928 변화율  74.4% | 평균 0.500→0.559 | std 0.0000→0.0922
  kc_out_r: n=7999 |Δ|평균 0.06419 변화율  75.2% | 평균 0.500→0.551 | std 0.0000→0.0762

=== 요약 (mode=learn seed=10) ===
  첫 구간 63.7% → 마지막 구간 71.0% | 변화 +7.3%p | 보상률 67.4%
=> MINCIRC mode=learn seed=10 first=63.7 last=71.0 delta=+7.3 reward=67.4 **eval=100.0** tie=0 trialseed=600
