[관계] 항목 8개(훈련 4, 새 4), 반쪽 50 중 활성 15, 항목 간 겹침 2~8(평균 4.7), 새↔훈련 겹침 3~8, 패턴 64개(S 8, D 56)
make: Entering directory '/root/e129_main_run/minimal_circuit_CODE'
make: Nothing to be done for 'all'.
make: Leaving directory '/root/e129_main_run/minimal_circuit_CODE'
[KC배선] comparator: 일치 KC 400 중 같은 위치 두 반쪽 입력 400, 불일치 KC 400 중 같은 위치 흥분·억제(다른 반쪽) 400, w=4.00 mismatch_w=8.00
  시행    1~ 400: 정답률  55.0%
  시행  401~ 800: 정답률  65.2%
=> SDGEN mode=learn seed=16 trialseed=601 train_same=100.0 train_diff=100.0 train_bal=100.0 novel_same=100.0 novel_diff=100.0 novel_bal=100.0 | ties train:0 novel:0 | n_same/diff train 56/44 novel 48/52
=> SDLAB diff=cyclic rule=samediff mode=learn seed=16 trialseed=601 train_accL=100.0 train_accR=100.0 train_lbal=100.0 novel_accL=100.0 novel_accR=100.0 novel_lbal=100.0

=== 평가 (탐색 없음, 학습 없음, 무작위 순서 100시행) : 정답률 0.0% | 동점 0회 ===
   자극 A: 0/53 (0.0%)
   자극 B: 0/47 (0.0%)

=== 학습 후 자극별 출력 (선택 이전의 원 신호) ===
  자극 A → 정답 L | out_L=  24  out_R=  49  차이   -25 | KC 124개
  자극 B → 정답 R | out_L=  39  out_R=  38  차이    +1 | KC 105개

=== 가중치 구조 (A전용 KC 101개, B전용 KC 82개) ===
  A전용 KC → out_L 평균 0.5199 | out_R 평균 0.5512 | 차이 -0.0313 (정답은 out_L) **반대**
  B전용 KC → out_L 평균 0.5233 | out_R 평균 0.5364 | 차이 -0.0131 (정답은 out_R) **정답쪽 우세**

=== 가중치 변화 ===
  kc_out_l: n=7958 |Δ|평균 0.06706 변화율  71.1% | 평균 0.500→0.550 | std 0.0000→0.0909
  kc_out_r: n=7861 |Δ|평균 0.05277 변화율  70.8% | 평균 0.500→0.545 | std 0.0000→0.0642

=== 요약 (mode=learn seed=16) ===
  첫 구간 55.0% → 마지막 구간 65.2% | 변화 +10.2%p | 보상률 60.1%
=> MINCIRC mode=learn seed=16 first=55.0 last=65.2 delta=+10.2 reward=60.1 **eval=0.0** tie=0 trialseed=601
