성공 + 오염 줄임(q₁ 0.9, c₁ 1.0, c₂ 0.07)      기대 대체 성공(H092) / 창 단축이 오염을 줄임     → 대체 성공(H092) / 창 단축이 오염을 줄임           ✓
실패 + 줄이지 않음(q₁ 0.07·qff 0.9 → c₁ 0.078)  기대 실패(H092-null) / 줄이지 않음         → 실패(H092-null) / 줄이지 않음               ✓
부분(q₁ 0.65)                              기대 부분 / 창 단축이 오염을 줄임              → 부분 / 창 단축이 오염을 줄임                    ✓
q₁ 0.80 정확 → 성공                          기대 대체 성공(H092)                    → 대체 성공(H092) / 창 단축이 오염을 줄임           ✓
q₁ 0.7998 → 부분                           기대 부분                             → 부분 / 창 단축이 오염을 줄임                    ✓
q₁ 0.50 정확 → 실패                          기대 실패(H092-null)                  → 실패(H092-null) / 창 단축이 오염을 줄임         ✓
q₁ 0.5002 → 부분                           기대 부분                             → 부분 / 창 단축이 오염을 줄임                    ✓
c₁ − c₂ 0.20 정확(c₁ 0.27, c₂ 0.07) → 줄임   기대 실패(H092-null) / 창 단축이 오염을 줄임   → 실패(H092-null) / 창 단축이 오염을 줄임         ✓
c₁ − c₂ 0.1998 → 중간                      기대 실패(H092-null) / 중간             → 실패(H092-null) / 중간                   ✓
|c₁ − c₂| 0.10 정확 → 중간                   기대 실패(H092-null) / 중간             → 실패(H092-null) / 중간                   ✓
|c₁ − c₂| 0.0998 → 줄이지 않음                기대 실패(H092-null) / 줄이지 않음         → 실패(H092-null) / 줄이지 않음               ✓
판정 2 전제(FFW1 −0.0999)                    기대 실패(H092-null) / 판정 불가          → 실패(H092-null) / 판정 불가(전제 e_FFW1 ≤ −0 ✓
4/5 성공(한 뇌 q₁ 0.3)                       기대 대체 성공(H092)                    → 대체 성공(H092) / 창 단축이 오염을 줄임           ✓
3/5 성공·2 실패 → 부분                         기대 부분                             → 부분 / 중간                              ✓
창 1 확인 실패(FFW1 잔차 0.002)                 기대 보류(조작검증 실패) / 보류(조작검증 실패)      → 보류(조작검증 실패) / 보류(조작검증 실패)            ✓
동결 꺼짐 실패(FW1 잔차 0.04)                    기대 보류(조작검증 실패)                    → 보류(조작검증 실패) / 보류(조작검증 실패)            ✓
[사전] 차 0.0021                            기대 보류(조작검증 실패)                    → 보류(조작검증 실패) / 보류(조작검증 실패)            ✓
추적 499                                   기대 보류(조작검증 실패)                    → 보류(조작검증 실패) / 보류(조작검증 실패)            ✓
적재 1                                     기대 보류(조작검증 실패)                    → 보류(조작검증 실패) / 보류(조작검증 실패)            ✓
전제 e_F −0.0999                           기대 보류(조작검증 실패)                    → 보류(조작검증 실패) / 보류(조작검증 실패)            ✓
결측(E166 FNF 뇌 20)                        기대 결측                             → [측정 확인] 결측 [('FNF', 20)] — **판정 보류,  ✓
결측(FW1 추적 뇌 16)                          기대 결측                             → [측정 확인] 결측 [('s', 'FW1', 16)] — **판정 ✓
원 로그 파싱·창 1 잔차(r₁ = (11/12)^10)          → ✓
전체: 통과
