make: Entering directory '/root/minc_run/minimal_circuit_CODE'
make: Nothing to be done for 'all'.
make: Leaving directory '/root/minc_run/minimal_circuit_CODE'
  시행    1~ 400: 정답률  48.2%
  시행  401~ 800: 정답률  53.2%
  시행  801~1200: 정답률  49.0%
  시행 1201~1600: 정답률  50.5%

=== 평가 (탐색 없음, 학습 없음, 무작위 순서 100시행) : 정답률 47.0% | 동점 0회 ===
   자극 A: 47/47 (100.0%)
   자극 B: 0/53 (0.0%)

=== 학습 후 자극별 출력 (선택 이전의 원 신호) ===
  자극 A → 정답 L | out_L= 325  out_R=   2  차이  +323 | KC 84개
  자극 B → 정답 R | out_L= 288  out_R=   3  차이  +285 | KC 106개

=== 가중치 구조 (A전용 KC 58개, B전용 KC 80개) ===
  A전용 KC → out_L 평균 12.2344 | out_R 평균 0.7861 | 차이 +11.4483 (정답은 out_L) **정답쪽 우세**
  B전용 KC → out_L 평균 4.9976 | out_R 평균 0.8067 | 차이 +4.1908 (정답은 out_R) **반대**

=== 가중치 변화 ===
  kc_out_l: n=7953 |Δ|평균 1.64613 변화율  21.0% | 평균 0.500→2.146 | std 0.0000→3.5453
  kc_out_r: n=7937 |Δ|평균 0.06628 변화율  20.3% | 평균 0.500→0.566 | std 0.0000→0.3930

=== 요약 (mode=learn seed=3) ===
  첫 구간 48.2% → 마지막 구간 50.5% | 변화 +2.2%p | 보상률 50.2%
=> MINCIRC mode=learn seed=3 first=48.2 last=50.5 delta=+2.2 reward=50.2 **eval=47.0** tie=0 trialseed=106
