make: Entering directory '/root/minc_run/minimal_circuit_CODE'
make: Nothing to be done for 'all'.
make: Leaving directory '/root/minc_run/minimal_circuit_CODE'
  시행    1~ 400: 정답률  66.2%
  시행  401~ 800: 정답률  68.8%
  시행  801~1200: 정답률  68.0%
  시행 1201~1600: 정답률  74.2%

=== 평가 (탐색 없음, 학습 없음, 무작위 순서 100시행) : 정답률 100.0% | 동점 0회 ===
   자극 A: 44/44 (100.0%)
   자극 B: 56/56 (100.0%)

=== 학습 후 자극별 출력 (선택 이전의 원 신호) ===
  자극 A → 정답 L | out_L=  90  out_R=  55  차이   +35 | KC 90개
  자극 B → 정답 R | out_L=  37  out_R= 247  차이  -210 | KC 112개

=== 가중치 구조 (A전용 KC 65개, B전용 KC 87개) ===
  A전용 KC → out_L 평균 6.2905 | out_R 평균 3.0133 | 차이 +3.2773 (정답은 out_L) **정답쪽 우세**
  B전용 KC → out_L 평균 2.7694 | out_R 평균 10.2948 | 차이 -7.5254 (정답은 out_R) **정답쪽 우세**

=== 가중치 변화 ===
  kc_out_l: n=8062 |Δ|평균 0.92292 변화율  22.0% | 평균 0.500→1.423 | std 0.0000→2.5641
  kc_out_r: n=8032 |Δ|평균 1.62264 변화율  22.1% | 평균 0.500→2.123 | std 0.0000→3.9384

=== 요약 (mode=learn seed=0) ===
  첫 구간 66.2% → 마지막 구간 74.2% | 변화 +8.0%p | 보상률 69.3%
=> MINCIRC mode=learn seed=0 first=66.2 last=74.2 delta=+8.0 reward=69.3 **eval=100.0** tie=0 trialseed=104
