make: Entering directory '/root/minc_run/minimal_circuit_CODE'
make: Leaving directory '/root/minc_run/minimal_circuit_CODE'
  시행    1~ 400: 정답률  52.2%
  시행  401~ 800: 정답률  53.2%
  시행  801~1200: 정답률  48.0%
  시행 1201~1600: 정답률  52.2%

=== 평가 (탐색 없음, 학습 없음, 무작위 순서 100시행) : 정답률 47.0% | 동점 0회 ===
   자극 A: 47/47 (100.0%)
   자극 B: 0/53 (0.0%)

=== 학습 후 자극별 출력 (선택 이전의 원 신호) ===
  자극 A → 정답 L | out_L= 307  out_R=  10  차이  +297 | KC 84개
  자극 B → 정답 R | out_L= 212  out_R=  20  차이  +192 | KC 106개

=== 가중치 구조 (A전용 KC 58개, B전용 KC 80개) ===
  A전용 KC → out_L 평균 11.6391 | out_R 평균 1.6059 | 차이 +10.0333 (정답은 out_L) **정답쪽 우세**
  B전용 KC → out_L 평균 3.4113 | out_R 평균 2.2266 | 차이 +1.1847 (정답은 out_R) **반대**

=== 가중치 변화 ===
  kc_out_l: n=7953 |Δ|평균 1.44746 변화율  21.0% | 평균 0.500→1.947 | std 0.0000→3.3945
  kc_out_r: n=7937 |Δ|평균 0.33277 변화율  20.3% | 평균 0.500→0.833 | std 0.0000→1.0186

=== 요약 (mode=learn seed=3) ===
  첫 구간 52.2% → 마지막 구간 52.2% | 변화 +0.0%p | 보상률 51.4%
=> MINCIRC mode=learn seed=3 first=52.2 last=52.2 delta=+0.0 reward=51.4 **eval=47.0** tie=0 trialseed=100
