make: Entering directory '/root/minc_run/minimal_circuit_CODE'
make: Nothing to be done for 'all'.
make: Leaving directory '/root/minc_run/minimal_circuit_CODE'
  시행    1~ 400: 정답률  74.8%
  시행  401~ 800: 정답률  70.2%
  시행  801~1200: 정답률  72.5%
  시행 1201~1600: 정답률  71.0%

=== 평가 (탐색 없음, 학습 없음, 무작위 순서 100시행) : 정답률 100.0% | 동점 0회 ===
   자극 A: 49/49 (100.0%)
   자극 B: 51/51 (100.0%)

=== 학습 후 자극별 출력 (선택 이전의 원 신호) ===
  자극 A → 정답 L | out_L= 292  out_R=  14  차이  +278 | KC 85개
  자극 B → 정답 R | out_L=  63  out_R= 150  차이   -87 | KC 103개

=== 가중치 구조 (A전용 KC 65개, B전용 KC 83개) ===
  A전용 KC → out_L 평균 11.3256 | out_R 평균 1.4413 | 차이 +9.8842 (정답은 out_L) **정답쪽 우세**
  B전용 KC → out_L 평균 4.4404 | out_R 평균 8.5727 | 차이 -4.1323 (정답은 out_R) **정답쪽 우세**

=== 가중치 변화 ===
  kc_out_l: n=7920 |Δ|평균 1.58973 변화율  21.2% | 평균 0.500→2.090 | std 0.0000→3.6753
  kc_out_r: n=7952 |Δ|평균 1.16703 변화율  21.2% | 평균 0.500→1.667 | std 0.0000→3.1294

=== 요약 (mode=learn seed=1) ===
  첫 구간 74.8% → 마지막 구간 71.0% | 변화 -3.8%p | 보상률 72.1%
=> MINCIRC mode=learn seed=1 first=74.8 last=71.0 delta=-3.8 reward=72.1 **eval=100.0** tie=0 trialseed=101
