make: Entering directory '/root/minc_run/minimal_circuit_CODE'
make: Nothing to be done for 'all'.
make: Leaving directory '/root/minc_run/minimal_circuit_CODE'
  시행    1~ 400: 정답률  48.5%
  시행  401~ 800: 정답률  49.5%
  시행  801~1200: 정답률  51.0%
  시행 1201~1600: 정답률  47.8%

=== 평가 (탐색 없음, 학습 없음, 무작위 순서 100시행) : 정답률 56.0% | 동점 0회 ===
   자극 A: 0/44 (0.0%)
   자극 B: 56/56 (100.0%)

=== 학습 후 자극별 출력 (선택 이전의 원 신호) ===
  자극 A → 정답 L | out_L=   0  out_R= 278  차이  -278 | KC 90개
  자극 B → 정답 R | out_L=   3  out_R= 352  차이  -349 | KC 112개

=== 가중치 구조 (A전용 KC 65개, B전용 KC 87개) ===
  A전용 KC → out_L 평균 0.7591 | out_R 평균 4.8022 | 차이 -4.0430 (정답은 out_L) **반대**
  B전용 KC → out_L 평균 0.9631 | out_R 평균 12.2713 | 차이 -11.3082 (정답은 out_R) **정답쪽 우세**

=== 가중치 변화 ===
  kc_out_l: n=8062 |Δ|평균 0.09197 변화율  22.0% | 평균 0.500→0.592 | std 0.0000→0.4568
  kc_out_r: n=8032 |Δ|평균 1.95100 변화율  22.1% | 평균 0.500→2.451 | std 0.0000→4.0042

=== 요약 (mode=learn seed=0) ===
  첫 구간 48.5% → 마지막 구간 47.8% | 변화 -0.8%p | 보상률 49.2%
=> MINCIRC mode=learn seed=0 first=48.5 last=47.8 delta=-0.8 reward=49.2 **eval=56.0** tie=0 trialseed=105
