make: Entering directory '/root/minc_run/minimal_circuit_CODE'
make: Nothing to be done for 'all'.
make: Leaving directory '/root/minc_run/minimal_circuit_CODE'
  시행    1~ 400: 정답률  70.0%
  시행  401~ 800: 정답률  72.0%
  시행  801~1200: 정답률  69.8%
  시행 1201~1600: 정답률  70.0%

=== 평가 (탐색 없음, 학습 없음, 무작위 순서 100시행) : 정답률 100.0% | 동점 0회 ===
   자극 A: 49/49 (100.0%)
   자극 B: 51/51 (100.0%)

=== 학습 후 자극별 출력 (선택 이전의 원 신호) ===
  자극 A → 정답 L | out_L= 299  out_R=  12  차이  +287 | KC 85개
  자극 B → 정답 R | out_L=  69  out_R= 117  차이   -48 | KC 103개

=== 가중치 구조 (A전용 KC 65개, B전용 KC 83개) ===
  A전용 KC → out_L 평균 11.5543 | out_R 평균 1.3132 | 차이 +10.2411 (정답은 out_L) **정답쪽 우세**
  B전용 KC → out_L 평균 4.5746 | out_R 평균 7.6014 | 차이 -3.0269 (정답은 out_R) **정답쪽 우세**

=== 가중치 변화 ===
  kc_out_l: n=7920 |Δ|평균 1.62717 변화율  21.2% | 평균 0.500→2.127 | std 0.0000→3.7410
  kc_out_r: n=7952 |Δ|평균 1.02735 변화율  21.2% | 평균 0.500→1.527 | std 0.0000→2.7865

=== 요약 (mode=learn seed=1) ===
  첫 구간 70.0% → 마지막 구간 70.0% | 변화 +0.0%p | 보상률 70.4%
=> MINCIRC mode=learn seed=1 first=70.0 last=70.0 delta=+0.0 reward=70.4 **eval=100.0** tie=0 trialseed=106
