make: Entering directory '/root/minc_run/minimal_circuit_CODE'
make: Nothing to be done for 'all'.
make: Leaving directory '/root/minc_run/minimal_circuit_CODE'
  시행    1~ 400: 정답률  70.0%
  시행  401~ 800: 정답률  72.0%
  시행  801~1200: 정답률  69.8%
  시행 1201~1600: 정답률  70.0%

=== 평가 (탐색 없음, 학습 없음, 무작위 순서 100시행) : 정답률 100.0% | 동점 0회 ===
   자극 A: 54/54 (100.0%)
   자극 B: 46/46 (100.0%)

=== 학습 후 자극별 출력 (선택 이전의 원 신호) ===
  자극 A → 정답 L | out_L= 283  out_R=  27  차이  +256 | KC 92개
  자극 B → 정답 R | out_L=  37  out_R= 279  차이  -242 | KC 107개

=== 가중치 구조 (A전용 KC 73개, B전용 KC 88개) ===
  A전용 KC → out_L 평균 11.3022 | out_R 평균 2.7722 | 차이 +8.5300 (정답은 out_L) **정답쪽 우세**
  B전용 KC → out_L 평균 3.4577 | out_R 평균 11.1957 | 차이 -7.7380 (정답은 out_R) **정답쪽 우세**

=== 가중치 변화 ===
  kc_out_l: n=8039 |Δ|평균 1.61708 변화율  22.8% | 평균 0.500→2.117 | std 0.0000→3.7303
  kc_out_r: n=7967 |Δ|평균 1.67583 변화율  22.6% | 평균 0.500→2.176 | std 0.0000→3.8386

=== 요약 (mode=learn seed=2) ===
  첫 구간 70.0% → 마지막 구간 70.0% | 변화 +0.0%p | 보상률 70.4%
=> MINCIRC mode=learn seed=2 first=70.0 last=70.0 delta=+0.0 reward=70.4 **eval=100.0** tie=0 trialseed=106
