make: Entering directory '/root/minc_run/minimal_circuit_CODE'
make: Nothing to be done for 'all'.
make: Leaving directory '/root/minc_run/minimal_circuit_CODE'
  시행    1~ 400: 정답률  52.0%
  시행  401~ 800: 정답률  49.0%
  시행  801~1200: 정답률  51.5%
  시행 1201~1600: 정답률  54.2%

=== 평가 (탐색 없음, 학습 없음, 무작위 순서 100시행) : 정답률 51.0% | 동점 0회 ===
   자극 A: 0/49 (0.0%)
   자극 B: 51/51 (100.0%)

=== 학습 후 자극별 출력 (선택 이전의 원 신호) ===
  자극 A → 정답 L | out_L=   6  out_R= 240  차이  -234 | KC 85개
  자극 B → 정답 R | out_L=   3  out_R= 348  차이  -345 | KC 103개

=== 가중치 구조 (A전용 KC 65개, B전용 KC 83개) ===
  A전용 KC → out_L 평균 1.0350 | out_R 평균 4.4239 | 차이 -3.3889 (정답은 out_L) **반대**
  B전용 KC → out_L 평균 0.8674 | out_R 평균 12.4599 | 차이 -11.5924 (정답은 out_R) **정답쪽 우세**

=== 가중치 변화 ===
  kc_out_l: n=7920 |Δ|평균 0.10756 변화율  21.2% | 평균 0.500→0.608 | std 0.0000→0.5831
  kc_out_r: n=7952 |Δ|평균 1.85528 변화율  21.2% | 평균 0.500→2.355 | std 0.0000→3.9740

=== 요약 (mode=learn seed=1) ===
  첫 구간 52.0% → 마지막 구간 54.2% | 변화 +2.2%p | 보상률 51.7%
=> MINCIRC mode=learn seed=1 first=52.0 last=54.2 delta=+2.2 reward=51.7 **eval=51.0** tie=0 trialseed=103
