make: Entering directory '/root/minc_run/minimal_circuit_CODE'
make: Leaving directory '/root/minc_run/minimal_circuit_CODE'
  시행    1~ 400: 정답률  67.2%
  시행  401~ 800: 정답률  55.5%
  시행  801~1200: 정답률  47.8%
  시행 1201~1600: 정답률  47.5%

=== 평가 (탐색 없음, 학습 없음, 무작위 순서 100시행) : 정답률 46.0% | 동점 0회 ===
   자극 A: 0/54 (0.0%)
   자극 B: 46/46 (100.0%)

=== 학습 후 자극별 출력 (선택 이전의 원 신호) ===
  자극 A → 정답 L | out_L=  47  out_R=  54  차이    -7 | KC 92개
  자극 B → 정답 R | out_L=  10  out_R= 345  차이  -335 | KC 107개

=== 가중치 구조 (A전용 KC 73개, B전용 KC 88개) ===
  A전용 KC → out_L 평균 3.4689 | out_R 평균 2.6491 | 차이 +0.8198 (정답은 out_L) **정답쪽 우세**
  B전용 KC → out_L 평균 1.4860 | out_R 평균 12.2297 | 차이 -10.7437 (정답은 out_R) **정답쪽 우세**

=== 가중치 변화 ===
  kc_out_l: n=8039 |Δ|평균 0.47573 변화율  22.8% | 평균 0.500→0.976 | std 0.0000→1.2848
  kc_out_r: n=7967 |Δ|평균 1.76566 변화율  22.6% | 평균 0.500→2.266 | std 0.0000→3.9422

=== 요약 (mode=learn seed=2) ===
  첫 구간 67.2% → 마지막 구간 47.5% | 변화 -19.8%p | 보상률 54.5%
=> MINCIRC mode=learn seed=2 first=67.2 last=47.5 delta=-19.8 reward=54.5 **eval=46.0** tie=0 trialseed=100
