make: Entering directory '/root/minc_run/minimal_circuit_CODE'
make: Nothing to be done for 'all'.
make: Leaving directory '/root/minc_run/minimal_circuit_CODE'
  시행    1~ 400: 정답률  67.8%
  시행  401~ 800: 정답률  69.5%
  시행  801~1200: 정답률  70.8%
  시행 1201~1600: 정답률  67.5%

=== 평가 (탐색 없음, 학습 없음, 무작위 순서 100시행) : 정답률 100.0% | 동점 0회 ===
   자극 A: 54/54 (100.0%)
   자극 B: 46/46 (100.0%)

=== 학습 후 자극별 출력 (선택 이전의 원 신호) ===
  자극 A → 정답 L | out_L= 135  out_R=  33  차이  +102 | KC 92개
  자극 B → 정답 R | out_L=  14  out_R= 287  차이  -273 | KC 107개

=== 가중치 구조 (A전용 KC 73개, B전용 KC 88개) ===
  A전용 KC → out_L 평균 5.4178 | out_R 평균 2.6222 | 차이 +2.7956 (정답은 out_L) **정답쪽 우세**
  B전용 KC → out_L 평균 1.4631 | out_R 평균 7.6079 | 차이 -6.1448 (정답은 out_R) **정답쪽 우세**

=== 가중치 변화 ===
  kc_out_l: n=8039 |Δ|평균 0.70198 변화율  22.8% | 평균 0.500→1.202 | std 0.0000→1.8070
  kc_out_r: n=7967 |Δ|평균 1.17588 변화율  22.6% | 평균 0.500→1.676 | std 0.0000→2.5475

=== 요약 (mode=learn seed=2) ===
  첫 구간 67.8% → 마지막 구간 67.5% | 변화 -0.2%p | 보상률 68.9%
=> MINCIRC mode=learn seed=2 first=67.8 last=67.5 delta=-0.2 reward=68.9 **eval=100.0** tie=0 trialseed=105
