make: Entering directory '/root/minc_run/minimal_circuit_CODE'
make: Leaving directory '/root/minc_run/minimal_circuit_CODE'
  시행    1~ 400: 정답률  66.8%
  시행  401~ 800: 정답률  75.8%
  시행  801~1200: 정답률  66.8%
  시행 1201~1600: 정답률  69.8%

=== 평가 (탐색 없음, 학습 없음, 무작위 순서 100시행) : 정답률 100.0% | 동점 0회 ===
   자극 A: 47/47 (100.0%)
   자극 B: 53/53 (100.0%)

=== 학습 후 자극별 출력 (선택 이전의 원 신호) ===
  자극 A → 정답 L | out_L= 138  out_R=  26  차이  +112 | KC 84개
  자극 B → 정답 R | out_L=  33  out_R= 147  차이  -114 | KC 106개

=== 가중치 구조 (A전용 KC 58개, B전용 KC 80개) ===
  A전용 KC → out_L 평균 5.3462 | out_R 평균 2.0760 | 차이 +3.2701 (정답은 out_L) **정답쪽 우세**
  B전용 KC → out_L 평균 2.0889 | out_R 평균 5.2839 | 차이 -3.1949 (정답은 out_R) **정답쪽 우세**

=== 가중치 변화 ===
  kc_out_l: n=7953 |Δ|평균 0.70139 변화율  21.0% | 평균 0.500→1.201 | std 0.0000→1.8912
  kc_out_r: n=7937 |Δ|평균 0.76328 변화율  20.3% | 평균 0.500→1.263 | std 0.0000→1.9423

=== 요약 (mode=learn seed=3) ===
  첫 구간 66.8% → 마지막 구간 69.8% | 변화 +3.0%p | 보상률 69.8%
=> MINCIRC mode=learn seed=3 first=66.8 last=69.8 delta=+3.0 reward=69.8 **eval=100.0** tie=0 trialseed=100
