make: Entering directory '/root/minc_run/minimal_circuit_CODE'
make: Nothing to be done for 'all'.
make: Leaving directory '/root/minc_run/minimal_circuit_CODE'
  시행    1~ 400: 정답률  53.8%
  시행  401~ 800: 정답률  49.2%
  시행  801~1200: 정답률  54.2%
  시행 1201~1600: 정답률  51.0%

=== 평가 (탐색 없음, 학습 없음, 무작위 순서 100시행) : 정답률 47.0% | 동점 0회 ===
   자극 A: 47/47 (100.0%)
   자극 B: 0/53 (0.0%)

=== 학습 후 자극별 출력 (선택 이전의 원 신호) ===
  자극 A → 정답 L | out_L= 326  out_R=   2  차이  +324 | KC 84개
  자극 B → 정답 R | out_L= 292  out_R=   4  차이  +288 | KC 106개

=== 가중치 구조 (A전용 KC 58개, B전용 KC 80개) ===
  A전용 KC → out_L 평균 12.2102 | out_R 평균 0.8362 | 차이 +11.3740 (정답은 out_L) **정답쪽 우세**
  B전용 KC → out_L 평균 5.3778 | out_R 평균 1.0779 | 차이 +4.3000 (정답은 out_R) **반대**

=== 가중치 변화 ===
  kc_out_l: n=7953 |Δ|평균 1.69256 변화율  21.0% | 평균 0.500→2.193 | std 0.0000→3.5959
  kc_out_r: n=7937 |Δ|평균 0.10692 변화율  20.3% | 평균 0.500→0.607 | std 0.0000→0.4816

=== 요약 (mode=learn seed=3) ===
  첫 구간 53.8% → 마지막 구간 51.0% | 변화 -2.8%p | 보상률 52.1%
=> MINCIRC mode=learn seed=3 first=53.8 last=51.0 delta=-2.8 reward=52.1 **eval=47.0** tie=0 trialseed=101
