make: Entering directory '/root/minc_run/minimal_circuit_CODE'
make: Nothing to be done for 'all'.
make: Leaving directory '/root/minc_run/minimal_circuit_CODE'
  시행    1~ 400: 정답률  69.2%
  시행  401~ 800: 정답률  72.0%
  시행  801~1200: 정답률  69.8%
  시행 1201~1600: 정답률  70.0%

=== 평가 (탐색 없음, 학습 없음, 무작위 순서 100시행) : 정답률 100.0% | 동점 0회 ===
   자극 A: 44/44 (100.0%)
   자극 B: 56/56 (100.0%)

=== 학습 후 자극별 출력 (선택 이전의 원 신호) ===
  자극 A → 정답 L | out_L=  87  out_R=  56  차이   +31 | KC 90개
  자극 B → 정답 R | out_L=  37  out_R= 244  차이  -207 | KC 112개

=== 가중치 구조 (A전용 KC 65개, B전용 KC 87개) ===
  A전용 KC → out_L 평균 6.2653 | out_R 평균 3.0910 | 차이 +3.1744 (정답은 out_L) **정답쪽 우세**
  B전용 KC → out_L 평균 2.7050 | out_R 평균 10.1325 | 차이 -7.4275 (정답은 out_R) **정답쪽 우세**

=== 가중치 변화 ===
  kc_out_l: n=8062 |Δ|평균 0.90794 변화율  22.0% | 평균 0.500→1.408 | std 0.0000→2.5485
  kc_out_r: n=8032 |Δ|평균 1.60474 변화율  22.1% | 평균 0.500→2.105 | std 0.0000→3.8760

=== 요약 (mode=learn seed=0) ===
  첫 구간 69.2% → 마지막 구간 70.0% | 변화 +0.8%p | 보상률 70.2%
=> MINCIRC mode=learn seed=0 first=69.2 last=70.0 delta=+0.8 reward=70.2 **eval=100.0** tie=0 trialseed=106
