make: Entering directory '/root/minc_run/minimal_circuit_CODE'
make: Nothing to be done for 'all'.
make: Leaving directory '/root/minc_run/minimal_circuit_CODE'
  시행    1~ 400: 정답률  49.5%
  시행  401~ 800: 정답률  48.2%
  시행  801~1200: 정답률  51.2%
  시행 1201~1600: 정답률  51.5%

=== 평가 (탐색 없음, 학습 없음, 무작위 순서 100시행) : 정답률 56.0% | 동점 0회 ===
   자극 A: 0/44 (0.0%)
   자극 B: 56/56 (100.0%)

=== 학습 후 자극별 출력 (선택 이전의 원 신호) ===
  자극 A → 정답 L | out_L=   0  out_R= 280  차이  -280 | KC 90개
  자극 B → 정답 R | out_L=   7  out_R= 351  차이  -344 | KC 112개

=== 가중치 구조 (A전용 KC 65개, B전용 KC 87개) ===
  A전용 KC → out_L 평균 0.7285 | out_R 평균 5.0167 | 차이 -4.2882 (정답은 out_L) **반대**
  B전용 KC → out_L 평균 1.1717 | out_R 평균 12.3924 | 차이 -11.2206 (정답은 out_R) **정답쪽 우세**

=== 가중치 변화 ===
  kc_out_l: n=8062 |Δ|평균 0.11763 변화율  22.0% | 평균 0.500→0.618 | std 0.0000→0.5656
  kc_out_r: n=8032 |Δ|평균 1.97694 변화율  22.1% | 평균 0.500→2.477 | std 0.0000→4.0387

=== 요약 (mode=learn seed=0) ===
  첫 구간 49.5% → 마지막 구간 51.5% | 변화 +2.0%p | 보상률 50.1%
=> MINCIRC mode=learn seed=0 first=49.5 last=51.5 delta=+2.0 reward=50.1 **eval=56.0** tie=0 trialseed=102
