make: Entering directory '/root/minc_run/minimal_circuit_CODE'
make: Nothing to be done for 'all'.
make: Leaving directory '/root/minc_run/minimal_circuit_CODE'
  시행    1~ 400: 정답률  53.0%
  시행  401~ 800: 정답률  48.5%
  시행  801~1200: 정답률  51.2%
  시행 1201~1600: 정답률  51.5%

=== 평가 (탐색 없음, 학습 없음, 무작위 순서 100시행) : 정답률 51.0% | 동점 0회 ===
   자극 A: 0/49 (0.0%)
   자극 B: 51/51 (100.0%)

=== 학습 후 자극별 출력 (선택 이전의 원 신호) ===
  자극 A → 정답 L | out_L=   6  out_R= 240  차이  -234 | KC 85개
  자극 B → 정답 R | out_L=   6  out_R= 346  차이  -340 | KC 103개

=== 가중치 구조 (A전용 KC 65개, B전용 KC 83개) ===
  A전용 KC → out_L 평균 1.1390 | out_R 평균 4.6196 | 차이 -3.4807 (정답은 out_L) **반대**
  B전용 KC → out_L 평균 1.1253 | out_R 평균 12.5935 | 차이 -11.4681 (정답은 out_R) **정답쪽 우세**

=== 가중치 변화 ===
  kc_out_l: n=7920 |Δ|평균 0.15339 변화율  21.2% | 평균 0.500→0.653 | std 0.0000→0.7269
  kc_out_r: n=7952 |Δ|평균 1.88730 변화율  21.2% | 평균 0.500→2.387 | std 0.0000→4.0316

=== 요약 (mode=learn seed=1) ===
  첫 구간 53.0% → 마지막 구간 51.5% | 변화 -1.5%p | 보상률 51.1%
=> MINCIRC mode=learn seed=1 first=53.0 last=51.5 delta=-1.5 reward=51.1 **eval=51.0** tie=0 trialseed=102
