make: Entering directory '/root/minc_run/minimal_circuit_CODE'
make: Nothing to be done for 'all'.
make: Leaving directory '/root/minc_run/minimal_circuit_CODE'
  시행    1~ 400: 정답률  49.2%
  시행  401~ 800: 정답률  53.2%
  시행  801~1200: 정답률  50.5%
  시행 1201~1600: 정답률  50.2%

=== 평가 (탐색 없음, 학습 없음, 무작위 순서 100시행) : 정답률 54.0% | 동점 0회 ===
   자극 A: 0/46 (0.0%)
   자극 B: 54/54 (100.0%)

=== 학습 후 자극별 출력 (선택 이전의 원 신호) ===
  자극 A → 정답 L | out_L=   4  out_R= 249  차이  -245 | KC 81개
  자극 B → 정답 R | out_L=   1  out_R= 341  차이  -340 | KC 88개

=== 가중치 구조 (A전용 KC 61개, B전용 KC 68개) ===
  A전용 KC → out_L 평균 0.8422 | out_R 평균 4.6413 | 차이 -3.7992 (정답은 out_L) **반대**
  B전용 KC → out_L 평균 0.6872 | out_R 평균 12.8649 | 차이 -12.1777 (정답은 out_R) **정답쪽 우세**

=== 가중치 변화 ===
  kc_out_l: n=7993 |Δ|평균 0.05427 변화율  18.3% | 평균 0.500→0.554 | std 0.0000→0.3242
  kc_out_r: n=8011 |Δ|평균 1.66845 변화율  19.3% | 평균 0.500→2.168 | std 0.0000→3.8183

=== 요약 (mode=learn seed=4) ===
  첫 구간 49.2% → 마지막 구간 50.2% | 변화 +1.0%p | 보상률 50.8%
=> MINCIRC mode=learn seed=4 first=49.2 last=50.2 delta=+1.0 reward=50.8 **eval=54.0** tie=0 trialseed=106
