make: Entering directory '/root/minc_run/minimal_circuit_CODE'
make: Nothing to be done for 'all'.
make: Leaving directory '/root/minc_run/minimal_circuit_CODE'
  시행    1~ 400: 정답률  66.0%
  시행  401~ 800: 정답률  69.2%
  시행  801~1200: 정답률  59.0%
  시행 1201~1600: 정답률  53.8%

=== 평가 (탐색 없음, 학습 없음, 무작위 순서 100시행) : 정답률 53.0% | 동점 0회 ===
   자극 A: 0/47 (0.0%)
   자극 B: 53/53 (100.0%)

=== 학습 후 자극별 출력 (선택 이전의 원 신호) ===
  자극 A → 정답 L | out_L=  41  out_R=  76  차이   -35 | KC 84개
  자극 B → 정답 R | out_L=  28  out_R= 263  차이  -235 | KC 106개

=== 가중치 구조 (A전용 KC 58개, B전용 KC 80개) ===
  A전용 KC → out_L 평균 4.1178 | out_R 평균 3.1308 | 차이 +0.9870 (정답은 out_L) **정답쪽 우세**
  B전용 KC → out_L 평균 2.5396 | out_R 평균 10.7490 | 차이 -8.2094 (정답은 out_R) **정답쪽 우세**

=== 가중치 변화 ===
  kc_out_l: n=7953 |Δ|평균 0.63345 변화율  21.0% | 평균 0.500→1.133 | std 0.0000→1.8110
  kc_out_r: n=7937 |Δ|평균 1.51587 변화율  20.3% | 평균 0.500→2.016 | std 0.0000→3.6715

=== 요약 (mode=learn seed=3) ===
  첫 구간 66.0% → 마지막 구간 53.8% | 변화 -12.2%p | 보상률 62.0%
=> MINCIRC mode=learn seed=3 first=66.0 last=53.8 delta=-12.2 reward=62.0 **eval=53.0** tie=0 trialseed=103
