make: Entering directory '/root/minc_run/minimal_circuit_CODE'
make: Nothing to be done for 'all'.
make: Leaving directory '/root/minc_run/minimal_circuit_CODE'
  시행    1~ 400: 정답률  51.2%
  시행  401~ 800: 정답률  49.0%
  시행  801~1200: 정답률  51.5%
  시행 1201~1600: 정답률  54.2%

=== 평가 (탐색 없음, 학습 없음, 무작위 순서 100시행) : 정답률 51.0% | 동점 0회 ===
   자극 A: 0/49 (0.0%)
   자극 B: 51/51 (100.0%)

=== 학습 후 자극별 출력 (선택 이전의 원 신호) ===
  자극 A → 정답 L | out_L=   2  out_R= 257  차이  -255 | KC 85개
  자극 B → 정답 R | out_L=   0  out_R= 354  차이  -354 | KC 103개

=== 가중치 구조 (A전용 KC 65개, B전용 KC 83개) ===
  A전용 KC → out_L 평균 0.7850 | out_R 평균 5.0526 | 차이 -4.2676 (정답은 out_L) **반대**
  B전용 KC → out_L 평균 0.5894 | out_R 평균 13.0012 | 차이 -12.4117 (정답은 out_R) **정답쪽 우세**

=== 가중치 변화 ===
  kc_out_l: n=7920 |Δ|평균 0.04313 변화율  21.2% | 평균 0.500→0.543 | std 0.0000→0.2288
  kc_out_r: n=7952 |Δ|평균 1.97438 변화율  21.2% | 평균 0.500→2.474 | std 0.0000→4.1720

=== 요약 (mode=learn seed=1) ===
  첫 구간 51.2% → 마지막 구간 54.2% | 변화 +3.0%p | 보상률 51.5%
=> MINCIRC mode=learn seed=1 first=51.2 last=54.2 delta=+3.0 reward=51.5 **eval=51.0** tie=0 trialseed=103
