make: Entering directory '/root/minc_run/minimal_circuit_CODE'
make: Nothing to be done for 'all'.
make: Leaving directory '/root/minc_run/minimal_circuit_CODE'
  시행    1~ 400: 정답률  62.5%
  시행  401~ 800: 정답률  48.2%
  시행  801~1200: 정답률  51.2%
  시행 1201~1600: 정답률  51.5%

=== 평가 (탐색 없음, 학습 없음, 무작위 순서 100시행) : 정답률 46.0% | 동점 0회 ===
   자극 A: 0/54 (0.0%)
   자극 B: 46/46 (100.0%)

=== 학습 후 자극별 출력 (선택 이전의 원 신호) ===
  자극 A → 정답 L | out_L=  43  out_R=  60  차이   -17 | KC 92개
  자극 B → 정답 R | out_L=   7  out_R= 349  차이  -342 | KC 107개

=== 가중치 구조 (A전용 KC 73개, B전용 KC 88개) ===
  A전용 KC → out_L 평균 3.2018 | out_R 평균 2.8014 | 차이 +0.4004 (정답은 out_L) **정답쪽 우세**
  B전용 KC → out_L 평균 1.2258 | out_R 평균 12.4442 | 차이 -11.2184 (정답은 out_R) **정답쪽 우세**

=== 가중치 변화 ===
  kc_out_l: n=8039 |Δ|평균 0.41234 변화율  22.8% | 평균 0.500→0.912 | std 0.0000→1.1651
  kc_out_r: n=7967 |Δ|평균 1.80700 변화율  22.6% | 평균 0.500→2.307 | std 0.0000→4.0116

=== 요약 (mode=learn seed=2) ===
  첫 구간 62.5% → 마지막 구간 51.5% | 변화 -11.0%p | 보상률 53.4%
=> MINCIRC mode=learn seed=2 first=62.5 last=51.5 delta=-11.0 reward=53.4 **eval=46.0** tie=0 trialseed=102
