make: Entering directory '/root/minc_run/minimal_circuit_CODE'
make: Nothing to be done for 'all'.
make: Leaving directory '/root/minc_run/minimal_circuit_CODE'
  시행    1~ 400: 정답률  69.5%
  시행  401~ 800: 정답률  68.8%
  시행  801~1200: 정답률  68.0%
  시행 1201~1600: 정답률  74.2%

=== 평가 (탐색 없음, 학습 없음, 무작위 순서 100시행) : 정답률 100.0% | 동점 0회 ===
   자극 A: 49/49 (100.0%)
   자극 B: 51/51 (100.0%)

=== 학습 후 자극별 출력 (선택 이전의 원 신호) ===
  자극 A → 정답 L | out_L= 100  out_R=  30  차이   +70 | KC 85개
  자극 B → 정답 R | out_L=  18  out_R= 278  차이  -260 | KC 103개

=== 가중치 구조 (A전용 KC 65개, B전용 KC 83개) ===
  A전용 KC → out_L 평균 4.2630 | out_R 평균 2.1136 | 차이 +2.1494 (정답은 out_L) **정답쪽 우세**
  B전용 KC → out_L 평균 1.7549 | out_R 평균 7.6379 | 차이 -5.8830 (정답은 out_R) **정답쪽 우세**

=== 가중치 변화 ===
  kc_out_l: n=7920 |Δ|평균 0.55442 변화율  21.2% | 평균 0.500→1.054 | std 0.0000→1.4993
  kc_out_r: n=7952 |Δ|평균 1.09549 변화율  21.2% | 평균 0.500→1.595 | std 0.0000→2.5287

=== 요약 (mode=learn seed=1) ===
  첫 구간 69.5% → 마지막 구간 74.2% | 변화 +4.8%p | 보상률 70.1%
=> MINCIRC mode=learn seed=1 first=69.5 last=74.2 delta=+4.8 reward=70.1 **eval=100.0** tie=0 trialseed=104
