make: Entering directory '/root/minc_run/minimal_circuit_CODE'
make: Leaving directory '/root/minc_run/minimal_circuit_CODE'
  시행    1~ 400: 정답률  48.2%
  시행  401~ 800: 정답률  53.0%
  시행  801~1200: 정답률  47.2%
  시행 1201~1600: 정답률  47.5%

=== 평가 (탐색 없음, 학습 없음, 무작위 순서 100시행) : 정답률 54.0% | 동점 0회 ===
   자극 A: 0/46 (0.0%)
   자극 B: 54/54 (100.0%)

=== 학습 후 자극별 출력 (선택 이전의 원 신호) ===
  자극 A → 정답 L | out_L=   3  out_R= 249  차이  -246 | KC 81개
  자극 B → 정답 R | out_L=   1  out_R= 339  차이  -338 | KC 88개

=== 가중치 구조 (A전용 KC 61개, B전용 KC 68개) ===
  A전용 KC → out_L 평균 0.7318 | out_R 평균 4.6297 | 차이 -3.8979 (정답은 out_L) **반대**
  B전용 KC → out_L 평균 0.6804 | out_R 평균 12.5671 | 차이 -11.8867 (정답은 out_R) **정답쪽 우세**

=== 가중치 변화 ===
  kc_out_l: n=7993 |Δ|평균 0.04288 변화율  18.3% | 평균 0.500→0.543 | std 0.0000→0.2783
  kc_out_r: n=8011 |Δ|평균 1.63568 변화율  19.3% | 평균 0.500→2.136 | std 0.0000→3.7300

=== 요약 (mode=learn seed=4) ===
  첫 구간 48.2% → 마지막 구간 47.5% | 변화 -0.8%p | 보상률 49.0%
=> MINCIRC mode=learn seed=4 first=48.2 last=47.5 delta=-0.8 reward=49.0 **eval=54.0** tie=0 trialseed=100
