make: Entering directory '/root/minc_run/minimal_circuit_CODE'
make: Nothing to be done for 'all'.
make: Leaving directory '/root/minc_run/minimal_circuit_CODE'
  시행    1~ 400: 정답률  69.5%
  시행  401~ 800: 정답률  66.5%
  시행  801~1200: 정답률  69.8%
  시행 1201~1600: 정답률  71.2%

=== 평가 (탐색 없음, 학습 없음, 무작위 순서 100시행) : 정답률 100.0% | 동점 0회 ===
   자극 A: 54/54 (100.0%)
   자극 B: 46/46 (100.0%)

=== 학습 후 자극별 출력 (선택 이전의 원 신호) ===
  자극 A → 정답 L | out_L= 274  out_R=  28  차이  +246 | KC 92개
  자극 B → 정답 R | out_L=  41  out_R= 270  차이  -229 | KC 107개

=== 가중치 구조 (A전용 KC 73개, B전용 KC 88개) ===
  A전용 KC → out_L 평균 10.8190 | out_R 평균 2.6763 | 차이 +8.1427 (정답은 out_L) **정답쪽 우세**
  B전용 KC → out_L 평균 3.4601 | out_R 평균 11.5014 | 차이 -8.0413 (정답은 out_R) **정답쪽 우세**

=== 가중치 변화 ===
  kc_out_l: n=8039 |Δ|평균 1.56147 변화율  22.8% | 평균 0.500→2.061 | std 0.0000→3.5890
  kc_out_r: n=7967 |Δ|평균 1.70759 변화율  22.6% | 평균 0.500→2.208 | std 0.0000→3.9231

=== 요약 (mode=learn seed=2) ===
  첫 구간 69.5% → 마지막 구간 71.2% | 변화 +1.8%p | 보상률 69.2%
=> MINCIRC mode=learn seed=2 first=69.5 last=71.2 delta=+1.8 reward=69.2 **eval=100.0** tie=0 trialseed=107
