make: Entering directory '/root/minc_run/minimal_circuit_CODE'
make: Nothing to be done for 'all'.
make: Leaving directory '/root/minc_run/minimal_circuit_CODE'
  시행    1~ 400: 정답률  66.2%
  시행  401~ 800: 정답률  57.2%
  시행  801~1200: 정답률  51.5%
  시행 1201~1600: 정답률  54.5%

=== 평가 (탐색 없음, 학습 없음, 무작위 순서 100시행) : 정답률 56.0% | 동점 0회 ===
   자극 A: 0/44 (0.0%)
   자극 B: 56/56 (100.0%)

=== 학습 후 자극별 출력 (선택 이전의 원 신호) ===
  자극 A → 정답 L | out_L=  16  out_R= 151  차이  -135 | KC 90개
  자극 B → 정답 R | out_L=  13  out_R= 326  차이  -313 | KC 112개

=== 가중치 구조 (A전용 KC 65개, B전용 KC 87개) ===
  A전용 KC → out_L 평균 2.1706 | out_R 평균 2.4730 | 차이 -0.3024 (정답은 out_L) **반대**
  B전용 KC → out_L 평균 1.5995 | out_R 평균 10.5019 | 차이 -8.9023 (정답은 out_R) **정답쪽 우세**

=== 가중치 변화 ===
  kc_out_l: n=8062 |Δ|평균 0.33263 변화율  22.0% | 평균 0.500→0.832 | std 0.0000→0.9793
  kc_out_r: n=8032 |Δ|평균 1.54828 변화율  22.1% | 평균 0.500→2.048 | std 0.0000→3.4899

=== 요약 (mode=learn seed=0) ===
  첫 구간 66.2% → 마지막 구간 54.5% | 변화 -11.7%p | 보상률 57.4%
=> MINCIRC mode=learn seed=0 first=66.2 last=54.5 delta=-11.7 reward=57.4 **eval=56.0** tie=0 trialseed=103
