make: Entering directory '/root/minc_run/minimal_circuit_CODE'
make: Nothing to be done for 'all'.
make: Leaving directory '/root/minc_run/minimal_circuit_CODE'
  시행    1~ 400: 정답률  62.0%
  시행  401~ 800: 정답률  49.0%
  시행  801~1200: 정답률  51.5%
  시행 1201~1600: 정답률  54.2%

=== 평가 (탐색 없음, 학습 없음, 무작위 순서 100시행) : 정답률 46.0% | 동점 0회 ===
   자극 A: 0/54 (0.0%)
   자극 B: 46/46 (100.0%)

=== 학습 후 자극별 출력 (선택 이전의 원 신호) ===
  자극 A → 정답 L | out_L=  43  out_R=  61  차이   -18 | KC 92개
  자극 B → 정답 R | out_L=   7  out_R= 350  차이  -343 | KC 107개

=== 가중치 구조 (A전용 KC 73개, B전용 KC 88개) ===
  A전용 KC → out_L 평균 3.1926 | out_R 평균 2.8011 | 차이 +0.3915 (정답은 out_L) **정답쪽 우세**
  B전용 KC → out_L 평균 1.2278 | out_R 평균 12.6584 | 차이 -11.4306 (정답은 out_R) **정답쪽 우세**

=== 가중치 변화 ===
  kc_out_l: n=8039 |Δ|평균 0.41186 변화율  22.8% | 평균 0.500→0.912 | std 0.0000→1.1706
  kc_out_r: n=7967 |Δ|평균 1.83824 변화율  22.6% | 평균 0.500→2.338 | std 0.0000→4.0889

=== 요약 (mode=learn seed=2) ===
  첫 구간 62.0% → 마지막 구간 54.2% | 변화 -7.8%p | 보상률 54.2%
=> MINCIRC mode=learn seed=2 first=62.0 last=54.2 delta=-7.8 reward=54.2 **eval=46.0** tie=0 trialseed=103
