make: Entering directory '/root/minc_run/minimal_circuit_CODE'
make: Nothing to be done for 'all'.
make: Leaving directory '/root/minc_run/minimal_circuit_CODE'
  시행    1~ 400: 정답률  67.0%
  시행  401~ 800: 정답률  69.8%
  시행  801~1200: 정답률  70.8%
  시행 1201~1600: 정답률  67.2%

=== 평가 (탐색 없음, 학습 없음, 무작위 순서 100시행) : 정답률 100.0% | 동점 0회 ===
   자극 A: 44/44 (100.0%)
   자극 B: 56/56 (100.0%)

=== 학습 후 자극별 출력 (선택 이전의 원 신호) ===
  자극 A → 정답 L | out_L=  80  out_R=  33  차이   +47 | KC 90개
  자극 B → 정답 R | out_L=  23  out_R= 212  차이  -189 | KC 112개

=== 가중치 구조 (A전용 KC 65개, B전용 KC 87개) ===
  A전용 KC → out_L 평균 4.1656 | out_R 평균 1.6085 | 차이 +2.5571 (정답은 out_L) **정답쪽 우세**
  B전용 KC → out_L 평균 1.5538 | out_R 평균 5.8104 | 차이 -4.2566 (정답은 out_R) **정답쪽 우세**

=== 가중치 변화 ===
  kc_out_l: n=8062 |Δ|평균 0.53929 변화율  22.0% | 평균 0.500→1.039 | std 0.0000→1.5274
  kc_out_r: n=8032 |Δ|평균 0.86839 변화율  22.1% | 평균 0.500→1.368 | std 0.0000→2.1355

=== 요약 (mode=learn seed=0) ===
  첫 구간 67.0% → 마지막 구간 67.2% | 변화 +0.2%p | 보상률 68.7%
=> MINCIRC mode=learn seed=0 first=67.0 last=67.2 delta=+0.2 reward=68.7 **eval=100.0** tie=0 trialseed=105
