make: Entering directory '/root/minc_run/minimal_circuit_CODE'
make: Nothing to be done for 'all'.
make: Leaving directory '/root/minc_run/minimal_circuit_CODE'
  시행    1~ 400: 정답률  64.0%
  시행  401~ 800: 정답률  48.2%
  시행  801~1200: 정답률  51.2%
  시행 1201~1600: 정답률  51.5%

=== 평가 (탐색 없음, 학습 없음, 무작위 순서 100시행) : 정답률 51.0% | 동점 0회 ===
   자극 A: 0/49 (0.0%)
   자극 B: 51/51 (100.0%)

=== 학습 후 자극별 출력 (선택 이전의 원 신호) ===
  자극 A → 정답 L | out_L=  22  out_R= 128  차이  -106 | KC 85개
  자극 B → 정답 R | out_L=  13  out_R= 328  차이  -315 | KC 103개

=== 가중치 구조 (A전용 KC 65개, B전용 KC 83개) ===
  A전용 KC → out_L 평균 1.9908 | out_R 평균 2.7767 | 차이 -0.7859 (정답은 out_L) **반대**
  B전용 KC → out_L 평균 1.6501 | out_R 평균 11.4502 | 차이 -9.8001 (정답은 out_R) **정답쪽 우세**

=== 가중치 변화 ===
  kc_out_l: n=7920 |Δ|평균 0.30846 변화율  21.2% | 평균 0.500→0.808 | std 0.0000→0.9952
  kc_out_r: n=7952 |Δ|평균 1.61805 변화율  21.2% | 평균 0.500→2.118 | std 0.0000→3.6774

=== 요약 (mode=learn seed=1) ===
  첫 구간 64.0% → 마지막 구간 51.5% | 변화 -12.5%p | 보상률 53.8%
=> MINCIRC mode=learn seed=1 first=64.0 last=51.5 delta=-12.5 reward=53.8 **eval=51.0** tie=0 trialseed=102
