make: Entering directory '/root/minc_run/minimal_circuit_CODE'
make: Nothing to be done for 'all'.
make: Leaving directory '/root/minc_run/minimal_circuit_CODE'
  시행    1~ 400: 정답률  53.5%
  시행  401~ 800: 정답률  49.2%
  시행  801~1200: 정답률  51.0%
  시행 1201~1600: 정답률  47.8%

=== 평가 (탐색 없음, 학습 없음, 무작위 순서 100시행) : 정답률 51.0% | 동점 0회 ===
   자극 A: 0/49 (0.0%)
   자극 B: 51/51 (100.0%)

=== 학습 후 자극별 출력 (선택 이전의 원 신호) ===
  자극 A → 정답 L | out_L=  14  out_R= 178  차이  -164 | KC 85개
  자극 B → 정답 R | out_L=   8  out_R= 338  차이  -330 | KC 103개

=== 가중치 구조 (A전용 KC 65개, B전용 KC 83개) ===
  A전용 KC → out_L 평균 1.6011 | out_R 평균 3.3430 | 차이 -1.7420 (정답은 out_L) **반대**
  B전용 KC → out_L 평균 1.1534 | out_R 평균 11.7855 | 차이 -10.6321 (정답은 out_R) **정답쪽 우세**

=== 가중치 변화 ===
  kc_out_l: n=7920 |Δ|평균 0.20667 변화율  21.2% | 평균 0.500→0.707 | std 0.0000→0.7862
  kc_out_r: n=7952 |Δ|평균 1.69855 변화율  21.2% | 평균 0.500→2.198 | std 0.0000→3.7719

=== 요약 (mode=learn seed=1) ===
  첫 구간 53.5% → 마지막 구간 47.8% | 변화 -5.8%p | 보상률 50.4%
=> MINCIRC mode=learn seed=1 first=53.5 last=47.8 delta=-5.8 reward=50.4 **eval=51.0** tie=0 trialseed=105
