make: Entering directory '/root/minc_run/minimal_circuit_CODE'
make: Nothing to be done for 'all'.
make: Leaving directory '/root/minc_run/minimal_circuit_CODE'
  시행    1~ 400: 정답률  69.8%
  시행  401~ 800: 정답률  68.8%
  시행  801~1200: 정답률  68.0%
  시행 1201~1600: 정답률  74.2%

=== 평가 (탐색 없음, 학습 없음, 무작위 순서 100시행) : 정답률 100.0% | 동점 0회 ===
   자극 A: 49/49 (100.0%)
   자극 B: 51/51 (100.0%)

=== 학습 후 자극별 출력 (선택 이전의 원 신호) ===
  자극 A → 정답 L | out_L= 104  out_R=  29  차이   +75 | KC 85개
  자극 B → 정답 R | out_L=  19  out_R= 261  차이  -242 | KC 103개

=== 가중치 구조 (A전용 KC 65개, B전용 KC 83개) ===
  A전용 KC → out_L 평균 4.1664 | out_R 평균 1.9637 | 차이 +2.2027 (정답은 out_L) **정답쪽 우세**
  B전용 KC → out_L 평균 1.6627 | out_R 평균 6.9503 | 차이 -5.2876 (정답은 out_R) **정답쪽 우세**

=== 가중치 변화 ===
  kc_out_l: n=7920 |Δ|평균 0.53298 변화율  21.2% | 평균 0.500→1.033 | std 0.0000→1.4523
  kc_out_r: n=7952 |Δ|평균 0.99187 변화율  21.2% | 평균 0.500→1.492 | std 0.0000→2.2967

=== 요약 (mode=learn seed=1) ===
  첫 구간 69.8% → 마지막 구간 74.2% | 변화 +4.5%p | 보상률 70.2%
=> MINCIRC mode=learn seed=1 first=69.8 last=74.2 delta=+4.5 reward=70.2 **eval=100.0** tie=0 trialseed=104
