make: Entering directory '/root/minc_run/minimal_circuit_CODE'
make: Leaving directory '/root/minc_run/minimal_circuit_CODE'
  시행    1~ 400: 정답률  47.0%
  시행  401~ 800: 정답률  53.0%
  시행  801~1200: 정답률  47.2%
  시행 1201~1600: 정답률  47.5%

=== 평가 (탐색 없음, 학습 없음, 무작위 순서 100시행) : 정답률 56.0% | 동점 0회 ===
   자극 A: 0/44 (0.0%)
   자극 B: 56/56 (100.0%)

=== 학습 후 자극별 출력 (선택 이전의 원 신호) ===
  자극 A → 정답 L | out_L=   0  out_R= 270  차이  -270 | KC 90개
  자극 B → 정답 R | out_L=   6  out_R= 349  차이  -343 | KC 112개

=== 가중치 구조 (A전용 KC 65개, B전용 KC 87개) ===
  A전용 KC → out_L 평균 0.8666 | out_R 평균 4.2226 | 차이 -3.3560 (정답은 out_L) **반대**
  B전용 KC → out_L 평균 1.2420 | out_R 평균 12.0225 | 차이 -10.7805 (정답은 out_R) **정답쪽 우세**

=== 가중치 변화 ===
  kc_out_l: n=8062 |Δ|평균 0.14089 변화율  22.0% | 평균 0.500→0.641 | std 0.0000→0.5926
  kc_out_r: n=8032 |Δ|평균 1.87042 변화율  22.1% | 평균 0.500→2.370 | std 0.0000→3.8992

=== 요약 (mode=learn seed=0) ===
  첫 구간 47.0% → 마지막 구간 47.5% | 변화 +0.5%p | 보상률 48.7%
=> MINCIRC mode=learn seed=0 first=47.0 last=47.5 delta=+0.5 reward=48.7 **eval=56.0** tie=0 trialseed=100
