make: Entering directory '/root/minc_run/minimal_circuit_CODE'
make: Leaving directory '/root/minc_run/minimal_circuit_CODE'
  시행    1~ 400: 정답률  67.5%
  시행  401~ 800: 정답률  57.0%
  시행  801~1200: 정답률  47.5%
  시행 1201~1600: 정답률  47.5%

=== 평가 (탐색 없음, 학습 없음, 무작위 순서 100시행) : 정답률 46.0% | 동점 0회 ===
   자극 A: 0/54 (0.0%)
   자극 B: 46/46 (100.0%)

=== 학습 후 자극별 출력 (선택 이전의 원 신호) ===
  자극 A → 정답 L | out_L=  41  out_R=  58  차이   -17 | KC 92개
  자극 B → 정답 R | out_L=   7  out_R= 343  차이  -336 | KC 107개

=== 가중치 구조 (A전용 KC 73개, B전용 KC 88개) ===
  A전용 KC → out_L 평균 2.6266 | out_R 평균 2.2598 | 차이 +0.3668 (정답은 out_L) **정답쪽 우세**
  B전용 KC → out_L 평균 1.1013 | out_R 평균 11.5724 | 차이 -10.4712 (정답은 out_R) **정답쪽 우세**

=== 가중치 변화 ===
  kc_out_l: n=8039 |Δ|평균 0.32987 변화율  22.8% | 평균 0.500→0.830 | std 0.0000→0.9515
  kc_out_r: n=7967 |Δ|평균 1.64828 변화율  22.6% | 평균 0.500→2.148 | std 0.0000→3.7336

=== 요약 (mode=learn seed=2) ===
  첫 구간 67.5% → 마지막 구간 47.5% | 변화 -20.0%p | 보상률 54.9%
=> MINCIRC mode=learn seed=2 first=67.5 last=47.5 delta=-20.0 reward=54.9 **eval=46.0** tie=0 trialseed=100
