make: Entering directory '/root/minc_run/minimal_circuit_CODE'
make: Nothing to be done for 'all'.
make: Leaving directory '/root/minc_run/minimal_circuit_CODE'
  시행    1~ 400: 정답률  50.2%
  시행  401~ 800: 정답률  48.2%
  시행  801~1200: 정답률  51.2%
  시행 1201~1600: 정답률  51.5%

=== 평가 (탐색 없음, 학습 없음, 무작위 순서 100시행) : 정답률 54.0% | 동점 0회 ===
   자극 A: 0/46 (0.0%)
   자극 B: 54/54 (100.0%)

=== 학습 후 자극별 출력 (선택 이전의 원 신호) ===
  자극 A → 정답 L | out_L=   2  out_R= 256  차이  -254 | KC 81개
  자극 B → 정답 R | out_L=   1  out_R= 336  차이  -335 | KC 88개

=== 가중치 구조 (A전용 KC 61개, B전용 KC 68개) ===
  A전용 KC → out_L 평균 0.6668 | out_R 평균 4.7617 | 차이 -4.0949 (정답은 out_L) **반대**
  B전용 KC → out_L 평균 0.6784 | out_R 평균 12.1060 | 차이 -11.4276 (정답은 out_R) **정답쪽 우세**

=== 가중치 변화 ===
  kc_out_l: n=7993 |Δ|평균 0.03666 변화율  18.3% | 평균 0.500→0.537 | std 0.0000→0.2494
  kc_out_r: n=8011 |Δ|평균 1.59942 변화율  19.3% | 평균 0.500→2.099 | std 0.0000→3.6104

=== 요약 (mode=learn seed=4) ===
  첫 구간 50.2% → 마지막 구간 51.5% | 변화 +1.3%p | 보상률 50.3%
=> MINCIRC mode=learn seed=4 first=50.2 last=51.5 delta=+1.3 reward=50.3 **eval=54.0** tie=0 trialseed=102
