make: Entering directory '/root/minc_run/minimal_circuit_CODE'
make: Leaving directory '/root/minc_run/minimal_circuit_CODE'
  시행    1~ 400: 정답률  50.2%
  시행  401~ 800: 정답률  53.5%
  시행  801~1200: 정답률  47.8%
  시행 1201~1600: 정답률  52.5%

=== 평가 (탐색 없음, 학습 없음, 무작위 순서 100시행) : 정답률 47.0% | 동점 0회 ===
   자극 A: 47/47 (100.0%)
   자극 B: 0/53 (0.0%)

=== 학습 후 자극별 출력 (선택 이전의 원 신호) ===
  자극 A → 정답 L | out_L= 313  out_R=   5  차이  +308 | KC 84개
  자극 B → 정답 R | out_L= 219  out_R=  16  차이  +203 | KC 106개

=== 가중치 구조 (A전용 KC 58개, B전용 KC 80개) ===
  A전용 KC → out_L 평균 11.2376 | out_R 평균 1.2388 | 차이 +9.9987 (정답은 out_L) **정답쪽 우세**
  B전용 KC → out_L 평균 3.4354 | out_R 평균 1.8544 | 차이 +1.5810 (정답은 out_R) **반대**

=== 가중치 변화 ===
  kc_out_l: n=7953 |Δ|평균 1.40994 변화율  21.0% | 평균 0.500→1.910 | std 0.0000→3.2542
  kc_out_r: n=7937 |Δ|평균 0.24705 변화율  20.3% | 평균 0.500→0.747 | std 0.0000→0.8025

=== 요약 (mode=learn seed=3) ===
  첫 구간 50.2% → 마지막 구간 52.5% | 변화 +2.3%p | 보상률 51.0%
=> MINCIRC mode=learn seed=3 first=50.2 last=52.5 delta=+2.3 reward=51.0 **eval=47.0** tie=0 trialseed=100
