make: Entering directory '/root/minc_run/minimal_circuit_CODE'
make: Nothing to be done for 'all'.
make: Leaving directory '/root/minc_run/minimal_circuit_CODE'
  시행    1~ 400: 정답률  66.2%
  시행  401~ 800: 정답률  62.5%
  시행  801~1200: 정답률  50.7%
  시행 1201~1600: 정답률  54.2%

=== 평가 (탐색 없음, 학습 없음, 무작위 순서 100시행) : 정답률 56.0% | 동점 0회 ===
   자극 A: 0/44 (0.0%)
   자극 B: 56/56 (100.0%)

=== 학습 후 자극별 출력 (선택 이전의 원 신호) ===
  자극 A → 정답 L | out_L=  17  out_R= 140  차이  -123 | KC 90개
  자극 B → 정답 R | out_L=  13  out_R= 317  차이  -304 | KC 112개

=== 가중치 구조 (A전용 KC 65개, B전용 KC 87개) ===
  A전용 KC → out_L 평균 2.0992 | out_R 평균 2.1072 | 차이 -0.0080 (정답은 out_L) **반대**
  B전용 KC → out_L 평균 1.5230 | out_R 평균 10.1151 | 차이 -8.5921 (정답은 out_R) **정답쪽 우세**

=== 가중치 변화 ===
  kc_out_l: n=8062 |Δ|평균 0.31468 변화율  22.0% | 평균 0.500→0.815 | std 0.0000→0.9215
  kc_out_r: n=8032 |Δ|평균 1.46879 변화율  22.1% | 평균 0.500→1.969 | std 0.0000→3.3711

=== 요약 (mode=learn seed=0) ===
  첫 구간 66.2% → 마지막 구간 54.2% | 변화 -12.0%p | 보상률 58.4%
=> MINCIRC mode=learn seed=0 first=66.2 last=54.2 delta=-12.0 reward=58.4 **eval=56.0** tie=0 trialseed=104
