make: Entering directory '/root/minc_run/minimal_circuit_CODE'
make: Nothing to be done for 'all'.
make: Leaving directory '/root/minc_run/minimal_circuit_CODE'
  시행    1~ 400: 정답률  50.0%
  시행  401~ 800: 정답률  49.5%
  시행  801~1200: 정답률  49.2%
  시행 1201~1600: 정답률  48.8%

=== 평가 (탐색 없음, 학습 없음, 무작위 순서 100시행) : 정답률 47.0% | 동점 0회 ===
   자극 A: 47/47 (100.0%)
   자극 B: 0/53 (0.0%)

=== 학습 후 자극별 출력 (선택 이전의 원 신호) ===
  자극 A → 정답 L | out_L= 324  out_R=   2  차이  +322 | KC 84개
  자극 B → 정답 R | out_L= 275  out_R=   5  차이  +270 | KC 106개

=== 가중치 구조 (A전용 KC 58개, B전용 KC 80개) ===
  A전용 KC → out_L 평균 11.9446 | out_R 평균 0.8059 | 차이 +11.1388 (정답은 out_L) **정답쪽 우세**
  B전용 KC → out_L 평균 4.2439 | out_R 평균 1.1532 | 차이 +3.0907 (정답은 out_R) **반대**

=== 가중치 변화 ===
  kc_out_l: n=7953 |Δ|평균 1.54167 변화율  21.0% | 평균 0.500→2.042 | std 0.0000→3.4185
  kc_out_r: n=7937 |Δ|평균 0.11352 변화율  20.3% | 평균 0.500→0.613 | std 0.0000→0.4746

=== 요약 (mode=learn seed=3) ===
  첫 구간 50.0% → 마지막 구간 48.8% | 변화 -1.2%p | 보상률 49.4%
=> MINCIRC mode=learn seed=3 first=50.0 last=48.8 delta=-1.2 reward=49.4 **eval=47.0** tie=0 trialseed=104
