make: Entering directory '/root/minc_run/minimal_circuit_CODE'
make: Nothing to be done for 'all'.
make: Leaving directory '/root/minc_run/minimal_circuit_CODE'
  시행    1~ 400: 정답률  43.8%
  시행  401~ 800: 정답률  51.0%
  시행  801~1200: 정답률  48.8%
  시행 1201~1600: 정답률  50.7%

=== 평가 (탐색 없음, 학습 없음, 무작위 순서 100시행) : 정답률 47.0% | 동점 0회 ===
   자극 A: 47/47 (100.0%)
   자극 B: 0/53 (0.0%)

=== 학습 후 자극별 출력 (선택 이전의 원 신호) ===
  자극 A → 정답 L | out_L= 322  out_R=   3  차이  +319 | KC 84개
  자극 B → 정답 R | out_L= 249  out_R=   8  차이  +241 | KC 106개

=== 가중치 구조 (A전용 KC 58개, B전용 KC 80개) ===
  A전용 KC → out_L 평균 11.9315 | out_R 평균 0.9305 | 차이 +11.0010 (정답은 out_L) **정답쪽 우세**
  B전용 KC → out_L 평균 3.4055 | out_R 평균 1.5119 | 차이 +1.8936 (정답은 out_R) **반대**

=== 가중치 변화 ===
  kc_out_l: n=7953 |Δ|평균 1.46279 변화율  21.0% | 평균 0.500→1.963 | std 0.0000→3.3965
  kc_out_r: n=7937 |Δ|평균 0.17217 변화율  20.3% | 평균 0.500→0.672 | std 0.0000→0.6190

=== 요약 (mode=learn seed=3) ===
  첫 구간 43.8% → 마지막 구간 50.7% | 변화 +7.0%p | 보상률 48.6%
=> MINCIRC mode=learn seed=3 first=43.8 last=50.7 delta=+7.0 reward=48.6 **eval=47.0** tie=0 trialseed=102
