make: Entering directory '/root/minc_run/minimal_circuit_CODE'
make: Nothing to be done for 'all'.
make: Leaving directory '/root/minc_run/minimal_circuit_CODE'
  시행    1~ 400: 정답률  47.8%
  시행  401~ 800: 정답률  53.2%
  시행  801~1200: 정답률  49.0%
  시행 1201~1600: 정답률  50.5%

=== 평가 (탐색 없음, 학습 없음, 무작위 순서 100시행) : 정답률 44.0% | 동점 0회 ===
   자극 A: 44/44 (100.0%)
   자극 B: 0/56 (0.0%)

=== 학습 후 자극별 출력 (선택 이전의 원 신호) ===
  자극 A → 정답 L | out_L= 323  out_R=   4  차이  +319 | KC 90개
  자극 B → 정답 R | out_L= 275  out_R=   6  차이  +269 | KC 112개

=== 가중치 구조 (A전용 KC 65개, B전용 KC 87개) ===
  A전용 KC → out_L 평균 11.5411 | out_R 평균 0.8828 | 차이 +10.6583 (정답은 out_L) **정답쪽 우세**
  B전용 KC → out_L 평균 4.4722 | out_R 평균 1.1072 | 차이 +3.3650 (정답은 out_R) **반대**

=== 가중치 변화 ===
  kc_out_l: n=8062 |Δ|평균 1.59707 변화율  22.0% | 평균 0.500→2.097 | std 0.0000→3.4043
  kc_out_r: n=8032 |Δ|평균 0.13407 변화율  22.1% | 평균 0.500→0.634 | std 0.0000→0.5667

=== 요약 (mode=learn seed=0) ===
  첫 구간 47.8% → 마지막 구간 50.5% | 변화 +2.8%p | 보상률 50.1%
=> MINCIRC mode=learn seed=0 first=47.8 last=50.5 delta=+2.8 reward=50.1 **eval=44.0** tie=0 trialseed=106
