make: Entering directory '/root/minc_run/minimal_circuit_CODE'
make: Leaving directory '/root/minc_run/minimal_circuit_CODE'
  시행    1~ 400: 정답률  48.5%
  시행  401~ 800: 정답률  53.0%
  시행  801~1200: 정답률  47.2%
  시행 1201~1600: 정답률  47.5%

=== 평가 (탐색 없음, 학습 없음, 무작위 순서 100시행) : 정답률 51.0% | 동점 0회 ===
   자극 A: 0/49 (0.0%)
   자극 B: 51/51 (100.0%)

=== 학습 후 자극별 출력 (선택 이전의 원 신호) ===
  자극 A → 정답 L | out_L=   4  out_R= 242  차이  -238 | KC 85개
  자극 B → 정답 R | out_L=   3  out_R= 348  차이  -345 | KC 103개

=== 가중치 구조 (A전용 KC 65개, B전용 KC 83개) ===
  A전용 KC → out_L 평균 0.8674 | out_R 평균 4.2224 | 차이 -3.3551 (정답은 out_L) **반대**
  B전용 KC → out_L 평균 0.8415 | out_R 평균 12.4625 | 차이 -11.6210 (정답은 out_R) **정답쪽 우세**

=== 가중치 변화 ===
  kc_out_l: n=7920 |Δ|평균 0.08667 변화율  21.2% | 평균 0.500→0.587 | std 0.0000→0.5247
  kc_out_r: n=7952 |Δ|평균 1.84110 변화율  21.2% | 평균 0.500→2.341 | std 0.0000→3.9687

=== 요약 (mode=learn seed=1) ===
  첫 구간 48.5% → 마지막 구간 47.5% | 변화 -1.0%p | 보상률 49.1%
=> MINCIRC mode=learn seed=1 first=48.5 last=47.5 delta=-1.0 reward=49.1 **eval=51.0** tie=0 trialseed=100
