[관계] 항목 8개(훈련 4, 새 4), 반쪽 50 중 활성 15, 항목 간 겹침 2~7(평균 4.5), 새↔훈련 겹침 2~7, 패턴 64개(S 8, D 56)
make: Entering directory '/root/e128_run/minimal_circuit_CODE'
make: Leaving directory '/root/e128_run/minimal_circuit_CODE'
=> SDGEN mode=frozen seed=19 trialseed=600 train_same=46.2 train_diff=57.1 train_bal=51.6 novel_same=0.0 novel_diff=41.7 novel_bal=20.8 | ties train:7 novel:5 | n_same/diff train 13/7 novel 8/12
=> SDCREDIT mode=frozen seed=19 trialseed=600 diff=cyclic | L전용 n=49 dSg=+0.0306 | R전용 n=79 dSg=+0.1392 | 양쪽 n=529 dSg=-0.1465 | margin_sign_ok=4/8 | spec_share(|Σg_L−Σg_R| 중 전용 KC 몫) 평균 0.066
=> SDRATE mode=frozen seed=19 trialseed=600 | kc_spikes_per_stim 평균 277.5 | active_kc_per_stim 평균 277.5 | both_spike_share(양쪽 KC 스파이크/전체) 0.936 | rate_margin_ok=4/8
=> SDLAB diff=cyclic rule=samediff mode=frozen seed=19 trialseed=600 train_accL=46.2 train_accR=57.1 train_lbal=51.6 novel_accL=0.0 novel_accR=41.7 novel_lbal=20.8

=== 평가 (탐색 없음, 학습 없음, 무작위 순서 20시행) : 정답률 65.0% | 동점 11회 ===
   자극 A: 4/11 (36.4%)
   자극 B: 9/9 (100.0%)

=== 학습 후 자극별 출력 (선택 이전의 원 신호) ===
  자극 A → 정답 L | out_L=  49  out_R=  49  차이    +0 | KC 316개
  자극 B → 정답 R | out_L=  45  out_R=  48  차이    -3 | KC 294개

=== 가중치 구조 (A전용 KC 175개, B전용 KC 153개) ===
  A전용 KC → out_L 평균 0.5000 | out_R 평균 0.5000 | 차이 +0.0000 (정답은 out_L) **반대**
  B전용 KC → out_L 평균 0.5000 | out_R 평균 0.5000 | 차이 +0.0000 (정답은 out_R) **정답쪽 우세**

=== 가중치 변화 ===
  kc_out_l: n=7875 |Δ|평균 0.00000 변화율   0.0% | 평균 0.500→0.500 | std 0.0000→0.0000
  kc_out_r: n=7926 |Δ|평균 0.00000 변화율   0.0% | 평균 0.500→0.500 | std 0.0000→0.0000

=== 요약 (mode=frozen seed=19) ===
  첫 구간 nan% → 마지막 구간 nan% | 변화 +nan%p | 보상률 0.0%
=> MINCIRC mode=frozen seed=19 first=nan last=nan delta=+nan reward=0.0 **eval=65.0** tie=11 trialseed=600
