[관계] 항목 8개(훈련 4, 새 4), 반쪽 50 중 활성 15, 항목 간 겹침 2~7(평균 4.5), 새↔훈련 겹침 2~7, 패턴 64개(S 8, D 56)
make: Entering directory '/root/e128_run/minimal_circuit_CODE'
make: Leaving directory '/root/e128_run/minimal_circuit_CODE'
[KC배선] crosshalf: 연결 1600개, KC 800 중 반쪽1 입력 1개·반쪽2 입력 1개인 KC 800, w=4.00
=> SDGEN mode=frozen seed=19 trialseed=600 train_same=0.0 train_diff=40.0 train_bal=20.0 novel_same=0.0 novel_diff=92.9 novel_bal=46.4 | ties train:0 novel:4 | n_same/diff train 10/10 novel 6/14
=> SDCREDIT mode=frozen seed=19 trialseed=600 diff=cyclic | L전용 n=144 dSg=+0.0243 | R전용 n=161 dSg=-0.0652 | 양쪽 n=117 dSg=+0.0085 | margin_sign_ok=4/8 | spec_share(|Σg_L−Σg_R| 중 전용 KC 몫) 평균 0.541
=> SDRATE mode=frozen seed=19 trialseed=600 | kc_spikes_per_stim 평균 75.0 | active_kc_per_stim 평균 75.0 | both_spike_share(양쪽 KC 스파이크/전체) 0.467 | rate_margin_ok=4/8
=> SDLAB diff=cyclic rule=samediff mode=frozen seed=19 trialseed=600 train_accL=0.0 train_accR=40.0 train_lbal=20.0 novel_accL=0.0 novel_accR=92.9 novel_lbal=46.4

=== 평가 (탐색 없음, 학습 없음, 무작위 순서 20시행) : 정답률 55.0% | 동점 0회 ===
   자극 A: 11/11 (100.0%)
   자극 B: 0/9 (0.0%)

=== 학습 후 자극별 출력 (선택 이전의 원 신호) ===
  자극 A → 정답 L | out_L=  13  out_R=   2  차이   +11 | KC 66개
  자극 B → 정답 R | out_L=  10  out_R=   7  차이    +3 | KC 79개

=== 가중치 구조 (A전용 KC 65개, B전용 KC 78개) ===
  A전용 KC → out_L 평균 0.5000 | out_R 평균 0.5000 | 차이 +0.0000 (정답은 out_L) **반대**
  B전용 KC → out_L 평균 0.5000 | out_R 평균 0.5000 | 차이 +0.0000 (정답은 out_R) **정답쪽 우세**

=== 가중치 변화 ===
  kc_out_l: n=7875 |Δ|평균 0.00000 변화율   0.0% | 평균 0.500→0.500 | std 0.0000→0.0000
  kc_out_r: n=7926 |Δ|평균 0.00000 변화율   0.0% | 평균 0.500→0.500 | std 0.0000→0.0000

=== 요약 (mode=frozen seed=19) ===
  첫 구간 nan% → 마지막 구간 nan% | 변화 +nan%p | 보상률 0.0%
=> MINCIRC mode=frozen seed=19 first=nan last=nan delta=+nan reward=0.0 **eval=55.0** tie=0 trialseed=600
