[관계] 항목 8개(훈련 4, 새 4), 반쪽 50 중 활성 15, 항목 간 겹침 2~7(평균 4.3), 새↔훈련 겹침 2~7, 패턴 64개(S 8, D 56)
make: Entering directory '/root/e128_run/minimal_circuit_CODE'
make: Leaving directory '/root/e128_run/minimal_circuit_CODE'
  시행    1~ 400: 정답률  50.7%
  시행  401~ 800: 정답률  49.5%
=> SDGEN mode=learn seed=10 trialseed=600 train_same=0.0 train_diff=100.0 train_bal=50.0 novel_same=32.7 novel_diff=81.2 novel_bal=57.0 | ties train:0 novel:3 | n_same/diff train 49/51 novel 52/48
=> SDLAB diff=all rule=samediff mode=learn seed=10 trialseed=600 train_accL=0.0 train_accR=100.0 train_lbal=50.0 novel_accL=32.7 novel_accR=81.2 novel_lbal=57.0

=== 평가 (탐색 없음, 학습 없음, 무작위 순서 100시행) : 정답률 56.0% | 동점 0회 ===
   자극 A: 0/44 (0.0%)
   자극 B: 56/56 (100.0%)

=== 학습 후 자극별 출력 (선택 이전의 원 신호) ===
  자극 A → 정답 L | out_L=  15  out_R=  17  차이    -2 | KC 98개
  자극 B → 정답 R | out_L=   6  out_R=  24  차이   -18 | KC 114개

=== 가중치 구조 (A전용 KC 65개, B전용 KC 81개) ===
  A전용 KC → out_L 평균 0.5322 | out_R 평균 0.5568 | 차이 -0.0246 (정답은 out_L) **반대**
  B전용 KC → out_L 평균 0.5315 | out_R 평균 0.5710 | 차이 -0.0395 (정답은 out_R) **정답쪽 우세**

=== 가중치 변화 ===
  kc_out_l: n=7952 |Δ|평균 0.01779 변화율  38.9% | 평균 0.500→0.517 | std 0.0000→0.0296
  kc_out_r: n=7999 |Δ|평균 0.03288 변화율  39.6% | 평균 0.500→0.532 | std 0.0000→0.0514

=== 요약 (mode=learn seed=10) ===
  첫 구간 50.7% → 마지막 구간 49.5% | 변화 -1.2%p | 보상률 50.1%
=> MINCIRC mode=learn seed=10 first=50.7 last=49.5 delta=-1.2 reward=50.1 **eval=56.0** tie=0 trialseed=600
