[관계] 항목 8개(훈련 4, 새 4), 반쪽 50 중 활성 15, 항목 간 겹침 1~8(평균 4.7), 새↔훈련 겹침 2~8, 패턴 64개(S 8, D 56)
make: Entering directory '/root/e128_run/minimal_circuit_CODE'
make: Leaving directory '/root/e128_run/minimal_circuit_CODE'
[KC배선] crosshalf: 연결 1600개, KC 800 중 반쪽1 입력 1개·반쪽2 입력 1개인 KC 800, w=4.00
=> SDGEN mode=frozen seed=18 trialseed=600 train_same=92.3 train_diff=0.0 train_bal=46.2 novel_same=83.3 novel_diff=37.5 novel_bal=60.4 | ties train:1 novel:0 | n_same/diff train 13/7 novel 12/8
=> SDCREDIT mode=frozen seed=18 trialseed=600 diff=cyclic | L전용 n=102 dSg=-0.0098 | R전용 n=105 dSg=+0.2667 | 양쪽 n=148 dSg=+0.3311 | margin_sign_ok=3/8 | spec_share(|Σg_L−Σg_R| 중 전용 KC 몫) 평균 0.353
=> SDRATE mode=frozen seed=18 trialseed=600 | kc_spikes_per_stim 평균 73.9 | active_kc_per_stim 평균 73.9 | both_spike_share(양쪽 KC 스파이크/전체) 0.650 | rate_margin_ok=3/8
=> SDLAB diff=cyclic rule=samediff mode=frozen seed=18 trialseed=600 train_accL=92.3 train_accR=0.0 train_lbal=46.2 novel_accL=83.3 novel_accR=37.5 novel_lbal=60.4

=== 평가 (탐색 없음, 학습 없음, 무작위 순서 20시행) : 정답률 50.0% | 동점 0회 ===
   자극 A: 10/10 (100.0%)
   자극 B: 0/10 (0.0%)

=== 학습 후 자극별 출력 (선택 이전의 원 신호) ===
  자극 A → 정답 L | out_L=  11  out_R=   8  차이    +3 | KC 75개
  자극 B → 정답 R | out_L=  10  out_R=   9  차이    +1 | KC 68개

=== 가중치 구조 (A전용 KC 73개, B전용 KC 66개) ===
  A전용 KC → out_L 평균 0.5000 | out_R 평균 0.5000 | 차이 +0.0000 (정답은 out_L) **반대**
  B전용 KC → out_L 평균 0.5000 | out_R 평균 0.5000 | 차이 +0.0000 (정답은 out_R) **정답쪽 우세**

=== 가중치 변화 ===
  kc_out_l: n=8073 |Δ|평균 0.00000 변화율   0.0% | 평균 0.500→0.500 | std 0.0000→0.0000
  kc_out_r: n=7892 |Δ|평균 0.00000 변화율   0.0% | 평균 0.500→0.500 | std 0.0000→0.0000

=== 요약 (mode=frozen seed=18) ===
  첫 구간 nan% → 마지막 구간 nan% | 변화 +nan%p | 보상률 0.0%
=> MINCIRC mode=frozen seed=18 first=nan last=nan delta=+nan reward=0.0 **eval=50.0** tie=0 trialseed=600
