[관계] 항목 8개(훈련 4, 새 4), 반쪽 50 중 활성 15, 항목 간 겹침 1~8(평균 5.0), 새↔훈련 겹침 1~7, 패턴 64개(S 8, D 56)
make: Entering directory '/root/e128_main_run/minimal_circuit_CODE'
make: Leaving directory '/root/e128_main_run/minimal_circuit_CODE'
[KC배선] crosshalf: 연결 1600개, KC 800 중 반쪽1 입력 1개·반쪽2 입력 1개인 KC 800, w=4.00
  시행    1~ 400: 정답률  52.2%
  시행  401~ 800: 정답률  53.2%
=> SDGEN mode=frozen seed=17 trialseed=600 train_same=39.3 train_diff=61.5 train_bal=50.4 novel_same=46.3 novel_diff=34.8 novel_bal=40.5 | ties train:13 novel:9 | n_same/diff train 61/39 novel 54/46
=> SDCREDIT mode=frozen seed=17 trialseed=600 diff=cyclic | L전용 n=91 dSg=+0.3846 | R전용 n=113 dSg=-0.0354 | 양쪽 n=155 dSg=-0.0419 | margin_sign_ok=7/8 | spec_share(|Σg_L−Σg_R| 중 전용 KC 몫) 평균 0.411
=> SDRATE mode=frozen seed=17 trialseed=600 | kc_spikes_per_stim 평균 75.0 | active_kc_per_stim 평균 75.0 | both_spike_share(양쪽 KC 스파이크/전체) 0.658 | rate_margin_ok=7/8
=> SDLAB diff=cyclic rule=samediff mode=frozen seed=17 trialseed=600 train_accL=39.3 train_accR=61.5 train_lbal=50.4 novel_accL=46.3 novel_accR=34.8 novel_lbal=40.5

=== 평가 (탐색 없음, 학습 없음, 무작위 순서 100시행) : 정답률 45.0% | 동점 0회 ===
   자극 A: 0/55 (0.0%)
   자극 B: 45/45 (100.0%)

=== 학습 후 자극별 출력 (선택 이전의 원 신호) ===
  자극 A → 정답 L | out_L=  11  out_R=  14  차이    -3 | KC 87개
  자극 B → 정답 R | out_L=   4  out_R=  14  차이   -10 | KC 75개

=== 가중치 구조 (A전용 KC 84개, B전용 KC 72개) ===
  A전용 KC → out_L 평균 0.5000 | out_R 평균 0.5000 | 차이 +0.0000 (정답은 out_L) **반대**
  B전용 KC → out_L 평균 0.5000 | out_R 평균 0.5000 | 차이 +0.0000 (정답은 out_R) **정답쪽 우세**

=== 가중치 변화 ===
  kc_out_l: n=8046 |Δ|평균 0.00000 변화율   0.0% | 평균 0.500→0.500 | std 0.0000→0.0000
  kc_out_r: n=8067 |Δ|평균 0.00000 변화율   0.0% | 평균 0.500→0.500 | std 0.0000→0.0000

=== 요약 (mode=frozen seed=17) ===
  첫 구간 52.2% → 마지막 구간 53.2% | 변화 +1.0%p | 보상률 0.0%
=> MINCIRC mode=frozen seed=17 first=52.2 last=53.2 delta=+1.0 reward=0.0 **eval=45.0** tie=0 trialseed=600
