[관계] 항목 8개(훈련 4, 새 4), 반쪽 50 중 활성 15, 항목 간 겹침 2~7(평균 4.1), 새↔훈련 겹침 2~6, 패턴 64개(S 8, D 56)
make: Entering directory '/root/e128_main_run/minimal_circuit_CODE'
make: Leaving directory '/root/e128_main_run/minimal_circuit_CODE'
[KC배선] crosshalf: 연결 1600개, KC 800 중 반쪽1 입력 1개·반쪽2 입력 1개인 KC 800, w=4.00
  시행    1~ 400: 정답률  45.8%
  시행  401~ 800: 정답률  45.8%
=> SDGEN mode=frozen seed=15 trialseed=600 train_same=0.0 train_diff=83.3 train_bal=41.7 novel_same=11.9 novel_diff=95.1 novel_bal=53.5 | ties train:0 novel:21 | n_same/diff train 52/48 novel 59/41
=> SDCREDIT mode=frozen seed=15 trialseed=600 diff=cyclic | L전용 n=127 dSg=-0.4291 | R전용 n=134 dSg=-0.0075 | 양쪽 n=119 dSg=-0.2773 | margin_sign_ok=3/8 | spec_share(|Σg_L−Σg_R| 중 전용 KC 몫) 평균 0.480
=> SDRATE mode=frozen seed=15 trialseed=600 | kc_spikes_per_stim 평균 68.6 | active_kc_per_stim 평균 68.6 | both_spike_share(양쪽 KC 스파이크/전체) 0.519 | rate_margin_ok=3/8
=> SDLAB diff=cyclic rule=samediff mode=frozen seed=15 trialseed=600 train_accL=0.0 train_accR=83.3 train_lbal=41.7 novel_accL=11.9 novel_accR=95.1 novel_lbal=53.5

=== 평가 (탐색 없음, 학습 없음, 무작위 순서 100시행) : 정답률 80.0% | 동점 46회 ===
   자극 A: 26/46 (56.5%)
   자극 B: 54/54 (100.0%)

=== 학습 후 자극별 출력 (선택 이전의 원 신호) ===
  자극 A → 정답 L | out_L=  11  out_R=  11  차이    +0 | KC 83개
  자극 B → 정답 R | out_L=   6  out_R=  16  차이   -10 | KC 65개

=== 가중치 구조 (A전용 KC 81개, B전용 KC 63개) ===
  A전용 KC → out_L 평균 0.5000 | out_R 평균 0.5000 | 차이 +0.0000 (정답은 out_L) **반대**
  B전용 KC → out_L 평균 0.5000 | out_R 평균 0.5000 | 차이 +0.0000 (정답은 out_R) **정답쪽 우세**

=== 가중치 변화 ===
  kc_out_l: n=7878 |Δ|평균 0.00000 변화율   0.0% | 평균 0.500→0.500 | std 0.0000→0.0000
  kc_out_r: n=8077 |Δ|평균 0.00000 변화율   0.0% | 평균 0.500→0.500 | std 0.0000→0.0000

=== 요약 (mode=frozen seed=15) ===
  첫 구간 45.8% → 마지막 구간 45.8% | 변화 +0.0%p | 보상률 0.0%
=> MINCIRC mode=frozen seed=15 first=45.8 last=45.8 delta=+0.0 reward=0.0 **eval=80.0** tie=46 trialseed=600
