[관계] 항목 8개(훈련 4, 새 4), 반쪽 50 중 활성 15, 항목 간 겹침 2~7(평균 4.3), 새↔훈련 겹침 2~7, 패턴 64개(S 8, D 56)
make: Entering directory '/root/e128_main_run/minimal_circuit_CODE'
make: Leaving directory '/root/e128_main_run/minimal_circuit_CODE'
[KC배선] crosshalf: 연결 1600개, KC 800 중 반쪽1 입력 1개·반쪽2 입력 1개인 KC 800, w=4.00
  시행    1~ 400: 정답률  64.8%
  시행  401~ 800: 정답률  64.8%
=> SDGEN mode=frozen seed=10 trialseed=600 train_same=66.0 train_diff=100.0 train_bal=83.0 novel_same=28.0 novel_diff=70.0 novel_bal=49.0 | ties train:0 novel:0 | n_same/diff train 50/50 novel 50/50
=> SDCREDIT mode=frozen seed=10 trialseed=600 diff=cyclic | L전용 n=131 dSg=+0.0344 | R전용 n=119 dSg=-0.2059 | 양쪽 n=126 dSg=+0.1349 | margin_sign_ok=5/8 | spec_share(|Σg_L−Σg_R| 중 전용 KC 몫) 평균 0.490
=> SDRATE mode=frozen seed=10 trialseed=600 | kc_spikes_per_stim 평균 70.5 | active_kc_per_stim 평균 70.5 | both_spike_share(양쪽 KC 스파이크/전체) 0.520 | rate_margin_ok=5/8
=> SDLAB diff=cyclic rule=samediff mode=frozen seed=10 trialseed=600 train_accL=66.0 train_accR=100.0 train_lbal=83.0 novel_accL=28.0 novel_accR=70.0 novel_lbal=49.0

=== 평가 (탐색 없음, 학습 없음, 무작위 순서 100시행) : 정답률 50.0% | 동점 100회 ===
   자극 A: 21/44 (47.7%)
   자극 B: 29/56 (51.8%)

=== 학습 후 자극별 출력 (선택 이전의 원 신호) ===
  자극 A → 정답 L | out_L=   7  out_R=   7  차이    +0 | KC 78개
  자극 B → 정답 R | out_L=   8  out_R=   8  차이    +0 | KC 76개

=== 가중치 구조 (A전용 KC 72개, B전용 KC 70개) ===
  A전용 KC → out_L 평균 0.5000 | out_R 평균 0.5000 | 차이 +0.0000 (정답은 out_L) **반대**
  B전용 KC → out_L 평균 0.5000 | out_R 평균 0.5000 | 차이 +0.0000 (정답은 out_R) **정답쪽 우세**

=== 가중치 변화 ===
  kc_out_l: n=7952 |Δ|평균 0.00000 변화율   0.0% | 평균 0.500→0.500 | std 0.0000→0.0000
  kc_out_r: n=7999 |Δ|평균 0.00000 변화율   0.0% | 평균 0.500→0.500 | std 0.0000→0.0000

=== 요약 (mode=frozen seed=10) ===
  첫 구간 64.8% → 마지막 구간 64.8% | 변화 +0.0%p | 보상률 0.0%
=> MINCIRC mode=frozen seed=10 first=64.8 last=64.8 delta=+0.0 reward=0.0 **eval=50.0** tie=100 trialseed=600
