[관계] 항목 8개(훈련 4, 새 4), 반쪽 50 중 활성 15, 항목 간 겹침 2~8(평균 4.6), 새↔훈련 겹침 2~8, 패턴 64개(S 8, D 56)
make: Entering directory '/root/e128_main_run/minimal_circuit_CODE'
make: Leaving directory '/root/e128_main_run/minimal_circuit_CODE'
[KC배선] crosshalf: 연결 1600개, KC 800 중 반쪽1 입력 1개·반쪽2 입력 1개인 KC 800, w=4.00
  시행    1~ 400: 정답률  46.0%
  시행  401~ 800: 정답률  48.8%
=> SDGEN mode=frozen seed=14 trialseed=600 train_same=51.1 train_diff=47.2 train_bal=49.1 novel_same=55.3 novel_diff=45.3 novel_bal=50.3 | ties train:16 novel:1 | n_same/diff train 47/53 novel 47/53
=> SDCREDIT mode=frozen seed=14 trialseed=600 diff=cyclic | L전용 n=118 dSg=+0.1059 | R전용 n=108 dSg=+0.2176 | 양쪽 n=141 dSg=-0.1702 | margin_sign_ok=4/8 | spec_share(|Σg_L−Σg_R| 중 전용 KC 몫) 평균 0.402
=> SDRATE mode=frozen seed=14 trialseed=600 | kc_spikes_per_stim 평균 76.4 | active_kc_per_stim 평균 76.4 | both_spike_share(양쪽 KC 스파이크/전체) 0.617 | rate_margin_ok=4/8
=> SDLAB diff=cyclic rule=samediff mode=frozen seed=14 trialseed=600 train_accL=51.1 train_accR=47.2 train_lbal=49.1 novel_accL=55.3 novel_accR=45.3 novel_lbal=50.3

=== 평가 (탐색 없음, 학습 없음, 무작위 순서 100시행) : 정답률 100.0% | 동점 0회 ===
   자극 A: 57/57 (100.0%)
   자극 B: 43/43 (100.0%)

=== 학습 후 자극별 출력 (선택 이전의 원 신호) ===
  자극 A → 정답 L | out_L=  14  out_R=   4  차이   +10 | KC 79개
  자극 B → 정답 R | out_L=   3  out_R=  20  차이   -17 | KC 74개

=== 가중치 구조 (A전용 KC 78개, B전용 KC 73개) ===
  A전용 KC → out_L 평균 0.5000 | out_R 평균 0.5000 | 차이 +0.0000 (정답은 out_L) **반대**
  B전용 KC → out_L 평균 0.5000 | out_R 평균 0.5000 | 차이 +0.0000 (정답은 out_R) **정답쪽 우세**

=== 가중치 변화 ===
  kc_out_l: n=7975 |Δ|평균 0.00000 변화율   0.0% | 평균 0.500→0.500 | std 0.0000→0.0000
  kc_out_r: n=8075 |Δ|평균 0.00000 변화율   0.0% | 평균 0.500→0.500 | std 0.0000→0.0000

=== 요약 (mode=frozen seed=14) ===
  첫 구간 46.0% → 마지막 구간 48.8% | 변화 +2.8%p | 보상률 0.0%
=> MINCIRC mode=frozen seed=14 first=46.0 last=48.8 delta=+2.8 reward=0.0 **eval=100.0** tie=0 trialseed=600
