[관계] 항목 8개(훈련 4, 새 4), 반쪽 50 중 활성 15, 항목 간 겹침 1~7(평균 4.5), 새↔훈련 겹침 1~7, 패턴 64개(S 8, D 56)
make: Entering directory '/root/e128_main_run/minimal_circuit_CODE'
make: Leaving directory '/root/e128_main_run/minimal_circuit_CODE'
[KC배선] crosshalf: 연결 1600개, KC 800 중 반쪽1 입력 1개·반쪽2 입력 1개인 KC 800, w=4.00
  시행    1~ 400: 정답률  50.7%
  시행  401~ 800: 정답률  54.5%
=> SDGEN mode=frozen seed=11 trialseed=600 train_same=50.9 train_diff=53.3 train_bal=52.1 novel_same=24.1 novel_diff=76.1 novel_bal=50.1 | ties train:16 novel:0 | n_same/diff train 55/45 novel 54/46
=> SDCREDIT mode=frozen seed=11 trialseed=600 diff=cyclic | L전용 n=114 dSg=-0.0702 | R전용 n=111 dSg=-0.1486 | 양쪽 n=147 dSg=-0.0510 | margin_sign_ok=6/8 | spec_share(|Σg_L−Σg_R| 중 전용 KC 몫) 평균 0.337
=> SDRATE mode=frozen seed=11 trialseed=600 | kc_spikes_per_stim 평균 78.5 | active_kc_per_stim 평균 78.5 | both_spike_share(양쪽 KC 스파이크/전체) 0.640 | rate_margin_ok=6/8
=> SDLAB diff=cyclic rule=samediff mode=frozen seed=11 trialseed=600 train_accL=50.9 train_accR=53.3 train_lbal=52.1 novel_accL=24.1 novel_accR=76.1 novel_lbal=50.1

=== 평가 (탐색 없음, 학습 없음, 무작위 순서 100시행) : 정답률 0.0% | 동점 0회 ===
   자극 A: 0/52 (0.0%)
   자극 B: 0/48 (0.0%)

=== 학습 후 자극별 출력 (선택 이전의 원 신호) ===
  자극 A → 정답 L | out_L=   6  out_R=   9  차이    -3 | KC 57개
  자극 B → 정답 R | out_L=  10  out_R=   3  차이    +7 | KC 66개

=== 가중치 구조 (A전용 KC 52개, B전용 KC 61개) ===
  A전용 KC → out_L 평균 0.5000 | out_R 평균 0.5000 | 차이 +0.0000 (정답은 out_L) **반대**
  B전용 KC → out_L 평균 0.5000 | out_R 평균 0.5000 | 차이 +0.0000 (정답은 out_R) **정답쪽 우세**

=== 가중치 변화 ===
  kc_out_l: n=7949 |Δ|평균 0.00000 변화율   0.0% | 평균 0.500→0.500 | std 0.0000→0.0000
  kc_out_r: n=8076 |Δ|평균 0.00000 변화율   0.0% | 평균 0.500→0.500 | std 0.0000→0.0000

=== 요약 (mode=frozen seed=11) ===
  첫 구간 50.7% → 마지막 구간 54.5% | 변화 +3.8%p | 보상률 0.0%
=> MINCIRC mode=frozen seed=11 first=50.7 last=54.5 delta=+3.8 reward=0.0 **eval=0.0** tie=0 trialseed=600
