[관계] 항목 8개(훈련 4, 새 4), 반쪽 50 중 활성 15, 항목 간 겹침 2~8(평균 4.7), 새↔훈련 겹침 3~8, 패턴 64개(S 8, D 56)
make: Entering directory '/root/e128_main_run/minimal_circuit_CODE'
make: Leaving directory '/root/e128_main_run/minimal_circuit_CODE'
[KC배선] crosshalf: 연결 1600개, KC 800 중 반쪽1 입력 1개·반쪽2 입력 1개인 KC 800, w=4.00
  시행    1~ 400: 정답률  39.5%
  시행  401~ 800: 정답률  41.2%
=> SDGEN mode=frozen seed=16 trialseed=600 train_same=42.9 train_diff=0.0 train_bal=21.4 novel_same=32.6 novel_diff=63.2 novel_bal=47.9 | ties train:0 novel:27 | n_same/diff train 56/44 novel 43/57
=> SDCREDIT mode=frozen seed=16 trialseed=600 diff=cyclic | L전용 n=94 dSg=+0.1170 | R전용 n=90 dSg=+0.2778 | 양쪽 n=134 dSg=-0.0410 | margin_sign_ok=3/8 | spec_share(|Σg_L−Σg_R| 중 전용 KC 몫) 평균 0.376
=> SDRATE mode=frozen seed=16 trialseed=600 | kc_spikes_per_stim 평균 67.9 | active_kc_per_stim 평균 67.9 | both_spike_share(양쪽 KC 스파이크/전체) 0.610 | rate_margin_ok=3/8
=> SDLAB diff=cyclic rule=samediff mode=frozen seed=16 trialseed=600 train_accL=42.9 train_accR=0.0 train_lbal=21.4 novel_accL=32.6 novel_accR=63.2 novel_lbal=47.9

=== 평가 (탐색 없음, 학습 없음, 무작위 순서 100시행) : 정답률 53.0% | 동점 0회 ===
   자극 A: 53/53 (100.0%)
   자극 B: 0/47 (0.0%)

=== 학습 후 자극별 출력 (선택 이전의 원 신호) ===
  자극 A → 정답 L | out_L=  10  out_R=   5  차이    +5 | KC 66개
  자극 B → 정답 R | out_L=  13  out_R=  10  차이    +3 | KC 68개

=== 가중치 구조 (A전용 KC 64개, B전용 KC 66개) ===
  A전용 KC → out_L 평균 0.5000 | out_R 평균 0.5000 | 차이 +0.0000 (정답은 out_L) **반대**
  B전용 KC → out_L 평균 0.5000 | out_R 평균 0.5000 | 차이 +0.0000 (정답은 out_R) **정답쪽 우세**

=== 가중치 변화 ===
  kc_out_l: n=7958 |Δ|평균 0.00000 변화율   0.0% | 평균 0.500→0.500 | std 0.0000→0.0000
  kc_out_r: n=7861 |Δ|평균 0.00000 변화율   0.0% | 평균 0.500→0.500 | std 0.0000→0.0000

=== 요약 (mode=frozen seed=16) ===
  첫 구간 39.5% → 마지막 구간 41.2% | 변화 +1.8%p | 보상률 0.0%
=> MINCIRC mode=frozen seed=16 first=39.5 last=41.2 delta=+1.8 reward=0.0 **eval=53.0** tie=0 trialseed=600
