[관계] 항목 8개(훈련 4, 새 4), 반쪽 50 중 활성 15, 항목 간 겹침 1~7(평균 4.5), 새↔훈련 겹침 1~7, 패턴 64개(S 8, D 56)
make: Entering directory '/root/e128_main_run/minimal_circuit_CODE'
make: Leaving directory '/root/e128_main_run/minimal_circuit_CODE'
[KC배선] crosshalf: 연결 1600개, KC 800 중 반쪽1 입력 1개·반쪽2 입력 1개인 KC 800, w=4.00
  시행    1~ 400: 정답률  51.0%
  시행  401~ 800: 정답률  59.8%
=> SDGEN mode=learn seed=11 trialseed=600 train_same=50.9 train_diff=84.4 train_bal=67.7 novel_same=0.0 novel_diff=66.7 novel_bal=33.3 | ties train:15 novel:3 | n_same/diff train 55/45 novel 52/48
=> SDCREDIT mode=learn seed=11 trialseed=600 diff=cyclic | L전용 n=114 dSg=+1.0116 | R전용 n=111 dSg=-1.4494 | 양쪽 n=147 dSg=-0.1237 | margin_sign_ok=7/8 | spec_share(|Σg_L−Σg_R| 중 전용 KC 몫) 평균 0.324
=> SDRATE mode=learn seed=11 trialseed=600 | kc_spikes_per_stim 평균 78.5 | active_kc_per_stim 평균 78.5 | both_spike_share(양쪽 KC 스파이크/전체) 0.640 | rate_margin_ok=7/8
=> SDLAB diff=cyclic rule=samediff mode=learn seed=11 trialseed=600 train_accL=50.9 train_accR=84.4 train_lbal=67.7 novel_accL=0.0 novel_accR=66.7 novel_lbal=33.3

=== 평가 (탐색 없음, 학습 없음, 무작위 순서 100시행) : 정답률 0.0% | 동점 0회 ===
   자극 A: 0/52 (0.0%)
   자극 B: 0/48 (0.0%)

=== 학습 후 자극별 출력 (선택 이전의 원 신호) ===
  자극 A → 정답 L | out_L=   5  out_R=  17  차이   -12 | KC 57개
  자극 B → 정답 R | out_L=   9  out_R=   5  차이    +4 | KC 66개

=== 가중치 구조 (A전용 KC 52개, B전용 KC 61개) ===
  A전용 KC → out_L 평균 0.5146 | out_R 평균 0.5206 | 차이 -0.0059 (정답은 out_L) **반대**
  B전용 KC → out_L 평균 0.5255 | out_R 평균 0.5208 | 차이 +0.0048 (정답은 out_R) **반대**

=== 가중치 변화 ===
  kc_out_l: n=7949 |Δ|평균 0.02818 변화율  46.3% | 평균 0.500→0.524 | std 0.0000→0.0441
  kc_out_r: n=8076 |Δ|평균 0.03564 변화율  46.4% | 평균 0.500→0.527 | std 0.0000→0.0553

=== 요약 (mode=learn seed=11) ===
  첫 구간 51.0% → 마지막 구간 59.8% | 변화 +8.8%p | 보상률 55.4%
=> MINCIRC mode=learn seed=11 first=51.0 last=59.8 delta=+8.8 reward=55.4 **eval=0.0** tie=0 trialseed=600
