[관계] 항목 8개(훈련 4, 새 4), 반쪽 50 중 활성 15, 항목 간 겹침 1~8(평균 5.0), 새↔훈련 겹침 1~7, 패턴 64개(S 8, D 56)
make: Entering directory '/root/e128_main_run/minimal_circuit_CODE'
make: Nothing to be done for 'all'.
make: Leaving directory '/root/e128_main_run/minimal_circuit_CODE'
[KC배선] crosshalf: 연결 1600개, KC 800 중 반쪽1 입력 1개·반쪽2 입력 1개인 KC 800, w=4.00
  시행    1~ 400: 정답률  54.8%
  시행  401~ 800: 정답률  65.8%
=> SDGEN mode=learn seed=17 trialseed=601 train_same=76.7 train_diff=100.0 train_bal=88.3 novel_same=40.7 novel_diff=53.7 novel_bal=47.2 | ties train:0 novel:15 | n_same/diff train 60/40 novel 59/41
=> SDCREDIT mode=learn seed=17 trialseed=601 diff=cyclic | L전용 n=91 dSg=+1.5207 | R전용 n=113 dSg=-1.2701 | 양쪽 n=155 dSg=-0.1853 | margin_sign_ok=7/8 | spec_share(|Σg_L−Σg_R| 중 전용 KC 몫) 평균 0.384
=> SDRATE mode=learn seed=17 trialseed=601 | kc_spikes_per_stim 평균 75.0 | active_kc_per_stim 평균 75.0 | both_spike_share(양쪽 KC 스파이크/전체) 0.658 | rate_margin_ok=7/8
=> SDLAB diff=cyclic rule=samediff mode=learn seed=17 trialseed=601 train_accL=76.7 train_accR=100.0 train_lbal=88.3 novel_accL=40.7 novel_accR=53.7 novel_lbal=47.2

=== 평가 (탐색 없음, 학습 없음, 무작위 순서 100시행) : 정답률 75.0% | 동점 55회 ===
   자극 A: 30/55 (54.5%)
   자극 B: 45/45 (100.0%)

=== 학습 후 자극별 출력 (선택 이전의 원 신호) ===
  자극 A → 정답 L | out_L=  18  out_R=  18  차이    +0 | KC 87개
  자극 B → 정답 R | out_L=   7  out_R=  17  차이   -10 | KC 75개

=== 가중치 구조 (A전용 KC 84개, B전용 KC 72개) ===
  A전용 KC → out_L 평균 0.5157 | out_R 평균 0.5162 | 차이 -0.0005 (정답은 out_L) **반대**
  B전용 KC → out_L 평균 0.5280 | out_R 평균 0.5360 | 차이 -0.0081 (정답은 out_R) **정답쪽 우세**

=== 가중치 변화 ===
  kc_out_l: n=8046 |Δ|평균 0.03013 변화율  44.7% | 평균 0.500→0.525 | std 0.0000→0.0492
  kc_out_r: n=8067 |Δ|평균 0.03623 변화율  43.9% | 평균 0.500→0.532 | std 0.0000→0.0547

=== 요약 (mode=learn seed=17) ===
  첫 구간 54.8% → 마지막 구간 65.8% | 변화 +11.0%p | 보상률 60.2%
=> MINCIRC mode=learn seed=17 first=54.8 last=65.8 delta=+11.0 reward=60.2 **eval=75.0** tie=55 trialseed=601
