[관계] 항목 8개(훈련 4, 새 4), 반쪽 50 중 활성 15, 항목 간 겹침 2~8(평균 4.4), 새↔훈련 겹침 2~7, 패턴 64개(S 8, D 56)
make: Entering directory '/root/e128_main_run/minimal_circuit_CODE'
make: Leaving directory '/root/e128_main_run/minimal_circuit_CODE'
[KC배선] crosshalf: 연결 1600개, KC 800 중 반쪽1 입력 1개·반쪽2 입력 1개인 KC 800, w=4.00
  시행    1~ 400: 정답률  54.8%
  시행  401~ 800: 정답률  60.0%
=> SDGEN mode=learn seed=13 trialseed=600 train_same=79.4 train_diff=81.1 train_bal=80.2 novel_same=83.0 novel_diff=34.0 novel_bal=58.5 | ties train:0 novel:5 | n_same/diff train 63/37 novel 53/47
=> SDCREDIT mode=learn seed=13 trialseed=600 diff=cyclic | L전용 n=115 dSg=+1.4530 | R전용 n=116 dSg=-1.2550 | 양쪽 n=142 dSg=-0.1851 | margin_sign_ok=6/8 | spec_share(|Σg_L−Σg_R| 중 전용 KC 몫) 평균 0.396
=> SDRATE mode=learn seed=13 trialseed=600 | kc_spikes_per_stim 평균 75.1 | active_kc_per_stim 평균 75.1 | both_spike_share(양쪽 KC 스파이크/전체) 0.616 | rate_margin_ok=6/8
=> SDLAB diff=cyclic rule=samediff mode=learn seed=13 trialseed=600 train_accL=79.4 train_accR=81.1 train_lbal=80.2 novel_accL=83.0 novel_accR=34.0 novel_lbal=58.5

=== 평가 (탐색 없음, 학습 없음, 무작위 순서 100시행) : 정답률 48.0% | 동점 0회 ===
   자극 A: 0/52 (0.0%)
   자극 B: 48/48 (100.0%)

=== 학습 후 자극별 출력 (선택 이전의 원 신호) ===
  자극 A → 정답 L | out_L=   3  out_R=  17  차이   -14 | KC 74개
  자극 B → 정답 R | out_L=   1  out_R=  28  차이   -27 | KC 66개

=== 가중치 구조 (A전용 KC 74개, B전용 KC 66개) ===
  A전용 KC → out_L 평균 0.5337 | out_R 평균 0.5529 | 차이 -0.0192 (정답은 out_L) **반대**
  B전용 KC → out_L 평균 0.5180 | out_R 평균 0.5269 | 차이 -0.0088 (정답은 out_R) **정답쪽 우세**

=== 가중치 변화 ===
  kc_out_l: n=8075 |Δ|평균 0.02950 변화율  46.6% | 평균 0.500→0.525 | std 0.0000→0.0463
  kc_out_r: n=8006 |Δ|평균 0.03399 변화율  46.7% | 평균 0.500→0.527 | std 0.0000→0.0518

=== 요약 (mode=learn seed=13) ===
  첫 구간 54.8% → 마지막 구간 60.0% | 변화 +5.2%p | 보상률 57.4%
=> MINCIRC mode=learn seed=13 first=54.8 last=60.0 delta=+5.2 reward=57.4 **eval=48.0** tie=0 trialseed=600
