[관계] 항목 8개(훈련 4, 새 4), 반쪽 50 중 활성 15, 항목 간 겹침 2~7(평균 4.5), 새↔훈련 겹침 2~7, 패턴 64개(S 8, D 56)
make: Entering directory '/root/e128_main_run/minimal_circuit_CODE'
make: Leaving directory '/root/e128_main_run/minimal_circuit_CODE'
[KC배선] crosshalf: 연결 1600개, KC 800 중 반쪽1 입력 1개·반쪽2 입력 1개인 KC 800, w=4.00
  시행    1~ 400: 정답률  54.5%
  시행  401~ 800: 정답률  64.0%
=> SDGEN mode=learn seed=12 trialseed=600 train_same=68.1 train_diff=100.0 train_bal=84.0 novel_same=73.8 novel_diff=20.7 novel_bal=47.2 | ties train:0 novel:11 | n_same/diff train 47/53 novel 42/58
=> SDCREDIT mode=learn seed=12 trialseed=600 diff=cyclic | L전용 n=116 dSg=+1.2602 | R전용 n=120 dSg=-1.2233 | 양쪽 n=117 dSg=-0.4257 | margin_sign_ok=7/8 | spec_share(|Σg_L−Σg_R| 중 전용 KC 몫) 평균 0.484
=> SDRATE mode=learn seed=12 trialseed=600 | kc_spikes_per_stim 평균 70.4 | active_kc_per_stim 평균 70.4 | both_spike_share(양쪽 KC 스파이크/전체) 0.533 | rate_margin_ok=7/8
=> SDLAB diff=cyclic rule=samediff mode=learn seed=12 trialseed=600 train_accL=68.1 train_accR=100.0 train_lbal=84.0 novel_accL=73.8 novel_accR=20.7 novel_lbal=47.2

=== 평가 (탐색 없음, 학습 없음, 무작위 순서 100시행) : 정답률 59.0% | 동점 0회 ===
   자극 A: 0/41 (0.0%)
   자극 B: 59/59 (100.0%)

=== 학습 후 자극별 출력 (선택 이전의 원 신호) ===
  자극 A → 정답 L | out_L=   9  out_R=  13  차이    -4 | KC 78개
  자극 B → 정답 R | out_L=   9  out_R=  14  차이    -5 | KC 75개

=== 가중치 구조 (A전용 KC 76개, B전용 KC 73개) ===
  A전용 KC → out_L 평균 0.5231 | out_R 평균 0.5228 | 차이 +0.0002 (정답은 out_L) **정답쪽 우세**
  B전용 KC → out_L 평균 0.5169 | out_R 평균 0.5194 | 차이 -0.0025 (정답은 out_R) **정답쪽 우세**

=== 가중치 변화 ===
  kc_out_l: n=8125 |Δ|평균 0.02922 변화율  43.0% | 평균 0.500→0.524 | std 0.0000→0.0488
  kc_out_r: n=8003 |Δ|평균 0.03396 변화율  44.5% | 평균 0.500→0.526 | std 0.0000→0.0543

=== 요약 (mode=learn seed=12) ===
  첫 구간 54.5% → 마지막 구간 64.0% | 변화 +9.5%p | 보상률 59.2%
=> MINCIRC mode=learn seed=12 first=54.5 last=64.0 delta=+9.5 reward=59.2 **eval=59.0** tie=0 trialseed=600
