[관계] 항목 8개(훈련 4, 새 4), 반쪽 50 중 활성 15, 항목 간 겹침 1~7(평균 4.5), 새↔훈련 겹침 1~7, 패턴 64개(S 8, D 56)
make: Entering directory '/root/e128_main_run/minimal_circuit_CODE'
make: Nothing to be done for 'all'.
make: Leaving directory '/root/e128_main_run/minimal_circuit_CODE'
[KC배선] crosshalf: 연결 1600개, KC 800 중 반쪽1 입력 1개·반쪽2 입력 1개인 KC 800, w=4.00
  시행    1~ 400: 정답률  48.5%
  시행  401~ 800: 정답률  61.8%
=> SDGEN mode=learn seed=11 trialseed=601 train_same=71.9 train_diff=67.4 train_bal=69.7 novel_same=0.0 novel_diff=56.5 novel_bal=28.3 | ties train:0 novel:0 | n_same/diff train 57/43 novel 54/46
=> SDCREDIT mode=learn seed=11 trialseed=601 diff=cyclic | L전용 n=114 dSg=+1.0334 | R전용 n=111 dSg=-1.4638 | 양쪽 n=147 dSg=-0.0805 | margin_sign_ok=6/8 | spec_share(|Σg_L−Σg_R| 중 전용 KC 몫) 평균 0.322
=> SDRATE mode=learn seed=11 trialseed=601 | kc_spikes_per_stim 평균 78.5 | active_kc_per_stim 평균 78.5 | both_spike_share(양쪽 KC 스파이크/전체) 0.640 | rate_margin_ok=6/8
=> SDLAB diff=cyclic rule=samediff mode=learn seed=11 trialseed=601 train_accL=71.9 train_accR=67.4 train_lbal=69.7 novel_accL=0.0 novel_accR=56.5 novel_lbal=28.3

=== 평가 (탐색 없음, 학습 없음, 무작위 순서 100시행) : 정답률 0.0% | 동점 0회 ===
   자극 A: 0/52 (0.0%)
   자극 B: 0/48 (0.0%)

=== 학습 후 자극별 출력 (선택 이전의 원 신호) ===
  자극 A → 정답 L | out_L=   5  out_R=  16  차이   -11 | KC 57개
  자극 B → 정답 R | out_L=   9  out_R=   5  차이    +4 | KC 66개

=== 가중치 구조 (A전용 KC 52개, B전용 KC 61개) ===
  A전용 KC → out_L 평균 0.5115 | out_R 평균 0.5178 | 차이 -0.0062 (정답은 out_L) **반대**
  B전용 KC → out_L 평균 0.5236 | out_R 평균 0.5222 | 차이 +0.0014 (정답은 out_R) **반대**

=== 가중치 변화 ===
  kc_out_l: n=7949 |Δ|평균 0.03031 변화율  46.3% | 평균 0.500→0.525 | std 0.0000→0.0482
  kc_out_r: n=8076 |Δ|평균 0.03402 변화율  46.4% | 평균 0.500→0.527 | std 0.0000→0.0537

=== 요약 (mode=learn seed=11) ===
  첫 구간 48.5% → 마지막 구간 61.8% | 변화 +13.3%p | 보상률 55.1%
=> MINCIRC mode=learn seed=11 first=48.5 last=61.8 delta=+13.3 reward=55.1 **eval=0.0** tie=0 trialseed=601
