[관계] 항목 8개(훈련 4, 새 4), 반쪽 50 중 활성 15, 항목 간 겹침 2~8(평균 4.6), 새↔훈련 겹침 2~8, 패턴 64개(S 8, D 56)
make: Entering directory '/root/e128_main_run/minimal_circuit_CODE'
make: Leaving directory '/root/e128_main_run/minimal_circuit_CODE'
[KC배선] crosshalf: 연결 1600개, KC 800 중 반쪽1 입력 1개·반쪽2 입력 1개인 KC 800, w=4.00
  시행    1~ 400: 정답률  53.8%
  시행  401~ 800: 정답률  62.7%
=> SDGEN mode=learn seed=14 trialseed=600 train_same=77.6 train_diff=100.0 train_bal=88.8 novel_same=69.8 novel_diff=61.4 novel_bal=65.6 | ties train:0 novel:12 | n_same/diff train 49/51 novel 43/57
=> SDCREDIT mode=learn seed=14 trialseed=600 diff=cyclic | L전용 n=118 dSg=+1.2107 | R전용 n=108 dSg=-0.9911 | 양쪽 n=141 dSg=-0.3731 | margin_sign_ok=7/8 | spec_share(|Σg_L−Σg_R| 중 전용 KC 몫) 평균 0.384
=> SDRATE mode=learn seed=14 trialseed=600 | kc_spikes_per_stim 평균 76.4 | active_kc_per_stim 평균 76.4 | both_spike_share(양쪽 KC 스파이크/전체) 0.617 | rate_margin_ok=7/8
=> SDLAB diff=cyclic rule=samediff mode=learn seed=14 trialseed=600 train_accL=77.6 train_accR=100.0 train_lbal=88.8 novel_accL=69.8 novel_accR=61.4 novel_lbal=65.6

=== 평가 (탐색 없음, 학습 없음, 무작위 순서 100시행) : 정답률 100.0% | 동점 0회 ===
   자극 A: 57/57 (100.0%)
   자극 B: 43/43 (100.0%)

=== 학습 후 자극별 출력 (선택 이전의 원 신호) ===
  자극 A → 정답 L | out_L=  12  out_R=  11  차이    +1 | KC 79개
  자극 B → 정답 R | out_L=   5  out_R=  15  차이   -10 | KC 74개

=== 가중치 구조 (A전용 KC 78개, B전용 KC 73개) ===
  A전용 KC → out_L 평균 0.5206 | out_R 평균 0.5285 | 차이 -0.0079 (정답은 out_L) **반대**
  B전용 KC → out_L 평균 0.5327 | out_R 평균 0.5224 | 차이 +0.0103 (정답은 out_R) **반대**

=== 가중치 변화 ===
  kc_out_l: n=7975 |Δ|평균 0.02906 변화율  45.7% | 평균 0.500→0.524 | std 0.0000→0.0476
  kc_out_r: n=8075 |Δ|평균 0.03541 변화율  44.9% | 평균 0.500→0.527 | std 0.0000→0.0545

=== 요약 (mode=learn seed=14) ===
  첫 구간 53.8% → 마지막 구간 62.7% | 변화 +9.0%p | 보상률 58.2%
=> MINCIRC mode=learn seed=14 first=53.8 last=62.7 delta=+9.0 reward=58.2 **eval=100.0** tie=0 trialseed=600
