[관계] 항목 8개(훈련 4, 새 4), 반쪽 50 중 활성 15, 항목 간 겹침 2~8(평균 4.4), 새↔훈련 겹침 2~7, 패턴 64개(S 8, D 56)
make: Entering directory '/root/e128_main_run/minimal_circuit_CODE'
make: Nothing to be done for 'all'.
make: Leaving directory '/root/e128_main_run/minimal_circuit_CODE'
[KC배선] crosshalf: 연결 1600개, KC 800 중 반쪽1 입력 1개·반쪽2 입력 1개인 KC 800, w=4.00
  시행    1~ 400: 정답률  53.5%
  시행  401~ 800: 정답률  60.2%
=> SDGEN mode=learn seed=13 trialseed=601 train_same=79.4 train_diff=81.1 train_bal=80.2 novel_same=83.3 novel_diff=34.8 novel_bal=59.1 | ties train:0 novel:6 | n_same/diff train 63/37 novel 54/46
=> SDCREDIT mode=learn seed=13 trialseed=601 diff=cyclic | L전용 n=115 dSg=+1.4205 | R전용 n=116 dSg=-1.2168 | 양쪽 n=142 dSg=-0.2965 | margin_sign_ok=7/8 | spec_share(|Σg_L−Σg_R| 중 전용 KC 몫) 평균 0.392
=> SDRATE mode=learn seed=13 trialseed=601 | kc_spikes_per_stim 평균 75.1 | active_kc_per_stim 평균 75.1 | both_spike_share(양쪽 KC 스파이크/전체) 0.616 | rate_margin_ok=7/8
=> SDLAB diff=cyclic rule=samediff mode=learn seed=13 trialseed=601 train_accL=79.4 train_accR=81.1 train_lbal=80.2 novel_accL=83.3 novel_accR=34.8 novel_lbal=59.1

=== 평가 (탐색 없음, 학습 없음, 무작위 순서 100시행) : 정답률 48.0% | 동점 0회 ===
   자극 A: 0/52 (0.0%)
   자극 B: 48/48 (100.0%)

=== 학습 후 자극별 출력 (선택 이전의 원 신호) ===
  자극 A → 정답 L | out_L=   3  out_R=  17  차이   -14 | KC 74개
  자극 B → 정답 R | out_L=   1  out_R=  28  차이   -27 | KC 66개

=== 가중치 구조 (A전용 KC 74개, B전용 KC 66개) ===
  A전용 KC → out_L 평균 0.5298 | out_R 평균 0.5513 | 차이 -0.0215 (정답은 out_L) **반대**
  B전용 KC → out_L 평균 0.5154 | out_R 평균 0.5260 | 차이 -0.0106 (정답은 out_R) **정답쪽 우세**

=== 가중치 변화 ===
  kc_out_l: n=8075 |Δ|평균 0.02846 변화율  46.6% | 평균 0.500→0.523 | std 0.0000→0.0455
  kc_out_r: n=8006 |Δ|평균 0.03378 변화율  46.7% | 평균 0.500→0.528 | std 0.0000→0.0510

=== 요약 (mode=learn seed=13) ===
  첫 구간 53.5% → 마지막 구간 60.2% | 변화 +6.8%p | 보상률 56.9%
=> MINCIRC mode=learn seed=13 first=53.5 last=60.2 delta=+6.8 reward=56.9 **eval=48.0** tie=0 trialseed=601
