[관계] 항목 8개(훈련 4, 새 4), 반쪽 50 중 활성 15, 항목 간 겹침 2~8(평균 4.6), 새↔훈련 겹침 2~8, 패턴 64개(S 8, D 56)
make: Entering directory '/root/e128_main_run/minimal_circuit_CODE'
make: Nothing to be done for 'all'.
make: Leaving directory '/root/e128_main_run/minimal_circuit_CODE'
[KC배선] crosshalf: 연결 1600개, KC 800 중 반쪽1 입력 1개·반쪽2 입력 1개인 KC 800, w=4.00
  시행    1~ 400: 정답률  47.8%
  시행  401~ 800: 정답률  60.8%
=> SDGEN mode=learn seed=14 trialseed=601 train_same=64.8 train_diff=100.0 train_bal=82.4 novel_same=23.4 novel_diff=73.6 novel_bal=48.5 | ties train:15 novel:7 | n_same/diff train 54/46 novel 47/53
=> SDCREDIT mode=learn seed=14 trialseed=601 diff=cyclic | L전용 n=118 dSg=+1.1136 | R전용 n=108 dSg=-1.0148 | 양쪽 n=141 dSg=-0.5037 | margin_sign_ok=7/8 | spec_share(|Σg_L−Σg_R| 중 전용 KC 몫) 평균 0.389
=> SDRATE mode=learn seed=14 trialseed=601 | kc_spikes_per_stim 평균 76.4 | active_kc_per_stim 평균 76.4 | both_spike_share(양쪽 KC 스파이크/전체) 0.617 | rate_margin_ok=7/8
=> SDLAB diff=cyclic rule=samediff mode=learn seed=14 trialseed=601 train_accL=64.8 train_accR=100.0 train_lbal=82.4 novel_accL=23.4 novel_accR=73.6 novel_lbal=48.5

=== 평가 (탐색 없음, 학습 없음, 무작위 순서 100시행) : 정답률 43.0% | 동점 0회 ===
   자극 A: 0/57 (0.0%)
   자극 B: 43/43 (100.0%)

=== 학습 후 자극별 출력 (선택 이전의 원 신호) ===
  자극 A → 정답 L | out_L=  11  out_R=  12  차이    -1 | KC 79개
  자극 B → 정답 R | out_L=   5  out_R=  15  차이   -10 | KC 74개

=== 가중치 구조 (A전용 KC 78개, B전용 KC 73개) ===
  A전용 KC → out_L 평균 0.5142 | out_R 평균 0.5276 | 차이 -0.0134 (정답은 out_L) **반대**
  B전용 KC → out_L 평균 0.5276 | out_R 평균 0.5231 | 차이 +0.0045 (정답은 out_R) **반대**

=== 가중치 변화 ===
  kc_out_l: n=7975 |Δ|평균 0.02554 변화율  45.7% | 평균 0.500→0.519 | std 0.0000→0.0430
  kc_out_r: n=8075 |Δ|평균 0.03420 변화율  44.9% | 평균 0.500→0.526 | std 0.0000→0.0532

=== 요약 (mode=learn seed=14) ===
  첫 구간 47.8% → 마지막 구간 60.8% | 변화 +13.0%p | 보상률 54.2%
=> MINCIRC mode=learn seed=14 first=47.8 last=60.8 delta=+13.0 reward=54.2 **eval=43.0** tie=0 trialseed=601
