[관계] 항목 8개(훈련 4, 새 4), 반쪽 50 중 활성 15, 항목 간 겹침 1~8(평균 4.7), 새↔훈련 겹침 2~8, 패턴 64개(S 8, D 56)
make: Entering directory '/root/e137_run/minimal_circuit_CODE'
make: Nothing to be done for 'all'.
make: Leaving directory '/root/e137_run/minimal_circuit_CODE'
[KC불러옴] /mnt/c/Users/JungHyun/Desktop/brain/BrainSimulation-rebuild/research/experiments/traces/E137/pathcheck/dev_corr_w18.npz | 일치형 같은 위치 324/400 | 불일치형 같은 위치 368/400
  시행    1~ 100: 정답률  45.0%
  시행  101~ 200: 정답률  50.0%
=> SDGEN mode=learn seed=18 trialseed=600 train_same=100.0 train_diff=41.7 train_bal=70.8 novel_same=100.0 novel_diff=30.8 novel_bal=65.4 | ties train:15 novel:7 | n_same/diff train 52/48 novel 48/52
=> SDLAB diff=cyclic rule=samediff mode=learn seed=18 trialseed=600 train_accL=100.0 train_accR=41.7 train_lbal=70.8 novel_accL=100.0 novel_accR=30.8 novel_lbal=65.4

=== 평가 (탐색 없음, 학습 없음, 무작위 순서 100시행) : 정답률 100.0% | 동점 0회 ===
   자극 A: 48/48 (100.0%)
   자극 B: 52/52 (100.0%)

=== 학습 후 자극별 출력 (선택 이전의 원 신호) ===
  자극 A → 정답 L | out_L=  43  out_R=  22  차이   +21 | KC 117개
  자극 B → 정답 R | out_L=  22  out_R=  41  차이   -19 | KC 129개

=== 가중치 구조 (A전용 KC 108개, B전용 KC 120개) ===
  A전용 KC → out_L 평균 0.5013 | out_R 평균 0.5054 | 차이 -0.0041 (정답은 out_L) **반대**
  B전용 KC → out_L 평균 0.5102 | out_R 평균 0.5141 | 차이 -0.0038 (정답은 out_R) **정답쪽 우세**

=== 가중치 변화 ===
  kc_out_l: n=8073 |Δ|평균 0.01332 변화율  70.4% | 평균 0.500→0.507 | std 0.0000→0.0185
  kc_out_r: n=7892 |Δ|평균 0.00748 변화율  70.4% | 평균 0.500→0.506 | std 0.0000→0.0103

=== 요약 (mode=learn seed=18) ===
  첫 구간 45.0% → 마지막 구간 50.0% | 변화 +5.0%p | 보상률 47.5%
=> MINCIRC mode=learn seed=18 first=45.0 last=50.0 delta=+5.0 reward=47.5 **eval=100.0** tie=0 trialseed=600
