[관계] 항목 8개(훈련 4, 새 4), 반쪽 50 중 활성 15, 항목 간 겹침 1~8(평균 4.7), 새↔훈련 겹침 2~8, 패턴 64개(S 8, D 56)
make: Entering directory '/root/e137_run/minimal_circuit_CODE'
make: Leaving directory '/root/e137_run/minimal_circuit_CODE'
[KC불러옴] /mnt/c/Users/JungHyun/Desktop/brain/BrainSimulation-rebuild/research/experiments/traces/E137/pathcheck/dev_corr_w18.npz | 일치형 같은 위치 324/400 | 불일치형 같은 위치 368/400
  시행    1~ 100: 정답률  45.0%
=> SDGEN mode=learn seed=18 trialseed=600 train_same=100.0 train_diff=30.0 train_bal=65.0 novel_same=100.0 novel_diff=30.2 novel_bal=65.1 | ties train:0 novel:8 | n_same/diff train 50/50 novel 47/53
=> SDLAB diff=cyclic rule=samediff mode=learn seed=18 trialseed=600 train_accL=100.0 train_accR=30.0 train_lbal=65.0 novel_accL=100.0 novel_accR=30.2 novel_lbal=65.1

=== 평가 (탐색 없음, 학습 없음, 무작위 순서 100시행) : 정답률 100.0% | 동점 0회 ===
   자극 A: 48/48 (100.0%)
   자극 B: 52/52 (100.0%)

=== 학습 후 자극별 출력 (선택 이전의 원 신호) ===
  자극 A → 정답 L | out_L=  41  out_R=  18  차이   +23 | KC 117개
  자극 B → 정답 R | out_L=  27  out_R=  41  차이   -14 | KC 129개

=== 가중치 구조 (A전용 KC 108개, B전용 KC 120개) ===
  A전용 KC → out_L 평균 0.5002 | out_R 평균 0.5027 | 차이 -0.0025 (정답은 out_L) **반대**
  B전용 KC → out_L 평균 0.5051 | out_R 평균 0.5077 | 차이 -0.0026 (정답은 out_R) **정답쪽 우세**
Traceback (most recent call last):
  File "/root/e137_run/minimal_circuit.py", line 1402, in <module>
    main()
  File "/root/e137_run/minimal_circuit.py", line 1380, in main
    io.open(a.dump_rewards, "w", encoding="utf-8").write(_txt)
    ^^
UnboundLocalError: cannot access local variable 'io' where it is not associated with a value
