성공(r 2.2)                            기대 형성 성공(H084)            → 형성 성공(H084) — 쓰지 않은 뇌에서 망 안  ✓
r 경계 1.30 정확 → 성공                    기대 형성 성공(H084)            → 형성 성공(H084) — 쓰지 않은 뇌에서 망 안  ✓
r 1.2996 → 분리만                       기대 분리만(H084-sep-only)     → 분리만(H084-sep-only) — 겹침은 사라지 ✓
자카드 경계 0.10 정확                       기대 형성 성공(H084)            → 형성 성공(H084) — 쓰지 않은 뇌에서 망 안  ✓
자카드 0.1001 → 보류                      기대 보류                     → 보류                           ✓
실패(0.30)                             기대 형성 실패(H084-null)       → 형성 실패(H084-null) — 겹침 > 0.25 ✓
자카드 0.25 정확 → 보류                     기대 보류                     → 보류                           ✓
성공 4/5                               기대 형성 성공(H084)            → 형성 성공(H084) — 쓰지 않은 뇌에서 망 안  ✓
성공 3/5·분리 5/5 → 분리만                  기대 분리만(H084-sep-only)     → 분리만(H084-sep-only) — 겹침은 사라지 ✓
MS' 상승 정확 0.10 → 통과                  기대 형성 성공(H084)            → 형성 성공(H084) — 쓰지 않은 뇌에서 망 안  ✓
MS' 상승 0.0999 → 실패                   기대 보류(조작검증 실패)            → 보류(조작검증 실패)                  ✓
선택성 0.745(상승 0.19) → 통과(부지표만)        기대 형성 성공(H084)            → 형성 성공(H084) — 쓰지 않은 뇌에서 망 안  ✓
MO Oja 변화 없음                         기대 보류(조작검증 실패)            → 보류(조작검증 실패)                  ✓
ML 형성 학습 적재 1줄                       기대 보류(조작검증 실패)            → 보류(조작검증 실패)                  ✓
ML 기본 학습에 적재 있음                      기대 보류(조작검증 실패)            → 보류(조작검증 실패)                  ✓
ML 겹침 적재 0                           기대 보류(조작검증 실패)            → 보류(조작검증 실패)                  ✓
M1 동결 실패                             기대 보류(조작검증 실패)            → 보류(조작검증 실패)                  ✓
M1b 되돌림 실패                           기대 보류(조작검증 실패)            → 보류(조작검증 실패)                  ✓
M3 시행 400                            기대 보류(조작검증 실패)            → 보류(조작검증 실패)                  ✓
MD e_D −0.0999                       기대 보류(조작검증 실패)            → 보류(조작검증 실패)                  ✓
MR rate 1줄                           기대 보류(조작검증 실패)            → 보류(조작검증 실패)                  ✓
결측(F b18)                            기대 결측                     → [측정 확인] 결측 [('F', 18)] — **판 ✓
부지표 선택성 ≥ 0.80 집계                    → 4/5 ✓
원 로그 파싱                              → ✓
전체: 통과
