make: Entering directory '/root/minc_run/minimal_circuit_CODE'
make: Leaving directory '/root/minc_run/minimal_circuit_CODE'
  시행    1~ 400: 정답률  66.0%
  시행  401~ 800: 정답률  40.2%
  시행  801~1200: 정답률  54.5%
  시행 1201~1600: 정답률  72.5%

=== 평가 (탐색 없음, 학습 없음, 무작위 순서 100시행) : 정답률 100.0% | 동점 0회 ===
   (reversal) 최종 규칙 기준 100.0% | 원래 규칙 기준 0.0%
   자극 A: 57/57 (100.0%)
   자극 B: 43/43 (100.0%)

=== 학습 후 자극별 출력 (선택 이전의 원 신호) ===
  자극 A → 정답 L | out_L=   3  out_R=  63  차이   -60 | KC 88개
  자극 B → 정답 R | out_L=  80  out_R=   2  차이   +78 | KC 85개

=== 가중치 구조 (A전용 KC 71개, B전용 KC 68개) ===
  A전용 KC → out_L 평균 0.5200 | out_R 평균 0.8591 | 차이 -0.3391 (정답은 out_L) **반대**
  B전용 KC → out_L 평균 0.9867 | out_R 평균 0.5655 | 차이 +0.4213 (정답은 out_R) **반대**
[추적] 1600시행 저장 → /mnt/c/Users/JungHyun/Desktop/brain/BrainSimulation-rebuild/research/experiments/traces/E104/F400_w5_t300.npz

=== 가중치 변화 ===
  kc_out_l: n=7872 |Δ|평균 0.05319 변화율  19.9% | 평균 0.500→0.553 | std 0.0000→0.1479
  kc_out_r: n=7840 |Δ|평균 0.04581 변화율  19.4% | 평균 0.500→0.546 | std 0.0000→0.1140

=== 요약 (mode=reversal seed=5) ===
  첫 구간 66.0% → 마지막 구간 72.5% | 변화 +6.5%p | 보상률 58.3%
=> MINCIRC mode=reversal seed=5 first=66.0 last=72.5 delta=+6.5 reward=58.3 **eval=100.0** tie=0 trialseed=300
