make: Entering directory '/root/minc_run/minimal_circuit_CODE'
make: Nothing to be done for 'all'.
make: Leaving directory '/root/minc_run/minimal_circuit_CODE'
  시행    1~ 400: 정답률  63.5%
  시행  401~ 800: 정답률  30.5%
  시행  801~1200: 정답률  60.8%
  시행 1201~1600: 정답률  72.2%

=== 평가 (탐색 없음, 학습 없음, 무작위 순서 100시행) : 정답률 100.0% | 동점 0회 ===
   (reversal) 최종 규칙 기준 100.0% | 원래 규칙 기준 0.0%
   자극 A: 57/57 (100.0%)
   자극 B: 43/43 (100.0%)

=== 학습 후 자극별 출력 (선택 이전의 원 신호) ===
  자극 A → 정답 L | out_L=   3  out_R=  68  차이   -65 | KC 88개
  자극 B → 정답 R | out_L=  59  out_R=   3  차이   +56 | KC 85개

=== 가중치 구조 (A전용 KC 71개, B전용 KC 68개) ===
  A전용 KC → out_L 평균 0.5088 | out_R 평균 0.9018 | 차이 -0.3930 (정답은 out_L) **반대**
  B전용 KC → out_L 평균 0.9347 | out_R 평균 0.5598 | 차이 +0.3749 (정답은 out_R) **반대**
[추적] 1600시행 저장 → /mnt/c/Users/JungHyun/Desktop/brain/BrainSimulation-rebuild/research/experiments/traces/E104/F400_w5_t303.npz

=== 가중치 변화 ===
  kc_out_l: n=7872 |Δ|평균 0.04674 변화율  19.9% | 평균 0.500→0.547 | std 0.0000→0.1325
  kc_out_r: n=7840 |Δ|평균 0.04981 변화율  19.4% | 평균 0.500→0.550 | std 0.0000→0.1265

=== 요약 (mode=reversal seed=5) ===
  첫 구간 63.5% → 마지막 구간 72.2% | 변화 +8.8%p | 보상률 56.8%
=> MINCIRC mode=reversal seed=5 first=63.5 last=72.2 delta=+8.8 reward=56.8 **eval=100.0** tie=0 trialseed=303
