make: Entering directory '/root/minc_run/minimal_circuit_CODE'
make: Nothing to be done for 'all'.
make: Leaving directory '/root/minc_run/minimal_circuit_CODE'
  시행    1~ 400: 정답률  61.5%
  시행  401~ 800: 정답률  35.8%
  시행  801~1200: 정답률  67.8%
  시행 1201~1600: 정답률  71.0%

=== 평가 (탐색 없음, 학습 없음, 무작위 순서 100시행) : 정답률 100.0% | 동점 0회 ===
   (reversal) 최종 규칙 기준 100.0% | 원래 규칙 기준 0.0%
   자극 A: 52/52 (100.0%)
   자극 B: 48/48 (100.0%)

=== 학습 후 자극별 출력 (선택 이전의 원 신호) ===
  자극 A → 정답 L | out_L=  12  out_R=  44  차이   -32 | KC 98개
  자극 B → 정답 R | out_L=  46  out_R=  14  차이   +32 | KC 107개

=== 가중치 구조 (A전용 KC 73개, B전용 KC 82개) ===
  A전용 KC → out_L 평균 0.5225 | out_R 평균 0.9543 | 차이 -0.4318 (정답은 out_L) **반대**
  B전용 KC → out_L 평균 0.9344 | out_R 평균 0.5513 | 차이 +0.3831 (정답은 out_R) **반대**
[추적] 1600시행 저장 → /mnt/c/Users/JungHyun/Desktop/brain/BrainSimulation-rebuild/research/experiments/traces/E104/F400_w7_t302.npz

=== 가중치 변화 ===
  kc_out_l: n=8056 |Δ|평균 0.05908 변화율  22.4% | 평균 0.500→0.559 | std 0.0000→0.1454
  kc_out_r: n=8090 |Δ|평균 0.06321 변화율  22.8% | 평균 0.500→0.563 | std 0.0000→0.1502

=== 요약 (mode=reversal seed=7) ===
  첫 구간 61.5% → 마지막 구간 71.0% | 변화 +9.5%p | 보상률 59.0%
=> MINCIRC mode=reversal seed=7 first=61.5 last=71.0 delta=+9.5 reward=59.0 **eval=100.0** tie=0 trialseed=302
