make: Entering directory '/root/minc_run/minimal_circuit_CODE'
make: Nothing to be done for 'all'.
make: Leaving directory '/root/minc_run/minimal_circuit_CODE'
  시행    1~ 400: 정답률  54.8%
  시행  401~ 800: 정답률  44.5%
  시행  801~1200: 정답률  58.5%
  시행 1201~1600: 정답률  72.0%

=== 평가 (탐색 없음, 학습 없음, 무작위 순서 100시행) : 정답률 100.0% | 동점 0회 ===
   (reversal) 최종 규칙 기준 100.0% | 원래 규칙 기준 0.0%
   자극 A: 52/52 (100.0%)
   자극 B: 48/48 (100.0%)

=== 학습 후 자극별 출력 (선택 이전의 원 신호) ===
  자극 A → 정답 L | out_L=   6  out_R=  60  차이   -54 | KC 98개
  자극 B → 정답 R | out_L=  43  out_R=  13  차이   +30 | KC 107개

=== 가중치 구조 (A전용 KC 73개, B전용 KC 82개) ===
  A전용 KC → out_L 평균 0.5109 | out_R 평균 0.9856 | 차이 -0.4748 (정답은 out_L) **반대**
  B전용 KC → out_L 평균 0.8911 | out_R 평균 0.5414 | 차이 +0.3497 (정답은 out_R) **반대**
[추적] 1600시행 저장 → /mnt/c/Users/JungHyun/Desktop/brain/BrainSimulation-rebuild/research/experiments/traces/E104/F400_w7_t303.npz

=== 가중치 변화 ===
  kc_out_l: n=8056 |Δ|평균 0.05226 변화율  22.4% | 평균 0.500→0.552 | std 0.0000→0.1310
  kc_out_r: n=8090 |Δ|평균 0.06569 변화율  22.8% | 평균 0.500→0.566 | std 0.0000→0.1594

=== 요약 (mode=reversal seed=7) ===
  첫 구간 54.8% → 마지막 구간 72.0% | 변화 +17.2%p | 보상률 57.4%
=> MINCIRC mode=reversal seed=7 first=54.8 last=72.0 delta=+17.2 reward=57.4 **eval=100.0** tie=0 trialseed=303
