make: Entering directory '/root/minc_run/minimal_circuit_CODE'
make: Nothing to be done for 'all'.
make: Leaving directory '/root/minc_run/minimal_circuit_CODE'
  시행    1~ 400: 정답률  70.5%
  시행  401~ 800: 정답률  36.5%
  시행  801~1200: 정답률  52.8%
  시행 1201~1600: 정답률  68.8%

=== 평가 (탐색 없음, 학습 없음, 무작위 순서 100시행) : 정답률 100.0% | 동점 0회 ===
   (reversal) 최종 규칙 기준 100.0% | 원래 규칙 기준 0.0%
   자극 A: 57/57 (100.0%)
   자극 B: 43/43 (100.0%)

=== 학습 후 자극별 출력 (선택 이전의 원 신호) ===
  자극 A → 정답 L | out_L=   3  out_R=  55  차이   -52 | KC 88개
  자극 B → 정답 R | out_L=  82  out_R=   2  차이   +80 | KC 85개

=== 가중치 구조 (A전용 KC 71개, B전용 KC 68개) ===
  A전용 KC → out_L 평균 0.5120 | out_R 평균 0.8088 | 차이 -0.2967 (정답은 out_L) **반대**
  B전용 KC → out_L 평균 0.9935 | out_R 평균 0.5700 | 차이 +0.4236 (정답은 out_R) **반대**
[추적] 1600시행 저장 → /mnt/c/Users/JungHyun/Desktop/brain/BrainSimulation-rebuild/research/experiments/traces/E104/F400_w5_t301.npz

=== 가중치 변화 ===
  kc_out_l: n=7872 |Δ|평균 0.05280 변화율  19.9% | 평균 0.500→0.553 | std 0.0000→0.1492
  kc_out_r: n=7840 |Δ|평균 0.04088 변화율  19.4% | 평균 0.500→0.541 | std 0.0000→0.0994

=== 요약 (mode=reversal seed=5) ===
  첫 구간 70.5% → 마지막 구간 68.8% | 변화 -1.8%p | 보상률 57.1%
=> MINCIRC mode=reversal seed=5 first=70.5 last=68.8 delta=-1.8 reward=57.1 **eval=100.0** tie=0 trialseed=301
