make: Entering directory '/root/minc_run/minimal_circuit_CODE'
make: Nothing to be done for 'all'.
make: Leaving directory '/root/minc_run/minimal_circuit_CODE'
  시행    1~ 400: 정답률  61.5%
  시행  401~ 800: 정답률  70.8%
  시행  801~1200: 정답률  32.5%
  시행 1201~1600: 정답률  31.5%
  시행 1601~2000: 정답률  66.0%

=== 평가 (탐색 없음, 학습 없음, 무작위 순서 100시행) : 정답률 100.0% | 동점 0회 ===
   (reversal) 최종 규칙 기준 100.0% | 원래 규칙 기준 0.0%
   자극 A: 52/52 (100.0%)
   자극 B: 48/48 (100.0%)

=== 학습 후 자극별 출력 (선택 이전의 원 신호) ===
  자극 A → 정답 L | out_L=  15  out_R=  37  차이   -22 | KC 98개
  자극 B → 정답 R | out_L=  33  out_R=  21  차이   +12 | KC 107개

=== 가중치 구조 (A전용 KC 73개, B전용 KC 82개) ===
  A전용 KC → out_L 평균 0.6043 | out_R 평균 0.8374 | 차이 -0.2330 (정답은 out_L) **반대**
  B전용 KC → out_L 평균 0.7907 | out_R 평균 0.6138 | 차이 +0.1769 (정답은 out_R) **반대**
[추적] 2000시행 저장 → /mnt/c/Users/JungHyun/Desktop/brain/BrainSimulation-rebuild/research/experiments/traces/E104/F800_w7_t302.npz

=== 가중치 변화 ===
  kc_out_l: n=8056 |Δ|평균 0.04946 변화율  22.4% | 평균 0.500→0.549 | std 0.0000→0.1031
  kc_out_r: n=8090 |Δ|평균 0.05609 변화율  22.8% | 평균 0.500→0.556 | std 0.0000→0.1174

=== 요약 (mode=reversal seed=7) ===
  첫 구간 61.5% → 마지막 구간 66.0% | 변화 +4.5%p | 보상률 52.4%
=> MINCIRC mode=reversal seed=7 first=61.5 last=66.0 delta=+4.5 reward=52.4 **eval=100.0** tie=0 trialseed=302
