make: Entering directory '/root/minc_run/minimal_circuit_CODE'
make: Nothing to be done for 'all'.
make: Leaving directory '/root/minc_run/minimal_circuit_CODE'
  시행    1~ 400: 정답률  61.3%
  시행  401~ 800: 정답률  69.8%
  시행  801~1200: 정답률  26.8%
  시행 1201~1600: 정답률  28.7%
  시행 1601~2000: 정답률  63.2%

=== 평가 (탐색 없음, 학습 없음, 무작위 순서 100시행) : 정답률 100.0% | 동점 0회 ===
   (reversal) 최종 규칙 기준 100.0% | 원래 규칙 기준 0.0%
   자극 A: 52/52 (100.0%)
   자극 B: 48/48 (100.0%)

=== 학습 후 자극별 출력 (선택 이전의 원 신호) ===
  자극 A → 정답 L | out_L=  13  out_R=  26  차이   -13 | KC 98개
  자극 B → 정답 R | out_L=  36  out_R=  17  차이   +19 | KC 107개

=== 가중치 구조 (A전용 KC 73개, B전용 KC 82개) ===
  A전용 KC → out_L 평균 0.5738 | out_R 평균 0.7569 | 차이 -0.1831 (정답은 out_L) **반대**
  B전용 KC → out_L 평균 0.8147 | out_R 평균 0.6130 | 차이 +0.2017 (정답은 out_R) **반대**
[추적] 2000시행 저장 → /mnt/c/Users/JungHyun/Desktop/brain/BrainSimulation-rebuild/research/experiments/traces/E104/F800_w7_t301.npz

=== 가중치 변화 ===
  kc_out_l: n=8056 |Δ|평균 0.04887 변화율  22.4% | 평균 0.500→0.549 | std 0.0000→0.1073
  kc_out_r: n=8090 |Δ|평균 0.04617 변화율  22.8% | 평균 0.500→0.546 | std 0.0000→0.0934

=== 요약 (mode=reversal seed=7) ===
  첫 구간 61.3% → 마지막 구간 63.2% | 변화 +2.0%p | 보상률 50.0%
=> MINCIRC mode=reversal seed=7 first=61.3 last=63.2 delta=+2.0 reward=50.0 **eval=100.0** tie=0 trialseed=301
