make: Entering directory '/root/minc_run/minimal_circuit_CODE'
make: Leaving directory '/root/minc_run/minimal_circuit_CODE'
  시행    1~ 400: 정답률  66.0%
  시행  401~ 800: 정답률  66.5%
  시행  801~1200: 정답률  29.2%
  시행 1201~1600: 정답률  29.8%
  시행 1601~2000: 정답률  55.8%

=== 평가 (탐색 없음, 학습 없음, 무작위 순서 100시행) : 정답률 100.0% | 동점 0회 ===
   (reversal) 최종 규칙 기준 100.0% | 원래 규칙 기준 0.0%
   자극 A: 57/57 (100.0%)
   자극 B: 43/43 (100.0%)

=== 학습 후 자극별 출력 (선택 이전의 원 신호) ===
  자극 A → 정답 L | out_L=   3  out_R=  43  차이   -40 | KC 88개
  자극 B → 정답 R | out_L=  32  out_R=   4  차이   +28 | KC 85개

=== 가중치 구조 (A전용 KC 71개, B전용 KC 68개) ===
  A전용 KC → out_L 평균 0.5530 | out_R 평균 0.7143 | 차이 -0.1612 (정답은 out_L) **반대**
  B전용 KC → out_L 평균 0.7762 | out_R 평균 0.6364 | 차이 +0.1397 (정답은 out_R) **반대**
[추적] 2000시행 저장 → /mnt/c/Users/JungHyun/Desktop/brain/BrainSimulation-rebuild/research/experiments/traces/E104/F800_w5_t300.npz

=== 가중치 변화 ===
  kc_out_l: n=7872 |Δ|평균 0.03455 변화율  19.9% | 평균 0.500→0.535 | std 0.0000→0.0854
  kc_out_r: n=7840 |Δ|평균 0.03734 변화율  19.4% | 평균 0.500→0.537 | std 0.0000→0.0801

=== 요약 (mode=reversal seed=5) ===
  첫 구간 66.0% → 마지막 구간 55.8% | 변화 -10.2%p | 보상률 49.5%
=> MINCIRC mode=reversal seed=5 first=66.0 last=55.8 delta=-10.2 reward=49.5 **eval=100.0** tie=0 trialseed=300
