make: Entering directory '/root/minc_run/minimal_circuit_CODE'
make: Nothing to be done for 'all'.
make: Leaving directory '/root/minc_run/minimal_circuit_CODE'
  시행    1~ 400: 정답률  66.5%
  시행  401~ 800: 정답률  71.0%
  시행  801~1200: 정답률  32.8%
  시행 1201~1600: 정답률  31.2%
  시행 1601~2000: 정답률  53.2%

=== 평가 (탐색 없음, 학습 없음, 무작위 순서 100시행) : 정답률 100.0% | 동점 0회 ===
   (reversal) 최종 규칙 기준 100.0% | 원래 규칙 기준 0.0%
   자극 A: 44/44 (100.0%)
   자극 B: 56/56 (100.0%)

=== 학습 후 자극별 출력 (선택 이전의 원 신호) ===
  자극 A → 정답 L | out_L=   6  out_R=  24  차이   -18 | KC 90개
  자극 B → 정답 R | out_L=  33  out_R=   5  차이   +28 | KC 97개

=== 가중치 구조 (A전용 KC 78개, B전용 KC 85개) ===
  A전용 KC → out_L 평균 0.6289 | out_R 평균 0.7885 | 차이 -0.1596 (정답은 out_L) **반대**
  B전용 KC → out_L 평균 0.7033 | out_R 평균 0.5800 | 차이 +0.1233 (정답은 out_R) **반대**
[추적] 2000시행 저장 → /mnt/c/Users/JungHyun/Desktop/brain/BrainSimulation-rebuild/research/experiments/traces/E104/F800_w6_t302.npz

=== 가중치 변화 ===
  kc_out_l: n=8013 |Δ|평균 0.03754 변화율  21.3% | 평균 0.500→0.538 | std 0.0000→0.0754
  kc_out_r: n=7950 |Δ|평균 0.04014 변화율  21.8% | 평균 0.500→0.540 | std 0.0000→0.0909

=== 요약 (mode=reversal seed=6) ===
  첫 구간 66.5% → 마지막 구간 53.2% | 변화 -13.2%p | 보상률 50.9%
=> MINCIRC mode=reversal seed=6 first=66.5 last=53.2 delta=-13.2 reward=50.9 **eval=100.0** tie=0 trialseed=302
