make: Entering directory '/root/minc_run/minimal_circuit_CODE'
make: Nothing to be done for 'all'.
make: Leaving directory '/root/minc_run/minimal_circuit_CODE'
  시행    1~ 400: 정답률  69.5%
  시행  401~ 800: 정답률  70.8%
  시행  801~1200: 정답률  32.5%
  시행 1201~1600: 정답률  33.0%
  시행 1601~2000: 정답률  51.0%

=== 평가 (탐색 없음, 학습 없음, 무작위 순서 100시행) : 정답률 43.0% | 동점 0회 ===
   (reversal) 최종 규칙 기준 43.0% | 원래 규칙 기준 57.0%
   자극 A: 0/57 (0.0%)
   자극 B: 43/43 (100.0%)

=== 학습 후 자극별 출력 (선택 이전의 원 신호) ===
  자극 A → 정답 L | out_L=  14  out_R=   9  차이    +5 | KC 88개
  자극 B → 정답 R | out_L=  33  out_R=   4  차이   +29 | KC 85개

=== 가중치 구조 (A전용 KC 71개, B전용 KC 68개) ===
  A전용 KC → out_L 평균 0.5944 | out_R 평균 0.6851 | 차이 -0.0907 (정답은 out_L) **반대**
  B전용 KC → out_L 평균 0.8025 | out_R 평균 0.6242 | 차이 +0.1783 (정답은 out_R) **반대**
[추적] 2000시행 저장 → /mnt/c/Users/JungHyun/Desktop/brain/BrainSimulation-rebuild/research/experiments/traces/E104/F800_w5_t302.npz

=== 가중치 변화 ===
  kc_out_l: n=7872 |Δ|평균 0.04143 변화율  19.9% | 평균 0.500→0.541 | std 0.0000→0.0956
  kc_out_r: n=7840 |Δ|평균 0.03291 변화율  19.4% | 평균 0.500→0.533 | std 0.0000→0.0704

=== 요약 (mode=reversal seed=5) ===
  첫 구간 69.5% → 마지막 구간 51.0% | 변화 -18.5%p | 보상률 51.3%
=> MINCIRC mode=reversal seed=5 first=69.5 last=51.0 delta=-18.5 reward=51.3 **eval=43.0** tie=0 trialseed=302
