make: Entering directory '/root/minc_run/minimal_circuit_CODE'
make: Nothing to be done for 'all'.
make: Leaving directory '/root/minc_run/minimal_circuit_CODE'
  시행    1~ 400: 정답률  54.8%
  시행  401~ 800: 정답률  70.5%
  시행  801~1200: 정답률  27.8%
  시행 1201~1600: 정답률  34.2%
  시행 1601~2000: 정답률  69.8%

=== 평가 (탐색 없음, 학습 없음, 무작위 순서 100시행) : 정답률 100.0% | 동점 0회 ===
   (reversal) 최종 규칙 기준 100.0% | 원래 규칙 기준 0.0%
   자극 A: 52/52 (100.0%)
   자극 B: 48/48 (100.0%)

=== 학습 후 자극별 출력 (선택 이전의 원 신호) ===
  자극 A → 정답 L | out_L=  15  out_R=  37  차이   -22 | KC 98개
  자극 B → 정답 R | out_L=  35  out_R=  19  차이   +16 | KC 107개

=== 가중치 구조 (A전용 KC 73개, B전용 KC 82개) ===
  A전용 KC → out_L 평균 0.6026 | out_R 평균 0.8336 | 차이 -0.2310 (정답은 out_L) **반대**
  B전용 KC → out_L 평균 0.8009 | out_R 평균 0.5990 | 차이 +0.2019 (정답은 out_R) **반대**
[추적] 2000시행 저장 → /mnt/c/Users/JungHyun/Desktop/brain/BrainSimulation-rebuild/research/experiments/traces/E104/F800_w7_t303.npz

=== 가중치 변화 ===
  kc_out_l: n=8056 |Δ|평균 0.05083 변화율  22.4% | 평균 0.500→0.551 | std 0.0000→0.1068
  kc_out_r: n=8090 |Δ|평균 0.05393 변화율  22.8% | 평균 0.500→0.554 | std 0.0000→0.1150

=== 요약 (mode=reversal seed=7) ===
  첫 구간 54.8% → 마지막 구간 69.8% | 변화 +15.0%p | 보상률 51.4%
=> MINCIRC mode=reversal seed=7 first=54.8 last=69.8 delta=+15.0 reward=51.4 **eval=100.0** tie=0 trialseed=303
