make: Entering directory '/root/minc_run/minimal_circuit_CODE'
make: Leaving directory '/root/minc_run/minimal_circuit_CODE'
  시행    1~ 400: 정답률  58.0%
  시행  401~ 800: 정답률  66.8%
  시행  801~1200: 정답률  29.5%
  시행 1201~1600: 정답률  33.5%
  시행 1601~2000: 정답률  57.2%

=== 평가 (탐색 없음, 학습 없음, 무작위 순서 100시행) : 정답률 100.0% | 동점 0회 ===
   (reversal) 최종 규칙 기준 100.0% | 원래 규칙 기준 0.0%
   자극 A: 52/52 (100.0%)
   자극 B: 48/48 (100.0%)

=== 학습 후 자극별 출력 (선택 이전의 원 신호) ===
  자극 A → 정답 L | out_L=   5  out_R=  57  차이   -52 | KC 98개
  자극 B → 정답 R | out_L=  27  out_R=  20  차이    +7 | KC 107개

=== 가중치 구조 (A전용 KC 73개, B전용 KC 82개) ===
  A전용 KC → out_L 평균 0.5552 | out_R 평균 0.8048 | 차이 -0.2496 (정답은 out_L) **반대**
  B전용 KC → out_L 평균 0.7525 | out_R 평균 0.6184 | 차이 +0.1341 (정답은 out_R) **반대**
[추적] 2000시행 저장 → /mnt/c/Users/JungHyun/Desktop/brain/BrainSimulation-rebuild/research/experiments/traces/E104/F800_w7_t300.npz

=== 가중치 변화 ===
  kc_out_l: n=8056 |Δ|평균 0.03893 변화율  22.4% | 평균 0.500→0.539 | std 0.0000→0.0863
  kc_out_r: n=8090 |Δ|평균 0.05249 변화율  22.8% | 평균 0.500→0.552 | std 0.0000→0.1077

=== 요약 (mode=reversal seed=7) ===
  첫 구간 58.0% → 마지막 구간 57.2% | 변화 -0.7%p | 보상률 49.0%
=> MINCIRC mode=reversal seed=7 first=58.0 last=57.2 delta=-0.7 reward=49.0 **eval=100.0** tie=0 trialseed=300
