[관계] 항목 8개(훈련 4, 새 4), 반쪽 50 중 활성 15, 항목 간 겹침 1~8(평균 4.3), 새↔훈련 겹침 1~7, 패턴 64개(S 8, D 56)
make: Entering directory '/root/e167_main_run/minimal_circuit_CODE'
make: Leaving directory '/root/e167_main_run/minimal_circuit_CODE'
[KC망안] /mnt/c/Users/JungHyun/Desktop/brain/BrainSimulation-rebuild/research/experiments/traces/E167/dev_corr_w87.npz | 흥분 후보 20000개 평균 0.0712 같은 위치 몫 0.0272 | 억제 후보 20000개 크기 평균 0.0575 같은 위치 몫 0.0579 | 균등 0.0200 | 장치 대조 최대 |차| 0.00e+00
  시행    1~ 400: 정답률  62.7%
  시행  401~ 800: 정답률  61.8%
=> SDGEN mode=frozen seed=87 trialseed=600 train_same=78.4 train_diff=93.9 train_bal=86.2 novel_same=51.0 novel_diff=39.2 novel_bal=45.1 | ties train:9 novel:27 | n_same/diff train 51/49 novel 49/51
=> SDLAB diff=cyclic rule=samediff mode=frozen seed=87 trialseed=600 train_accL=78.4 train_accR=93.9 train_lbal=86.2 novel_accL=51.0 novel_accR=39.2 novel_lbal=45.1

=== 평가 (탐색 없음, 학습 없음, 무작위 순서 100시행) : 정답률 100.0% | 동점 0회 ===
   자극 A: 48/48 (100.0%)
   자극 B: 52/52 (100.0%)

=== 학습 후 자극별 출력 (선택 이전의 원 신호) ===
  자극 A → 정답 L | out_L=  33  out_R=  30  차이    +3 | KC 139개
  자극 B → 정답 R | out_L=   9  out_R=  16  차이    -7 | KC 105개

=== 가중치 구조 (A전용 KC 113개, B전용 KC 79개) ===
  A전용 KC → out_L 평균 0.5000 | out_R 평균 0.5000 | 차이 +0.0000 (정답은 out_L) **반대**
  B전용 KC → out_L 평균 0.5000 | out_R 평균 0.5000 | 차이 +0.0000 (정답은 out_R) **정답쪽 우세**

=== 가중치 변화 ===
  kc_out_l: n=8012 |Δ|평균 0.00000 변화율   0.0% | 평균 0.500→0.500 | std 0.0000→0.0000
  kc_out_r: n=7847 |Δ|평균 0.00000 변화율   0.0% | 평균 0.500→0.500 | std 0.0000→0.0000

=== 요약 (mode=frozen seed=87) ===
  첫 구간 62.7% → 마지막 구간 61.8% | 변화 -1.0%p | 보상률 0.0%
=> MINCIRC mode=frozen seed=87 first=62.7 last=61.8 delta=-1.0 reward=0.0 **eval=100.0** tie=0 trialseed=600
