[관계] 항목 8개(훈련 4, 새 4), 반쪽 50 중 활성 15, 항목 간 겹침 1~8(평균 4.5), 새↔훈련 겹침 2~8, 패턴 64개(S 8, D 56)
make: Entering directory '/root/e167_main_run/minimal_circuit_CODE'
make: Leaving directory '/root/e167_main_run/minimal_circuit_CODE'
[KC망안] /mnt/c/Users/JungHyun/Desktop/brain/BrainSimulation-rebuild/research/experiments/traces/E167/dev_corr_w83.npz | 흥분 후보 20000개 평균 0.0694 같은 위치 몫 0.0289 | 억제 후보 20000개 크기 평균 0.0569 같은 위치 몫 0.0580 | 균등 0.0200 | 장치 대조 최대 |차| 0.00e+00
  시행    1~ 400: 정답률  62.0%
  시행  401~ 800: 정답률  63.7%
=> SDGEN mode=frozen seed=83 trialseed=601 train_same=100.0 train_diff=75.0 train_bal=87.5 novel_same=45.6 novel_diff=65.1 novel_bal=55.4 | ties train:0 novel:3 | n_same/diff train 52/48 novel 57/43
=> SDLAB diff=cyclic rule=samediff mode=frozen seed=83 trialseed=601 train_accL=100.0 train_accR=75.0 train_lbal=87.5 novel_accL=45.6 novel_accR=65.1 novel_lbal=55.4

=== 평가 (탐색 없음, 학습 없음, 무작위 순서 100시행) : 정답률 0.0% | 동점 0회 ===
   자극 A: 0/51 (0.0%)
   자극 B: 0/49 (0.0%)

=== 학습 후 자극별 출력 (선택 이전의 원 신호) ===
  자극 A → 정답 L | out_L=   9  out_R=  17  차이    -8 | KC 125개
  자극 B → 정답 R | out_L=  22  out_R=   6  차이   +16 | KC 109개

=== 가중치 구조 (A전용 KC 107개, B전용 KC 91개) ===
  A전용 KC → out_L 평균 0.5000 | out_R 평균 0.5000 | 차이 +0.0000 (정답은 out_L) **반대**
  B전용 KC → out_L 평균 0.5000 | out_R 평균 0.5000 | 차이 +0.0000 (정답은 out_R) **정답쪽 우세**

=== 가중치 변화 ===
  kc_out_l: n=7989 |Δ|평균 0.00000 변화율   0.0% | 평균 0.500→0.500 | std 0.0000→0.0000
  kc_out_r: n=8079 |Δ|평균 0.00000 변화율   0.0% | 평균 0.500→0.500 | std 0.0000→0.0000

=== 요약 (mode=frozen seed=83) ===
  첫 구간 62.0% → 마지막 구간 63.7% | 변화 +1.7%p | 보상률 0.0%
=> MINCIRC mode=frozen seed=83 first=62.0 last=63.7 delta=+1.7 reward=0.0 **eval=0.0** tie=0 trialseed=601
