[관계] 항목 8개(훈련 4, 새 4), 반쪽 50 중 활성 15, 항목 간 겹침 1~6(평균 4.9), 새↔훈련 겹침 1~6, 패턴 64개(S 8, D 56)
make: Entering directory '/root/e167_main_run/minimal_circuit_CODE'
make: Leaving directory '/root/e167_main_run/minimal_circuit_CODE'
[KC망안] /mnt/c/Users/JungHyun/Desktop/brain/BrainSimulation-rebuild/research/experiments/traces/E167/dev_corr_w80.npz | 흥분 후보 20000개 평균 0.0713 같은 위치 몫 0.0271 | 억제 후보 20000개 크기 평균 0.0565 같은 위치 몫 0.0582 | 균등 0.0200 | 장치 대조 최대 |차| 0.00e+00
  시행    1~ 400: 정답률  45.5%
  시행  401~ 800: 정답률  49.8%
=> SDGEN mode=frozen seed=80 trialseed=601 train_same=81.1 train_diff=21.3 train_bal=51.2 novel_same=82.6 novel_diff=74.1 novel_bal=78.3 | ties train:0 novel:20 | n_same/diff train 53/47 novel 46/54
=> SDLAB diff=cyclic rule=samediff mode=frozen seed=80 trialseed=601 train_accL=81.1 train_accR=21.3 train_lbal=51.2 novel_accL=82.6 novel_accR=74.1 novel_lbal=78.3

=== 평가 (탐색 없음, 학습 없음, 무작위 순서 100시행) : 정답률 50.0% | 동점 0회 ===
   자극 A: 0/50 (0.0%)
   자극 B: 50/50 (100.0%)

=== 학습 후 자극별 출력 (선택 이전의 원 신호) ===
  자극 A → 정답 L | out_L=  21  out_R=  29  차이    -8 | KC 131개
  자극 B → 정답 R | out_L=  41  out_R=  44  차이    -3 | KC 138개

=== 가중치 구조 (A전용 KC 97개, B전용 KC 104개) ===
  A전용 KC → out_L 평균 0.5000 | out_R 평균 0.5000 | 차이 +0.0000 (정답은 out_L) **반대**
  B전용 KC → out_L 평균 0.5000 | out_R 평균 0.5000 | 차이 +0.0000 (정답은 out_R) **정답쪽 우세**

=== 가중치 변화 ===
  kc_out_l: n=7935 |Δ|평균 0.00000 변화율   0.0% | 평균 0.500→0.500 | std 0.0000→0.0000
  kc_out_r: n=8100 |Δ|평균 0.00000 변화율   0.0% | 평균 0.500→0.500 | std 0.0000→0.0000

=== 요약 (mode=frozen seed=80) ===
  첫 구간 45.5% → 마지막 구간 49.8% | 변화 +4.2%p | 보상률 0.0%
=> MINCIRC mode=frozen seed=80 first=45.5 last=49.8 delta=+4.2 reward=0.0 **eval=50.0** tie=0 trialseed=601
