[관계] 항목 8개(훈련 4, 새 4), 반쪽 50 중 활성 15, 항목 간 겹침 2~7(평균 4.5), 새↔훈련 겹침 2~7, 패턴 64개(S 8, D 56)
make: Entering directory '/root/e167_main_run/minimal_circuit_CODE'
make: Leaving directory '/root/e167_main_run/minimal_circuit_CODE'
[KC망안] /mnt/c/Users/JungHyun/Desktop/brain/BrainSimulation-rebuild/research/experiments/traces/E167/dev_corr_w85.npz | 흥분 후보 20000개 평균 0.0699 같은 위치 몫 0.0284 | 억제 후보 20000개 크기 평균 0.0581 같은 위치 몫 0.0574 | 균등 0.0200 | 장치 대조 최대 |차| 0.00e+00
  시행    1~ 400: 정답률  43.2%
  시행  401~ 800: 정답률  47.5%
=> SDGEN mode=frozen seed=85 trialseed=600 train_same=71.2 train_diff=0.0 train_bal=35.6 novel_same=41.3 novel_diff=25.9 novel_bal=33.6 | ties train:0 novel:3 | n_same/diff train 52/48 novel 46/54
=> SDLAB diff=cyclic rule=samediff mode=frozen seed=85 trialseed=600 train_accL=71.2 train_accR=0.0 train_lbal=35.6 novel_accL=41.3 novel_accR=25.9 novel_lbal=33.6

=== 평가 (탐색 없음, 학습 없음, 무작위 순서 100시행) : 정답률 75.0% | 동점 57회 ===
   자극 A: 32/57 (56.1%)
   자극 B: 43/43 (100.0%)

=== 학습 후 자극별 출력 (선택 이전의 원 신호) ===
  자극 A → 정답 L | out_L=  41  out_R=  41  차이    +0 | KC 138개
  자극 B → 정답 R | out_L=  12  out_R=  14  차이    -2 | KC 123개

=== 가중치 구조 (A전용 KC 107개, B전용 KC 92개) ===
  A전용 KC → out_L 평균 0.5000 | out_R 평균 0.5000 | 차이 +0.0000 (정답은 out_L) **반대**
  B전용 KC → out_L 평균 0.5000 | out_R 평균 0.5000 | 차이 +0.0000 (정답은 out_R) **정답쪽 우세**

=== 가중치 변화 ===
  kc_out_l: n=8007 |Δ|평균 0.00000 변화율   0.0% | 평균 0.500→0.500 | std 0.0000→0.0000
  kc_out_r: n=8024 |Δ|평균 0.00000 변화율   0.0% | 평균 0.500→0.500 | std 0.0000→0.0000

=== 요약 (mode=frozen seed=85) ===
  첫 구간 43.2% → 마지막 구간 47.5% | 변화 +4.2%p | 보상률 0.0%
=> MINCIRC mode=frozen seed=85 first=43.2 last=47.5 delta=+4.2 reward=0.0 **eval=75.0** tie=57 trialseed=600
