[관계] 항목 8개(훈련 4, 새 4), 반쪽 50 중 활성 15, 항목 간 겹침 2~7(평균 4.5), 새↔훈련 겹침 3~7, 패턴 64개(S 8, D 56)
make: Entering directory '/root/e167_main_run/minimal_circuit_CODE'
make: Leaving directory '/root/e167_main_run/minimal_circuit_CODE'
[KC망안] /mnt/c/Users/JungHyun/Desktop/brain/BrainSimulation-rebuild/research/experiments/traces/E167/dev_corr_w93.npz | 흥분 후보 20000개 평균 0.0696 같은 위치 몫 0.0287 | 억제 후보 20000개 크기 평균 0.0569 같은 위치 몫 0.0579 | 균등 0.0200 | 장치 대조 최대 |차| 0.00e+00
  시행    1~ 400: 정답률  43.2%
  시행  401~ 800: 정답률  40.5%
=> SDGEN mode=frozen seed=93 trialseed=600 train_same=16.7 train_diff=42.3 train_bal=29.5 novel_same=75.0 novel_diff=26.8 novel_bal=50.9 | ties train:15 novel:4 | n_same/diff train 48/52 novel 44/56
=> SDLAB diff=cyclic rule=samediff mode=frozen seed=93 trialseed=600 train_accL=16.7 train_accR=42.3 train_lbal=29.5 novel_accL=75.0 novel_accR=26.8 novel_lbal=50.9

=== 평가 (탐색 없음, 학습 없음, 무작위 순서 100시행) : 정답률 31.0% | 동점 53회 ===
   자극 A: 0/47 (0.0%)
   자극 B: 31/53 (58.5%)

=== 학습 후 자극별 출력 (선택 이전의 원 신호) ===
  자극 A → 정답 L | out_L=  18  out_R=  21  차이    -3 | KC 122개
  자극 B → 정답 R | out_L=  34  out_R=  34  차이    +0 | KC 139개

=== 가중치 구조 (A전용 KC 93개, B전용 KC 110개) ===
  A전용 KC → out_L 평균 0.5000 | out_R 평균 0.5000 | 차이 +0.0000 (정답은 out_L) **반대**
  B전용 KC → out_L 평균 0.5000 | out_R 평균 0.5000 | 차이 +0.0000 (정답은 out_R) **정답쪽 우세**

=== 가중치 변화 ===
  kc_out_l: n=7957 |Δ|평균 0.00000 변화율   0.0% | 평균 0.500→0.500 | std 0.0000→0.0000
  kc_out_r: n=7960 |Δ|평균 0.00000 변화율   0.0% | 평균 0.500→0.500 | std 0.0000→0.0000

=== 요약 (mode=frozen seed=93) ===
  첫 구간 43.2% → 마지막 구간 40.5% | 변화 -2.8%p | 보상률 0.0%
=> MINCIRC mode=frozen seed=93 first=43.2 last=40.5 delta=-2.8 reward=0.0 **eval=31.0** tie=53 trialseed=600
