[관계] 항목 8개(훈련 4, 새 4), 반쪽 50 중 활성 15, 항목 간 겹침 2~8(평균 4.8), 새↔훈련 겹침 3~8, 패턴 64개(S 8, D 56)
make: Entering directory '/root/e167_main_run/minimal_circuit_CODE'
make: Leaving directory '/root/e167_main_run/minimal_circuit_CODE'
[KC망안] /mnt/c/Users/JungHyun/Desktop/brain/BrainSimulation-rebuild/research/experiments/traces/E167/dev_corr_w91.npz | 흥분 후보 20000개 평균 0.0705 같은 위치 몫 0.0278 | 억제 후보 20000개 크기 평균 0.0574 같은 위치 몫 0.0575 | 균등 0.0200 | 장치 대조 최대 |차| 0.00e+00
  시행    1~ 400: 정답률  51.7%
  시행  401~ 800: 정답률  55.0%
=> SDGEN mode=frozen seed=91 trialseed=600 train_same=54.0 train_diff=74.0 train_bal=64.0 novel_same=28.6 novel_diff=62.7 novel_bal=45.7 | ties train:0 novel:9 | n_same/diff train 50/50 novel 49/51
=> SDLAB diff=cyclic rule=samediff mode=frozen seed=91 trialseed=600 train_accL=54.0 train_accR=74.0 train_lbal=64.0 novel_accL=28.6 novel_accR=62.7 novel_lbal=45.7

=== 평가 (탐색 없음, 학습 없음, 무작위 순서 100시행) : 정답률 0.0% | 동점 0회 ===
   자극 A: 0/53 (0.0%)
   자극 B: 0/47 (0.0%)

=== 학습 후 자극별 출력 (선택 이전의 원 신호) ===
  자극 A → 정답 L | out_L=  18  out_R=  23  차이    -5 | KC 121개
  자극 B → 정답 R | out_L=  14  out_R=  10  차이    +4 | KC 115개

=== 가중치 구조 (A전용 KC 101개, B전용 KC 95개) ===
  A전용 KC → out_L 평균 0.5000 | out_R 평균 0.5000 | 차이 +0.0000 (정답은 out_L) **반대**
  B전용 KC → out_L 평균 0.5000 | out_R 평균 0.5000 | 차이 +0.0000 (정답은 out_R) **정답쪽 우세**

=== 가중치 변화 ===
  kc_out_l: n=7973 |Δ|평균 0.00000 변화율   0.0% | 평균 0.500→0.500 | std 0.0000→0.0000
  kc_out_r: n=8053 |Δ|평균 0.00000 변화율   0.0% | 평균 0.500→0.500 | std 0.0000→0.0000

=== 요약 (mode=frozen seed=91) ===
  첫 구간 51.7% → 마지막 구간 55.0% | 변화 +3.3%p | 보상률 0.0%
=> MINCIRC mode=frozen seed=91 first=51.7 last=55.0 delta=+3.3 reward=0.0 **eval=0.0** tie=0 trialseed=600
