[관계] 항목 8개(훈련 4, 새 4), 반쪽 50 중 활성 15, 항목 간 겹침 2~8(평균 4.8), 새↔훈련 겹침 2~6, 패턴 64개(S 8, D 56)
make: Entering directory '/root/e167_main_run/minimal_circuit_CODE'
make: Leaving directory '/root/e167_main_run/minimal_circuit_CODE'
[KC망안] /mnt/c/Users/JungHyun/Desktop/brain/BrainSimulation-rebuild/research/experiments/traces/E167/dev_corr_w79.npz | 흥분 후보 20000개 평균 0.0704 같은 위치 몫 0.0279 | 억제 후보 20000개 크기 평균 0.0589 같은 위치 몫 0.0565 | 균등 0.0200 | 장치 대조 최대 |차| 0.00e+00
  시행    1~ 400: 정답률  37.5%
  시행  401~ 800: 정답률  41.5%
=> SDGEN mode=frozen seed=79 trialseed=600 train_same=18.9 train_diff=31.9 train_bal=25.4 novel_same=0.0 novel_diff=77.8 novel_bal=38.9 | ties train:0 novel:0 | n_same/diff train 53/47 novel 46/54
=> SDLAB diff=cyclic rule=samediff mode=frozen seed=79 trialseed=600 train_accL=18.9 train_accR=31.9 train_lbal=25.4 novel_accL=0.0 novel_accR=77.8 novel_lbal=38.9

=== 평가 (탐색 없음, 학습 없음, 무작위 순서 100시행) : 정답률 100.0% | 동점 0회 ===
   자극 A: 42/42 (100.0%)
   자극 B: 58/58 (100.0%)

=== 학습 후 자극별 출력 (선택 이전의 원 신호) ===
  자극 A → 정답 L | out_L=  25  out_R=  22  차이    +3 | KC 136개
  자극 B → 정답 R | out_L=  12  out_R=  25  차이   -13 | KC 114개

=== 가중치 구조 (A전용 KC 107개, B전용 KC 85개) ===
  A전용 KC → out_L 평균 0.5000 | out_R 평균 0.5000 | 차이 +0.0000 (정답은 out_L) **반대**
  B전용 KC → out_L 평균 0.5000 | out_R 평균 0.5000 | 차이 +0.0000 (정답은 out_R) **정답쪽 우세**

=== 가중치 변화 ===
  kc_out_l: n=8058 |Δ|평균 0.00000 변화율   0.0% | 평균 0.500→0.500 | std 0.0000→0.0000
  kc_out_r: n=7947 |Δ|평균 0.00000 변화율   0.0% | 평균 0.500→0.500 | std 0.0000→0.0000

=== 요약 (mode=frozen seed=79) ===
  첫 구간 37.5% → 마지막 구간 41.5% | 변화 +4.0%p | 보상률 0.0%
=> MINCIRC mode=frozen seed=79 first=37.5 last=41.5 delta=+4.0 reward=0.0 **eval=100.0** tie=0 trialseed=600
