[관계] 항목 8개(훈련 4, 새 4), 반쪽 50 중 활성 15, 항목 간 겹침 1~8(평균 4.7), 새↔훈련 겹침 1~8, 패턴 64개(S 8, D 56)
make: Entering directory '/root/e167_main_run/minimal_circuit_CODE'
make: Leaving directory '/root/e167_main_run/minimal_circuit_CODE'
[KC망안] /mnt/c/Users/JungHyun/Desktop/brain/BrainSimulation-rebuild/research/experiments/traces/E167/dev_corr_w92.npz | 흥분 후보 20000개 평균 0.0704 같은 위치 몫 0.0279 | 억제 후보 20000개 크기 평균 0.0560 같은 위치 몫 0.0586 | 균등 0.0200 | 장치 대조 최대 |차| 0.00e+00
  시행    1~ 400: 정답률  49.0%
  시행  401~ 800: 정답률  46.2%
=> SDGEN mode=frozen seed=92 trialseed=600 train_same=27.9 train_diff=54.4 train_bal=41.1 novel_same=34.0 novel_diff=94.3 novel_bal=64.2 | ties train:16 novel:8 | n_same/diff train 43/57 novel 47/53
=> SDLAB diff=cyclic rule=samediff mode=frozen seed=92 trialseed=600 train_accL=27.9 train_accR=54.4 train_lbal=41.1 novel_accL=34.0 novel_accR=94.3 novel_lbal=64.2

=== 평가 (탐색 없음, 학습 없음, 무작위 순서 100시행) : 정답률 28.0% | 동점 56회 ===
   자극 A: 28/56 (50.0%)
   자극 B: 0/44 (0.0%)

=== 학습 후 자극별 출력 (선택 이전의 원 신호) ===
  자극 A → 정답 L | out_L=  13  out_R=  13  차이    +0 | KC 127개
  자극 B → 정답 R | out_L=  14  out_R=  11  차이    +3 | KC 114개

=== 가중치 구조 (A전용 KC 106개, B전용 KC 93개) ===
  A전용 KC → out_L 평균 0.5000 | out_R 평균 0.5000 | 차이 +0.0000 (정답은 out_L) **반대**
  B전용 KC → out_L 평균 0.5000 | out_R 평균 0.5000 | 차이 +0.0000 (정답은 out_R) **정답쪽 우세**

=== 가중치 변화 ===
  kc_out_l: n=7936 |Δ|평균 0.00000 변화율   0.0% | 평균 0.500→0.500 | std 0.0000→0.0000
  kc_out_r: n=8115 |Δ|평균 0.00000 변화율   0.0% | 평균 0.500→0.500 | std 0.0000→0.0000

=== 요약 (mode=frozen seed=92) ===
  첫 구간 49.0% → 마지막 구간 46.2% | 변화 -2.8%p | 보상률 0.0%
=> MINCIRC mode=frozen seed=92 first=49.0 last=46.2 delta=-2.8 reward=0.0 **eval=28.0** tie=56 trialseed=600
