[관계] 항목 8개(훈련 4, 새 4), 반쪽 50 중 활성 15, 항목 간 겹침 2~7(평균 4.5), 새↔훈련 겹침 3~6, 패턴 64개(S 8, D 56)
make: Entering directory '/root/e167_main_run/minimal_circuit_CODE'
make: Leaving directory '/root/e167_main_run/minimal_circuit_CODE'
[KC망안] /mnt/c/Users/JungHyun/Desktop/brain/BrainSimulation-rebuild/research/experiments/traces/E167/dev_corr_w89.npz | 흥분 후보 20000개 평균 0.0707 같은 위치 몫 0.0276 | 억제 후보 20000개 크기 평균 0.0567 같은 위치 몫 0.0582 | 균등 0.0200 | 장치 대조 최대 |차| 0.00e+00
  시행    1~ 400: 정답률  46.0%
  시행  401~ 800: 정답률  52.5%
=> SDGEN mode=frozen seed=89 trialseed=601 train_same=77.8 train_diff=47.3 train_bal=62.5 novel_same=77.2 novel_diff=62.8 novel_bal=70.0 | ties train:15 novel:5 | n_same/diff train 45/55 novel 57/43
=> SDLAB diff=cyclic rule=samediff mode=frozen seed=89 trialseed=601 train_accL=77.8 train_accR=47.3 train_lbal=62.5 novel_accL=77.2 novel_accR=62.8 novel_lbal=70.0

=== 평가 (탐색 없음, 학습 없음, 무작위 순서 100시행) : 정답률 73.0% | 동점 50회 ===
   자극 A: 50/50 (100.0%)
   자극 B: 23/50 (46.0%)

=== 학습 후 자극별 출력 (선택 이전의 원 신호) ===
  자극 A → 정답 L | out_L=  33  out_R=  30  차이    +3 | KC 120개
  자극 B → 정답 R | out_L=  20  out_R=  20  차이    +0 | KC 110개

=== 가중치 구조 (A전용 KC 103개, B전용 KC 93개) ===
  A전용 KC → out_L 평균 0.5000 | out_R 평균 0.5000 | 차이 +0.0000 (정답은 out_L) **반대**
  B전용 KC → out_L 평균 0.5000 | out_R 평균 0.5000 | 차이 +0.0000 (정답은 out_R) **정답쪽 우세**

=== 가중치 변화 ===
  kc_out_l: n=8113 |Δ|평균 0.00000 변화율   0.0% | 평균 0.500→0.500 | std 0.0000→0.0000
  kc_out_r: n=7991 |Δ|평균 0.00000 변화율   0.0% | 평균 0.500→0.500 | std 0.0000→0.0000

=== 요약 (mode=frozen seed=89) ===
  첫 구간 46.0% → 마지막 구간 52.5% | 변화 +6.5%p | 보상률 0.0%
=> MINCIRC mode=frozen seed=89 first=46.0 last=52.5 delta=+6.5 reward=0.0 **eval=73.0** tie=50 trialseed=601
