[관계] 항목 8개(훈련 4, 새 4), 반쪽 50 중 활성 15, 항목 간 겹침 1~9(평균 4.4), 새↔훈련 겹침 1~9, 패턴 64개(S 8, D 56)
make: Entering directory '/root/e167_main_run/minimal_circuit_CODE'
make: Leaving directory '/root/e167_main_run/minimal_circuit_CODE'
[KC망안] /mnt/c/Users/JungHyun/Desktop/brain/BrainSimulation-rebuild/research/experiments/traces/E167/dev_corr_w90.npz | 흥분 후보 20000개 평균 0.0710 같은 위치 몫 0.0274 | 억제 후보 20000개 크기 평균 0.0621 같은 위치 몫 0.0550 | 균등 0.0200 | 장치 대조 최대 |차| 0.00e+00
  시행    1~ 400: 정답률  50.5%
  시행  401~ 800: 정답률  49.5%
=> SDGEN mode=frozen seed=90 trialseed=600 train_same=26.5 train_diff=76.5 train_bal=51.5 novel_same=27.3 novel_diff=62.2 novel_bal=44.7 | ties train:12 novel:3 | n_same/diff train 49/51 novel 55/45
=> SDLAB diff=cyclic rule=samediff mode=frozen seed=90 trialseed=600 train_accL=26.5 train_accR=76.5 train_lbal=51.5 novel_accL=27.3 novel_accR=62.2 novel_lbal=44.7

=== 평가 (탐색 없음, 학습 없음, 무작위 순서 100시행) : 정답률 0.0% | 동점 0회 ===
   자극 A: 0/54 (0.0%)
   자극 B: 0/46 (0.0%)

=== 학습 후 자극별 출력 (선택 이전의 원 신호) ===
  자극 A → 정답 L | out_L=  14  out_R=  16  차이    -2 | KC 128개
  자극 B → 정답 R | out_L=  19  out_R=  17  차이    +2 | KC 132개

=== 가중치 구조 (A전용 KC 97개, B전용 KC 101개) ===
  A전용 KC → out_L 평균 0.5000 | out_R 평균 0.5000 | 차이 +0.0000 (정답은 out_L) **반대**
  B전용 KC → out_L 평균 0.5000 | out_R 평균 0.5000 | 차이 +0.0000 (정답은 out_R) **정답쪽 우세**

=== 가중치 변화 ===
  kc_out_l: n=8086 |Δ|평균 0.00000 변화율   0.0% | 평균 0.500→0.500 | std 0.0000→0.0000
  kc_out_r: n=8115 |Δ|평균 0.00000 변화율   0.0% | 평균 0.500→0.500 | std 0.0000→0.0000

=== 요약 (mode=frozen seed=90) ===
  첫 구간 50.5% → 마지막 구간 49.5% | 변화 -1.0%p | 보상률 0.0%
=> MINCIRC mode=frozen seed=90 first=50.5 last=49.5 delta=-1.0 reward=0.0 **eval=0.0** tie=0 trialseed=600
