[관계] 항목 8개(훈련 4, 새 4), 반쪽 50 중 활성 15, 항목 간 겹침 1~8(평균 4.5), 새↔훈련 겹침 1~7, 패턴 64개(S 8, D 56)
make: Entering directory '/root/e167_main_run/minimal_circuit_CODE'
make: Leaving directory '/root/e167_main_run/minimal_circuit_CODE'
[KC망안] /mnt/c/Users/JungHyun/Desktop/brain/BrainSimulation-rebuild/research/experiments/traces/E167/dev_corr_w78.npz | 흥분 후보 20000개 평균 0.0712 같은 위치 몫 0.0272 | 억제 후보 20000개 크기 평균 0.0578 같은 위치 몫 0.0576 | 균등 0.0200 | 장치 대조 최대 |차| 0.00e+00
  시행    1~ 400: 정답률  42.8%
  시행  401~ 800: 정답률  50.0%
=> SDGEN mode=frozen seed=78 trialseed=601 train_same=23.8 train_diff=79.3 train_bal=51.6 novel_same=41.2 novel_diff=87.8 novel_bal=64.5 | ties train:0 novel:11 | n_same/diff train 42/58 novel 51/49
=> SDLAB diff=cyclic rule=samediff mode=frozen seed=78 trialseed=601 train_accL=23.8 train_accR=79.3 train_lbal=51.6 novel_accL=41.2 novel_accR=87.8 novel_lbal=64.5

=== 평가 (탐색 없음, 학습 없음, 무작위 순서 100시행) : 정답률 100.0% | 동점 0회 ===
   자극 A: 43/43 (100.0%)
   자극 B: 57/57 (100.0%)

=== 학습 후 자극별 출력 (선택 이전의 원 신호) ===
  자극 A → 정답 L | out_L=  18  out_R=  16  차이    +2 | KC 114개
  자극 B → 정답 R | out_L=  10  out_R=  14  차이    -4 | KC 119개

=== 가중치 구조 (A전용 KC 88개, B전용 KC 93개) ===
  A전용 KC → out_L 평균 0.5000 | out_R 평균 0.5000 | 차이 +0.0000 (정답은 out_L) **반대**
  B전용 KC → out_L 평균 0.5000 | out_R 평균 0.5000 | 차이 +0.0000 (정답은 out_R) **정답쪽 우세**

=== 가중치 변화 ===
  kc_out_l: n=7901 |Δ|평균 0.00000 변화율   0.0% | 평균 0.500→0.500 | std 0.0000→0.0000
  kc_out_r: n=8030 |Δ|평균 0.00000 변화율   0.0% | 평균 0.500→0.500 | std 0.0000→0.0000

=== 요약 (mode=frozen seed=78) ===
  첫 구간 42.8% → 마지막 구간 50.0% | 변화 +7.2%p | 보상률 0.0%
=> MINCIRC mode=frozen seed=78 first=42.8 last=50.0 delta=+7.2 reward=0.0 **eval=100.0** tie=0 trialseed=601
