[관계] 항목 8개(훈련 4, 새 4), 반쪽 50 중 활성 15, 항목 간 겹침 2~9(평균 4.8), 새↔훈련 겹침 2~9, 패턴 64개(S 8, D 56)
make: Entering directory '/root/e167_main_run/minimal_circuit_CODE'
make: Leaving directory '/root/e167_main_run/minimal_circuit_CODE'
[KC망안] /mnt/c/Users/JungHyun/Desktop/brain/BrainSimulation-rebuild/research/experiments/traces/E167/dev_corr_w82.npz | 흥분 후보 20000개 평균 0.0707 같은 위치 몫 0.0276 | 억제 후보 20000개 크기 평균 0.0586 같은 위치 몫 0.0568 | 균등 0.0200 | 장치 대조 최대 |차| 0.00e+00
  시행    1~ 400: 정답률  45.0%
  시행  401~ 800: 정답률  52.5%
=> SDGEN mode=learn seed=82 trialseed=601 train_same=0.0 train_diff=100.0 train_bal=50.0 novel_same=0.0 novel_diff=100.0 novel_bal=50.0 | ties train:0 novel:0 | n_same/diff train 54/46 novel 53/47
=> SDLAB diff=cyclic rule=samediff mode=learn seed=82 trialseed=601 train_accL=0.0 train_accR=100.0 train_lbal=50.0 novel_accL=0.0 novel_accR=100.0 novel_lbal=50.0

=== 평가 (탐색 없음, 학습 없음, 무작위 순서 100시행) : 정답률 55.0% | 동점 0회 ===
   자극 A: 0/45 (0.0%)
   자극 B: 55/55 (100.0%)

=== 학습 후 자극별 출력 (선택 이전의 원 신호) ===
  자극 A → 정답 L | out_L=  37  out_R=  40  차이    -3 | KC 134개
  자극 B → 정답 R | out_L=  28  out_R=  38  차이   -10 | KC 119개

=== 가중치 구조 (A전용 KC 107개, B전용 KC 92개) ===
  A전용 KC → out_L 평균 0.5302 | out_R 평균 0.5842 | 차이 -0.0540 (정답은 out_L) **반대**
  B전용 KC → out_L 평균 0.5391 | out_R 평균 0.5979 | 차이 -0.0588 (정답은 out_R) **정답쪽 우세**

=== 가중치 변화 ===
  kc_out_l: n=7928 |Δ|평균 0.01497 변화율  35.2% | 평균 0.500→0.515 | std 0.0000→0.0229
  kc_out_r: n=7983 |Δ|평균 0.04050 변화율  35.7% | 평균 0.500→0.540 | std 0.0000→0.0597

=== 요약 (mode=learn seed=82) ===
  첫 구간 45.0% → 마지막 구간 52.5% | 변화 +7.5%p | 보상률 48.8%
=> MINCIRC mode=learn seed=82 first=45.0 last=52.5 delta=+7.5 reward=48.8 **eval=55.0** tie=0 trialseed=601
