[관계] 항목 8개(훈련 4, 새 4), 반쪽 50 중 활성 15, 항목 간 겹침 2~7(평균 4.5), 새↔훈련 겹침 3~7, 패턴 64개(S 8, D 56)
make: Entering directory '/root/e167_main_run/minimal_circuit_CODE'
make: Leaving directory '/root/e167_main_run/minimal_circuit_CODE'
[KC망안] /mnt/c/Users/JungHyun/Desktop/brain/BrainSimulation-rebuild/research/experiments/traces/E167/dev_corr_w93.npz | 흥분 후보 20000개 평균 0.0696 같은 위치 몫 0.0287 | 억제 후보 20000개 크기 평균 0.0569 같은 위치 몫 0.0579 | 균등 0.0200 | 장치 대조 최대 |차| 0.00e+00
  시행    1~ 400: 정답률  34.8%
  시행  401~ 800: 정답률  39.8%
=> SDGEN mode=learn seed=93 trialseed=601 train_same=0.0 train_diff=80.4 train_bal=40.2 novel_same=30.0 novel_diff=60.0 novel_bal=45.0 | ties train:23 novel:30 | n_same/diff train 49/51 novel 50/50
=> SDLAB diff=cyclic rule=samediff mode=learn seed=93 trialseed=601 train_accL=0.0 train_accR=80.4 train_lbal=40.2 novel_accL=30.0 novel_accR=60.0 novel_lbal=45.0

=== 평가 (탐색 없음, 학습 없음, 무작위 순서 100시행) : 정답률 0.0% | 동점 0회 ===
   자극 A: 0/47 (0.0%)
   자극 B: 0/53 (0.0%)

=== 학습 후 자극별 출력 (선택 이전의 원 신호) ===
  자극 A → 정답 L | out_L=  20  out_R=  30  차이   -10 | KC 122개
  자극 B → 정답 R | out_L=  41  out_R=  38  차이    +3 | KC 139개

=== 가중치 구조 (A전용 KC 93개, B전용 KC 110개) ===
  A전용 KC → out_L 평균 0.5201 | out_R 평균 0.5451 | 차이 -0.0250 (정답은 out_L) **반대**
  B전용 KC → out_L 평균 0.5310 | out_R 평균 0.5473 | 차이 -0.0163 (정답은 out_R) **정답쪽 우세**

=== 가중치 변화 ===
  kc_out_l: n=7957 |Δ|평균 0.01191 변화율  39.1% | 평균 0.500→0.510 | std 0.0000→0.0210
  kc_out_r: n=7960 |Δ|평균 0.02127 변화율  38.7% | 평균 0.500→0.521 | std 0.0000→0.0332

=== 요약 (mode=learn seed=93) ===
  첫 구간 34.8% → 마지막 구간 39.8% | 변화 +5.0%p | 보상률 37.2%
=> MINCIRC mode=learn seed=93 first=34.8 last=39.8 delta=+5.0 reward=37.2 **eval=0.0** tie=0 trialseed=601
