[관계] 항목 8개(훈련 4, 새 4), 반쪽 50 중 활성 15, 항목 간 겹침 1~8(평균 4.5), 새↔훈련 겹침 2~8, 패턴 64개(S 8, D 56)
make: Entering directory '/root/e167_main_run/minimal_circuit_CODE'
make: Leaving directory '/root/e167_main_run/minimal_circuit_CODE'
[KC망안] /mnt/c/Users/JungHyun/Desktop/brain/BrainSimulation-rebuild/research/experiments/traces/E167/dev_corr_w83.npz | 흥분 후보 20000개 평균 0.0694 같은 위치 몫 0.0289 | 억제 후보 20000개 크기 평균 0.0569 같은 위치 몫 0.0580 | 균등 0.0200 | 장치 대조 최대 |차| 0.00e+00
  시행    1~ 400: 정답률  54.2%
  시행  401~ 800: 정답률  57.2%
=> SDGEN mode=learn seed=83 trialseed=600 train_same=100.0 train_diff=22.9 train_bal=61.5 novel_same=78.0 novel_diff=30.0 novel_bal=54.0 | ties train:0 novel:18 | n_same/diff train 52/48 novel 50/50
=> SDLAB diff=cyclic rule=samediff mode=learn seed=83 trialseed=600 train_accL=100.0 train_accR=22.9 train_lbal=61.5 novel_accL=78.0 novel_accR=30.0 novel_lbal=54.0

=== 평가 (탐색 없음, 학습 없음, 무작위 순서 100시행) : 정답률 51.0% | 동점 0회 ===
   자극 A: 51/51 (100.0%)
   자극 B: 0/49 (0.0%)

=== 학습 후 자극별 출력 (선택 이전의 원 신호) ===
  자극 A → 정답 L | out_L=  28  out_R=  25  차이    +3 | KC 125개
  자극 B → 정답 R | out_L=  21  out_R=  16  차이    +5 | KC 109개

=== 가중치 구조 (A전용 KC 107개, B전용 KC 91개) ===
  A전용 KC → out_L 평균 0.5897 | out_R 평균 0.5645 | 차이 +0.0252 (정답은 out_L) **정답쪽 우세**
  B전용 KC → out_L 평균 0.6031 | out_R 평균 0.5732 | 차이 +0.0298 (정답은 out_R) **반대**

=== 가중치 변화 ===
  kc_out_l: n=7989 |Δ|평균 0.04295 변화율  35.7% | 평균 0.500→0.543 | std 0.0000→0.0637
  kc_out_r: n=8079 |Δ|평균 0.03185 변화율  35.5% | 평균 0.500→0.532 | std 0.0000→0.0495

=== 요약 (mode=learn seed=83) ===
  첫 구간 54.2% → 마지막 구간 57.2% | 변화 +3.0%p | 보상률 55.8%
=> MINCIRC mode=learn seed=83 first=54.2 last=57.2 delta=+3.0 reward=55.8 **eval=51.0** tie=0 trialseed=600
