[관계] 항목 8개(훈련 4, 새 4), 반쪽 50 중 활성 15, 항목 간 겹침 2~7(평균 4.5), 새↔훈련 겹침 3~7, 패턴 64개(S 8, D 56)
make: Entering directory '/root/e167_main_run/minimal_circuit_CODE'
make: Leaving directory '/root/e167_main_run/minimal_circuit_CODE'
[KC망안] /mnt/c/Users/JungHyun/Desktop/brain/BrainSimulation-rebuild/research/experiments/traces/E167/dev_corr_w93.npz | 흥분 후보 20000개 평균 0.0696 같은 위치 몫 0.0287 | 억제 후보 20000개 크기 평균 0.0569 같은 위치 몫 0.0579 | 균등 0.0200 | 장치 대조 최대 |차| 0.00e+00
  시행    1~ 400: 정답률  37.0%
  시행  401~ 800: 정답률  42.0%
=> SDGEN mode=learn seed=93 trialseed=600 train_same=50.0 train_diff=23.1 train_bal=36.5 novel_same=64.6 novel_diff=15.4 novel_bal=40.0 | ties train:0 novel:3 | n_same/diff train 48/52 novel 48/52
=> SDLAB diff=cyclic rule=samediff mode=learn seed=93 trialseed=600 train_accL=50.0 train_accR=23.1 train_lbal=36.5 novel_accL=64.6 novel_accR=15.4 novel_lbal=40.0

=== 평가 (탐색 없음, 학습 없음, 무작위 순서 100시행) : 정답률 0.0% | 동점 0회 ===
   자극 A: 0/47 (0.0%)
   자극 B: 0/53 (0.0%)

=== 학습 후 자극별 출력 (선택 이전의 원 신호) ===
  자극 A → 정답 L | out_L=  23  out_R=  27  차이    -4 | KC 122개
  자극 B → 정답 R | out_L=  43  out_R=  37  차이    +6 | KC 139개

=== 가중치 구조 (A전용 KC 93개, B전용 KC 110개) ===
  A전용 KC → out_L 평균 0.5418 | out_R 평균 0.5378 | 차이 +0.0040 (정답은 out_L) **정답쪽 우세**
  B전용 KC → out_L 평균 0.5419 | out_R 평균 0.5455 | 차이 -0.0036 (정답은 out_R) **정답쪽 우세**

=== 가중치 변화 ===
  kc_out_l: n=7957 |Δ|평균 0.01903 변화율  39.1% | 평균 0.500→0.519 | std 0.0000→0.0285
  kc_out_r: n=7960 |Δ|평균 0.01788 변화율  38.7% | 평균 0.500→0.518 | std 0.0000→0.0301

=== 요약 (mode=learn seed=93) ===
  첫 구간 37.0% → 마지막 구간 42.0% | 변화 +5.0%p | 보상률 39.5%
=> MINCIRC mode=learn seed=93 first=37.0 last=42.0 delta=+5.0 reward=39.5 **eval=0.0** tie=0 trialseed=600
