[관계] 항목 8개(훈련 4, 새 4), 반쪽 50 중 활성 15, 항목 간 겹침 2~8(평균 4.8), 새↔훈련 겹침 2~6, 패턴 64개(S 8, D 56)
make: Entering directory '/root/e167_main_run/minimal_circuit_CODE'
make: Leaving directory '/root/e167_main_run/minimal_circuit_CODE'
[KC망안] /mnt/c/Users/JungHyun/Desktop/brain/BrainSimulation-rebuild/research/experiments/traces/E167/dev_corr_w79.npz | 흥분 후보 20000개 평균 0.0704 같은 위치 몫 0.0279 | 억제 후보 20000개 크기 평균 0.0589 같은 위치 몫 0.0565 | 균등 0.0200 | 장치 대조 최대 |차| 0.00e+00
  시행    1~ 400: 정답률  29.8%
  시행  401~ 800: 정답률  42.0%
=> SDGEN mode=learn seed=79 trialseed=601 train_same=39.6 train_diff=31.9 train_bal=35.8 novel_same=11.4 novel_diff=91.1 novel_bal=51.2 | ties train:0 novel:12 | n_same/diff train 53/47 novel 44/56
=> SDLAB diff=cyclic rule=samediff mode=learn seed=79 trialseed=601 train_accL=39.6 train_accR=31.9 train_lbal=35.8 novel_accL=11.4 novel_accR=91.1 novel_lbal=51.2

=== 평가 (탐색 없음, 학습 없음, 무작위 순서 100시행) : 정답률 100.0% | 동점 0회 ===
   자극 A: 42/42 (100.0%)
   자극 B: 58/58 (100.0%)

=== 학습 후 자극별 출력 (선택 이전의 원 신호) ===
  자극 A → 정답 L | out_L=  37  out_R=  25  차이   +12 | KC 136개
  자극 B → 정답 R | out_L=   9  out_R=  11  차이    -2 | KC 114개

=== 가중치 구조 (A전용 KC 107개, B전용 KC 85개) ===
  A전용 KC → out_L 평균 0.5330 | out_R 평균 0.5201 | 차이 +0.0129 (정답은 out_L) **정답쪽 우세**
  B전용 KC → out_L 평균 0.5184 | out_R 평균 0.5326 | 차이 -0.0142 (정답은 out_R) **정답쪽 우세**

=== 가중치 변화 ===
  kc_out_l: n=8058 |Δ|평균 0.01258 변화율  34.9% | 평균 0.500→0.513 | std 0.0000→0.0208
  kc_out_r: n=7947 |Δ|평균 0.01390 변화율  35.8% | 평균 0.500→0.513 | std 0.0000→0.0297

=== 요약 (mode=learn seed=79) ===
  첫 구간 29.8% → 마지막 구간 42.0% | 변화 +12.2%p | 보상률 35.9%
=> MINCIRC mode=learn seed=79 first=29.8 last=42.0 delta=+12.2 reward=35.9 **eval=100.0** tie=0 trialseed=601
