[관계] 항목 8개(훈련 4, 새 4), 반쪽 50 중 활성 15, 항목 간 겹침 1~8(평균 4.3), 새↔훈련 겹침 1~7, 패턴 64개(S 8, D 56)
make: Entering directory '/root/e167_main_run/minimal_circuit_CODE'
make: Leaving directory '/root/e167_main_run/minimal_circuit_CODE'
[KC망안] /mnt/c/Users/JungHyun/Desktop/brain/BrainSimulation-rebuild/research/experiments/traces/E167/dev_corr_w87.npz | 흥분 후보 20000개 평균 0.0712 같은 위치 몫 0.0272 | 억제 후보 20000개 크기 평균 0.0575 같은 위치 몫 0.0579 | 균등 0.0200 | 장치 대조 최대 |차| 0.00e+00
  시행    1~ 400: 정답률  51.5%
  시행  401~ 800: 정답률  47.2%
=> SDGEN mode=learn seed=87 trialseed=601 train_same=0.0 train_diff=77.6 train_bal=38.8 novel_same=0.0 novel_diff=65.5 novel_bal=32.7 | ties train:0 novel:0 | n_same/diff train 51/49 novel 45/55
=> SDLAB diff=cyclic rule=samediff mode=learn seed=87 trialseed=601 train_accL=0.0 train_accR=77.6 train_lbal=38.8 novel_accL=0.0 novel_accR=65.5 novel_lbal=32.7

=== 평가 (탐색 없음, 학습 없음, 무작위 순서 100시행) : 정답률 52.0% | 동점 0회 ===
   자극 A: 0/48 (0.0%)
   자극 B: 52/52 (100.0%)

=== 학습 후 자극별 출력 (선택 이전의 원 신호) ===
  자극 A → 정답 L | out_L=  42  out_R=  44  차이    -2 | KC 139개
  자극 B → 정답 R | out_L=  18  out_R=  24  차이    -6 | KC 105개

=== 가중치 구조 (A전용 KC 113개, B전용 KC 79개) ===
  A전용 KC → out_L 평균 0.5505 | out_R 평균 0.5702 | 차이 -0.0197 (정답은 out_L) **반대**
  B전용 KC → out_L 평균 0.5458 | out_R 평균 0.5641 | 차이 -0.0182 (정답은 out_R) **정답쪽 우세**

=== 가중치 변화 ===
  kc_out_l: n=8012 |Δ|평균 0.02491 변화율  39.6% | 평균 0.500→0.525 | std 0.0000→0.0360
  kc_out_r: n=7847 |Δ|평균 0.03480 변화율  40.1% | 평균 0.500→0.535 | std 0.0000→0.0506

=== 요약 (mode=learn seed=87) ===
  첫 구간 51.5% → 마지막 구간 47.2% | 변화 -4.2%p | 보상률 49.4%
=> MINCIRC mode=learn seed=87 first=51.5 last=47.2 delta=-4.2 reward=49.4 **eval=52.0** tie=0 trialseed=601
