[관계] 항목 8개(훈련 4, 새 4), 반쪽 50 중 활성 15, 항목 간 겹침 2~8(평균 4.8), 새↔훈련 겹침 2~8, 패턴 64개(S 8, D 56)
make: Entering directory '/root/e167_main_run/minimal_circuit_CODE'
make: Leaving directory '/root/e167_main_run/minimal_circuit_CODE'
[KC망안] /mnt/c/Users/JungHyun/Desktop/brain/BrainSimulation-rebuild/research/experiments/traces/E167/dev_corr_w81.npz | 흥분 후보 20000개 평균 0.0702 같은 위치 몫 0.0280 | 억제 후보 20000개 크기 평균 0.0569 같은 위치 몫 0.0580 | 균등 0.0200 | 장치 대조 최대 |차| 0.00e+00
  시행    1~ 400: 정답률  42.0%
  시행  401~ 800: 정답률  47.2%
=> SDGEN mode=learn seed=81 trialseed=601 train_same=74.5 train_diff=8.2 train_bal=41.3 novel_same=62.5 novel_diff=9.1 novel_bal=35.8 | ties train:9 novel:0 | n_same/diff train 51/49 novel 56/44
=> SDLAB diff=cyclic rule=samediff mode=learn seed=81 trialseed=601 train_accL=74.5 train_accR=8.2 train_lbal=41.3 novel_accL=62.5 novel_accR=9.1 novel_lbal=35.8

=== 평가 (탐색 없음, 학습 없음, 무작위 순서 100시행) : 정답률 63.0% | 동점 0회 ===
   자극 A: 63/63 (100.0%)
   자극 B: 0/37 (0.0%)

=== 학습 후 자극별 출력 (선택 이전의 원 신호) ===
  자극 A → 정답 L | out_L=  23  out_R=  18  차이    +5 | KC 109개
  자극 B → 정답 R | out_L=  29  out_R=  24  차이    +5 | KC 126개

=== 가중치 구조 (A전용 KC 87개, B전용 KC 104개) ===
  A전용 KC → out_L 평균 0.5589 | out_R 평균 0.5460 | 차이 +0.0129 (정답은 out_L) **정답쪽 우세**
  B전용 KC → out_L 평균 0.5342 | out_R 평균 0.5376 | 차이 -0.0034 (정답은 out_R) **정답쪽 우세**

=== 가중치 변화 ===
  kc_out_l: n=8042 |Δ|평균 0.02606 변화율  35.0% | 평균 0.500→0.526 | std 0.0000→0.0458
  kc_out_r: n=8003 |Δ|평균 0.01998 변화율  34.5% | 평균 0.500→0.520 | std 0.0000→0.0361

=== 요약 (mode=learn seed=81) ===
  첫 구간 42.0% → 마지막 구간 47.2% | 변화 +5.2%p | 보상률 44.6%
=> MINCIRC mode=learn seed=81 first=42.0 last=47.2 delta=+5.2 reward=44.6 **eval=63.0** tie=0 trialseed=601
