[관계] 항목 8개(훈련 4, 새 4), 반쪽 50 중 활성 15, 항목 간 겹침 0~8(평균 4.8), 새↔훈련 겹침 0~8, 패턴 64개(S 8, D 56)
make: Entering directory '/root/e167_main_run/minimal_circuit_CODE'
make: Leaving directory '/root/e167_main_run/minimal_circuit_CODE'
[KC망안] /mnt/c/Users/JungHyun/Desktop/brain/BrainSimulation-rebuild/research/experiments/traces/E167/dev_corr_w88.npz | 흥분 후보 20000개 평균 0.0699 같은 위치 몫 0.0283 | 억제 후보 20000개 크기 평균 0.0562 같은 위치 몫 0.0585 | 균등 0.0200 | 장치 대조 최대 |차| 0.00e+00
  시행    1~ 400: 정답률  47.8%
  시행  401~ 800: 정답률  52.2%
=> SDGEN mode=learn seed=88 trialseed=600 train_same=100.0 train_diff=0.0 train_bal=50.0 novel_same=100.0 novel_diff=0.0 novel_bal=50.0 | ties train:0 novel:0 | n_same/diff train 45/55 novel 51/49
=> SDLAB diff=cyclic rule=samediff mode=learn seed=88 trialseed=600 train_accL=100.0 train_accR=0.0 train_lbal=50.0 novel_accL=100.0 novel_accR=0.0 novel_lbal=50.0

=== 평가 (탐색 없음, 학습 없음, 무작위 순서 100시행) : 정답률 51.0% | 동점 0회 ===
   자극 A: 51/51 (100.0%)
   자극 B: 0/49 (0.0%)

=== 학습 후 자극별 출력 (선택 이전의 원 신호) ===
  자극 A → 정답 L | out_L=  46  out_R=  32  차이   +14 | KC 121개
  자극 B → 정답 R | out_L=  45  out_R=  38  차이    +7 | KC 126개

=== 가중치 구조 (A전용 KC 97개, B전용 KC 102개) ===
  A전용 KC → out_L 평균 0.5860 | out_R 평균 0.5305 | 차이 +0.0555 (정답은 out_L) **정답쪽 우세**
  B전용 KC → out_L 평균 0.6106 | out_R 평균 0.5362 | 차이 +0.0744 (정답은 out_R) **반대**

=== 가중치 변화 ===
  kc_out_l: n=8070 |Δ|평균 0.04878 변화율  41.1% | 평균 0.500→0.549 | std 0.0000→0.0659
  kc_out_r: n=7904 |Δ|평균 0.01640 변화율  40.6% | 평균 0.500→0.516 | std 0.0000→0.0230

=== 요약 (mode=learn seed=88) ===
  첫 구간 47.8% → 마지막 구간 52.2% | 변화 +4.5%p | 보상률 50.0%
=> MINCIRC mode=learn seed=88 first=47.8 last=52.2 delta=+4.5 reward=50.0 **eval=51.0** tie=0 trialseed=600
