[관계] 항목 8개(훈련 4, 새 4), 반쪽 50 중 활성 15, 항목 간 겹침 1~8(평균 4.3), 새↔훈련 겹침 1~7, 패턴 64개(S 8, D 56)
make: Entering directory '/root/e167_main_run/minimal_circuit_CODE'
make: Leaving directory '/root/e167_main_run/minimal_circuit_CODE'
[KC망안] /mnt/c/Users/JungHyun/Desktop/brain/BrainSimulation-rebuild/research/experiments/traces/E167/dev_corr_w87.npz | 흥분 후보 20000개 평균 0.0712 같은 위치 몫 0.0272 | 억제 후보 20000개 크기 평균 0.0575 같은 위치 몫 0.0579 | 균등 0.0200 | 장치 대조 최대 |차| 0.00e+00
  시행    1~ 400: 정답률  52.8%
  시행  401~ 800: 정답률  50.2%
=> SDGEN mode=learn seed=87 trialseed=600 train_same=19.6 train_diff=61.2 train_bal=40.4 novel_same=53.3 novel_diff=43.6 novel_bal=48.5 | ties train:0 novel:4 | n_same/diff train 51/49 novel 45/55
=> SDLAB diff=cyclic rule=samediff mode=learn seed=87 trialseed=600 train_accL=19.6 train_accR=61.2 train_lbal=40.4 novel_accL=53.3 novel_accR=43.6 novel_lbal=48.5

=== 평가 (탐색 없음, 학습 없음, 무작위 순서 100시행) : 정답률 100.0% | 동점 0회 ===
   자극 A: 48/48 (100.0%)
   자극 B: 52/52 (100.0%)

=== 학습 후 자극별 출력 (선택 이전의 원 신호) ===
  자극 A → 정답 L | out_L=  45  out_R=  43  차이    +2 | KC 139개
  자극 B → 정답 R | out_L=  21  out_R=  22  차이    -1 | KC 105개

=== 가중치 구조 (A전용 KC 113개, B전용 KC 79개) ===
  A전용 KC → out_L 평균 0.5715 | out_R 평균 0.5664 | 차이 +0.0051 (정답은 out_L) **정답쪽 우세**
  B전용 KC → out_L 평균 0.5580 | out_R 평균 0.5599 | 차이 -0.0019 (정답은 out_R) **정답쪽 우세**

=== 가중치 변화 ===
  kc_out_l: n=8012 |Δ|평균 0.03329 변화율  39.6% | 평균 0.500→0.533 | std 0.0000→0.0495
  kc_out_r: n=7847 |Δ|평균 0.03251 변화율  40.1% | 평균 0.500→0.533 | std 0.0000→0.0481

=== 요약 (mode=learn seed=87) ===
  첫 구간 52.8% → 마지막 구간 50.2% | 변화 -2.5%p | 보상률 51.5%
=> MINCIRC mode=learn seed=87 first=52.8 last=50.2 delta=-2.5 reward=51.5 **eval=100.0** tie=0 trialseed=600
