[관계] 항목 8개(훈련 4, 새 4), 반쪽 50 중 활성 15, 항목 간 겹침 2~7(평균 4.5), 새↔훈련 겹침 2~7, 패턴 64개(S 8, D 56)
make: Entering directory '/root/e167_main_run/minimal_circuit_CODE'
make: Leaving directory '/root/e167_main_run/minimal_circuit_CODE'
[KC망안] /mnt/c/Users/JungHyun/Desktop/brain/BrainSimulation-rebuild/research/experiments/traces/E167/dev_corr_w85.npz | 흥분 후보 20000개 평균 0.0699 같은 위치 몫 0.0284 | 억제 후보 20000개 크기 평균 0.0581 같은 위치 몫 0.0574 | 균등 0.0200 | 장치 대조 최대 |차| 0.00e+00
  시행    1~ 400: 정답률  42.5%
  시행  401~ 800: 정답률  48.8%
=> SDGEN mode=learn seed=85 trialseed=601 train_same=100.0 train_diff=0.0 train_bal=50.0 novel_same=100.0 novel_diff=0.0 novel_bal=50.0 | ties train:0 novel:0 | n_same/diff train 52/48 novel 44/56
=> SDLAB diff=cyclic rule=samediff mode=learn seed=85 trialseed=601 train_accL=100.0 train_accR=0.0 train_lbal=50.0 novel_accL=100.0 novel_accR=0.0 novel_lbal=50.0

=== 평가 (탐색 없음, 학습 없음, 무작위 순서 100시행) : 정답률 57.0% | 동점 0회 ===
   자극 A: 57/57 (100.0%)
   자극 B: 0/43 (0.0%)

=== 학습 후 자극별 출력 (선택 이전의 원 신호) ===
  자극 A → 정답 L | out_L=  47  out_R=  44  차이    +3 | KC 138개
  자극 B → 정답 R | out_L=  29  out_R=  21  차이    +8 | KC 123개

=== 가중치 구조 (A전용 KC 107개, B전용 KC 92개) ===
  A전용 KC → out_L 평균 0.5685 | out_R 평균 0.5244 | 차이 +0.0441 (정답은 out_L) **정답쪽 우세**
  B전용 KC → out_L 평균 0.5832 | out_R 평균 0.5346 | 차이 +0.0486 (정답은 out_R) **반대**

=== 가중치 변화 ===
  kc_out_l: n=8007 |Δ|평균 0.03854 변화율  41.6% | 평균 0.500→0.539 | std 0.0000→0.0509
  kc_out_r: n=8024 |Δ|평균 0.01479 변화율  39.1% | 평균 0.500→0.515 | std 0.0000→0.0219

=== 요약 (mode=learn seed=85) ===
  첫 구간 42.5% → 마지막 구간 48.8% | 변화 +6.2%p | 보상률 45.6%
=> MINCIRC mode=learn seed=85 first=42.5 last=48.8 delta=+6.2 reward=45.6 **eval=57.0** tie=0 trialseed=601
