[관계] 항목 8개(훈련 4, 새 4), 반쪽 50 중 활성 15, 항목 간 겹침 1~8(평균 4.5), 새↔훈련 겹침 1~7, 패턴 64개(S 8, D 56)
make: Entering directory '/root/e167_main_run/minimal_circuit_CODE'
make: Leaving directory '/root/e167_main_run/minimal_circuit_CODE'
[KC망안] /mnt/c/Users/JungHyun/Desktop/brain/BrainSimulation-rebuild/research/experiments/traces/E167/dev_corr_w78.npz | 흥분 후보 20000개 평균 0.0712 같은 위치 몫 0.0272 | 억제 후보 20000개 크기 평균 0.0578 같은 위치 몫 0.0576 | 균등 0.0200 | 장치 대조 최대 |차| 0.00e+00
  시행    1~ 400: 정답률  43.2%
  시행  401~ 800: 정답률  50.0%
=> SDGEN mode=learn seed=78 trialseed=601 train_same=0.0 train_diff=79.3 train_bal=39.7 novel_same=18.5 novel_diff=100.0 novel_bal=59.3 | ties train:0 novel:0 | n_same/diff train 42/58 novel 54/46
=> SDLAB diff=cyclic rule=samediff mode=learn seed=78 trialseed=601 train_accL=0.0 train_accR=79.3 train_lbal=39.7 novel_accL=18.5 novel_accR=100.0 novel_lbal=59.3

=== 평가 (탐색 없음, 학습 없음, 무작위 순서 100시행) : 정답률 100.0% | 동점 0회 ===
   자극 A: 43/43 (100.0%)
   자극 B: 57/57 (100.0%)

=== 학습 후 자극별 출력 (선택 이전의 원 신호) ===
  자극 A → 정답 L | out_L=  26  out_R=  24  차이    +2 | KC 114개
  자극 B → 정답 R | out_L=  18  out_R=  28  차이   -10 | KC 119개

=== 가중치 구조 (A전용 KC 88개, B전용 KC 93개) ===
  A전용 KC → out_L 평균 0.5208 | out_R 평균 0.5526 | 차이 -0.0318 (정답은 out_L) **반대**
  B전용 KC → out_L 평균 0.5310 | out_R 평균 0.5699 | 차이 -0.0389 (정답은 out_R) **정답쪽 우세**

=== 가중치 변화 ===
  kc_out_l: n=7901 |Δ|평균 0.01541 변화율  39.9% | 평균 0.500→0.515 | std 0.0000→0.0233
  kc_out_r: n=8030 |Δ|평균 0.03268 변화율  39.2% | 평균 0.500→0.533 | std 0.0000→0.0506

=== 요약 (mode=learn seed=78) ===
  첫 구간 43.2% → 마지막 구간 50.0% | 변화 +6.8%p | 보상률 46.6%
=> MINCIRC mode=learn seed=78 first=43.2 last=50.0 delta=+6.8 reward=46.6 **eval=100.0** tie=0 trialseed=601
