[관계] 항목 8개(훈련 4, 새 4), 반쪽 50 중 활성 15, 항목 간 겹침 1~9(평균 4.4), 새↔훈련 겹침 1~9, 패턴 64개(S 8, D 56)
make: Entering directory '/root/e167_main_run/minimal_circuit_CODE'
make: Leaving directory '/root/e167_main_run/minimal_circuit_CODE'
[KC망안] /mnt/c/Users/JungHyun/Desktop/brain/BrainSimulation-rebuild/research/experiments/traces/E167/dev_corr_w90.npz | 흥분 후보 20000개 평균 0.0710 같은 위치 몫 0.0274 | 억제 후보 20000개 크기 평균 0.0621 같은 위치 몫 0.0550 | 균등 0.0200 | 장치 대조 최대 |차| 0.00e+00
  시행    1~ 400: 정답률  46.5%
  시행  401~ 800: 정답률  50.0%
=> SDGEN mode=learn seed=90 trialseed=600 train_same=0.0 train_diff=100.0 train_bal=50.0 novel_same=0.0 novel_diff=100.0 novel_bal=50.0 | ties train:0 novel:0 | n_same/diff train 48/52 novel 56/44
=> SDLAB diff=cyclic rule=samediff mode=learn seed=90 trialseed=600 train_accL=0.0 train_accR=100.0 train_lbal=50.0 novel_accL=0.0 novel_accR=100.0 novel_lbal=50.0

=== 평가 (탐색 없음, 학습 없음, 무작위 순서 100시행) : 정답률 46.0% | 동점 0회 ===
   자극 A: 0/54 (0.0%)
   자극 B: 46/46 (100.0%)

=== 학습 후 자극별 출력 (선택 이전의 원 신호) ===
  자극 A → 정답 L | out_L=  21  out_R=  27  차이    -6 | KC 128개
  자극 B → 정답 R | out_L=  25  out_R=  30  차이    -5 | KC 132개

=== 가중치 구조 (A전용 KC 97개, B전용 KC 101개) ===
  A전용 KC → out_L 평균 0.5306 | out_R 평균 0.5593 | 차이 -0.0287 (정답은 out_L) **반대**
  B전용 KC → out_L 평균 0.5296 | out_R 평균 0.5541 | 차이 -0.0246 (정답은 out_R) **정답쪽 우세**

=== 가중치 변화 ===
  kc_out_l: n=8086 |Δ|평균 0.01630 변화율  35.5% | 평균 0.500→0.516 | std 0.0000→0.0264
  kc_out_r: n=8115 |Δ|평균 0.03384 변화율  36.5% | 평균 0.500→0.534 | std 0.0000→0.0501

=== 요약 (mode=learn seed=90) ===
  첫 구간 46.5% → 마지막 구간 50.0% | 변화 +3.5%p | 보상률 48.2%
=> MINCIRC mode=learn seed=90 first=46.5 last=50.0 delta=+3.5 reward=48.2 **eval=46.0** tie=0 trialseed=600
