[관계] 항목 8개(훈련 4, 새 4), 반쪽 50 중 활성 15, 항목 간 겹침 1~8(평균 4.5), 새↔훈련 겹침 1~7, 패턴 64개(S 8, D 56)
make: Entering directory '/root/e167_main_run/minimal_circuit_CODE'
make: Leaving directory '/root/e167_main_run/minimal_circuit_CODE'
[KC망안] /mnt/c/Users/JungHyun/Desktop/brain/BrainSimulation-rebuild/research/experiments/traces/E167/dev_corr_w78.npz | 흥분 후보 20000개 평균 0.0712 같은 위치 몫 0.0272 | 억제 후보 20000개 크기 평균 0.0578 같은 위치 몫 0.0576 | 균등 0.0200 | 장치 대조 최대 |차| 0.00e+00
  시행    1~ 400: 정답률  51.0%
  시행  401~ 800: 정답률  49.5%
=> SDGEN mode=learn seed=78 trialseed=600 train_same=64.3 train_diff=27.6 train_bal=45.9 novel_same=46.3 novel_diff=63.0 novel_bal=54.7 | ties train:0 novel:3 | n_same/diff train 42/58 novel 54/46
=> SDLAB diff=cyclic rule=samediff mode=learn seed=78 trialseed=600 train_accL=64.3 train_accR=27.6 train_lbal=45.9 novel_accL=46.3 novel_accR=63.0 novel_lbal=54.7

=== 평가 (탐색 없음, 학습 없음, 무작위 순서 100시행) : 정답률 100.0% | 동점 0회 ===
   자극 A: 43/43 (100.0%)
   자극 B: 57/57 (100.0%)

=== 학습 후 자극별 출력 (선택 이전의 원 신호) ===
  자극 A → 정답 L | out_L=  29  out_R=  24  차이    +5 | KC 114개
  자극 B → 정답 R | out_L=  23  out_R=  26  차이    -3 | KC 119개

=== 가중치 구조 (A전용 KC 88개, B전용 KC 93개) ===
  A전용 KC → out_L 평균 0.5369 | out_R 평균 0.5405 | 차이 -0.0036 (정답은 out_L) **반대**
  B전용 KC → out_L 평균 0.5551 | out_R 평균 0.5546 | 차이 +0.0004 (정답은 out_R) **반대**

=== 가중치 변화 ===
  kc_out_l: n=7901 |Δ|평균 0.02924 변화율  39.9% | 평균 0.500→0.529 | std 0.0000→0.0444
  kc_out_r: n=8030 |Δ|평균 0.02713 변화율  39.2% | 평균 0.500→0.527 | std 0.0000→0.0427

=== 요약 (mode=learn seed=78) ===
  첫 구간 51.0% → 마지막 구간 49.5% | 변화 -1.5%p | 보상률 50.2%
=> MINCIRC mode=learn seed=78 first=51.0 last=49.5 delta=-1.5 reward=50.2 **eval=100.0** tie=0 trialseed=600
