[관계] 항목 8개(훈련 4, 새 4), 반쪽 50 중 활성 15, 항목 간 겹침 1~6(평균 4.9), 새↔훈련 겹침 1~6, 패턴 64개(S 8, D 56)
make: Entering directory '/root/e167_main_run/minimal_circuit_CODE'
make: Leaving directory '/root/e167_main_run/minimal_circuit_CODE'
[KC망안] /mnt/c/Users/JungHyun/Desktop/brain/BrainSimulation-rebuild/research/experiments/traces/E167/dev_corr_w80.npz | 흥분 후보 20000개 평균 0.0713 같은 위치 몫 0.0271 | 억제 후보 20000개 크기 평균 0.0565 같은 위치 몫 0.0582 | 균등 0.0200 | 장치 대조 최대 |차| 0.00e+00
  시행    1~ 400: 정답률  52.5%
  시행  401~ 800: 정답률  56.5%
=> SDGEN mode=learn seed=80 trialseed=600 train_same=100.0 train_diff=57.4 train_bal=78.7 novel_same=100.0 novel_diff=30.4 novel_bal=65.2 | ties train:0 novel:10 | n_same/diff train 53/47 novel 54/46
=> SDLAB diff=cyclic rule=samediff mode=learn seed=80 trialseed=600 train_accL=100.0 train_accR=57.4 train_lbal=78.7 novel_accL=100.0 novel_accR=30.4 novel_lbal=65.2

=== 평가 (탐색 없음, 학습 없음, 무작위 순서 100시행) : 정답률 0.0% | 동점 0회 ===
   자극 A: 0/50 (0.0%)
   자극 B: 0/50 (0.0%)

=== 학습 후 자극별 출력 (선택 이전의 원 신호) ===
  자극 A → 정답 L | out_L=  35  out_R=  37  차이    -2 | KC 131개
  자극 B → 정답 R | out_L=  50  out_R=  47  차이    +3 | KC 138개

=== 가중치 구조 (A전용 KC 97개, B전용 KC 104개) ===
  A전용 KC → out_L 평균 0.5909 | out_R 평균 0.5662 | 차이 +0.0247 (정답은 out_L) **정답쪽 우세**
  B전용 KC → out_L 평균 0.5835 | out_R 평균 0.5540 | 차이 +0.0295 (정답은 out_R) **반대**

=== 가중치 변화 ===
  kc_out_l: n=7935 |Δ|평균 0.04248 변화율  37.5% | 평균 0.500→0.542 | std 0.0000→0.0649
  kc_out_r: n=8100 |Δ|평균 0.02864 변화율  36.9% | 평균 0.500→0.529 | std 0.0000→0.0467

=== 요약 (mode=learn seed=80) ===
  첫 구간 52.5% → 마지막 구간 56.5% | 변화 +4.0%p | 보상률 54.5%
=> MINCIRC mode=learn seed=80 first=52.5 last=56.5 delta=+4.0 reward=54.5 **eval=0.0** tie=0 trialseed=600
