[관계] 항목 8개(훈련 4, 새 4), 반쪽 50 중 활성 15, 항목 간 겹침 2~8(평균 4.8), 새↔훈련 겹침 3~8, 패턴 64개(S 8, D 56)
make: Entering directory '/root/e167_main_run/minimal_circuit_CODE'
make: Leaving directory '/root/e167_main_run/minimal_circuit_CODE'
[KC망안] /mnt/c/Users/JungHyun/Desktop/brain/BrainSimulation-rebuild/research/experiments/traces/E167/dev_corr_w91.npz | 흥분 후보 20000개 평균 0.0705 같은 위치 몫 0.0278 | 억제 후보 20000개 크기 평균 0.0574 같은 위치 몫 0.0575 | 균등 0.0200 | 장치 대조 최대 |차| 0.00e+00
  시행    1~ 400: 정답률  50.0%
  시행  401~ 800: 정답률  48.5%
=> SDGEN mode=learn seed=91 trialseed=600 train_same=0.0 train_diff=100.0 train_bal=50.0 novel_same=57.4 novel_diff=75.5 novel_bal=66.5 | ties train:0 novel:3 | n_same/diff train 50/50 novel 47/53
=> SDLAB diff=cyclic rule=samediff mode=learn seed=91 trialseed=600 train_accL=0.0 train_accR=100.0 train_lbal=50.0 novel_accL=57.4 novel_accR=75.5 novel_lbal=66.5

=== 평가 (탐색 없음, 학습 없음, 무작위 순서 100시행) : 정답률 47.0% | 동점 0회 ===
   자극 A: 0/53 (0.0%)
   자극 B: 47/47 (100.0%)

=== 학습 후 자극별 출력 (선택 이전의 원 신호) ===
  자극 A → 정답 L | out_L=  25  out_R=  32  차이    -7 | KC 121개
  자극 B → 정답 R | out_L=  23  out_R=  26  차이    -3 | KC 115개

=== 가중치 구조 (A전용 KC 101개, B전용 KC 95개) ===
  A전용 KC → out_L 평균 0.5273 | out_R 평균 0.5523 | 차이 -0.0250 (정답은 out_L) **반대**
  B전용 KC → out_L 평균 0.5443 | out_R 평균 0.5755 | 차이 -0.0312 (정답은 out_R) **정답쪽 우세**

=== 가중치 변화 ===
  kc_out_l: n=7973 |Δ|평균 0.02024 변화율  36.5% | 평균 0.500→0.520 | std 0.0000→0.0316
  kc_out_r: n=8053 |Δ|평균 0.03329 변화율  36.8% | 평균 0.500→0.533 | std 0.0000→0.0499

=== 요약 (mode=learn seed=91) ===
  첫 구간 50.0% → 마지막 구간 48.5% | 변화 -1.5%p | 보상률 49.2%
=> MINCIRC mode=learn seed=91 first=50.0 last=48.5 delta=-1.5 reward=49.2 **eval=47.0** tie=0 trialseed=600
