[관계] 항목 8개(훈련 4, 새 4), 반쪽 50 중 활성 15, 항목 간 겹침 1~9(평균 4.4), 새↔훈련 겹침 1~9, 패턴 64개(S 8, D 56)
make: Entering directory '/root/e167_main_run/minimal_circuit_CODE'
make: Leaving directory '/root/e167_main_run/minimal_circuit_CODE'
[KC망안] /mnt/c/Users/JungHyun/Desktop/brain/BrainSimulation-rebuild/research/experiments/traces/E167/dev_corr_w90.npz | 흥분 후보 20000개 평균 0.0710 같은 위치 몫 0.0274 | 억제 후보 20000개 크기 평균 0.0621 같은 위치 몫 0.0550 | 균등 0.0200 | 장치 대조 최대 |차| 0.00e+00
  시행    1~ 400: 정답률  36.2%
  시행  401~ 800: 정답률  51.7%
=> SDGEN mode=learn seed=90 trialseed=601 train_same=0.0 train_diff=100.0 train_bal=50.0 novel_same=0.0 novel_diff=100.0 novel_bal=50.0 | ties train:0 novel:0 | n_same/diff train 48/52 novel 56/44
=> SDLAB diff=cyclic rule=samediff mode=learn seed=90 trialseed=601 train_accL=0.0 train_accR=100.0 train_lbal=50.0 novel_accL=0.0 novel_accR=100.0 novel_lbal=50.0

=== 평가 (탐색 없음, 학습 없음, 무작위 순서 100시행) : 정답률 46.0% | 동점 0회 ===
   자극 A: 0/54 (0.0%)
   자극 B: 46/46 (100.0%)

=== 학습 후 자극별 출력 (선택 이전의 원 신호) ===
  자극 A → 정답 L | out_L=  18  out_R=  27  차이    -9 | KC 128개
  자극 B → 정답 R | out_L=  22  out_R=  30  차이    -8 | KC 132개

=== 가중치 구조 (A전용 KC 97개, B전용 KC 101개) ===
  A전용 KC → out_L 평균 0.5188 | out_R 평균 0.5558 | 차이 -0.0370 (정답은 out_L) **반대**
  B전용 KC → out_L 평균 0.5186 | out_R 평균 0.5512 | 차이 -0.0326 (정답은 out_R) **정답쪽 우세**

=== 가중치 변화 ===
  kc_out_l: n=8086 |Δ|평균 0.01002 변화율  35.5% | 평균 0.500→0.510 | std 0.0000→0.0167
  kc_out_r: n=8115 |Δ|평균 0.03184 변화율  36.5% | 평균 0.500→0.532 | std 0.0000→0.0493

=== 요약 (mode=learn seed=90) ===
  첫 구간 36.2% → 마지막 구간 51.7% | 변화 +15.5%p | 보상률 44.0%
=> MINCIRC mode=learn seed=90 first=36.2 last=51.7 delta=+15.5 reward=44.0 **eval=46.0** tie=0 trialseed=601
