[관계] 항목 8개(훈련 4, 새 4), 반쪽 50 중 활성 15, 항목 간 겹침 2~9(평균 4.8), 새↔훈련 겹침 2~9, 패턴 64개(S 8, D 56)
make: Entering directory '/root/e167_main_run/minimal_circuit_CODE'
make: Leaving directory '/root/e167_main_run/minimal_circuit_CODE'
[KC망안] /mnt/c/Users/JungHyun/Desktop/brain/BrainSimulation-rebuild/research/experiments/traces/E167/dev_corr_w82.npz | 흥분 후보 20000개 평균 0.0707 같은 위치 몫 0.0276 | 억제 후보 20000개 크기 평균 0.0586 같은 위치 몫 0.0568 | 균등 0.0200 | 장치 대조 최대 |차| 0.00e+00
  시행    1~ 400: 정답률  50.7%
  시행  401~ 800: 정답률  49.2%
=> SDGEN mode=learn seed=82 trialseed=600 train_same=0.0 train_diff=100.0 train_bal=50.0 novel_same=49.1 novel_diff=91.5 novel_bal=70.3 | ties train:0 novel:0 | n_same/diff train 54/46 novel 53/47
=> SDLAB diff=cyclic rule=samediff mode=learn seed=82 trialseed=600 train_accL=0.0 train_accR=100.0 train_lbal=50.0 novel_accL=49.1 novel_accR=91.5 novel_lbal=70.3

=== 평가 (탐색 없음, 학습 없음, 무작위 순서 100시행) : 정답률 100.0% | 동점 0회 ===
   자극 A: 45/45 (100.0%)
   자극 B: 55/55 (100.0%)

=== 학습 후 자극별 출력 (선택 이전의 원 신호) ===
  자극 A → 정답 L | out_L=  38  out_R=  37  차이    +1 | KC 134개
  자극 B → 정답 R | out_L=  29  out_R=  37  차이    -8 | KC 119개

=== 가중치 구조 (A전용 KC 107개, B전용 KC 92개) ===
  A전용 KC → out_L 평균 0.5400 | out_R 평균 0.5746 | 차이 -0.0346 (정답은 out_L) **반대**
  B전용 KC → out_L 평균 0.5506 | out_R 평균 0.5930 | 차이 -0.0424 (정답은 out_R) **정답쪽 우세**

=== 가중치 변화 ===
  kc_out_l: n=7928 |Δ|평균 0.02031 변화율  35.2% | 평균 0.500→0.520 | std 0.0000→0.0305
  kc_out_r: n=7983 |Δ|평균 0.03800 변화율  35.7% | 평균 0.500→0.538 | std 0.0000→0.0559

=== 요약 (mode=learn seed=82) ===
  첫 구간 50.7% → 마지막 구간 49.2% | 변화 -1.5%p | 보상률 50.0%
=> MINCIRC mode=learn seed=82 first=50.7 last=49.2 delta=-1.5 reward=50.0 **eval=100.0** tie=0 trialseed=600
