[관계] 항목 8개(훈련 4, 새 4), 반쪽 50 중 활성 15, 항목 간 겹침 1~8(평균 4.7), 새↔훈련 겹침 1~8, 패턴 64개(S 8, D 56)
make: Entering directory '/root/e167_main_run/minimal_circuit_CODE'
make: Leaving directory '/root/e167_main_run/minimal_circuit_CODE'
[KC망안] /mnt/c/Users/JungHyun/Desktop/brain/BrainSimulation-rebuild/research/experiments/traces/E167/dev_corr_w92.npz | 흥분 후보 20000개 평균 0.0704 같은 위치 몫 0.0279 | 억제 후보 20000개 크기 평균 0.0560 같은 위치 몫 0.0586 | 균등 0.0200 | 장치 대조 최대 |차| 0.00e+00
  시행    1~ 400: 정답률  51.0%
  시행  401~ 800: 정답률  47.8%
=> SDGEN mode=learn seed=92 trialseed=600 train_same=0.0 train_diff=100.0 train_bal=50.0 novel_same=0.0 novel_diff=100.0 novel_bal=50.0 | ties train:0 novel:0 | n_same/diff train 50/50 novel 46/54
=> SDLAB diff=cyclic rule=samediff mode=learn seed=92 trialseed=600 train_accL=0.0 train_accR=100.0 train_lbal=50.0 novel_accL=0.0 novel_accR=100.0 novel_lbal=50.0

=== 평가 (탐색 없음, 학습 없음, 무작위 순서 100시행) : 정답률 44.0% | 동점 0회 ===
   자극 A: 0/56 (0.0%)
   자극 B: 44/44 (100.0%)

=== 학습 후 자극별 출력 (선택 이전의 원 신호) ===
  자극 A → 정답 L | out_L=  24  out_R=  28  차이    -4 | KC 127개
  자극 B → 정답 R | out_L=  22  out_R=  29  차이    -7 | KC 114개

=== 가중치 구조 (A전용 KC 106개, B전용 KC 93개) ===
  A전용 KC → out_L 평균 0.5486 | out_R 평균 0.5880 | 차이 -0.0394 (정답은 out_L) **반대**
  B전용 KC → out_L 평균 0.5534 | out_R 평균 0.5875 | 차이 -0.0342 (정답은 out_R) **정답쪽 우세**

=== 가중치 변화 ===
  kc_out_l: n=7936 |Δ|평균 0.02299 변화율  41.6% | 평균 0.500→0.523 | std 0.0000→0.0311
  kc_out_r: n=8115 |Δ|평균 0.03894 변화율  41.0% | 평균 0.500→0.539 | std 0.0000→0.0525

=== 요약 (mode=learn seed=92) ===
  첫 구간 51.0% → 마지막 구간 47.8% | 변화 -3.2%p | 보상률 49.4%
=> MINCIRC mode=learn seed=92 first=51.0 last=47.8 delta=-3.2 reward=49.4 **eval=44.0** tie=0 trialseed=600
