[관계] 항목 8개(훈련 4, 새 4), 반쪽 50 중 활성 15, 항목 간 겹침 2~8(평균 4.8), 새↔훈련 겹침 3~8, 패턴 64개(S 8, D 56)
make: Entering directory '/root/e167_main_run/minimal_circuit_CODE'
make: Leaving directory '/root/e167_main_run/minimal_circuit_CODE'
[KC망안] /mnt/c/Users/JungHyun/Desktop/brain/BrainSimulation-rebuild/research/experiments/traces/E167/dev_corr_w91.npz | 흥분 후보 20000개 평균 0.0705 같은 위치 몫 0.0278 | 억제 후보 20000개 크기 평균 0.0574 같은 위치 몫 0.0575 | 균등 0.0200 | 장치 대조 최대 |차| 0.00e+00
  시행    1~ 400: 정답률  48.0%
  시행  401~ 800: 정답률  52.0%
=> SDGEN mode=learn seed=91 trialseed=601 train_same=0.0 train_diff=100.0 train_bal=50.0 novel_same=34.8 novel_diff=85.2 novel_bal=60.0 | ties train:0 novel:12 | n_same/diff train 50/50 novel 46/54
=> SDLAB diff=cyclic rule=samediff mode=learn seed=91 trialseed=601 train_accL=0.0 train_accR=100.0 train_lbal=50.0 novel_accL=34.8 novel_accR=85.2 novel_lbal=60.0

=== 평가 (탐색 없음, 학습 없음, 무작위 순서 100시행) : 정답률 47.0% | 동점 0회 ===
   자극 A: 0/53 (0.0%)
   자극 B: 47/47 (100.0%)

=== 학습 후 자극별 출력 (선택 이전의 원 신호) ===
  자극 A → 정답 L | out_L=  24  out_R=  37  차이   -13 | KC 121개
  자극 B → 정답 R | out_L=  19  out_R=  28  차이    -9 | KC 115개

=== 가중치 구조 (A전용 KC 101개, B전용 KC 95개) ===
  A전용 KC → out_L 평균 0.5270 | out_R 평균 0.5610 | 차이 -0.0341 (정답은 out_L) **반대**
  B전용 KC → out_L 평균 0.5344 | out_R 평균 0.5807 | 차이 -0.0463 (정답은 out_R) **정답쪽 우세**

=== 가중치 변화 ===
  kc_out_l: n=7973 |Δ|평균 0.01722 변화율  36.5% | 평균 0.500→0.517 | std 0.0000→0.0277
  kc_out_r: n=8053 |Δ|평균 0.03708 변화율  36.8% | 평균 0.500→0.537 | std 0.0000→0.0559

=== 요약 (mode=learn seed=91) ===
  첫 구간 48.0% → 마지막 구간 52.0% | 변화 +4.0%p | 보상률 50.0%
=> MINCIRC mode=learn seed=91 first=48.0 last=52.0 delta=+4.0 reward=50.0 **eval=47.0** tie=0 trialseed=601
