make: Entering directory '/root/minc_run/minimal_circuit_CODE'
make: Warning: File 'Makefile' has modification time 0.76 s in the future
make: Warning: File 'Makefile' has modification time 0.45 s in the future
make: Warning: File 'Makefile' has modification time 0.14 s in the future
make: Leaving directory '/root/minc_run/minimal_circuit_CODE'
  시행    1~ 400: 정답률  67.0%

=== 평가 (탐색 없음, 학습 없음, 무작위 순서 100시행) : 정답률 100.0% | 동점 0회 ===
   자극 A: 47/47 (100.0%)
   자극 B: 53/53 (100.0%)

=== 학습 후 자극별 출력 (선택 이전의 원 신호) ===
  자극 A → 정답 L | out_L=  73  out_R=  33  차이   +40 | KC 84개
  자극 B → 정답 R | out_L=  30  out_R= 125  차이   -95 | KC 106개

=== 가중치 구조 (A전용 KC 58개, B전용 KC 80개) ===
  A전용 KC → out_L 평균 3.4143 | out_R 평균 1.5714 | 차이 +1.8429 (정답은 out_L) **정답쪽 우세**
  B전용 KC → out_L 평균 1.7494 | out_R 평균 4.0447 | 차이 -2.2953 (정답은 out_R) **정답쪽 우세**

=== 가중치 변화 ===
  kc_out_l: n=7953 |Δ|평균 0.47684 변화율  21.0% | 평균 0.500→0.977 | std 0.0000→1.1657
  kc_out_r: n=7937 |Δ|평균 0.56627 변화율  20.3% | 평균 0.500→1.066 | std 0.0000→1.3324

=== 요약 (mode=learn seed=3) ===
  첫 구간 67.0% → 마지막 구간 67.0% | 변화 +0.0%p | 보상률 67.0%
=> MINCIRC mode=learn seed=3 first=67.0 last=67.0 delta=+0.0 reward=67.0 **eval=100.0** tie=0 trialseed=100
