[회귀 K50 w0 t100 — 기대 first=60.5 reward=60.5 eval=100.0]
=> MINCIRC mode=learn seed=0 first=60.5 last=60.5 delta=+0.0 reward=60.5 **eval=100.0** tie=0 trialseed=100
[회귀 E133 hb dev corr w46 — 기대 가지치기 0.797/0.800]
가지치기 후 같은 위치: 일치형 0.797 불일치형 0.800
[정답 아는 검사 — oja eta 0: 가중치 불변]
[OJA발달] 흥분 후보: 평균 0.0800(초기 0.0800) std 0.0000 상한 도달 0.000 | 억제 후보 크기: 평균 0.1600(초기 0.1600) std 0.0000 상한 도달 0.000
[보정]
  eta0.005 b5 w18 corr: 흥분 후보: 평균 0.0697 std 0.0127 | 발화율(KC·노출당) 일치형 0.034 불일치형 0.295 | 가지치기 후 같은 위치: 일치형 0.810 불일치형 0.920
  eta0.005 b5 w18 indep: 흥분 후보: 평균 0.0731 std 0.0063 | 발화율(KC·노출당) 일치형 0.021 불일치형 0.296 | 가지치기 후 같은 위치: 일치형 0.013 불일치형 0.005
  eta0.005 b5 w19 corr: 흥분 후보: 평균 0.0696 std 0.0117 | 발화율(KC·노출당) 일치형 0.034 불일치형 0.297 | 가지치기 후 같은 위치: 일치형 0.848 불일치형 0.927
  eta0.005 b5 w19 indep: 흥분 후보: 평균 0.0725 std 0.0065 | 발화율(KC·노출당) 일치형 0.023 불일치형 0.296 | 가지치기 후 같은 위치: 일치형 0.013 불일치형 0.022
  eta0.005 b10 w18 corr: 흥분 후보: 평균 0.0715 std 0.0044 | 발화율(KC·노출당) 일치형 0.008 불일치형 0.293 | 가지치기 후 같은 위치: 일치형 0.292 불일치형 0.920
  eta0.005 b10 w18 indep: 흥분 후보: 평균 0.0728 std 0.0037 | 발화율(KC·노출당) 일치형 0.007 불일치형 0.295 | 가지치기 후 같은 위치: 일치형 0.000 불일치형 0.005
  eta0.005 b10 w19 corr: 흥분 후보: 평균 0.0707 std 0.0046 | 발화율(KC·노출당) 일치형 0.009 불일치형 0.297 | 가지치기 후 같은 위치: 일치형 0.398 불일치형 0.927
  eta0.005 b10 w19 indep: 흥분 후보: 평균 0.0722 std 0.0033 | 발화율(KC·노출당) 일치형 0.007 불일치형 0.296 | 가지치기 후 같은 위치: 일치형 0.033 불일치형 0.030
  eta0.02 b5 w18 corr: 흥분 후보: 평균 0.0716 std 0.0130 | 발화율(KC·노출당) 일치형 0.007 불일치형 0.295 | 가지치기 후 같은 위치: 일치형 0.228 불일치형 0.920
  eta0.02 b5 w18 indep: 흥분 후보: 평균 0.0735 std 0.0101 | 발화율(KC·노출당) 일치형 0.005 불일치형 0.296 | 가지치기 후 같은 위치: 일치형 0.000 불일치형 0.013
  eta0.02 b5 w19 corr: 흥분 후보: 평균 0.0703 std 0.0151 | 발화율(KC·노출당) 일치형 0.008 불일치형 0.297 | 가지치기 후 같은 위치: 일치형 0.307 불일치형 0.927
  eta0.02 b5 w19 indep: 흥분 후보: 평균 0.0724 std 0.0112 | 발화율(KC·노출당) 일치형 0.006 불일치형 0.296 | 가지치기 후 같은 위치: 일치형 0.020 불일치형 0.020
  eta0.02 b10 w18 corr: 흥분 후보: 평균 0.0711 std 0.0077 | 발화율(KC·노출당) 일치형 0.002 불일치형 0.292 | 가지치기 후 같은 위치: 일치형 0.085 불일치형 0.920
  eta0.02 b10 w18 indep: 흥분 후보: 평균 0.0709 std 0.0076 | 발화율(KC·노출당) 일치형 0.002 불일치형 0.292 | 가지치기 후 같은 위치: 일치형 0.010 불일치형 0.035
  eta0.02 b10 w19 corr: 흥분 후보: 평균 0.0691 std 0.0071 | 발화율(KC·노출당) 일치형 0.002 불일치형 0.296 | 가지치기 후 같은 위치: 일치형 0.058 불일치형 0.927
  eta0.02 b10 w19 indep: 흥분 후보: 평균 0.0686 std 0.0078 | 발화율(KC·노출당) 일치형 0.002 불일치형 0.291 | 가지치기 후 같은 위치: 일치형 0.000 불일치형 0.020
[E136 보정] 종료
