[관계] 항목 8개(훈련 4, 새 4), 반쪽 50 중 활성 15, 항목 간 겹침 2~7(평균 4.5), 새↔훈련 겹침 2~7, 패턴 64개(S 8, D 56)
make: Entering directory '/root/e136_main_run/minimal_circuit_CODE'
make: Leaving directory '/root/e136_main_run/minimal_circuit_CODE'
[KC불러옴] /mnt/c/Users/JungHyun/Desktop/brain/BrainSimulation-rebuild/research/experiments/traces/E136/dev_corr_w85.npz | 일치형 같은 위치 343/400 | 불일치형 같은 위치 355/400
  시행    1~ 400: 정답률  29.0%
  시행  401~ 800: 정답률  31.2%
=> SDGEN mode=frozen seed=85 trialseed=600 train_same=0.0 train_diff=0.0 train_bal=0.0 novel_same=47.7 novel_diff=26.8 novel_bal=37.3 | ties train:0 novel:0 | n_same/diff train 52/48 novel 44/56
=> SDLAB diff=cyclic rule=samediff mode=frozen seed=85 trialseed=600 train_accL=0.0 train_accR=0.0 train_lbal=0.0 novel_accL=47.7 novel_accR=26.8 novel_lbal=37.3

=== 평가 (탐색 없음, 학습 없음, 무작위 순서 100시행) : 정답률 0.0% | 동점 0회 ===
   자극 A: 0/57 (0.0%)
   자극 B: 0/43 (0.0%)

=== 학습 후 자극별 출력 (선택 이전의 원 신호) ===
  자극 A → 정답 L | out_L=  11  out_R=  44  차이   -33 | KC 132개
  자극 B → 정답 R | out_L=  40  out_R=  35  차이    +5 | KC 117개

=== 가중치 구조 (A전용 KC 118개, B전용 KC 103개) ===
  A전용 KC → out_L 평균 0.5000 | out_R 평균 0.5000 | 차이 +0.0000 (정답은 out_L) **반대**
  B전용 KC → out_L 평균 0.5000 | out_R 평균 0.5000 | 차이 +0.0000 (정답은 out_R) **정답쪽 우세**

=== 가중치 변화 ===
  kc_out_l: n=8007 |Δ|평균 0.00000 변화율   0.0% | 평균 0.500→0.500 | std 0.0000→0.0000
  kc_out_r: n=8024 |Δ|평균 0.00000 변화율   0.0% | 평균 0.500→0.500 | std 0.0000→0.0000

=== 요약 (mode=frozen seed=85) ===
  첫 구간 29.0% → 마지막 구간 31.2% | 변화 +2.3%p | 보상률 0.0%
=> MINCIRC mode=frozen seed=85 first=29.0 last=31.2 delta=+2.3 reward=0.0 **eval=0.0** tie=0 trialseed=600
