[관계] 항목 8개(훈련 4, 새 4), 반쪽 50 중 활성 15, 항목 간 겹침 1~8(평균 4.5), 새↔훈련 겹침 2~8, 패턴 64개(S 8, D 56)
make: Entering directory '/root/e136_main_run/minimal_circuit_CODE'
make: Nothing to be done for 'all'.
make: Leaving directory '/root/e136_main_run/minimal_circuit_CODE'
[KC불러옴] /mnt/c/Users/JungHyun/Desktop/brain/BrainSimulation-rebuild/research/experiments/traces/E136/dev_corr_w83.npz | 일치형 같은 위치 329/400 | 불일치형 같은 위치 344/400
  시행    1~ 400: 정답률  42.8%
  시행  401~ 800: 정답률  48.0%
=> SDGEN mode=frozen seed=83 trialseed=601 train_same=47.8 train_diff=25.9 train_bal=36.9 novel_same=75.9 novel_diff=66.7 novel_bal=71.3 | ties train:36 novel:0 | n_same/diff train 46/54 novel 58/42
=> SDLAB diff=cyclic rule=samediff mode=frozen seed=83 trialseed=601 train_accL=47.8 train_accR=25.9 train_lbal=36.9 novel_accL=75.9 novel_accR=66.7 novel_lbal=71.3

=== 평가 (탐색 없음, 학습 없음, 무작위 순서 100시행) : 정답률 49.0% | 동점 0회 ===
   자극 A: 0/51 (0.0%)
   자극 B: 49/49 (100.0%)

=== 학습 후 자극별 출력 (선택 이전의 원 신호) ===
  자극 A → 정답 L | out_L=  32  out_R=  43  차이   -11 | KC 125개
  자극 B → 정답 R | out_L=  33  out_R=  35  차이    -2 | KC 105개

=== 가중치 구조 (A전용 KC 109개, B전용 KC 89개) ===
  A전용 KC → out_L 평균 0.5000 | out_R 평균 0.5000 | 차이 +0.0000 (정답은 out_L) **반대**
  B전용 KC → out_L 평균 0.5000 | out_R 평균 0.5000 | 차이 +0.0000 (정답은 out_R) **정답쪽 우세**

=== 가중치 변화 ===
  kc_out_l: n=7989 |Δ|평균 0.00000 변화율   0.0% | 평균 0.500→0.500 | std 0.0000→0.0000
  kc_out_r: n=8079 |Δ|평균 0.00000 변화율   0.0% | 평균 0.500→0.500 | std 0.0000→0.0000

=== 요약 (mode=frozen seed=83) ===
  첫 구간 42.8% → 마지막 구간 48.0% | 변화 +5.2%p | 보상률 0.0%
=> MINCIRC mode=frozen seed=83 first=42.8 last=48.0 delta=+5.2 reward=0.0 **eval=49.0** tie=0 trialseed=601
