[관계] 항목 8개(훈련 4, 새 4), 반쪽 50 중 활성 15, 항목 간 겹침 2~9(평균 4.8), 새↔훈련 겹침 2~9, 패턴 64개(S 8, D 56)
make: Entering directory '/root/e136_main_run/minimal_circuit_CODE'
make: Nothing to be done for 'all'.
make: Leaving directory '/root/e136_main_run/minimal_circuit_CODE'
[KC불러옴] /mnt/c/Users/JungHyun/Desktop/brain/BrainSimulation-rebuild/research/experiments/traces/E136/dev_corr_w82.npz | 일치형 같은 위치 351/400 | 불일치형 같은 위치 378/400
  시행    1~ 400: 정답률  47.0%
  시행  401~ 800: 정답률  65.8%
=> SDGEN mode=learn seed=82 trialseed=601 train_same=100.0 train_diff=100.0 train_bal=100.0 novel_same=100.0 novel_diff=89.4 novel_bal=94.7 | ties train:0 novel:0 | n_same/diff train 54/46 novel 53/47
=> SDLAB diff=cyclic rule=samediff mode=learn seed=82 trialseed=601 train_accL=100.0 train_accR=100.0 train_lbal=100.0 novel_accL=100.0 novel_accR=89.4 novel_lbal=94.7

=== 평가 (탐색 없음, 학습 없음, 무작위 순서 100시행) : 정답률 0.0% | 동점 0회 ===
   자극 A: 0/45 (0.0%)
   자극 B: 0/55 (0.0%)

=== 학습 후 자극별 출력 (선택 이전의 원 신호) ===
  자극 A → 정답 L | out_L=  12  out_R=  21  차이    -9 | KC 131개
  자극 B → 정답 R | out_L=  27  out_R=  22  차이    +5 | KC 111개

=== 가중치 구조 (A전용 KC 118개, B전용 KC 98개) ===
  A전용 KC → out_L 평균 0.5240 | out_R 평균 0.5544 | 차이 -0.0304 (정답은 out_L) **반대**
  B전용 KC → out_L 평균 0.5333 | out_R 평균 0.5473 | 차이 -0.0140 (정답은 out_R) **정답쪽 우세**

=== 가중치 변화 ===
  kc_out_l: n=7928 |Δ|평균 0.04267 변화율  71.4% | 평균 0.500→0.531 | std 0.0000→0.0582
  kc_out_r: n=7983 |Δ|평균 0.06022 변화율  71.9% | 평균 0.500→0.545 | std 0.0000→0.0704

=== 요약 (mode=learn seed=82) ===
  첫 구간 47.0% → 마지막 구간 65.8% | 변화 +18.8%p | 보상률 56.4%
=> MINCIRC mode=learn seed=82 first=47.0 last=65.8 delta=+18.8 reward=56.4 **eval=0.0** tie=0 trialseed=601
