[관계] 항목 8개(훈련 4, 새 4), 반쪽 50 중 활성 15, 항목 간 겹침 2~8(평균 4.8), 새↔훈련 겹침 2~8, 패턴 64개(S 8, D 56)
make: Entering directory '/root/e136_main_run/minimal_circuit_CODE'
make: Nothing to be done for 'all'.
make: Leaving directory '/root/e136_main_run/minimal_circuit_CODE'
[KC불러옴] /mnt/c/Users/JungHyun/Desktop/brain/BrainSimulation-rebuild/research/experiments/traces/E136/dev_corr_w81.npz | 일치형 같은 위치 334/400 | 불일치형 같은 위치 374/400
  시행    1~ 400: 정답률  56.5%
  시행  401~ 800: 정답률  66.8%
=> SDGEN mode=learn seed=81 trialseed=601 train_same=100.0 train_diff=84.0 train_bal=92.0 novel_same=100.0 novel_diff=93.0 novel_bal=96.5 | ties train:0 novel:0 | n_same/diff train 50/50 novel 57/43
=> SDLAB diff=cyclic rule=samediff mode=learn seed=81 trialseed=601 train_accL=100.0 train_accR=84.0 train_lbal=92.0 novel_accL=100.0 novel_accR=93.0 novel_lbal=96.5

=== 평가 (탐색 없음, 학습 없음, 무작위 순서 100시행) : 정답률 37.0% | 동점 0회 ===
   자극 A: 0/63 (0.0%)
   자극 B: 37/37 (100.0%)

=== 학습 후 자극별 출력 (선택 이전의 원 신호) ===
  자극 A → 정답 L | out_L=  28  out_R=  36  차이    -8 | KC 109개
  자극 B → 정답 R | out_L=  25  out_R=  45  차이   -20 | KC 117개

=== 가중치 구조 (A전용 KC 99개, B전용 KC 107개) ===
  A전용 KC → out_L 평균 0.5663 | out_R 평균 0.5729 | 차이 -0.0066 (정답은 out_L) **반대**
  B전용 KC → out_L 평균 0.5440 | out_R 평균 0.5236 | 차이 +0.0204 (정답은 out_R) **반대**

=== 가중치 변화 ===
  kc_out_l: n=8042 |Δ|평균 0.05817 변화율  69.2% | 평균 0.500→0.541 | std 0.0000→0.0822
  kc_out_r: n=8003 |Δ|평균 0.05091 변화율  69.2% | 평균 0.500→0.543 | std 0.0000→0.0612

=== 요약 (mode=learn seed=81) ===
  첫 구간 56.5% → 마지막 구간 66.8% | 변화 +10.3%p | 보상률 61.6%
=> MINCIRC mode=learn seed=81 first=56.5 last=66.8 delta=+10.3 reward=61.6 **eval=37.0** tie=0 trialseed=601
