[관계] 항목 8개(훈련 4, 새 4), 반쪽 50 중 활성 15, 항목 간 겹침 1~9(평균 4.4), 새↔훈련 겹침 1~9, 패턴 64개(S 8, D 56)
make: Entering directory '/root/e136_main_run/minimal_circuit_CODE'
make: Nothing to be done for 'all'.
make: Leaving directory '/root/e136_main_run/minimal_circuit_CODE'
[KC불러옴] /mnt/c/Users/JungHyun/Desktop/brain/BrainSimulation-rebuild/research/experiments/traces/E136/dev_corr_w90.npz | 일치형 같은 위치 298/400 | 불일치형 같은 위치 305/400
  시행    1~ 400: 정답률  66.2%
  시행  401~ 800: 정답률  70.2%
=> SDGEN mode=frozen seed=90 trialseed=601 train_same=100.0 train_diff=100.0 train_bal=100.0 novel_same=68.4 novel_diff=72.1 novel_bal=70.3 | ties train:0 novel:3 | n_same/diff train 48/52 novel 57/43
=> SDLAB diff=cyclic rule=samediff mode=frozen seed=90 trialseed=601 train_accL=100.0 train_accR=100.0 train_lbal=100.0 novel_accL=68.4 novel_accR=72.1 novel_lbal=70.3

=== 평가 (탐색 없음, 학습 없음, 무작위 순서 100시행) : 정답률 100.0% | 동점 0회 ===
   자극 A: 54/54 (100.0%)
   자극 B: 46/46 (100.0%)

=== 학습 후 자극별 출력 (선택 이전의 원 신호) ===
  자극 A → 정답 L | out_L=  34  out_R=  32  차이    +2 | KC 110개
  자극 B → 정답 R | out_L=  24  out_R=  35  차이   -11 | KC 136개

=== 가중치 구조 (A전용 KC 104개, B전용 KC 130개) ===
  A전용 KC → out_L 평균 0.5000 | out_R 평균 0.5000 | 차이 +0.0000 (정답은 out_L) **반대**
  B전용 KC → out_L 평균 0.5000 | out_R 평균 0.5000 | 차이 +0.0000 (정답은 out_R) **정답쪽 우세**

=== 가중치 변화 ===
  kc_out_l: n=8086 |Δ|평균 0.00000 변화율   0.0% | 평균 0.500→0.500 | std 0.0000→0.0000
  kc_out_r: n=8115 |Δ|평균 0.00000 변화율   0.0% | 평균 0.500→0.500 | std 0.0000→0.0000

=== 요약 (mode=frozen seed=90) ===
  첫 구간 66.2% → 마지막 구간 70.2% | 변화 +4.0%p | 보상률 0.0%
=> MINCIRC mode=frozen seed=90 first=66.2 last=70.2 delta=+4.0 reward=0.0 **eval=100.0** tie=0 trialseed=601
