[관계] 항목 8개(훈련 4, 새 4), 반쪽 50 중 활성 15, 항목 간 겹침 2~7(평균 4.5), 새↔훈련 겹침 3~7, 패턴 64개(S 8, D 56)
make: Entering directory '/root/e136_main_run/minimal_circuit_CODE'
make: Nothing to be done for 'all'.
make: Leaving directory '/root/e136_main_run/minimal_circuit_CODE'
[KC불러옴] /mnt/c/Users/JungHyun/Desktop/brain/BrainSimulation-rebuild/research/experiments/traces/E136/dev_corr_w93.npz | 일치형 같은 위치 328/400 | 불일치형 같은 위치 368/400
  시행    1~ 400: 정답률  56.5%
  시행  401~ 800: 정답률  70.2%
=> SDGEN mode=learn seed=93 trialseed=601 train_same=100.0 train_diff=100.0 train_bal=100.0 novel_same=100.0 novel_diff=100.0 novel_bal=100.0 | ties train:0 novel:0 | n_same/diff train 48/52 novel 46/54
=> SDLAB diff=cyclic rule=samediff mode=learn seed=93 trialseed=601 train_accL=100.0 train_accR=100.0 train_lbal=100.0 novel_accL=100.0 novel_accR=100.0 novel_lbal=100.0

=== 평가 (탐색 없음, 학습 없음, 무작위 순서 100시행) : 정답률 53.0% | 동점 0회 ===
   자극 A: 0/47 (0.0%)
   자극 B: 53/53 (100.0%)

=== 학습 후 자극별 출력 (선택 이전의 원 신호) ===
  자극 A → 정답 L | out_L=   0  out_R= 100  차이  -100 | KC 132개
  자극 B → 정답 R | out_L=   6  out_R=  37  차이   -31 | KC 140개

=== 가중치 구조 (A전용 KC 112개, B전용 KC 120개) ===
  A전용 KC → out_L 평균 0.5011 | out_R 평균 0.5882 | 차이 -0.0871 (정답은 out_L) **반대**
  B전용 KC → out_L 평균 0.5118 | out_R 평균 0.5820 | 차이 -0.0702 (정답은 out_R) **정답쪽 우세**

=== 가중치 변화 ===
  kc_out_l: n=7957 |Δ|평균 0.05580 변화율  73.2% | 평균 0.500→0.544 | std 0.0000→0.0772
  kc_out_r: n=7960 |Δ|평균 0.06434 변화율  72.8% | 평균 0.500→0.558 | std 0.0000→0.0650

=== 요약 (mode=learn seed=93) ===
  첫 구간 56.5% → 마지막 구간 70.2% | 변화 +13.8%p | 보상률 63.4%
=> MINCIRC mode=learn seed=93 first=56.5 last=70.2 delta=+13.8 reward=63.4 **eval=53.0** tie=0 trialseed=601
