[관계] 항목 8개(훈련 4, 새 4), 반쪽 50 중 활성 15, 항목 간 겹침 1~7(평균 4.5), 새↔훈련 겹침 1~6, 패턴 64개(S 8, D 56)
make: Entering directory '/root/e136_main_run/minimal_circuit_CODE'
make: Leaving directory '/root/e136_main_run/minimal_circuit_CODE'
[KC불러옴] /mnt/c/Users/JungHyun/Desktop/brain/BrainSimulation-rebuild/research/experiments/traces/E136/dev_corr_w84.npz | 일치형 같은 위치 328/400 | 불일치형 같은 위치 347/400
  시행    1~ 400: 정답률  59.5%
  시행  401~ 800: 정답률  65.2%
=> SDGEN mode=learn seed=84 trialseed=600 train_same=100.0 train_diff=100.0 train_bal=100.0 novel_same=100.0 novel_diff=82.1 novel_bal=91.1 | ties train:0 novel:0 | n_same/diff train 44/56 novel 44/56
=> SDLAB diff=cyclic rule=samediff mode=learn seed=84 trialseed=600 train_accL=100.0 train_accR=100.0 train_lbal=100.0 novel_accL=100.0 novel_accR=82.1 novel_lbal=91.1

=== 평가 (탐색 없음, 학습 없음, 무작위 순서 100시행) : 정답률 0.0% | 동점 0회 ===
   자극 A: 0/55 (0.0%)
   자극 B: 0/45 (0.0%)

=== 학습 후 자극별 출력 (선택 이전의 원 신호) ===
  자극 A → 정답 L | out_L=   2  out_R=  64  차이   -62 | KC 124개
  자극 B → 정답 R | out_L=  20  out_R=  18  차이    +2 | KC 155개

=== 가중치 구조 (A전용 KC 116개, B전용 KC 147개) ===
  A전용 KC → out_L 평균 0.4984 | out_R 평균 0.5687 | 차이 -0.0702 (정답은 out_L) **반대**
  B전용 KC → out_L 평균 0.5136 | out_R 평균 0.5407 | 차이 -0.0270 (정답은 out_R) **정답쪽 우세**

=== 가중치 변화 ===
  kc_out_l: n=7971 |Δ|평균 0.06023 변화율  68.8% | 평균 0.500→0.549 | std 0.0000→0.0842
  kc_out_r: n=7872 |Δ|평균 0.04517 변화율  68.6% | 평균 0.500→0.536 | std 0.0000→0.0576

=== 요약 (mode=learn seed=84) ===
  첫 구간 59.5% → 마지막 구간 65.2% | 변화 +5.8%p | 보상률 62.4%
=> MINCIRC mode=learn seed=84 first=59.5 last=65.2 delta=+5.8 reward=62.4 **eval=0.0** tie=0 trialseed=600
