[관계] 항목 8개(훈련 4, 새 4), 반쪽 50 중 활성 15, 항목 간 겹침 1~8(평균 4.5), 새↔훈련 겹침 1~7, 패턴 64개(S 8, D 56)
make: Entering directory '/root/e136_main_run/minimal_circuit_CODE'
make: Leaving directory '/root/e136_main_run/minimal_circuit_CODE'
[KC불러옴] /mnt/c/Users/JungHyun/Desktop/brain/BrainSimulation-rebuild/research/experiments/traces/E136/dev_corr_w78.npz | 일치형 같은 위치 317/400 | 불일치형 같은 위치 334/400
  시행    1~ 400: 정답률  55.2%
  시행  401~ 800: 정답률  66.8%
=> SDGEN mode=learn seed=78 trialseed=600 train_same=100.0 train_diff=69.0 train_bal=84.5 novel_same=100.0 novel_diff=78.3 novel_bal=89.1 | ties train:0 novel:4 | n_same/diff train 42/58 novel 54/46
=> SDLAB diff=cyclic rule=samediff mode=learn seed=78 trialseed=600 train_accL=100.0 train_accR=69.0 train_lbal=84.5 novel_accL=100.0 novel_accR=78.3 novel_lbal=89.1

=== 평가 (탐색 없음, 학습 없음, 무작위 순서 100시행) : 정답률 57.0% | 동점 0회 ===
   자극 A: 0/43 (0.0%)
   자극 B: 57/57 (100.0%)

=== 학습 후 자극별 출력 (선택 이전의 원 신호) ===
  자극 A → 정답 L | out_L=  35  out_R=  44  차이    -9 | KC 114개
  자극 B → 정답 R | out_L=  17  out_R=  39  차이   -22 | KC 128개

=== 가중치 구조 (A전용 KC 104개, B전용 KC 118개) ===
  A전용 KC → out_L 평균 0.5115 | out_R 평균 0.5577 | 차이 -0.0462 (정답은 out_L) **반대**
  B전용 KC → out_L 평균 0.5366 | out_R 평균 0.5496 | 차이 -0.0131 (정답은 out_R) **정답쪽 우세**

=== 가중치 변화 ===
  kc_out_l: n=7901 |Δ|평균 0.05855 변화율  73.0% | 평균 0.500→0.546 | std 0.0000→0.0793
  kc_out_r: n=8030 |Δ|평균 0.05033 변화율  73.0% | 평균 0.500→0.542 | std 0.0000→0.0602

=== 요약 (mode=learn seed=78) ===
  첫 구간 55.2% → 마지막 구간 66.8% | 변화 +11.5%p | 보상률 61.0%
=> MINCIRC mode=learn seed=78 first=55.2 last=66.8 delta=+11.5 reward=61.0 **eval=57.0** tie=0 trialseed=600
