[관계] 항목 8개(훈련 4, 새 4), 반쪽 50 중 활성 15, 항목 간 겹침 2~8(평균 4.8), 새↔훈련 겹침 3~8, 패턴 64개(S 8, D 56)
make: Entering directory '/root/e136_main_run/minimal_circuit_CODE'
make: Leaving directory '/root/e136_main_run/minimal_circuit_CODE'
[KC불러옴] /mnt/c/Users/JungHyun/Desktop/brain/BrainSimulation-rebuild/research/experiments/traces/E136/dev_corr_w91.npz | 일치형 같은 위치 294/400 | 불일치형 같은 위치 355/400
  시행    1~ 400: 정답률  44.5%
  시행  401~ 800: 정답률  43.5%
=> SDGEN mode=frozen seed=91 trialseed=600 train_same=6.1 train_diff=51.0 train_bal=28.6 novel_same=28.6 novel_diff=33.3 novel_bal=31.0 | ties train:11 novel:7 | n_same/diff train 49/51 novel 49/51
=> SDLAB diff=cyclic rule=samediff mode=frozen seed=91 trialseed=600 train_accL=6.1 train_accR=51.0 train_lbal=28.6 novel_accL=28.6 novel_accR=33.3 novel_lbal=31.0

=== 평가 (탐색 없음, 학습 없음, 무작위 순서 100시행) : 정답률 100.0% | 동점 0회 ===
   자극 A: 53/53 (100.0%)
   자극 B: 47/47 (100.0%)

=== 학습 후 자극별 출력 (선택 이전의 원 신호) ===
  자극 A → 정답 L | out_L=  44  out_R=  34  차이   +10 | KC 117개
  자극 B → 정답 R | out_L=  29  out_R=  43  차이   -14 | KC 120개

=== 가중치 구조 (A전용 KC 100개, B전용 KC 103개) ===
  A전용 KC → out_L 평균 0.5000 | out_R 평균 0.5000 | 차이 +0.0000 (정답은 out_L) **반대**
  B전용 KC → out_L 평균 0.5000 | out_R 평균 0.5000 | 차이 +0.0000 (정답은 out_R) **정답쪽 우세**

=== 가중치 변화 ===
  kc_out_l: n=7973 |Δ|평균 0.00000 변화율   0.0% | 평균 0.500→0.500 | std 0.0000→0.0000
  kc_out_r: n=8053 |Δ|평균 0.00000 변화율   0.0% | 평균 0.500→0.500 | std 0.0000→0.0000

=== 요약 (mode=frozen seed=91) ===
  첫 구간 44.5% → 마지막 구간 43.5% | 변화 -1.0%p | 보상률 0.0%
=> MINCIRC mode=frozen seed=91 first=44.5 last=43.5 delta=-1.0 reward=0.0 **eval=100.0** tie=0 trialseed=600
