[관계] 항목 8개(훈련 4, 새 4), 반쪽 50 중 활성 15, 항목 간 겹침 2~8(평균 4.8), 새↔훈련 겹침 2~8, 패턴 64개(S 8, D 56)
make: Entering directory '/root/e136_main_run/minimal_circuit_CODE'
make: Leaving directory '/root/e136_main_run/minimal_circuit_CODE'
[KC불러옴] /mnt/c/Users/JungHyun/Desktop/brain/BrainSimulation-rebuild/research/experiments/traces/E136/dev_corr_w81.npz | 일치형 같은 위치 334/400 | 불일치형 같은 위치 374/400
  시행    1~ 400: 정답률  48.5%
  시행  401~ 800: 정답률  50.5%
=> SDGEN mode=frozen seed=81 trialseed=600 train_same=40.0 train_diff=38.0 train_bal=39.0 novel_same=100.0 novel_diff=39.5 novel_bal=69.8 | ties train:0 novel:0 | n_same/diff train 50/50 novel 57/43
=> SDLAB diff=cyclic rule=samediff mode=frozen seed=81 trialseed=600 train_accL=40.0 train_accR=38.0 train_lbal=39.0 novel_accL=100.0 novel_accR=39.5 novel_lbal=69.8

=== 평가 (탐색 없음, 학습 없음, 무작위 순서 100시행) : 정답률 100.0% | 동점 0회 ===
   자극 A: 63/63 (100.0%)
   자극 B: 37/37 (100.0%)

=== 학습 후 자극별 출력 (선택 이전의 원 신호) ===
  자극 A → 정답 L | out_L=  37  out_R=  31  차이    +6 | KC 109개
  자극 B → 정답 R | out_L=  28  out_R=  42  차이   -14 | KC 117개

=== 가중치 구조 (A전용 KC 99개, B전용 KC 107개) ===
  A전용 KC → out_L 평균 0.5000 | out_R 평균 0.5000 | 차이 +0.0000 (정답은 out_L) **반대**
  B전용 KC → out_L 평균 0.5000 | out_R 평균 0.5000 | 차이 +0.0000 (정답은 out_R) **정답쪽 우세**

=== 가중치 변화 ===
  kc_out_l: n=8042 |Δ|평균 0.00000 변화율   0.0% | 평균 0.500→0.500 | std 0.0000→0.0000
  kc_out_r: n=8003 |Δ|평균 0.00000 변화율   0.0% | 평균 0.500→0.500 | std 0.0000→0.0000

=== 요약 (mode=frozen seed=81) ===
  첫 구간 48.5% → 마지막 구간 50.5% | 변화 +2.0%p | 보상률 0.0%
=> MINCIRC mode=frozen seed=81 first=48.5 last=50.5 delta=+2.0 reward=0.0 **eval=100.0** tie=0 trialseed=600
