[관계] 항목 8개(훈련 4, 새 4), 반쪽 50 중 활성 15, 항목 간 겹침 2~8(평균 4.8), 새↔훈련 겹침 2~8, 패턴 64개(S 8, D 56)
make: Entering directory '/root/e136_main_run/minimal_circuit_CODE'
make: Leaving directory '/root/e136_main_run/minimal_circuit_CODE'
[KC불러옴] /mnt/c/Users/JungHyun/Desktop/brain/BrainSimulation-rebuild/research/experiments/traces/E136/dev_corr_w81.npz | 일치형 같은 위치 334/400 | 불일치형 같은 위치 374/400
  시행    1~ 400: 정답률  60.5%
  시행  401~ 800: 정답률  68.0%
=> SDGEN mode=learn seed=81 trialseed=600 train_same=100.0 train_diff=100.0 train_bal=100.0 novel_same=100.0 novel_diff=80.0 novel_bal=90.0 | ties train:0 novel:3 | n_same/diff train 50/50 novel 55/45
=> SDLAB diff=cyclic rule=samediff mode=learn seed=81 trialseed=600 train_accL=100.0 train_accR=100.0 train_lbal=100.0 novel_accL=100.0 novel_accR=80.0 novel_lbal=90.0

=== 평가 (탐색 없음, 학습 없음, 무작위 순서 100시행) : 정답률 37.0% | 동점 0회 ===
   자극 A: 0/63 (0.0%)
   자극 B: 37/37 (100.0%)

=== 학습 후 자극별 출력 (선택 이전의 원 신호) ===
  자극 A → 정답 L | out_L=  29  out_R=  36  차이    -7 | KC 109개
  자극 B → 정답 R | out_L=  25  out_R=  40  차이   -15 | KC 117개

=== 가중치 구조 (A전용 KC 99개, B전용 KC 107개) ===
  A전용 KC → out_L 평균 0.5709 | out_R 평균 0.5681 | 차이 +0.0028 (정답은 out_L) **정답쪽 우세**
  B전용 KC → out_L 평균 0.5533 | out_R 평균 0.5311 | 차이 +0.0222 (정답은 out_R) **반대**

=== 가중치 변화 ===
  kc_out_l: n=8042 |Δ|평균 0.06185 변화율  69.2% | 평균 0.500→0.548 | std 0.0000→0.0869
  kc_out_r: n=8003 |Δ|평균 0.05218 변화율  69.2% | 평균 0.500→0.545 | std 0.0000→0.0618

=== 요약 (mode=learn seed=81) ===
  첫 구간 60.5% → 마지막 구간 68.0% | 변화 +7.5%p | 보상률 64.2%
=> MINCIRC mode=learn seed=81 first=60.5 last=68.0 delta=+7.5 reward=64.2 **eval=37.0** tie=0 trialseed=600
