[관계] 항목 8개(훈련 4, 새 4), 반쪽 50 중 활성 15, 항목 간 겹침 0~8(평균 4.8), 새↔훈련 겹침 0~8, 패턴 64개(S 8, D 56)
make: Entering directory '/root/e136_main_run/minimal_circuit_CODE'
make: Leaving directory '/root/e136_main_run/minimal_circuit_CODE'
[KC불러옴] /mnt/c/Users/JungHyun/Desktop/brain/BrainSimulation-rebuild/research/experiments/traces/E136/dev_corr_w88.npz | 일치형 같은 위치 344/400 | 불일치형 같은 위치 384/400
  시행    1~ 400: 정답률  49.8%
  시행  401~ 800: 정답률  60.5%
=> SDGEN mode=learn seed=88 trialseed=600 train_same=100.0 train_diff=56.4 train_bal=78.2 novel_same=100.0 novel_diff=93.9 novel_bal=96.9 | ties train:0 novel:0 | n_same/diff train 45/55 novel 51/49
=> SDLAB diff=cyclic rule=samediff mode=learn seed=88 trialseed=600 train_accL=100.0 train_accR=56.4 train_lbal=78.2 novel_accL=100.0 novel_accR=93.9 novel_lbal=96.9

=== 평가 (탐색 없음, 학습 없음, 무작위 순서 100시행) : 정답률 49.0% | 동점 0회 ===
   자극 A: 0/51 (0.0%)
   자극 B: 49/49 (100.0%)

=== 학습 후 자극별 출력 (선택 이전의 원 신호) ===
  자극 A → 정답 L | out_L=  29  out_R=  41  차이   -12 | KC 107개
  자극 B → 정답 R | out_L=  15  out_R=  33  차이   -18 | KC 125개

=== 가중치 구조 (A전용 KC 97개, B전용 KC 115개) ===
  A전용 KC → out_L 평균 0.5151 | out_R 평균 0.5346 | 차이 -0.0195 (정답은 out_L) **반대**
  B전용 KC → out_L 평균 0.5297 | out_R 평균 0.5286 | 차이 +0.0012 (정답은 out_R) **반대**

=== 가중치 변화 ===
  kc_out_l: n=8070 |Δ|평균 0.06620 변화율  79.0% | 평균 0.500→0.543 | std 0.0000→0.0861
  kc_out_r: n=7904 |Δ|평균 0.03728 변화율  79.1% | 평균 0.500→0.528 | std 0.0000→0.0445

=== 요약 (mode=learn seed=88) ===
  첫 구간 49.8% → 마지막 구간 60.5% | 변화 +10.8%p | 보상률 55.1%
=> MINCIRC mode=learn seed=88 first=49.8 last=60.5 delta=+10.8 reward=55.1 **eval=49.0** tie=0 trialseed=600
