[관계] 항목 8개(훈련 4, 새 4), 반쪽 50 중 활성 15, 항목 간 겹침 1~8(평균 4.5), 새↔훈련 겹침 2~8, 패턴 64개(S 8, D 56)
make: Entering directory '/root/e136_main_run/minimal_circuit_CODE'
make: Nothing to be done for 'all'.
make: Leaving directory '/root/e136_main_run/minimal_circuit_CODE'
[KC불러옴] /mnt/c/Users/JungHyun/Desktop/brain/BrainSimulation-rebuild/research/experiments/traces/E136/dev_corr_w83.npz | 일치형 같은 위치 329/400 | 불일치형 같은 위치 344/400
  시행    1~ 400: 정답률  51.2%
  시행  401~ 800: 정답률  64.2%
=> SDGEN mode=learn seed=83 trialseed=601 train_same=100.0 train_diff=100.0 train_bal=100.0 novel_same=100.0 novel_diff=45.7 novel_bal=72.8 | ties train:0 novel:0 | n_same/diff train 52/48 novel 54/46
=> SDLAB diff=cyclic rule=samediff mode=learn seed=83 trialseed=601 train_accL=100.0 train_accR=100.0 train_lbal=100.0 novel_accL=100.0 novel_accR=45.7 novel_lbal=72.8

=== 평가 (탐색 없음, 학습 없음, 무작위 순서 100시행) : 정답률 49.0% | 동점 0회 ===
   자극 A: 0/51 (0.0%)
   자극 B: 49/49 (100.0%)

=== 학습 후 자극별 출력 (선택 이전의 원 신호) ===
  자극 A → 정답 L | out_L=  14  out_R=  27  차이   -13 | KC 125개
  자극 B → 정답 R | out_L=  20  out_R=  45  차이   -25 | KC 105개

=== 가중치 구조 (A전용 KC 109개, B전용 KC 89개) ===
  A전용 KC → out_L 평균 0.5255 | out_R 평균 0.5404 | 차이 -0.0149 (정답은 out_L) **반대**
  B전용 KC → out_L 평균 0.5225 | out_R 평균 0.5435 | 차이 -0.0210 (정답은 out_R) **정답쪽 우세**

=== 가중치 변화 ===
  kc_out_l: n=7989 |Δ|평균 0.05866 변화율  69.8% | 평균 0.500→0.541 | std 0.0000→0.0777
  kc_out_r: n=8079 |Δ|평균 0.04046 변화율  69.4% | 평균 0.500→0.535 | std 0.0000→0.0452

=== 요약 (mode=learn seed=83) ===
  첫 구간 51.2% → 마지막 구간 64.2% | 변화 +13.0%p | 보상률 57.8%
=> MINCIRC mode=learn seed=83 first=51.2 last=64.2 delta=+13.0 reward=57.8 **eval=49.0** tie=0 trialseed=601
