[관계] 항목 8개(훈련 4, 새 4), 반쪽 50 중 활성 15, 항목 간 겹침 1~8(평균 4.7), 새↔훈련 겹침 1~8, 패턴 64개(S 8, D 56)
make: Entering directory '/root/e136_main_run/minimal_circuit_CODE'
make: Nothing to be done for 'all'.
make: Leaving directory '/root/e136_main_run/minimal_circuit_CODE'
[KC불러옴] /mnt/c/Users/JungHyun/Desktop/brain/BrainSimulation-rebuild/research/experiments/traces/E136/dev_corr_w92.npz | 일치형 같은 위치 373/400 | 불일치형 같은 위치 392/400
  시행    1~ 400: 정답률  55.8%
  시행  401~ 800: 정답률  56.8%
=> SDGEN mode=frozen seed=92 trialseed=601 train_same=74.0 train_diff=74.0 train_bal=74.0 novel_same=30.4 novel_diff=74.1 novel_bal=52.3 | ties train:0 novel:0 | n_same/diff train 50/50 novel 46/54
=> SDLAB diff=cyclic rule=samediff mode=frozen seed=92 trialseed=601 train_accL=74.0 train_accR=74.0 train_lbal=74.0 novel_accL=30.4 novel_accR=74.1 novel_lbal=52.3

=== 평가 (탐색 없음, 학습 없음, 무작위 순서 100시행) : 정답률 100.0% | 동점 0회 ===
   자극 A: 56/56 (100.0%)
   자극 B: 44/44 (100.0%)

=== 학습 후 자극별 출력 (선택 이전의 원 신호) ===
  자극 A → 정답 L | out_L=  43  out_R=  42  차이    +1 | KC 118개
  자극 B → 정답 R | out_L=  34  out_R=  37  차이    -3 | KC 108개

=== 가중치 구조 (A전용 KC 104개, B전용 KC 94개) ===
  A전용 KC → out_L 평균 0.5000 | out_R 평균 0.5000 | 차이 +0.0000 (정답은 out_L) **반대**
  B전용 KC → out_L 평균 0.5000 | out_R 평균 0.5000 | 차이 +0.0000 (정답은 out_R) **정답쪽 우세**

=== 가중치 변화 ===
  kc_out_l: n=7936 |Δ|평균 0.00000 변화율   0.0% | 평균 0.500→0.500 | std 0.0000→0.0000
  kc_out_r: n=8115 |Δ|평균 0.00000 변화율   0.0% | 평균 0.500→0.500 | std 0.0000→0.0000

=== 요약 (mode=frozen seed=92) ===
  첫 구간 55.8% → 마지막 구간 56.8% | 변화 +1.0%p | 보상률 0.0%
=> MINCIRC mode=frozen seed=92 first=55.8 last=56.8 delta=+1.0 reward=0.0 **eval=100.0** tie=0 trialseed=601
