[관계] 항목 8개(훈련 4, 새 4), 반쪽 50 중 활성 15, 항목 간 겹침 1~7(평균 4.5), 새↔훈련 겹침 1~6, 패턴 64개(S 8, D 56)
make: Entering directory '/root/e136_main_run/minimal_circuit_CODE'
make: Nothing to be done for 'all'.
make: Leaving directory '/root/e136_main_run/minimal_circuit_CODE'
[KC불러옴] /mnt/c/Users/JungHyun/Desktop/brain/BrainSimulation-rebuild/research/experiments/traces/E136/dev_corr_w84.npz | 일치형 같은 위치 328/400 | 불일치형 같은 위치 347/400
  시행    1~ 400: 정답률  50.0%
  시행  401~ 800: 정답률  54.8%
=> SDGEN mode=frozen seed=84 trialseed=601 train_same=86.7 train_diff=41.8 train_bal=64.2 novel_same=100.0 novel_diff=69.4 novel_bal=84.7 | ties train:12 novel:3 | n_same/diff train 45/55 novel 38/62
=> SDLAB diff=cyclic rule=samediff mode=frozen seed=84 trialseed=601 train_accL=86.7 train_accR=41.8 train_lbal=64.2 novel_accL=100.0 novel_accR=69.4 novel_lbal=84.7

=== 평가 (탐색 없음, 학습 없음, 무작위 순서 100시행) : 정답률 0.0% | 동점 0회 ===
   자극 A: 0/55 (0.0%)
   자극 B: 0/45 (0.0%)

=== 학습 후 자극별 출력 (선택 이전의 원 신호) ===
  자극 A → 정답 L | out_L=  15  out_R=  29  차이   -14 | KC 124개
  자극 B → 정답 R | out_L=  18  out_R=  12  차이    +6 | KC 155개

=== 가중치 구조 (A전용 KC 116개, B전용 KC 147개) ===
  A전용 KC → out_L 평균 0.5000 | out_R 평균 0.5000 | 차이 +0.0000 (정답은 out_L) **반대**
  B전용 KC → out_L 평균 0.5000 | out_R 평균 0.5000 | 차이 +0.0000 (정답은 out_R) **정답쪽 우세**

=== 가중치 변화 ===
  kc_out_l: n=7971 |Δ|평균 0.00000 변화율   0.0% | 평균 0.500→0.500 | std 0.0000→0.0000
  kc_out_r: n=7872 |Δ|평균 0.00000 변화율   0.0% | 평균 0.500→0.500 | std 0.0000→0.0000

=== 요약 (mode=frozen seed=84) ===
  첫 구간 50.0% → 마지막 구간 54.8% | 변화 +4.8%p | 보상률 0.0%
=> MINCIRC mode=frozen seed=84 first=50.0 last=54.8 delta=+4.8 reward=0.0 **eval=0.0** tie=0 trialseed=601
