[관계] 항목 8개(훈련 4, 새 4), 반쪽 50 중 활성 15, 항목 간 겹침 1~8(평균 4.7), 새↔훈련 겹침 1~8, 패턴 64개(S 8, D 56)
make: Entering directory '/root/e136_main_run/minimal_circuit_CODE'
make: Nothing to be done for 'all'.
make: Leaving directory '/root/e136_main_run/minimal_circuit_CODE'
[KC불러옴] /mnt/c/Users/JungHyun/Desktop/brain/BrainSimulation-rebuild/research/experiments/traces/E136/dev_corr_w92.npz | 일치형 같은 위치 373/400 | 불일치형 같은 위치 392/400
  시행    1~ 400: 정답률  57.5%
  시행  401~ 800: 정답률  70.2%
=> SDGEN mode=learn seed=92 trialseed=601 train_same=100.0 train_diff=100.0 train_bal=100.0 novel_same=100.0 novel_diff=100.0 novel_bal=100.0 | ties train:0 novel:0 | n_same/diff train 50/50 novel 46/54
=> SDLAB diff=cyclic rule=samediff mode=learn seed=92 trialseed=601 train_accL=100.0 train_accR=100.0 train_lbal=100.0 novel_accL=100.0 novel_accR=100.0 novel_lbal=100.0

=== 평가 (탐색 없음, 학습 없음, 무작위 순서 100시행) : 정답률 100.0% | 동점 0회 ===
   자극 A: 56/56 (100.0%)
   자극 B: 44/44 (100.0%)

=== 학습 후 자극별 출력 (선택 이전의 원 신호) ===
  자극 A → 정답 L | out_L=  39  out_R=  32  차이    +7 | KC 118개
  자극 B → 정답 R | out_L=  22  out_R=  47  차이   -25 | KC 108개

=== 가중치 구조 (A전용 KC 104개, B전용 KC 94개) ===
  A전용 KC → out_L 평균 0.5415 | out_R 평균 0.5474 | 차이 -0.0060 (정답은 out_L) **반대**
  B전용 KC → out_L 평균 0.5261 | out_R 평균 0.5830 | 차이 -0.0569 (정답은 out_R) **정답쪽 우세**

=== 가중치 변화 ===
  kc_out_l: n=7936 |Δ|평균 0.06067 변화율  82.7% | 평균 0.500→0.547 | std 0.0000→0.0769
  kc_out_r: n=8115 |Δ|평균 0.06171 변화율  82.2% | 평균 0.500→0.553 | std 0.0000→0.0613

=== 요약 (mode=learn seed=92) ===
  첫 구간 57.5% → 마지막 구간 70.2% | 변화 +12.8%p | 보상률 63.9%
=> MINCIRC mode=learn seed=92 first=57.5 last=70.2 delta=+12.8 reward=63.9 **eval=100.0** tie=0 trialseed=601
