[관계] 항목 8개(훈련 4, 새 4), 반쪽 50 중 활성 15, 항목 간 겹침 2~8(평균 4.8), 새↔훈련 겹침 2~6, 패턴 64개(S 8, D 56)
make: Entering directory '/root/e136_main_run/minimal_circuit_CODE'
make: Nothing to be done for 'all'.
make: Leaving directory '/root/e136_main_run/minimal_circuit_CODE'
[KC불러옴] /mnt/c/Users/JungHyun/Desktop/brain/BrainSimulation-rebuild/research/experiments/traces/E136/dev_corr_w79.npz | 일치형 같은 위치 346/400 | 불일치형 같은 위치 365/400
  시행    1~ 400: 정답률  56.8%
  시행  401~ 800: 정답률  70.2%
=> SDGEN mode=learn seed=79 trialseed=601 train_same=100.0 train_diff=100.0 train_bal=100.0 novel_same=100.0 novel_diff=77.8 novel_bal=88.9 | ties train:0 novel:0 | n_same/diff train 53/47 novel 46/54
=> SDLAB diff=cyclic rule=samediff mode=learn seed=79 trialseed=601 train_accL=100.0 train_accR=100.0 train_lbal=100.0 novel_accL=100.0 novel_accR=77.8 novel_lbal=88.9

=== 평가 (탐색 없음, 학습 없음, 무작위 순서 100시행) : 정답률 0.0% | 동점 0회 ===
   자극 A: 0/42 (0.0%)
   자극 B: 0/58 (0.0%)

=== 학습 후 자극별 출력 (선택 이전의 원 신호) ===
  자극 A → 정답 L | out_L=  12  out_R=  36  차이   -24 | KC 119개
  자극 B → 정답 R | out_L=  35  out_R=   7  차이   +28 | KC 130개

=== 가중치 구조 (A전용 KC 103개, B전용 KC 114개) ===
  A전용 KC → out_L 평균 0.5362 | out_R 평균 0.5743 | 차이 -0.0381 (정답은 out_L) **반대**
  B전용 KC → out_L 평균 0.5400 | out_R 평균 0.5339 | 차이 +0.0061 (정답은 out_R) **반대**

=== 가중치 변화 ===
  kc_out_l: n=8058 |Δ|평균 0.05684 변화율  69.6% | 평균 0.500→0.545 | std 0.0000→0.0797
  kc_out_r: n=7947 |Δ|평균 0.05794 변화율  70.4% | 평균 0.500→0.549 | std 0.0000→0.0683

=== 요약 (mode=learn seed=79) ===
  첫 구간 56.8% → 마지막 구간 70.2% | 변화 +13.5%p | 보상률 63.5%
=> MINCIRC mode=learn seed=79 first=56.8 last=70.2 delta=+13.5 reward=63.5 **eval=0.0** tie=0 trialseed=601
