[관계] 항목 8개(훈련 4, 새 4), 반쪽 50 중 활성 15, 항목 간 겹침 1~6(평균 4.9), 새↔훈련 겹침 1~6, 패턴 64개(S 8, D 56)
make: Entering directory '/root/e136_main_run/minimal_circuit_CODE'
make: Leaving directory '/root/e136_main_run/minimal_circuit_CODE'
[KC불러옴] /mnt/c/Users/JungHyun/Desktop/brain/BrainSimulation-rebuild/research/experiments/traces/E136/dev_corr_w80.npz | 일치형 같은 위치 353/400 | 불일치형 같은 위치 356/400
  시행    1~ 400: 정답률  47.8%
  시행  401~ 800: 정답률  50.0%
=> SDGEN mode=frozen seed=80 trialseed=600 train_same=34.0 train_diff=78.7 train_bal=56.3 novel_same=21.8 novel_diff=66.7 novel_bal=44.2 | ties train:0 novel:18 | n_same/diff train 53/47 novel 55/45
=> SDLAB diff=cyclic rule=samediff mode=frozen seed=80 trialseed=600 train_accL=34.0 train_accR=78.7 train_lbal=56.3 novel_accL=21.8 novel_accR=66.7 novel_lbal=44.2

=== 평가 (탐색 없음, 학습 없음, 무작위 순서 100시행) : 정답률 0.0% | 동점 0회 ===
   자극 A: 0/50 (0.0%)
   자극 B: 0/50 (0.0%)

=== 학습 후 자극별 출력 (선택 이전의 원 신호) ===
  자극 A → 정답 L | out_L=  31  out_R=  41  차이   -10 | KC 111개
  자극 B → 정답 R | out_L=  29  out_R=   6  차이   +23 | KC 141개

=== 가중치 구조 (A전용 KC 95개, B전용 KC 125개) ===
  A전용 KC → out_L 평균 0.5000 | out_R 평균 0.5000 | 차이 +0.0000 (정답은 out_L) **반대**
  B전용 KC → out_L 평균 0.5000 | out_R 평균 0.5000 | 차이 +0.0000 (정답은 out_R) **정답쪽 우세**

=== 가중치 변화 ===
  kc_out_l: n=7935 |Δ|평균 0.00000 변화율   0.0% | 평균 0.500→0.500 | std 0.0000→0.0000
  kc_out_r: n=8100 |Δ|평균 0.00000 변화율   0.0% | 평균 0.500→0.500 | std 0.0000→0.0000

=== 요약 (mode=frozen seed=80) ===
  첫 구간 47.8% → 마지막 구간 50.0% | 변화 +2.2%p | 보상률 0.0%
=> MINCIRC mode=frozen seed=80 first=47.8 last=50.0 delta=+2.2 reward=0.0 **eval=0.0** tie=0 trialseed=600
