[관계] 항목 8개(훈련 4, 새 4), 반쪽 50 중 활성 15, 항목 간 겹침 1~8(평균 4.3), 새↔훈련 겹침 1~7, 패턴 64개(S 8, D 56)
make: Entering directory '/root/e136_main_run/minimal_circuit_CODE'
make: Leaving directory '/root/e136_main_run/minimal_circuit_CODE'
[KC불러옴] /mnt/c/Users/JungHyun/Desktop/brain/BrainSimulation-rebuild/research/experiments/traces/E136/dev_corr_w87.npz | 일치형 같은 위치 249/400 | 불일치형 같은 위치 353/400
  시행    1~ 400: 정답률  55.0%
  시행  401~ 800: 정답률  67.2%
=> SDGEN mode=learn seed=87 trialseed=600 train_same=100.0 train_diff=83.7 train_bal=91.8 novel_same=100.0 novel_diff=40.0 novel_bal=70.0 | ties train:0 novel:0 | n_same/diff train 51/49 novel 45/55
=> SDLAB diff=cyclic rule=samediff mode=learn seed=87 trialseed=600 train_accL=100.0 train_accR=83.7 train_lbal=91.8 novel_accL=100.0 novel_accR=40.0 novel_lbal=70.0

=== 평가 (탐색 없음, 학습 없음, 무작위 순서 100시행) : 정답률 100.0% | 동점 0회 ===
   자극 A: 48/48 (100.0%)
   자극 B: 52/52 (100.0%)

=== 학습 후 자극별 출력 (선택 이전의 원 신호) ===
  자극 A → 정답 L | out_L=  42  out_R=  41  차이    +1 | KC 106개
  자극 B → 정답 R | out_L=   2  out_R=  64  차이   -62 | KC 112개

=== 가중치 구조 (A전용 KC 86개, B전용 KC 92개) ===
  A전용 KC → out_L 평균 0.5311 | out_R 평균 0.5491 | 차이 -0.0180 (정답은 out_L) **반대**
  B전용 KC → out_L 평균 0.5211 | out_R 평균 0.5613 | 차이 -0.0402 (정답은 out_R) **정답쪽 우세**

=== 가중치 변화 ===
  kc_out_l: n=8012 |Δ|평균 0.05976 변화율  72.4% | 평균 0.500→0.543 | std 0.0000→0.0805
  kc_out_r: n=7847 |Δ|평균 0.04765 변화율  71.7% | 평균 0.500→0.539 | std 0.0000→0.0611

=== 요약 (mode=learn seed=87) ===
  첫 구간 55.0% → 마지막 구간 67.2% | 변화 +12.2%p | 보상률 61.1%
=> MINCIRC mode=learn seed=87 first=55.0 last=67.2 delta=+12.2 reward=61.1 **eval=100.0** tie=0 trialseed=600
