[관계] 항목 8개(훈련 4, 새 4), 반쪽 50 중 활성 15, 항목 간 겹침 1~9(평균 4.4), 새↔훈련 겹침 1~9, 패턴 64개(S 8, D 56)
make: Entering directory '/root/e136_main_run/minimal_circuit_CODE'
make: Leaving directory '/root/e136_main_run/minimal_circuit_CODE'
[KC불러옴] /mnt/c/Users/JungHyun/Desktop/brain/BrainSimulation-rebuild/research/experiments/traces/E136/dev_corr_w90.npz | 일치형 같은 위치 298/400 | 불일치형 같은 위치 305/400
  시행    1~ 400: 정답률  67.0%
  시행  401~ 800: 정답률  70.8%
=> SDGEN mode=learn seed=90 trialseed=600 train_same=100.0 train_diff=100.0 train_bal=100.0 novel_same=100.0 novel_diff=86.4 novel_bal=93.2 | ties train:0 novel:0 | n_same/diff train 48/52 novel 56/44
=> SDLAB diff=cyclic rule=samediff mode=learn seed=90 trialseed=600 train_accL=100.0 train_accR=100.0 train_lbal=100.0 novel_accL=100.0 novel_accR=86.4 novel_lbal=93.2

=== 평가 (탐색 없음, 학습 없음, 무작위 순서 100시행) : 정답률 46.0% | 동점 0회 ===
   자극 A: 0/54 (0.0%)
   자극 B: 46/46 (100.0%)

=== 학습 후 자극별 출력 (선택 이전의 원 신호) ===
  자극 A → 정답 L | out_L=  28  out_R=  45  차이   -17 | KC 110개
  자극 B → 정답 R | out_L=  10  out_R=  13  차이    -3 | KC 136개

=== 가중치 구조 (A전용 KC 104개, B전용 KC 130개) ===
  A전용 KC → out_L 평균 0.5265 | out_R 평균 0.5534 | 차이 -0.0269 (정답은 out_L) **반대**
  B전용 KC → out_L 평균 0.5501 | out_R 평균 0.5398 | 차이 +0.0103 (정답은 out_R) **반대**

=== 가중치 변화 ===
  kc_out_l: n=8086 |Δ|평균 0.06770 변화율  70.9% | 평균 0.500→0.559 | std 0.0000→0.0921
  kc_out_r: n=8115 |Δ|평균 0.06209 변화율  70.9% | 평균 0.500→0.556 | std 0.0000→0.0624

=== 요약 (mode=learn seed=90) ===
  첫 구간 67.0% → 마지막 구간 70.8% | 변화 +3.8%p | 보상률 68.9%
=> MINCIRC mode=learn seed=90 first=67.0 last=70.8 delta=+3.8 reward=68.9 **eval=46.0** tie=0 trialseed=600
