[관계] 항목 8개(훈련 4, 새 4), 반쪽 50 중 활성 15, 항목 간 겹침 1~6(평균 4.9), 새↔훈련 겹침 1~6, 패턴 64개(S 8, D 56)
make: Entering directory '/root/e136_main_run/minimal_circuit_CODE'
make: Leaving directory '/root/e136_main_run/minimal_circuit_CODE'
[KC불러옴] /mnt/c/Users/JungHyun/Desktop/brain/BrainSimulation-rebuild/research/experiments/traces/E136/dev_corr_w80.npz | 일치형 같은 위치 353/400 | 불일치형 같은 위치 356/400
  시행    1~ 400: 정답률  52.8%
  시행  401~ 800: 정답률  61.5%
=> SDGEN mode=learn seed=80 trialseed=600 train_same=100.0 train_diff=36.2 train_bal=68.1 novel_same=100.0 novel_diff=86.7 novel_bal=93.3 | ties train:0 novel:0 | n_same/diff train 53/47 novel 55/45
=> SDLAB diff=cyclic rule=samediff mode=learn seed=80 trialseed=600 train_accL=100.0 train_accR=36.2 train_lbal=68.1 novel_accL=100.0 novel_accR=86.7 novel_lbal=93.3

=== 평가 (탐색 없음, 학습 없음, 무작위 순서 100시행) : 정답률 50.0% | 동점 0회 ===
   자극 A: 0/50 (0.0%)
   자극 B: 50/50 (100.0%)

=== 학습 후 자극별 출력 (선택 이전의 원 신호) ===
  자극 A → 정답 L | out_L=  32  out_R=  46  차이   -14 | KC 111개
  자극 B → 정답 R | out_L=   9  out_R=  17  차이    -8 | KC 141개

=== 가중치 구조 (A전용 KC 95개, B전용 KC 125개) ===
  A전용 KC → out_L 평균 0.5161 | out_R 평균 0.5668 | 차이 -0.0507 (정답은 out_L) **반대**
  B전용 KC → out_L 평균 0.4998 | out_R 평균 0.5368 | 차이 -0.0370 (정답은 out_R) **정답쪽 우세**

=== 가중치 변화 ===
  kc_out_l: n=7935 |Δ|평균 0.05945 변화율  70.3% | 평균 0.500→0.544 | std 0.0000→0.0804
  kc_out_r: n=8100 |Δ|평균 0.04703 변화율  70.2% | 평균 0.500→0.536 | std 0.0000→0.0600

=== 요약 (mode=learn seed=80) ===
  첫 구간 52.8% → 마지막 구간 61.5% | 변화 +8.8%p | 보상률 57.1%
=> MINCIRC mode=learn seed=80 first=52.8 last=61.5 delta=+8.8 reward=57.1 **eval=50.0** tie=0 trialseed=600
