[관계] 항목 8개(훈련 4, 새 4), 반쪽 50 중 활성 15, 항목 간 겹침 2~7(평균 4.5), 새↔훈련 겹침 3~7, 패턴 64개(S 8, D 56)
make: Entering directory '/root/e136_main_run/minimal_circuit_CODE'
make: Warning: File 'Makefile' has modification time 1.1 s in the future
make: Warning: File 'Makefile' has modification time 0.8 s in the future
make: Warning: File 'Makefile' has modification time 0.49 s in the future
make: Warning: File 'Makefile' has modification time 0.13 s in the future
make: Leaving directory '/root/e136_main_run/minimal_circuit_CODE'
[KC불러옴] /mnt/c/Users/JungHyun/Desktop/brain/BrainSimulation-rebuild/research/experiments/traces/E136/dev_corr_w93.npz | 일치형 같은 위치 328/400 | 불일치형 같은 위치 368/400
  시행    1~ 400: 정답률  57.8%
  시행  401~ 800: 정답률  61.3%
=> SDGEN mode=frozen seed=93 trialseed=600 train_same=47.9 train_diff=100.0 train_bal=74.0 novel_same=56.2 novel_diff=30.8 novel_bal=43.5 | ties train:0 novel:7 | n_same/diff train 48/52 novel 48/52
=> SDLAB diff=cyclic rule=samediff mode=frozen seed=93 trialseed=600 train_accL=47.9 train_accR=100.0 train_lbal=74.0 novel_accL=56.2 novel_accR=30.8 novel_lbal=43.5

=== 평가 (탐색 없음, 학습 없음, 무작위 순서 100시행) : 정답률 53.0% | 동점 0회 ===
   자극 A: 0/47 (0.0%)
   자극 B: 53/53 (100.0%)

=== 학습 후 자극별 출력 (선택 이전의 원 신호) ===
  자극 A → 정답 L | out_L=  44  out_R=  49  차이    -5 | KC 132개
  자극 B → 정답 R | out_L=  12  out_R=  16  차이    -4 | KC 140개

=== 가중치 구조 (A전용 KC 112개, B전용 KC 120개) ===
  A전용 KC → out_L 평균 0.5000 | out_R 평균 0.5000 | 차이 +0.0000 (정답은 out_L) **반대**
  B전용 KC → out_L 평균 0.5000 | out_R 평균 0.5000 | 차이 +0.0000 (정답은 out_R) **정답쪽 우세**

=== 가중치 변화 ===
  kc_out_l: n=7957 |Δ|평균 0.00000 변화율   0.0% | 평균 0.500→0.500 | std 0.0000→0.0000
  kc_out_r: n=7960 |Δ|평균 0.00000 변화율   0.0% | 평균 0.500→0.500 | std 0.0000→0.0000

=== 요약 (mode=frozen seed=93) ===
  첫 구간 57.8% → 마지막 구간 61.3% | 변화 +3.5%p | 보상률 0.0%
=> MINCIRC mode=frozen seed=93 first=57.8 last=61.3 delta=+3.5 reward=0.0 **eval=53.0** tie=0 trialseed=600
