[관계] 항목 8개(훈련 4, 새 4), 반쪽 50 중 활성 15, 항목 간 겹침 2~8(평균 4.8), 새↔훈련 겹침 3~8, 패턴 64개(S 8, D 56)
make: Entering directory '/root/e136_main_run/minimal_circuit_CODE'
make: Nothing to be done for 'all'.
make: Leaving directory '/root/e136_main_run/minimal_circuit_CODE'
[KC불러옴] /mnt/c/Users/JungHyun/Desktop/brain/BrainSimulation-rebuild/research/experiments/traces/E136/dev_corr_w91.npz | 일치형 같은 위치 294/400 | 불일치형 같은 위치 355/400
  시행    1~ 400: 정답률  44.8%
  시행  401~ 800: 정답률  66.0%
=> SDGEN mode=learn seed=91 trialseed=601 train_same=100.0 train_diff=100.0 train_bal=100.0 novel_same=100.0 novel_diff=80.8 novel_bal=90.4 | ties train:0 novel:0 | n_same/diff train 50/50 novel 48/52
=> SDLAB diff=cyclic rule=samediff mode=learn seed=91 trialseed=601 train_accL=100.0 train_accR=100.0 train_lbal=100.0 novel_accL=100.0 novel_accR=80.8 novel_lbal=90.4

=== 평가 (탐색 없음, 학습 없음, 무작위 순서 100시행) : 정답률 47.0% | 동점 0회 ===
   자극 A: 0/53 (0.0%)
   자극 B: 47/47 (100.0%)

=== 학습 후 자극별 출력 (선택 이전의 원 신호) ===
  자극 A → 정답 L | out_L=  24  out_R=  44  차이   -20 | KC 117개
  자극 B → 정답 R | out_L=  31  out_R=  33  차이    -2 | KC 120개

=== 가중치 구조 (A전용 KC 100개, B전용 KC 103개) ===
  A전용 KC → out_L 평균 0.4911 | out_R 평균 0.5488 | 차이 -0.0577 (정답은 out_L) **반대**
  B전용 KC → out_L 평균 0.5291 | out_R 평균 0.5415 | 차이 -0.0124 (정답은 out_R) **정답쪽 우세**

=== 가중치 변화 ===
  kc_out_l: n=7973 |Δ|평균 0.04650 변화율  72.8% | 평균 0.500→0.530 | std 0.0000→0.0665
  kc_out_r: n=8053 |Δ|평균 0.05033 변화율  72.7% | 평균 0.500→0.542 | std 0.0000→0.0536

=== 요약 (mode=learn seed=91) ===
  첫 구간 44.8% → 마지막 구간 66.0% | 변화 +21.2%p | 보상률 55.4%
=> MINCIRC mode=learn seed=91 first=44.8 last=66.0 delta=+21.2 reward=55.4 **eval=47.0** tie=0 trialseed=601
