[관계] 항목 8개(훈련 4, 새 4), 반쪽 50 중 활성 15, 항목 간 겹침 1~8(평균 4.3), 새↔훈련 겹침 1~7, 패턴 64개(S 8, D 56)
make: Entering directory '/root/e136_main_run/minimal_circuit_CODE'
make: Nothing to be done for 'all'.
make: Leaving directory '/root/e136_main_run/minimal_circuit_CODE'
[KC불러옴] /mnt/c/Users/JungHyun/Desktop/brain/BrainSimulation-rebuild/research/experiments/traces/E136/dev_corr_w86.npz | 일치형 같은 위치 255/400 | 불일치형 같은 위치 331/400
  시행    1~ 400: 정답률  44.5%
  시행  401~ 800: 정답률  49.8%
=> SDGEN mode=frozen seed=86 trialseed=601 train_same=47.5 train_diff=41.5 train_bal=44.5 novel_same=32.7 novel_diff=24.4 novel_bal=28.6 | ties train:0 novel:3 | n_same/diff train 59/41 novel 55/45
=> SDLAB diff=cyclic rule=samediff mode=frozen seed=86 trialseed=601 train_accL=47.5 train_accR=41.5 train_lbal=44.5 novel_accL=32.7 novel_accR=24.4 novel_lbal=28.6

=== 평가 (탐색 없음, 학습 없음, 무작위 순서 100시행) : 정답률 29.0% | 동점 53회 ===
   자극 A: 29/53 (54.7%)
   자극 B: 0/47 (0.0%)

=== 학습 후 자극별 출력 (선택 이전의 원 신호) ===
  자극 A → 정답 L | out_L=  25  out_R=  25  차이    +0 | KC 102개
  자극 B → 정답 R | out_L=  15  out_R=  11  차이    +4 | KC 84개

=== 가중치 구조 (A전용 KC 87개, B전용 KC 69개) ===
  A전용 KC → out_L 평균 0.5000 | out_R 평균 0.5000 | 차이 +0.0000 (정답은 out_L) **반대**
  B전용 KC → out_L 평균 0.5000 | out_R 평균 0.5000 | 차이 +0.0000 (정답은 out_R) **정답쪽 우세**

=== 가중치 변화 ===
  kc_out_l: n=7849 |Δ|평균 0.00000 변화율   0.0% | 평균 0.500→0.500 | std 0.0000→0.0000
  kc_out_r: n=7986 |Δ|평균 0.00000 변화율   0.0% | 평균 0.500→0.500 | std 0.0000→0.0000

=== 요약 (mode=frozen seed=86) ===
  첫 구간 44.5% → 마지막 구간 49.8% | 변화 +5.2%p | 보상률 0.0%
=> MINCIRC mode=frozen seed=86 first=44.5 last=49.8 delta=+5.2 reward=0.0 **eval=29.0** tie=53 trialseed=601
