[관계] 항목 8개(훈련 4, 새 4), 반쪽 50 중 활성 15, 항목 간 겹침 2~7(평균 4.5), 새↔훈련 겹침 3~6, 패턴 64개(S 8, D 56)
make: Entering directory '/root/e136_main_run/minimal_circuit_CODE'
make: Nothing to be done for 'all'.
make: Leaving directory '/root/e136_main_run/minimal_circuit_CODE'
[KC불러옴] /mnt/c/Users/JungHyun/Desktop/brain/BrainSimulation-rebuild/research/experiments/traces/E136/dev_corr_w89.npz | 일치형 같은 위치 337/400 | 불일치형 같은 위치 376/400
  시행    1~ 400: 정답률  55.8%
  시행  401~ 800: 정답률  62.7%
=> SDGEN mode=learn seed=89 trialseed=601 train_same=100.0 train_diff=75.5 train_bal=87.8 novel_same=100.0 novel_diff=66.0 novel_bal=83.0 | ties train:0 novel:0 | n_same/diff train 51/49 novel 53/47
=> SDLAB diff=cyclic rule=samediff mode=learn seed=89 trialseed=601 train_accL=100.0 train_accR=75.5 train_lbal=87.8 novel_accL=100.0 novel_accR=66.0 novel_lbal=83.0

=== 평가 (탐색 없음, 학습 없음, 무작위 순서 100시행) : 정답률 24.0% | 동점 50회 ===
   자극 A: 0/50 (0.0%)
   자극 B: 24/50 (48.0%)

=== 학습 후 자극별 출력 (선택 이전의 원 신호) ===
  자극 A → 정답 L | out_L=  19  out_R=  39  차이   -20 | KC 122개
  자극 B → 정답 R | out_L=  44  out_R=  44  차이    +0 | KC 110개

=== 가중치 구조 (A전용 KC 118개, B전용 KC 106개) ===
  A전용 KC → out_L 평균 0.5231 | out_R 평균 0.5495 | 차이 -0.0265 (정답은 out_L) **반대**
  B전용 KC → out_L 평균 0.5375 | out_R 평균 0.5577 | 차이 -0.0203 (정답은 out_R) **정답쪽 우세**

=== 가중치 변화 ===
  kc_out_l: n=8113 |Δ|평균 0.05960 변화율  64.9% | 평균 0.500→0.542 | std 0.0000→0.0878
  kc_out_r: n=7991 |Δ|평균 0.04943 변화율  64.7% | 평균 0.500→0.545 | std 0.0000→0.0629

=== 요약 (mode=learn seed=89) ===
  첫 구간 55.8% → 마지막 구간 62.7% | 변화 +7.0%p | 보상률 59.2%
=> MINCIRC mode=learn seed=89 first=55.8 last=62.7 delta=+7.0 reward=59.2 **eval=24.0** tie=50 trialseed=601
