[관계] 항목 8개(훈련 4, 새 4), 반쪽 50 중 활성 15, 항목 간 겹침 2~9(평균 4.8), 새↔훈련 겹침 2~9, 패턴 64개(S 8, D 56)
make: Entering directory '/root/e136_main_run/minimal_circuit_CODE'
make: Leaving directory '/root/e136_main_run/minimal_circuit_CODE'
[KC불러옴] /mnt/c/Users/JungHyun/Desktop/brain/BrainSimulation-rebuild/research/experiments/traces/E136/dev_corr_w82.npz | 일치형 같은 위치 351/400 | 불일치형 같은 위치 378/400
  시행    1~ 400: 정답률  57.5%
  시행  401~ 800: 정답률  69.5%
=> SDGEN mode=learn seed=82 trialseed=600 train_same=100.0 train_diff=100.0 train_bal=100.0 novel_same=100.0 novel_diff=89.4 novel_bal=94.7 | ties train:0 novel:0 | n_same/diff train 54/46 novel 53/47
=> SDLAB diff=cyclic rule=samediff mode=learn seed=82 trialseed=600 train_accL=100.0 train_accR=100.0 train_lbal=100.0 novel_accL=100.0 novel_accR=89.4 novel_lbal=94.7

=== 평가 (탐색 없음, 학습 없음, 무작위 순서 100시행) : 정답률 0.0% | 동점 0회 ===
   자극 A: 0/45 (0.0%)
   자극 B: 0/55 (0.0%)

=== 학습 후 자극별 출력 (선택 이전의 원 신호) ===
  자극 A → 정답 L | out_L=  14  out_R=  16  차이    -2 | KC 131개
  자극 B → 정답 R | out_L=  27  out_R=  22  차이    +5 | KC 111개

=== 가중치 구조 (A전용 KC 118개, B전용 KC 98개) ===
  A전용 KC → out_L 평균 0.5346 | out_R 평균 0.5543 | 차이 -0.0197 (정답은 out_L) **반대**
  B전용 KC → out_L 평균 0.5477 | out_R 평균 0.5488 | 차이 -0.0011 (정답은 out_R) **정답쪽 우세**

=== 가중치 변화 ===
  kc_out_l: n=7928 |Δ|평균 0.05445 변화율  71.4% | 평균 0.500→0.546 | std 0.0000→0.0754
  kc_out_r: n=7983 |Δ|평균 0.05978 변화율  71.9% | 평균 0.500→0.548 | std 0.0000→0.0695

=== 요약 (mode=learn seed=82) ===
  첫 구간 57.5% → 마지막 구간 69.5% | 변화 +12.0%p | 보상률 63.5%
=> MINCIRC mode=learn seed=82 first=57.5 last=69.5 delta=+12.0 reward=63.5 **eval=0.0** tie=0 trialseed=600
