[관계] 항목 8개(훈련 4, 새 4), 반쪽 50 중 활성 15, 항목 간 겹침 1~8(평균 4.5), 새↔훈련 겹침 1~7, 패턴 64개(S 8, D 56)
make: Entering directory '/root/e136_main_run/minimal_circuit_CODE'
make: Leaving directory '/root/e136_main_run/minimal_circuit_CODE'
[KC불러옴] /mnt/c/Users/JungHyun/Desktop/brain/BrainSimulation-rebuild/research/experiments/traces/E136/dev_corr_w78.npz | 일치형 같은 위치 317/400 | 불일치형 같은 위치 334/400
  시행    1~ 400: 정답률  49.8%
  시행  401~ 800: 정답률  47.2%
=> SDGEN mode=frozen seed=78 trialseed=600 train_same=11.1 train_diff=78.2 train_bal=44.6 novel_same=47.1 novel_diff=42.9 novel_bal=45.0 | ties train:9 novel:0 | n_same/diff train 45/55 novel 51/49
=> SDLAB diff=cyclic rule=samediff mode=frozen seed=78 trialseed=600 train_accL=11.1 train_accR=78.2 train_lbal=44.6 novel_accL=47.1 novel_accR=42.9 novel_lbal=45.0

=== 평가 (탐색 없음, 학습 없음, 무작위 순서 100시행) : 정답률 100.0% | 동점 0회 ===
   자극 A: 43/43 (100.0%)
   자극 B: 57/57 (100.0%)

=== 학습 후 자극별 출력 (선택 이전의 원 신호) ===
  자극 A → 정답 L | out_L=  45  out_R=  38  차이    +7 | KC 114개
  자극 B → 정답 R | out_L=  39  out_R=  40  차이    -1 | KC 128개

=== 가중치 구조 (A전용 KC 104개, B전용 KC 118개) ===
  A전용 KC → out_L 평균 0.5000 | out_R 평균 0.5000 | 차이 +0.0000 (정답은 out_L) **반대**
  B전용 KC → out_L 평균 0.5000 | out_R 평균 0.5000 | 차이 +0.0000 (정답은 out_R) **정답쪽 우세**

=== 가중치 변화 ===
  kc_out_l: n=7901 |Δ|평균 0.00000 변화율   0.0% | 평균 0.500→0.500 | std 0.0000→0.0000
  kc_out_r: n=8030 |Δ|평균 0.00000 변화율   0.0% | 평균 0.500→0.500 | std 0.0000→0.0000

=== 요약 (mode=frozen seed=78) ===
  첫 구간 49.8% → 마지막 구간 47.2% | 변화 -2.5%p | 보상률 0.0%
=> MINCIRC mode=frozen seed=78 first=49.8 last=47.2 delta=-2.5 reward=0.0 **eval=100.0** tie=0 trialseed=600
