[관계] 항목 8개(훈련 4, 새 4), 반쪽 50 중 활성 15, 항목 간 겹침 1~8(평균 4.3), 새↔훈련 겹침 1~7, 패턴 64개(S 8, D 56)
make: Entering directory '/root/e136_main_run/minimal_circuit_CODE'
make: Leaving directory '/root/e136_main_run/minimal_circuit_CODE'
[KC불러옴] /mnt/c/Users/JungHyun/Desktop/brain/BrainSimulation-rebuild/research/experiments/traces/E136/dev_corr_w87.npz | 일치형 같은 위치 249/400 | 불일치형 같은 위치 353/400
  시행    1~ 400: 정답률  48.2%
  시행  401~ 800: 정답률  50.7%
=> SDGEN mode=frozen seed=87 trialseed=600 train_same=75.0 train_diff=28.8 train_bal=51.9 novel_same=78.3 novel_diff=46.3 novel_bal=62.3 | ties train:28 novel:0 | n_same/diff train 48/52 novel 46/54
=> SDLAB diff=cyclic rule=samediff mode=frozen seed=87 trialseed=600 train_accL=75.0 train_accR=28.8 train_lbal=51.9 novel_accL=78.3 novel_accR=46.3 novel_lbal=62.3

=== 평가 (탐색 없음, 학습 없음, 무작위 순서 100시행) : 정답률 100.0% | 동점 0회 ===
   자극 A: 48/48 (100.0%)
   자극 B: 52/52 (100.0%)

=== 학습 후 자극별 출력 (선택 이전의 원 신호) ===
  자극 A → 정답 L | out_L=  38  out_R=  29  차이    +9 | KC 106개
  자극 B → 정답 R | out_L=  22  out_R=  38  차이   -16 | KC 112개

=== 가중치 구조 (A전용 KC 86개, B전용 KC 92개) ===
  A전용 KC → out_L 평균 0.5000 | out_R 평균 0.5000 | 차이 +0.0000 (정답은 out_L) **반대**
  B전용 KC → out_L 평균 0.5000 | out_R 평균 0.5000 | 차이 +0.0000 (정답은 out_R) **정답쪽 우세**

=== 가중치 변화 ===
  kc_out_l: n=8012 |Δ|평균 0.00000 변화율   0.0% | 평균 0.500→0.500 | std 0.0000→0.0000
  kc_out_r: n=7847 |Δ|평균 0.00000 변화율   0.0% | 평균 0.500→0.500 | std 0.0000→0.0000

=== 요약 (mode=frozen seed=87) ===
  첫 구간 48.2% → 마지막 구간 50.7% | 변화 +2.5%p | 보상률 0.0%
=> MINCIRC mode=frozen seed=87 first=48.2 last=50.7 delta=+2.5 reward=0.0 **eval=100.0** tie=0 trialseed=600
