[관계] 항목 8개(훈련 4, 새 4), 반쪽 50 중 활성 15, 항목 간 겹침 2~9(평균 4.8), 새↔훈련 겹침 2~9, 패턴 64개(S 8, D 56)
make: Entering directory '/root/e136_main_run/minimal_circuit_CODE'
make: Leaving directory '/root/e136_main_run/minimal_circuit_CODE'
[KC불러옴] /mnt/c/Users/JungHyun/Desktop/brain/BrainSimulation-rebuild/research/experiments/traces/E136/dev_corr_w82.npz | 일치형 같은 위치 351/400 | 불일치형 같은 위치 378/400
  시행    1~ 400: 정답률  44.0%
  시행  401~ 800: 정답률  44.2%
=> SDGEN mode=frozen seed=82 trialseed=600 train_same=0.0 train_diff=71.7 train_bal=35.9 novel_same=0.0 novel_diff=74.5 novel_bal=37.2 | ties train:0 novel:0 | n_same/diff train 54/46 novel 53/47
=> SDLAB diff=cyclic rule=samediff mode=frozen seed=82 trialseed=600 train_accL=0.0 train_accR=71.7 train_lbal=35.9 novel_accL=0.0 novel_accR=74.5 novel_lbal=37.2

=== 평가 (탐색 없음, 학습 없음, 무작위 순서 100시행) : 정답률 100.0% | 동점 0회 ===
   자극 A: 45/45 (100.0%)
   자극 B: 55/55 (100.0%)

=== 학습 후 자극별 출력 (선택 이전의 원 신호) ===
  자극 A → 정답 L | out_L=  27  out_R=  13  차이   +14 | KC 131개
  자극 B → 정답 R | out_L=  33  out_R=  36  차이    -3 | KC 111개

=== 가중치 구조 (A전용 KC 118개, B전용 KC 98개) ===
  A전용 KC → out_L 평균 0.5000 | out_R 평균 0.5000 | 차이 +0.0000 (정답은 out_L) **반대**
  B전용 KC → out_L 평균 0.5000 | out_R 평균 0.5000 | 차이 +0.0000 (정답은 out_R) **정답쪽 우세**

=== 가중치 변화 ===
  kc_out_l: n=7928 |Δ|평균 0.00000 변화율   0.0% | 평균 0.500→0.500 | std 0.0000→0.0000
  kc_out_r: n=7983 |Δ|평균 0.00000 변화율   0.0% | 평균 0.500→0.500 | std 0.0000→0.0000

=== 요약 (mode=frozen seed=82) ===
  첫 구간 44.0% → 마지막 구간 44.2% | 변화 +0.2%p | 보상률 0.0%
=> MINCIRC mode=frozen seed=82 first=44.0 last=44.2 delta=+0.2 reward=0.0 **eval=100.0** tie=0 trialseed=600
