[관계] 항목 8개(훈련 4, 새 4), 반쪽 50 중 활성 15, 항목 간 겹침 1~8(평균 4.3), 새↔훈련 겹침 1~7, 패턴 64개(S 8, D 56)
make: Entering directory '/root/e136_main_run/minimal_circuit_CODE'
make: Leaving directory '/root/e136_main_run/minimal_circuit_CODE'
[KC불러옴] /mnt/c/Users/JungHyun/Desktop/brain/BrainSimulation-rebuild/research/experiments/traces/E136/dev_corr_w86.npz | 일치형 같은 위치 255/400 | 불일치형 같은 위치 331/400
  시행    1~ 400: 정답률  45.2%
  시행  401~ 800: 정답률  59.0%
=> SDGEN mode=learn seed=86 trialseed=601 train_same=100.0 train_diff=41.5 train_bal=70.7 novel_same=100.0 novel_diff=95.3 novel_bal=97.7 | ties train:0 novel:0 | n_same/diff train 59/41 novel 57/43
=> SDLAB diff=cyclic rule=samediff mode=learn seed=86 trialseed=601 train_accL=100.0 train_accR=41.5 train_lbal=70.7 novel_accL=100.0 novel_accR=95.3 novel_lbal=97.7

=== 평가 (탐색 없음, 학습 없음, 무작위 순서 100시행) : 정답률 0.0% | 동점 0회 ===
   자극 A: 0/53 (0.0%)
   자극 B: 0/47 (0.0%)

=== 학습 후 자극별 출력 (선택 이전의 원 신호) ===
  자극 A → 정답 L | out_L=  26  out_R=  27  차이    -1 | KC 102개
  자극 B → 정답 R | out_L=  18  out_R=  16  차이    +2 | KC 84개

=== 가중치 구조 (A전용 KC 87개, B전용 KC 69개) ===
  A전용 KC → out_L 평균 0.5129 | out_R 평균 0.5183 | 차이 -0.0054 (정답은 out_L) **반대**
  B전용 KC → out_L 평균 0.5072 | out_R 평균 0.5521 | 차이 -0.0449 (정답은 out_R) **정답쪽 우세**

=== 가중치 변화 ===
  kc_out_l: n=7849 |Δ|평균 0.04567 변화율  64.1% | 평균 0.500→0.531 | std 0.0000→0.0675
  kc_out_r: n=7986 |Δ|평균 0.03841 변화율  63.3% | 평균 0.500→0.533 | std 0.0000→0.0497

=== 요약 (mode=learn seed=86) ===
  첫 구간 45.2% → 마지막 구간 59.0% | 변화 +13.8%p | 보상률 52.1%
=> MINCIRC mode=learn seed=86 first=45.2 last=59.0 delta=+13.8 reward=52.1 **eval=0.0** tie=0 trialseed=601
