[관계] 항목 8개(훈련 4, 새 4), 반쪽 50 중 활성 15, 항목 간 겹침 1~8(평균 4.7), 새↔훈련 겹침 1~8, 패턴 64개(S 8, D 56)
make: Entering directory '/root/e136_main_run/minimal_circuit_CODE'
make: Nothing to be done for 'all'.
make: Leaving directory '/root/e136_main_run/minimal_circuit_CODE'
[KC불러옴] /mnt/c/Users/JungHyun/Desktop/brain/BrainSimulation-rebuild/research/experiments/traces/E136/dev_indep_w92.npz | 일치형 같은 위치 16/400 | 불일치형 같은 위치 3/400
  시행    1~ 400: 정답률  42.8%
  시행  401~ 800: 정답률  59.0%
=> SDGEN mode=learn seed=92 trialseed=601 train_same=51.2 train_diff=84.2 train_bal=67.7 novel_same=57.4 novel_diff=66.0 novel_bal=61.7 | ties train:16 novel:0 | n_same/diff train 43/57 novel 47/53
=> SDLAB diff=cyclic rule=samediff mode=learn seed=92 trialseed=601 train_accL=51.2 train_accR=84.2 train_lbal=67.7 novel_accL=57.4 novel_accR=66.0 novel_lbal=61.7

=== 평가 (탐색 없음, 학습 없음, 무작위 순서 100시행) : 정답률 30.0% | 동점 56회 ===
   자극 A: 30/56 (53.6%)
   자극 B: 0/44 (0.0%)

=== 학습 후 자극별 출력 (선택 이전의 원 신호) ===
  자극 A → 정답 L | out_L=  39  out_R=  39  차이    +0 | KC 102개
  자극 B → 정답 R | out_L=  28  out_R=  27  차이    +1 | KC 157개

=== 가중치 구조 (A전용 KC 78개, B전용 KC 133개) ===
  A전용 KC → out_L 평균 0.5372 | out_R 평균 0.5553 | 차이 -0.0181 (정답은 out_L) **반대**
  B전용 KC → out_L 평균 0.5503 | out_R 평균 0.5453 | 차이 +0.0050 (정답은 out_R) **반대**

=== 가중치 변화 ===
  kc_out_l: n=7936 |Δ|평균 0.04265 변화율  70.2% | 평균 0.500→0.535 | std 0.0000→0.0536
  kc_out_r: n=8115 |Δ|평균 0.04939 변화율  70.5% | 평균 0.500→0.539 | std 0.0000→0.0572

=== 요약 (mode=learn seed=92) ===
  첫 구간 42.8% → 마지막 구간 59.0% | 변화 +16.2%p | 보상률 50.9%
=> MINCIRC mode=learn seed=92 first=42.8 last=59.0 delta=+16.2 reward=50.9 **eval=30.0** tie=56 trialseed=601
