[관계] 항목 8개(훈련 4, 새 4), 반쪽 50 중 활성 15, 항목 간 겹침 1~8(평균 4.7), 새↔훈련 겹침 1~8, 패턴 64개(S 8, D 56)
make: Entering directory '/root/e136_main_run/minimal_circuit_CODE'
make: Leaving directory '/root/e136_main_run/minimal_circuit_CODE'
[KC불러옴] /mnt/c/Users/JungHyun/Desktop/brain/BrainSimulation-rebuild/research/experiments/traces/E136/dev_indep_w92.npz | 일치형 같은 위치 16/400 | 불일치형 같은 위치 3/400
  시행    1~ 400: 정답률  47.8%
  시행  401~ 800: 정답률  61.0%
=> SDGEN mode=learn seed=92 trialseed=600 train_same=66.0 train_diff=72.0 train_bal=69.0 novel_same=63.0 novel_diff=64.8 novel_bal=63.9 | ties train:0 novel:0 | n_same/diff train 50/50 novel 46/54
=> SDLAB diff=cyclic rule=samediff mode=learn seed=92 trialseed=600 train_accL=66.0 train_accR=72.0 train_lbal=69.0 novel_accL=63.0 novel_accR=64.8 novel_lbal=63.9

=== 평가 (탐색 없음, 학습 없음, 무작위 순서 100시행) : 정답률 56.0% | 동점 0회 ===
   자극 A: 56/56 (100.0%)
   자극 B: 0/44 (0.0%)

=== 학습 후 자극별 출력 (선택 이전의 원 신호) ===
  자극 A → 정답 L | out_L=  40  out_R=  39  차이    +1 | KC 102개
  자극 B → 정답 R | out_L=  29  out_R=  27  차이    +2 | KC 157개

=== 가중치 구조 (A전용 KC 78개, B전용 KC 133개) ===
  A전용 KC → out_L 평균 0.5440 | out_R 평균 0.5524 | 차이 -0.0084 (정답은 out_L) **반대**
  B전용 KC → out_L 평균 0.5580 | out_R 평균 0.5447 | 차이 +0.0132 (정답은 out_R) **반대**

=== 가중치 변화 ===
  kc_out_l: n=7936 |Δ|평균 0.05002 변화율  70.2% | 평균 0.500→0.544 | std 0.0000→0.0544
  kc_out_r: n=8115 |Δ|평균 0.04980 변화율  70.5% | 평균 0.500→0.540 | std 0.0000→0.0579

=== 요약 (mode=learn seed=92) ===
  첫 구간 47.8% → 마지막 구간 61.0% | 변화 +13.2%p | 보상률 54.4%
=> MINCIRC mode=learn seed=92 first=47.8 last=61.0 delta=+13.2 reward=54.4 **eval=56.0** tie=0 trialseed=600
