[관계] 항목 8개(훈련 4, 새 4), 반쪽 50 중 활성 15, 항목 간 겹침 2~8(평균 4.8), 새↔훈련 겹침 2~8, 패턴 64개(S 8, D 56)
make: Entering directory '/root/e136_main_run/minimal_circuit_CODE'
make: Leaving directory '/root/e136_main_run/minimal_circuit_CODE'
[KC불러옴] /mnt/c/Users/JungHyun/Desktop/brain/BrainSimulation-rebuild/research/experiments/traces/E136/dev_indep_w81.npz | 일치형 같은 위치 25/400 | 불일치형 같은 위치 11/400
  시행    1~ 400: 정답률  43.8%
  시행  401~ 800: 정답률  53.5%
=> SDGEN mode=learn seed=81 trialseed=600 train_same=100.0 train_diff=0.0 train_bal=50.0 novel_same=100.0 novel_diff=23.3 novel_bal=61.6 | ties train:0 novel:0 | n_same/diff train 50/50 novel 57/43
=> SDLAB diff=cyclic rule=samediff mode=learn seed=81 trialseed=600 train_accL=100.0 train_accR=0.0 train_lbal=50.0 novel_accL=100.0 novel_accR=23.3 novel_lbal=61.6

=== 평가 (탐색 없음, 학습 없음, 무작위 순서 100시행) : 정답률 63.0% | 동점 0회 ===
   자극 A: 63/63 (100.0%)
   자극 B: 0/37 (0.0%)

=== 학습 후 자극별 출력 (선택 이전의 원 신호) ===
  자극 A → 정답 L | out_L=  30  out_R=  22  차이    +8 | KC 86개
  자극 B → 정답 R | out_L=  11  out_R=   8  차이    +3 | KC 76개

=== 가중치 구조 (A전용 KC 78개, B전용 KC 68개) ===
  A전용 KC → out_L 평균 0.5864 | out_R 평균 0.5271 | 차이 +0.0593 (정답은 out_L) **정답쪽 우세**
  B전용 KC → out_L 평균 0.5419 | out_R 평균 0.5128 | 차이 +0.0291 (정답은 out_R) **반대**

=== 가중치 변화 ===
  kc_out_l: n=8042 |Δ|평균 0.04668 변화율  52.9% | 평균 0.500→0.539 | std 0.0000→0.0649
  kc_out_r: n=8003 |Δ|평균 0.01985 변화율  52.4% | 평균 0.500→0.516 | std 0.0000→0.0267

=== 요약 (mode=learn seed=81) ===
  첫 구간 43.8% → 마지막 구간 53.5% | 변화 +9.8%p | 보상률 48.6%
=> MINCIRC mode=learn seed=81 first=43.8 last=53.5 delta=+9.8 reward=48.6 **eval=63.0** tie=0 trialseed=600
