[관계] 항목 8개(훈련 4, 새 4), 반쪽 50 중 활성 15, 항목 간 겹침 1~6(평균 4.9), 새↔훈련 겹침 1~6, 패턴 64개(S 8, D 56)
make: Entering directory '/root/e136_main_run/minimal_circuit_CODE'
make: Nothing to be done for 'all'.
make: Leaving directory '/root/e136_main_run/minimal_circuit_CODE'
[KC불러옴] /mnt/c/Users/JungHyun/Desktop/brain/BrainSimulation-rebuild/research/experiments/traces/E136/dev_indep_w80.npz | 일치형 같은 위치 7/400 | 불일치형 같은 위치 9/400
  시행    1~ 400: 정답률  46.5%
  시행  401~ 800: 정답률  51.0%
=> SDGEN mode=learn seed=80 trialseed=601 train_same=100.0 train_diff=57.4 train_bal=78.7 novel_same=60.0 novel_diff=42.2 novel_bal=51.1 | ties train:0 novel:2 | n_same/diff train 53/47 novel 55/45
=> SDLAB diff=cyclic rule=samediff mode=learn seed=80 trialseed=601 train_accL=100.0 train_accR=57.4 train_lbal=78.7 novel_accL=60.0 novel_accR=42.2 novel_lbal=51.1

=== 평가 (탐색 없음, 학습 없음, 무작위 순서 100시행) : 정답률 100.0% | 동점 0회 ===
   자극 A: 50/50 (100.0%)
   자극 B: 50/50 (100.0%)

=== 학습 후 자극별 출력 (선택 이전의 원 신호) ===
  자극 A → 정답 L | out_L=  32  out_R=  30  차이    +2 | KC 167개
  자극 B → 정답 R | out_L=  34  out_R=  43  차이    -9 | KC 105개

=== 가중치 구조 (A전용 KC 149개, B전용 KC 87개) ===
  A전용 KC → out_L 평균 0.5536 | out_R 평균 0.5308 | 차이 +0.0228 (정답은 out_L) **정답쪽 우세**
  B전용 KC → out_L 평균 0.5393 | out_R 평균 0.5346 | 차이 +0.0047 (정답은 out_R) **반대**

=== 가중치 변화 ===
  kc_out_l: n=7935 |Δ|평균 0.03949 변화율  50.6% | 평균 0.500→0.531 | std 0.0000→0.0554
  kc_out_r: n=8100 |Δ|평균 0.02617 변화율  49.8% | 평균 0.500→0.525 | std 0.0000→0.0360

=== 요약 (mode=learn seed=80) ===
  첫 구간 46.5% → 마지막 구간 51.0% | 변화 +4.5%p | 보상률 48.8%
=> MINCIRC mode=learn seed=80 first=46.5 last=51.0 delta=+4.5 reward=48.8 **eval=100.0** tie=0 trialseed=601
