[관계] 항목 8개(훈련 4, 새 4), 반쪽 50 중 활성 15, 항목 간 겹침 1~9(평균 4.4), 새↔훈련 겹침 1~9, 패턴 64개(S 8, D 56)
make: Entering directory '/root/e136_main_run/minimal_circuit_CODE'
make: Leaving directory '/root/e136_main_run/minimal_circuit_CODE'
[KC불러옴] /mnt/c/Users/JungHyun/Desktop/brain/BrainSimulation-rebuild/research/experiments/traces/E136/dev_indep_w90.npz | 일치형 같은 위치 15/400 | 불일치형 같은 위치 9/400
  시행    1~ 400: 정답률  49.8%
  시행  401~ 800: 정답률  61.8%
=> SDGEN mode=learn seed=90 trialseed=600 train_same=100.0 train_diff=46.2 train_bal=73.1 novel_same=76.8 novel_diff=20.5 novel_bal=48.6 | ties train:0 novel:0 | n_same/diff train 48/52 novel 56/44
=> SDLAB diff=cyclic rule=samediff mode=learn seed=90 trialseed=600 train_accL=100.0 train_accR=46.2 train_lbal=73.1 novel_accL=76.8 novel_accR=20.5 novel_lbal=48.6

=== 평가 (탐색 없음, 학습 없음, 무작위 순서 100시행) : 정답률 54.0% | 동점 0회 ===
   자극 A: 54/54 (100.0%)
   자극 B: 0/46 (0.0%)

=== 학습 후 자극별 출력 (선택 이전의 원 신호) ===
  자극 A → 정답 L | out_L=  25  out_R=  23  차이    +2 | KC 152개
  자극 B → 정답 R | out_L=  38  out_R=  37  차이    +1 | KC 99개

=== 가중치 구조 (A전용 KC 138개, B전용 KC 85개) ===
  A전용 KC → out_L 평균 0.5537 | out_R 평균 0.5396 | 차이 +0.0141 (정답은 out_L) **정답쪽 우세**
  B전용 KC → out_L 평균 0.5660 | out_R 평균 0.5323 | 차이 +0.0338 (정답은 out_R) **반대**

=== 가중치 변화 ===
  kc_out_l: n=8086 |Δ|평균 0.05664 변화율  62.6% | 평균 0.500→0.550 | std 0.0000→0.0663
  kc_out_r: n=8115 |Δ|평균 0.03819 변화율  63.5% | 평균 0.500→0.534 | std 0.0000→0.0450

=== 요약 (mode=learn seed=90) ===
  첫 구간 49.8% → 마지막 구간 61.8% | 변화 +12.0%p | 보상률 55.8%
=> MINCIRC mode=learn seed=90 first=49.8 last=61.8 delta=+12.0 reward=55.8 **eval=54.0** tie=0 trialseed=600
