[관계] 항목 8개(훈련 4, 새 4), 반쪽 50 중 활성 15, 항목 간 겹침 1~8(평균 4.5), 새↔훈련 겹침 2~8, 패턴 64개(S 8, D 56)
make: Entering directory '/root/e136_main_run/minimal_circuit_CODE'
make: Leaving directory '/root/e136_main_run/minimal_circuit_CODE'
[KC불러옴] /mnt/c/Users/JungHyun/Desktop/brain/BrainSimulation-rebuild/research/experiments/traces/E136/dev_indep_w83.npz | 일치형 같은 위치 10/400 | 불일치형 같은 위치 10/400
  시행    1~ 400: 정답률  52.5%
  시행  401~ 800: 정답률  51.5%
=> SDGEN mode=learn seed=83 trialseed=600 train_same=48.0 train_diff=62.0 train_bal=55.0 novel_same=27.8 novel_diff=21.7 novel_bal=24.8 | ties train:12 novel:14 | n_same/diff train 50/50 novel 54/46
=> SDLAB diff=cyclic rule=samediff mode=learn seed=83 trialseed=600 train_accL=48.0 train_accR=62.0 train_lbal=55.0 novel_accL=27.8 novel_accR=21.7 novel_lbal=24.8

=== 평가 (탐색 없음, 학습 없음, 무작위 순서 100시행) : 정답률 0.0% | 동점 0회 ===
   자극 A: 0/51 (0.0%)
   자극 B: 0/49 (0.0%)

=== 학습 후 자극별 출력 (선택 이전의 원 신호) ===
  자극 A → 정답 L | out_L=   8  out_R=  16  차이    -8 | KC 133개
  자극 B → 정답 R | out_L=  38  out_R=  35  차이    +3 | KC 95개

=== 가중치 구조 (A전용 KC 124개, B전용 KC 86개) ===
  A전용 KC → out_L 평균 0.5290 | out_R 평균 0.5420 | 차이 -0.0130 (정답은 out_L) **반대**
  B전용 KC → out_L 평균 0.5845 | out_R 평균 0.5357 | 차이 +0.0489 (정답은 out_R) **반대**

=== 가중치 변화 ===
  kc_out_l: n=7989 |Δ|평균 0.04397 변화율  57.6% | 평균 0.500→0.539 | std 0.0000→0.0563
  kc_out_r: n=8079 |Δ|평균 0.03449 변화율  57.7% | 평균 0.500→0.531 | std 0.0000→0.0444

=== 요약 (mode=learn seed=83) ===
  첫 구간 52.5% → 마지막 구간 51.5% | 변화 -1.0%p | 보상률 52.0%
=> MINCIRC mode=learn seed=83 first=52.5 last=51.5 delta=-1.0 reward=52.0 **eval=0.0** tie=0 trialseed=600
