[관계] 항목 8개(훈련 4, 새 4), 반쪽 50 중 활성 15, 항목 간 겹침 1~7(평균 4.5), 새↔훈련 겹침 1~6, 패턴 64개(S 8, D 56)
make: Entering directory '/root/e136_main_run/minimal_circuit_CODE'
make: Nothing to be done for 'all'.
make: Leaving directory '/root/e136_main_run/minimal_circuit_CODE'
[KC불러옴] /mnt/c/Users/JungHyun/Desktop/brain/BrainSimulation-rebuild/research/experiments/traces/E136/dev_indep_w84.npz | 일치형 같은 위치 11/400 | 불일치형 같은 위치 4/400
  시행    1~ 400: 정답률  43.0%
  시행  401~ 800: 정답률  48.8%
=> SDGEN mode=learn seed=84 trialseed=601 train_same=100.0 train_diff=14.8 train_bal=57.4 novel_same=57.4 novel_diff=20.8 novel_bal=39.1 | ties train:14 novel:0 | n_same/diff train 46/54 novel 47/53
=> SDLAB diff=cyclic rule=samediff mode=learn seed=84 trialseed=601 train_accL=100.0 train_accR=14.8 train_lbal=57.4 novel_accL=57.4 novel_accR=20.8 novel_lbal=39.1

=== 평가 (탐색 없음, 학습 없음, 무작위 순서 100시행) : 정답률 0.0% | 동점 0회 ===
   자극 A: 0/55 (0.0%)
   자극 B: 0/45 (0.0%)

=== 학습 후 자극별 출력 (선택 이전의 원 신호) ===
  자극 A → 정답 L | out_L=   6  out_R=  32  차이   -26 | KC 131개
  자극 B → 정답 R | out_L=  20  out_R=  11  차이    +9 | KC 153개

=== 가중치 구조 (A전용 KC 122개, B전용 KC 144개) ===
  A전용 KC → out_L 평균 0.5457 | out_R 평균 0.5224 | 차이 +0.0234 (정답은 out_L) **정답쪽 우세**
  B전용 KC → out_L 평균 0.5285 | out_R 평균 0.5123 | 차이 +0.0162 (정답은 out_R) **반대**

=== 가중치 변화 ===
  kc_out_l: n=7971 |Δ|평균 0.04537 변화율  59.3% | 평균 0.500→0.536 | std 0.0000→0.0547
  kc_out_r: n=7872 |Δ|평균 0.02146 변화율  58.7% | 평균 0.500→0.515 | std 0.0000→0.0297

=== 요약 (mode=learn seed=84) ===
  첫 구간 43.0% → 마지막 구간 48.8% | 변화 +5.8%p | 보상률 45.9%
=> MINCIRC mode=learn seed=84 first=43.0 last=48.8 delta=+5.8 reward=45.9 **eval=0.0** tie=0 trialseed=601
