[관계] 항목 8개(훈련 4, 새 4), 반쪽 50 중 활성 15, 항목 간 겹침 2~7(평균 4.5), 새↔훈련 겹침 3~7, 패턴 64개(S 8, D 56)
make: Entering directory '/root/e136_main_run/minimal_circuit_CODE'
make: Leaving directory '/root/e136_main_run/minimal_circuit_CODE'
[KC불러옴] /mnt/c/Users/JungHyun/Desktop/brain/BrainSimulation-rebuild/research/experiments/traces/E136/dev_indep_w93.npz | 일치형 같은 위치 0/400 | 불일치형 같은 위치 5/400
  시행    1~ 400: 정답률  43.5%
  시행  401~ 800: 정답률  51.2%
=> SDGEN mode=learn seed=93 trialseed=600 train_same=75.0 train_diff=56.8 train_bal=65.9 novel_same=61.2 novel_diff=23.5 novel_bal=42.4 | ties train:17 novel:9 | n_same/diff train 56/44 novel 49/51
=> SDLAB diff=cyclic rule=samediff mode=learn seed=93 trialseed=600 train_accL=75.0 train_accR=56.8 train_lbal=65.9 novel_accL=61.2 novel_accR=23.5 novel_lbal=42.4

=== 평가 (탐색 없음, 학습 없음, 무작위 순서 100시행) : 정답률 47.0% | 동점 0회 ===
   자극 A: 47/47 (100.0%)
   자극 B: 0/53 (0.0%)

=== 학습 후 자극별 출력 (선택 이전의 원 신호) ===
  자극 A → 정답 L | out_L=  17  out_R=  14  차이    +3 | KC 144개
  자극 B → 정답 R | out_L=  41  out_R=  19  차이   +22 | KC 114개

=== 가중치 구조 (A전용 KC 115개, B전용 KC 85개) ===
  A전용 KC → out_L 평균 0.5565 | out_R 평균 0.5320 | 차이 +0.0245 (정답은 out_L) **정답쪽 우세**
  B전용 KC → out_L 평균 0.5321 | out_R 평균 0.5413 | 차이 -0.0092 (정답은 out_R) **정답쪽 우세**

=== 가중치 변화 ===
  kc_out_l: n=7957 |Δ|평균 0.03737 변화율  56.4% | 평균 0.500→0.534 | std 0.0000→0.0477
  kc_out_r: n=7960 |Δ|평균 0.02973 변화율  57.0% | 평균 0.500→0.524 | std 0.0000→0.0393

=== 요약 (mode=learn seed=93) ===
  첫 구간 43.5% → 마지막 구간 51.2% | 변화 +7.7%p | 보상률 47.4%
=> MINCIRC mode=learn seed=93 first=43.5 last=51.2 delta=+7.7 reward=47.4 **eval=47.0** tie=0 trialseed=600
