[관계] 항목 8개(훈련 4, 새 4), 반쪽 50 중 활성 15, 항목 간 겹침 2~8(평균 4.8), 새↔훈련 겹침 2~6, 패턴 64개(S 8, D 56)
make: Entering directory '/root/e136_main_run/minimal_circuit_CODE'
make: Leaving directory '/root/e136_main_run/minimal_circuit_CODE'
[KC불러옴] /mnt/c/Users/JungHyun/Desktop/brain/BrainSimulation-rebuild/research/experiments/traces/E136/dev_indep_w79.npz | 일치형 같은 위치 0/400 | 불일치형 같은 위치 6/400
  시행    1~ 400: 정답률  51.2%
  시행  401~ 800: 정답률  60.8%
=> SDGEN mode=learn seed=79 trialseed=600 train_same=100.0 train_diff=86.0 train_bal=93.0 novel_same=28.6 novel_diff=46.6 novel_bal=37.6 | ties train:10 novel:10 | n_same/diff train 50/50 novel 42/58
=> SDLAB diff=cyclic rule=samediff mode=learn seed=79 trialseed=600 train_accL=100.0 train_accR=86.0 train_lbal=93.0 novel_accL=28.6 novel_accR=46.6 novel_lbal=37.6

=== 평가 (탐색 없음, 학습 없음, 무작위 순서 100시행) : 정답률 100.0% | 동점 0회 ===
   자극 A: 42/42 (100.0%)
   자극 B: 58/58 (100.0%)

=== 학습 후 자극별 출력 (선택 이전의 원 신호) ===
  자극 A → 정답 L | out_L=  31  out_R=  25  차이    +6 | KC 161개
  자극 B → 정답 R | out_L=  34  out_R=  36  차이    -2 | KC 97개

=== 가중치 구조 (A전용 KC 158개, B전용 KC 94개) ===
  A전용 KC → out_L 평균 0.5680 | out_R 평균 0.5373 | 차이 +0.0307 (정답은 out_L) **정답쪽 우세**
  B전용 KC → out_L 평균 0.5276 | out_R 평균 0.5299 | 차이 -0.0023 (정답은 out_R) **정답쪽 우세**

=== 가중치 변화 ===
  kc_out_l: n=8058 |Δ|평균 0.04677 변화율  57.2% | 평균 0.500→0.542 | std 0.0000→0.0598
  kc_out_r: n=7947 |Δ|평균 0.03779 변화율  58.4% | 평균 0.500→0.529 | std 0.0000→0.0531

=== 요약 (mode=learn seed=79) ===
  첫 구간 51.2% → 마지막 구간 60.8% | 변화 +9.5%p | 보상률 56.0%
=> MINCIRC mode=learn seed=79 first=51.2 last=60.8 delta=+9.5 reward=56.0 **eval=100.0** tie=0 trialseed=600
