[관계] 항목 8개(훈련 4, 새 4), 반쪽 50 중 활성 15, 항목 간 겹침 1~8(평균 4.5), 새↔훈련 겹침 2~8, 패턴 64개(S 8, D 56)
make: Entering directory '/root/e136_main_run/minimal_circuit_CODE'
make: Nothing to be done for 'all'.
make: Leaving directory '/root/e136_main_run/minimal_circuit_CODE'
[KC불러옴] /mnt/c/Users/JungHyun/Desktop/brain/BrainSimulation-rebuild/research/experiments/traces/E136/dev_indep_w83.npz | 일치형 같은 위치 10/400 | 불일치형 같은 위치 10/400
  시행    1~ 400: 정답률  46.8%
  시행  401~ 800: 정답률  55.5%
=> SDGEN mode=learn seed=83 trialseed=601 train_same=53.8 train_diff=75.0 train_bal=64.4 novel_same=0.0 novel_diff=45.7 novel_bal=22.8 | ties train:0 novel:0 | n_same/diff train 52/48 novel 54/46
=> SDLAB diff=cyclic rule=samediff mode=learn seed=83 trialseed=601 train_accL=53.8 train_accR=75.0 train_lbal=64.4 novel_accL=0.0 novel_accR=45.7 novel_lbal=22.8

=== 평가 (탐색 없음, 학습 없음, 무작위 순서 100시행) : 정답률 23.0% | 동점 49회 ===
   자극 A: 0/51 (0.0%)
   자극 B: 23/49 (46.9%)

=== 학습 후 자극별 출력 (선택 이전의 원 신호) ===
  자극 A → 정답 L | out_L=   7  out_R=  17  차이   -10 | KC 133개
  자극 B → 정답 R | out_L=  36  out_R=  36  차이    +0 | KC 95개

=== 가중치 구조 (A전용 KC 124개, B전용 KC 86개) ===
  A전용 KC → out_L 평균 0.5237 | out_R 평균 0.5482 | 차이 -0.0245 (정답은 out_L) **반대**
  B전용 KC → out_L 평균 0.5710 | out_R 평균 0.5397 | 차이 +0.0313 (정답은 out_R) **반대**

=== 가중치 변화 ===
  kc_out_l: n=7989 |Δ|평균 0.03707 변화율  57.6% | 평균 0.500→0.532 | std 0.0000→0.0472
  kc_out_r: n=8079 |Δ|평균 0.03876 변화율  57.7% | 평균 0.500→0.535 | std 0.0000→0.0474

=== 요약 (mode=learn seed=83) ===
  첫 구간 46.8% → 마지막 구간 55.5% | 변화 +8.8%p | 보상률 51.1%
=> MINCIRC mode=learn seed=83 first=46.8 last=55.5 delta=+8.8 reward=51.1 **eval=23.0** tie=49 trialseed=601
