[관계] 항목 8개(훈련 4, 새 4), 반쪽 50 중 활성 15, 항목 간 겹침 2~9(평균 4.8), 새↔훈련 겹침 2~9, 패턴 64개(S 8, D 56)
make: Entering directory '/root/e136_main_run/minimal_circuit_CODE'
make: Leaving directory '/root/e136_main_run/minimal_circuit_CODE'
[KC불러옴] /mnt/c/Users/JungHyun/Desktop/brain/BrainSimulation-rebuild/research/experiments/traces/E136/dev_indep_w82.npz | 일치형 같은 위치 8/400 | 불일치형 같은 위치 9/400
  시행    1~ 400: 정답률  48.5%
  시행  401~ 800: 정답률  62.0%
=> SDGEN mode=learn seed=82 trialseed=600 train_same=74.1 train_diff=100.0 train_bal=87.0 novel_same=95.6 novel_diff=21.8 novel_bal=58.7 | ties train:0 novel:10 | n_same/diff train 54/46 novel 45/55
=> SDLAB diff=cyclic rule=samediff mode=learn seed=82 trialseed=600 train_accL=74.1 train_accR=100.0 train_lbal=87.0 novel_accL=95.6 novel_accR=21.8 novel_lbal=58.7

=== 평가 (탐색 없음, 학습 없음, 무작위 순서 100시행) : 정답률 0.0% | 동점 0회 ===
   자극 A: 0/45 (0.0%)
   자극 B: 0/55 (0.0%)

=== 학습 후 자극별 출력 (선택 이전의 원 신호) ===
  자극 A → 정답 L | out_L=  36  out_R=  38  차이    -2 | KC 172개
  자극 B → 정답 R | out_L=  26  out_R=  24  차이    +2 | KC 88개

=== 가중치 구조 (A전용 KC 153개, B전용 KC 69개) ===
  A전용 KC → out_L 평균 0.5432 | out_R 평균 0.5559 | 차이 -0.0127 (정답은 out_L) **반대**
  B전용 KC → out_L 평균 0.5645 | out_R 평균 0.5450 | 차이 +0.0195 (정답은 out_R) **반대**

=== 가중치 변화 ===
  kc_out_l: n=7928 |Δ|평균 0.03981 변화율  58.8% | 평균 0.500→0.537 | std 0.0000→0.0476
  kc_out_r: n=7983 |Δ|평균 0.04673 변화율  59.8% | 평균 0.500→0.540 | std 0.0000→0.0588

=== 요약 (mode=learn seed=82) ===
  첫 구간 48.5% → 마지막 구간 62.0% | 변화 +13.5%p | 보상률 55.2%
=> MINCIRC mode=learn seed=82 first=48.5 last=62.0 delta=+13.5 reward=55.2 **eval=0.0** tie=0 trialseed=600
