[관계] 항목 8개(훈련 4, 새 4), 반쪽 50 중 활성 15, 항목 간 겹침 2~8(평균 4.8), 새↔훈련 겹침 3~8, 패턴 64개(S 8, D 56)
make: Entering directory '/root/e136_main_run/minimal_circuit_CODE'
make: Leaving directory '/root/e136_main_run/minimal_circuit_CODE'
[KC불러옴] /mnt/c/Users/JungHyun/Desktop/brain/BrainSimulation-rebuild/research/experiments/traces/E136/dev_indep_w91.npz | 일치형 같은 위치 15/400 | 불일치형 같은 위치 4/400
  시행    1~ 400: 정답률  59.2%
  시행  401~ 800: 정답률  68.5%
=> SDGEN mode=learn seed=91 trialseed=600 train_same=100.0 train_diff=70.0 train_bal=85.0 novel_same=50.0 novel_diff=14.0 novel_bal=32.0 | ties train:0 novel:4 | n_same/diff train 50/50 novel 50/50
=> SDLAB diff=cyclic rule=samediff mode=learn seed=91 trialseed=600 train_accL=100.0 train_accR=70.0 train_lbal=85.0 novel_accL=50.0 novel_accR=14.0 novel_lbal=32.0

=== 평가 (탐색 없음, 학습 없음, 무작위 순서 100시행) : 정답률 53.0% | 동점 0회 ===
   자극 A: 53/53 (100.0%)
   자극 B: 0/47 (0.0%)

=== 학습 후 자극별 출력 (선택 이전의 원 신호) ===
  자극 A → 정답 L | out_L=  15  out_R=  11  차이    +4 | KC 140개
  자극 B → 정답 R | out_L=  47  out_R=  12  차이   +35 | KC 110개

=== 가중치 구조 (A전용 KC 130개, B전용 KC 100개) ===
  A전용 KC → out_L 평균 0.5376 | out_R 평균 0.5358 | 차이 +0.0018 (정답은 out_L) **정답쪽 우세**
  B전용 KC → out_L 평균 0.5740 | out_R 평균 0.5601 | 차이 +0.0139 (정답은 out_R) **반대**

=== 가중치 변화 ===
  kc_out_l: n=7973 |Δ|평균 0.05560 변화율  61.0% | 평균 0.500→0.550 | std 0.0000→0.0664
  kc_out_r: n=8053 |Δ|평균 0.04325 변화율  60.3% | 평균 0.500→0.539 | std 0.0000→0.0571

=== 요약 (mode=learn seed=91) ===
  첫 구간 59.2% → 마지막 구간 68.5% | 변화 +9.2%p | 보상률 63.9%
=> MINCIRC mode=learn seed=91 first=59.2 last=68.5 delta=+9.2 reward=63.9 **eval=53.0** tie=0 trialseed=600
