[관계] 항목 8개(훈련 4, 새 4), 반쪽 50 중 활성 15, 항목 간 겹침 1~8(평균 4.3), 새↔훈련 겹침 1~7, 패턴 64개(S 8, D 56)
make: Entering directory '/root/e136_main_run/minimal_circuit_CODE'
make: Leaving directory '/root/e136_main_run/minimal_circuit_CODE'
[KC불러옴] /mnt/c/Users/JungHyun/Desktop/brain/BrainSimulation-rebuild/research/experiments/traces/E136/dev_indep_w87.npz | 일치형 같은 위치 27/400 | 불일치형 같은 위치 19/400
  시행    1~ 400: 정답률  47.5%
  시행  401~ 800: 정답률  52.8%
=> SDGEN mode=learn seed=87 trialseed=600 train_same=54.5 train_diff=67.9 train_bal=61.2 novel_same=71.1 novel_diff=52.7 novel_bal=61.9 | ties train:20 novel:4 | n_same/diff train 44/56 novel 45/55
=> SDLAB diff=cyclic rule=samediff mode=learn seed=87 trialseed=600 train_accL=54.5 train_accR=67.9 train_lbal=61.2 novel_accL=71.1 novel_accR=52.7 novel_lbal=61.9

=== 평가 (탐색 없음, 학습 없음, 무작위 순서 100시행) : 정답률 100.0% | 동점 0회 ===
   자극 A: 48/48 (100.0%)
   자극 B: 52/52 (100.0%)

=== 학습 후 자극별 출력 (선택 이전의 원 신호) ===
  자극 A → 정답 L | out_L=  37  out_R=  21  차이   +16 | KC 122개
  자극 B → 정답 R | out_L=  10  out_R=  19  차이    -9 | KC 140개

=== 가중치 구조 (A전용 KC 98개, B전용 KC 116개) ===
  A전용 KC → out_L 평균 0.5156 | out_R 평균 0.5284 | 차이 -0.0128 (정답은 out_L) **반대**
  B전용 KC → out_L 평균 0.5176 | out_R 평균 0.5270 | 차이 -0.0094 (정답은 out_R) **정답쪽 우세**

=== 가중치 변화 ===
  kc_out_l: n=8012 |Δ|평균 0.03487 변화율  62.6% | 평균 0.500→0.528 | std 0.0000→0.0422
  kc_out_r: n=7847 |Δ|평균 0.03998 변화율  62.1% | 평균 0.500→0.530 | std 0.0000→0.0516

=== 요약 (mode=learn seed=87) ===
  첫 구간 47.5% → 마지막 구간 52.8% | 변화 +5.2%p | 보상률 50.1%
=> MINCIRC mode=learn seed=87 first=47.5 last=52.8 delta=+5.2 reward=50.1 **eval=100.0** tie=0 trialseed=600
