[관계] 항목 8개(훈련 4, 새 4), 반쪽 50 중 활성 15, 항목 간 겹침 2~7(평균 4.5), 새↔훈련 겹침 2~7, 패턴 64개(S 8, D 56)
make: Entering directory '/root/e136_main_run/minimal_circuit_CODE'
make: Leaving directory '/root/e136_main_run/minimal_circuit_CODE'
[KC불러옴] /mnt/c/Users/JungHyun/Desktop/brain/BrainSimulation-rebuild/research/experiments/traces/E136/dev_indep_w85.npz | 일치형 같은 위치 10/400 | 불일치형 같은 위치 8/400
  시행    1~ 400: 정답률  48.0%
  시행  401~ 800: 정답률  52.5%
=> SDGEN mode=learn seed=85 trialseed=600 train_same=100.0 train_diff=0.0 train_bal=50.0 novel_same=68.2 novel_diff=7.1 novel_bal=37.7 | ties train:0 novel:0 | n_same/diff train 52/48 novel 44/56
=> SDLAB diff=cyclic rule=samediff mode=learn seed=85 trialseed=600 train_accL=100.0 train_accR=0.0 train_lbal=50.0 novel_accL=68.2 novel_accR=7.1 novel_lbal=37.7

=== 평가 (탐색 없음, 학습 없음, 무작위 순서 100시행) : 정답률 57.0% | 동점 0회 ===
   자극 A: 57/57 (100.0%)
   자극 B: 0/43 (0.0%)

=== 학습 후 자극별 출력 (선택 이전의 원 신호) ===
  자극 A → 정답 L | out_L=  20  out_R=   8  차이   +12 | KC 138개
  자극 B → 정답 R | out_L=  33  out_R=  26  차이    +7 | KC 91개

=== 가중치 구조 (A전용 KC 138개, B전용 KC 91개) ===
  A전용 KC → out_L 평균 0.5383 | out_R 평균 0.5129 | 차이 +0.0254 (정답은 out_L) **정답쪽 우세**
  B전용 KC → out_L 평균 0.5621 | out_R 평균 0.5297 | 차이 +0.0324 (정답은 out_R) **반대**

=== 가중치 변화 ===
  kc_out_l: n=8007 |Δ|평균 0.06252 변화율  69.6% | 평균 0.500→0.555 | std 0.0000→0.0624
  kc_out_r: n=8024 |Δ|평균 0.02387 변화율  68.7% | 평균 0.500→0.519 | std 0.0000→0.0282

=== 요약 (mode=learn seed=85) ===
  첫 구간 48.0% → 마지막 구간 52.5% | 변화 +4.5%p | 보상률 50.2%
=> MINCIRC mode=learn seed=85 first=48.0 last=52.5 delta=+4.5 reward=50.2 **eval=57.0** tie=0 trialseed=600
