[관계] 항목 8개(훈련 4, 새 4), 반쪽 50 중 활성 15, 항목 간 겹침 0~8(평균 4.8), 새↔훈련 겹침 0~8, 패턴 64개(S 8, D 56)
make: Entering directory '/root/e136_main_run/minimal_circuit_CODE'
make: Nothing to be done for 'all'.
make: Leaving directory '/root/e136_main_run/minimal_circuit_CODE'
[KC불러옴] /mnt/c/Users/JungHyun/Desktop/brain/BrainSimulation-rebuild/research/experiments/traces/E136/dev_indep_w88.npz | 일치형 같은 위치 0/400 | 불일치형 같은 위치 6/400
  시행    1~ 400: 정답률  46.0%
  시행  401~ 800: 정답률  57.8%
=> SDGEN mode=learn seed=88 trialseed=601 train_same=100.0 train_diff=56.4 train_bal=78.2 novel_same=92.0 novel_diff=6.0 novel_bal=49.0 | ties train:0 novel:13 | n_same/diff train 45/55 novel 50/50
=> SDLAB diff=cyclic rule=samediff mode=learn seed=88 trialseed=601 train_accL=100.0 train_accR=56.4 train_lbal=78.2 novel_accL=92.0 novel_accR=6.0 novel_lbal=49.0

=== 평가 (탐색 없음, 학습 없음, 무작위 순서 100시행) : 정답률 51.0% | 동점 0회 ===
   자극 A: 51/51 (100.0%)
   자극 B: 0/49 (0.0%)

=== 학습 후 자극별 출력 (선택 이전의 원 신호) ===
  자극 A → 정답 L | out_L=  27  out_R=  24  차이    +3 | KC 89개
  자극 B → 정답 R | out_L=  21  out_R=   2  차이   +19 | KC 54개

=== 가중치 구조 (A전용 KC 86개, B전용 KC 51개) ===
  A전용 KC → out_L 평균 0.5350 | out_R 평균 0.5343 | 차이 +0.0007 (정답은 out_L) **정답쪽 우세**
  B전용 KC → out_L 평균 0.5672 | out_R 평균 0.5131 | 차이 +0.0541 (정답은 out_R) **반대**

=== 가중치 변화 ===
  kc_out_l: n=8070 |Δ|평균 0.05186 변화율  68.6% | 평균 0.500→0.542 | std 0.0000→0.0569
  kc_out_r: n=7904 |Δ|평균 0.02762 변화율  69.1% | 평균 0.500→0.522 | std 0.0000→0.0370

=== 요약 (mode=learn seed=88) ===
  첫 구간 46.0% → 마지막 구간 57.8% | 변화 +11.8%p | 보상률 51.9%
=> MINCIRC mode=learn seed=88 first=46.0 last=57.8 delta=+11.8 reward=51.9 **eval=51.0** tie=0 trialseed=601
