[관계] 항목 8개(훈련 4, 새 4), 반쪽 50 중 활성 15, 항목 간 겹침 1~6(평균 4.9), 새↔훈련 겹침 1~6, 패턴 64개(S 8, D 56)
make: Entering directory '/root/e136_main_run/minimal_circuit_CODE'
make: Leaving directory '/root/e136_main_run/minimal_circuit_CODE'
[KC불러옴] /mnt/c/Users/JungHyun/Desktop/brain/BrainSimulation-rebuild/research/experiments/traces/E136/dev_indep_w80.npz | 일치형 같은 위치 7/400 | 불일치형 같은 위치 9/400
  시행    1~ 400: 정답률  52.2%
  시행  401~ 800: 정답률  54.8%
=> SDGEN mode=learn seed=80 trialseed=600 train_same=100.0 train_diff=57.4 train_bal=78.7 novel_same=60.0 novel_diff=35.6 novel_bal=47.8 | ties train:0 novel:2 | n_same/diff train 53/47 novel 55/45
=> SDLAB diff=cyclic rule=samediff mode=learn seed=80 trialseed=600 train_accL=100.0 train_accR=57.4 train_lbal=78.7 novel_accL=60.0 novel_accR=35.6 novel_lbal=47.8

=== 평가 (탐색 없음, 학습 없음, 무작위 순서 100시행) : 정답률 100.0% | 동점 0회 ===
   자극 A: 50/50 (100.0%)
   자극 B: 50/50 (100.0%)

=== 학습 후 자극별 출력 (선택 이전의 원 신호) ===
  자극 A → 정답 L | out_L=  33  out_R=  31  차이    +2 | KC 167개
  자극 B → 정답 R | out_L=  37  out_R=  43  차이    -6 | KC 105개

=== 가중치 구조 (A전용 KC 149개, B전용 KC 87개) ===
  A전용 KC → out_L 평균 0.5614 | out_R 평균 0.5338 | 차이 +0.0276 (정답은 out_L) **정답쪽 우세**
  B전용 KC → out_L 평균 0.5481 | out_R 평균 0.5384 | 차이 +0.0097 (정답은 out_R) **반대**

=== 가중치 변화 ===
  kc_out_l: n=7935 |Δ|평균 0.04587 변화율  50.6% | 평균 0.500→0.540 | std 0.0000→0.0646
  kc_out_r: n=8100 |Δ|평균 0.02983 변화율  49.8% | 평균 0.500→0.529 | std 0.0000→0.0391

=== 요약 (mode=learn seed=80) ===
  첫 구간 52.2% → 마지막 구간 54.8% | 변화 +2.5%p | 보상률 53.5%
=> MINCIRC mode=learn seed=80 first=52.2 last=54.8 delta=+2.5 reward=53.5 **eval=100.0** tie=0 trialseed=600
