[관계] 항목 8개(훈련 4, 새 4), 반쪽 50 중 활성 15, 항목 간 겹침 0~8(평균 4.8), 새↔훈련 겹침 0~8, 패턴 64개(S 8, D 56)
make: Entering directory '/root/e136_main_run/minimal_circuit_CODE'
make: Leaving directory '/root/e136_main_run/minimal_circuit_CODE'
[KC불러옴] /mnt/c/Users/JungHyun/Desktop/brain/BrainSimulation-rebuild/research/experiments/traces/E136/dev_indep_w88.npz | 일치형 같은 위치 0/400 | 불일치형 같은 위치 6/400
  시행    1~ 400: 정답률  50.0%
  시행  401~ 800: 정답률  56.8%
=> SDGEN mode=learn seed=88 trialseed=600 train_same=100.0 train_diff=30.9 train_bal=65.5 novel_same=100.0 novel_diff=0.0 novel_bal=50.0 | ties train:0 novel:0 | n_same/diff train 45/55 novel 51/49
=> SDLAB diff=cyclic rule=samediff mode=learn seed=88 trialseed=600 train_accL=100.0 train_accR=30.9 train_lbal=65.5 novel_accL=100.0 novel_accR=0.0 novel_lbal=50.0

=== 평가 (탐색 없음, 학습 없음, 무작위 순서 100시행) : 정답률 51.0% | 동점 0회 ===
   자극 A: 51/51 (100.0%)
   자극 B: 0/49 (0.0%)

=== 학습 후 자극별 출력 (선택 이전의 원 신호) ===
  자극 A → 정답 L | out_L=  30  out_R=  24  차이    +6 | KC 89개
  자극 B → 정답 R | out_L=  21  out_R=   2  차이   +19 | KC 54개

=== 가중치 구조 (A전용 KC 86개, B전용 KC 51개) ===
  A전용 KC → out_L 평균 0.5491 | out_R 평균 0.5280 | 차이 +0.0210 (정답은 out_L) **정답쪽 우세**
  B전용 KC → out_L 평균 0.5711 | out_R 평균 0.5091 | 차이 +0.0621 (정답은 out_R) **반대**

=== 가중치 변화 ===
  kc_out_l: n=8070 |Δ|평균 0.05946 변화율  68.6% | 평균 0.500→0.551 | std 0.0000→0.0620
  kc_out_r: n=7904 |Δ|평균 0.02488 변화율  69.1% | 평균 0.500→0.519 | std 0.0000→0.0313

=== 요약 (mode=learn seed=88) ===
  첫 구간 50.0% → 마지막 구간 56.8% | 변화 +6.8%p | 보상률 53.4%
=> MINCIRC mode=learn seed=88 first=50.0 last=56.8 delta=+6.8 reward=53.4 **eval=51.0** tie=0 trialseed=600
