[관계] 항목 8개(훈련 4, 새 4), 반쪽 50 중 활성 15, 항목 간 겹침 2~8(평균 4.8), 새↔훈련 겹침 2~6, 패턴 64개(S 8, D 56)
make: Entering directory '/root/e136_main_run/minimal_circuit_CODE'
make: Nothing to be done for 'all'.
make: Leaving directory '/root/e136_main_run/minimal_circuit_CODE'
[KC불러옴] /mnt/c/Users/JungHyun/Desktop/brain/BrainSimulation-rebuild/research/experiments/traces/E136/dev_indep_w79.npz | 일치형 같은 위치 0/400 | 불일치형 같은 위치 6/400
  시행    1~ 400: 정답률  47.2%
  시행  401~ 800: 정답률  57.8%
=> SDGEN mode=learn seed=79 trialseed=601 train_same=37.7 train_diff=100.0 train_bal=68.9 novel_same=22.9 novel_diff=71.2 novel_bal=47.0 | ties train:0 novel:8 | n_same/diff train 53/47 novel 48/52
=> SDLAB diff=cyclic rule=samediff mode=learn seed=79 trialseed=601 train_accL=37.7 train_accR=100.0 train_lbal=68.9 novel_accL=22.9 novel_accR=71.2 novel_lbal=47.0

=== 평가 (탐색 없음, 학습 없음, 무작위 순서 100시행) : 정답률 100.0% | 동점 0회 ===
   자극 A: 42/42 (100.0%)
   자극 B: 58/58 (100.0%)

=== 학습 후 자극별 출력 (선택 이전의 원 신호) ===
  자극 A → 정답 L | out_L=  31  out_R=  24  차이    +7 | KC 161개
  자극 B → 정답 R | out_L=  32  out_R=  36  차이    -4 | KC 97개

=== 가중치 구조 (A전용 KC 158개, B전용 KC 94개) ===
  A전용 KC → out_L 평균 0.5467 | out_R 평균 0.5347 | 차이 +0.0120 (정답은 out_L) **정답쪽 우세**
  B전용 KC → out_L 평균 0.5198 | out_R 평균 0.5276 | 차이 -0.0078 (정답은 out_R) **정답쪽 우세**

=== 가중치 변화 ===
  kc_out_l: n=8058 |Δ|평균 0.03635 변화율  57.2% | 평균 0.500→0.531 | std 0.0000→0.0496
  kc_out_r: n=7947 |Δ|평균 0.03898 변화율  58.4% | 평균 0.500→0.529 | std 0.0000→0.0544

=== 요약 (mode=learn seed=79) ===
  첫 구간 47.2% → 마지막 구간 57.8% | 변화 +10.5%p | 보상률 52.5%
=> MINCIRC mode=learn seed=79 first=47.2 last=57.8 delta=+10.5 reward=52.5 **eval=100.0** tie=0 trialseed=601
