[관계] 항목 8개(훈련 4, 새 4), 반쪽 50 중 활성 15, 항목 간 겹침 1~8(평균 4.3), 새↔훈련 겹침 1~7, 패턴 64개(S 8, D 56)
make: Entering directory '/root/e136_main_run/minimal_circuit_CODE'
make: Nothing to be done for 'all'.
make: Leaving directory '/root/e136_main_run/minimal_circuit_CODE'
[KC불러옴] /mnt/c/Users/JungHyun/Desktop/brain/BrainSimulation-rebuild/research/experiments/traces/E136/dev_indep_w86.npz | 일치형 같은 위치 12/400 | 불일치형 같은 위치 15/400
  시행    1~ 400: 정답률  49.0%
  시행  401~ 800: 정답률  59.2%
=> SDGEN mode=learn seed=86 trialseed=601 train_same=79.7 train_diff=41.5 train_bal=60.6 novel_same=57.4 novel_diff=60.9 novel_bal=59.1 | ties train:0 novel:17 | n_same/diff train 59/41 novel 54/46
=> SDLAB diff=cyclic rule=samediff mode=learn seed=86 trialseed=601 train_accL=79.7 train_accR=41.5 train_lbal=60.6 novel_accL=57.4 novel_accR=60.9 novel_lbal=59.1

=== 평가 (탐색 없음, 학습 없음, 무작위 순서 100시행) : 정답률 100.0% | 동점 0회 ===
   자극 A: 53/53 (100.0%)
   자극 B: 47/47 (100.0%)

=== 학습 후 자극별 출력 (선택 이전의 원 신호) ===
  자극 A → 정답 L | out_L=  24  out_R=  23  차이    +1 | KC 143개
  자극 B → 정답 R | out_L=   5  out_R=  12  차이    -7 | KC 62개

=== 가중치 구조 (A전용 KC 134개, B전용 KC 53개) ===
  A전용 KC → out_L 평균 0.5214 | out_R 평균 0.5218 | 차이 -0.0004 (정답은 out_L) **반대**
  B전용 KC → out_L 평균 0.5399 | out_R 평균 0.5381 | 차이 +0.0018 (정답은 out_R) **반대**

=== 가중치 변화 ===
  kc_out_l: n=7849 |Δ|평균 0.03392 변화율  46.7% | 평균 0.500→0.531 | std 0.0000→0.0484
  kc_out_r: n=7986 |Δ|평균 0.03433 변화율  46.2% | 평균 0.500→0.529 | std 0.0000→0.0510

=== 요약 (mode=learn seed=86) ===
  첫 구간 49.0% → 마지막 구간 59.2% | 변화 +10.2%p | 보상률 54.1%
=> MINCIRC mode=learn seed=86 first=49.0 last=59.2 delta=+10.2 reward=54.1 **eval=100.0** tie=0 trialseed=601
