무시 가능(Δ 0)                         기대 무시 가능(H087-null) → 무시 가능(H087-null) — 두 수준  ✓
영향 큼(반사 0, Δ −0.08)                기대 영향 큼(H087)       → 영향 큼(H087) — R0X 에서 수정이  ✓
영향 큼(반사 25, Δ +0.06)               기대 영향 큼(H087)       → 영향 큼(H087) — R25X 에서 수정이 ✓
Δ 경계 −0.05 정확 → 영향 큼               기대 영향 큼(H087)       → 영향 큼(H087) — R0X 에서 수정이  ✓
Δ −0.0499 → 중간 → 보류                기대 보류(중간)           → 보류(중간)                   ✓
|Δ| 경계 0.03 정확 → 무시 아님 → 보류        기대 보류(중간)           → 보류(중간)                   ✓
|Δ| 0.0299 → 무시 가능                 기대 무시 가능(H087-null) → 무시 가능(H087-null) — 두 수준  ✓
섞인 부호(+0.08 3·−0.08 2) → 보류        기대 보류(중간)           → 보류(중간)                   ✓
영향 큼 4/5(한 뇌 0)                    기대 영향 큼(H087)       → 영향 큼(H087) — R25X 에서 수정이 ✓
무시 가능 4/5(한 뇌 0.04)                기대 무시 가능(H087-null) → 무시 가능(H087-null) — 두 수준  ✓
점검 줄 2개                            기대 보류(조작검증 실패)      → 보류(조작검증 실패)              ✓
I_input 0 이 아님                     기대 보류(조작검증 실패)      → 보류(조작검증 실패)              ✓
I_input 줄 없음                       기대 보류(조작검증 실패)      → 보류(조작검증 실패)              ✓
설정 줄 없음                            기대 보류(조작검증 실패)      → 보류(조작검증 실패)              ✓
[사전] 재현 어긋남 0.0021                 기대 보류(조작검증 실패)      → 보류(조작검증 실패)              ✓
추적 시행 400                          기대 보류(조작검증 실패)      → 보류(조작검증 실패)              ✓
동결 잔차                              기대 보류(조작검증 실패)      → 보류(조작검증 실패)              ✓
결측                                 기대 결측               → [측정 확인] 결측 [('b', 'R25X' ✓
원 로그 파싱                            → ✓
전체: 통과
