[관계] 항목 8개(훈련 4, 새 4), 반쪽 50 중 활성 15, 항목 간 겹침 1~7(평균 4.5), 새↔훈련 겹침 1~7, 패턴 64개(S 8, D 56)
make: Entering directory '/root/e126_main_run/minimal_circuit_CODE'
make: Leaving directory '/root/e126_main_run/minimal_circuit_CODE'
  시행    1~ 400: 정답률  50.2%
  시행  401~ 800: 정답률  49.2%
=> SDGEN mode=frozen seed=11 trialseed=600 train_same=0.0 train_diff=100.0 train_bal=50.0 novel_same=31.0 novel_diff=85.7 novel_bal=58.4 | ties train:0 novel:5 | n_same/diff train 57/43 novel 58/42
=> SDLAB diff=cyclic rule=samediff mode=frozen seed=11 trialseed=600 train_accL=0.0 train_accR=100.0 train_lbal=50.0 novel_accL=31.0 novel_accR=85.7 novel_lbal=58.4

=== 평가 (탐색 없음, 학습 없음, 무작위 순서 100시행) : 정답률 48.0% | 동점 0회 ===
   자극 A: 0/52 (0.0%)
   자극 B: 48/48 (100.0%)

=== 학습 후 자극별 출력 (선택 이전의 원 신호) ===
  자극 A → 정답 L | out_L=  13  out_R=  36  차이   -23 | KC 96개
  자극 B → 정답 R | out_L=  24  out_R=  35  차이   -11 | KC 93개

=== 가중치 구조 (A전용 KC 68개, B전용 KC 65개) ===
  A전용 KC → out_L 평균 0.5000 | out_R 평균 0.5000 | 차이 +0.0000 (정답은 out_L) **반대**
  B전용 KC → out_L 평균 0.5000 | out_R 평균 0.5000 | 차이 +0.0000 (정답은 out_R) **정답쪽 우세**

=== 가중치 변화 ===
  kc_out_l: n=7949 |Δ|평균 0.00000 변화율   0.0% | 평균 0.500→0.500 | std 0.0000→0.0000
  kc_out_r: n=8076 |Δ|평균 0.00000 변화율   0.0% | 평균 0.500→0.500 | std 0.0000→0.0000

=== 요약 (mode=frozen seed=11) ===
  첫 구간 50.2% → 마지막 구간 49.2% | 변화 -1.0%p | 보상률 0.0%
=> MINCIRC mode=frozen seed=11 first=50.2 last=49.2 delta=-1.0 reward=0.0 **eval=48.0** tie=0 trialseed=600
