[관계] 항목 8개(훈련 4, 새 4), 반쪽 50 중 활성 15, 항목 간 겹침 2~7(평균 4.3), 새↔훈련 겹침 2~7, 패턴 64개(S 8, D 56)
make: Entering directory '/root/e126_main_run/minimal_circuit_CODE'
make: Leaving directory '/root/e126_main_run/minimal_circuit_CODE'
  시행    1~ 400: 정답률  42.0%
  시행  401~ 800: 정답률  45.0%
=> SDGEN mode=frozen seed=10 trialseed=600 train_same=26.0 train_diff=54.0 train_bal=40.0 novel_same=74.0 novel_diff=44.0 novel_bal=59.0 | ties train:0 novel:0 | n_same/diff train 50/50 novel 50/50
=> SDLAB diff=cyclic rule=samediff mode=frozen seed=10 trialseed=600 train_accL=26.0 train_accR=54.0 train_lbal=40.0 novel_accL=74.0 novel_accR=44.0 novel_lbal=59.0

=== 평가 (탐색 없음, 학습 없음, 무작위 순서 100시행) : 정답률 0.0% | 동점 0회 ===
   자극 A: 0/44 (0.0%)
   자극 B: 0/56 (0.0%)

=== 학습 후 자극별 출력 (선택 이전의 원 신호) ===
  자극 A → 정답 L | out_L=  33  out_R=  36  차이    -3 | KC 98개
  자극 B → 정답 R | out_L=  44  out_R=  28  차이   +16 | KC 114개

=== 가중치 구조 (A전용 KC 65개, B전용 KC 81개) ===
  A전용 KC → out_L 평균 0.5000 | out_R 평균 0.5000 | 차이 +0.0000 (정답은 out_L) **반대**
  B전용 KC → out_L 평균 0.5000 | out_R 평균 0.5000 | 차이 +0.0000 (정답은 out_R) **정답쪽 우세**

=== 가중치 변화 ===
  kc_out_l: n=7952 |Δ|평균 0.00000 변화율   0.0% | 평균 0.500→0.500 | std 0.0000→0.0000
  kc_out_r: n=7999 |Δ|평균 0.00000 변화율   0.0% | 평균 0.500→0.500 | std 0.0000→0.0000

=== 요약 (mode=frozen seed=10) ===
  첫 구간 42.0% → 마지막 구간 45.0% | 변화 +3.0%p | 보상률 0.0%
=> MINCIRC mode=frozen seed=10 first=42.0 last=45.0 delta=+3.0 reward=0.0 **eval=0.0** tie=0 trialseed=600
