[관계] 항목 8개(훈련 4, 새 4), 반쪽 50 중 활성 15, 항목 간 겹침 2~7(평균 4.1), 새↔훈련 겹침 2~6, 패턴 64개(S 8, D 56)
make: Entering directory '/root/e126_main_run/minimal_circuit_CODE'
make: Leaving directory '/root/e126_main_run/minimal_circuit_CODE'
  시행    1~ 400: 정답률  41.2%
  시행  401~ 800: 정답률  47.8%
=> SDGEN mode=frozen seed=15 trialseed=600 train_same=42.3 train_diff=29.2 train_bal=35.7 novel_same=61.1 novel_diff=73.9 novel_bal=67.5 | ties train:0 novel:0 | n_same/diff train 52/48 novel 54/46
=> SDLAB diff=cyclic rule=samediff mode=frozen seed=15 trialseed=600 train_accL=42.3 train_accR=29.2 train_lbal=35.7 novel_accL=61.1 novel_accR=73.9 novel_lbal=67.5

=== 평가 (탐색 없음, 학습 없음, 무작위 순서 100시행) : 정답률 100.0% | 동점 0회 ===
   자극 A: 46/46 (100.0%)
   자극 B: 54/54 (100.0%)

=== 학습 후 자극별 출력 (선택 이전의 원 신호) ===
  자극 A → 정답 L | out_L=  23  out_R=  22  차이    +1 | KC 85개
  자극 B → 정답 R | out_L=  24  out_R=  37  차이   -13 | KC 102개

=== 가중치 구조 (A전용 KC 63개, B전용 KC 80개) ===
  A전용 KC → out_L 평균 0.5000 | out_R 평균 0.5000 | 차이 +0.0000 (정답은 out_L) **반대**
  B전용 KC → out_L 평균 0.5000 | out_R 평균 0.5000 | 차이 +0.0000 (정답은 out_R) **정답쪽 우세**

=== 가중치 변화 ===
  kc_out_l: n=7878 |Δ|평균 0.00000 변화율   0.0% | 평균 0.500→0.500 | std 0.0000→0.0000
  kc_out_r: n=8077 |Δ|평균 0.00000 변화율   0.0% | 평균 0.500→0.500 | std 0.0000→0.0000

=== 요약 (mode=frozen seed=15) ===
  첫 구간 41.2% → 마지막 구간 47.8% | 변화 +6.5%p | 보상률 0.0%
=> MINCIRC mode=frozen seed=15 first=41.2 last=47.8 delta=+6.5 reward=0.0 **eval=100.0** tie=0 trialseed=600
