[관계] 항목 8개(훈련 4, 새 4), 반쪽 50 중 활성 15, 항목 간 겹침 2~7(평균 4.1), 새↔훈련 겹침 2~6, 패턴 64개(S 8, D 56)
make: Entering directory '/root/e126_main_run/minimal_circuit_CODE'
make: Nothing to be done for 'all'.
make: Leaving directory '/root/e126_main_run/minimal_circuit_CODE'
  시행    1~ 400: 정답률  44.8%
  시행  401~ 800: 정답률  47.2%
=> SDGEN mode=learn seed=15 trialseed=601 train_same=63.5 train_diff=0.0 train_bal=31.7 novel_same=100.0 novel_diff=10.9 novel_bal=55.4 | ties train:0 novel:0 | n_same/diff train 52/48 novel 54/46
=> SDLAB diff=cyclic rule=samediff mode=learn seed=15 trialseed=601 train_accL=63.5 train_accR=0.0 train_lbal=31.7 novel_accL=100.0 novel_accR=10.9 novel_lbal=55.4

=== 평가 (탐색 없음, 학습 없음, 무작위 순서 100시행) : 정답률 100.0% | 동점 0회 ===
   자극 A: 46/46 (100.0%)
   자극 B: 54/54 (100.0%)

=== 학습 후 자극별 출력 (선택 이전의 원 신호) ===
  자극 A → 정답 L | out_L=  31  out_R=  30  차이    +1 | KC 85개
  자극 B → 정답 R | out_L=  21  out_R=  30  차이    -9 | KC 102개

=== 가중치 구조 (A전용 KC 63개, B전용 KC 80개) ===
  A전용 KC → out_L 평균 0.5575 | out_R 평균 0.5410 | 차이 +0.0165 (정답은 out_L) **정답쪽 우세**
  B전용 KC → out_L 평균 0.5510 | out_R 평균 0.5308 | 차이 +0.0201 (정답은 out_R) **반대**

=== 가중치 변화 ===
  kc_out_l: n=7878 |Δ|평균 0.03003 변화율  37.4% | 평균 0.500→0.526 | std 0.0000→0.0511
  kc_out_r: n=8077 |Δ|평균 0.01607 변화율  37.7% | 평균 0.500→0.515 | std 0.0000→0.0283

=== 요약 (mode=learn seed=15) ===
  첫 구간 44.8% → 마지막 구간 47.2% | 변화 +2.5%p | 보상률 46.0%
=> MINCIRC mode=learn seed=15 first=44.8 last=47.2 delta=+2.5 reward=46.0 **eval=100.0** tie=0 trialseed=601
