[관계] 항목 8개(훈련 4, 새 4), 반쪽 50 중 활성 15, 항목 간 겹침 2~8(평균 4.7), 새↔훈련 겹침 3~8, 패턴 64개(S 8, D 56)
make: Entering directory '/root/e126_main_run/minimal_circuit_CODE'
make: Leaving directory '/root/e126_main_run/minimal_circuit_CODE'
  시행    1~ 400: 정답률  54.0%
  시행  401~ 800: 정답률  53.2%
=> SDGEN mode=learn seed=16 trialseed=600 train_same=53.6 train_diff=68.2 train_bal=60.9 novel_same=39.6 novel_diff=28.8 novel_bal=34.2 | ties train:0 novel:0 | n_same/diff train 56/44 novel 48/52
=> SDLAB diff=cyclic rule=samediff mode=learn seed=16 trialseed=600 train_accL=53.6 train_accR=68.2 train_lbal=60.9 novel_accL=39.6 novel_accR=28.8 novel_lbal=34.2

=== 평가 (탐색 없음, 학습 없음, 무작위 순서 100시행) : 정답률 72.0% | 동점 47회 ===
   자극 A: 53/53 (100.0%)
   자극 B: 19/47 (40.4%)

=== 학습 후 자극별 출력 (선택 이전의 원 신호) ===
  자극 A → 정답 L | out_L=  27  out_R=   4  차이   +23 | KC 98개
  자극 B → 정답 R | out_L=  11  out_R=  11  차이    +0 | KC 104개

=== 가중치 구조 (A전용 KC 76개, B전용 KC 82개) ===
  A전용 KC → out_L 평균 0.5629 | out_R 평균 0.5774 | 차이 -0.0145 (정답은 out_L) **반대**
  B전용 KC → out_L 평균 0.5436 | out_R 평균 0.5763 | 차이 -0.0327 (정답은 out_R) **정답쪽 우세**

=== 가중치 변화 ===
  kc_out_l: n=7958 |Δ|평균 0.02761 변화율  38.8% | 평균 0.500→0.526 | std 0.0000→0.0468
  kc_out_r: n=7861 |Δ|평균 0.03604 변화율  39.0% | 평균 0.500→0.534 | std 0.0000→0.0561

=== 요약 (mode=learn seed=16) ===
  첫 구간 54.0% → 마지막 구간 53.2% | 변화 -0.8%p | 보상률 53.6%
=> MINCIRC mode=learn seed=16 first=54.0 last=53.2 delta=-0.8 reward=53.6 **eval=72.0** tie=47 trialseed=600
