[관계] 항목 8개(훈련 4, 새 4), 반쪽 50 중 활성 15, 항목 간 겹침 1~8(평균 5.0), 새↔훈련 겹침 1~7, 패턴 64개(S 8, D 56)
make: Entering directory '/root/e126_main_run/minimal_circuit_CODE'
make: Leaving directory '/root/e126_main_run/minimal_circuit_CODE'
  시행    1~ 400: 정답률  50.5%
  시행  401~ 800: 정답률  52.8%
=> SDGEN mode=learn seed=17 trialseed=600 train_same=100.0 train_diff=0.0 train_bal=50.0 novel_same=100.0 novel_diff=0.0 novel_bal=50.0 | ties train:0 novel:0 | n_same/diff train 60/40 novel 54/46
=> SDLAB diff=cyclic rule=samediff mode=learn seed=17 trialseed=600 train_accL=100.0 train_accR=0.0 train_lbal=50.0 novel_accL=100.0 novel_accR=0.0 novel_lbal=50.0

=== 평가 (탐색 없음, 학습 없음, 무작위 순서 100시행) : 정답률 55.0% | 동점 0회 ===
   자극 A: 55/55 (100.0%)
   자극 B: 0/45 (0.0%)

=== 학습 후 자극별 출력 (선택 이전의 원 신호) ===
  자극 A → 정답 L | out_L=  31  out_R=  10  차이   +21 | KC 102개
  자극 B → 정답 R | out_L=  22  out_R=   5  차이   +17 | KC 107개

=== 가중치 구조 (A전용 KC 83개, B전용 KC 88개) ===
  A전용 KC → out_L 평균 0.5738 | out_R 평균 0.5406 | 차이 +0.0331 (정답은 out_L) **정답쪽 우세**
  B전용 KC → out_L 평균 0.5783 | out_R 평균 0.5408 | 차이 +0.0375 (정답은 out_R) **반대**

=== 가중치 변화 ===
  kc_out_l: n=8046 |Δ|평균 0.03875 변화율  36.5% | 평균 0.500→0.537 | std 0.0000→0.0637
  kc_out_r: n=8067 |Δ|평균 0.02043 변화율  36.0% | 평균 0.500→0.519 | std 0.0000→0.0356

=== 요약 (mode=learn seed=17) ===
  첫 구간 50.5% → 마지막 구간 52.8% | 변화 +2.2%p | 보상률 51.6%
=> MINCIRC mode=learn seed=17 first=50.5 last=52.8 delta=+2.2 reward=51.6 **eval=55.0** tie=0 trialseed=600
