[관계] 항목 8개(훈련 4, 새 4), 반쪽 50 중 활성 15, 항목 간 겹침 2~8(평균 4.6), 새↔훈련 겹침 2~8, 패턴 64개(S 8, D 56)
make: Entering directory '/root/e126_main_run/minimal_circuit_CODE'
make: Leaving directory '/root/e126_main_run/minimal_circuit_CODE'
  시행    1~ 400: 정답률  46.0%
  시행  401~ 800: 정답률  52.5%
=> SDGEN mode=learn seed=14 trialseed=600 train_same=67.3 train_diff=14.6 train_bal=40.9 novel_same=77.6 novel_diff=43.1 novel_bal=60.3 | ties train:12 novel:0 | n_same/diff train 52/48 novel 49/51
=> SDLAB diff=cyclic rule=samediff mode=learn seed=14 trialseed=600 train_accL=67.3 train_accR=14.6 train_lbal=40.9 novel_accL=77.6 novel_accR=43.1 novel_lbal=60.3

=== 평가 (탐색 없음, 학습 없음, 무작위 순서 100시행) : 정답률 57.0% | 동점 0회 ===
   자극 A: 57/57 (100.0%)
   자극 B: 0/43 (0.0%)

=== 학습 후 자극별 출력 (선택 이전의 원 신호) ===
  자극 A → 정답 L | out_L=  30  out_R=  17  차이   +13 | KC 85개
  자극 B → 정답 R | out_L=  27  out_R=  22  차이    +5 | KC 93개

=== 가중치 구조 (A전용 KC 62개, B전용 KC 70개) ===
  A전용 KC → out_L 평균 0.5463 | out_R 평균 0.5433 | 차이 +0.0030 (정답은 out_L) **정답쪽 우세**
  B전용 KC → out_L 평균 0.5543 | out_R 평균 0.5464 | 차이 +0.0079 (정답은 out_R) **반대**

=== 가중치 변화 ===
  kc_out_l: n=7975 |Δ|평균 0.02373 변화율  32.7% | 평균 0.500→0.522 | std 0.0000→0.0438
  kc_out_r: n=8075 |Δ|평균 0.02363 변화율  32.8% | 평균 0.500→0.521 | std 0.0000→0.0457

=== 요약 (mode=learn seed=14) ===
  첫 구간 46.0% → 마지막 구간 52.5% | 변화 +6.5%p | 보상률 49.2%
=> MINCIRC mode=learn seed=14 first=46.0 last=52.5 delta=+6.5 reward=49.2 **eval=57.0** tie=0 trialseed=600
