[관계] 항목 8개(훈련 4, 새 4), 반쪽 50 중 활성 15, 항목 간 겹침 2~7(평균 4.3), 새↔훈련 겹침 2~7, 패턴 64개(S 8, D 56)
make: Entering directory '/root/e126_main_run/minimal_circuit_CODE'
make: Nothing to be done for 'all'.
make: Leaving directory '/root/e126_main_run/minimal_circuit_CODE'
  시행    1~ 400: 정답률  48.8%
  시행  401~ 800: 정답률  53.8%
=> SDGEN mode=learn seed=10 trialseed=601 train_same=0.0 train_diff=100.0 train_bal=50.0 novel_same=30.0 novel_diff=76.0 novel_bal=53.0 | ties train:0 novel:0 | n_same/diff train 50/50 novel 50/50
=> SDLAB diff=cyclic rule=samediff mode=learn seed=10 trialseed=601 train_accL=0.0 train_accR=100.0 train_lbal=50.0 novel_accL=30.0 novel_accR=76.0 novel_lbal=53.0

=== 평가 (탐색 없음, 학습 없음, 무작위 순서 100시행) : 정답률 56.0% | 동점 0회 ===
   자극 A: 0/44 (0.0%)
   자극 B: 56/56 (100.0%)

=== 학습 후 자극별 출력 (선택 이전의 원 신호) ===
  자극 A → 정답 L | out_L=  17  out_R=  18  차이    -1 | KC 98개
  자극 B → 정답 R | out_L=   6  out_R=  23  차이   -17 | KC 114개

=== 가중치 구조 (A전용 KC 65개, B전용 KC 81개) ===
  A전용 KC → out_L 평균 0.5348 | out_R 평균 0.5619 | 차이 -0.0271 (정답은 out_L) **반대**
  B전용 KC → out_L 평균 0.5346 | out_R 평균 0.5717 | 차이 -0.0371 (정답은 out_R) **정답쪽 우세**

=== 가중치 변화 ===
  kc_out_l: n=7952 |Δ|평균 0.02052 변화율  36.5% | 평균 0.500→0.519 | std 0.0000→0.0354
  kc_out_r: n=7999 |Δ|평균 0.03538 변화율  37.2% | 평균 0.500→0.532 | std 0.0000→0.0585

=== 요약 (mode=learn seed=10) ===
  첫 구간 48.8% → 마지막 구간 53.8% | 변화 +5.0%p | 보상률 51.2%
=> MINCIRC mode=learn seed=10 first=48.8 last=53.8 delta=+5.0 reward=51.2 **eval=56.0** tie=0 trialseed=601
