[관계] 항목 8개(훈련 4, 새 4), 반쪽 50 중 활성 15, 항목 간 겹침 2~7(평균 4.5), 새↔훈련 겹침 2~7, 패턴 64개(S 8, D 56)
make: Entering directory '/root/e126_main_run/minimal_circuit_CODE'
make: Leaving directory '/root/e126_main_run/minimal_circuit_CODE'
  시행    1~ 400: 정답률  54.5%
  시행  401~ 800: 정답률  54.0%
=> SDGEN mode=learn seed=12 trialseed=600 train_same=100.0 train_diff=0.0 train_bal=50.0 novel_same=71.4 novel_diff=0.0 novel_bal=35.7 | ties train:0 novel:1 | n_same/diff train 47/53 novel 49/51
=> SDLAB diff=cyclic rule=samediff mode=learn seed=12 trialseed=600 train_accL=100.0 train_accR=0.0 train_lbal=50.0 novel_accL=71.4 novel_accR=0.0 novel_lbal=35.7

=== 평가 (탐색 없음, 학습 없음, 무작위 순서 100시행) : 정답률 100.0% | 동점 0회 ===
   자극 A: 41/41 (100.0%)
   자극 B: 59/59 (100.0%)

=== 학습 후 자극별 출력 (선택 이전의 원 신호) ===
  자극 A → 정답 L | out_L=  16  out_R=   8  차이    +8 | KC 101개
  자극 B → 정답 R | out_L=  10  out_R=  19  차이    -9 | KC 90개

=== 가중치 구조 (A전용 KC 78개, B전용 KC 67개) ===
  A전용 KC → out_L 평균 0.5867 | out_R 평균 0.5616 | 차이 +0.0251 (정답은 out_L) **정답쪽 우세**
  B전용 KC → out_L 평균 0.5542 | out_R 평균 0.5585 | 차이 -0.0043 (정답은 out_R) **정답쪽 우세**

=== 가중치 변화 ===
  kc_out_l: n=8125 |Δ|평균 0.03473 변화율  35.3% | 평균 0.500→0.532 | std 0.0000→0.0618
  kc_out_r: n=8003 |Δ|평균 0.02771 변화율  34.3% | 평균 0.500→0.526 | std 0.0000→0.0478

=== 요약 (mode=learn seed=12) ===
  첫 구간 54.5% → 마지막 구간 54.0% | 변화 -0.5%p | 보상률 54.2%
=> MINCIRC mode=learn seed=12 first=54.5 last=54.0 delta=-0.5 reward=54.2 **eval=100.0** tie=0 trialseed=600
