[관계] 항목 8개(훈련 4, 새 4), 반쪽 50 중 활성 15, 항목 간 겹침 1~8(평균 4.7), 새↔훈련 겹침 2~8, 패턴 64개(S 8, D 56)
make: Entering directory '/root/e125_run/minimal_circuit_CODE'
make: Nothing to be done for 'all'.
make: Leaving directory '/root/e125_run/minimal_circuit_CODE'
  시행    1~ 400: 정답률  50.5%
  시행  401~ 800: 정답률  50.7%
=> SDGEN mode=learn seed=18 trialseed=601 train_same=84.0 train_diff=24.0 train_bal=54.0 novel_same=83.7 novel_diff=14.0 novel_bal=48.9 | ties train:0 novel:0 | n_same/diff train 50/50 novel 43/57
=> SDLAB diff=cyclic rule=samediff mode=learn seed=18 trialseed=601 train_accL=84.0 train_accR=24.0 train_lbal=54.0 novel_accL=83.7 novel_accR=14.0 novel_lbal=48.9

=== 평가 (탐색 없음, 학습 없음, 무작위 순서 100시행) : 정답률 48.0% | 동점 0회 ===
   자극 A: 48/48 (100.0%)
   자극 B: 0/52 (0.0%)

=== 학습 후 자극별 출력 (선택 이전의 원 신호) ===
  자극 A → 정답 L | out_L=  17  out_R=  16  차이    +1 | KC 97개
  자극 B → 정답 R | out_L=  43  out_R=   3  차이   +40 | KC 101개

=== 가중치 구조 (A전용 KC 73개, B전용 KC 77개) ===
  A전용 KC → out_L 평균 0.5620 | out_R 평균 0.5437 | 차이 +0.0183 (정답은 out_L) **정답쪽 우세**
  B전용 KC → out_L 평균 0.5840 | out_R 평균 0.5542 | 차이 +0.0298 (정답은 out_R) **반대**

=== 가중치 변화 ===
  kc_out_l: n=8073 |Δ|평균 0.03054 변화율  34.5% | 평균 0.500→0.528 | std 0.0000→0.0553
  kc_out_r: n=7892 |Δ|평균 0.02152 변화율  33.9% | 평균 0.500→0.520 | std 0.0000→0.0384

=== 요약 (mode=learn seed=18) ===
  첫 구간 50.5% → 마지막 구간 50.7% | 변화 +0.2%p | 보상률 50.6%
=> MINCIRC mode=learn seed=18 first=50.5 last=50.7 delta=+0.2 reward=50.6 **eval=48.0** tie=0 trialseed=601
