[관계] 항목 8개(훈련 4, 새 4), 반쪽 50 중 활성 15, 항목 간 겹침 2~7(평균 4.4), 새↔훈련 겹침 2~7, 패턴 64개(S 8, D 56)
make: Entering directory '/root/e134_main_run/minimal_circuit_CODE'
make: Nothing to be done for 'all'.
make: Leaving directory '/root/e134_main_run/minimal_circuit_CODE'
[KC불러옴] /mnt/c/Users/JungHyun/Desktop/brain/BrainSimulation-rebuild/research/experiments/traces/E134/dev_corr_w65.npz | 일치형 같은 위치 369/400 | 불일치형 같은 위치 368/400
[KC불러옴이동] k=7 | 일치형 0.000 불일치형 0.000 (과제 sd_shift=7)
  시행    1~ 400: 정답률  49.8%
  시행  401~ 800: 정답률  55.0%
=> SDGEN mode=learn seed=65 trialseed=601 train_same=75.9 train_diff=54.8 train_bal=65.3 novel_same=30.6 novel_diff=68.6 novel_bal=49.6 | ties train:0 novel:0 | n_same/diff train 58/42 novel 49/51
=> SDLAB diff=cyclic rule=samediff mode=learn seed=65 trialseed=601 train_accL=75.9 train_accR=54.8 train_lbal=65.3 novel_accL=30.6 novel_accR=68.6 novel_lbal=49.6

=== 평가 (탐색 없음, 학습 없음, 무작위 순서 100시행) : 정답률 0.0% | 동점 0회 ===
   자극 A: 0/49 (0.0%)
   자극 B: 0/51 (0.0%)

=== 학습 후 자극별 출력 (선택 이전의 원 신호) ===
  자극 A → 정답 L | out_L=   7  out_R=  34  차이   -27 | KC 122개
  자극 B → 정답 R | out_L=  39  out_R=   5  차이   +34 | KC 129개

=== 가중치 구조 (A전용 KC 107개, B전용 KC 114개) ===
  A전용 KC → out_L 평균 0.5457 | out_R 평균 0.5438 | 차이 +0.0020 (정답은 out_L) **정답쪽 우세**
  B전용 KC → out_L 평균 0.5501 | out_R 평균 0.5293 | 차이 +0.0208 (정답은 out_R) **반대**

=== 가중치 변화 ===
  kc_out_l: n=7910 |Δ|평균 0.04515 변화율  63.5% | 평균 0.500→0.539 | std 0.0000→0.0558
  kc_out_r: n=8041 |Δ|평균 0.03817 변화율  63.3% | 평균 0.500→0.532 | std 0.0000→0.0525

=== 요약 (mode=learn seed=65) ===
  첫 구간 49.8% → 마지막 구간 55.0% | 변화 +5.3%p | 보상률 52.4%
=> MINCIRC mode=learn seed=65 first=49.8 last=55.0 delta=+5.3 reward=52.4 **eval=0.0** tie=0 trialseed=601
