[관계] 항목 8개(훈련 4, 새 4), 반쪽 50 중 활성 15, 항목 간 겹침 2~8(평균 4.7), 새↔훈련 겹침 2~7, 패턴 64개(S 8, D 56)
make: Entering directory '/root/e134_main_run/minimal_circuit_CODE'
make: Nothing to be done for 'all'.
make: Leaving directory '/root/e134_main_run/minimal_circuit_CODE'
[KC불러옴] /mnt/c/Users/JungHyun/Desktop/brain/BrainSimulation-rebuild/research/experiments/traces/E134/dev_corr_w77.npz | 일치형 같은 위치 361/400 | 불일치형 같은 위치 350/400
[KC불러옴이동] k=7 | 일치형 0.000 불일치형 0.000 (과제 sd_shift=7)
  시행    1~ 400: 정답률  58.5%
  시행  401~ 800: 정답률  56.2%
=> SDGEN mode=learn seed=77 trialseed=600 train_same=74.5 train_diff=66.0 train_bal=70.3 novel_same=66.7 novel_diff=55.1 novel_bal=60.9 | ties train:0 novel:3 | n_same/diff train 47/53 novel 51/49
=> SDLAB diff=cyclic rule=samediff mode=learn seed=77 trialseed=600 train_accL=74.5 train_accR=66.0 train_lbal=70.3 novel_accL=66.7 novel_accR=55.1 novel_lbal=60.9

=== 평가 (탐색 없음, 학습 없음, 무작위 순서 100시행) : 정답률 77.0% | 동점 54회 ===
   자극 A: 31/54 (57.4%)
   자극 B: 46/46 (100.0%)

=== 학습 후 자극별 출력 (선택 이전의 원 신호) ===
  자극 A → 정답 L | out_L=  21  out_R=  21  차이    +0 | KC 120개
  자극 B → 정답 R | out_L=  19  out_R=  37  차이   -18 | KC 117개

=== 가중치 구조 (A전용 KC 107개, B전용 KC 104개) ===
  A전용 KC → out_L 평균 0.5596 | out_R 평균 0.5631 | 차이 -0.0035 (정답은 out_L) **반대**
  B전용 KC → out_L 평균 0.5482 | out_R 평균 0.5330 | 차이 +0.0152 (정답은 out_R) **반대**

=== 가중치 변화 ===
  kc_out_l: n=8069 |Δ|평균 0.03849 변화율  59.3% | 평균 0.500→0.536 | std 0.0000→0.0483
  kc_out_r: n=8075 |Δ|평균 0.04880 변화율  59.0% | 평균 0.500→0.546 | std 0.0000→0.0540

=== 요약 (mode=learn seed=77) ===
  첫 구간 58.5% → 마지막 구간 56.2% | 변화 -2.2%p | 보상률 57.4%
=> MINCIRC mode=learn seed=77 first=58.5 last=56.2 delta=-2.2 reward=57.4 **eval=77.0** tie=54 trialseed=600
