[관계] 항목 8개(훈련 4, 새 4), 반쪽 50 중 활성 15, 항목 간 겹침 2~7(평균 4.3), 새↔훈련 겹침 2~7, 패턴 64개(S 8, D 56)
make: Entering directory '/root/e134_main_run/minimal_circuit_CODE'
make: Leaving directory '/root/e134_main_run/minimal_circuit_CODE'
[KC불러옴] /mnt/c/Users/JungHyun/Desktop/brain/BrainSimulation-rebuild/research/experiments/traces/E134/dev_corr_w66.npz | 일치형 같은 위치 367/400 | 불일치형 같은 위치 374/400
[KC불러옴이동] k=7 | 일치형 0.000 불일치형 0.000 (과제 sd_shift=0)
  시행    1~ 400: 정답률  52.5%
  시행  401~ 800: 정답률  66.5%
=> SDGEN mode=learn seed=66 trialseed=600 train_same=100.0 train_diff=100.0 train_bal=100.0 novel_same=100.0 novel_diff=53.3 novel_bal=76.7 | ties train:0 novel:3 | n_same/diff train 56/44 novel 55/45
=> SDLAB diff=cyclic rule=samediff mode=learn seed=66 trialseed=600 train_accL=100.0 train_accR=100.0 train_lbal=100.0 novel_accL=100.0 novel_accR=53.3 novel_lbal=76.7

=== 평가 (탐색 없음, 학습 없음, 무작위 순서 100시행) : 정답률 56.0% | 동점 0회 ===
   자극 A: 56/56 (100.0%)
   자극 B: 0/44 (0.0%)

=== 학습 후 자극별 출력 (선택 이전의 원 신호) ===
  자극 A → 정답 L | out_L=  46  out_R=   8  차이   +38 | KC 113개
  자극 B → 정답 R | out_L=  21  out_R=   9  차이   +12 | KC 123개

=== 가중치 구조 (A전용 KC 101개, B전용 KC 111개) ===
  A전용 KC → out_L 평균 0.5319 | out_R 평균 0.5353 | 차이 -0.0034 (정답은 out_L) **반대**
  B전용 KC → out_L 평균 0.5555 | out_R 평균 0.5535 | 차이 +0.0020 (정답은 out_R) **반대**

=== 가중치 변화 ===
  kc_out_l: n=8182 |Δ|평균 0.07156 변화율  76.6% | 평균 0.500→0.552 | std 0.0000→0.0939
  kc_out_r: n=7985 |Δ|평균 0.04888 변화율  76.9% | 평균 0.500→0.540 | std 0.0000→0.0549

=== 요약 (mode=learn seed=66) ===
  첫 구간 52.5% → 마지막 구간 66.5% | 변화 +14.0%p | 보상률 59.5%
=> MINCIRC mode=learn seed=66 first=52.5 last=66.5 delta=+14.0 reward=59.5 **eval=56.0** tie=0 trialseed=600
