[관계] 항목 8개(훈련 4, 새 4), 반쪽 50 중 활성 15, 항목 간 겹침 2~8(평균 4.8), 새↔훈련 겹침 3~8, 패턴 64개(S 8, D 56)
make: Entering directory '/root/e134_main_run/minimal_circuit_CODE'
make: Nothing to be done for 'all'.
make: Leaving directory '/root/e134_main_run/minimal_circuit_CODE'
[KC불러옴] /mnt/c/Users/JungHyun/Desktop/brain/BrainSimulation-rebuild/research/experiments/traces/E134/dev_corr_w63.npz | 일치형 같은 위치 372/400 | 불일치형 같은 위치 387/400
[KC불러옴이동] k=7 | 일치형 0.000 불일치형 0.007 (과제 sd_shift=7)
  시행    1~ 400: 정답률  44.2%
  시행  401~ 800: 정답률  58.8%
=> SDGEN mode=learn seed=63 trialseed=600 train_same=100.0 train_diff=58.8 train_bal=79.4 novel_same=100.0 novel_diff=11.3 novel_bal=55.7 | ties train:0 novel:0 | n_same/diff train 49/51 novel 47/53
=> SDLAB diff=cyclic rule=samediff mode=learn seed=63 trialseed=600 train_accL=100.0 train_accR=58.8 train_lbal=79.4 novel_accL=100.0 novel_accR=11.3 novel_lbal=55.7

=== 평가 (탐색 없음, 학습 없음, 무작위 순서 100시행) : 정답률 100.0% | 동점 0회 ===
   자극 A: 47/47 (100.0%)
   자극 B: 53/53 (100.0%)

=== 학습 후 자극별 출력 (선택 이전의 원 신호) ===
  자극 A → 정답 L | out_L=  34  out_R=  12  차이   +22 | KC 132개
  자극 B → 정답 R | out_L=  12  out_R=  20  차이    -8 | KC 124개

=== 가중치 구조 (A전용 KC 111개, B전용 KC 103개) ===
  A전용 KC → out_L 평균 0.5338 | out_R 평균 0.5183 | 차이 +0.0155 (정답은 out_L) **정답쪽 우세**
  B전용 KC → out_L 평균 0.5491 | out_R 평균 0.5399 | 차이 +0.0092 (정답은 out_R) **반대**

=== 가중치 변화 ===
  kc_out_l: n=8000 |Δ|평균 0.03729 변화율  54.6% | 평균 0.500→0.533 | std 0.0000→0.0495
  kc_out_r: n=7974 |Δ|평균 0.03404 변화율  54.8% | 평균 0.500→0.529 | std 0.0000→0.0477

=== 요약 (mode=learn seed=63) ===
  첫 구간 44.2% → 마지막 구간 58.8% | 변화 +14.5%p | 보상률 51.5%
=> MINCIRC mode=learn seed=63 first=44.2 last=58.8 delta=+14.5 reward=51.5 **eval=100.0** tie=0 trialseed=600
