[관계] 항목 8개(훈련 4, 새 4), 반쪽 50 중 활성 15, 항목 간 겹침 2~7(평균 4.4), 새↔훈련 겹침 2~6, 패턴 64개(S 8, D 56)
make: Entering directory '/root/e134_main_run/minimal_circuit_CODE'
make: Leaving directory '/root/e134_main_run/minimal_circuit_CODE'
[KC불러옴] /mnt/c/Users/JungHyun/Desktop/brain/BrainSimulation-rebuild/research/experiments/traces/E134/dev_corr_w64.npz | 일치형 같은 위치 368/400 | 불일치형 같은 위치 363/400
[KC불러옴이동] k=7 | 일치형 0.000 불일치형 0.000 (과제 sd_shift=0)
  시행    1~ 400: 정답률  59.2%
  시행  401~ 800: 정답률  65.2%
=> SDGEN mode=learn seed=64 trialseed=600 train_same=100.0 train_diff=83.0 train_bal=91.5 novel_same=100.0 novel_diff=100.0 novel_bal=100.0 | ties train:0 novel:0 | n_same/diff train 53/47 novel 52/48
=> SDLAB diff=cyclic rule=samediff mode=learn seed=64 trialseed=600 train_accL=100.0 train_accR=83.0 train_lbal=91.5 novel_accL=100.0 novel_accR=100.0 novel_lbal=100.0

=== 평가 (탐색 없음, 학습 없음, 무작위 순서 100시행) : 정답률 0.0% | 동점 0회 ===
   자극 A: 0/54 (0.0%)
   자극 B: 0/46 (0.0%)

=== 학습 후 자극별 출력 (선택 이전의 원 신호) ===
  자극 A → 정답 L | out_L=  27  out_R=  39  차이   -12 | KC 105개
  자극 B → 정답 R | out_L=  45  out_R=   5  차이   +40 | KC 120개

=== 가중치 구조 (A전용 KC 96개, B전용 KC 111개) ===
  A전용 KC → out_L 평균 0.5171 | out_R 평균 0.5749 | 차이 -0.0577 (정답은 out_L) **반대**
  B전용 KC → out_L 평균 0.5879 | out_R 평균 0.5488 | 차이 +0.0390 (정답은 out_R) **반대**

=== 가중치 변화 ===
  kc_out_l: n=8119 |Δ|평균 0.06885 변화율  75.2% | 평균 0.500→0.554 | std 0.0000→0.0917
  kc_out_r: n=8037 |Δ|평균 0.05423 변화율  75.7% | 평균 0.500→0.546 | std 0.0000→0.0613

=== 요약 (mode=learn seed=64) ===
  첫 구간 59.2% → 마지막 구간 65.2% | 변화 +6.0%p | 보상률 62.3%
=> MINCIRC mode=learn seed=64 first=59.2 last=65.2 delta=+6.0 reward=62.3 **eval=0.0** tie=0 trialseed=600
