[관계] 항목 8개(훈련 4, 새 4), 반쪽 50 중 활성 15, 항목 간 겹침 3~11(평균 4.9), 새↔훈련 겹침 4~7, 패턴 64개(S 8, D 56)
make: Entering directory '/root/e134_main_run/minimal_circuit_CODE'
make: Leaving directory '/root/e134_main_run/minimal_circuit_CODE'
[KC불러옴] /mnt/c/Users/JungHyun/Desktop/brain/BrainSimulation-rebuild/research/experiments/traces/E134/dev_corr_w70.npz | 일치형 같은 위치 359/400 | 불일치형 같은 위치 356/400
[KC불러옴이동] k=7 | 일치형 0.022 불일치형 0.010 (과제 sd_shift=0)
  시행    1~ 400: 정답률  54.2%
  시행  401~ 800: 정답률  69.8%
=> SDGEN mode=learn seed=70 trialseed=600 train_same=100.0 train_diff=66.7 train_bal=83.3 novel_same=100.0 novel_diff=72.2 novel_bal=86.1 | ties train:0 novel:0 | n_same/diff train 52/48 novel 46/54
=> SDLAB diff=cyclic rule=samediff mode=learn seed=70 trialseed=600 train_accL=100.0 train_accR=66.7 train_lbal=83.3 novel_accL=100.0 novel_accR=72.2 novel_lbal=86.1

=== 평가 (탐색 없음, 학습 없음, 무작위 순서 100시행) : 정답률 50.0% | 동점 0회 ===
   자극 A: 0/50 (0.0%)
   자극 B: 50/50 (100.0%)

=== 학습 후 자극별 출력 (선택 이전의 원 신호) ===
  자극 A → 정답 L | out_L=  26  out_R=  36  차이   -10 | KC 122개
  자극 B → 정답 R | out_L=  32  out_R=  42  차이   -10 | KC 108개

=== 가중치 구조 (A전용 KC 100개, B전용 KC 86개) ===
  A전용 KC → out_L 평균 0.5515 | out_R 평균 0.5496 | 차이 +0.0018 (정답은 out_L) **정답쪽 우세**
  B전용 KC → out_L 평균 0.5239 | out_R 평균 0.5721 | 차이 -0.0482 (정답은 out_R) **정답쪽 우세**

=== 가중치 변화 ===
  kc_out_l: n=7985 |Δ|평균 0.05958 변화율  71.5% | 평균 0.500→0.547 | std 0.0000→0.0843
  kc_out_r: n=8028 |Δ|평균 0.05660 변화율  71.0% | 평균 0.500→0.546 | std 0.0000→0.0640

=== 요약 (mode=learn seed=70) ===
  첫 구간 54.2% → 마지막 구간 69.8% | 변화 +15.5%p | 보상률 62.0%
=> MINCIRC mode=learn seed=70 first=54.2 last=69.8 delta=+15.5 reward=62.0 **eval=50.0** tie=0 trialseed=600
