[관계] 항목 8개(훈련 4, 새 4), 반쪽 50 중 활성 15, 항목 간 겹침 2~7(평균 4.7), 새↔훈련 겹침 2~6, 패턴 64개(S 8, D 56)
make: Entering directory '/root/e134_main_run/minimal_circuit_CODE'
make: Nothing to be done for 'all'.
make: Leaving directory '/root/e134_main_run/minimal_circuit_CODE'
[KC불러옴] /mnt/c/Users/JungHyun/Desktop/brain/BrainSimulation-rebuild/research/experiments/traces/E134/dev_corr_w75.npz | 일치형 같은 위치 354/400 | 불일치형 같은 위치 364/400
[KC불러옴이동] k=7 | 일치형 0.000 불일치형 0.000 (과제 sd_shift=7)
  시행    1~ 400: 정답률  47.5%
  시행  401~ 800: 정답률  59.0%
=> SDGEN mode=learn seed=75 trialseed=600 train_same=54.3 train_diff=100.0 train_bal=77.2 novel_same=0.0 novel_diff=76.5 novel_bal=38.2 | ties train:0 novel:0 | n_same/diff train 46/54 novel 49/51
=> SDLAB diff=cyclic rule=samediff mode=learn seed=75 trialseed=600 train_accL=54.3 train_accR=100.0 train_lbal=77.2 novel_accL=0.0 novel_accR=76.5 novel_lbal=38.2

=== 평가 (탐색 없음, 학습 없음, 무작위 순서 100시행) : 정답률 0.0% | 동점 0회 ===
   자극 A: 0/47 (0.0%)
   자극 B: 0/53 (0.0%)

=== 학습 후 자극별 출력 (선택 이전의 원 신호) ===
  자극 A → 정답 L | out_L=  20  out_R=  45  차이   -25 | KC 114개
  자극 B → 정답 R | out_L=  35  out_R=  29  차이    +6 | KC 127개

=== 가중치 구조 (A전용 KC 108개, B전용 KC 121개) ===
  A전용 KC → out_L 평균 0.5296 | out_R 평균 0.5444 | 차이 -0.0148 (정답은 out_L) **반대**
  B전용 KC → out_L 평균 0.5210 | out_R 평균 0.5256 | 차이 -0.0046 (정답은 out_R) **정답쪽 우세**

=== 가중치 변화 ===
  kc_out_l: n=7951 |Δ|평균 0.03416 변화율  55.5% | 평균 0.500→0.530 | std 0.0000→0.0453
  kc_out_r: n=8080 |Δ|평균 0.04420 변화율  55.9% | 평균 0.500→0.537 | std 0.0000→0.0581

=== 요약 (mode=learn seed=75) ===
  첫 구간 47.5% → 마지막 구간 59.0% | 변화 +11.5%p | 보상률 53.2%
=> MINCIRC mode=learn seed=75 first=47.5 last=59.0 delta=+11.5 reward=53.2 **eval=0.0** tie=0 trialseed=600
