[관계] 항목 8개(훈련 4, 새 4), 반쪽 50 중 활성 15, 항목 간 겹침 3~8(평균 5.1), 새↔훈련 겹침 3~8, 패턴 64개(S 8, D 56)
make: Entering directory '/root/e134_main_run/minimal_circuit_CODE'
make: Leaving directory '/root/e134_main_run/minimal_circuit_CODE'
[KC불러옴] /mnt/c/Users/JungHyun/Desktop/brain/BrainSimulation-rebuild/research/experiments/traces/E134/dev_corr_w72.npz | 일치형 같은 위치 378/400 | 불일치형 같은 위치 373/400
[KC불러옴이동] k=7 | 일치형 0.000 불일치형 0.000 (과제 sd_shift=0)
  시행    1~ 400: 정답률  55.2%
  시행  401~ 800: 정답률  62.0%
=> SDGEN mode=learn seed=72 trialseed=600 train_same=100.0 train_diff=68.0 train_bal=84.0 novel_same=100.0 novel_diff=69.4 novel_bal=84.7 | ties train:0 novel:0 | n_same/diff train 50/50 novel 38/62
=> SDLAB diff=cyclic rule=samediff mode=learn seed=72 trialseed=600 train_accL=100.0 train_accR=68.0 train_lbal=84.0 novel_accL=100.0 novel_accR=69.4 novel_lbal=84.7

=== 평가 (탐색 없음, 학습 없음, 무작위 순서 100시행) : 정답률 0.0% | 동점 0회 ===
   자극 A: 0/58 (0.0%)
   자극 B: 0/42 (0.0%)

=== 학습 후 자극별 출력 (선택 이전의 원 신호) ===
  자극 A → 정답 L | out_L=  10  out_R=  45  차이   -35 | KC 128개
  자극 B → 정답 R | out_L=  41  out_R=  38  차이    +3 | KC 108개

=== 가중치 구조 (A전용 KC 128개, B전용 KC 108개) ===
  A전용 KC → out_L 평균 0.5200 | out_R 평균 0.5510 | 차이 -0.0310 (정답은 out_L) **반대**
  B전용 KC → out_L 평균 0.5216 | out_R 평균 0.5377 | 차이 -0.0161 (정답은 out_R) **정답쪽 우세**

=== 가중치 변화 ===
  kc_out_l: n=8058 |Δ|평균 0.06545 변화율  76.4% | 평균 0.500→0.547 | std 0.0000→0.0876
  kc_out_r: n=8086 |Δ|평균 0.04291 변화율  75.7% | 평균 0.500→0.536 | std 0.0000→0.0555

=== 요약 (mode=learn seed=72) ===
  첫 구간 55.2% → 마지막 구간 62.0% | 변화 +6.8%p | 보상률 58.6%
=> MINCIRC mode=learn seed=72 first=55.2 last=62.0 delta=+6.8 reward=58.6 **eval=0.0** tie=0 trialseed=600
