[관계] 항목 8개(훈련 4, 새 4), 반쪽 50 중 활성 15, 항목 간 겹침 2~8(평균 4.8), 새↔훈련 겹침 2~7, 패턴 64개(S 8, D 56)
make: Entering directory '/root/e134_main_run/minimal_circuit_CODE'
make: Leaving directory '/root/e134_main_run/minimal_circuit_CODE'
[KC불러옴] /mnt/c/Users/JungHyun/Desktop/brain/BrainSimulation-rebuild/research/experiments/traces/E134/dev_corr_w69.npz | 일치형 같은 위치 376/400 | 불일치형 같은 위치 374/400
[KC불러옴이동] k=7 | 일치형 0.000 불일치형 0.000 (과제 sd_shift=0)
  시행    1~ 400: 정답률  60.0%
  시행  401~ 800: 정답률  56.8%
=> SDGEN mode=learn seed=69 trialseed=600 train_same=100.0 train_diff=25.6 train_bal=62.8 novel_same=100.0 novel_diff=82.6 novel_bal=91.3 | ties train:0 novel:5 | n_same/diff train 57/43 novel 54/46
=> SDLAB diff=cyclic rule=samediff mode=learn seed=69 trialseed=600 train_accL=100.0 train_accR=25.6 train_lbal=62.8 novel_accL=100.0 novel_accR=82.6 novel_lbal=91.3

=== 평가 (탐색 없음, 학습 없음, 무작위 순서 100시행) : 정답률 48.0% | 동점 0회 ===
   자극 A: 0/52 (0.0%)
   자극 B: 48/48 (100.0%)

=== 학습 후 자극별 출력 (선택 이전의 원 신호) ===
  자극 A → 정답 L | out_L=  41  out_R=  42  차이    -1 | KC 110개
  자극 B → 정답 R | out_L=  29  out_R=  39  차이   -10 | KC 119개

=== 가중치 구조 (A전용 KC 93개, B전용 KC 102개) ===
  A전용 KC → out_L 평균 0.5383 | out_R 평균 0.5204 | 차이 +0.0179 (정답은 out_L) **정답쪽 우세**
  B전용 KC → out_L 평균 0.5055 | out_R 평균 0.5456 | 차이 -0.0401 (정답은 out_R) **정답쪽 우세**

=== 가중치 변화 ===
  kc_out_l: n=8061 |Δ|평균 0.06937 변화율  68.5% | 평균 0.500→0.553 | std 0.0000→0.0949
  kc_out_r: n=8034 |Δ|평균 0.04090 변화율  67.8% | 평균 0.500→0.535 | std 0.0000→0.0513

=== 요약 (mode=learn seed=69) ===
  첫 구간 60.0% → 마지막 구간 56.8% | 변화 -3.2%p | 보상률 58.4%
=> MINCIRC mode=learn seed=69 first=60.0 last=56.8 delta=-3.2 reward=58.4 **eval=48.0** tie=0 trialseed=600
