[관계] 항목 8개(훈련 4, 새 4), 반쪽 50 중 활성 15, 항목 간 겹침 1~7(평균 4.5), 새↔훈련 겹침 1~7, 패턴 64개(S 8, D 56)
make: Entering directory '/root/e134_main_run/minimal_circuit_CODE'
make: Nothing to be done for 'all'.
make: Leaving directory '/root/e134_main_run/minimal_circuit_CODE'
[KC불러옴] /mnt/c/Users/JungHyun/Desktop/brain/BrainSimulation-rebuild/research/experiments/traces/E134/dev_corr_w67.npz | 일치형 같은 위치 379/400 | 불일치형 같은 위치 381/400
[KC불러옴이동] k=7 | 일치형 0.000 불일치형 0.010 (과제 sd_shift=7)
  시행    1~ 400: 정답률  53.0%
  시행  401~ 800: 정답률  59.0%
=> SDGEN mode=learn seed=67 trialseed=601 train_same=28.0 train_diff=100.0 train_bal=64.0 novel_same=44.4 novel_diff=23.9 novel_bal=34.2 | ties train:0 novel:0 | n_same/diff train 50/50 novel 54/46
=> SDLAB diff=cyclic rule=samediff mode=learn seed=67 trialseed=601 train_accL=28.0 train_accR=100.0 train_lbal=64.0 novel_accL=44.4 novel_accR=23.9 novel_lbal=34.2

=== 평가 (탐색 없음, 학습 없음, 무작위 순서 100시행) : 정답률 100.0% | 동점 0회 ===
   자극 A: 39/39 (100.0%)
   자극 B: 61/61 (100.0%)

=== 학습 후 자극별 출력 (선택 이전의 원 신호) ===
  자극 A → 정답 L | out_L=  20  out_R=  15  차이    +5 | KC 123개
  자극 B → 정답 R | out_L=  10  out_R=  16  차이    -6 | KC 128개

=== 가중치 구조 (A전용 KC 107개, B전용 KC 112개) ===
  A전용 KC → out_L 평균 0.5334 | out_R 평균 0.5582 | 차이 -0.0248 (정답은 out_L) **반대**
  B전용 KC → out_L 평균 0.5490 | out_R 평균 0.5672 | 차이 -0.0183 (정답은 out_R) **정답쪽 우세**

=== 가중치 변화 ===
  kc_out_l: n=7990 |Δ|평균 0.03375 변화율  51.7% | 평균 0.500→0.530 | std 0.0000→0.0462
  kc_out_r: n=8012 |Δ|평균 0.05111 변화율  52.1% | 평균 0.500→0.546 | std 0.0000→0.0653

=== 요약 (mode=learn seed=67) ===
  첫 구간 53.0% → 마지막 구간 59.0% | 변화 +6.0%p | 보상률 56.0%
=> MINCIRC mode=learn seed=67 first=53.0 last=59.0 delta=+6.0 reward=56.0 **eval=100.0** tie=0 trialseed=601
