[관계] 항목 8개(훈련 4, 새 4), 반쪽 50 중 활성 15, 항목 간 겹침 2~7(평균 4.5), 새↔훈련 겹침 2~7, 패턴 64개(S 8, D 56)
make: Entering directory '/root/e134_main_run/minimal_circuit_CODE'
make: Nothing to be done for 'all'.
make: Leaving directory '/root/e134_main_run/minimal_circuit_CODE'
[KC불러옴] /mnt/c/Users/JungHyun/Desktop/brain/BrainSimulation-rebuild/research/experiments/traces/E134/dev_corr_w62.npz | 일치형 같은 위치 351/400 | 불일치형 같은 위치 344/400
[KC불러옴이동] k=7 | 일치형 0.000 불일치형 0.005 (과제 sd_shift=0)
  시행    1~ 400: 정답률  56.8%
  시행  401~ 800: 정답률  70.8%
=> SDGEN mode=learn seed=62 trialseed=601 train_same=100.0 train_diff=100.0 train_bal=100.0 novel_same=100.0 novel_diff=73.5 novel_bal=86.7 | ties train:0 novel:0 | n_same/diff train 48/52 novel 51/49
=> SDLAB diff=cyclic rule=samediff mode=learn seed=62 trialseed=601 train_accL=100.0 train_accR=100.0 train_lbal=100.0 novel_accL=100.0 novel_accR=73.5 novel_lbal=86.7

=== 평가 (탐색 없음, 학습 없음, 무작위 순서 100시행) : 정답률 51.0% | 동점 0회 ===
   자극 A: 0/49 (0.0%)
   자극 B: 51/51 (100.0%)

=== 학습 후 자극별 출력 (선택 이전의 원 신호) ===
  자극 A → 정답 L | out_L=   2  out_R=  62  차이   -60 | KC 123개
  자극 B → 정답 R | out_L=  33  out_R=  44  차이   -11 | KC 106개

=== 가중치 구조 (A전용 KC 113개, B전용 KC 96개) ===
  A전용 KC → out_L 평균 0.5439 | out_R 평균 0.5771 | 차이 -0.0332 (정답은 out_L) **반대**
  B전용 KC → out_L 평균 0.5047 | out_R 평균 0.5610 | 차이 -0.0563 (정답은 out_R) **정답쪽 우세**

=== 가중치 변화 ===
  kc_out_l: n=8003 |Δ|평균 0.06357 변화율  79.6% | 평균 0.500→0.549 | std 0.0000→0.0796
  kc_out_r: n=7897 |Δ|평균 0.06592 변화율  80.1% | 평균 0.500→0.553 | std 0.0000→0.0738

=== 요약 (mode=learn seed=62) ===
  첫 구간 56.8% → 마지막 구간 70.8% | 변화 +14.0%p | 보상률 63.7%
=> MINCIRC mode=learn seed=62 first=56.8 last=70.8 delta=+14.0 reward=63.7 **eval=51.0** tie=0 trialseed=601
