[관계] 항목 8개(훈련 4, 새 4), 반쪽 50 중 활성 15, 항목 간 겹침 2~8(평균 4.7), 새↔훈련 겹침 2~7, 패턴 64개(S 8, D 56)
make: Entering directory '/root/e134_main_run/minimal_circuit_CODE'
make: Leaving directory '/root/e134_main_run/minimal_circuit_CODE'
[KC불러옴] /mnt/c/Users/JungHyun/Desktop/brain/BrainSimulation-rebuild/research/experiments/traces/E134/dev_corr_w77.npz | 일치형 같은 위치 361/400 | 불일치형 같은 위치 350/400
[KC불러옴이동] k=7 | 일치형 0.000 불일치형 0.000 (과제 sd_shift=0)
  시행    1~ 400: 정답률  48.2%
  시행  401~ 800: 정답률  56.5%
=> SDGEN mode=learn seed=77 trialseed=600 train_same=100.0 train_diff=22.6 train_bal=61.3 novel_same=100.0 novel_diff=21.6 novel_bal=60.8 | ties train:0 novel:6 | n_same/diff train 47/53 novel 49/51
=> SDLAB diff=cyclic rule=samediff mode=learn seed=77 trialseed=600 train_accL=100.0 train_accR=22.6 train_lbal=61.3 novel_accL=100.0 novel_accR=21.6 novel_lbal=60.8

=== 평가 (탐색 없음, 학습 없음, 무작위 순서 100시행) : 정답률 46.0% | 동점 0회 ===
   자극 A: 0/54 (0.0%)
   자극 B: 46/46 (100.0%)

=== 학습 후 자극별 출력 (선택 이전의 원 신호) ===
  자극 A → 정답 L | out_L=  36  out_R=  39  차이    -3 | KC 120개
  자극 B → 정답 R | out_L=  22  out_R=  41  차이   -19 | KC 117개

=== 가중치 구조 (A전용 KC 107개, B전용 KC 104개) ===
  A전용 KC → out_L 평균 0.5039 | out_R 평균 0.5292 | 차이 -0.0253 (정답은 out_L) **반대**
  B전용 KC → out_L 평균 0.5377 | out_R 평균 0.5223 | 차이 +0.0154 (정답은 out_R) **반대**

=== 가중치 변화 ===
  kc_out_l: n=8069 |Δ|평균 0.06759 변화율  72.0% | 평균 0.500→0.548 | std 0.0000→0.0845
  kc_out_r: n=8075 |Δ|평균 0.03001 변화율  70.8% | 평균 0.500→0.522 | std 0.0000→0.0405

=== 요약 (mode=learn seed=77) ===
  첫 구간 48.2% → 마지막 구간 56.5% | 변화 +8.2%p | 보상률 52.4%
=> MINCIRC mode=learn seed=77 first=48.2 last=56.5 delta=+8.2 reward=52.4 **eval=46.0** tie=0 trialseed=600
