[관계] 항목 8개(훈련 4, 새 4), 반쪽 50 중 활성 15, 항목 간 겹침 1~6(평균 4.1), 새↔훈련 겹침 1~6, 패턴 64개(S 8, D 56)
make: Entering directory '/root/e134_main_run/minimal_circuit_CODE'
make: Leaving directory '/root/e134_main_run/minimal_circuit_CODE'
[KC불러옴] /mnt/c/Users/JungHyun/Desktop/brain/BrainSimulation-rebuild/research/experiments/traces/E134/dev_corr_w71.npz | 일치형 같은 위치 393/400 | 불일치형 같은 위치 391/400
[KC불러옴이동] k=7 | 일치형 0.000 불일치형 0.000 (과제 sd_shift=0)
  시행    1~ 400: 정답률  57.8%
  시행  401~ 800: 정답률  65.8%
=> SDGEN mode=learn seed=71 trialseed=600 train_same=100.0 train_diff=100.0 train_bal=100.0 novel_same=100.0 novel_diff=97.8 novel_bal=98.9 | ties train:0 novel:0 | n_same/diff train 50/50 novel 55/45
=> SDLAB diff=cyclic rule=samediff mode=learn seed=71 trialseed=600 train_accL=100.0 train_accR=100.0 train_lbal=100.0 novel_accL=100.0 novel_accR=97.8 novel_lbal=98.9

=== 평가 (탐색 없음, 학습 없음, 무작위 순서 100시행) : 정답률 48.0% | 동점 0회 ===
   자극 A: 0/52 (0.0%)
   자극 B: 48/48 (100.0%)

=== 학습 후 자극별 출력 (선택 이전의 원 신호) ===
  자극 A → 정답 L | out_L=  24  out_R=  46  차이   -22 | KC 111개
  자극 B → 정답 R | out_L=   7  out_R=  48  차이   -41 | KC 117개

=== 가중치 구조 (A전용 KC 97개, B전용 KC 103개) ===
  A전용 KC → out_L 평균 0.5196 | out_R 평균 0.5663 | 차이 -0.0467 (정답은 out_L) **반대**
  B전용 KC → out_L 평균 0.5038 | out_R 평균 0.5585 | 차이 -0.0548 (정답은 out_R) **정답쪽 우세**

=== 가중치 변화 ===
  kc_out_l: n=7995 |Δ|평균 0.06527 변화율  75.9% | 평균 0.500→0.550 | std 0.0000→0.0873
  kc_out_r: n=8097 |Δ|평균 0.05468 변화율  75.7% | 평균 0.500→0.544 | std 0.0000→0.0635

=== 요약 (mode=learn seed=71) ===
  첫 구간 57.8% → 마지막 구간 65.8% | 변화 +8.0%p | 보상률 61.8%
=> MINCIRC mode=learn seed=71 first=57.8 last=65.8 delta=+8.0 reward=61.8 **eval=48.0** tie=0 trialseed=600
