[관계] 항목 8개(훈련 4, 새 4), 반쪽 50 중 활성 15, 항목 간 겹침 1~6(평균 4.1), 새↔훈련 겹침 1~6, 패턴 64개(S 8, D 56)
make: Entering directory '/root/e134_main_run/minimal_circuit_CODE'
make: Nothing to be done for 'all'.
make: Leaving directory '/root/e134_main_run/minimal_circuit_CODE'
[KC불러옴] /mnt/c/Users/JungHyun/Desktop/brain/BrainSimulation-rebuild/research/experiments/traces/E134/dev_corr_w71.npz | 일치형 같은 위치 393/400 | 불일치형 같은 위치 391/400
[KC불러옴이동] k=7 | 일치형 0.000 불일치형 0.000 (과제 sd_shift=7)
  시행    1~ 400: 정답률  48.8%
  시행  401~ 800: 정답률  52.2%
=> SDGEN mode=learn seed=71 trialseed=601 train_same=80.0 train_diff=76.0 train_bal=78.0 novel_same=0.0 novel_diff=77.8 novel_bal=38.9 | ties train:0 novel:0 | n_same/diff train 50/50 novel 55/45
=> SDLAB diff=cyclic rule=samediff mode=learn seed=71 trialseed=601 train_accL=80.0 train_accR=76.0 train_lbal=78.0 novel_accL=0.0 novel_accR=77.8 novel_lbal=38.9

=== 평가 (탐색 없음, 학습 없음, 무작위 순서 100시행) : 정답률 48.0% | 동점 0회 ===
   자극 A: 0/52 (0.0%)
   자극 B: 48/48 (100.0%)

=== 학습 후 자극별 출력 (선택 이전의 원 신호) ===
  자극 A → 정답 L | out_L=  32  out_R=  47  차이   -15 | KC 111개
  자극 B → 정답 R | out_L=  28  out_R=  39  차이   -11 | KC 117개

=== 가중치 구조 (A전용 KC 97개, B전용 KC 103개) ===
  A전용 KC → out_L 평균 0.5403 | out_R 평균 0.5410 | 차이 -0.0007 (정답은 out_L) **반대**
  B전용 KC → out_L 평균 0.5197 | out_R 평균 0.5305 | 차이 -0.0108 (정답은 out_R) **정답쪽 우세**

=== 가중치 변화 ===
  kc_out_l: n=7995 |Δ|평균 0.02995 변화율  61.7% | 평균 0.500→0.524 | std 0.0000→0.0373
  kc_out_r: n=8097 |Δ|평균 0.04579 변화율  61.4% | 평균 0.500→0.539 | std 0.0000→0.0595

=== 요약 (mode=learn seed=71) ===
  첫 구간 48.8% → 마지막 구간 52.2% | 변화 +3.5%p | 보상률 50.5%
=> MINCIRC mode=learn seed=71 first=48.8 last=52.2 delta=+3.5 reward=50.5 **eval=48.0** tie=0 trialseed=601
