[관계] 항목 8개(훈련 4, 새 4), 반쪽 50 중 활성 15, 항목 간 겹침 2~8(평균 4.7), 새↔훈련 겹침 2~7, 패턴 64개(S 8, D 56)
make: Entering directory '/root/e134_main_run/minimal_circuit_CODE'
make: Nothing to be done for 'all'.
make: Leaving directory '/root/e134_main_run/minimal_circuit_CODE'
[KC불러옴] /mnt/c/Users/JungHyun/Desktop/brain/BrainSimulation-rebuild/research/experiments/traces/E134/dev_corr_w77.npz | 일치형 같은 위치 361/400 | 불일치형 같은 위치 350/400
[KC불러옴이동] k=7 | 일치형 0.000 불일치형 0.000 (과제 sd_shift=7)
  시행    1~ 400: 정답률  60.0%
  시행  401~ 800: 정답률  57.0%
=> SDGEN mode=learn seed=77 trialseed=601 train_same=59.6 train_diff=100.0 train_bal=79.8 novel_same=100.0 novel_diff=40.8 novel_bal=70.4 | ties train:0 novel:0 | n_same/diff train 47/53 novel 51/49
=> SDLAB diff=cyclic rule=samediff mode=learn seed=77 trialseed=601 train_accL=59.6 train_accR=100.0 train_lbal=79.8 novel_accL=100.0 novel_accR=40.8 novel_lbal=70.4

=== 평가 (탐색 없음, 학습 없음, 무작위 순서 100시행) : 정답률 100.0% | 동점 0회 ===
   자극 A: 54/54 (100.0%)
   자극 B: 46/46 (100.0%)

=== 학습 후 자극별 출력 (선택 이전의 원 신호) ===
  자극 A → 정답 L | out_L=  34  out_R=  21  차이   +13 | KC 120개
  자극 B → 정답 R | out_L=  21  out_R=  37  차이   -16 | KC 117개

=== 가중치 구조 (A전용 KC 107개, B전용 KC 104개) ===
  A전용 KC → out_L 평균 0.5602 | out_R 평균 0.5628 | 차이 -0.0026 (정답은 out_L) **반대**
  B전용 KC → out_L 평균 0.5560 | out_R 평균 0.5358 | 차이 +0.0202 (정답은 out_R) **반대**

=== 가중치 변화 ===
  kc_out_l: n=8069 |Δ|평균 0.04337 변화율  59.3% | 평균 0.500→0.539 | std 0.0000→0.0556
  kc_out_r: n=8075 |Δ|평균 0.04880 변화율  59.0% | 평균 0.500→0.546 | std 0.0000→0.0541

=== 요약 (mode=learn seed=77) ===
  첫 구간 60.0% → 마지막 구간 57.0% | 변화 -3.0%p | 보상률 58.5%
=> MINCIRC mode=learn seed=77 first=60.0 last=57.0 delta=-3.0 reward=58.5 **eval=100.0** tie=0 trialseed=601
