[관계] 항목 8개(훈련 4, 새 4), 반쪽 50 중 활성 15, 항목 간 겹침 2~7(평균 4.4), 새↔훈련 겹침 2~7, 패턴 64개(S 8, D 56)
make: Entering directory '/root/e134_main_run/minimal_circuit_CODE'
make: Leaving directory '/root/e134_main_run/minimal_circuit_CODE'
[KC불러옴] /mnt/c/Users/JungHyun/Desktop/brain/BrainSimulation-rebuild/research/experiments/traces/E134/dev_corr_w65.npz | 일치형 같은 위치 369/400 | 불일치형 같은 위치 368/400
[KC불러옴이동] k=7 | 일치형 0.000 불일치형 0.000 (과제 sd_shift=0)
  시행    1~ 400: 정답률  63.2%
  시행  401~ 800: 정답률  70.8%
=> SDGEN mode=learn seed=65 trialseed=600 train_same=100.0 train_diff=100.0 train_bal=100.0 novel_same=100.0 novel_diff=92.2 novel_bal=96.1 | ties train:0 novel:0 | n_same/diff train 58/42 novel 49/51
=> SDLAB diff=cyclic rule=samediff mode=learn seed=65 trialseed=600 train_accL=100.0 train_accR=100.0 train_lbal=100.0 novel_accL=100.0 novel_accR=92.2 novel_lbal=96.1

=== 평가 (탐색 없음, 학습 없음, 무작위 순서 100시행) : 정답률 0.0% | 동점 0회 ===
   자극 A: 0/49 (0.0%)
   자극 B: 0/51 (0.0%)

=== 학습 후 자극별 출력 (선택 이전의 원 신호) ===
  자극 A → 정답 L | out_L=   5  out_R=  48  차이   -43 | KC 122개
  자극 B → 정답 R | out_L=  35  out_R=   5  차이   +30 | KC 129개

=== 가중치 구조 (A전용 KC 107개, B전용 KC 114개) ===
  A전용 KC → out_L 평균 0.5121 | out_R 평균 0.5558 | 차이 -0.0438 (정답은 out_L) **반대**
  B전용 KC → out_L 평균 0.5691 | out_R 평균 0.5543 | 차이 +0.0148 (정답은 out_R) **반대**

=== 가중치 변화 ===
  kc_out_l: n=7910 |Δ|평균 0.07025 변화율  82.4% | 평균 0.500→0.557 | std 0.0000→0.0875
  kc_out_r: n=8041 |Δ|평균 0.05748 변화율  81.7% | 평균 0.500→0.550 | std 0.0000→0.0593

=== 요약 (mode=learn seed=65) ===
  첫 구간 63.2% → 마지막 구간 70.8% | 변화 +7.5%p | 보상률 67.0%
=> MINCIRC mode=learn seed=65 first=63.2 last=70.8 delta=+7.5 reward=67.0 **eval=0.0** tie=0 trialseed=600
