[관계] 항목 8개(훈련 4, 새 4), 반쪽 50 중 활성 15, 항목 간 겹침 2~8(평균 4.3), 새↔훈련 겹침 2~8, 패턴 64개(S 8, D 56)
make: Entering directory '/root/e134_main_run/minimal_circuit_CODE'
make: Nothing to be done for 'all'.
make: Leaving directory '/root/e134_main_run/minimal_circuit_CODE'
[KC불러옴] /mnt/c/Users/JungHyun/Desktop/brain/BrainSimulation-rebuild/research/experiments/traces/E134/dev_corr_w73.npz | 일치형 같은 위치 373/400 | 불일치형 같은 위치 371/400
[KC불러옴이동] k=7 | 일치형 0.020 불일치형 0.000 (과제 sd_shift=7)
  시행    1~ 400: 정답률  47.5%
  시행  401~ 800: 정답률  50.2%
=> SDGEN mode=learn seed=73 trialseed=601 train_same=100.0 train_diff=0.0 train_bal=50.0 novel_same=65.9 novel_diff=0.0 novel_bal=32.9 | ties train:0 novel:0 | n_same/diff train 48/52 novel 41/59
=> SDLAB diff=cyclic rule=samediff mode=learn seed=73 trialseed=601 train_accL=100.0 train_accR=0.0 train_lbal=50.0 novel_accL=65.9 novel_accR=0.0 novel_lbal=32.9

=== 평가 (탐색 없음, 학습 없음, 무작위 순서 100시행) : 정답률 50.0% | 동점 0회 ===
   자극 A: 50/50 (100.0%)
   자극 B: 0/50 (0.0%)

=== 학습 후 자극별 출력 (선택 이전의 원 신호) ===
  자극 A → 정답 L | out_L=  33  out_R=   6  차이   +27 | KC 139개
  자극 B → 정답 R | out_L=  33  out_R=  22  차이   +11 | KC 127개

=== 가중치 구조 (A전용 KC 133개, B전용 KC 121개) ===
  A전용 KC → out_L 평균 0.5441 | out_R 평균 0.5220 | 차이 +0.0220 (정답은 out_L) **정답쪽 우세**
  B전용 KC → out_L 평균 0.5337 | out_R 평균 0.5330 | 차이 +0.0006 (정답은 out_R) **반대**

=== 가중치 변화 ===
  kc_out_l: n=8032 |Δ|평균 0.04611 변화율  56.8% | 평균 0.500→0.539 | std 0.0000→0.0584
  kc_out_r: n=7989 |Δ|평균 0.02395 변화율  56.9% | 평균 0.500→0.521 | std 0.0000→0.0325

=== 요약 (mode=learn seed=73) ===
  첫 구간 47.5% → 마지막 구간 50.2% | 변화 +2.7%p | 보상률 48.9%
=> MINCIRC mode=learn seed=73 first=47.5 last=50.2 delta=+2.7 reward=48.9 **eval=50.0** tie=0 trialseed=601
