[관계] 항목 8개(훈련 4, 새 4), 반쪽 50 중 활성 15, 항목 간 겹침 2~7(평균 4.3), 새↔훈련 겹침 2~7, 패턴 64개(S 8, D 56)
make: Entering directory '/root/e134_main_run/minimal_circuit_CODE'
make: Nothing to be done for 'all'.
make: Leaving directory '/root/e134_main_run/minimal_circuit_CODE'
[KC불러옴] /mnt/c/Users/JungHyun/Desktop/brain/BrainSimulation-rebuild/research/experiments/traces/E134/dev_corr_w66.npz | 일치형 같은 위치 367/400 | 불일치형 같은 위치 374/400
[KC불러옴이동] k=7 | 일치형 0.000 불일치형 0.000 (과제 sd_shift=7)
  시행    1~ 400: 정답률  51.2%
  시행  401~ 800: 정답률  61.0%
=> SDGEN mode=learn seed=66 trialseed=601 train_same=71.4 train_diff=75.0 train_bal=73.2 novel_same=72.7 novel_diff=24.4 novel_bal=48.6 | ties train:0 novel:0 | n_same/diff train 56/44 novel 55/45
=> SDLAB diff=cyclic rule=samediff mode=learn seed=66 trialseed=601 train_accL=71.4 train_accR=75.0 train_lbal=73.2 novel_accL=72.7 novel_accR=24.4 novel_lbal=48.6

=== 평가 (탐색 없음, 학습 없음, 무작위 순서 100시행) : 정답률 56.0% | 동점 0회 ===
   자극 A: 56/56 (100.0%)
   자극 B: 0/44 (0.0%)

=== 학습 후 자극별 출력 (선택 이전의 원 신호) ===
  자극 A → 정답 L | out_L=  46  out_R=   7  차이   +39 | KC 113개
  자극 B → 정답 R | out_L=  24  out_R=   9  차이   +15 | KC 123개

=== 가중치 구조 (A전용 KC 101개, B전용 KC 111개) ===
  A전용 KC → out_L 평균 0.5307 | out_R 평균 0.5334 | 차이 -0.0028 (정답은 out_L) **반대**
  B전용 KC → out_L 평균 0.5596 | out_R 평균 0.5498 | 차이 +0.0098 (정답은 out_R) **반대**

=== 가중치 변화 ===
  kc_out_l: n=8182 |Δ|평균 0.04283 변화율  59.7% | 평균 0.500→0.539 | std 0.0000→0.0537
  kc_out_r: n=7985 |Δ|평균 0.04652 변화율  60.4% | 평균 0.500→0.542 | std 0.0000→0.0597

=== 요약 (mode=learn seed=66) ===
  첫 구간 51.2% → 마지막 구간 61.0% | 변화 +9.8%p | 보상률 56.1%
=> MINCIRC mode=learn seed=66 first=51.2 last=61.0 delta=+9.8 reward=56.1 **eval=56.0** tie=0 trialseed=601
