[관계] 항목 8개(훈련 4, 새 4), 반쪽 50 중 활성 15, 항목 간 겹침 2~8(평균 4.8), 새↔훈련 겹침 3~8, 패턴 64개(S 8, D 56)
make: Entering directory '/root/e134_main_run/minimal_circuit_CODE'
make: Nothing to be done for 'all'.
make: Leaving directory '/root/e134_main_run/minimal_circuit_CODE'
[KC불러옴] /mnt/c/Users/JungHyun/Desktop/brain/BrainSimulation-rebuild/research/experiments/traces/E134/dev_corr_w63.npz | 일치형 같은 위치 372/400 | 불일치형 같은 위치 387/400
[KC불러옴이동] k=7 | 일치형 0.000 불일치형 0.007 (과제 sd_shift=7)
  시행    1~ 400: 정답률  40.2%
  시행  401~ 800: 정답률  55.2%
=> SDGEN mode=learn seed=63 trialseed=601 train_same=72.9 train_diff=75.0 train_bal=74.0 novel_same=64.7 novel_diff=30.6 novel_bal=47.7 | ties train:5 novel:16 | n_same/diff train 48/52 novel 51/49
=> SDLAB diff=cyclic rule=samediff mode=learn seed=63 trialseed=601 train_accL=72.9 train_accR=75.0 train_lbal=74.0 novel_accL=64.7 novel_accR=30.6 novel_lbal=47.7

=== 평가 (탐색 없음, 학습 없음, 무작위 순서 100시행) : 정답률 100.0% | 동점 0회 ===
   자극 A: 47/47 (100.0%)
   자극 B: 53/53 (100.0%)

=== 학습 후 자극별 출력 (선택 이전의 원 신호) ===
  자극 A → 정답 L | out_L=  34  out_R=  12  차이   +22 | KC 132개
  자극 B → 정답 R | out_L=  23  out_R=  32  차이    -9 | KC 124개

=== 가중치 구조 (A전용 KC 111개, B전용 KC 103개) ===
  A전용 KC → out_L 평균 0.5339 | out_R 평균 0.5199 | 차이 +0.0140 (정답은 out_L) **정답쪽 우세**
  B전용 KC → out_L 평균 0.5331 | out_R 평균 0.5380 | 차이 -0.0048 (정답은 out_R) **정답쪽 우세**

=== 가중치 변화 ===
  kc_out_l: n=8000 |Δ|평균 0.02909 변화율  54.6% | 평균 0.500→0.524 | std 0.0000→0.0397
  kc_out_r: n=7974 |Δ|평균 0.03337 변화율  54.8% | 평균 0.500→0.528 | std 0.0000→0.0479

=== 요약 (mode=learn seed=63) ===
  첫 구간 40.2% → 마지막 구간 55.2% | 변화 +15.0%p | 보상률 47.8%
=> MINCIRC mode=learn seed=63 first=40.2 last=55.2 delta=+15.0 reward=47.8 **eval=100.0** tie=0 trialseed=601
