[관계] 항목 8개(훈련 4, 새 4), 반쪽 50 중 활성 15, 항목 간 겹침 3~8(평균 5.1), 새↔훈련 겹침 3~8, 패턴 64개(S 8, D 56)
make: Entering directory '/root/e134_main_run/minimal_circuit_CODE'
make: Nothing to be done for 'all'.
make: Leaving directory '/root/e134_main_run/minimal_circuit_CODE'
[KC불러옴] /mnt/c/Users/JungHyun/Desktop/brain/BrainSimulation-rebuild/research/experiments/traces/E134/dev_corr_w72.npz | 일치형 같은 위치 378/400 | 불일치형 같은 위치 373/400
[KC불러옴이동] k=7 | 일치형 0.000 불일치형 0.000 (과제 sd_shift=7)
  시행    1~ 400: 정답률  53.5%
  시행  401~ 800: 정답률  57.0%
=> SDGEN mode=learn seed=72 trialseed=600 train_same=72.0 train_diff=68.0 train_bal=70.0 novel_same=18.4 novel_diff=45.2 novel_bal=31.8 | ties train:0 novel:0 | n_same/diff train 50/50 novel 38/62
=> SDLAB diff=cyclic rule=samediff mode=learn seed=72 trialseed=600 train_accL=72.0 train_accR=68.0 train_lbal=70.0 novel_accL=18.4 novel_accR=45.2 novel_lbal=31.8

=== 평가 (탐색 없음, 학습 없음, 무작위 순서 100시행) : 정답률 58.0% | 동점 0회 ===
   자극 A: 58/58 (100.0%)
   자극 B: 0/42 (0.0%)

=== 학습 후 자극별 출력 (선택 이전의 원 신호) ===
  자극 A → 정답 L | out_L=  50  out_R=  27  차이   +23 | KC 128개
  자극 B → 정답 R | out_L=  42  out_R=  38  차이    +4 | KC 108개

=== 가중치 구조 (A전용 KC 128개, B전용 KC 108개) ===
  A전용 KC → out_L 평균 0.5373 | out_R 평균 0.5211 | 차이 +0.0162 (정답은 out_L) **정답쪽 우세**
  B전용 KC → out_L 평균 0.5339 | out_R 평균 0.5334 | 차이 +0.0005 (정답은 out_R) **반대**

=== 가중치 변화 ===
  kc_out_l: n=8058 |Δ|평균 0.03670 변화율  54.2% | 평균 0.500→0.534 | std 0.0000→0.0468
  kc_out_r: n=8086 |Δ|평균 0.04158 변화율  54.6% | 평균 0.500→0.537 | std 0.0000→0.0560

=== 요약 (mode=learn seed=72) ===
  첫 구간 53.5% → 마지막 구간 57.0% | 변화 +3.5%p | 보상률 55.2%
=> MINCIRC mode=learn seed=72 first=53.5 last=57.0 delta=+3.5 reward=55.2 **eval=58.0** tie=0 trialseed=600
