[관계] 항목 8개(훈련 4, 새 4), 반쪽 50 중 활성 15, 항목 간 겹침 2~7(평균 4.5), 새↔훈련 겹침 2~7, 패턴 64개(S 8, D 56)
make: Entering directory '/root/e134_main_run/minimal_circuit_CODE'
make: Nothing to be done for 'all'.
make: Leaving directory '/root/e134_main_run/minimal_circuit_CODE'
[KC불러옴] /mnt/c/Users/JungHyun/Desktop/brain/BrainSimulation-rebuild/research/experiments/traces/E134/dev_corr_w62.npz | 일치형 같은 위치 351/400 | 불일치형 같은 위치 344/400
[KC불러옴이동] k=7 | 일치형 0.000 불일치형 0.005 (과제 sd_shift=7)
  시행    1~ 400: 정답률  59.2%
  시행  401~ 800: 정답률  68.0%
=> SDGEN mode=learn seed=62 trialseed=600 train_same=100.0 train_diff=100.0 train_bal=100.0 novel_same=33.3 novel_diff=63.3 novel_bal=48.3 | ties train:0 novel:0 | n_same/diff train 48/52 novel 51/49
=> SDLAB diff=cyclic rule=samediff mode=learn seed=62 trialseed=600 train_accL=100.0 train_accR=100.0 train_lbal=100.0 novel_accL=33.3 novel_accR=63.3 novel_lbal=48.3

=== 평가 (탐색 없음, 학습 없음, 무작위 순서 100시행) : 정답률 49.0% | 동점 0회 ===
   자극 A: 49/49 (100.0%)
   자극 B: 0/51 (0.0%)

=== 학습 후 자극별 출력 (선택 이전의 원 신호) ===
  자극 A → 정답 L | out_L=  18  out_R=  13  차이    +5 | KC 123개
  자극 B → 정답 R | out_L=  42  out_R=  32  차이   +10 | KC 106개

=== 가중치 구조 (A전용 KC 113개, B전용 KC 96개) ===
  A전용 KC → out_L 평균 0.5823 | out_R 평균 0.5502 | 차이 +0.0321 (정답은 out_L) **정답쪽 우세**
  B전용 KC → out_L 평균 0.5655 | out_R 평균 0.5470 | 차이 +0.0184 (정답은 out_R) **반대**

=== 가중치 변화 ===
  kc_out_l: n=8003 |Δ|평균 0.05783 변화율  63.6% | 평균 0.500→0.549 | std 0.0000→0.0721
  kc_out_r: n=7897 |Δ|평균 0.05485 변화율  64.3% | 평균 0.500→0.549 | std 0.0000→0.0637

=== 요약 (mode=learn seed=62) ===
  첫 구간 59.2% → 마지막 구간 68.0% | 변화 +8.8%p | 보상률 63.6%
=> MINCIRC mode=learn seed=62 first=59.2 last=68.0 delta=+8.8 reward=63.6 **eval=49.0** tie=0 trialseed=600
