[관계] 항목 8개(훈련 4, 새 4), 반쪽 50 중 활성 15, 항목 간 겹침 2~8(평균 4.8), 새↔훈련 겹침 2~7, 패턴 64개(S 8, D 56)
make: Entering directory '/root/e134_main_run/minimal_circuit_CODE'
make: Nothing to be done for 'all'.
make: Leaving directory '/root/e134_main_run/minimal_circuit_CODE'
[KC불러옴] /mnt/c/Users/JungHyun/Desktop/brain/BrainSimulation-rebuild/research/experiments/traces/E134/dev_corr_w69.npz | 일치형 같은 위치 376/400 | 불일치형 같은 위치 374/400
[KC불러옴이동] k=7 | 일치형 0.000 불일치형 0.000 (과제 sd_shift=7)
  시행    1~ 400: 정답률  44.2%
  시행  401~ 800: 정답률  52.5%
=> SDGEN mode=learn seed=69 trialseed=601 train_same=0.0 train_diff=100.0 train_bal=50.0 novel_same=30.9 novel_diff=93.3 novel_bal=62.1 | ties train:0 novel:0 | n_same/diff train 57/43 novel 55/45
=> SDLAB diff=cyclic rule=samediff mode=learn seed=69 trialseed=601 train_accL=0.0 train_accR=100.0 train_lbal=50.0 novel_accL=30.9 novel_accR=93.3 novel_lbal=62.1

=== 평가 (탐색 없음, 학습 없음, 무작위 순서 100시행) : 정답률 48.0% | 동점 0회 ===
   자극 A: 0/52 (0.0%)
   자극 B: 48/48 (100.0%)

=== 학습 후 자극별 출력 (선택 이전의 원 신호) ===
  자극 A → 정답 L | out_L=  39  out_R=  47  차이    -8 | KC 110개
  자극 B → 정답 R | out_L=  14  out_R=  42  차이   -28 | KC 119개

=== 가중치 구조 (A전용 KC 93개, B전용 KC 102개) ===
  A전용 KC → out_L 평균 0.5165 | out_R 평균 0.5569 | 차이 -0.0404 (정답은 out_L) **반대**
  B전용 KC → out_L 평균 0.5116 | out_R 평균 0.5670 | 차이 -0.0554 (정답은 out_R) **정답쪽 우세**

=== 가중치 변화 ===
  kc_out_l: n=8061 |Δ|평균 0.01823 변화율  55.6% | 평균 0.500→0.514 | std 0.0000→0.0245
  kc_out_r: n=8034 |Δ|평균 0.04934 변화율  56.2% | 평균 0.500→0.541 | std 0.0000→0.0643

=== 요약 (mode=learn seed=69) ===
  첫 구간 44.2% → 마지막 구간 52.5% | 변화 +8.2%p | 보상률 48.4%
=> MINCIRC mode=learn seed=69 first=44.2 last=52.5 delta=+8.2 reward=48.4 **eval=48.0** tie=0 trialseed=601
