[관계] 항목 8개(훈련 4, 새 4), 반쪽 50 중 활성 15, 항목 간 겹침 2~8(평균 4.3), 새↔훈련 겹침 2~8, 패턴 64개(S 8, D 56)
make: Entering directory '/root/e134_main_run/minimal_circuit_CODE'
make: Nothing to be done for 'all'.
make: Leaving directory '/root/e134_main_run/minimal_circuit_CODE'
[KC불러옴] /mnt/c/Users/JungHyun/Desktop/brain/BrainSimulation-rebuild/research/experiments/traces/E134/dev_corr_w73.npz | 일치형 같은 위치 373/400 | 불일치형 같은 위치 371/400
[KC불러옴이동] k=7 | 일치형 0.020 불일치형 0.000 (과제 sd_shift=7)
  시행    1~ 400: 정답률  49.5%
  시행  401~ 800: 정답률  50.0%
=> SDGEN mode=learn seed=73 trialseed=600 train_same=100.0 train_diff=0.0 train_bal=50.0 novel_same=100.0 novel_diff=0.0 novel_bal=50.0 | ties train:0 novel:0 | n_same/diff train 48/52 novel 41/59
=> SDLAB diff=cyclic rule=samediff mode=learn seed=73 trialseed=600 train_accL=100.0 train_accR=0.0 train_lbal=50.0 novel_accL=100.0 novel_accR=0.0 novel_lbal=50.0

=== 평가 (탐색 없음, 학습 없음, 무작위 순서 100시행) : 정답률 50.0% | 동점 0회 ===
   자극 A: 50/50 (100.0%)
   자극 B: 0/50 (0.0%)

=== 학습 후 자극별 출력 (선택 이전의 원 신호) ===
  자극 A → 정답 L | out_L=  33  out_R=   6  차이   +27 | KC 139개
  자극 B → 정답 R | out_L=  40  out_R=   5  차이   +35 | KC 127개

=== 가중치 구조 (A전용 KC 133개, B전용 KC 121개) ===
  A전용 KC → out_L 평균 0.5517 | out_R 평균 0.5217 | 차이 +0.0300 (정답은 out_L) **정답쪽 우세**
  B전용 KC → out_L 평균 0.5490 | out_R 평균 0.5326 | 차이 +0.0164 (정답은 out_R) **반대**

=== 가중치 변화 ===
  kc_out_l: n=8032 |Δ|평균 0.04990 변화율  56.8% | 평균 0.500→0.544 | std 0.0000→0.0624
  kc_out_r: n=7989 |Δ|평균 0.02308 변화율  56.9% | 평균 0.500→0.519 | std 0.0000→0.0301

=== 요약 (mode=learn seed=73) ===
  첫 구간 49.5% → 마지막 구간 50.0% | 변화 +0.5%p | 보상률 49.8%
=> MINCIRC mode=learn seed=73 first=49.5 last=50.0 delta=+0.5 reward=49.8 **eval=50.0** tie=0 trialseed=600
