[관계] 항목 8개(훈련 4, 새 4), 반쪽 50 중 활성 15, 항목 간 겹침 2~8(평균 4.3), 새↔훈련 겹침 2~8, 패턴 64개(S 8, D 56)
make: Entering directory '/root/e134_main_run/minimal_circuit_CODE'
make: Nothing to be done for 'all'.
make: Leaving directory '/root/e134_main_run/minimal_circuit_CODE'
[KC불러옴] /mnt/c/Users/JungHyun/Desktop/brain/BrainSimulation-rebuild/research/experiments/traces/E134/dev_corr_w73.npz | 일치형 같은 위치 373/400 | 불일치형 같은 위치 371/400
[KC불러옴이동] k=7 | 일치형 0.020 불일치형 0.000 (과제 sd_shift=0)
  시행    1~ 400: 정답률  51.2%
  시행  401~ 800: 정답률  62.3%
=> SDGEN mode=learn seed=73 trialseed=601 train_same=100.0 train_diff=47.9 train_bal=74.0 novel_same=100.0 novel_diff=55.2 novel_bal=77.6 | ties train:11 novel:0 | n_same/diff train 52/48 novel 42/58
=> SDLAB diff=cyclic rule=samediff mode=learn seed=73 trialseed=601 train_accL=100.0 train_accR=47.9 train_lbal=74.0 novel_accL=100.0 novel_accR=55.2 novel_lbal=77.6

=== 평가 (탐색 없음, 학습 없음, 무작위 순서 100시행) : 정답률 50.0% | 동점 0회 ===
   자극 A: 50/50 (100.0%)
   자극 B: 0/50 (0.0%)

=== 학습 후 자극별 출력 (선택 이전의 원 신호) ===
  자극 A → 정답 L | out_L=  11  out_R=  10  차이    +1 | KC 139개
  자극 B → 정답 R | out_L=  37  out_R=  20  차이   +17 | KC 127개

=== 가중치 구조 (A전용 KC 133개, B전용 KC 121개) ===
  A전용 KC → out_L 평균 0.4965 | out_R 평균 0.5431 | 차이 -0.0466 (정답은 out_L) **반대**
  B전용 KC → out_L 평균 0.5370 | out_R 평균 0.5256 | 차이 +0.0114 (정답은 out_R) **반대**

=== 가중치 변화 ===
  kc_out_l: n=8032 |Δ|평균 0.06522 변화율  74.7% | 평균 0.500→0.543 | std 0.0000→0.0855
  kc_out_r: n=7989 |Δ|평균 0.04299 변화율  74.3% | 평균 0.500→0.534 | std 0.0000→0.0522

=== 요약 (mode=learn seed=73) ===
  첫 구간 51.2% → 마지막 구간 62.3% | 변화 +11.0%p | 보상률 56.8%
=> MINCIRC mode=learn seed=73 first=51.2 last=62.3 delta=+11.0 reward=56.8 **eval=50.0** tie=0 trialseed=601
