[관계] 항목 8개(훈련 4, 새 4), 반쪽 50 중 활성 15, 항목 간 겹침 1~7(평균 4.5), 새↔훈련 겹침 1~7, 패턴 64개(S 8, D 56)
make: Entering directory '/root/e134_main_run/minimal_circuit_CODE'
make: Leaving directory '/root/e134_main_run/minimal_circuit_CODE'
[KC불러옴] /mnt/c/Users/JungHyun/Desktop/brain/BrainSimulation-rebuild/research/experiments/traces/E134/dev_corr_w67.npz | 일치형 같은 위치 379/400 | 불일치형 같은 위치 381/400
[KC불러옴이동] k=7 | 일치형 0.000 불일치형 0.010 (과제 sd_shift=0)
  시행    1~ 400: 정답률  51.2%
  시행  401~ 800: 정답률  67.8%
=> SDGEN mode=learn seed=67 trialseed=600 train_same=100.0 train_diff=100.0 train_bal=100.0 novel_same=100.0 novel_diff=63.0 novel_bal=81.5 | ties train:0 novel:0 | n_same/diff train 50/50 novel 54/46
=> SDLAB diff=cyclic rule=samediff mode=learn seed=67 trialseed=600 train_accL=100.0 train_accR=100.0 train_lbal=100.0 novel_accL=100.0 novel_accR=63.0 novel_lbal=81.5

=== 평가 (탐색 없음, 학습 없음, 무작위 순서 100시행) : 정답률 61.0% | 동점 0회 ===
   자극 A: 0/39 (0.0%)
   자극 B: 61/61 (100.0%)

=== 학습 후 자극별 출력 (선택 이전의 원 신호) ===
  자극 A → 정답 L | out_L=  20  out_R=  37  차이   -17 | KC 123개
  자극 B → 정답 R | out_L=   9  out_R=  21  차이   -12 | KC 128개

=== 가중치 구조 (A전용 KC 107개, B전용 KC 112개) ===
  A전용 KC → out_L 평균 0.5109 | out_R 평균 0.5571 | 차이 -0.0462 (정답은 out_L) **반대**
  B전용 KC → out_L 평균 0.5437 | out_R 평균 0.5685 | 차이 -0.0248 (정답은 out_R) **정답쪽 우세**

=== 가중치 변화 ===
  kc_out_l: n=7990 |Δ|평균 0.05669 변화율  68.2% | 평균 0.500→0.543 | std 0.0000→0.0816
  kc_out_r: n=8012 |Δ|평균 0.04714 변화율  68.3% | 평균 0.500→0.539 | std 0.0000→0.0534

=== 요약 (mode=learn seed=67) ===
  첫 구간 51.2% → 마지막 구간 67.8% | 변화 +16.5%p | 보상률 59.5%
=> MINCIRC mode=learn seed=67 first=51.2 last=67.8 delta=+16.5 reward=59.5 **eval=61.0** tie=0 trialseed=600
