[관계] 항목 8개(훈련 4, 새 4), 반쪽 50 중 활성 15, 항목 간 겹침 2~7(평균 4.7), 새↔훈련 겹침 2~6, 패턴 64개(S 8, D 56)
make: Entering directory '/root/e134_main_run/minimal_circuit_CODE'
make: Leaving directory '/root/e134_main_run/minimal_circuit_CODE'
[KC불러옴] /mnt/c/Users/JungHyun/Desktop/brain/BrainSimulation-rebuild/research/experiments/traces/E134/dev_corr_w75.npz | 일치형 같은 위치 354/400 | 불일치형 같은 위치 364/400
[KC불러옴이동] k=7 | 일치형 0.000 불일치형 0.000 (과제 sd_shift=0)
  시행    1~ 400: 정답률  53.0%
  시행  401~ 800: 정답률  67.0%
=> SDGEN mode=learn seed=75 trialseed=600 train_same=100.0 train_diff=79.6 train_bal=89.8 novel_same=100.0 novel_diff=66.7 novel_bal=83.3 | ties train:0 novel:0 | n_same/diff train 46/54 novel 49/51
=> SDLAB diff=cyclic rule=samediff mode=learn seed=75 trialseed=600 train_accL=100.0 train_accR=79.6 train_lbal=89.8 novel_accL=100.0 novel_accR=66.7 novel_lbal=83.3

=== 평가 (탐색 없음, 학습 없음, 무작위 순서 100시행) : 정답률 53.0% | 동점 0회 ===
   자극 A: 0/47 (0.0%)
   자극 B: 53/53 (100.0%)

=== 학습 후 자극별 출력 (선택 이전의 원 신호) ===
  자극 A → 정답 L | out_L=  15  out_R=  33  차이   -18 | KC 114개
  자극 B → 정답 R | out_L=  24  out_R=  42  차이   -18 | KC 127개

=== 가중치 구조 (A전용 KC 108개, B전용 KC 121개) ===
  A전용 KC → out_L 평균 0.5687 | out_R 평균 0.5533 | 차이 +0.0154 (정답은 out_L) **정답쪽 우세**
  B전용 KC → out_L 평균 0.5219 | out_R 평균 0.5469 | 차이 -0.0249 (정답은 out_R) **정답쪽 우세**

=== 가중치 변화 ===
  kc_out_l: n=7951 |Δ|평균 0.06657 변화율  72.5% | 평균 0.500→0.550 | std 0.0000→0.0915
  kc_out_r: n=8080 |Δ|평균 0.04894 변화율  71.9% | 평균 0.500→0.542 | std 0.0000→0.0538

=== 요약 (mode=learn seed=75) ===
  첫 구간 53.0% → 마지막 구간 67.0% | 변화 +14.0%p | 보상률 60.0%
=> MINCIRC mode=learn seed=75 first=53.0 last=67.0 delta=+14.0 reward=60.0 **eval=53.0** tie=0 trialseed=600
