[관계] 항목 8개(훈련 4, 새 4), 반쪽 50 중 활성 15, 항목 간 겹침 2~8(평균 4.8), 새↔훈련 겹침 3~8, 패턴 64개(S 8, D 56)
make: Entering directory '/root/e134_main_run/minimal_circuit_CODE'
make: Nothing to be done for 'all'.
make: Leaving directory '/root/e134_main_run/minimal_circuit_CODE'
[KC불러옴] /mnt/c/Users/JungHyun/Desktop/brain/BrainSimulation-rebuild/research/experiments/traces/E134/dev_corr_w63.npz | 일치형 같은 위치 372/400 | 불일치형 같은 위치 387/400
[KC불러옴이동] k=7 | 일치형 0.000 불일치형 0.007 (과제 sd_shift=0)
  시행    1~ 400: 정답률  50.0%
  시행  401~ 800: 정답률  63.7%
=> SDGEN mode=learn seed=63 trialseed=601 train_same=100.0 train_diff=76.5 train_bal=88.2 novel_same=100.0 novel_diff=100.0 novel_bal=100.0 | ties train:0 novel:0 | n_same/diff train 49/51 novel 47/53
=> SDLAB diff=cyclic rule=samediff mode=learn seed=63 trialseed=601 train_accL=100.0 train_accR=76.5 train_lbal=88.2 novel_accL=100.0 novel_accR=100.0 novel_lbal=100.0

=== 평가 (탐색 없음, 학습 없음, 무작위 순서 100시행) : 정답률 53.0% | 동점 0회 ===
   자극 A: 0/47 (0.0%)
   자극 B: 53/53 (100.0%)

=== 학습 후 자극별 출력 (선택 이전의 원 신호) ===
  자극 A → 정답 L | out_L=   5  out_R=  40  차이   -35 | KC 132개
  자극 B → 정답 R | out_L=   1  out_R=  85  차이   -84 | KC 124개

=== 가중치 구조 (A전용 KC 111개, B전용 KC 103개) ===
  A전용 KC → out_L 평균 0.5081 | out_R 평균 0.5717 | 차이 -0.0637 (정답은 out_L) **반대**
  B전용 KC → out_L 평균 0.4953 | out_R 평균 0.5712 | 차이 -0.0759 (정답은 out_R) **정답쪽 우세**

=== 가중치 변화 ===
  kc_out_l: n=8000 |Δ|평균 0.05252 변화율  74.6% | 평균 0.500→0.536 | std 0.0000→0.0708
  kc_out_r: n=7974 |Δ|평균 0.05485 변화율  74.8% | 평균 0.500→0.542 | std 0.0000→0.0648

=== 요약 (mode=learn seed=63) ===
  첫 구간 50.0% → 마지막 구간 63.7% | 변화 +13.7%p | 보상률 56.9%
=> MINCIRC mode=learn seed=63 first=50.0 last=63.7 delta=+13.7 reward=56.9 **eval=53.0** tie=0 trialseed=601
