[관계] 항목 8개(훈련 4, 새 4), 반쪽 50 중 활성 15, 항목 간 겹침 1~7(평균 4.2), 새↔훈련 겹침 2~7, 패턴 64개(S 8, D 56)
make: Entering directory '/root/e134_main_run/minimal_circuit_CODE'
make: Nothing to be done for 'all'.
make: Leaving directory '/root/e134_main_run/minimal_circuit_CODE'
[KC불러옴] /mnt/c/Users/JungHyun/Desktop/brain/BrainSimulation-rebuild/research/experiments/traces/E134/dev_corr_w68.npz | 일치형 같은 위치 319/400 | 불일치형 같은 위치 357/400
[KC불러옴이동] k=7 | 일치형 0.000 불일치형 0.000 (과제 sd_shift=7)
  시행    1~ 400: 정답률  50.2%
  시행  401~ 800: 정답률  53.0%
=> SDGEN mode=learn seed=68 trialseed=600 train_same=14.7 train_diff=77.3 train_bal=46.0 novel_same=39.1 novel_diff=75.9 novel_bal=57.5 | ties train:0 novel:0 | n_same/diff train 34/66 novel 46/54
=> SDLAB diff=cyclic rule=samediff mode=learn seed=68 trialseed=600 train_accL=14.7 train_accR=77.3 train_lbal=46.0 novel_accL=39.1 novel_accR=75.9 novel_lbal=57.5

=== 평가 (탐색 없음, 학습 없음, 무작위 순서 100시행) : 정답률 100.0% | 동점 0회 ===
   자극 A: 55/55 (100.0%)
   자극 B: 45/45 (100.0%)

=== 학습 후 자극별 출력 (선택 이전의 원 신호) ===
  자극 A → 정답 L | out_L=  28  out_R=  25  차이    +3 | KC 97개
  자극 B → 정답 R | out_L=  29  out_R=  41  차이   -12 | KC 120개

=== 가중치 구조 (A전용 KC 82개, B전용 KC 105개) ===
  A전용 KC → out_L 평균 0.5457 | out_R 평균 0.5385 | 차이 +0.0072 (정답은 out_L) **정답쪽 우세**
  B전용 KC → out_L 평균 0.5254 | out_R 평균 0.5441 | 차이 -0.0188 (정답은 out_R) **정답쪽 우세**

=== 가중치 변화 ===
  kc_out_l: n=7860 |Δ|평균 0.03559 변화율  65.6% | 평균 0.500→0.530 | std 0.0000→0.0439
  kc_out_r: n=8115 |Δ|평균 0.04096 변화율  65.7% | 평균 0.500→0.535 | std 0.0000→0.0467

=== 요약 (mode=learn seed=68) ===
  첫 구간 50.2% → 마지막 구간 53.0% | 변화 +2.8%p | 보상률 51.6%
=> MINCIRC mode=learn seed=68 first=50.2 last=53.0 delta=+2.8 reward=51.6 **eval=100.0** tie=0 trialseed=600
