[관계] 항목 8개(훈련 4, 새 4), 반쪽 50 중 활성 15, 항목 간 겹침 1~7(평균 4.4), 새↔훈련 겹침 1~7, 패턴 64개(S 8, D 56)
make: Entering directory '/root/e134_main_run/minimal_circuit_CODE'
make: Nothing to be done for 'all'.
make: Leaving directory '/root/e134_main_run/minimal_circuit_CODE'
[KC불러옴] /mnt/c/Users/JungHyun/Desktop/brain/BrainSimulation-rebuild/research/experiments/traces/E134/dev_corr_w76.npz | 일치형 같은 위치 362/400 | 불일치형 같은 위치 363/400
[KC불러옴이동] k=7 | 일치형 0.000 불일치형 0.000 (과제 sd_shift=7)
  시행    1~ 400: 정답률  42.8%
  시행  401~ 800: 정답률  49.5%
=> SDGEN mode=learn seed=76 trialseed=601 train_same=0.0 train_diff=100.0 train_bal=50.0 novel_same=36.2 novel_diff=58.5 novel_bal=47.3 | ties train:0 novel:6 | n_same/diff train 49/51 novel 47/53
=> SDLAB diff=cyclic rule=samediff mode=learn seed=76 trialseed=601 train_accL=0.0 train_accR=100.0 train_lbal=50.0 novel_accL=36.2 novel_accR=58.5 novel_lbal=47.3

=== 평가 (탐색 없음, 학습 없음, 무작위 순서 100시행) : 정답률 51.0% | 동점 0회 ===
   자극 A: 0/49 (0.0%)
   자극 B: 51/51 (100.0%)

=== 학습 후 자극별 출력 (선택 이전의 원 신호) ===
  자극 A → 정답 L | out_L=  43  out_R=  46  차이    -3 | KC 121개
  자극 B → 정답 R | out_L=  16  out_R=  24  차이    -8 | KC 126개

=== 가중치 구조 (A전용 KC 105개, B전용 KC 110개) ===
  A전용 KC → out_L 평균 0.5138 | out_R 평균 0.5241 | 차이 -0.0103 (정답은 out_L) **반대**
  B전용 KC → out_L 평균 0.5272 | out_R 평균 0.5527 | 차이 -0.0255 (정답은 out_R) **정답쪽 우세**

=== 가중치 변화 ===
  kc_out_l: n=7917 |Δ|평균 0.02174 변화율  49.5% | 평균 0.500→0.518 | std 0.0000→0.0312
  kc_out_r: n=7873 |Δ|평균 0.03448 변화율  50.1% | 평균 0.500→0.531 | std 0.0000→0.0466

=== 요약 (mode=learn seed=76) ===
  첫 구간 42.8% → 마지막 구간 49.5% | 변화 +6.8%p | 보상률 46.1%
=> MINCIRC mode=learn seed=76 first=42.8 last=49.5 delta=+6.8 reward=46.1 **eval=51.0** tie=0 trialseed=601
