[관계] 항목 8개(훈련 4, 새 4), 반쪽 50 중 활성 15, 항목 간 겹침 3~11(평균 4.9), 새↔훈련 겹침 4~7, 패턴 64개(S 8, D 56)
make: Entering directory '/root/e134_main_run/minimal_circuit_CODE'
make: Nothing to be done for 'all'.
make: Leaving directory '/root/e134_main_run/minimal_circuit_CODE'
[KC불러옴] /mnt/c/Users/JungHyun/Desktop/brain/BrainSimulation-rebuild/research/experiments/traces/E134/dev_corr_w70.npz | 일치형 같은 위치 359/400 | 불일치형 같은 위치 356/400
[KC불러옴이동] k=7 | 일치형 0.022 불일치형 0.010 (과제 sd_shift=7)
  시행    1~ 400: 정답률  46.2%
  시행  401~ 800: 정답률  56.2%
=> SDGEN mode=learn seed=70 trialseed=600 train_same=88.5 train_diff=33.3 train_bal=60.9 novel_same=31.2 novel_diff=50.0 novel_bal=40.6 | ties train:0 novel:13 | n_same/diff train 52/48 novel 48/52
=> SDLAB diff=cyclic rule=samediff mode=learn seed=70 trialseed=600 train_accL=88.5 train_accR=33.3 train_lbal=60.9 novel_accL=31.2 novel_accR=50.0 novel_lbal=40.6

=== 평가 (탐색 없음, 학습 없음, 무작위 순서 100시행) : 정답률 50.0% | 동점 0회 ===
   자극 A: 50/50 (100.0%)
   자극 B: 0/50 (0.0%)

=== 학습 후 자극별 출력 (선택 이전의 원 신호) ===
  자극 A → 정답 L | out_L=  44  out_R=  37  차이    +7 | KC 122개
  자극 B → 정답 R | out_L=  36  out_R=  32  차이    +4 | KC 108개

=== 가중치 구조 (A전용 KC 100개, B전용 KC 86개) ===
  A전용 KC → out_L 평균 0.5439 | out_R 평균 0.5081 | 차이 +0.0359 (정답은 out_L) **정답쪽 우세**
  B전용 KC → out_L 평균 0.5511 | out_R 평균 0.5531 | 차이 -0.0020 (정답은 out_R) **정답쪽 우세**

=== 가중치 변화 ===
  kc_out_l: n=7985 |Δ|평균 0.04203 변화율  54.4% | 평균 0.500→0.538 | std 0.0000→0.0545
  kc_out_r: n=8028 |Δ|평균 0.03207 변화율  53.9% | 평균 0.500→0.528 | std 0.0000→0.0454

=== 요약 (mode=learn seed=70) ===
  첫 구간 46.2% → 마지막 구간 56.2% | 변화 +10.0%p | 보상률 51.2%
=> MINCIRC mode=learn seed=70 first=46.2 last=56.2 delta=+10.0 reward=51.2 **eval=50.0** tie=0 trialseed=600
