[관계] 항목 8개(훈련 4, 새 4), 반쪽 50 중 활성 15, 항목 간 겹침 2~8(평균 5.1), 새↔훈련 겹침 2~8, 패턴 64개(S 8, D 56)
make: Entering directory '/root/e134_main_run/minimal_circuit_CODE'
make: Nothing to be done for 'all'.
make: Leaving directory '/root/e134_main_run/minimal_circuit_CODE'
[KC불러옴] /mnt/c/Users/JungHyun/Desktop/brain/BrainSimulation-rebuild/research/experiments/traces/E134/dev_corr_w74.npz | 일치형 같은 위치 382/400 | 불일치형 같은 위치 371/400
[KC불러옴이동] k=7 | 일치형 0.000 불일치형 0.000 (과제 sd_shift=7)
  시행    1~ 400: 정답률  46.5%
  시행  401~ 800: 정답률  47.0%
=> SDGEN mode=learn seed=74 trialseed=601 train_same=85.7 train_diff=0.0 train_bal=42.9 novel_same=100.0 novel_diff=34.8 novel_bal=67.4 | ties train:10 novel:0 | n_same/diff train 49/51 novel 54/46
=> SDLAB diff=cyclic rule=samediff mode=learn seed=74 trialseed=601 train_accL=85.7 train_accR=0.0 train_lbal=42.9 novel_accL=100.0 novel_accR=34.8 novel_lbal=67.4

=== 평가 (탐색 없음, 학습 없음, 무작위 순서 100시행) : 정답률 45.0% | 동점 0회 ===
   자극 A: 45/45 (100.0%)
   자극 B: 0/55 (0.0%)

=== 학습 후 자극별 출력 (선택 이전의 원 신호) ===
  자극 A → 정답 L | out_L=  43  out_R=  24  차이   +19 | KC 126개
  자극 B → 정답 R | out_L=  48  out_R=  40  차이    +8 | KC 109개

=== 가중치 구조 (A전용 KC 107개, B전용 KC 90개) ===
  A전용 KC → out_L 평균 0.5550 | out_R 평균 0.5344 | 차이 +0.0205 (정답은 out_L) **정답쪽 우세**
  B전용 KC → out_L 평균 0.5435 | out_R 평균 0.5212 | 차이 +0.0223 (정답은 out_R) **반대**

=== 가중치 변화 ===
  kc_out_l: n=7990 |Δ|평균 0.03852 변화율  51.7% | 평균 0.500→0.533 | std 0.0000→0.0504
  kc_out_r: n=8129 |Δ|평균 0.01907 변화율  51.6% | 평균 0.500→0.516 | std 0.0000→0.0262

=== 요약 (mode=learn seed=74) ===
  첫 구간 46.5% → 마지막 구간 47.0% | 변화 +0.5%p | 보상률 46.8%
=> MINCIRC mode=learn seed=74 first=46.5 last=47.0 delta=+0.5 reward=46.8 **eval=45.0** tie=0 trialseed=601
