[관계] 항목 8개(훈련 4, 새 4), 반쪽 50 중 활성 15, 항목 간 겹침 1~6(평균 4.1), 새↔훈련 겹침 1~6, 패턴 64개(S 8, D 56)
make: Entering directory '/root/e134_main_run/minimal_circuit_CODE'
make: Nothing to be done for 'all'.
make: Leaving directory '/root/e134_main_run/minimal_circuit_CODE'
[KC불러옴] /mnt/c/Users/JungHyun/Desktop/brain/BrainSimulation-rebuild/research/experiments/traces/E134/dev_corr_w71.npz | 일치형 같은 위치 393/400 | 불일치형 같은 위치 391/400
[KC불러옴이동] k=7 | 일치형 0.000 불일치형 0.000 (과제 sd_shift=7)
  시행    1~ 400: 정답률  52.0%
  시행  401~ 800: 정답률  62.0%
=> SDGEN mode=learn seed=71 trialseed=600 train_same=100.0 train_diff=58.0 train_bal=79.0 novel_same=53.7 novel_diff=50.0 novel_bal=51.9 | ties train:0 novel:15 | n_same/diff train 50/50 novel 54/46
=> SDLAB diff=cyclic rule=samediff mode=learn seed=71 trialseed=600 train_accL=100.0 train_accR=58.0 train_lbal=79.0 novel_accL=53.7 novel_accR=50.0 novel_lbal=51.9

=== 평가 (탐색 없음, 학습 없음, 무작위 순서 100시행) : 정답률 100.0% | 동점 0회 ===
   자극 A: 52/52 (100.0%)
   자극 B: 48/48 (100.0%)

=== 학습 후 자극별 출력 (선택 이전의 원 신호) ===
  자극 A → 정답 L | out_L=  35  out_R=  29  차이    +6 | KC 111개
  자극 B → 정답 R | out_L=  22  out_R=  35  차이   -13 | KC 117개

=== 가중치 구조 (A전용 KC 97개, B전용 KC 103개) ===
  A전용 KC → out_L 평균 0.5657 | out_R 평균 0.5405 | 차이 +0.0252 (정답은 out_L) **정답쪽 우세**
  B전용 KC → out_L 평균 0.5292 | out_R 평균 0.5306 | 차이 -0.0015 (정답은 out_R) **정답쪽 우세**

=== 가중치 변화 ===
  kc_out_l: n=7995 |Δ|평균 0.04618 변화율  61.7% | 평균 0.500→0.542 | std 0.0000→0.0569
  kc_out_r: n=8097 |Δ|평균 0.04404 변화율  61.4% | 평균 0.500→0.538 | std 0.0000→0.0551

=== 요약 (mode=learn seed=71) ===
  첫 구간 52.0% → 마지막 구간 62.0% | 변화 +10.0%p | 보상률 57.0%
=> MINCIRC mode=learn seed=71 first=52.0 last=62.0 delta=+10.0 reward=57.0 **eval=100.0** tie=0 trialseed=600
