[관계] 항목 8개(훈련 4, 새 4), 반쪽 50 중 활성 15, 항목 간 겹침 3~11(평균 4.9), 새↔훈련 겹침 4~7, 패턴 64개(S 8, D 56)
make: Entering directory '/root/e134_main_run/minimal_circuit_CODE'
make: Nothing to be done for 'all'.
make: Leaving directory '/root/e134_main_run/minimal_circuit_CODE'
[KC불러옴] /mnt/c/Users/JungHyun/Desktop/brain/BrainSimulation-rebuild/research/experiments/traces/E134/dev_corr_w70.npz | 일치형 같은 위치 359/400 | 불일치형 같은 위치 356/400
[KC불러옴이동] k=7 | 일치형 0.022 불일치형 0.010 (과제 sd_shift=0)
  시행    1~ 400: 정답률  49.0%
  시행  401~ 800: 정답률  63.5%
=> SDGEN mode=learn seed=70 trialseed=601 train_same=100.0 train_diff=66.7 train_bal=83.3 novel_same=100.0 novel_diff=75.9 novel_bal=88.0 | ties train:0 novel:8 | n_same/diff train 52/48 novel 46/54
=> SDLAB diff=cyclic rule=samediff mode=learn seed=70 trialseed=601 train_accL=100.0 train_accR=66.7 train_lbal=83.3 novel_accL=100.0 novel_accR=75.9 novel_lbal=88.0

=== 평가 (탐색 없음, 학습 없음, 무작위 순서 100시행) : 정답률 50.0% | 동점 0회 ===
   자극 A: 0/50 (0.0%)
   자극 B: 50/50 (100.0%)

=== 학습 후 자극별 출력 (선택 이전의 원 신호) ===
  자극 A → 정답 L | out_L=  24  out_R=  43  차이   -19 | KC 122개
  자극 B → 정답 R | out_L=  37  out_R=  42  차이    -5 | KC 108개

=== 가중치 구조 (A전용 KC 100개, B전용 KC 86개) ===
  A전용 KC → out_L 평균 0.5376 | out_R 평균 0.5433 | 차이 -0.0057 (정답은 out_L) **반대**
  B전용 KC → out_L 평균 0.5159 | out_R 평균 0.5620 | 차이 -0.0461 (정답은 out_R) **정답쪽 우세**

=== 가중치 변화 ===
  kc_out_l: n=7985 |Δ|평균 0.05436 변화율  71.5% | 평균 0.500→0.538 | std 0.0000→0.0742
  kc_out_r: n=8028 |Δ|평균 0.05170 변화율  71.0% | 평균 0.500→0.541 | std 0.0000→0.0604

=== 요약 (mode=learn seed=70) ===
  첫 구간 49.0% → 마지막 구간 63.5% | 변화 +14.5%p | 보상률 56.2%
=> MINCIRC mode=learn seed=70 first=49.0 last=63.5 delta=+14.5 reward=56.2 **eval=50.0** tie=0 trialseed=601
