[관계] 항목 8개(훈련 4, 새 4), 반쪽 50 중 활성 15, 항목 간 겹침 2~8(평균 4.7), 새↔훈련 겹침 2~7, 패턴 64개(S 8, D 56)
make: Entering directory '/root/e134_main_run/minimal_circuit_CODE'
make: Nothing to be done for 'all'.
make: Leaving directory '/root/e134_main_run/minimal_circuit_CODE'
[KC불러옴] /mnt/c/Users/JungHyun/Desktop/brain/BrainSimulation-rebuild/research/experiments/traces/E134/dev_corr_w77.npz | 일치형 같은 위치 361/400 | 불일치형 같은 위치 350/400
[KC불러옴이동] k=7 | 일치형 0.000 불일치형 0.000 (과제 sd_shift=0)
  시행    1~ 400: 정답률  47.0%
  시행  401~ 800: 정답률  55.0%
=> SDGEN mode=learn seed=77 trialseed=601 train_same=100.0 train_diff=75.5 train_bal=87.7 novel_same=100.0 novel_diff=32.7 novel_bal=66.3 | ties train:0 novel:0 | n_same/diff train 47/53 novel 51/49
=> SDLAB diff=cyclic rule=samediff mode=learn seed=77 trialseed=601 train_accL=100.0 train_accR=75.5 train_lbal=87.7 novel_accL=100.0 novel_accR=32.7 novel_lbal=66.3

=== 평가 (탐색 없음, 학습 없음, 무작위 순서 100시행) : 정답률 46.0% | 동점 0회 ===
   자극 A: 0/54 (0.0%)
   자극 B: 46/46 (100.0%)

=== 학습 후 자극별 출력 (선택 이전의 원 신호) ===
  자극 A → 정답 L | out_L=  35  out_R=  39  차이    -4 | KC 120개
  자극 B → 정답 R | out_L=  20  out_R=  41  차이   -21 | KC 117개

=== 가중치 구조 (A전용 KC 107개, B전용 KC 104개) ===
  A전용 KC → out_L 평균 0.4998 | out_R 평균 0.5318 | 차이 -0.0320 (정답은 out_L) **반대**
  B전용 KC → out_L 평균 0.5311 | out_R 평균 0.5235 | 차이 +0.0076 (정답은 out_R) **반대**

=== 가중치 변화 ===
  kc_out_l: n=8069 |Δ|평균 0.06450 변화율  72.0% | 평균 0.500→0.543 | std 0.0000→0.0796
  kc_out_r: n=8075 |Δ|평균 0.03168 변화율  70.8% | 평균 0.500→0.524 | std 0.0000→0.0419

=== 요약 (mode=learn seed=77) ===
  첫 구간 47.0% → 마지막 구간 55.0% | 변화 +8.0%p | 보상률 51.0%
=> MINCIRC mode=learn seed=77 first=47.0 last=55.0 delta=+8.0 reward=51.0 **eval=46.0** tie=0 trialseed=601
