[관계] 항목 8개(훈련 4, 새 4), 반쪽 50 중 활성 15, 항목 간 겹침 2~7(평균 4.4), 새↔훈련 겹침 2~7, 패턴 64개(S 8, D 56)
make: Entering directory '/root/e134_main_run/minimal_circuit_CODE'
make: Nothing to be done for 'all'.
make: Leaving directory '/root/e134_main_run/minimal_circuit_CODE'
[KC불러옴] /mnt/c/Users/JungHyun/Desktop/brain/BrainSimulation-rebuild/research/experiments/traces/E134/dev_corr_w65.npz | 일치형 같은 위치 369/400 | 불일치형 같은 위치 368/400
[KC불러옴이동] k=7 | 일치형 0.000 불일치형 0.000 (과제 sd_shift=7)
  시행    1~ 400: 정답률  54.0%
  시행  401~ 800: 정답률  55.8%
=> SDGEN mode=learn seed=65 trialseed=600 train_same=75.9 train_diff=54.8 train_bal=65.3 novel_same=55.1 novel_diff=68.6 novel_bal=61.9 | ties train:0 novel:0 | n_same/diff train 58/42 novel 49/51
=> SDLAB diff=cyclic rule=samediff mode=learn seed=65 trialseed=600 train_accL=75.9 train_accR=54.8 train_lbal=65.3 novel_accL=55.1 novel_accR=68.6 novel_lbal=61.9

=== 평가 (탐색 없음, 학습 없음, 무작위 순서 100시행) : 정답률 0.0% | 동점 0회 ===
   자극 A: 0/49 (0.0%)
   자극 B: 0/51 (0.0%)

=== 학습 후 자극별 출력 (선택 이전의 원 신호) ===
  자극 A → 정답 L | out_L=   8  out_R=  27  차이   -19 | KC 122개
  자극 B → 정답 R | out_L=  58  out_R=   3  차이   +55 | KC 129개

=== 가중치 구조 (A전용 KC 107개, B전용 KC 114개) ===
  A전용 KC → out_L 평균 0.5524 | out_R 평균 0.5434 | 차이 +0.0090 (정답은 out_L) **정답쪽 우세**
  B전용 KC → out_L 평균 0.5584 | out_R 평균 0.5288 | 차이 +0.0296 (정답은 out_R) **반대**

=== 가중치 변화 ===
  kc_out_l: n=7910 |Δ|평균 0.05030 변화율  63.5% | 평균 0.500→0.545 | std 0.0000→0.0615
  kc_out_r: n=8041 |Δ|평균 0.03811 변화율  63.3% | 평균 0.500→0.532 | std 0.0000→0.0517

=== 요약 (mode=learn seed=65) ===
  첫 구간 54.0% → 마지막 구간 55.8% | 변화 +1.8%p | 보상률 54.9%
=> MINCIRC mode=learn seed=65 first=54.0 last=55.8 delta=+1.8 reward=54.9 **eval=0.0** tie=0 trialseed=600
