[관계] 항목 8개(훈련 4, 새 4), 반쪽 50 중 활성 15, 항목 간 겹침 2~8(평균 5.1), 새↔훈련 겹침 2~8, 패턴 64개(S 8, D 56)
make: Entering directory '/root/e134_main_run/minimal_circuit_CODE'
make: Nothing to be done for 'all'.
make: Leaving directory '/root/e134_main_run/minimal_circuit_CODE'
[KC불러옴] /mnt/c/Users/JungHyun/Desktop/brain/BrainSimulation-rebuild/research/experiments/traces/E134/dev_corr_w74.npz | 일치형 같은 위치 382/400 | 불일치형 같은 위치 371/400
[KC불러옴이동] k=7 | 일치형 0.000 불일치형 0.000 (과제 sd_shift=7)
  시행    1~ 400: 정답률  50.5%
  시행  401~ 800: 정답률  50.2%
=> SDGEN mode=learn seed=74 trialseed=600 train_same=79.5 train_diff=0.0 train_bal=39.8 novel_same=100.0 novel_diff=34.8 novel_bal=67.4 | ties train:0 novel:0 | n_same/diff train 44/56 novel 54/46
=> SDLAB diff=cyclic rule=samediff mode=learn seed=74 trialseed=600 train_accL=79.5 train_accR=0.0 train_lbal=39.8 novel_accL=100.0 novel_accR=34.8 novel_lbal=67.4

=== 평가 (탐색 없음, 학습 없음, 무작위 순서 100시행) : 정답률 0.0% | 동점 0회 ===
   자극 A: 0/45 (0.0%)
   자극 B: 0/55 (0.0%)

=== 학습 후 자극별 출력 (선택 이전의 원 신호) ===
  자극 A → 정답 L | out_L=  23  out_R=  25  차이    -2 | KC 126개
  자극 B → 정답 R | out_L=  44  out_R=  30  차이   +14 | KC 109개

=== 가중치 구조 (A전용 KC 107개, B전용 KC 90개) ===
  A전용 KC → out_L 평균 0.5581 | out_R 평균 0.5390 | 차이 +0.0190 (정답은 out_L) **정답쪽 우세**
  B전용 KC → out_L 평균 0.5526 | out_R 평균 0.5289 | 차이 +0.0236 (정답은 out_R) **반대**

=== 가중치 변화 ===
  kc_out_l: n=7990 |Δ|평균 0.04197 변화율  51.7% | 평균 0.500→0.538 | std 0.0000→0.0565
  kc_out_r: n=8129 |Δ|평균 0.02390 변화율  51.6% | 평균 0.500→0.520 | std 0.0000→0.0335

=== 요약 (mode=learn seed=74) ===
  첫 구간 50.5% → 마지막 구간 50.2% | 변화 -0.3%p | 보상률 50.4%
=> MINCIRC mode=learn seed=74 first=50.5 last=50.2 delta=-0.3 reward=50.4 **eval=0.0** tie=0 trialseed=600
