[관계] 항목 8개(훈련 4, 새 4), 반쪽 50 중 활성 15, 항목 간 겹침 1~8(평균 4.7), 새↔훈련 겹침 2~8, 패턴 64개(S 8, D 56)
make: Entering directory '/root/e134_run/minimal_circuit_CODE'
make: Leaving directory '/root/e134_run/minimal_circuit_CODE'
[KC불러옴] /mnt/c/Users/JungHyun/Desktop/brain/BrainSimulation-rebuild/research/experiments/traces/E134/path_dev_shift_w18.npz | 일치형 같은 위치 0/400 | 불일치형 같은 위치 0/400
[KC불러옴이동] k=7 | 일치형 0.953 불일치형 0.943 (과제 sd_shift=7)
=> SDGEN mode=frozen seed=18 trialseed=600 train_same=100.0 train_diff=37.5 train_bal=68.8 novel_same=66.7 novel_diff=50.0 novel_bal=58.3 | ties train:0 novel:0 | n_same/diff train 12/8 novel 12/8
=> SDLAB diff=cyclic rule=samediff mode=frozen seed=18 trialseed=600 train_accL=100.0 train_accR=37.5 train_lbal=68.8 novel_accL=66.7 novel_accR=50.0 novel_lbal=58.3

=== 평가 (탐색 없음, 학습 없음, 무작위 순서 20시행) : 정답률 100.0% | 동점 0회 ===
   자극 A: 10/10 (100.0%)
   자극 B: 10/10 (100.0%)

=== 학습 후 자극별 출력 (선택 이전의 원 신호) ===
  자극 A → 정답 L | out_L=  44  out_R=  37  차이    +7 | KC 122개
  자극 B → 정답 R | out_L=   6  out_R=  39  차이   -33 | KC 135개

=== 가중치 구조 (A전용 KC 109개, B전용 KC 122개) ===
  A전용 KC → out_L 평균 0.5000 | out_R 평균 0.5000 | 차이 +0.0000 (정답은 out_L) **반대**
  B전용 KC → out_L 평균 0.5000 | out_R 평균 0.5000 | 차이 +0.0000 (정답은 out_R) **정답쪽 우세**

=== 가중치 변화 ===
  kc_out_l: n=8073 |Δ|평균 0.00000 변화율   0.0% | 평균 0.500→0.500 | std 0.0000→0.0000
  kc_out_r: n=7892 |Δ|평균 0.00000 변화율   0.0% | 평균 0.500→0.500 | std 0.0000→0.0000

=== 요약 (mode=frozen seed=18) ===
  첫 구간 nan% → 마지막 구간 nan% | 변화 +nan%p | 보상률 0.0%
=> MINCIRC mode=frozen seed=18 first=nan last=nan delta=+nan reward=0.0 **eval=100.0** tie=0 trialseed=600
