[관계] 항목 8개(훈련 4, 새 4), 반쪽 50 중 활성 15, 항목 간 겹침 2~7(평균 4.7), 새↔훈련 겹침 2~6, 패턴 64개(S 8, D 56)
make: Entering directory '/root/e134_main_run/minimal_circuit_CODE'
make: Nothing to be done for 'all'.
make: Leaving directory '/root/e134_main_run/minimal_circuit_CODE'
[KC불러옴] /mnt/c/Users/JungHyun/Desktop/brain/BrainSimulation-rebuild/research/experiments/traces/E134/dev_shift_w75.npz | 일치형 같은 위치 0/400 | 불일치형 같은 위치 0/400
[KC불러옴이동] k=7 | 일치형 0.917 불일치형 0.905 (과제 sd_shift=7)
  시행    1~ 400: 정답률  54.2%
  시행  401~ 800: 정답률  61.8%
=> SDGEN mode=learn seed=75 trialseed=601 train_same=100.0 train_diff=79.6 train_bal=89.8 novel_same=100.0 novel_diff=78.0 novel_bal=89.0 | ties train:0 novel:3 | n_same/diff train 46/54 novel 50/50
=> SDLAB diff=cyclic rule=samediff mode=learn seed=75 trialseed=601 train_accL=100.0 train_accR=79.6 train_lbal=89.8 novel_accL=100.0 novel_accR=78.0 novel_lbal=89.0

=== 평가 (탐색 없음, 학습 없음, 무작위 순서 100시행) : 정답률 53.0% | 동점 0회 ===
   자극 A: 0/47 (0.0%)
   자극 B: 53/53 (100.0%)

=== 학습 후 자극별 출력 (선택 이전의 원 신호) ===
  자극 A → 정답 L | out_L=  12  out_R=  46  차이   -34 | KC 119개
  자극 B → 정답 R | out_L=   7  out_R=  33  차이   -26 | KC 130개

=== 가중치 구조 (A전용 KC 110개, B전용 KC 121개) ===
  A전용 KC → out_L 평균 0.5129 | out_R 평균 0.5554 | 차이 -0.0425 (정답은 out_L) **반대**
  B전용 KC → out_L 평균 0.5360 | out_R 평균 0.5486 | 차이 -0.0127 (정답은 out_R) **정답쪽 우세**

=== 가중치 변화 ===
  kc_out_l: n=7951 |Δ|평균 0.06236 변화율  70.9% | 평균 0.500→0.545 | std 0.0000→0.0866
  kc_out_r: n=8080 |Δ|평균 0.04598 변화율  70.1% | 평균 0.500→0.540 | std 0.0000→0.0519

=== 요약 (mode=learn seed=75) ===
  첫 구간 54.2% → 마지막 구간 61.8% | 변화 +7.5%p | 보상률 58.0%
=> MINCIRC mode=learn seed=75 first=54.2 last=61.8 delta=+7.5 reward=58.0 **eval=53.0** tie=0 trialseed=601
