[관계] 항목 8개(훈련 4, 새 4), 반쪽 50 중 활성 15, 항목 간 겹침 2~7(평균 4.7), 새↔훈련 겹침 2~6, 패턴 64개(S 8, D 56)
make: Entering directory '/root/e134_main_run/minimal_circuit_CODE'
make: Leaving directory '/root/e134_main_run/minimal_circuit_CODE'
[KC불러옴] /mnt/c/Users/JungHyun/Desktop/brain/BrainSimulation-rebuild/research/experiments/traces/E134/dev_shift_w75.npz | 일치형 같은 위치 0/400 | 불일치형 같은 위치 0/400
[KC불러옴이동] k=7 | 일치형 0.917 불일치형 0.905 (과제 sd_shift=0)
  시행    1~ 400: 정답률  49.2%
  시행  401~ 800: 정답률  50.5%
=> SDGEN mode=learn seed=75 trialseed=600 train_same=23.9 train_diff=100.0 train_bal=62.0 novel_same=0.0 novel_diff=88.2 novel_bal=44.1 | ties train:0 novel:0 | n_same/diff train 46/54 novel 49/51
=> SDLAB diff=cyclic rule=samediff mode=learn seed=75 trialseed=600 train_accL=23.9 train_accR=100.0 train_lbal=62.0 novel_accL=0.0 novel_accR=88.2 novel_lbal=44.1

=== 평가 (탐색 없음, 학습 없음, 무작위 순서 100시행) : 정답률 53.0% | 동점 0회 ===
   자극 A: 0/47 (0.0%)
   자극 B: 53/53 (100.0%)

=== 학습 후 자극별 출력 (선택 이전의 원 신호) ===
  자극 A → 정답 L | out_L=  12  out_R=  29  차이   -17 | KC 119개
  자극 B → 정답 R | out_L=   9  out_R=  21  차이   -12 | KC 130개

=== 가중치 구조 (A전용 KC 110개, B전용 KC 121개) ===
  A전용 KC → out_L 평균 0.5371 | out_R 평균 0.5443 | 차이 -0.0072 (정답은 out_L) **반대**
  B전용 KC → out_L 평균 0.5201 | out_R 평균 0.5377 | 차이 -0.0176 (정답은 out_R) **정답쪽 우세**

=== 가중치 변화 ===
  kc_out_l: n=7951 |Δ|평균 0.02494 변화율  52.8% | 평균 0.500→0.523 | std 0.0000→0.0318
  kc_out_r: n=8080 |Δ|평균 0.04163 변화율  52.5% | 평균 0.500→0.534 | std 0.0000→0.0539

=== 요약 (mode=learn seed=75) ===
  첫 구간 49.2% → 마지막 구간 50.5% | 변화 +1.2%p | 보상률 49.9%
=> MINCIRC mode=learn seed=75 first=49.2 last=50.5 delta=+1.2 reward=49.9 **eval=53.0** tie=0 trialseed=600
