[관계] 항목 8개(훈련 4, 새 4), 반쪽 50 중 활성 15, 항목 간 겹침 2~7(평균 4.5), 새↔훈련 겹침 2~7, 패턴 64개(S 8, D 56)
make: Entering directory '/root/e134_main_run/minimal_circuit_CODE'
make: Leaving directory '/root/e134_main_run/minimal_circuit_CODE'
[KC불러옴] /mnt/c/Users/JungHyun/Desktop/brain/BrainSimulation-rebuild/research/experiments/traces/E134/dev_shift_w62.npz | 일치형 같은 위치 0/400 | 불일치형 같은 위치 2/400
[KC불러옴이동] k=7 | 일치형 0.880 불일치형 0.880 (과제 sd_shift=0)
  시행    1~ 400: 정답률  57.2%
  시행  401~ 800: 정답률  70.0%
=> SDGEN mode=learn seed=62 trialseed=600 train_same=100.0 train_diff=100.0 train_bal=100.0 novel_same=72.5 novel_diff=73.5 novel_bal=73.0 | ties train:0 novel:0 | n_same/diff train 48/52 novel 51/49
=> SDLAB diff=cyclic rule=samediff mode=learn seed=62 trialseed=600 train_accL=100.0 train_accR=100.0 train_lbal=100.0 novel_accL=72.5 novel_accR=73.5 novel_lbal=73.0

=== 평가 (탐색 없음, 학습 없음, 무작위 순서 100시행) : 정답률 0.0% | 동점 0회 ===
   자극 A: 0/49 (0.0%)
   자극 B: 0/51 (0.0%)

=== 학습 후 자극별 출력 (선택 이전의 원 신호) ===
  자극 A → 정답 L | out_L=  13  out_R=  15  차이    -2 | KC 142개
  자극 B → 정답 R | out_L=  26  out_R=  14  차이   +12 | KC 126개

=== 가중치 구조 (A전용 KC 134개, B전용 KC 118개) ===
  A전용 KC → out_L 평균 0.5593 | out_R 평균 0.5719 | 차이 -0.0126 (정답은 out_L) **반대**
  B전용 KC → out_L 평균 0.5538 | out_R 평균 0.5255 | 차이 +0.0283 (정답은 out_R) **반대**

=== 가중치 변화 ===
  kc_out_l: n=8003 |Δ|평균 0.05830 변화율  66.0% | 평균 0.500→0.552 | std 0.0000→0.0672
  kc_out_r: n=7897 |Δ|평균 0.05567 변화율  66.5% | 평균 0.500→0.548 | std 0.0000→0.0658

=== 요약 (mode=learn seed=62) ===
  첫 구간 57.2% → 마지막 구간 70.0% | 변화 +12.8%p | 보상률 63.6%
=> MINCIRC mode=learn seed=62 first=57.2 last=70.0 delta=+12.8 reward=63.6 **eval=0.0** tie=0 trialseed=600
