[관계] 항목 8개(훈련 4, 새 4), 반쪽 50 중 활성 15, 항목 간 겹침 1~7(평균 4.4), 새↔훈련 겹침 1~7, 패턴 64개(S 8, D 56)
make: Entering directory '/root/e134_main_run/minimal_circuit_CODE'
make: Leaving directory '/root/e134_main_run/minimal_circuit_CODE'
[KC불러옴] /mnt/c/Users/JungHyun/Desktop/brain/BrainSimulation-rebuild/research/experiments/traces/E134/dev_shift_w76.npz | 일치형 같은 위치 0/400 | 불일치형 같은 위치 0/400
[KC불러옴이동] k=7 | 일치형 0.892 불일치형 0.910 (과제 sd_shift=0)
  시행    1~ 400: 정답률  50.5%
  시행  401~ 800: 정답률  52.5%
=> SDGEN mode=learn seed=76 trialseed=600 train_same=100.0 train_diff=0.0 train_bal=50.0 novel_same=100.0 novel_diff=25.0 novel_bal=62.5 | ties train:0 novel:0 | n_same/diff train 49/51 novel 48/52
=> SDLAB diff=cyclic rule=samediff mode=learn seed=76 trialseed=600 train_accL=100.0 train_accR=0.0 train_lbal=50.0 novel_accL=100.0 novel_accR=25.0 novel_lbal=62.5

=== 평가 (탐색 없음, 학습 없음, 무작위 순서 100시행) : 정답률 49.0% | 동점 0회 ===
   자극 A: 49/49 (100.0%)
   자극 B: 0/51 (0.0%)

=== 학습 후 자극별 출력 (선택 이전의 원 신호) ===
  자극 A → 정답 L | out_L=  32  out_R=  31  차이    +1 | KC 100개
  자극 B → 정답 R | out_L=  43  out_R=  13  차이   +30 | KC 122개

=== 가중치 구조 (A전용 KC 86개, B전용 KC 108개) ===
  A전용 KC → out_L 평균 0.5405 | out_R 평균 0.5177 | 차이 +0.0228 (정답은 out_L) **정답쪽 우세**
  B전용 KC → out_L 평균 0.5438 | out_R 평균 0.5163 | 차이 +0.0276 (정답은 out_R) **반대**

=== 가중치 변화 ===
  kc_out_l: n=7917 |Δ|평균 0.04787 변화율  49.2% | 평균 0.500→0.543 | std 0.0000→0.0633
  kc_out_r: n=7873 |Δ|평균 0.01995 변화율  49.8% | 평균 0.500→0.517 | std 0.0000→0.0275

=== 요약 (mode=learn seed=76) ===
  첫 구간 50.5% → 마지막 구간 52.5% | 변화 +2.0%p | 보상률 51.5%
=> MINCIRC mode=learn seed=76 first=50.5 last=52.5 delta=+2.0 reward=51.5 **eval=49.0** tie=0 trialseed=600
