[관계] 항목 8개(훈련 4, 새 4), 반쪽 50 중 활성 15, 항목 간 겹침 1~7(평균 4.5), 새↔훈련 겹침 1~7, 패턴 64개(S 8, D 56)
make: Entering directory '/root/e134_main_run/minimal_circuit_CODE'
make: Leaving directory '/root/e134_main_run/minimal_circuit_CODE'
[KC불러옴] /mnt/c/Users/JungHyun/Desktop/brain/BrainSimulation-rebuild/research/experiments/traces/E134/dev_shift_w67.npz | 일치형 같은 위치 0/400 | 불일치형 같은 위치 0/400
[KC불러옴이동] k=7 | 일치형 0.950 불일치형 0.960 (과제 sd_shift=0)
  시행    1~ 400: 정답률  41.2%
  시행  401~ 800: 정답률  56.8%
=> SDGEN mode=learn seed=67 trialseed=600 train_same=100.0 train_diff=50.0 train_bal=75.0 novel_same=77.8 novel_diff=6.5 novel_bal=42.1 | ties train:0 novel:0 | n_same/diff train 50/50 novel 54/46
=> SDLAB diff=cyclic rule=samediff mode=learn seed=67 trialseed=600 train_accL=100.0 train_accR=50.0 train_lbal=75.0 novel_accL=77.8 novel_accR=6.5 novel_lbal=42.1

=== 평가 (탐색 없음, 학습 없음, 무작위 순서 100시행) : 정답률 100.0% | 동점 0회 ===
   자극 A: 39/39 (100.0%)
   자극 B: 61/61 (100.0%)

=== 학습 후 자극별 출력 (선택 이전의 원 신호) ===
  자극 A → 정답 L | out_L=  41  out_R=  23  차이   +18 | KC 110개
  자극 B → 정답 R | out_L=  13  out_R=  25  차이   -12 | KC 128개

=== 가중치 구조 (A전용 KC 94개, B전용 KC 112개) ===
  A전용 KC → out_L 평균 0.5361 | out_R 평균 0.5241 | 차이 +0.0119 (정답은 out_L) **정답쪽 우세**
  B전용 KC → out_L 평균 0.5580 | out_R 평균 0.5472 | 차이 +0.0108 (정답은 out_R) **반대**

=== 가중치 변화 ===
  kc_out_l: n=7990 |Δ|평균 0.04191 변화율  54.6% | 평균 0.500→0.536 | std 0.0000→0.0554
  kc_out_r: n=8012 |Δ|평균 0.02939 변화율  54.3% | 평균 0.500→0.524 | std 0.0000→0.0432

=== 요약 (mode=learn seed=67) ===
  첫 구간 41.2% → 마지막 구간 56.8% | 변화 +15.5%p | 보상률 49.0%
=> MINCIRC mode=learn seed=67 first=41.2 last=56.8 delta=+15.5 reward=49.0 **eval=100.0** tie=0 trialseed=600
