[관계] 항목 8개(훈련 4, 새 4), 반쪽 50 중 활성 15, 항목 간 겹침 2~7(평균 4.4), 새↔훈련 겹침 2~7, 패턴 64개(S 8, D 56)
make: Entering directory '/root/e134_main_run/minimal_circuit_CODE'
make: Leaving directory '/root/e134_main_run/minimal_circuit_CODE'
[KC불러옴] /mnt/c/Users/JungHyun/Desktop/brain/BrainSimulation-rebuild/research/experiments/traces/E134/dev_shift_w65.npz | 일치형 같은 위치 0/400 | 불일치형 같은 위치 0/400
[KC불러옴이동] k=7 | 일치형 0.940 불일치형 0.938 (과제 sd_shift=0)
  시행    1~ 400: 정답률  52.5%
  시행  401~ 800: 정답률  59.5%
=> SDGEN mode=learn seed=65 trialseed=600 train_same=100.0 train_diff=76.2 train_bal=88.1 novel_same=90.6 novel_diff=78.7 novel_bal=84.6 | ties train:0 novel:15 | n_same/diff train 58/42 novel 53/47
=> SDLAB diff=cyclic rule=samediff mode=learn seed=65 trialseed=600 train_accL=100.0 train_accR=76.2 train_lbal=88.1 novel_accL=90.6 novel_accR=78.7 novel_lbal=84.6

=== 평가 (탐색 없음, 학습 없음, 무작위 순서 100시행) : 정답률 0.0% | 동점 0회 ===
   자극 A: 0/49 (0.0%)
   자극 B: 0/51 (0.0%)

=== 학습 후 자극별 출력 (선택 이전의 원 신호) ===
  자극 A → 정답 L | out_L=  25  out_R=  36  차이   -11 | KC 120개
  자극 B → 정답 R | out_L=  59  out_R=   3  차이   +56 | KC 118개

=== 가중치 구조 (A전용 KC 102개, B전용 KC 100개) ===
  A전용 KC → out_L 평균 0.5401 | out_R 평균 0.5337 | 차이 +0.0064 (정답은 out_L) **정답쪽 우세**
  B전용 KC → out_L 평균 0.5283 | out_R 평균 0.5249 | 차이 +0.0034 (정답은 out_R) **반대**

=== 가중치 변화 ===
  kc_out_l: n=7910 |Δ|평균 0.05399 변화율  63.9% | 평균 0.500→0.548 | std 0.0000→0.0608
  kc_out_r: n=8041 |Δ|평균 0.03656 변화율  63.0% | 평균 0.500→0.530 | std 0.0000→0.0466

=== 요약 (mode=learn seed=65) ===
  첫 구간 52.5% → 마지막 구간 59.5% | 변화 +7.0%p | 보상률 56.0%
=> MINCIRC mode=learn seed=65 first=52.5 last=59.5 delta=+7.0 reward=56.0 **eval=0.0** tie=0 trialseed=600
