[관계] 항목 8개(훈련 4, 새 4), 반쪽 50 중 활성 15, 항목 간 겹침 1~6(평균 4.1), 새↔훈련 겹침 1~6, 패턴 64개(S 8, D 56)
make: Entering directory '/root/e134_main_run/minimal_circuit_CODE'
make: Nothing to be done for 'all'.
make: Leaving directory '/root/e134_main_run/minimal_circuit_CODE'
[KC불러옴] /mnt/c/Users/JungHyun/Desktop/brain/BrainSimulation-rebuild/research/experiments/traces/E134/dev_shift_w71.npz | 일치형 같은 위치 12/400 | 불일치형 같은 위치 5/400
[KC불러옴이동] k=7 | 일치형 0.970 불일치형 0.973 (과제 sd_shift=7)
  시행    1~ 400: 정답률  53.0%
  시행  401~ 800: 정답률  69.8%
=> SDGEN mode=learn seed=71 trialseed=601 train_same=100.0 train_diff=100.0 train_bal=100.0 novel_same=100.0 novel_diff=88.9 novel_bal=94.4 | ties train:0 novel:0 | n_same/diff train 50/50 novel 55/45
=> SDLAB diff=cyclic rule=samediff mode=learn seed=71 trialseed=601 train_accL=100.0 train_accR=100.0 train_lbal=100.0 novel_accL=100.0 novel_accR=88.9 novel_lbal=94.4

=== 평가 (탐색 없음, 학습 없음, 무작위 순서 100시행) : 정답률 48.0% | 동점 0회 ===
   자극 A: 0/52 (0.0%)
   자극 B: 48/48 (100.0%)

=== 학습 후 자극별 출력 (선택 이전의 원 신호) ===
  자극 A → 정답 L | out_L=  33  out_R=  45  차이   -12 | KC 105개
  자극 B → 정답 R | out_L=  14  out_R=  44  차이   -30 | KC 115개

=== 가중치 구조 (A전용 KC 94개, B전용 KC 104개) ===
  A전용 KC → out_L 평균 0.5077 | out_R 평균 0.5728 | 차이 -0.0651 (정답은 out_L) **반대**
  B전용 KC → out_L 평균 0.5226 | out_R 평균 0.5532 | 차이 -0.0306 (정답은 out_R) **정답쪽 우세**

=== 가중치 변화 ===
  kc_out_l: n=7995 |Δ|평균 0.05908 변화율  76.2% | 평균 0.500→0.544 | std 0.0000→0.0795
  kc_out_r: n=8097 |Δ|평균 0.05608 변화율  75.7% | 평균 0.500→0.545 | std 0.0000→0.0632

=== 요약 (mode=learn seed=71) ===
  첫 구간 53.0% → 마지막 구간 69.8% | 변화 +16.8%p | 보상률 61.4%
=> MINCIRC mode=learn seed=71 first=53.0 last=69.8 delta=+16.8 reward=61.4 **eval=48.0** tie=0 trialseed=601
