[관계] 항목 8개(훈련 4, 새 4), 반쪽 50 중 활성 15, 항목 간 겹침 3~11(평균 4.9), 새↔훈련 겹침 4~7, 패턴 64개(S 8, D 56)
make: Entering directory '/root/e134_main_run/minimal_circuit_CODE'
make: Leaving directory '/root/e134_main_run/minimal_circuit_CODE'
[KC불러옴] /mnt/c/Users/JungHyun/Desktop/brain/BrainSimulation-rebuild/research/experiments/traces/E134/dev_shift_w70.npz | 일치형 같은 위치 0/400 | 불일치형 같은 위치 6/400
[KC불러옴이동] k=7 | 일치형 0.920 불일치형 0.880 (과제 sd_shift=0)
  시행    1~ 400: 정답률  49.0%
  시행  401~ 800: 정답률  56.5%
=> SDGEN mode=learn seed=70 trialseed=600 train_same=100.0 train_diff=14.6 train_bal=57.3 novel_same=100.0 novel_diff=7.4 novel_bal=53.7 | ties train:0 novel:0 | n_same/diff train 52/48 novel 46/54
=> SDLAB diff=cyclic rule=samediff mode=learn seed=70 trialseed=600 train_accL=100.0 train_accR=14.6 train_lbal=57.3 novel_accL=100.0 novel_accR=7.4 novel_lbal=53.7

=== 평가 (탐색 없음, 학습 없음, 무작위 순서 100시행) : 정답률 50.0% | 동점 0회 ===
   자극 A: 50/50 (100.0%)
   자극 B: 0/50 (0.0%)

=== 학습 후 자극별 출력 (선택 이전의 원 신호) ===
  자극 A → 정답 L | out_L=  30  out_R=   7  차이   +23 | KC 141개
  자극 B → 정답 R | out_L=  28  out_R=   9  차이   +19 | KC 117개

=== 가중치 구조 (A전용 KC 128개, B전용 KC 104개) ===
  A전용 KC → out_L 평균 0.5637 | out_R 평균 0.5285 | 차이 +0.0352 (정답은 out_L) **정답쪽 우세**
  B전용 KC → out_L 평균 0.5461 | out_R 평균 0.5252 | 차이 +0.0209 (정답은 out_R) **반대**

=== 가중치 변화 ===
  kc_out_l: n=7985 |Δ|평균 0.05700 변화율  57.7% | 평균 0.500→0.552 | std 0.0000→0.0698
  kc_out_r: n=8028 |Δ|평균 0.02312 변화율  56.4% | 평균 0.500→0.519 | std 0.0000→0.0327

=== 요약 (mode=learn seed=70) ===
  첫 구간 49.0% → 마지막 구간 56.5% | 변화 +7.5%p | 보상률 52.8%
=> MINCIRC mode=learn seed=70 first=49.0 last=56.5 delta=+7.5 reward=52.8 **eval=50.0** tie=0 trialseed=600
