[관계] 항목 8개(훈련 4, 새 4), 반쪽 50 중 활성 15, 항목 간 겹침 2~7(평균 4.3), 새↔훈련 겹침 2~7, 패턴 64개(S 8, D 56)
make: Entering directory '/root/e134_main_run/minimal_circuit_CODE'
make: Nothing to be done for 'all'.
make: Leaving directory '/root/e134_main_run/minimal_circuit_CODE'
[KC불러옴] /mnt/c/Users/JungHyun/Desktop/brain/BrainSimulation-rebuild/research/experiments/traces/E134/dev_shift_w66.npz | 일치형 같은 위치 0/400 | 불일치형 같은 위치 0/400
[KC불러옴이동] k=7 | 일치형 0.985 불일치형 0.955 (과제 sd_shift=7)
  시행    1~ 400: 정답률  59.0%
  시행  401~ 800: 정답률  70.5%
=> SDGEN mode=learn seed=66 trialseed=601 train_same=100.0 train_diff=100.0 train_bal=100.0 novel_same=100.0 novel_diff=78.0 novel_bal=89.0 | ties train:0 novel:4 | n_same/diff train 56/44 novel 59/41
=> SDLAB diff=cyclic rule=samediff mode=learn seed=66 trialseed=601 train_accL=100.0 train_accR=100.0 train_lbal=100.0 novel_accL=100.0 novel_accR=78.0 novel_lbal=89.0

=== 평가 (탐색 없음, 학습 없음, 무작위 순서 100시행) : 정답률 0.0% | 동점 0회 ===
   자극 A: 0/56 (0.0%)
   자극 B: 0/44 (0.0%)

=== 학습 후 자극별 출력 (선택 이전의 원 신호) ===
  자극 A → 정답 L | out_L=  31  out_R=  40  차이    -9 | KC 107개
  자극 B → 정답 R | out_L=  14  out_R=  12  차이    +2 | KC 129개

=== 가중치 구조 (A전용 KC 92개, B전용 KC 114개) ===
  A전용 KC → out_L 평균 0.5163 | out_R 평균 0.5596 | 차이 -0.0433 (정답은 out_L) **반대**
  B전용 KC → out_L 평균 0.5656 | out_R 평균 0.5747 | 차이 -0.0091 (정답은 out_R) **정답쪽 우세**

=== 가중치 변화 ===
  kc_out_l: n=8182 |Δ|평균 0.07118 변화율  78.4% | 평균 0.500→0.555 | std 0.0000→0.0903
  kc_out_r: n=7985 |Δ|평균 0.06195 변화율  79.3% | 평균 0.500→0.553 | std 0.0000→0.0670

=== 요약 (mode=learn seed=66) ===
  첫 구간 59.0% → 마지막 구간 70.5% | 변화 +11.5%p | 보상률 64.8%
=> MINCIRC mode=learn seed=66 first=59.0 last=70.5 delta=+11.5 reward=64.8 **eval=0.0** tie=0 trialseed=601
