[관계] 항목 8개(훈련 4, 새 4), 반쪽 50 중 활성 15, 항목 간 겹침 2~7(평균 4.4), 새↔훈련 겹침 2~7, 패턴 64개(S 8, D 56)
make: Entering directory '/root/e134_main_run/minimal_circuit_CODE'
make: Nothing to be done for 'all'.
make: Leaving directory '/root/e134_main_run/minimal_circuit_CODE'
[KC불러옴] /mnt/c/Users/JungHyun/Desktop/brain/BrainSimulation-rebuild/research/experiments/traces/E134/dev_shift_w65.npz | 일치형 같은 위치 0/400 | 불일치형 같은 위치 0/400
[KC불러옴이동] k=7 | 일치형 0.940 불일치형 0.938 (과제 sd_shift=7)
  시행    1~ 400: 정답률  50.5%
  시행  401~ 800: 정답률  60.0%
=> SDGEN mode=learn seed=65 trialseed=601 train_same=100.0 train_diff=100.0 train_bal=100.0 novel_same=100.0 novel_diff=100.0 novel_bal=100.0 | ties train:0 novel:0 | n_same/diff train 58/42 novel 49/51
=> SDLAB diff=cyclic rule=samediff mode=learn seed=65 trialseed=601 train_accL=100.0 train_accR=100.0 train_lbal=100.0 novel_accL=100.0 novel_accR=100.0 novel_lbal=100.0

=== 평가 (탐색 없음, 학습 없음, 무작위 순서 100시행) : 정답률 0.0% | 동점 0회 ===
   자극 A: 0/49 (0.0%)
   자극 B: 0/51 (0.0%)

=== 학습 후 자극별 출력 (선택 이전의 원 신호) ===
  자극 A → 정답 L | out_L=  10  out_R=  49  차이   -39 | KC 120개
  자극 B → 정답 R | out_L=  33  out_R=  30  차이    +3 | KC 118개

=== 가중치 구조 (A전용 KC 102개, B전용 KC 100개) ===
  A전용 KC → out_L 평균 0.4894 | out_R 평균 0.5637 | 차이 -0.0743 (정답은 out_L) **반대**
  B전용 KC → out_L 평균 0.5045 | out_R 평균 0.5523 | 차이 -0.0478 (정답은 out_R) **정답쪽 우세**

=== 가중치 변화 ===
  kc_out_l: n=7910 |Δ|평균 0.07154 변화율  83.2% | 평균 0.500→0.546 | std 0.0000→0.0849
  kc_out_r: n=8041 |Δ|평균 0.04126 변화율  82.9% | 평균 0.500→0.535 | std 0.0000→0.0472

=== 요약 (mode=learn seed=65) ===
  첫 구간 50.5% → 마지막 구간 60.0% | 변화 +9.5%p | 보상률 55.2%
=> MINCIRC mode=learn seed=65 first=50.5 last=60.0 delta=+9.5 reward=55.2 **eval=0.0** tie=0 trialseed=601
