[관계] 항목 8개(훈련 4, 새 4), 반쪽 50 중 활성 15, 항목 간 겹침 3~8(평균 5.1), 새↔훈련 겹침 3~8, 패턴 64개(S 8, D 56)
make: Entering directory '/root/e134_main_run/minimal_circuit_CODE'
make: Leaving directory '/root/e134_main_run/minimal_circuit_CODE'
[KC불러옴] /mnt/c/Users/JungHyun/Desktop/brain/BrainSimulation-rebuild/research/experiments/traces/E134/dev_shift_w72.npz | 일치형 같은 위치 9/400 | 불일치형 같은 위치 1/400
[KC불러옴이동] k=7 | 일치형 0.902 불일치형 0.912 (과제 sd_shift=0)
  시행    1~ 400: 정답률  58.0%
  시행  401~ 800: 정답률  59.2%
=> SDGEN mode=learn seed=72 trialseed=600 train_same=48.0 train_diff=100.0 train_bal=74.0 novel_same=0.0 novel_diff=88.7 novel_bal=44.4 | ties train:0 novel:0 | n_same/diff train 50/50 novel 38/62
=> SDLAB diff=cyclic rule=samediff mode=learn seed=72 trialseed=600 train_accL=48.0 train_accR=100.0 train_lbal=74.0 novel_accL=0.0 novel_accR=88.7 novel_lbal=44.4

=== 평가 (탐색 없음, 학습 없음, 무작위 순서 100시행) : 정답률 0.0% | 동점 0회 ===
   자극 A: 0/58 (0.0%)
   자극 B: 0/42 (0.0%)

=== 학습 후 자극별 출력 (선택 이전의 원 신호) ===
  자극 A → 정답 L | out_L=  30  out_R=  36  차이    -6 | KC 124개
  자극 B → 정답 R | out_L=  48  out_R=  45  차이    +3 | KC 113개

=== 가중치 구조 (A전용 KC 124개, B전용 KC 113개) ===
  A전용 KC → out_L 평균 0.5326 | out_R 평균 0.5469 | 차이 -0.0143 (정답은 out_L) **반대**
  B전용 KC → out_L 평균 0.5413 | out_R 평균 0.5398 | 차이 +0.0015 (정답은 out_R) **반대**

=== 가중치 변화 ===
  kc_out_l: n=8058 |Δ|평균 0.03843 변화율  62.8% | 평균 0.500→0.535 | std 0.0000→0.0488
  kc_out_r: n=8086 |Δ|평균 0.05504 변화율  62.9% | 평균 0.500→0.546 | std 0.0000→0.0657

=== 요약 (mode=learn seed=72) ===
  첫 구간 58.0% → 마지막 구간 59.2% | 변화 +1.3%p | 보상률 58.6%
=> MINCIRC mode=learn seed=72 first=58.0 last=59.2 delta=+1.3 reward=58.6 **eval=0.0** tie=0 trialseed=600
