[관계] 항목 8개(훈련 4, 새 4), 반쪽 50 중 활성 15, 항목 간 겹침 2~7(평균 4.3), 새↔훈련 겹침 2~7, 패턴 64개(S 8, D 56)
make: Entering directory '/root/e134_main_run/minimal_circuit_CODE'
make: Leaving directory '/root/e134_main_run/minimal_circuit_CODE'
[KC불러옴] /mnt/c/Users/JungHyun/Desktop/brain/BrainSimulation-rebuild/research/experiments/traces/E134/dev_shift_w66.npz | 일치형 같은 위치 0/400 | 불일치형 같은 위치 0/400
[KC불러옴이동] k=7 | 일치형 0.985 불일치형 0.955 (과제 sd_shift=0)
  시행    1~ 400: 정답률  54.0%
  시행  401~ 800: 정답률  58.2%
=> SDGEN mode=learn seed=66 trialseed=600 train_same=100.0 train_diff=34.1 train_bal=67.0 novel_same=100.0 novel_diff=6.7 novel_bal=53.3 | ties train:0 novel:0 | n_same/diff train 56/44 novel 55/45
=> SDLAB diff=cyclic rule=samediff mode=learn seed=66 trialseed=600 train_accL=100.0 train_accR=34.1 train_lbal=67.0 novel_accL=100.0 novel_accR=6.7 novel_lbal=53.3

=== 평가 (탐색 없음, 학습 없음, 무작위 순서 100시행) : 정답률 0.0% | 동점 0회 ===
   자극 A: 0/56 (0.0%)
   자극 B: 0/44 (0.0%)

=== 학습 후 자극별 출력 (선택 이전의 원 신호) ===
  자극 A → 정답 L | out_L=  36  out_R=  40  차이    -4 | KC 107개
  자극 B → 정답 R | out_L=  44  out_R=   5  차이   +39 | KC 129개

=== 가중치 구조 (A전용 KC 92개, B전용 KC 114개) ===
  A전용 KC → out_L 평균 0.5646 | out_R 평균 0.5319 | 차이 +0.0328 (정답은 out_L) **정답쪽 우세**
  B전용 KC → out_L 평균 0.5855 | out_R 평균 0.5247 | 차이 +0.0608 (정답은 out_R) **반대**

=== 가중치 변화 ===
  kc_out_l: n=8182 |Δ|평균 0.05862 변화율  61.4% | 평균 0.500→0.552 | std 0.0000→0.0675
  kc_out_r: n=7985 |Δ|평균 0.03070 변화율  60.5% | 평균 0.500→0.528 | std 0.0000→0.0388

=== 요약 (mode=learn seed=66) ===
  첫 구간 54.0% → 마지막 구간 58.2% | 변화 +4.2%p | 보상률 56.1%
=> MINCIRC mode=learn seed=66 first=54.0 last=58.2 delta=+4.2 reward=56.1 **eval=0.0** tie=0 trialseed=600
