[관계] 항목 8개(훈련 4, 새 4), 반쪽 50 중 활성 15, 항목 간 겹침 2~8(평균 4.8), 새↔훈련 겹침 3~8, 패턴 64개(S 8, D 56)
make: Entering directory '/root/e134_main_run/minimal_circuit_CODE'
make: Leaving directory '/root/e134_main_run/minimal_circuit_CODE'
[KC불러옴] /mnt/c/Users/JungHyun/Desktop/brain/BrainSimulation-rebuild/research/experiments/traces/E134/dev_shift_w63.npz | 일치형 같은 위치 0/400 | 불일치형 같은 위치 0/400
[KC불러옴이동] k=7 | 일치형 0.963 불일치형 0.965 (과제 sd_shift=0)
  시행    1~ 400: 정답률  55.5%
  시행  401~ 800: 정답률  59.8%
=> SDGEN mode=learn seed=63 trialseed=600 train_same=36.7 train_diff=100.0 train_bal=68.4 novel_same=80.9 novel_diff=47.2 novel_bal=64.0 | ties train:0 novel:0 | n_same/diff train 49/51 novel 47/53
=> SDLAB diff=cyclic rule=samediff mode=learn seed=63 trialseed=600 train_accL=36.7 train_accR=100.0 train_lbal=68.4 novel_accL=80.9 novel_accR=47.2 novel_lbal=64.0

=== 평가 (탐색 없음, 학습 없음, 무작위 순서 100시행) : 정답률 0.0% | 동점 0회 ===
   자극 A: 0/47 (0.0%)
   자극 B: 0/53 (0.0%)

=== 학습 후 자극별 출력 (선택 이전의 원 신호) ===
  자극 A → 정답 L | out_L=  27  out_R=  28  차이    -1 | KC 124개
  자극 B → 정답 R | out_L=  36  out_R=  26  차이   +10 | KC 112개

=== 가중치 구조 (A전용 KC 107개, B전용 KC 95개) ===
  A전용 KC → out_L 평균 0.5462 | out_R 평균 0.5647 | 차이 -0.0186 (정답은 out_L) **반대**
  B전용 KC → out_L 평균 0.5518 | out_R 평균 0.5380 | 차이 +0.0137 (정답은 out_R) **반대**

=== 가중치 변화 ===
  kc_out_l: n=8000 |Δ|평균 0.04165 변화율  59.5% | 평균 0.500→0.538 | std 0.0000→0.0536
  kc_out_r: n=7974 |Δ|평균 0.04676 변화율  59.7% | 평균 0.500→0.540 | std 0.0000→0.0600

=== 요약 (mode=learn seed=63) ===
  첫 구간 55.5% → 마지막 구간 59.8% | 변화 +4.2%p | 보상률 57.6%
=> MINCIRC mode=learn seed=63 first=55.5 last=59.8 delta=+4.2 reward=57.6 **eval=0.0** tie=0 trialseed=600
