[관계] 항목 8개(훈련 4, 새 4), 반쪽 50 중 활성 15, 항목 간 겹침 3~8(평균 5.1), 새↔훈련 겹침 3~8, 패턴 64개(S 8, D 56)
make: Entering directory '/root/e134_main_run/minimal_circuit_CODE'
make: Nothing to be done for 'all'.
make: Leaving directory '/root/e134_main_run/minimal_circuit_CODE'
[KC불러옴] /mnt/c/Users/JungHyun/Desktop/brain/BrainSimulation-rebuild/research/experiments/traces/E134/dev_shift_w72.npz | 일치형 같은 위치 9/400 | 불일치형 같은 위치 1/400
[KC불러옴이동] k=7 | 일치형 0.902 불일치형 0.912 (과제 sd_shift=7)
  시행    1~ 400: 정답률  57.2%
  시행  401~ 800: 정답률  68.2%
=> SDGEN mode=learn seed=72 trialseed=600 train_same=100.0 train_diff=100.0 train_bal=100.0 novel_same=100.0 novel_diff=100.0 novel_bal=100.0 | ties train:0 novel:0 | n_same/diff train 50/50 novel 38/62
=> SDLAB diff=cyclic rule=samediff mode=learn seed=72 trialseed=600 train_accL=100.0 train_accR=100.0 train_lbal=100.0 novel_accL=100.0 novel_accR=100.0 novel_lbal=100.0

=== 평가 (탐색 없음, 학습 없음, 무작위 순서 100시행) : 정답률 77.0% | 동점 42회 ===
   자극 A: 58/58 (100.0%)
   자극 B: 19/42 (45.2%)

=== 학습 후 자극별 출력 (선택 이전의 원 신호) ===
  자극 A → 정답 L | out_L=  42  out_R=  29  차이   +13 | KC 124개
  자극 B → 정답 R | out_L=  45  out_R=  45  차이    +0 | KC 113개

=== 가중치 구조 (A전용 KC 124개, B전용 KC 113개) ===
  A전용 KC → out_L 평균 0.5292 | out_R 평균 0.5334 | 차이 -0.0042 (정답은 out_L) **반대**
  B전용 KC → out_L 평균 0.5117 | out_R 평균 0.5344 | 차이 -0.0227 (정답은 out_R) **정답쪽 우세**

=== 가중치 변화 ===
  kc_out_l: n=8058 |Δ|평균 0.05697 변화율  71.6% | 평균 0.500→0.545 | std 0.0000→0.0800
  kc_out_r: n=8086 |Δ|평균 0.05352 변화율  70.5% | 평균 0.500→0.546 | std 0.0000→0.0639

=== 요약 (mode=learn seed=72) ===
  첫 구간 57.2% → 마지막 구간 68.2% | 변화 +11.0%p | 보상률 62.7%
=> MINCIRC mode=learn seed=72 first=57.2 last=68.2 delta=+11.0 reward=62.7 **eval=77.0** tie=42 trialseed=600
