[관계] 항목 8개(훈련 4, 새 4), 반쪽 50 중 활성 15, 항목 간 겹침 3~11(평균 4.9), 새↔훈련 겹침 4~7, 패턴 64개(S 8, D 56)
make: Entering directory '/root/e134_main_run/minimal_circuit_CODE'
make: Nothing to be done for 'all'.
make: Leaving directory '/root/e134_main_run/minimal_circuit_CODE'
[KC불러옴] /mnt/c/Users/JungHyun/Desktop/brain/BrainSimulation-rebuild/research/experiments/traces/E134/dev_shift_w70.npz | 일치형 같은 위치 0/400 | 불일치형 같은 위치 6/400
[KC불러옴이동] k=7 | 일치형 0.920 불일치형 0.880 (과제 sd_shift=7)
  시행    1~ 400: 정답률  50.0%
  시행  401~ 800: 정답률  61.8%
=> SDGEN mode=learn seed=70 trialseed=601 train_same=100.0 train_diff=33.3 train_bal=66.7 novel_same=100.0 novel_diff=77.8 novel_bal=88.9 | ties train:0 novel:0 | n_same/diff train 52/48 novel 46/54
=> SDLAB diff=cyclic rule=samediff mode=learn seed=70 trialseed=601 train_accL=100.0 train_accR=33.3 train_lbal=66.7 novel_accL=100.0 novel_accR=77.8 novel_lbal=88.9

=== 평가 (탐색 없음, 학습 없음, 무작위 순서 100시행) : 정답률 50.0% | 동점 0회 ===
   자극 A: 50/50 (100.0%)
   자극 B: 0/50 (0.0%)

=== 학습 후 자극별 출력 (선택 이전의 원 신호) ===
  자극 A → 정답 L | out_L=  15  out_R=  12  차이    +3 | KC 141개
  자극 B → 정답 R | out_L=  26  out_R=  15  차이   +11 | KC 117개

=== 가중치 구조 (A전용 KC 128개, B전용 KC 104개) ===
  A전용 KC → out_L 평균 0.5347 | out_R 평균 0.5535 | 차이 -0.0187 (정답은 out_L) **반대**
  B전용 KC → out_L 평균 0.5465 | out_R 평균 0.5375 | 차이 +0.0090 (정답은 out_R) **반대**

=== 가중치 변화 ===
  kc_out_l: n=7985 |Δ|평균 0.06178 변화율  70.8% | 평균 0.500→0.542 | std 0.0000→0.0838
  kc_out_r: n=8028 |Δ|평균 0.04346 변화율  70.2% | 평균 0.500→0.535 | std 0.0000→0.0559

=== 요약 (mode=learn seed=70) ===
  첫 구간 50.0% → 마지막 구간 61.8% | 변화 +11.8%p | 보상률 55.9%
=> MINCIRC mode=learn seed=70 first=50.0 last=61.8 delta=+11.8 reward=55.9 **eval=50.0** tie=0 trialseed=601
