[관계] 항목 8개(훈련 4, 새 4), 반쪽 50 중 활성 15, 항목 간 겹침 2~7(평균 4.7), 새↔훈련 겹침 2~6, 패턴 64개(S 8, D 56)
make: Entering directory '/root/e134_main_run/minimal_circuit_CODE'
make: Nothing to be done for 'all'.
make: Leaving directory '/root/e134_main_run/minimal_circuit_CODE'
[KC불러옴] /mnt/c/Users/JungHyun/Desktop/brain/BrainSimulation-rebuild/research/experiments/traces/E134/dev_shift_w75.npz | 일치형 같은 위치 0/400 | 불일치형 같은 위치 0/400
[KC불러옴이동] k=7 | 일치형 0.917 불일치형 0.905 (과제 sd_shift=7)
  시행    1~ 400: 정답률  55.5%
  시행  401~ 800: 정답률  66.5%
=> SDGEN mode=learn seed=75 trialseed=600 train_same=100.0 train_diff=79.6 train_bal=89.8 novel_same=100.0 novel_diff=72.5 novel_bal=86.3 | ties train:0 novel:0 | n_same/diff train 46/54 novel 49/51
=> SDLAB diff=cyclic rule=samediff mode=learn seed=75 trialseed=600 train_accL=100.0 train_accR=79.6 train_lbal=89.8 novel_accL=100.0 novel_accR=72.5 novel_lbal=86.3

=== 평가 (탐색 없음, 학습 없음, 무작위 순서 100시행) : 정답률 53.0% | 동점 0회 ===
   자극 A: 0/47 (0.0%)
   자극 B: 53/53 (100.0%)

=== 학습 후 자극별 출력 (선택 이전의 원 신호) ===
  자극 A → 정답 L | out_L=  12  out_R=  38  차이   -26 | KC 119개
  자극 B → 정답 R | out_L=   9  out_R=  17  차이    -8 | KC 130개

=== 가중치 구조 (A전용 KC 110개, B전용 KC 121개) ===
  A전용 KC → out_L 평균 0.5146 | out_R 평균 0.5590 | 차이 -0.0444 (정답은 out_L) **반대**
  B전용 KC → out_L 평균 0.5443 | out_R 평균 0.5516 | 차이 -0.0073 (정답은 out_R) **정답쪽 우세**

=== 가중치 변화 ===
  kc_out_l: n=7951 |Δ|평균 0.06589 변화율  70.9% | 평균 0.500→0.552 | std 0.0000→0.0928
  kc_out_r: n=8080 |Δ|평균 0.04841 변화율  70.1% | 평균 0.500→0.542 | std 0.0000→0.0571

=== 요약 (mode=learn seed=75) ===
  첫 구간 55.5% → 마지막 구간 66.5% | 변화 +11.0%p | 보상률 61.0%
=> MINCIRC mode=learn seed=75 first=55.5 last=66.5 delta=+11.0 reward=61.0 **eval=53.0** tie=0 trialseed=600
