[관계] 항목 8개(훈련 4, 새 4), 반쪽 50 중 활성 15, 항목 간 겹침 2~8(평균 4.3), 새↔훈련 겹침 2~8, 패턴 64개(S 8, D 56)
make: Entering directory '/root/e134_main_run/minimal_circuit_CODE'
make: Nothing to be done for 'all'.
make: Leaving directory '/root/e134_main_run/minimal_circuit_CODE'
[KC불러옴] /mnt/c/Users/JungHyun/Desktop/brain/BrainSimulation-rebuild/research/experiments/traces/E134/dev_shift_w73.npz | 일치형 같은 위치 0/400 | 불일치형 같은 위치 0/400
[KC불러옴이동] k=7 | 일치형 0.935 불일치형 0.970 (과제 sd_shift=0)
  시행    1~ 400: 정답률  50.5%
  시행  401~ 800: 정답률  49.8%
=> SDGEN mode=learn seed=73 trialseed=601 train_same=100.0 train_diff=32.7 train_bal=66.3 novel_same=100.0 novel_diff=11.9 novel_bal=55.9 | ties train:0 novel:0 | n_same/diff train 48/52 novel 41/59
=> SDLAB diff=cyclic rule=samediff mode=learn seed=73 trialseed=601 train_accL=100.0 train_accR=32.7 train_lbal=66.3 novel_accL=100.0 novel_accR=11.9 novel_lbal=55.9

=== 평가 (탐색 없음, 학습 없음, 무작위 순서 100시행) : 정답률 100.0% | 동점 0회 ===
   자극 A: 50/50 (100.0%)
   자극 B: 50/50 (100.0%)

=== 학습 후 자극별 출력 (선택 이전의 원 신호) ===
  자극 A → 정답 L | out_L=  43  out_R=  41  차이    +2 | KC 111개
  자극 B → 정답 R | out_L=  11  out_R=  12  차이    -1 | KC 132개

=== 가중치 구조 (A전용 KC 90개, B전용 KC 111개) ===
  A전용 KC → out_L 평균 0.5226 | out_R 평균 0.5234 | 차이 -0.0008 (정답은 out_L) **반대**
  B전용 KC → out_L 평균 0.5302 | out_R 평균 0.5404 | 차이 -0.0102 (정답은 out_R) **정답쪽 우세**

=== 가중치 변화 ===
  kc_out_l: n=8032 |Δ|평균 0.05095 변화율  62.6% | 평균 0.500→0.542 | std 0.0000→0.0613
  kc_out_r: n=7989 |Δ|평균 0.02980 변화율  62.3% | 평균 0.500→0.526 | std 0.0000→0.0367

=== 요약 (mode=learn seed=73) ===
  첫 구간 50.5% → 마지막 구간 49.8% | 변화 -0.8%p | 보상률 50.1%
=> MINCIRC mode=learn seed=73 first=50.5 last=49.8 delta=-0.8 reward=50.1 **eval=100.0** tie=0 trialseed=601
