[관계] 항목 8개(훈련 4, 새 4), 반쪽 50 중 활성 15, 항목 간 겹침 2~7(평균 4.7), 새↔훈련 겹침 2~6, 패턴 64개(S 8, D 56)
make: Entering directory '/root/e134_main_run/minimal_circuit_CODE'
make: Nothing to be done for 'all'.
make: Leaving directory '/root/e134_main_run/minimal_circuit_CODE'
[KC불러옴] /mnt/c/Users/JungHyun/Desktop/brain/BrainSimulation-rebuild/research/experiments/traces/E134/dev_shift_w75.npz | 일치형 같은 위치 0/400 | 불일치형 같은 위치 0/400
[KC불러옴이동] k=7 | 일치형 0.917 불일치형 0.905 (과제 sd_shift=0)
  시행    1~ 400: 정답률  42.2%
  시행  401~ 800: 정답률  55.0%
=> SDGEN mode=learn seed=75 trialseed=601 train_same=23.9 train_diff=100.0 train_bal=62.0 novel_same=0.0 novel_diff=98.0 novel_bal=49.0 | ties train:0 novel:3 | n_same/diff train 46/54 novel 50/50
=> SDLAB diff=cyclic rule=samediff mode=learn seed=75 trialseed=601 train_accL=23.9 train_accR=100.0 train_lbal=62.0 novel_accL=0.0 novel_accR=98.0 novel_lbal=49.0

=== 평가 (탐색 없음, 학습 없음, 무작위 순서 100시행) : 정답률 53.0% | 동점 0회 ===
   자극 A: 0/47 (0.0%)
   자극 B: 53/53 (100.0%)

=== 학습 후 자극별 출력 (선택 이전의 원 신호) ===
  자극 A → 정답 L | out_L=  13  out_R=  29  차이   -16 | KC 119개
  자극 B → 정답 R | out_L=   8  out_R=  22  차이   -14 | KC 130개

=== 가중치 구조 (A전용 KC 110개, B전용 KC 121개) ===
  A전용 KC → out_L 평균 0.5379 | out_R 평균 0.5450 | 차이 -0.0071 (정답은 out_L) **반대**
  B전용 KC → out_L 평균 0.5137 | out_R 평균 0.5382 | 차이 -0.0245 (정답은 out_R) **정답쪽 우세**

=== 가중치 변화 ===
  kc_out_l: n=7951 |Δ|평균 0.02266 변화율  52.8% | 평균 0.500→0.519 | std 0.0000→0.0328
  kc_out_r: n=8080 |Δ|평균 0.04159 변화율  52.5% | 평균 0.500→0.535 | std 0.0000→0.0535

=== 요약 (mode=learn seed=75) ===
  첫 구간 42.2% → 마지막 구간 55.0% | 변화 +12.8%p | 보상률 48.6%
=> MINCIRC mode=learn seed=75 first=42.2 last=55.0 delta=+12.8 reward=48.6 **eval=53.0** tie=0 trialseed=601
