[관계] 항목 8개(훈련 4, 새 4), 반쪽 50 중 활성 15, 항목 간 겹침 2~8(평균 5.1), 새↔훈련 겹침 2~8, 패턴 64개(S 8, D 56)
make: Entering directory '/root/e134_main_run/minimal_circuit_CODE'
make: Nothing to be done for 'all'.
make: Leaving directory '/root/e134_main_run/minimal_circuit_CODE'
[KC불러옴] /mnt/c/Users/JungHyun/Desktop/brain/BrainSimulation-rebuild/research/experiments/traces/E134/dev_shift_w74.npz | 일치형 같은 위치 3/400 | 불일치형 같은 위치 3/400
[KC불러옴이동] k=7 | 일치형 0.925 불일치형 0.925 (과제 sd_shift=7)
  시행    1~ 400: 정답률  52.0%
  시행  401~ 800: 정답률  65.8%
=> SDGEN mode=learn seed=74 trialseed=600 train_same=100.0 train_diff=100.0 train_bal=100.0 novel_same=100.0 novel_diff=80.4 novel_bal=90.2 | ties train:0 novel:0 | n_same/diff train 44/56 novel 54/46
=> SDLAB diff=cyclic rule=samediff mode=learn seed=74 trialseed=600 train_accL=100.0 train_accR=100.0 train_lbal=100.0 novel_accL=100.0 novel_accR=80.4 novel_lbal=90.2

=== 평가 (탐색 없음, 학습 없음, 무작위 순서 100시행) : 정답률 55.0% | 동점 0회 ===
   자극 A: 0/45 (0.0%)
   자극 B: 55/55 (100.0%)

=== 학습 후 자극별 출력 (선택 이전의 원 신호) ===
  자극 A → 정답 L | out_L=   8  out_R=  29  차이   -21 | KC 120개
  자극 B → 정답 R | out_L=  31  out_R=  46  차이   -15 | KC 109개

=== 가중치 구조 (A전용 KC 113개, B전용 KC 102개) ===
  A전용 KC → out_L 평균 0.5354 | out_R 평균 0.5854 | 차이 -0.0500 (정답은 out_L) **반대**
  B전용 KC → out_L 평균 0.5047 | out_R 평균 0.5692 | 차이 -0.0645 (정답은 out_R) **정답쪽 우세**

=== 가중치 변화 ===
  kc_out_l: n=7990 |Δ|평균 0.04450 변화율  69.6% | 평균 0.500→0.537 | std 0.0000→0.0638
  kc_out_r: n=8129 |Δ|평균 0.05881 변화율  69.8% | 평균 0.500→0.546 | std 0.0000→0.0683

=== 요약 (mode=learn seed=74) ===
  첫 구간 52.0% → 마지막 구간 65.8% | 변화 +13.8%p | 보상률 58.9%
=> MINCIRC mode=learn seed=74 first=52.0 last=65.8 delta=+13.8 reward=58.9 **eval=55.0** tie=0 trialseed=600
