[관계] 항목 8개(훈련 4, 새 4), 반쪽 50 중 활성 15, 항목 간 겹침 3~11(평균 4.9), 새↔훈련 겹침 4~7, 패턴 64개(S 8, D 56)
make: Entering directory '/root/e134_main_run/minimal_circuit_CODE'
make: Nothing to be done for 'all'.
make: Leaving directory '/root/e134_main_run/minimal_circuit_CODE'
[KC불러옴] /mnt/c/Users/JungHyun/Desktop/brain/BrainSimulation-rebuild/research/experiments/traces/E134/dev_shift_w70.npz | 일치형 같은 위치 0/400 | 불일치형 같은 위치 6/400
[KC불러옴이동] k=7 | 일치형 0.920 불일치형 0.880 (과제 sd_shift=7)
  시행    1~ 400: 정답률  48.8%
  시행  401~ 800: 정답률  62.5%
=> SDGEN mode=learn seed=70 trialseed=600 train_same=100.0 train_diff=66.7 train_bal=83.3 novel_same=100.0 novel_diff=77.8 novel_bal=88.9 | ties train:0 novel:0 | n_same/diff train 52/48 novel 46/54
=> SDLAB diff=cyclic rule=samediff mode=learn seed=70 trialseed=600 train_accL=100.0 train_accR=66.7 train_lbal=83.3 novel_accL=100.0 novel_accR=77.8 novel_lbal=88.9

=== 평가 (탐색 없음, 학습 없음, 무작위 순서 100시행) : 정답률 50.0% | 동점 0회 ===
   자극 A: 50/50 (100.0%)
   자극 B: 0/50 (0.0%)

=== 학습 후 자극별 출력 (선택 이전의 원 신호) ===
  자극 A → 정답 L | out_L=  16  out_R=  11  차이    +5 | KC 141개
  자극 B → 정답 R | out_L=  26  out_R=  16  차이   +10 | KC 117개

=== 가중치 구조 (A전용 KC 128개, B전용 KC 104개) ===
  A전용 KC → out_L 평균 0.5379 | out_R 평균 0.5457 | 차이 -0.0078 (정답은 out_L) **반대**
  B전용 KC → out_L 평균 0.5478 | out_R 평균 0.5380 | 차이 +0.0098 (정답은 out_R) **반대**

=== 가중치 변화 ===
  kc_out_l: n=7985 |Δ|평균 0.06418 변화율  70.8% | 평균 0.500→0.545 | std 0.0000→0.0882
  kc_out_r: n=8028 |Δ|평균 0.04044 변화율  70.2% | 평균 0.500→0.531 | std 0.0000→0.0480

=== 요약 (mode=learn seed=70) ===
  첫 구간 48.8% → 마지막 구간 62.5% | 변화 +13.8%p | 보상률 55.6%
=> MINCIRC mode=learn seed=70 first=48.8 last=62.5 delta=+13.8 reward=55.6 **eval=50.0** tie=0 trialseed=600
