[관계] 항목 8개(훈련 4, 새 4), 반쪽 50 중 활성 15, 항목 간 겹침 1~7(평균 4.4), 새↔훈련 겹침 1~7, 패턴 64개(S 8, D 56)
make: Entering directory '/root/e134_main_run/minimal_circuit_CODE'
make: Nothing to be done for 'all'.
make: Leaving directory '/root/e134_main_run/minimal_circuit_CODE'
[KC불러옴] /mnt/c/Users/JungHyun/Desktop/brain/BrainSimulation-rebuild/research/experiments/traces/E134/dev_shift_w76.npz | 일치형 같은 위치 0/400 | 불일치형 같은 위치 0/400
[KC불러옴이동] k=7 | 일치형 0.892 불일치형 0.910 (과제 sd_shift=0)
  시행    1~ 400: 정답률  48.2%
  시행  401~ 800: 정답률  55.8%
=> SDGEN mode=learn seed=76 trialseed=601 train_same=100.0 train_diff=27.5 train_bal=63.7 novel_same=100.0 novel_diff=36.5 novel_bal=68.3 | ties train:0 novel:0 | n_same/diff train 49/51 novel 48/52
=> SDLAB diff=cyclic rule=samediff mode=learn seed=76 trialseed=601 train_accL=100.0 train_accR=27.5 train_lbal=63.7 novel_accL=100.0 novel_accR=36.5 novel_lbal=68.3

=== 평가 (탐색 없음, 학습 없음, 무작위 순서 100시행) : 정답률 49.0% | 동점 0회 ===
   자극 A: 49/49 (100.0%)
   자극 B: 0/51 (0.0%)

=== 학습 후 자극별 출력 (선택 이전의 원 신호) ===
  자극 A → 정답 L | out_L=  32  out_R=  31  차이    +1 | KC 100개
  자극 B → 정답 R | out_L=  42  out_R=  23  차이   +19 | KC 122개

=== 가중치 구조 (A전용 KC 86개, B전용 KC 108개) ===
  A전용 KC → out_L 평균 0.5346 | out_R 평균 0.5221 | 차이 +0.0126 (정답은 out_L) **정답쪽 우세**
  B전용 KC → out_L 평균 0.5417 | out_R 평균 0.5238 | 차이 +0.0179 (정답은 out_R) **반대**

=== 가중치 변화 ===
  kc_out_l: n=7917 |Δ|평균 0.04254 변화율  49.2% | 평균 0.500→0.538 | std 0.0000→0.0566
  kc_out_r: n=7873 |Δ|평균 0.02650 변화율  49.8% | 평균 0.500→0.524 | std 0.0000→0.0415

=== 요약 (mode=learn seed=76) ===
  첫 구간 48.2% → 마지막 구간 55.8% | 변화 +7.5%p | 보상률 52.0%
=> MINCIRC mode=learn seed=76 first=48.2 last=55.8 delta=+7.5 reward=52.0 **eval=49.0** tie=0 trialseed=601
