[관계] 항목 8개(훈련 4, 새 4), 반쪽 50 중 활성 15, 항목 간 겹침 2~8(평균 4.8), 새↔훈련 겹침 3~8, 패턴 64개(S 8, D 56)
make: Entering directory '/root/e134_main_run/minimal_circuit_CODE'
make: Nothing to be done for 'all'.
make: Leaving directory '/root/e134_main_run/minimal_circuit_CODE'
[KC불러옴] /mnt/c/Users/JungHyun/Desktop/brain/BrainSimulation-rebuild/research/experiments/traces/E134/dev_shift_w63.npz | 일치형 같은 위치 0/400 | 불일치형 같은 위치 0/400
[KC불러옴이동] k=7 | 일치형 0.963 불일치형 0.965 (과제 sd_shift=7)
  시행    1~ 400: 정답률  56.0%
  시행  401~ 800: 정답률  66.0%
=> SDGEN mode=learn seed=63 trialseed=600 train_same=100.0 train_diff=76.5 train_bal=88.2 novel_same=100.0 novel_diff=100.0 novel_bal=100.0 | ties train:0 novel:0 | n_same/diff train 49/51 novel 47/53
=> SDLAB diff=cyclic rule=samediff mode=learn seed=63 trialseed=600 train_accL=100.0 train_accR=76.5 train_lbal=88.2 novel_accL=100.0 novel_accR=100.0 novel_lbal=100.0

=== 평가 (탐색 없음, 학습 없음, 무작위 순서 100시행) : 정답률 53.0% | 동점 0회 ===
   자극 A: 0/47 (0.0%)
   자극 B: 53/53 (100.0%)

=== 학습 후 자극별 출력 (선택 이전의 원 신호) ===
  자극 A → 정답 L | out_L=  33  out_R=  40  차이    -7 | KC 124개
  자극 B → 정답 R | out_L=  29  out_R=  39  차이   -10 | KC 112개

=== 가중치 구조 (A전용 KC 107개, B전용 KC 95개) ===
  A전용 KC → out_L 평균 0.5279 | out_R 평균 0.5521 | 차이 -0.0241 (정답은 out_L) **반대**
  B전용 KC → out_L 평균 0.5347 | out_R 평균 0.5794 | 차이 -0.0447 (정답은 out_R) **정답쪽 우세**

=== 가중치 변화 ===
  kc_out_l: n=8000 |Δ|평균 0.06358 변화율  74.3% | 평균 0.500→0.548 | std 0.0000→0.0876
  kc_out_r: n=7974 |Δ|평균 0.04922 변화율  74.2% | 평균 0.500→0.540 | std 0.0000→0.0565

=== 요약 (mode=learn seed=63) ===
  첫 구간 56.0% → 마지막 구간 66.0% | 변화 +10.0%p | 보상률 61.0%
=> MINCIRC mode=learn seed=63 first=56.0 last=66.0 delta=+10.0 reward=61.0 **eval=53.0** tie=0 trialseed=600
