[관계] 항목 8개(훈련 4, 새 4), 반쪽 50 중 활성 15, 항목 간 겹침 2~7(평균 4.5), 새↔훈련 겹침 2~7, 패턴 64개(S 8, D 56)
make: Entering directory '/root/e134_main_run/minimal_circuit_CODE'
make: Nothing to be done for 'all'.
make: Leaving directory '/root/e134_main_run/minimal_circuit_CODE'
[KC불러옴] /mnt/c/Users/JungHyun/Desktop/brain/BrainSimulation-rebuild/research/experiments/traces/E134/dev_shift_w62.npz | 일치형 같은 위치 0/400 | 불일치형 같은 위치 2/400
[KC불러옴이동] k=7 | 일치형 0.880 불일치형 0.880 (과제 sd_shift=7)
  시행    1~ 400: 정답률  49.2%
  시행  401~ 800: 정답률  69.2%
=> SDGEN mode=learn seed=62 trialseed=601 train_same=100.0 train_diff=100.0 train_bal=100.0 novel_same=100.0 novel_diff=80.9 novel_bal=90.4 | ties train:0 novel:9 | n_same/diff train 48/52 novel 53/47
=> SDLAB diff=cyclic rule=samediff mode=learn seed=62 trialseed=601 train_accL=100.0 train_accR=100.0 train_lbal=100.0 novel_accL=100.0 novel_accR=80.9 novel_lbal=90.4

=== 평가 (탐색 없음, 학습 없음, 무작위 순서 100시행) : 정답률 51.0% | 동점 0회 ===
   자극 A: 0/49 (0.0%)
   자극 B: 51/51 (100.0%)

=== 학습 후 자극별 출력 (선택 이전의 원 신호) ===
  자극 A → 정답 L | out_L=   9  out_R=  21  차이   -12 | KC 142개
  자극 B → 정답 R | out_L=  17  out_R=  37  차이   -20 | KC 126개

=== 가중치 구조 (A전용 KC 134개, B전용 KC 118개) ===
  A전용 KC → out_L 평균 0.5200 | out_R 평균 0.5635 | 차이 -0.0435 (정답은 out_L) **반대**
  B전용 KC → out_L 평균 0.5392 | out_R 평균 0.5644 | 차이 -0.0252 (정답은 out_R) **정답쪽 우세**

=== 가중치 변화 ===
  kc_out_l: n=8003 |Δ|평균 0.05652 변화율  76.1% | 평균 0.500→0.542 | std 0.0000→0.0730
  kc_out_r: n=7897 |Δ|평균 0.06143 변화율  76.6% | 평균 0.500→0.547 | std 0.0000→0.0722

=== 요약 (mode=learn seed=62) ===
  첫 구간 49.2% → 마지막 구간 69.2% | 변화 +20.0%p | 보상률 59.2%
=> MINCIRC mode=learn seed=62 first=49.2 last=69.2 delta=+20.0 reward=59.2 **eval=51.0** tie=0 trialseed=601
