[관계] 항목 8개(훈련 4, 새 4), 반쪽 50 중 활성 15, 항목 간 겹침 2~8(평균 4.7), 새↔훈련 겹침 2~7, 패턴 64개(S 8, D 56)
make: Entering directory '/root/e134_main_run/minimal_circuit_CODE'
make: Nothing to be done for 'all'.
make: Leaving directory '/root/e134_main_run/minimal_circuit_CODE'
[KC불러옴] /mnt/c/Users/JungHyun/Desktop/brain/BrainSimulation-rebuild/research/experiments/traces/E134/dev_shift_w77.npz | 일치형 같은 위치 0/400 | 불일치형 같은 위치 0/400
[KC불러옴이동] k=7 | 일치형 0.912 불일치형 0.938 (과제 sd_shift=0)
  시행    1~ 400: 정답률  46.8%
  시행  401~ 800: 정답률  53.8%
=> SDGEN mode=learn seed=77 trialseed=600 train_same=100.0 train_diff=0.0 train_bal=50.0 novel_same=100.0 novel_diff=0.0 novel_bal=50.0 | ties train:0 novel:0 | n_same/diff train 47/53 novel 51/49
=> SDLAB diff=cyclic rule=samediff mode=learn seed=77 trialseed=600 train_accL=100.0 train_accR=0.0 train_lbal=50.0 novel_accL=100.0 novel_accR=0.0 novel_lbal=50.0

=== 평가 (탐색 없음, 학습 없음, 무작위 순서 100시행) : 정답률 54.0% | 동점 0회 ===
   자극 A: 54/54 (100.0%)
   자극 B: 0/46 (0.0%)

=== 학습 후 자극별 출력 (선택 이전의 원 신호) ===
  자극 A → 정답 L | out_L=  42  out_R=  21  차이   +21 | KC 125개
  자극 B → 정답 R | out_L=  28  out_R=  16  차이   +12 | KC 131개

=== 가중치 구조 (A전용 KC 111개, B전용 KC 117개) ===
  A전용 KC → out_L 평균 0.5393 | out_R 평균 0.5187 | 차이 +0.0206 (정답은 out_L) **정답쪽 우세**
  B전용 KC → out_L 평균 0.5587 | out_R 평균 0.5148 | 차이 +0.0439 (정답은 out_R) **반대**

=== 가중치 변화 ===
  kc_out_l: n=8069 |Δ|평균 0.05115 변화율  58.5% | 평균 0.500→0.543 | std 0.0000→0.0628
  kc_out_r: n=8075 |Δ|평균 0.02398 변화율  57.4% | 평균 0.500→0.520 | std 0.0000→0.0320

=== 요약 (mode=learn seed=77) ===
  첫 구간 46.8% → 마지막 구간 53.8% | 변화 +7.0%p | 보상률 50.2%
=> MINCIRC mode=learn seed=77 first=46.8 last=53.8 delta=+7.0 reward=50.2 **eval=54.0** tie=0 trialseed=600
