[관계] 항목 8개(훈련 4, 새 4), 반쪽 50 중 활성 15, 항목 간 겹침 2~8(평균 5.1), 새↔훈련 겹침 2~8, 패턴 64개(S 8, D 56)
make: Entering directory '/root/e134_main_run/minimal_circuit_CODE'
make: Leaving directory '/root/e134_main_run/minimal_circuit_CODE'
[KC불러옴] /mnt/c/Users/JungHyun/Desktop/brain/BrainSimulation-rebuild/research/experiments/traces/E134/dev_shift_w74.npz | 일치형 같은 위치 3/400 | 불일치형 같은 위치 3/400
[KC불러옴이동] k=7 | 일치형 0.925 불일치형 0.925 (과제 sd_shift=0)
  시행    1~ 400: 정답률  47.2%
  시행  401~ 800: 정답률  51.5%
=> SDGEN mode=learn seed=74 trialseed=600 train_same=72.7 train_diff=76.8 train_bal=74.8 novel_same=21.6 novel_diff=67.3 novel_bal=44.5 | ties train:0 novel:5 | n_same/diff train 44/56 novel 51/49
=> SDLAB diff=cyclic rule=samediff mode=learn seed=74 trialseed=600 train_accL=72.7 train_accR=76.8 train_lbal=74.8 novel_accL=21.6 novel_accR=67.3 novel_lbal=44.5

=== 평가 (탐색 없음, 학습 없음, 무작위 순서 100시행) : 정답률 0.0% | 동점 0회 ===
   자극 A: 0/45 (0.0%)
   자극 B: 0/55 (0.0%)

=== 학습 후 자극별 출력 (선택 이전의 원 신호) ===
  자극 A → 정답 L | out_L=  22  out_R=  23  차이    -1 | KC 120개
  자극 B → 정답 R | out_L=  44  out_R=  28  차이   +16 | KC 109개

=== 가중치 구조 (A전용 KC 113개, B전용 KC 102개) ===
  A전용 KC → out_L 평균 0.5300 | out_R 평균 0.5479 | 차이 -0.0179 (정답은 out_L) **반대**
  B전용 KC → out_L 평균 0.5452 | out_R 평균 0.5222 | 차이 +0.0231 (정답은 out_R) **반대**

=== 가중치 변화 ===
  kc_out_l: n=7990 |Δ|평균 0.03373 변화율  56.5% | 평균 0.500→0.528 | std 0.0000→0.0452
  kc_out_r: n=8129 |Δ|평균 0.04005 변화율  56.7% | 평균 0.500→0.530 | std 0.0000→0.0552

=== 요약 (mode=learn seed=74) ===
  첫 구간 47.2% → 마지막 구간 51.5% | 변화 +4.2%p | 보상률 49.4%
=> MINCIRC mode=learn seed=74 first=47.2 last=51.5 delta=+4.2 reward=49.4 **eval=0.0** tie=0 trialseed=600
