L2 달성                  기대 L2 달성(H065)              → L2 달성(H065) — 1,500시행 사후 ✓
L2 경계 m=−0.02 4/5      기대 L2 달성(H065)              → L2 달성(H065) — 1,500시행 사후 ✓
L2 경계 밖 m=−0.0199      기대 반사를 거스름(H065-partial)    → 반사를 거스름(H065-partial) —  ✓
부분                     기대 반사를 거스름(H065-partial)    → 반사를 거스름(H065-partial) —  ✓
부분 경계 e=−0.10          기대 반사를 거스름(H065-partial)    → 반사를 거스름(H065-partial) —  ✓
부분 4/5 → 보류            기대 보류                       → 보류 ✓
효과 없음                  기대 효과 없음(H065-null)         → 효과 없음(H065-null) — 동결해도  ✓
보류(혼재)                 기대 보류                       → 보류 ✓
M1 동결 실패               기대 보류(조작검증 실패)              → 보류(조작검증 실패) ✓
M1b 되돌림 실패             기대 보류(조작검증 실패)              → 보류(조작검증 실패) ✓
M2 출발점 다름              기대 보류(조작검증 실패)              → 보류(조작검증 실패) ✓
M3 시행 수 틀림             기대 보류(조작검증 실패)              → 보류(조작검증 실패) ✓
M4 반사 변함               기대 보류(조작검증 실패)              → 보류(조작검증 실패) ✓
필요성: 동결 필요             기대 동결이 L2 에 필요              → 동결이 L2 에 필요(이 학습량에서) — 무동결 1 ✓
필요성: 불필요               기대 학습량만으로도 L2               → 학습량만으로도 L2 — 동결 불필요(무동결 m ≤  ✓
필요성: 미결                기대 필요성 미결                   → 필요성 미결 ✓
필요성: NF 검사 실패          기대 필요성 미결(NF1500 조작검증 실패)   → 필요성 미결(NF1500 조작검증 실패) ✓
필요성: L2 아님             기대 해당 없음                    → 해당 없음(L2 아님) ✓
결측(추적)                 기대 결측 → ✓
결측(반사 줄 없음)            기대 결측 → ✓
stats                  기대 n 1500·잔차 0·살아있음 1·블록 15(첫 350) → n 1500 res 0.0e+00 alive 1.00 블록 15(첫 350) ✓
stats 되돌림 실패           기대 0.5 → 0.50 ✓
줄 파싱                   기대 두 팔 파싱·반사 줄(참/거짓/없음) → ✓
전체: 통과
