뇌  팔      [사전]  [사후]    e     보상 | 잔차 합·비편차최대 | 흔적살아있음
b10 F500    +4148   +1416  -2732  149 | 1.4e-08 3.2e-07 | 1.000
b11 F500    +4195   +1370  -2825  140 | 1.4e-08 2.5e-07 | 1.000
b12 F500    +3954   +1154  -2800  140 | 1.4e-08 3.2e-06 | 1.000
b13 F500    +3773   +1088  -2685  140 | 1.4e-08 6.0e-07 | 1.000
b14 F500    +4248   +1560  -2688  140 | 1.4e-08 9.0e-07 | 1.000
b10 F1500   +4148   +1026  -3122  596 | 1.4e-08 5.2e-07 | 1.000
b11 F1500   +4195   +1141  -3054  436 | 1.4e-08 4.6e-06 | 1.000
b12 F1500   +3954    +953  -3001  437 | 1.4e-08 3.2e-06 | 1.000
b13 F1500   +3773    +833  -2940  462 | 1.4e-08 8.8e-07 | 1.000
b14 F1500   +4248   +1266  -2982  436 | 1.4e-08 9.0e-07 | 1.000
b10 NF1500  +4148   +3533   -615  436 | 3.2e+00 2.0e+03 | 1.000
b11 NF1500  +4195   +3586   -609  436 | 3.4e+00 8.1e+03 | 1.000
b12 NF1500  +3954   +3450   -504  436 | 3.4e+00 5.2e+03 | 1.000
b13 NF1500  +3773   +3296   -477  436 | 3.5e+00 4.4e+03 | 1.000
b14 NF1500  +4248   +3538   -710  436 | 3.2e+00 3.3e+03 | 1.000
F500   동결 5/5 되돌림 5/5 출발점 5/5 추적 5/5 반사 5/5 보상일치 5/5 → 통과
F1500  동결 5/5 되돌림 5/5 출발점 5/5 추적 5/5 반사 5/5 보상일치 5/5 → 통과
NF1500 동결 5/5 출발점 5/5 추적 5/5 반사 5/5 보상일치 5/5 → 통과
F1500 m ≤ −0.02 0/5 | F500 e ≤ −0.10 5/5 | F500 |e| < 0.03 0/5
독립 판정: 반사를 거스름(H065-partial)
독립 필요성: 해당 없음(L2 아님)
