[R0_5000] 뇌 15 반사 0 · 반대쪽 −5000 · 보상 창 동결 · 100시행
[학습] 1ep 완료, 보상 41회 (탐색 주입 66회, ε=0.60)
=> KCTRACE3 도파민전 |Σ|/|Σ시행| 0.00e+00 | B/A -1.757 C/P -1.647 | 보상시행 e_da 같은쪽/교차 -1.626 e_end 같은쪽/교차 -1.626 | 보상창 motor 발화율 평균 보상(좌 1.0373
[R25_5000] 뇌 15 반사 25 · 반대쪽 −5000 · 보상 창 동결 · 100시행
[학습] 1ep 완료, 보상 27회 (탐색 주입 66회, ε=0.60)
=> KCTRACE3 도파민전 |Σ|/|Σ시행| 0.00e+00 | B/A 0.241 C/P -2.090 | 보상시행 e_da 같은쪽/교차 +0.191 e_end 같은쪽/교차 +0.191 | 보상창 motor 발화율 평균 보상(좌 1.0620 
[R25_10000] 뇌 15 반사 25 · 반대쪽 −10000 · 보상 창 동결 · 100시행
[학습] 1ep 완료, 보상 27회 (탐색 주입 66회, ε=0.60)
=> KCTRACE3 도파민전 |Σ|/|Σ시행| 0.00e+00 | B/A -2.655 C/P -3.447 | 보상시행 e_da 같은쪽/교차 -2.157 e_end 같은쪽/교차 -2.157 | 보상창 motor 발화율 평균 보상(좌 0.8790
[R25_20000] 뇌 15 반사 25 · 반대쪽 −20000 · 보상 창 동결 · 100시행
[학습] 1ep 완료, 보상 27회 (탐색 주입 66회, ε=0.60)
=> KCTRACE3 도파민전 |Σ|/|Σ시행| 0.00e+00 | B/A -2.620 C/P -3.447 | 보상시행 e_da 같은쪽/교차 -2.133 e_end 같은쪽/교차 -2.133 | 보상창 motor 발화율 평균 보상(좌 0.7051
[R25_40000] 뇌 15 반사 25 · 반대쪽 −40000 · 보상 창 동결 · 100시행
[학습] 1ep 완료, 보상 27회 (탐색 주입 66회, ε=0.60)
=> KCTRACE3 도파민전 |Σ|/|Σ시행| 0.00e+00 | B/A -2.624 C/P -3.470 | 보상시행 e_da 같은쪽/교차 -2.134 e_end 같은쪽/교차 -2.134 | 보상창 motor 발화율 평균 보상(좌 0.7051
[요약] 열 35(실행)·36(반대) 시행 평균, 보상 시행 흔적 합(교차·같은쪽)
  R0_5000    열 37 시행 100 | 실행 2.0000 반대 0.0472 | 보상 시행(41) 흔적 교차 +3.033e+05 같은쪽 -4.931e+05
  R25_5000   열 37 시행 100 | 실행 2.0000 반대 0.2106 | 보상 시행(27) 흔적 교차 +3.663e+05 같은쪽 +6.986e+04
  R25_10000  열 37 시행 100 | 실행 2.0000 반대 0.0000 | 보상 시행(27) 흔적 교차 +1.731e+05 같은쪽 -3.733e+05
  R25_20000  열 37 시행 100 | 실행 2.0000 반대 0.0000 | 보상 시행(27) 흔적 교차 +1.745e+05 같은쪽 -3.722e+05
  R25_40000  열 37 시행 100 | 실행 2.0000 반대 0.0000 | 보상 시행(27) 흔적 교차 +1.741e+05 같은쪽 -3.715e+05
  기준 R0 = 0.0472, 문턱 0.0572 → 선택값 10000
[E144 보정] 종료
