L2                     기대 L2 달성(H067)                    → L2 달성(H067) — 행동 창 반대쪽을 침묵시키면  ✓
부분                     기대 반대쪽 발화가 정체 원인(H067-partial)    → 반대쪽 발화가 정체 원인(H067-partial) —  ✓
부분 경계 d=−0.03          기대 반대쪽 발화가 정체 원인(H067-partial)    → 반대쪽 발화가 정체 원인(H067-partial) —  ✓
무관                     기대 무관(H067-null)                  → 무관(H067-null) — |d| < 0.03(≥4/ ✓
반대                     기대 반대(H067-rev)                   → 반대(H067-rev) — 침묵이 거스름을 줄임(d ≥ ✓
보류                     기대 보류                             → 보류 ✓
M5 경계 = R0+0.01 통과     기대 반대쪽 발화가 정체 원인(H067-partial)    → 반대쪽 발화가 정체 원인(H067-partial) —  ✓
M5 실패                  기대 보류(조작검증 실패)                    → 보류(조작검증 실패) ✓
M5 열 없음(nan)           기대 보류(조작검증 실패)                    → 보류(조작검증 실패) ✓
M6 실패                  기대 보류(조작검증 실패)                    → 보류(조작검증 실패) ✓
M1 실패                  기대 보류(조작검증 실패)                    → 보류(조작검증 실패) ✓
M1b 실패                 기대 보류(조작검증 실패)                    → 보류(조작검증 실패) ✓
M2 실패                  기대 보류(조작검증 실패)                    → 보류(조작검증 실패) ✓
M3 실패                  기대 보류(조작검증 실패)                    → 보류(조작검증 실패) ✓
M4 실패                  기대 보류(조작검증 실패)                    → 보류(조작검증 실패) ✓
결측                     기대 결측 → ✓
R0 없음                  기대 R0 없음 → ✓
stats                  기대 실행 2.5·반대 0.004·같은쪽 −60000·교차 +75000 → 2.500 0.004 -60000 +75000 ✓
stats 옛 35열            기대 nan → nan ✓
줄·R0 파싱                기대 e144 줄·R0 0.03 → ✓
전체: 통과
