[관계] 항목 8개(훈련 4, 새 4), 반쪽 50 중 활성 15, 항목 간 겹침 2~8(평균 4.6), 새↔훈련 겹침 2~8, 패턴 64개(S 8, D 56)
make: Entering directory '/root/e124_main_run/minimal_circuit_CODE'
make: Leaving directory '/root/e124_main_run/minimal_circuit_CODE'
  시행    1~ 400: 정답률  41.2%
  시행  401~ 800: 정답률  40.5%
=> SDGEN mode=frozen seed=14 trialseed=600 train_same=13.0 train_diff=46.3 train_bal=29.7 novel_same=40.4 novel_diff=47.9 novel_bal=44.2 | ties train:25 novel:0 | n_same/diff train 46/54 novel 52/48

=== 평가 (탐색 없음, 학습 없음, 무작위 순서 100시행) : 정답률 57.0% | 동점 0회 ===
   자극 A: 57/57 (100.0%)
   자극 B: 0/43 (0.0%)

=== 학습 후 자극별 출력 (선택 이전의 원 신호) ===
  자극 A → 정답 L | out_L=  23  out_R=  21  차이    +2 | KC 85개
  자극 B → 정답 R | out_L=  29  out_R=  25  차이    +4 | KC 93개

=== 가중치 구조 (A전용 KC 62개, B전용 KC 70개) ===
  A전용 KC → out_L 평균 0.5000 | out_R 평균 0.5000 | 차이 +0.0000 (정답은 out_L) **반대**
  B전용 KC → out_L 평균 0.5000 | out_R 평균 0.5000 | 차이 +0.0000 (정답은 out_R) **정답쪽 우세**

=== 가중치 변화 ===
  kc_out_l: n=7975 |Δ|평균 0.00000 변화율   0.0% | 평균 0.500→0.500 | std 0.0000→0.0000
  kc_out_r: n=8075 |Δ|평균 0.00000 변화율   0.0% | 평균 0.500→0.500 | std 0.0000→0.0000

=== 요약 (mode=frozen seed=14) ===
  첫 구간 41.2% → 마지막 구간 40.5% | 변화 -0.8%p | 보상률 0.0%
=> MINCIRC mode=frozen seed=14 first=41.2 last=40.5 delta=-0.8 reward=0.0 **eval=57.0** tie=0 trialseed=600
