[관계] 항목 8개(훈련 4, 새 4), 반쪽 50 중 활성 15, 항목 간 겹침 1~7(평균 4.5), 새↔훈련 겹침 1~7, 패턴 64개(S 8, D 56)
make: Entering directory '/root/e124_main_run/minimal_circuit_CODE'
make: Leaving directory '/root/e124_main_run/minimal_circuit_CODE'
  시행    1~ 400: 정답률  48.0%
  시행  401~ 800: 정답률  49.2%
=> SDGEN mode=learn seed=11 trialseed=600 train_same=0.0 train_diff=100.0 train_bal=50.0 novel_same=0.0 novel_diff=100.0 novel_bal=50.0 | ties train:0 novel:0 | n_same/diff train 59/41 novel 52/48

=== 평가 (탐색 없음, 학습 없음, 무작위 순서 100시행) : 정답률 48.0% | 동점 0회 ===
   자극 A: 0/52 (0.0%)
   자극 B: 48/48 (100.0%)

=== 학습 후 자극별 출력 (선택 이전의 원 신호) ===
  자극 A → 정답 L | out_L=   9  out_R=  33  차이   -24 | KC 96개
  자극 B → 정답 R | out_L=  12  out_R=  46  차이   -34 | KC 93개

=== 가중치 구조 (A전용 KC 68개, B전용 KC 65개) ===
  A전용 KC → out_L 평균 0.5338 | out_R 평균 0.5704 | 차이 -0.0366 (정답은 out_L) **반대**
  B전용 KC → out_L 평균 0.5286 | out_R 평균 0.5688 | 차이 -0.0402 (정답은 out_R) **정답쪽 우세**

=== 가중치 변화 ===
  kc_out_l: n=7949 |Δ|평균 0.01488 변화율  35.9% | 평균 0.500→0.514 | std 0.0000→0.0269
  kc_out_r: n=8076 |Δ|평균 0.03047 변화율  37.3% | 평균 0.500→0.529 | std 0.0000→0.0508

=== 요약 (mode=learn seed=11) ===
  첫 구간 48.0% → 마지막 구간 49.2% | 변화 +1.2%p | 보상률 48.6%
=> MINCIRC mode=learn seed=11 first=48.0 last=49.2 delta=+1.2 reward=48.6 **eval=48.0** tie=0 trialseed=600
