[관계] 항목 8개(훈련 4, 새 4), 반쪽 50 중 활성 15, 항목 간 겹침 2~7(평균 4.5), 새↔훈련 겹침 2~7, 패턴 64개(S 8, D 56)
make: Entering directory '/root/e124_main_run/minimal_circuit_CODE'
make: Leaving directory '/root/e124_main_run/minimal_circuit_CODE'
  시행    1~ 400: 정답률  45.2%
  시행  401~ 800: 정답률  54.2%
=> SDGEN mode=learn seed=12 trialseed=600 train_same=100.0 train_diff=0.0 train_bal=50.0 novel_same=73.2 novel_diff=0.0 novel_bal=36.6 | ties train:0 novel:0 | n_same/diff train 41/59 novel 56/44

=== 평가 (탐색 없음, 학습 없음, 무작위 순서 100시행) : 정답률 41.0% | 동점 0회 ===
   자극 A: 41/41 (100.0%)
   자극 B: 0/59 (0.0%)

=== 학습 후 자극별 출력 (선택 이전의 원 신호) ===
  자극 A → 정답 L | out_L=  34  out_R=   4  차이   +30 | KC 101개
  자극 B → 정답 R | out_L=  25  out_R=  16  차이    +9 | KC 90개

=== 가중치 구조 (A전용 KC 78개, B전용 KC 67개) ===
  A전용 KC → out_L 평균 0.5811 | out_R 평균 0.5405 | 차이 +0.0406 (정답은 out_L) **정답쪽 우세**
  B전용 KC → out_L 평균 0.5517 | out_R 평균 0.5438 | 차이 +0.0078 (정답은 out_R) **반대**

=== 가중치 변화 ===
  kc_out_l: n=8125 |Δ|평균 0.03283 변화율  37.4% | 평균 0.500→0.530 | std 0.0000→0.0566
  kc_out_r: n=8003 |Δ|평균 0.01864 변화율  36.7% | 평균 0.500→0.518 | std 0.0000→0.0309

=== 요약 (mode=learn seed=12) ===
  첫 구간 45.2% → 마지막 구간 54.2% | 변화 +9.0%p | 보상률 49.8%
=> MINCIRC mode=learn seed=12 first=45.2 last=54.2 delta=+9.0 reward=49.8 **eval=41.0** tie=0 trialseed=600
