[관계] 항목 8개(훈련 4, 새 4), 반쪽 50 중 활성 15, 항목 간 겹침 1~8(평균 5.0), 새↔훈련 겹침 1~7, 패턴 64개(S 8, D 56)
make: Entering directory '/root/e124_main_run/minimal_circuit_CODE'
make: Nothing to be done for 'all'.
make: Leaving directory '/root/e124_main_run/minimal_circuit_CODE'
  시행    1~ 400: 정답률  40.8%
  시행  401~ 800: 정답률  47.0%
=> SDGEN mode=learn seed=17 trialseed=601 train_same=100.0 train_diff=6.2 train_bal=53.1 novel_same=91.1 novel_diff=13.6 novel_bal=52.4 | ties train:0 novel:17 | n_same/diff train 52/48 novel 56/44

=== 평가 (탐색 없음, 학습 없음, 무작위 순서 100시행) : 정답률 55.0% | 동점 0회 ===
   자극 A: 55/55 (100.0%)
   자극 B: 0/45 (0.0%)

=== 학습 후 자극별 출력 (선택 이전의 원 신호) ===
  자극 A → 정답 L | out_L=  34  out_R=  16  차이   +18 | KC 102개
  자극 B → 정답 R | out_L=  22  out_R=   5  차이   +17 | KC 107개

=== 가중치 구조 (A전용 KC 83개, B전용 KC 88개) ===
  A전용 KC → out_L 평균 0.5545 | out_R 평균 0.5292 | 차이 +0.0253 (정답은 out_L) **정답쪽 우세**
  B전용 KC → out_L 평균 0.5501 | out_R 평균 0.5274 | 차이 +0.0227 (정답은 out_R) **반대**

=== 가중치 변화 ===
  kc_out_l: n=8046 |Δ|평균 0.02921 변화율  39.1% | 평균 0.500→0.526 | std 0.0000→0.0501
  kc_out_r: n=8067 |Δ|평균 0.01431 변화율  38.8% | 평균 0.500→0.514 | std 0.0000→0.0237

=== 요약 (mode=learn seed=17) ===
  첫 구간 40.8% → 마지막 구간 47.0% | 변화 +6.2%p | 보상률 43.9%
=> MINCIRC mode=learn seed=17 first=40.8 last=47.0 delta=+6.2 reward=43.9 **eval=55.0** tie=0 trialseed=601
