[관계] 항목 8개(훈련 4, 새 4), 반쪽 50 중 활성 15, 항목 간 겹침 2~8(평균 4.7), 새↔훈련 겹침 3~8, 패턴 64개(S 8, D 56)
make: Entering directory '/root/e124_main_run/minimal_circuit_CODE'
make: Nothing to be done for 'all'.
make: Leaving directory '/root/e124_main_run/minimal_circuit_CODE'
  시행    1~ 400: 정답률  48.0%
  시행  401~ 800: 정답률  50.0%
=> SDGEN mode=learn seed=16 trialseed=601 train_same=20.4 train_diff=82.6 train_bal=51.5 novel_same=36.0 novel_diff=40.0 novel_bal=38.0 | ties train:0 novel:0 | n_same/diff train 54/46 novel 50/50

=== 평가 (탐색 없음, 학습 없음, 무작위 순서 100시행) : 정답률 53.0% | 동점 0회 ===
   자극 A: 53/53 (100.0%)
   자극 B: 0/47 (0.0%)

=== 학습 후 자극별 출력 (선택 이전의 원 신호) ===
  자극 A → 정답 L | out_L=  20  out_R=   6  차이   +14 | KC 98개
  자극 B → 정답 R | out_L=  11  out_R=  10  차이    +1 | KC 104개

=== 가중치 구조 (A전용 KC 76개, B전용 KC 82개) ===
  A전용 KC → out_L 평균 0.5476 | out_R 평균 0.5682 | 차이 -0.0206 (정답은 out_L) **반대**
  B전용 KC → out_L 평균 0.5321 | out_R 평균 0.5626 | 차이 -0.0305 (정답은 out_R) **정답쪽 우세**

=== 가중치 변화 ===
  kc_out_l: n=7958 |Δ|평균 0.02214 변화율  40.8% | 평균 0.500→0.520 | std 0.0000→0.0384
  kc_out_r: n=7861 |Δ|평균 0.03007 변화율  40.8% | 평균 0.500→0.530 | std 0.0000→0.0459

=== 요약 (mode=learn seed=16) ===
  첫 구간 48.0% → 마지막 구간 50.0% | 변화 +2.0%p | 보상률 49.0%
=> MINCIRC mode=learn seed=16 first=48.0 last=50.0 delta=+2.0 reward=49.0 **eval=53.0** tie=0 trialseed=601
