[관계] 항목 8개(훈련 4, 새 4), 반쪽 50 중 활성 15, 항목 간 겹침 2~7(평균 4.1), 새↔훈련 겹침 2~6, 패턴 64개(S 8, D 56)
make: Entering directory '/root/e124_main_run/minimal_circuit_CODE'
make: Leaving directory '/root/e124_main_run/minimal_circuit_CODE'
  시행    1~ 400: 정답률  50.7%
  시행  401~ 800: 정답률  50.2%
=> SDGEN mode=learn seed=15 trialseed=600 train_same=79.0 train_diff=10.5 train_bal=44.8 novel_same=38.0 novel_diff=14.0 novel_bal=26.0 | ties train:29 novel:0 | n_same/diff train 62/38 novel 50/50

=== 평가 (탐색 없음, 학습 없음, 무작위 순서 100시행) : 정답률 100.0% | 동점 0회 ===
   자극 A: 46/46 (100.0%)
   자극 B: 54/54 (100.0%)

=== 학습 후 자극별 출력 (선택 이전의 원 신호) ===
  자극 A → 정답 L | out_L=  32  out_R=  30  차이    +2 | KC 85개
  자극 B → 정답 R | out_L=  22  out_R=  26  차이    -4 | KC 102개

=== 가중치 구조 (A전용 KC 63개, B전용 KC 80개) ===
  A전용 KC → out_L 평균 0.5731 | out_R 평균 0.5505 | 차이 +0.0227 (정답은 out_L) **정답쪽 우세**
  B전용 KC → out_L 평균 0.5606 | out_R 평균 0.5446 | 차이 +0.0160 (정답은 out_R) **반대**

=== 가중치 변화 ===
  kc_out_l: n=7878 |Δ|평균 0.03341 변화율  41.0% | 평균 0.500→0.530 | std 0.0000→0.0551
  kc_out_r: n=8077 |Δ|평균 0.02086 변화율  41.4% | 평균 0.500→0.520 | std 0.0000→0.0334

=== 요약 (mode=learn seed=15) ===
  첫 구간 50.7% → 마지막 구간 50.2% | 변화 -0.5%p | 보상률 50.5%
=> MINCIRC mode=learn seed=15 first=50.7 last=50.2 delta=-0.5 reward=50.5 **eval=100.0** tie=0 trialseed=600
