[관계] 항목 8개(훈련 4, 새 4), 반쪽 50 중 활성 15, 항목 간 겹침 2~8(평균 4.4), 새↔훈련 겹침 2~7, 패턴 64개(S 8, D 56)
make: Entering directory '/root/e124_main_run/minimal_circuit_CODE'
make: Leaving directory '/root/e124_main_run/minimal_circuit_CODE'
  시행    1~ 400: 정답률  51.2%
  시행  401~ 800: 정답률  50.5%
=> SDGEN mode=learn seed=13 trialseed=600 train_same=52.6 train_diff=60.5 train_bal=56.5 novel_same=69.8 novel_diff=25.5 novel_bal=47.7 | ties train:5 novel:0 | n_same/diff train 57/43 novel 53/47

=== 평가 (탐색 없음, 학습 없음, 무작위 순서 100시행) : 정답률 100.0% | 동점 0회 ===
   자극 A: 52/52 (100.0%)
   자극 B: 48/48 (100.0%)

=== 학습 후 자극별 출력 (선택 이전의 원 신호) ===
  자극 A → 정답 L | out_L=  19  out_R=  16  차이    +3 | KC 84개
  자극 B → 정답 R | out_L=  31  out_R=  38  차이    -7 | KC 95개

=== 가중치 구조 (A전용 KC 69개, B전용 KC 80개) ===
  A전용 KC → out_L 평균 0.5684 | out_R 평균 0.5599 | 차이 +0.0085 (정답은 out_L) **정답쪽 우세**
  B전용 KC → out_L 평균 0.5493 | out_R 평균 0.5526 | 차이 -0.0033 (정답은 out_R) **정답쪽 우세**

=== 가중치 변화 ===
  kc_out_l: n=8075 |Δ|평균 0.02694 변화율  40.6% | 평균 0.500→0.525 | std 0.0000→0.0468
  kc_out_r: n=8006 |Δ|평균 0.02704 변화율  40.8% | 평균 0.500→0.526 | std 0.0000→0.0428

=== 요약 (mode=learn seed=13) ===
  첫 구간 51.2% → 마지막 구간 50.5% | 변화 -0.7%p | 보상률 50.9%
=> MINCIRC mode=learn seed=13 first=51.2 last=50.5 delta=-0.7 reward=50.9 **eval=100.0** tie=0 trialseed=600
