[관계] 항목 8개(훈련 4, 새 4), 반쪽 50 중 활성 15, 항목 간 겹침 2~7(평균 4.1), 새↔훈련 겹침 2~6, 패턴 64개(S 8, D 56)
make: Entering directory '/root/e124_main_run/minimal_circuit_CODE'
make: Nothing to be done for 'all'.
make: Leaving directory '/root/e124_main_run/minimal_circuit_CODE'
  시행    1~ 400: 정답률  46.5%
  시행  401~ 800: 정답률  47.8%
=> SDGEN mode=learn seed=15 trialseed=601 train_same=62.1 train_diff=40.5 train_bal=51.3 novel_same=15.4 novel_diff=22.9 novel_bal=19.2 | ties train:3 novel:0 | n_same/diff train 58/42 novel 52/48

=== 평가 (탐색 없음, 학습 없음, 무작위 순서 100시행) : 정답률 79.0% | 동점 46회 ===
   자극 A: 25/46 (54.3%)
   자극 B: 54/54 (100.0%)

=== 학습 후 자극별 출력 (선택 이전의 원 신호) ===
  자극 A → 정답 L | out_L=  31  out_R=  31  차이    +0 | KC 85개
  자극 B → 정답 R | out_L=  21  out_R=  32  차이   -11 | KC 102개

=== 가중치 구조 (A전용 KC 63개, B전용 KC 80개) ===
  A전용 KC → out_L 평균 0.5617 | out_R 평균 0.5526 | 차이 +0.0091 (정답은 out_L) **정답쪽 우세**
  B전용 KC → out_L 평균 0.5466 | out_R 평균 0.5422 | 차이 +0.0044 (정답은 out_R) **반대**

=== 가중치 변화 ===
  kc_out_l: n=7878 |Δ|평균 0.02740 변화율  41.0% | 평균 0.500→0.524 | std 0.0000→0.0457
  kc_out_r: n=8077 |Δ|평균 0.02046 변화율  41.4% | 평균 0.500→0.520 | std 0.0000→0.0326

=== 요약 (mode=learn seed=15) ===
  첫 구간 46.5% → 마지막 구간 47.8% | 변화 +1.2%p | 보상률 47.1%
=> MINCIRC mode=learn seed=15 first=46.5 last=47.8 delta=+1.2 reward=47.1 **eval=79.0** tie=46 trialseed=601
