[관계] 항목 8개(훈련 4, 새 4), 반쪽 50 중 활성 15, 항목 간 겹침 2~8(평균 4.6), 새↔훈련 겹침 2~8, 패턴 64개(S 8, D 56)
make: Entering directory '/root/e124_main_run/minimal_circuit_CODE'
make: Nothing to be done for 'all'.
make: Leaving directory '/root/e124_main_run/minimal_circuit_CODE'
  시행    1~ 400: 정답률  40.5%
  시행  401~ 800: 정답률  49.8%
=> SDGEN mode=learn seed=14 trialseed=601 train_same=29.8 train_diff=81.1 train_bal=55.5 novel_same=0.0 novel_diff=88.2 novel_bal=44.1 | ties train:0 novel:0 | n_same/diff train 47/53 novel 49/51

=== 평가 (탐색 없음, 학습 없음, 무작위 순서 100시행) : 정답률 76.0% | 동점 43회 ===
   자극 A: 57/57 (100.0%)
   자극 B: 19/43 (44.2%)

=== 학습 후 자극별 출력 (선택 이전의 원 신호) ===
  자극 A → 정답 L | out_L=  26  out_R=  17  차이    +9 | KC 85개
  자극 B → 정답 R | out_L=  22  out_R=  22  차이    +0 | KC 93개

=== 가중치 구조 (A전용 KC 62개, B전용 KC 70개) ===
  A전용 KC → out_L 평균 0.5268 | out_R 평균 0.5519 | 차이 -0.0251 (정답은 out_L) **반대**
  B전용 KC → out_L 평균 0.5313 | out_R 평균 0.5525 | 차이 -0.0212 (정답은 out_R) **정답쪽 우세**

=== 가중치 변화 ===
  kc_out_l: n=7975 |Δ|평균 0.01461 변화율  37.0% | 평균 0.500→0.513 | std 0.0000→0.0272
  kc_out_r: n=8075 |Δ|평균 0.02495 변화율  36.9% | 평균 0.500→0.524 | std 0.0000→0.0433

=== 요약 (mode=learn seed=14) ===
  첫 구간 40.5% → 마지막 구간 49.8% | 변화 +9.2%p | 보상률 45.1%
=> MINCIRC mode=learn seed=14 first=40.5 last=49.8 delta=+9.2 reward=45.1 **eval=76.0** tie=43 trialseed=601
