[관계] 항목 8개(훈련 4, 새 4), 반쪽 50 중 활성 15, 항목 간 겹침 2~8(평균 4.6), 새↔훈련 겹침 2~8, 패턴 64개(S 8, D 56)
make: Entering directory '/root/e124_main_run/minimal_circuit_CODE'
make: Leaving directory '/root/e124_main_run/minimal_circuit_CODE'
  시행    1~ 400: 정답률  46.0%
  시행  401~ 800: 정답률  56.8%
=> SDGEN mode=learn seed=14 trialseed=600 train_same=78.7 train_diff=17.0 train_bal=47.9 novel_same=75.5 novel_diff=33.3 novel_bal=54.4 | ties train:0 novel:0 | n_same/diff train 47/53 novel 49/51

=== 평가 (탐색 없음, 학습 없음, 무작위 순서 100시행) : 정답률 57.0% | 동점 0회 ===
   자극 A: 57/57 (100.0%)
   자극 B: 0/43 (0.0%)

=== 학습 후 자극별 출력 (선택 이전의 원 신호) ===
  자극 A → 정답 L | out_L=  32  out_R=  17  차이   +15 | KC 85개
  자극 B → 정답 R | out_L=  37  out_R=  13  차이   +24 | KC 93개

=== 가중치 구조 (A전용 KC 62개, B전용 KC 70개) ===
  A전용 KC → out_L 평균 0.5542 | out_R 평균 0.5460 | 차이 +0.0082 (정답은 out_L) **정답쪽 우세**
  B전용 KC → out_L 평균 0.5647 | out_R 평균 0.5463 | 차이 +0.0184 (정답은 out_R) **반대**

=== 가중치 변화 ===
  kc_out_l: n=7975 |Δ|평균 0.02830 변화율  37.0% | 평균 0.500→0.526 | std 0.0000→0.0508
  kc_out_r: n=8075 |Δ|평균 0.02318 변화율  36.9% | 평균 0.500→0.522 | std 0.0000→0.0405

=== 요약 (mode=learn seed=14) ===
  첫 구간 46.0% → 마지막 구간 56.8% | 변화 +10.8%p | 보상률 51.4%
=> MINCIRC mode=learn seed=14 first=46.0 last=56.8 delta=+10.8 reward=51.4 **eval=57.0** tie=0 trialseed=600
