[관계] 항목 8개(훈련 4, 새 4), 반쪽 50 중 활성 15, 항목 간 겹침 1~8(평균 4.7), 새↔훈련 겹침 2~8, 패턴 64개(S 8, D 56)
make: Entering directory '/root/e124_run/minimal_circuit_CODE'
make: Leaving directory '/root/e124_run/minimal_circuit_CODE'
  시행    1~ 400: 정답률  49.0%
=> SDGEN mode=frozen seed=18 trialseed=600 train_same=72.7 train_diff=26.8 train_bal=49.8 novel_same=100.0 novel_diff=11.3 novel_bal=55.7 | ties train:0 novel:0 | n_same/diff train 44/56 novel 47/53

=== 평가 (탐색 없음, 학습 없음, 무작위 순서 100시행) : 정답률 48.0% | 동점 0회 ===
   자극 A: 48/48 (100.0%)
   자극 B: 0/52 (0.0%)

=== 학습 후 자극별 출력 (선택 이전의 원 신호) ===
  자극 A → 정답 L | out_L=  21  out_R=  20  차이    +1 | KC 97개
  자극 B → 정답 R | out_L=  41  out_R=  18  차이   +23 | KC 101개

=== 가중치 구조 (A전용 KC 73개, B전용 KC 77개) ===
  A전용 KC → out_L 평균 0.5000 | out_R 평균 0.5000 | 차이 +0.0000 (정답은 out_L) **반대**
  B전용 KC → out_L 평균 0.5000 | out_R 평균 0.5000 | 차이 +0.0000 (정답은 out_R) **정답쪽 우세**

=== 가중치 변화 ===
  kc_out_l: n=8073 |Δ|평균 0.00000 변화율   0.0% | 평균 0.500→0.500 | std 0.0000→0.0000
  kc_out_r: n=7892 |Δ|평균 0.00000 변화율   0.0% | 평균 0.500→0.500 | std 0.0000→0.0000

=== 요약 (mode=frozen seed=18) ===
  첫 구간 49.0% → 마지막 구간 49.0% | 변화 +0.0%p | 보상률 0.0%
=> MINCIRC mode=frozen seed=18 first=49.0 last=49.0 delta=+0.0 reward=0.0 **eval=48.0** tie=0 trialseed=600
