[관계] 항목 8개(훈련 4, 새 4), 반쪽 50 중 활성 15, 항목 간 겹침 1~8(평균 4.7), 새↔훈련 겹침 2~8, 패턴 64개(S 8, D 56)
make: Entering directory '/root/e124_run/minimal_circuit_CODE'
make: Nothing to be done for 'all'.
make: Leaving directory '/root/e124_run/minimal_circuit_CODE'
  시행    1~ 400: 정답률  47.5%
=> SDGEN mode=learn seed=18 trialseed=601 train_same=72.7 train_diff=7.1 train_bal=39.9 novel_same=80.9 novel_diff=11.3 novel_bal=46.1 | ties train:0 novel:0 | n_same/diff train 44/56 novel 47/53

=== 평가 (탐색 없음, 학습 없음, 무작위 순서 100시행) : 정답률 0.0% | 동점 0회 ===
   자극 A: 0/48 (0.0%)
   자극 B: 0/52 (0.0%)

=== 학습 후 자극별 출력 (선택 이전의 원 신호) ===
  자극 A → 정답 L | out_L=  22  out_R=  24  차이    -2 | KC 97개
  자극 B → 정답 R | out_L=  28  out_R=   6  차이   +22 | KC 101개

=== 가중치 구조 (A전용 KC 73개, B전용 KC 77개) ===
  A전용 KC → out_L 평균 0.5309 | out_R 평균 0.5206 | 차이 +0.0102 (정답은 out_L) **정답쪽 우세**
  B전용 KC → out_L 평균 0.5450 | out_R 평균 0.5223 | 차이 +0.0228 (정답은 out_R) **반대**

=== 가중치 변화 ===
  kc_out_l: n=8073 |Δ|평균 0.01591 변화율  37.2% | 평균 0.500→0.514 | std 0.0000→0.0295
  kc_out_r: n=7892 |Δ|평균 0.00826 변화율  36.2% | 평균 0.500→0.508 | std 0.0000→0.0149

=== 요약 (mode=learn seed=18) ===
  첫 구간 47.5% → 마지막 구간 47.5% | 변화 +0.0%p | 보상률 47.5%
=> MINCIRC mode=learn seed=18 first=47.5 last=47.5 delta=+0.0 reward=47.5 **eval=0.0** tie=0 trialseed=601
