[관계] 항목 8개(훈련 4, 새 4), 반쪽 50 중 활성 15, 항목 간 겹침 1~8(평균 4.7), 새↔훈련 겹침 2~8, 패턴 64개(S 8, D 56)
make: Entering directory '/root/e124_run/minimal_circuit_CODE'
make: Nothing to be done for 'all'.
make: Leaving directory '/root/e124_run/minimal_circuit_CODE'
  시행    1~ 400: 정답률  53.2%
=> SDGEN mode=learn seed=18 trialseed=600 train_same=72.7 train_diff=14.3 train_bal=43.5 novel_same=59.6 novel_diff=22.6 novel_bal=41.1 | ties train:0 novel:0 | n_same/diff train 44/56 novel 47/53

=== 평가 (탐색 없음, 학습 없음, 무작위 순서 100시행) : 정답률 0.0% | 동점 0회 ===
   자극 A: 0/48 (0.0%)
   자극 B: 0/52 (0.0%)

=== 학습 후 자극별 출력 (선택 이전의 원 신호) ===
  자극 A → 정답 L | out_L=  22  out_R=  26  차이    -4 | KC 97개
  자극 B → 정답 R | out_L=  24  out_R=   7  차이   +17 | KC 101개

=== 가중치 구조 (A전용 KC 73개, B전용 KC 77개) ===
  A전용 KC → out_L 평균 0.5328 | out_R 평균 0.5304 | 차이 +0.0023 (정답은 out_L) **정답쪽 우세**
  B전용 KC → out_L 평균 0.5457 | out_R 평균 0.5356 | 차이 +0.0101 (정답은 out_R) **반대**

=== 가중치 변화 ===
  kc_out_l: n=8073 |Δ|평균 0.01621 변화율  37.2% | 평균 0.500→0.515 | std 0.0000→0.0290
  kc_out_r: n=7892 |Δ|평균 0.01273 변화율  36.3% | 평균 0.500→0.512 | std 0.0000→0.0228

=== 요약 (mode=learn seed=18) ===
  첫 구간 53.2% → 마지막 구간 53.2% | 변화 +0.0%p | 보상률 53.2%
=> MINCIRC mode=learn seed=18 first=53.2 last=53.2 delta=+0.0 reward=53.2 **eval=0.0** tie=0 trialseed=600
