견고(두 팔 성공)                               기대 견고(H088)               → 견고(H088) — 무작위 순서·강도 변이(NR)와 b ✓
빈도 의존(NU 자카드 0.30 → 실패)                  기대 빈도 의존(H088-freq)       → 빈도 의존(H088-freq) — 순서·강도 변이에는  ✓
빈도 의존(NU 분리만 r 1.2)                      기대 빈도 의존(H088-freq)       → 빈도 의존(H088-freq) — 순서·강도 변이에는  ✓
빈도 의존(NU 보류 — 자카드 0.15)                  기대 빈도 의존(H088-freq)       → 빈도 의존(H088-freq) — 순서·강도 변이에는  ✓
순서·강도 의존(NR 실패)                          기대 순서·강도 의존(H088-null)    → 순서·강도 의존(H088-null) — 무작위 순서·강 ✓
순서·강도 의존(NR 분리만 r 1.0)                   기대 순서·강도 의존(H088-null)    → 순서·강도 의존(H088-null) — 무작위 순서·강 ✓
NR 보류(자카드 0.15) → 보류                     기대 보류                     → 보류                             ✓
자카드 경계 0.10 정확 → 분리                      기대 견고(H088)               → 견고(H088) — 무작위 순서·강도 변이(NR)와 b ✓
자카드 0.1001 → 분리 아님 → NR 보류               기대 보류                     → 보류                             ✓
r 경계 1.30 정확 → 성공                        기대 견고(H088)               → 견고(H088) — 무작위 순서·강도 변이(NR)와 b ✓
r 1.2996 → NR 분리만                        기대 순서·강도 의존(H088-null)    → 순서·강도 의존(H088-null) — 무작위 순서·강 ✓
자카드 0.25 정확 → 실패 아님(보류)                  기대 보류                     → 보류                             ✓
자카드 0.2501 → NR 실패                       기대 순서·강도 의존(H088-null)    → 순서·강도 의존(H088-null) — 무작위 순서·강 ✓
4/5 성공(한 뇌 자카드 0.5)                      기대 견고(H088)               → 견고(H088) — 무작위 순서·강도 변이(NR)와 b ✓
3/5 성공 + 2 실패(NU) → 빈도 의존                기대 빈도 의존(H088-freq)       → 빈도 의존(H088-freq) — 순서·강도 변이에는  ✓
MX 순서 cyclic                             기대 보류(조작검증 실패)            → 보류(조작검증 실패)                    ✓
MX NU bad_l 299                          기대 보류(조작검증 실패)            → 보류(조작검증 실패)                    ✓
MX 배수 1(NU)                              기대 보류(조작검증 실패)            → 보류(조작검증 실패)                    ✓
MX 강도 최소 0.4999                          기대 보류(조작검증 실패)            → 보류(조작검증 실패)                    ✓
MX 강도 최대 0.9001                          기대 보류(조작검증 실패)            → 보류(조작검증 실패)                    ✓
MX 강도 평균 0.7301                          기대 보류(조작검증 실패)            → 보류(조작검증 실패)                    ✓
MX 순환 일치 0.4001                          기대 보류(조작검증 실패)            → 보류(조작검증 실패)                    ✓
MO dg_bad 0                              기대 보류(조작검증 실패)            → 보류(조작검증 실패)                    ✓
MO Oja 줄 0                               기대 보류(조작검증 실패)            → 보류(조작검증 실패)                    ✓
MS' 상승 0.0999                            기대 보류(조작검증 실패)            → 보류(조작검증 실패)                    ✓
ML F 적재 1                                기대 보류(조작검증 실패)            → 보류(조작검증 실패)                    ✓
ML ov 적재 0                               기대 보류(조작검증 실패)            → 보류(조작검증 실패)                    ✓
M1 동결 잔차 0.002                           기대 보류(조작검증 실패)            → 보류(조작검증 실패)                    ✓
M1b 흔적 생존 0.8                            기대 보류(조작검증 실패)            → 보류(조작검증 실패)                    ✓
M3 추적 499                                기대 보류(조작검증 실패)            → 보류(조작검증 실패)                    ✓
M3 도파민 전 0.002                           기대 보류(조작검증 실패)            → 보류(조작검증 실패)                    ✓
MD e_D −0.0999                           기대 보류(조작검증 실패)            → 보류(조작검증 실패)                    ✓
결측(NU F 뇌 19)                            기대 결측                     → [측정 확인] 결측 [('F', 'NU', 19)] — ✓
결측(E161 D 뇌 16)                          기대 결측                     → [측정 확인] 결측 [('D', 16)] — **판정  ✓
원 로그 파싱(실제 줄 형식)                         → ✓
전체: 통과
