반전 성공(m +0.30)                   기대 반전 성공(H086)          → 반전 성공(H086) — 망 안 형성 표현에서도 ✓
m 경계 +0.02 정확 → 성공               기대 반전 성공(H086)          → 반전 성공(H086) — 망 안 형성 표현에서도 ✓
m +0.0199 → 부분(Δ 0.62)           기대 부분(H086-partial)     → 부분(H086-partial) — 반전 쪽으로  ✓
부분(m −0.40, Δ 0.20)              기대 부분(H086-partial)     → 부분(H086-partial) — 반전 쪽으로  ✓
Δ 경계 0.10 정확 → 부분                기대 부분(H086-partial)     → 부분(H086-partial) — 반전 쪽으로  ✓
Δ 0.0999 → 보류                    기대 보류                   → 보류                         ✓
고착(Δ 0.02)                       기대 고착(H086-null)        → 고착(H086-null) — 반전 쪽 이동 <  ✓
Δ 0.05 정확 → 고착 아님 → 보류           기대 보류                   → 보류                         ✓
성공 4/5                           기대 반전 성공(H086)          → 반전 성공(H086) — 망 안 형성 표현에서도 ✓
M1 반전 줄 없음                       기대 보류(조작검증 실패)          → 보류(조작검증 실패)                ✓
M4 반사 변함                         기대 보류(조작검증 실패)          → 보류(조작검증 실패)                ✓
M2 규칙 일치 0.99                    기대 보류(조작검증 실패)          → 보류(조작검증 실패)                ✓
M3 시행 2900                       기대 보류(조작검증 실패)          → 보류(조작검증 실패)                ✓
M3 동결 잔차                         기대 보류(조작검증 실패)          → 보류(조작검증 실패)                ✓
M5 출발점 어긋남 0.0021                기대 보류(조작검증 실패)          → 보류(조작검증 실패)                ✓
M6 적재 1줄                         기대 보류(조작검증 실패)          → 보류(조작검증 실패)                ✓
결측(E162 기준 없음)                   기대 결측                   → [측정 확인] 결측 [12] — **판정 보류, ✓
rev_stats(규칙 전환 1500)            → ✓
원 로그·E162 기준 파싱                  → ✓
전체: 통과
