[관계] 항목 8개(훈련 4, 새 4), 반쪽 50 중 활성 15, 항목 간 겹침 1~8(평균 5.0), 새↔훈련 겹침 1~7, 패턴 64개(S 8, D 56)
make: Entering directory '/root/e125_main_run/minimal_circuit_CODE'
make: Leaving directory '/root/e125_main_run/minimal_circuit_CODE'
  시행    1~ 400: 정답률  46.5%
  시행  401~ 800: 정답률  44.2%
=> SDGEN mode=frozen seed=17 trialseed=600 train_same=31.5 train_diff=39.1 train_bal=35.3 novel_same=49.1 novel_diff=53.2 novel_bal=51.1 | ties train:4 novel:0 | n_same/diff train 54/46 novel 53/47
=> SDLAB rule=half1 mode=frozen seed=17 trialseed=600 train_accL=65.9 train_accR=10.7 train_lbal=38.3 novel_accL=32.6 novel_accR=66.7 novel_lbal=49.6

=== 평가 (탐색 없음, 학습 없음, 무작위 순서 100시행) : 정답률 55.0% | 동점 0회 ===
   자극 A: 55/55 (100.0%)
   자극 B: 0/45 (0.0%)

=== 학습 후 자극별 출력 (선택 이전의 원 신호) ===
  자극 A → 정답 L | out_L=  36  out_R=  22  차이   +14 | KC 102개
  자극 B → 정답 R | out_L=  29  out_R=  23  차이    +6 | KC 107개

=== 가중치 구조 (A전용 KC 83개, B전용 KC 88개) ===
  A전용 KC → out_L 평균 0.5000 | out_R 평균 0.5000 | 차이 +0.0000 (정답은 out_L) **반대**
  B전용 KC → out_L 평균 0.5000 | out_R 평균 0.5000 | 차이 +0.0000 (정답은 out_R) **정답쪽 우세**

=== 가중치 변화 ===
  kc_out_l: n=8046 |Δ|평균 0.00000 변화율   0.0% | 평균 0.500→0.500 | std 0.0000→0.0000
  kc_out_r: n=8067 |Δ|평균 0.00000 변화율   0.0% | 평균 0.500→0.500 | std 0.0000→0.0000

=== 요약 (mode=frozen seed=17) ===
  첫 구간 46.5% → 마지막 구간 44.2% | 변화 -2.2%p | 보상률 0.0%
=> MINCIRC mode=frozen seed=17 first=46.5 last=44.2 delta=-2.2 reward=0.0 **eval=55.0** tie=0 trialseed=600
