[관계] 항목 8개(훈련 4, 새 4), 반쪽 50 중 활성 15, 항목 간 겹침 2~8(평균 4.7), 새↔훈련 겹침 3~8, 패턴 64개(S 8, D 56)
make: Entering directory '/root/e125_main_run/minimal_circuit_CODE'
make: Leaving directory '/root/e125_main_run/minimal_circuit_CODE'
  시행    1~ 400: 정답률  55.8%
  시행  401~ 800: 정답률  54.8%
=> SDGEN mode=frozen seed=16 trialseed=600 train_same=58.3 train_diff=51.9 train_bal=55.1 novel_same=44.0 novel_diff=52.0 novel_bal=48.0 | ties train:21 novel:0 | n_same/diff train 48/52 novel 50/50
=> SDLAB rule=half1 mode=frozen seed=16 trialseed=600 train_accL=58.1 train_accR=52.6 train_lbal=55.4 novel_accL=82.4 novel_accR=12.2 novel_lbal=47.3

=== 평가 (탐색 없음, 학습 없음, 무작위 순서 100시행) : 정답률 100.0% | 동점 0회 ===
   자극 A: 53/53 (100.0%)
   자극 B: 47/47 (100.0%)

=== 학습 후 자극별 출력 (선택 이전의 원 신호) ===
  자극 A → 정답 L | out_L=  32  out_R=   6  차이   +26 | KC 98개
  자극 B → 정답 R | out_L=  18  out_R=  29  차이   -11 | KC 104개

=== 가중치 구조 (A전용 KC 76개, B전용 KC 82개) ===
  A전용 KC → out_L 평균 0.5000 | out_R 평균 0.5000 | 차이 +0.0000 (정답은 out_L) **반대**
  B전용 KC → out_L 평균 0.5000 | out_R 평균 0.5000 | 차이 +0.0000 (정답은 out_R) **정답쪽 우세**

=== 가중치 변화 ===
  kc_out_l: n=7958 |Δ|평균 0.00000 변화율   0.0% | 평균 0.500→0.500 | std 0.0000→0.0000
  kc_out_r: n=7861 |Δ|평균 0.00000 변화율   0.0% | 평균 0.500→0.500 | std 0.0000→0.0000

=== 요약 (mode=frozen seed=16) ===
  첫 구간 55.8% → 마지막 구간 54.8% | 변화 -1.0%p | 보상률 0.0%
=> MINCIRC mode=frozen seed=16 first=55.8 last=54.8 delta=-1.0 reward=0.0 **eval=100.0** tie=0 trialseed=600
