[관계] 항목 8개(훈련 4, 새 4), 반쪽 50 중 활성 15, 항목 간 겹침 2~7(평균 4.5), 새↔훈련 겹침 2~7, 패턴 64개(S 8, D 56)
make: Entering directory '/root/e125_main_run/minimal_circuit_CODE'
make: Leaving directory '/root/e125_main_run/minimal_circuit_CODE'
  시행    1~ 400: 정답률  49.8%
  시행  401~ 800: 정답률  47.5%
=> SDGEN mode=frozen seed=12 trialseed=600 train_same=51.1 train_diff=29.1 train_bal=40.1 novel_same=0.0 novel_diff=43.5 novel_bal=21.7 | ties train:2 novel:3 | n_same/diff train 45/55 novel 54/46
=> SDLAB rule=half1 mode=frozen seed=12 trialseed=600 train_accL=44.1 train_accR=31.7 train_lbal=37.9 novel_accL=23.9 novel_accR=16.7 novel_lbal=20.3

=== 평가 (탐색 없음, 학습 없음, 무작위 순서 100시행) : 정답률 59.0% | 동점 0회 ===
   자극 A: 0/41 (0.0%)
   자극 B: 59/59 (100.0%)

=== 학습 후 자극별 출력 (선택 이전의 원 신호) ===
  자극 A → 정답 L | out_L=  33  out_R=  38  차이    -5 | KC 101개
  자극 B → 정답 R | out_L=  15  out_R=  18  차이    -3 | KC 90개

=== 가중치 구조 (A전용 KC 78개, B전용 KC 67개) ===
  A전용 KC → out_L 평균 0.5000 | out_R 평균 0.5000 | 차이 +0.0000 (정답은 out_L) **반대**
  B전용 KC → out_L 평균 0.5000 | out_R 평균 0.5000 | 차이 +0.0000 (정답은 out_R) **정답쪽 우세**

=== 가중치 변화 ===
  kc_out_l: n=8125 |Δ|평균 0.00000 변화율   0.0% | 평균 0.500→0.500 | std 0.0000→0.0000
  kc_out_r: n=8003 |Δ|평균 0.00000 변화율   0.0% | 평균 0.500→0.500 | std 0.0000→0.0000

=== 요약 (mode=frozen seed=12) ===
  첫 구간 49.8% → 마지막 구간 47.5% | 변화 -2.2%p | 보상률 0.0%
=> MINCIRC mode=frozen seed=12 first=49.8 last=47.5 delta=-2.2 reward=0.0 **eval=59.0** tie=0 trialseed=600
