[관계] 항목 8개(훈련 4, 새 4), 반쪽 50 중 활성 15, 항목 간 겹침 2~8(평균 4.4), 새↔훈련 겹침 2~7, 패턴 64개(S 8, D 56)
make: Entering directory '/root/e125_main_run/minimal_circuit_CODE'
make: Nothing to be done for 'all'.
make: Leaving directory '/root/e125_main_run/minimal_circuit_CODE'
  시행    1~ 400: 정답률  59.5%
  시행  401~ 800: 정답률  67.8%
=> SDGEN mode=learn seed=13 trialseed=601 train_same=100.0 train_diff=90.5 train_bal=95.2 novel_same=40.4 novel_diff=58.1 novel_bal=49.2 | ties train:0 novel:0 | n_same/diff train 58/42 novel 57/43
=> SDLAB rule=half1 mode=learn seed=13 trialseed=601 train_accL=93.3 train_accR=98.2 train_lbal=95.8 novel_accL=100.0 novel_accR=3.7 novel_lbal=51.9

=== 평가 (탐색 없음, 학습 없음, 무작위 순서 100시행) : 정답률 100.0% | 동점 0회 ===
   자극 A: 52/52 (100.0%)
   자극 B: 48/48 (100.0%)

=== 학습 후 자극별 출력 (선택 이전의 원 신호) ===
  자극 A → 정답 L | out_L=  28  out_R=  17  차이   +11 | KC 84개
  자극 B → 정답 R | out_L=  15  out_R=  42  차이   -27 | KC 95개

=== 가중치 구조 (A전용 KC 69개, B전용 KC 80개) ===
  A전용 KC → out_L 평균 0.6035 | out_R 평균 0.5771 | 차이 +0.0264 (정답은 out_L) **정답쪽 우세**
  B전용 KC → out_L 평균 0.5707 | out_R 평균 0.5910 | 차이 -0.0203 (정답은 out_R) **정답쪽 우세**

=== 가중치 변화 ===
  kc_out_l: n=8075 |Δ|평균 0.04590 변화율  40.6% | 평균 0.500→0.540 | std 0.0000→0.0878
  kc_out_r: n=8006 |Δ|평균 0.04097 변화율  40.8% | 평균 0.500→0.537 | std 0.0000→0.0721

=== 요약 (mode=learn seed=13) ===
  첫 구간 59.5% → 마지막 구간 67.8% | 변화 +8.2%p | 보상률 63.6%
=> MINCIRC mode=learn seed=13 first=59.5 last=67.8 delta=+8.2 reward=63.6 **eval=100.0** tie=0 trialseed=601
