[관계] 항목 8개(훈련 4, 새 4), 반쪽 50 중 활성 15, 항목 간 겹침 2~7(평균 4.5), 새↔훈련 겹침 2~7, 패턴 64개(S 8, D 56)
make: Entering directory '/root/e125_main_run/minimal_circuit_CODE'
make: Leaving directory '/root/e125_main_run/minimal_circuit_CODE'
  시행    1~ 400: 정답률  53.8%
  시행  401~ 800: 정답률  60.8%
=> SDGEN mode=learn seed=12 trialseed=600 train_same=70.7 train_diff=79.7 train_bal=75.2 novel_same=50.0 novel_diff=50.0 novel_bal=50.0 | ties train:0 novel:0 | n_same/diff train 41/59 novel 56/44
=> SDLAB rule=half1 mode=learn seed=12 trialseed=600 train_accL=100.0 train_accR=38.5 train_lbal=69.2 novel_accL=100.0 novel_accR=0.0 novel_lbal=50.0

=== 평가 (탐색 없음, 학습 없음, 무작위 순서 100시행) : 정답률 59.0% | 동점 0회 ===
   자극 A: 0/41 (0.0%)
   자극 B: 59/59 (100.0%)

=== 학습 후 자극별 출력 (선택 이전의 원 신호) ===
  자극 A → 정답 L | out_L=   9  out_R=  14  차이    -5 | KC 101개
  자극 B → 정답 R | out_L=   4  out_R=  21  차이   -17 | KC 90개

=== 가중치 구조 (A전용 KC 78개, B전용 KC 67개) ===
  A전용 KC → out_L 평균 0.5653 | out_R 평균 0.5717 | 차이 -0.0064 (정답은 out_L) **반대**
  B전용 KC → out_L 평균 0.5755 | out_R 평균 0.5566 | 차이 +0.0188 (정답은 out_R) **반대**

=== 가중치 변화 ===
  kc_out_l: n=8125 |Δ|평균 0.04153 변화율  37.4% | 평균 0.500→0.536 | std 0.0000→0.0763
  kc_out_r: n=8003 |Δ|평균 0.02879 변화율  36.7% | 평균 0.500→0.526 | std 0.0000→0.0547

=== 요약 (mode=learn seed=12) ===
  첫 구간 53.8% → 마지막 구간 60.8% | 변화 +7.0%p | 보상률 57.2%
=> MINCIRC mode=learn seed=12 first=53.8 last=60.8 delta=+7.0 reward=57.2 **eval=59.0** tie=0 trialseed=600
