[관계] 항목 8개(훈련 4, 새 4), 반쪽 50 중 활성 15, 항목 간 겹침 1~7(평균 4.5), 새↔훈련 겹침 1~7, 패턴 64개(S 8, D 56)
make: Entering directory '/root/e125_main_run/minimal_circuit_CODE'
make: Leaving directory '/root/e125_main_run/minimal_circuit_CODE'
  시행    1~ 400: 정답률  54.2%
  시행  401~ 800: 정답률  54.8%
=> SDGEN mode=learn seed=11 trialseed=600 train_same=100.0 train_diff=75.6 train_bal=87.8 novel_same=28.8 novel_diff=45.8 novel_bal=37.3 | ties train:0 novel:0 | n_same/diff train 59/41 novel 52/48
=> SDLAB rule=half1 mode=learn seed=11 trialseed=600 train_accL=80.0 train_accR=100.0 train_lbal=90.0 novel_accL=12.5 novel_accR=59.6 novel_lbal=36.1

=== 평가 (탐색 없음, 학습 없음, 무작위 순서 100시행) : 정답률 48.0% | 동점 0회 ===
   자극 A: 0/52 (0.0%)
   자극 B: 48/48 (100.0%)

=== 학습 후 자극별 출력 (선택 이전의 원 신호) ===
  자극 A → 정답 L | out_L=   5  out_R=  27  차이   -22 | KC 96개
  자극 B → 정답 R | out_L=   0  out_R=  88  차이   -88 | KC 93개

=== 가중치 구조 (A전용 KC 68개, B전용 KC 65개) ===
  A전용 KC → out_L 평균 0.5590 | out_R 평균 0.5733 | 차이 -0.0143 (정답은 out_L) **반대**
  B전용 KC → out_L 평균 0.5337 | out_R 평균 0.6002 | 차이 -0.0665 (정답은 out_R) **정답쪽 우세**

=== 가중치 변화 ===
  kc_out_l: n=7949 |Δ|평균 0.02565 변화율  35.9% | 평균 0.500→0.523 | std 0.0000→0.0477
  kc_out_r: n=8076 |Δ|평균 0.03913 변화율  37.3% | 평균 0.500→0.530 | std 0.0000→0.0802

=== 요약 (mode=learn seed=11) ===
  첫 구간 54.2% → 마지막 구간 54.8% | 변화 +0.5%p | 보상률 54.5%
=> MINCIRC mode=learn seed=11 first=54.2 last=54.8 delta=+0.5 reward=54.5 **eval=48.0** tie=0 trialseed=600
