[관계] 항목 8개(훈련 4, 새 4), 반쪽 50 중 활성 15, 항목 간 겹침 2~8(평균 4.7), 새↔훈련 겹침 3~8, 패턴 64개(S 8, D 56)
make: Entering directory '/root/e125_main_run/minimal_circuit_CODE'
make: Leaving directory '/root/e125_main_run/minimal_circuit_CODE'
  시행    1~ 400: 정답률  53.0%
  시행  401~ 800: 정답률  63.0%
=> SDGEN mode=learn seed=16 trialseed=600 train_same=100.0 train_diff=85.4 train_bal=92.7 novel_same=78.0 novel_diff=26.0 novel_bal=52.0 | ties train:2 novel:0 | n_same/diff train 52/48 novel 50/50
=> SDLAB rule=half1 mode=learn seed=16 trialseed=600 train_accL=100.0 train_accR=87.3 train_lbal=93.6 novel_accL=70.0 novel_accR=34.0 novel_lbal=52.0

=== 평가 (탐색 없음, 학습 없음, 무작위 순서 100시행) : 정답률 53.0% | 동점 0회 ===
   자극 A: 53/53 (100.0%)
   자극 B: 0/47 (0.0%)

=== 학습 후 자극별 출력 (선택 이전의 원 신호) ===
  자극 A → 정답 L | out_L=  31  out_R=   4  차이   +27 | KC 98개
  자극 B → 정답 R | out_L=  17  out_R=   7  차이   +10 | KC 104개

=== 가중치 구조 (A전용 KC 76개, B전용 KC 82개) ===
  A전용 KC → out_L 평균 0.5816 | out_R 평균 0.5807 | 차이 +0.0009 (정답은 out_L) **정답쪽 우세**
  B전용 KC → out_L 평균 0.5711 | out_R 평균 0.5689 | 차이 +0.0022 (정답은 out_R) **반대**

=== 가중치 변화 ===
  kc_out_l: n=7958 |Δ|평균 0.04077 변화율  40.8% | 평균 0.500→0.536 | std 0.0000→0.0722
  kc_out_r: n=7861 |Δ|평균 0.03745 변화율  40.8% | 평균 0.500→0.533 | std 0.0000→0.0652

=== 요약 (mode=learn seed=16) ===
  첫 구간 53.0% → 마지막 구간 63.0% | 변화 +10.0%p | 보상률 58.0%
=> MINCIRC mode=learn seed=16 first=53.0 last=63.0 delta=+10.0 reward=58.0 **eval=53.0** tie=0 trialseed=600
