[관계] 항목 8개(훈련 4, 새 4), 반쪽 50 중 활성 15, 항목 간 겹침 1~8(평균 5.0), 새↔훈련 겹침 1~7, 패턴 64개(S 8, D 56)
make: Entering directory '/root/e125_main_run/minimal_circuit_CODE'
make: Leaving directory '/root/e125_main_run/minimal_circuit_CODE'
  시행    1~ 400: 정답률  53.2%
  시행  401~ 800: 정답률  57.8%
=> SDGEN mode=learn seed=17 trialseed=600 train_same=100.0 train_diff=68.8 train_bal=84.4 novel_same=51.9 novel_diff=37.0 novel_bal=44.4 | ties train:0 novel:0 | n_same/diff train 52/48 novel 54/46
=> SDLAB rule=half1 mode=learn seed=17 trialseed=600 train_accL=100.0 train_accR=73.2 train_lbal=86.6 novel_accL=97.8 novel_accR=0.0 novel_lbal=48.9

=== 평가 (탐색 없음, 학습 없음, 무작위 순서 100시행) : 정답률 55.0% | 동점 0회 ===
   자극 A: 55/55 (100.0%)
   자극 B: 0/45 (0.0%)

=== 학습 후 자극별 출력 (선택 이전의 원 신호) ===
  자극 A → 정답 L | out_L=  25  out_R=  10  차이   +15 | KC 102개
  자극 B → 정답 R | out_L=  20  out_R=   8  차이   +12 | KC 107개

=== 가중치 구조 (A전용 KC 83개, B전용 KC 88개) ===
  A전용 KC → out_L 평균 0.5690 | out_R 평균 0.5572 | 차이 +0.0117 (정답은 out_L) **정답쪽 우세**
  B전용 KC → out_L 평균 0.6026 | out_R 평균 0.5477 | 차이 +0.0548 (정답은 out_R) **반대**

=== 가중치 변화 ===
  kc_out_l: n=8046 |Δ|평균 0.04613 변화율  39.1% | 평균 0.500→0.540 | std 0.0000→0.0819
  kc_out_r: n=8067 |Δ|평균 0.02993 변화율  38.8% | 평균 0.500→0.526 | std 0.0000→0.0556

=== 요약 (mode=learn seed=17) ===
  첫 구간 53.2% → 마지막 구간 57.8% | 변화 +4.5%p | 보상률 55.5%
=> MINCIRC mode=learn seed=17 first=53.2 last=57.8 delta=+4.5 reward=55.5 **eval=55.0** tie=0 trialseed=600
