[관계] 항목 8개(훈련 4, 새 4), 반쪽 50 중 활성 15, 항목 간 겹침 1~7(평균 4.5), 새↔훈련 겹침 1~7, 패턴 64개(S 8, D 56)
make: Entering directory '/root/e125_main_run/minimal_circuit_CODE'
make: Nothing to be done for 'all'.
make: Leaving directory '/root/e125_main_run/minimal_circuit_CODE'
  시행    1~ 400: 정답률  51.2%
  시행  401~ 800: 정답률  63.5%
=> SDGEN mode=learn seed=11 trialseed=601 train_same=100.0 train_diff=90.2 train_bal=95.1 novel_same=28.8 novel_diff=56.2 novel_bal=42.5 | ties train:0 novel:0 | n_same/diff train 59/41 novel 52/48
=> SDLAB rule=half1 mode=learn seed=11 trialseed=601 train_accL=92.0 train_accR=100.0 train_lbal=96.0 novel_accL=12.5 novel_accR=69.2 novel_lbal=40.9

=== 평가 (탐색 없음, 학습 없음, 무작위 순서 100시행) : 정답률 48.0% | 동점 0회 ===
   자극 A: 0/52 (0.0%)
   자극 B: 48/48 (100.0%)

=== 학습 후 자극별 출력 (선택 이전의 원 신호) ===
  자극 A → 정답 L | out_L=   6  out_R=  27  차이   -21 | KC 96개
  자극 B → 정답 R | out_L=   0  out_R=  87  차이   -87 | KC 93개

=== 가중치 구조 (A전용 KC 68개, B전용 KC 65개) ===
  A전용 KC → out_L 평균 0.5710 | out_R 평균 0.5734 | 차이 -0.0024 (정답은 out_L) **반대**
  B전용 KC → out_L 평균 0.5489 | out_R 평균 0.5973 | 차이 -0.0484 (정답은 out_R) **정답쪽 우세**

=== 가중치 변화 ===
  kc_out_l: n=7949 |Δ|평균 0.03286 변화율  35.9% | 평균 0.500→0.530 | std 0.0000→0.0599
  kc_out_r: n=8076 |Δ|평균 0.03758 변화율  37.3% | 평균 0.500→0.530 | std 0.0000→0.0772

=== 요약 (mode=learn seed=11) ===
  첫 구간 51.2% → 마지막 구간 63.5% | 변화 +12.3%p | 보상률 57.4%
=> MINCIRC mode=learn seed=11 first=51.2 last=63.5 delta=+12.3 reward=57.4 **eval=48.0** tie=0 trialseed=601
