[관계] 항목 8개(훈련 4, 새 4), 반쪽 50 중 활성 15, 항목 간 겹침 2~8(평균 4.6), 새↔훈련 겹침 2~8, 패턴 64개(S 8, D 56)
make: Entering directory '/root/e125_main_run/minimal_circuit_CODE'
make: Leaving directory '/root/e125_main_run/minimal_circuit_CODE'
  시행    1~ 400: 정답률  52.2%
  시행  401~ 800: 정답률  65.2%
=> SDGEN mode=learn seed=14 trialseed=600 train_same=100.0 train_diff=100.0 train_bal=100.0 novel_same=57.1 novel_diff=52.9 novel_bal=55.0 | ties train:0 novel:3 | n_same/diff train 47/53 novel 49/51
=> SDLAB rule=half1 mode=learn seed=14 trialseed=600 train_accL=100.0 train_accR=100.0 train_lbal=100.0 novel_accL=56.2 novel_accR=53.8 novel_lbal=55.0

=== 평가 (탐색 없음, 학습 없음, 무작위 순서 100시행) : 정답률 57.0% | 동점 0회 ===
   자극 A: 57/57 (100.0%)
   자극 B: 0/43 (0.0%)

=== 학습 후 자극별 출력 (선택 이전의 원 신호) ===
  자극 A → 정답 L | out_L=  34  out_R=  20  차이   +14 | KC 85개
  자극 B → 정답 R | out_L=  29  out_R=  18  차이   +11 | KC 93개

=== 가중치 구조 (A전용 KC 62개, B전용 KC 70개) ===
  A전용 KC → out_L 평균 0.5627 | out_R 평균 0.5740 | 차이 -0.0114 (정답은 out_L) **반대**
  B전용 KC → out_L 평균 0.5774 | out_R 평균 0.5758 | 차이 +0.0016 (정답은 out_R) **반대**

=== 가중치 변화 ===
  kc_out_l: n=7975 |Δ|평균 0.03458 변화율  37.0% | 평균 0.500→0.531 | std 0.0000→0.0677
  kc_out_r: n=8075 |Δ|평균 0.03705 변화율  36.9% | 평균 0.500→0.534 | std 0.0000→0.0666

=== 요약 (mode=learn seed=14) ===
  첫 구간 52.2% → 마지막 구간 65.2% | 변화 +13.0%p | 보상률 58.8%
=> MINCIRC mode=learn seed=14 first=52.2 last=65.2 delta=+13.0 reward=58.8 **eval=57.0** tie=0 trialseed=600
