[관계] 항목 8개(훈련 4, 새 4), 반쪽 50 중 활성 15, 항목 간 겹침 2~7(평균 4.3), 새↔훈련 겹침 2~7, 패턴 64개(S 8, D 56)
make: Entering directory '/root/e125_main_run/minimal_circuit_CODE'
make: Nothing to be done for 'all'.
make: Leaving directory '/root/e125_main_run/minimal_circuit_CODE'
  시행    1~ 400: 정답률  59.8%
  시행  401~ 800: 정답률  67.8%
=> SDGEN mode=learn seed=10 trialseed=601 train_same=100.0 train_diff=100.0 train_bal=100.0 novel_same=50.0 novel_diff=18.0 novel_bal=34.0 | ties train:0 novel:0 | n_same/diff train 49/51 novel 50/50
=> SDLAB rule=half1 mode=learn seed=10 trialseed=601 train_accL=100.0 train_accR=100.0 train_lbal=100.0 novel_accL=68.0 novel_accR=0.0 novel_lbal=34.0

=== 평가 (탐색 없음, 학습 없음, 무작위 순서 100시행) : 정답률 0.0% | 동점 0회 ===
   자극 A: 0/44 (0.0%)
   자극 B: 0/56 (0.0%)

=== 학습 후 자극별 출력 (선택 이전의 원 신호) ===
  자극 A → 정답 L | out_L=  15  out_R=  18  차이    -3 | KC 98개
  자극 B → 정답 R | out_L=  18  out_R=  10  차이    +8 | KC 114개

=== 가중치 구조 (A전용 KC 65개, B전용 KC 81개) ===
  A전용 KC → out_L 평균 0.5747 | out_R 평균 0.5768 | 차이 -0.0022 (정답은 out_L) **반대**
  B전용 KC → out_L 평균 0.5867 | out_R 평균 0.5700 | 차이 +0.0167 (정답은 out_R) **반대**

=== 가중치 변화 ===
  kc_out_l: n=7952 |Δ|평균 0.04478 변화율  38.9% | 평균 0.500→0.541 | std 0.0000→0.0814
  kc_out_r: n=7999 |Δ|평균 0.04121 변화율  39.6% | 평균 0.500→0.538 | std 0.0000→0.0713

=== 요약 (mode=learn seed=10) ===
  첫 구간 59.8% → 마지막 구간 67.8% | 변화 +8.0%p | 보상률 63.7%
=> MINCIRC mode=learn seed=10 first=59.8 last=67.8 delta=+8.0 reward=63.7 **eval=0.0** tie=0 trialseed=601
