[관계] 항목 8개(훈련 4, 새 4), 반쪽 50 중 활성 15, 항목 간 겹침 1~8(평균 4.7), 새↔훈련 겹침 2~8, 패턴 64개(S 8, D 56)
make: Entering directory '/root/e125_run/minimal_circuit_CODE'
make: Nothing to be done for 'all'.
make: Leaving directory '/root/e125_run/minimal_circuit_CODE'
  시행    1~ 400: 정답률  58.8%
  시행  401~ 800: 정답률  54.2%
=> SDGEN mode=learn seed=18 trialseed=601 train_same=84.1 train_diff=64.3 train_bal=74.2 novel_same=40.4 novel_diff=56.6 novel_bal=48.5 | ties train:0 novel:0 | n_same/diff train 44/56 novel 47/53
=> SDLAB rule=half1 mode=learn seed=18 trialseed=601 train_accL=100.0 train_accR=37.2 train_lbal=68.6 novel_accL=100.0 novel_accR=0.0 novel_lbal=50.0

=== 평가 (탐색 없음, 학습 없음, 무작위 순서 100시행) : 정답률 48.0% | 동점 0회 ===
   자극 A: 48/48 (100.0%)
   자극 B: 0/52 (0.0%)

=== 학습 후 자극별 출력 (선택 이전의 원 신호) ===
  자극 A → 정답 L | out_L=  35  out_R=   5  차이   +30 | KC 97개
  자극 B → 정답 R | out_L=  50  out_R=   3  차이   +47 | KC 101개

=== 가중치 구조 (A전용 KC 73개, B전용 KC 77개) ===
  A전용 KC → out_L 평균 0.5832 | out_R 평균 0.5481 | 차이 +0.0351 (정답은 out_L) **정답쪽 우세**
  B전용 KC → out_L 평균 0.6166 | out_R 평균 0.5464 | 차이 +0.0702 (정답은 out_R) **반대**

=== 가중치 변화 ===
  kc_out_l: n=8073 |Δ|평균 0.04503 변화율  37.2% | 평균 0.500→0.540 | std 0.0000→0.0825
  kc_out_r: n=7892 |Δ|평균 0.02213 변화율  36.3% | 평균 0.500→0.520 | std 0.0000→0.0426

=== 요약 (mode=learn seed=18) ===
  첫 구간 58.8% → 마지막 구간 54.2% | 변화 -4.5%p | 보상률 56.5%
=> MINCIRC mode=learn seed=18 first=58.8 last=54.2 delta=-4.5 reward=56.5 **eval=48.0** tie=0 trialseed=601
