make: Entering directory '/root/minc_run/minimal_circuit_CODE'
make: Nothing to be done for 'all'.
make: Leaving directory '/root/minc_run/minimal_circuit_CODE'
  시행    1~ 400: 정답률  65.2%
  시행  401~ 800: 정답률  48.8%
  시행  801~1200: 정답률  51.7%
  시행 1201~1600: 정답률  54.2%

=== 평가 (탐색 없음, 학습 없음, 무작위 순서 100시행) : 정답률 56.0% | 동점 0회 ===
   자극 A: 0/44 (0.0%)
   자극 B: 56/56 (100.0%)

=== 학습 후 자극별 출력 (선택 이전의 원 신호) ===
  자극 A → 정답 L | out_L=  16  out_R= 181  차이  -165 | KC 90개
  자극 B → 정답 R | out_L=  15  out_R= 337  차이  -322 | KC 112개

=== 가중치 구조 (A전용 KC 65개, B전용 KC 87개) ===
  A전용 KC → out_L 평균 2.1420 | out_R 평균 3.0988 | 차이 -0.9568 (정답은 out_L) **반대**
  B전용 KC → out_L 평균 1.7432 | out_R 평균 11.9299 | 차이 -10.1867 (정답은 out_R) **정답쪽 우세**

=== 가중치 변화 ===
  kc_out_l: n=8062 |Δ|평균 0.35035 변화율  22.0% | 평균 0.500→0.850 | std 0.0000→1.0701
  kc_out_r: n=8032 |Δ|평균 1.78390 변화율  22.1% | 평균 0.500→2.284 | std 0.0000→3.9274

=== 요약 (mode=learn seed=0) ===
  첫 구간 65.2% → 마지막 구간 54.2% | 변화 -11.0%p | 보상률 55.0%
=> MINCIRC mode=learn seed=0 first=65.2 last=54.2 delta=-11.0 reward=55.0 **eval=56.0** tie=0 trialseed=103
