make: Entering directory '/root/minc_run/minimal_circuit_CODE'
make: Leaving directory '/root/minc_run/minimal_circuit_CODE'
  시행    1~ 400: 정답률  47.2%
  시행  401~ 800: 정답률  53.0%
  시행  801~1200: 정답률  47.2%
  시행 1201~1600: 정답률  47.5%

=== 평가 (탐색 없음, 학습 없음, 무작위 순서 100시행) : 정답률 56.0% | 동점 0회 ===
   자극 A: 0/44 (0.0%)
   자극 B: 56/56 (100.0%)

=== 학습 후 자극별 출력 (선택 이전의 원 신호) ===
  자극 A → 정답 L | out_L=   0  out_R= 270  차이  -270 | KC 90개
  자극 B → 정답 R | out_L=   5  out_R= 351  차이  -346 | KC 112개

=== 가중치 구조 (A전용 KC 65개, B전용 KC 87개) ===
  A전용 KC → out_L 평균 0.8288 | out_R 평균 4.2977 | 차이 -3.4689 (정답은 out_L) **반대**
  B전용 KC → out_L 평균 1.1750 | out_R 평균 12.1720 | 차이 -10.9970 (정답은 out_R) **정답쪽 우세**

=== 가중치 변화 ===
  kc_out_l: n=8062 |Δ|평균 0.12779 변화율  22.0% | 평균 0.500→0.628 | std 0.0000→0.5469
  kc_out_r: n=8032 |Δ|평균 1.88419 변화율  22.1% | 평균 0.500→2.384 | std 0.0000→3.9252

=== 요약 (mode=learn seed=0) ===
  첫 구간 47.2% → 마지막 구간 47.5% | 변화 +0.2%p | 보상률 48.8%
=> MINCIRC mode=learn seed=0 first=47.2 last=47.5 delta=+0.2 reward=48.8 **eval=56.0** tie=0 trialseed=100
