=== E070 실행: 2026-08-31T14:38:22Z ===
커맨드: wsl bash -lc 'bash /mnt/c/Users/JungHyun/Desktop/brain/BrainSimulation-rebuild/scripts/e070_main.sh'
---
--- seed=0 ---
  기준1.0x   seed=0 수리: === 종료코드 13 ===
=== E070 실행: 2026-08-31T15:47:20Z ===
커맨드: wsl bash -lc 'bash /mnt/c/Users/JungHyun/Desktop/brain/BrainSimulation-rebuild/scripts/e070_main.sh'
---
--- seed=0 ---
  기준1.0x   seed=0 수리: => 정답률 +0.0%p | **변조폭 변화 +0.0140** | 판정: 변화 없음
  기준1.0x   seed=0 정적: => 정답률 +0.0%p | **변조폭 변화 +0.0232** | 판정: 학습이 반사 방향으로 강화
  학습3.75x  seed=0 수리: => 정답률 +0.0%p | **변조폭 변화 +0.0135** | 판정: 변화 없음
  학습3.75x  seed=0 정적: => 정답률 +0.0%p | **변조폭 변화 +0.0232** | 판정: 학습이 반사 방향으로 강화
  반사3.0x   seed=0 수리: => 정답률 +0.0%p | **변조폭 변화 +0.0153** | 판정: 변화 없음
  반사3.0x   seed=0 정적: => 정답률 +0.0%p | **변조폭 변화 +0.0232** | 판정: 학습이 반사 방향으로 강화
  양쪽11.25x seed=0 수리: => 정답률 +0.0%p | **변조폭 변화 +0.0161** | 판정: 변화 없음
  양쪽11.25x seed=0 정적: => 정답률 +0.0%p | **변조폭 변화 +0.0232** | 판정: 학습이 반사 방향으로 강화
--- seed=1 ---
  기준1.0x   seed=1 수리: => 정답률 +0.0%p | **변조폭 변화 +0.0026** | 판정: 변화 없음
  기준1.0x   seed=1 정적: => 정답률 +0.0%p | **변조폭 변화 +0.0092** | 판정: 변화 없음
  학습3.75x  seed=1 수리: => 정답률 +0.0%p | **변조폭 변화 +0.0020** | 판정: 변화 없음
  학습3.75x  seed=1 정적: => 정답률 +0.0%p | **변조폭 변화 +0.0092** | 판정: 변화 없음
  반사3.0x   seed=1 수리: => 정답률 +0.0%p | **변조폭 변화 +0.0114** | 판정: 변화 없음
  반사3.0x   seed=1 정적: => 정답률 +0.0%p | **변조폭 변화 +0.0234** | 판정: 학습이 반사 방향으로 강화
  양쪽11.25x seed=1 수리: => 정답률 +0.0%p | **변조폭 변화 +0.0062** | 판정: 변화 없음
  양쪽11.25x seed=1 정적: => 정답률 +0.0%p | **변조폭 변화 +0.0234** | 판정: 학습이 반사 방향으로 강화
--- seed=2 ---
  기준1.0x   seed=2 수리: => 정답률 +0.0%p | **변조폭 변화 -0.0054** | 판정: 변화 없음
  기준1.0x   seed=2 정적: => 정답률 +0.0%p | **변조폭 변화 -0.0057** | 판정: 변화 없음
  학습3.75x  seed=2 수리: => 정답률 +0.0%p | **변조폭 변화 +0.0072** | 판정: 변화 없음
  학습3.75x  seed=2 정적: => 정답률 +0.0%p | **변조폭 변화 -0.0057** | 판정: 변화 없음
  반사3.0x   seed=2 수리: => 정답률 +0.0%p | **변조폭 변화 +0.0005** | 판정: 변화 없음
  반사3.0x   seed=2 정적: => 정답률 +0.0%p | **변조폭 변화 +0.0026** | 판정: 변화 없음
  양쪽11.25x seed=2 수리: => 정답률 +0.0%p | **변조폭 변화 +0.0080** | 판정: 변화 없음
  양쪽11.25x seed=2 정적: => 정답률 +0.0%p | **변조폭 변화 +0.0026** | 판정: 변화 없음
=== 종료코드 0 ===
