=== E072 실행: 2026-09-02T09:42:16Z ===
커맨드: wsl bash -lc 'bash /mnt/c/Users/JungHyun/Desktop/brain/BrainSimulation-rebuild/scripts/e072_main.sh'
---
=== 조작검증: 전달 생존(보상>0 이어야) ===
[학습] 6ep 완료, 보상 478회 (탐색 주입 1058회, ε=0.60)
=== 본 실험 ===
--- seed=0 ---
  기준1.0x   수리: => 정답률 +0.0%p | **변조폭 변화 +0.0175** | 판정: 변화 없음
  기준1.0x   정적: => 정답률 +0.0%p | **변조폭 변화 +0.0288** | 판정: 학습이 반사 방향으로 강화
  양쪽11.25x 수리: => 정답률 +0.0%p | **변조폭 변화 +0.0211** | 판정: 학습이 반사 방향으로 강화
  양쪽11.25x 정적: => 정답률 +0.0%p | **변조폭 변화 +0.0225** | 판정: 학습이 반사 방향으로 강화
--- seed=1 ---
  기준1.0x   수리: => 정답률 +0.0%p | **변조폭 변화 +0.0034** | 판정: 변화 없음
  기준1.0x   정적: => 정답률 +0.0%p | **변조폭 변화 +0.0098** | 판정: 변화 없음
  양쪽11.25x 수리: => 정답률 +0.0%p | **변조폭 변화 +0.0021** | 판정: 변화 없음
  양쪽11.25x 정적: => 정답률 +0.0%p | **변조폭 변화 +0.0102** | 판정: 변화 없음
--- seed=2 ---
  기준1.0x   수리: => 정답률 +0.0%p | **변조폭 변화 +0.0206** | 판정: 학습이 반사 방향으로 강화
  기준1.0x   정적: => 정답률 +0.0%p | **변조폭 변화 -0.0078** | 판정: 변화 없음
  양쪽11.25x 수리: => 정답률 +0.0%p | **변조폭 변화 +0.0039** | 판정: 변화 없음
  양쪽11.25x 정적: => 정답률 +0.0%p | **변조폭 변화 -0.0025** | 판정: 변화 없음
=== 종료코드 0 ===
=== E072 실행: 2026-09-02T14:35:49Z ===
커맨드: wsl bash -lc 'bash /mnt/c/Users/JungHyun/Desktop/brain/BrainSimulation-rebuild/scripts/e072_extend.sh'
---
--- seed=3 ---
  기준1.0x   수리: => 정답률 +0.0%p | **변조폭 변화 +0.0104** | 판정: 변화 없음
  기준1.0x   정적: => 정답률 -9.0%p | **변조폭 변화 +0.0255** | 판정: 학습이 반사 방향으로 강화
  양쪽11.25x 수리: => 정답률 -25.0%p | **변조폭 변화 +0.0245** | 판정: 학습이 반사 방향으로 강화
  양쪽11.25x 정적: => 정답률 -8.0%p | **변조폭 변화 +0.0180** | 판정: 변화 없음
--- seed=4 ---
  기준1.0x   수리: => 정답률 +0.0%p | **변조폭 변화 -0.0617** | 판정: 학습이 조향을 역전 방향으로 이동
  기준1.0x   정적: => 정답률 +0.0%p | **변조폭 변화 -0.0631** | 판정: 학습이 조향을 역전 방향으로 이동
  양쪽11.25x 수리: => 정답률 +0.0%p | **변조폭 변화 -0.0544** | 판정: 학습이 조향을 역전 방향으로 이동
  양쪽11.25x 정적: => 정답률 +3.0%p | **변조폭 변화 -0.0657** | 판정: 학습이 조향을 역전 방향으로 이동
=== 종료코드 0 ===
