=== E073 실행: 2026-09-03T16:14:08Z ===
커맨드: wsl bash -lc 'bash /mnt/c/Users/JungHyun/Desktop/brain/BrainSimulation-rebuild/scripts/e073_main.sh'
---
### A. 뇌 고정(0), 환경 0~4 → 환경 분산 ###
  A_env0           수리: => 정답률 +0.0%p | **변조폭 변화 +0.0175** | 판정: 변화 없음
  A_env0           정적: => 정답률 +0.0%p | **변조폭 변화 +0.0288** | 판정: 학습이 반사 방향으로 강화
  A_env1           수리: => 정답률 +0.0%p | **변조폭 변화 +0.0034** | 판정: 변화 없음
  A_env1           정적: => 정답률 +0.0%p | **변조폭 변화 +0.0098** | 판정: 변화 없음
  A_env2           수리: => 정답률 +0.0%p | **변조폭 변화 +0.0206** | 판정: 학습이 반사 방향으로 강화
  A_env2           정적: => 정답률 +0.0%p | **변조폭 변화 -0.0078** | 판정: 변화 없음
  A_env3           수리: => 정답률 +0.0%p | **변조폭 변화 +0.0086** | 판정: 변화 없음
  A_env3           정적: => 정답률 -9.0%p | **변조폭 변화 +0.0255** | 판정: 학습이 반사 방향으로 강화
  A_env4           수리: => 정답률 +0.0%p | **변조폭 변화 -0.0628** | 판정: 학습이 조향을 역전 방향으로 이동
  A_env4           정적: => 정답률 +0.0%p | **변조폭 변화 -0.0631** | 판정: 학습이 조향을 역전 방향으로 이동
### B. 환경 고정(0), 뇌 0~4 → 뇌 분산 ###
  B_brain0         수리: => 정답률 +0.0%p | **변조폭 변화 +0.0175** | 판정: 변화 없음
  B_brain0         정적: => 정답률 +0.0%p | **변조폭 변화 +0.0288** | 판정: 학습이 반사 방향으로 강화
  B_brain1         수리: => 정답률 +0.0%p | **변조폭 변화 +0.0017** | 판정: 변화 없음
  B_brain1         정적: => 정답률 +0.0%p | **변조폭 변화 +0.0022** | 판정: 변화 없음
  B_brain2         수리: => 정답률 +0.0%p | **변조폭 변화 +0.0197** | 판정: 변화 없음
  B_brain2         정적: => 정답률 +0.0%p | **변조폭 변화 +0.0167** | 판정: 변화 없음
  B_brain3         수리: => 정답률 +0.0%p | **변조폭 변화 -0.0027** | 판정: 변화 없음
  B_brain3         정적: => 정답률 +0.0%p | **변조폭 변화 +0.0157** | 판정: 변화 없음
  B_brain4         수리: => 정답률 +0.0%p | **변조폭 변화 +0.0157** | 판정: 변화 없음
  B_brain4         정적: => 정답률 +0.0%p | **변조폭 변화 +0.0211** | 판정: 학습이 반사 방향으로 강화
=== 종료코드 0 ===
