=== E074 실행: 2026-09-05T11:25:31Z ===
커맨드: wsl bash -lc 'bash /mnt/c/Users/JungHyun/Desktop/brain/BrainSimulation-rebuild/scripts/e074_main.sh'
---
=== 조작검증: 전달 생존(보상>0) ===
[학습] 6ep 완료, 보상 478회 (탐색 주입 1058회, ε=0.60)
########## 환경 env=0 ##########
  env0 b0 기준1.0x 수리: => 정답률 +0.0%p | **변조폭 변화 +0.0175** | 판정: 변화 없음
  env0 b0 기준1.0x 정적: => 정답률 +0.0%p | **변조폭 변화 +0.0288** | 판정: 학습이 반사 방향으로 강화
  env0 b0 11.25x    수리: => 정답률 +0.0%p | **변조폭 변화 +0.0212** | 판정: 학습이 반사 방향으로 강화
  env0 b0 11.25x    정적: => 정답률 +0.0%p | **변조폭 변화 +0.0225** | 판정: 학습이 반사 방향으로 강화
  env0 b1 기준1.0x 수리: => 정답률 +0.0%p | **변조폭 변화 +0.0017** | 판정: 변화 없음
  env0 b1 기준1.0x 정적: => 정답률 +0.0%p | **변조폭 변화 +0.0022** | 판정: 변화 없음
  env0 b1 11.25x    수리: => 정답률 +0.0%p | **변조폭 변화 +0.0158** | 판정: 변화 없음
  env0 b1 11.25x    정적: => 정답률 +0.0%p | **변조폭 변화 -0.0018** | 판정: 변화 없음
  env0 b2 기준1.0x 수리: => 정답률 +0.0%p | **변조폭 변화 +0.0197** | 판정: 변화 없음
  env0 b2 기준1.0x 정적: => 정답률 +0.0%p | **변조폭 변화 +0.0167** | 판정: 변화 없음
  env0 b2 11.25x    수리: => 정답률 +0.0%p | **변조폭 변화 +0.0282** | 판정: 학습이 반사 방향으로 강화
  env0 b2 11.25x    정적: => 정답률 +0.0%p | **변조폭 변화 +0.0165** | 판정: 변화 없음
  env0 b3 기준1.0x 수리: => 정답률 +0.0%p | **변조폭 변화 -0.0027** | 판정: 변화 없음
  env0 b3 기준1.0x 정적: => 정답률 +0.0%p | **변조폭 변화 +0.0157** | 판정: 변화 없음
  env0 b3 11.25x    수리: => 정답률 +0.0%p | **변조폭 변화 +0.0120** | 판정: 변화 없음
  env0 b3 11.25x    정적: => 정답률 +0.0%p | **변조폭 변화 +0.0104** | 판정: 변화 없음
  env0 b4 기준1.0x 수리: => 정답률 +0.0%p | **변조폭 변화 +0.0157** | 판정: 변화 없음
  env0 b4 기준1.0x 정적: => 정답률 +0.0%p | **변조폭 변화 +0.0211** | 판정: 학습이 반사 방향으로 강화
  env0 b4 11.25x    수리: => 정답률 +0.0%p | **변조폭 변화 +0.0152** | 판정: 변화 없음
  env0 b4 11.25x    정적: => 정답률 +0.0%p | **변조폭 변화 +0.0199** | 판정: 변화 없음
########## 환경 env=1 ##########
  env1 b0 기준1.0x 수리: => 정답률 +0.0%p | **변조폭 변화 +0.0034** | 판정: 변화 없음
  env1 b0 기준1.0x 정적: => 정답률 +0.0%p | **변조폭 변화 +0.0098** | 판정: 변화 없음
  env1 b0 11.25x    수리: => 정답률 +0.0%p | **변조폭 변화 +0.0023** | 판정: 변화 없음
  env1 b0 11.25x    정적: => 정답률 +0.0%p | **변조폭 변화 +0.0102** | 판정: 변화 없음
  env1 b1 기준1.0x 수리: => 정답률 +0.0%p | **변조폭 변화 +0.0000** | 판정: 변화 없음
  env1 b1 기준1.0x 정적: => 정답률 +0.0%p | **변조폭 변화 -0.0115** | 판정: 변화 없음
  env1 b1 11.25x    수리: => 정답률 +0.0%p | **변조폭 변화 -0.0148** | 판정: 변화 없음
  env1 b1 11.25x    정적: => 정답률 +0.0%p | **변조폭 변화 -0.0041** | 판정: 변화 없음
  env1 b2 기준1.0x 수리: => 정답률 +0.0%p | **변조폭 변화 +0.0072** | 판정: 변화 없음
  env1 b2 기준1.0x 정적: => 정답률 +0.0%p | **변조폭 변화 -0.0037** | 판정: 변화 없음
  env1 b2 11.25x    수리: => 정답률 +0.0%p | **변조폭 변화 -0.0011** | 판정: 변화 없음
  env1 b2 11.25x    정적: => 정답률 +0.0%p | **변조폭 변화 -0.0016** | 판정: 변화 없음
  env1 b3 기준1.0x 수리: => 정답률 +0.0%p | **변조폭 변화 -0.0159** | 판정: 변화 없음
  env1 b3 기준1.0x 정적: => 정답률 +0.0%p | **변조폭 변화 +0.0142** | 판정: 변화 없음
  env1 b3 11.25x    수리: => 정답률 +0.0%p | **변조폭 변화 -0.0067** | 판정: 변화 없음
  env1 b3 11.25x    정적: => 정답률 +0.0%p | **변조폭 변화 +0.0136** | 판정: 변화 없음
  env1 b4 기준1.0x 수리: => 정답률 +0.0%p | **변조폭 변화 -0.0219** | 판정: 학습이 조향을 역전 방향으로 이동
  env1 b4 기준1.0x 정적: => 정답률 +0.0%p | **변조폭 변화 +0.0186** | 판정: 변화 없음
  env1 b4 11.25x    수리: => 정답률 +0.0%p | **변조폭 변화 -0.0042** | 판정: 변화 없음
  env1 b4 11.25x    정적: => 정답률 +0.0%p | **변조폭 변화 +0.0176** | 판정: 변화 없음
########## 환경 env=2 ##########
  env2 b0 기준1.0x 수리: => 정답률 +0.0%p | **변조폭 변화 +0.0207** | 판정: 학습이 반사 방향으로 강화
  env2 b0 기준1.0x 정적: => 정답률 +0.0%p | **변조폭 변화 -0.0078** | 판정: 변화 없음
  env2 b0 11.25x    수리: => 정답률 +0.0%p | **변조폭 변화 +0.0039** | 판정: 변화 없음
  env2 b0 11.25x    정적: => 정답률 +0.0%p | **변조폭 변화 -0.0025** | 판정: 변화 없음
  env2 b1 기준1.0x 수리: => 정답률 +0.0%p | **변조폭 변화 +0.0058** | 판정: 변화 없음
  env2 b1 기준1.0x 정적: => 정답률 +0.0%p | **변조폭 변화 -0.0009** | 판정: 변화 없음
  env2 b1 11.25x    수리: => 정답률 +0.0%p | **변조폭 변화 -0.0151** | 판정: 변화 없음
  env2 b1 11.25x    정적: => 정답률 +0.0%p | **변조폭 변화 +0.0115** | 판정: 변화 없음
  env2 b2 기준1.0x 수리: === 종료코드 1 ===
=== E074 실행: 2026-09-06T14:58:13Z ===
커맨드: wsl bash -lc 'bash /mnt/c/Users/JungHyun/Desktop/brain/BrainSimulation-rebuild/scripts/e074_resume.sh'
---
  env2 b2 기준1.0x 수리: => 정답률 +0.0%p | **변조폭 변화 +0.0353** | 판정: 학습이 반사 방향으로 강화
  env2 b2 기준1.0x 정적: => 정답률 +0.0%p | **변조폭 변화 +0.0059** | 판정: 변화 없음
  env2 b2 11.25x    수리: => 정답률 +0.0%p | **변조폭 변화 +0.0091** | 판정: 변화 없음
  env2 b2 11.25x    정적: => 정답률 +0.0%p | **변조폭 변화 +0.0136** | 판정: 변화 없음
  env2 b3 기준1.0x 수리: => 정답률 +0.0%p | **변조폭 변화 +0.0091** | 판정: 변화 없음
  env2 b3 기준1.0x 정적: => 정답률 +0.0%p | **변조폭 변화 -0.0124** | 판정: 변화 없음
  env2 b3 11.25x    수리: => 정답률 +2.0%p | **변조폭 변화 -0.0149** | 판정: 변화 없음
  env2 b3 11.25x    정적: => 정답률 +0.0%p | **변조폭 변화 -0.0106** | 판정: 변화 없음
  env2 b4 기준1.0x 수리: => 정답률 +0.0%p | **변조폭 변화 -0.0005** | 판정: 변화 없음
  env2 b4 기준1.0x 정적: => 정답률 +0.0%p | **변조폭 변화 -0.0032** | 판정: 변화 없음
  env2 b4 11.25x    수리: => 정답률 +1.0%p | **변조폭 변화 -0.0033** | 판정: 변화 없음
  env2 b4 11.25x    정적: => 정답률 +0.0%p | **변조폭 변화 -0.0118** | 판정: 변화 없음
=== 종료코드 0 ===
