=== E076 실행: 2026-09-09T13:28:50Z ===
커맨드: wsl bash -lc 'bash /mnt/c/Users/JungHyun/Desktop/brain/BrainSimulation-rebuild/scripts/e076_main.sh'
---
=== E076 실행: 2026-09-12T04:46:49Z ===
커맨드: wsl bash -lc 'bash /mnt/c/Users/JungHyun/Desktop/brain/BrainSimulation-rebuild/scripts/e076_main.sh'
---
[E076] 시작
=== 조작검증: 전달 생존 ===
[학습] 6ep 완료, 보상 478회 (탐색 주입 1058회, ε=0.60)
########## env=0 원본 ##########
  env0 원본 b0 수리: => 정답률 +0.0%p | **변조폭 변화 +0.0175** | 판정: 변화 없음
  env0 원본 b0 정적: => 정답률 +0.0%p | **변조폭 변화 +0.0288** | 판정: 학습이 반사 방향으로 강화
  env0 원본 b1 수리: => 정답률 +0.0%p | **변조폭 변화 +0.0017** | 판정: 변화 없음
  env0 원본 b1 정적: => 정답률 +0.0%p | **변조폭 변화 +0.0022** | 판정: 변화 없음
  env0 원본 b2 수리: => 정답률 +0.0%p | **변조폭 변화 +0.0197** | 판정: 변화 없음
  env0 원본 b2 정적: => 정답률 +0.0%p | **변조폭 변화 +0.0167** | 판정: 변화 없음
  env0 원본 b3 수리: => 정답률 +0.0%p | **변조폭 변화 -0.0027** | 판정: 변화 없음
  env0 원본 b3 정적: => 정답률 +0.0%p | **변조폭 변화 +0.0157** | 판정: 변화 없음
  env0 원본 b4 수리: => 정답률 +0.0%p | **변조폭 변화 +0.0157** | 판정: 변화 없음
  env0 원본 b4 정적: => 정답률 +0.0%p | **변조폭 변화 +0.0211** | 판정: 학습이 반사 방향으로 강화
########## env=0 대칭 ##########
  env0 대칭 b0 수리: => 정답률 +0.0%p | **변조폭 변화 +0.0189** | 판정: 변화 없음
  env0 대칭 b0 정적: => 정답률 +0.0%p | **변조폭 변화 +0.0269** | 판정: 학습이 반사 방향으로 강화
  env0 대칭 b1 수리: => 정답률 +0.0%p | **변조폭 변화 +0.0180** | 판정: 변화 없음
  env0 대칭 b1 정적: => 정답률 +0.0%p | **변조폭 변화 +0.0023** | 판정: 변화 없음
  env0 대칭 b2 수리: => 정답률 +0.0%p | **변조폭 변화 +0.0355** | 판정: 학습이 반사 방향으로 강화
  env0 대칭 b2 정적: => 정답률 +0.0%p | **변조폭 변화 +0.0174** | 판정: 변화 없음
  env0 대칭 b3 수리: => 정답률 +0.0%p | **변조폭 변화 +0.0038** | 판정: 변화 없음
  env0 대칭 b3 정적: => 정답률 +0.0%p | **변조폭 변화 +0.0112** | 판정: 변화 없음
  env0 대칭 b4 수리: => 정답률 +0.0%p | **변조폭 변화 +0.0115** | 판정: 변화 없음
  env0 대칭 b4 정적: => 정답률 +0.0%p | **변조폭 변화 +0.0222** | 판정: 학습이 반사 방향으로 강화
########## env=5 원본 ##########
  env5 원본 b0 수리: => 정답률 -3.0%p | **변조폭 변화 +0.0239** | 판정: 학습이 반사 방향으로 강화
  env5 원본 b0 정적: => 정답률 -2.0%p | **변조폭 변화 +0.0266** | 판정: 학습이 반사 방향으로 강화
  env5 원본 b1 수리: => 정답률 +0.0%p | **변조폭 변화 +0.0269** | 판정: 학습이 반사 방향으로 강화
  env5 원본 b1 정적: => 정답률 +0.0%p | **변조폭 변화 +0.0149** | 판정: 변화 없음
  env5 원본 b2 수리: => 정답률 +0.0%p | **변조폭 변화 +0.0211** | 판정: 학습이 반사 방향으로 강화
  env5 원본 b2 정적: => 정답률 -4.0%p | **변조폭 변화 +0.0020** | 판정: 변화 없음
  env5 원본 b3 수리: => 정답률 +0.0%p | **변조폭 변화 +0.0049** | 판정: 변화 없음
  env5 원본 b3 정적: => 정답률 +0.0%p | **변조폭 변화 +0.0025** | 판정: 변화 없음
  env5 원본 b4 수리: => 정답률 -4.0%p | **변조폭 변화 +0.0163** | 판정: 변화 없음
  env5 원본 b4 정적: => 정답률 +0.0%p | **변조폭 변화 +0.0218** | 판정: 학습이 반사 방향으로 강화
########## env=5 대칭 ##########
  env5 대칭 b0 수리: => 정답률 -3.0%p | **변조폭 변화 +0.0207** | 판정: 학습이 반사 방향으로 강화
  env5 대칭 b0 정적: => 정답률 -2.0%p | **변조폭 변화 +0.0258** | 판정: 학습이 반사 방향으로 강화
  env5 대칭 b1 수리: => 정답률 +0.0%p | **변조폭 변화 +0.0290** | 판정: 학습이 반사 방향으로 강화
  env5 대칭 b1 정적: => 정답률 -3.0%p | **변조폭 변화 +0.0180** | 판정: 변화 없음
  env5 대칭 b2 수리: === 종료코드 1 ===
=== E076 실행: 2026-09-12T16:34:19Z ===
커맨드: wsl bash -lc 'bash /mnt/c/Users/JungHyun/Desktop/brain/BrainSimulation-rebuild/scripts/e076_resumable.sh'
---
########## env=0 원본 ##########
  env0 원본 b0 수리: [건너뜀]
  env0 원본 b0 정적: [건너뜀]
  env0 원본 b1 수리: [건너뜀]
  env0 원본 b1 정적: [건너뜀]
  env0 원본 b2 수리: [건너뜀]
  env0 원본 b2 정적: [건너뜀]
  env0 원본 b3 수리: [건너뜀]
  env0 원본 b3 정적: [건너뜀]
  env0 원본 b4 수리: [건너뜀]
  env0 원본 b4 정적: [건너뜀]
########## env=0 대칭 ##########
  env0 대칭 b0 수리: [건너뜀]
  env0 대칭 b0 정적: [건너뜀]
  env0 대칭 b1 수리: [건너뜀]
  env0 대칭 b1 정적: [건너뜀]
  env0 대칭 b2 수리: [건너뜀]
  env0 대칭 b2 정적: [건너뜀]
  env0 대칭 b3 수리: [건너뜀]
  env0 대칭 b3 정적: [건너뜀]
  env0 대칭 b4 수리: [건너뜀]
  env0 대칭 b4 정적: [건너뜀]
########## env=5 원본 ##########
  env5 원본 b0 수리: [건너뜀]
  env5 원본 b0 정적: [건너뜀]
  env5 원본 b1 수리: [건너뜀]
  env5 원본 b1 정적: [건너뜀]
  env5 원본 b2 수리: [건너뜀]
  env5 원본 b2 정적: [건너뜀]
  env5 원본 b3 수리: [건너뜀]
  env5 원본 b3 정적: [건너뜀]
  env5 원본 b4 수리: [건너뜀]
  env5 원본 b4 정적: [건너뜀]
########## env=5 대칭 ##########
  env5 대칭 b0 수리: [건너뜀]
  env5 대칭 b0 정적: [건너뜀]
  env5 대칭 b1 수리: [건너뜀]
  env5 대칭 b1 정적: [건너뜀]
  env5 대칭 b2 수리: => 정답률 +0.0%p | **변조폭 변화 +0.0202** | 판정: 학습이 반사 방향으로 강화
  env5 대칭 b2 정적: => 정답률 +0.0%p | **변조폭 변화 -0.0076** | 판정: 변화 없음
  env5 대칭 b3 수리: => 정답률 +0.0%p | **변조폭 변화 +0.0012** | 판정: 변화 없음
  env5 대칭 b3 정적: => 정답률 +0.0%p | **변조폭 변화 +0.0070** | 판정: 변화 없음
  env5 대칭 b4 수리: => 정답률 -4.0%p | **변조폭 변화 +0.0205** | 판정: 학습이 반사 방향으로 강화
  env5 대칭 b4 정적: => 정답률 +0.0%p | **변조폭 변화 +0.0177** | 판정: 변화 없음
########## env=6 원본 ##########
  env6 원본 b0 수리: => 정답률 +0.0%p | **변조폭 변화 -0.0181** | 판정: 변화 없음
  env6 원본 b0 정적: => 정답률 +0.0%p | **변조폭 변화 -0.0240** | 판정: 학습이 조향을 역전 방향으로 이동
  env6 원본 b1 수리: => 정답률 +0.0%p | **변조폭 변화 -0.0459** | 판정: 학습이 조향을 역전 방향으로 이동
  env6 원본 b1 정적: => 정답률 +0.0%p | **변조폭 변화 +0.0002** | 판정: 변화 없음
  env6 원본 b2 수리: => 정답률 +0.0%p | **변조폭 변화 -0.0594** | 판정: 학습이 조향을 역전 방향으로 이동
  env6 원본 b2 정적: => 정답률 +0.0%p | **변조폭 변화 -0.0296** | 판정: 학습이 조향을 역전 방향으로 이동
  env6 원본 b3 수리: => 정답률 +0.0%p | **변조폭 변화 -0.0526** | 판정: 학습이 조향을 역전 방향으로 이동
  env6 원본 b3 정적: => 정답률 +0.0%p | **변조폭 변화 -0.0337** | 판정: 학습이 조향을 역전 방향으로 이동
  env6 원본 b4 수리: => 정답률 +0.0%p | **변조폭 변화 -0.0580** | 판정: 학습이 조향을 역전 방향으로 이동
  env6 원본 b4 정적: => 정답률 +0.0%p | **변조폭 변화 -0.0391** | 판정: 학습이 조향을 역전 방향으로 이동
########## env=6 대칭 ##########
  env6 대칭 b0 수리: => 정답률 +0.0%p | **변조폭 변화 -0.0693** | 판정: 학습이 조향을 역전 방향으로 이동
  env6 대칭 b0 정적: => 정답률 +0.0%p | **변조폭 변화 -0.0562** | 판정: 학습이 조향을 역전 방향으로 이동
  env6 대칭 b1 수리: => 정답률 +0.0%p | **변조폭 변화 -0.0864** | 판정: 학습이 조향을 역전 방향으로 이동
  env6 대칭 b1 정적: => 정답률 +0.0%p | **변조폭 변화 -0.0476** | 판정: 학습이 조향을 역전 방향으로 이동
  env6 대칭 b2 수리: => 정답률 +0.0%p | **변조폭 변화 -0.0788** | 판정: 학습이 조향을 역전 방향으로 이동
  env6 대칭 b2 정적: => 정답률 +0.0%p | **변조폭 변화 -0.0612** | 판정: 학습이 조향을 역전 방향으로 이동
  env6 대칭 b3 수리: => 정답률 +0.0%p | **변조폭 변화 -0.0881** | 판정: 학습이 조향을 역전 방향으로 이동
  env6 대칭 b3 정적: => 정답률 +0.0%p | **변조폭 변화 -0.0639** | 판정: 학습이 조향을 역전 방향으로 이동
  env6 대칭 b4 수리: => 정답률 +0.0%p | **변조폭 변화 -0.0807** | 판정: 학습이 조향을 역전 방향으로 이동
  env6 대칭 b4 정적: => 정답률 +0.0%p | **변조폭 변화 -0.0670** | 판정: 학습이 조향을 역전 방향으로 이동
########## env=7 원본 ##########
  env7 원본 b0 수리: => 정답률 +0.0%p | **변조폭 변화 +0.0251** | 판정: 학습이 반사 방향으로 강화
  env7 원본 b0 정적: => 정답률 +0.0%p | **변조폭 변화 +0.0309** | 판정: 학습이 반사 방향으로 강화
  env7 원본 b1 수리: => 정답률 +0.0%p | **변조폭 변화 +0.0287** | 판정: 학습이 반사 방향으로 강화
  env7 원본 b1 정적: => 정답률 +0.0%p | **변조폭 변화 +0.0125** | 판정: 변화 없음
  env7 원본 b2 수리: => 정답률 +0.0%p | **변조폭 변화 +0.0338** | 판정: 학습이 반사 방향으로 강화
  env7 원본 b2 정적: => 정답률 +0.0%p | **변조폭 변화 +0.0236** | 판정: 학습이 반사 방향으로 강화
  env7 원본 b3 수리: => 정답률 +0.0%p | **변조폭 변화 +0.0113** | 판정: 변화 없음
  env7 원본 b3 정적: => 정답률 +0.0%p | **변조폭 변화 +0.0169** | 판정: 변화 없음
  env7 원본 b4 수리: => 정답률 +0.0%p | **변조폭 변화 +0.0209** | 판정: 학습이 반사 방향으로 강화
  env7 원본 b4 정적: => 정답률 +0.0%p | **변조폭 변화 +0.0274** | 판정: 학습이 반사 방향으로 강화
########## env=7 대칭 ##########
  env7 대칭 b0 수리: => 정답률 +0.0%p | **변조폭 변화 +0.0263** | 판정: 학습이 반사 방향으로 강화
  env7 대칭 b0 정적: => 정답률 +0.0%p | **변조폭 변화 +0.0320** | 판정: 학습이 반사 방향으로 강화
  env7 대칭 b1 수리: => 정답률 +0.0%p | **변조폭 변화 +0.0267** | 판정: 학습이 반사 방향으로 강화
  env7 대칭 b1 정적: => 정답률 +0.0%p | **변조폭 변화 +0.0113** | 판정: 변화 없음
  env7 대칭 b2 수리: => 정답률 +0.0%p | **변조폭 변화 +0.0331** | 판정: 학습이 반사 방향으로 강화
  env7 대칭 b2 정적: => 정답률 +0.0%p | **변조폭 변화 +0.0242** | 판정: 학습이 반사 방향으로 강화
  env7 대칭 b3 수리: => 정답률 +0.0%p | **변조폭 변화 +0.0132** | 판정: 변화 없음
  env7 대칭 b3 정적: => 정답률 +0.0%p | **변조폭 변화 +0.0176** | 판정: 변화 없음
  env7 대칭 b4 수리: => 정답률 +0.0%p | **변조폭 변화 +0.0153** | 판정: 변화 없음
  env7 대칭 b4 정적: => 정답률 +0.0%p | **변조폭 변화 +0.0280** | 판정: 학습이 반사 방향으로 강화
[E076] 전체 루프 종료
=== 종료코드 0 ===
