=== E079 실행: 2026-09-16T07:00:04Z ===
커맨드: wsl bash -lc 'bash /mnt/c/Users/JungHyun/Desktop/brain/BrainSimulation-rebuild/scripts/e079_main.sh'
---
########## 기본 ##########
  기본 b0 수리: => 정답률 +0.0%p | **변조폭 변화 +0.0175** | 판정: 변화 없음
  기본 b0 정적: => 정답률 +0.0%p | **변조폭 변화 +0.0288** | 판정: 학습이 반사 방향으로 강화
  기본 b1 수리: => 정답률 +0.0%p | **변조폭 변화 +0.0017** | 판정: 변화 없음
  기본 b1 정적: => 정답률 +0.0%p | **변조폭 변화 +0.0022** | 판정: 변화 없음
  기본 b2 수리: => 정답률 +0.0%p | **변조폭 변화 +0.0197** | 판정: 변화 없음
  기본 b2 정적: => 정답률 +0.0%p | **변조폭 변화 +0.0167** | 판정: 변화 없음
  기본 b3 수리: => 정답률 +0.0%p | **변조폭 변화 -0.0027** | 판정: 변화 없음
  기본 b3 정적: => 정답률 +0.0%p | **변조폭 변화 +0.0157** | 판정: 변화 없음
  기본 b4 수리: => 정답률 +0.0%p | **변조폭 변화 +0.0157** | 판정: 변화 없음
  기본 b4 정적: => 정답률 +0.0%p | **변조폭 변화 +0.0211** | 판정: 학습이 반사 방향으로 강화
########## KC학습 ##########
  KC학습 b0 수리: => 정답률 +0.0%p | **변조폭 변화 +0.0178** | 판정: 변화 없음
  KC학습 b0 정적: => 정답률 +0.0%p | **변조폭 변화 +0.0287** | 판정: 학습이 반사 방향으로 강화
  KC학습 b1 수리: => 정답률 +0.0%p | **변조폭 변화 +0.0038** | 판정: 변화 없음
  KC학습 b1 정적: => 정답률 +0.0%p | **변조폭 변화 +0.0039** | 판정: 변화 없음
  KC학습 b2 수리: => 정답률 +0.0%p | **변조폭 변화 +0.0191** | 판정: 변화 없음
  KC학습 b2 정적: => 정답률 +0.0%p | **변조폭 변화 +0.0163** | 판정: 변화 없음
  KC학습 b3 수리: => 정답률 +0.0%p | **변조폭 변화 +0.0022** | 판정: 변화 없음
  KC학습 b3 정적: => 정답률 +0.0%p | **변조폭 변화 +0.0184** | 판정: 변화 없음
  KC학습 b4 수리: => 정답률 +0.0%p | **변조폭 변화 +0.0167** | 판정: 변화 없음
  KC학습 b4 정적: => 정답률 +0.0%p | **변조폭 변화 +0.0223** | 판정: 학습이 반사 방향으로 강화
[E079] 전체 루프 종료
=== 종료코드 0 ===
