=== E082 실행: 2026-09-16T14:13:43Z ===
커맨드: bash scripts/e082_check.sh
---
kc_d1_w=0     seed=1 :  d1_left n=100 평균 31.6 std 37.2 **변동계수 1.177** 발화뉴런 59%| d1_right n=100 평균 19.4 std 29.6 **변동계수 1.527** 발화뉴런 51%|
kc_d1_w=20    seed=1 :  d1_left n=100 평균 35.2 std 39.5 **변동계수 1.123** 발화뉴런 61%| d1_right n=100 평균 19.0 std 29.6 **변동계수 1.556** 발화뉴런 46%|
kc_d1_w=60    seed=1 :  d1_left n=100 평균 41.2 std 43.4 **변동계수 1.053** 발화뉴런 65%| d1_right n=100 평균 18.6 std 30.2 **변동계수 1.626** 발화뉴런 43%|
kc_d1_w=150   seed=1 :  d1_left n=100 평균 53.4 std 48.3 **변동계수 0.905** 발화뉴런 71%| d1_right n=100 평균 17.9 std 31.0 **변동계수 1.733** 발화뉴런 40%|
kc_d1_w=400   seed=1 :  d1_left n=100 평균 79.5 std 50.6 **변동계수 0.636** 발화뉴런 84%| d1_right n=100 평균 21.4 std 35.4 **변동계수 1.653** 발화뉴런 42%|
=== 종료코드 0 ===
=== E082 실행: 2026-09-16T14:29:45Z ===
커맨드: bash scripts/e082_main.sh
---
########## 기본0.5 (kc_d1_w=0.5) ##########
  기본0.5 b0 수리: => 정답률 +0.0%p | **변조폭 변화 +0.0218** | 판정: 학습이 반사 방향으로 강화
  기본0.5 b0 정적: => 정답률 +0.0%p | **변조폭 변화 +0.0636** | 판정: 학습이 반사 방향으로 강화
  기본0.5 b1 수리: => 정답률 +0.0%p | **변조폭 변화 +0.0040** | 판정: 변화 없음
  기본0.5 b1 정적: => 정답률 +0.0%p | **변조폭 변화 +0.0152** | 판정: 변화 없음
  기본0.5 b2 수리: => 정답률 +0.0%p | **변조폭 변화 +0.0203** | 판정: 학습이 반사 방향으로 강화
  기본0.5 b2 정적: => 정답률 +0.0%p | **변조폭 변화 +0.0274** | 판정: 학습이 반사 방향으로 강화
  기본0.5 b3 수리: => 정답률 +0.0%p | **변조폭 변화 +0.0051** | 판정: 변화 없음
  기본0.5 b3 정적: => 정답률 +0.0%p | **변조폭 변화 +0.0262** | 판정: 학습이 반사 방향으로 강화
  기본0.5 b4 수리: => 정답률 +0.0%p | **변조폭 변화 +0.0212** | 판정: 학습이 반사 방향으로 강화
  기본0.5 b4 정적: => 정답률 +0.0%p | **변조폭 변화 +0.0298** | 판정: 학습이 반사 방향으로 강화
########## 고영향력150 (kc_d1_w=150) ##########
  고영향력150 b0 수리: => 정답률 +0.0%p | **변조폭 변화 -0.0549** | 판정: 학습이 조향을 역전 방향으로 이동
  고영향력150 b0 정적: => 정답률 +0.0%p | **변조폭 변화 +0.0279** | 판정: 학습이 반사 방향으로 강화
  고영향력150 b1 수리: => 정답률 +0.0%p | **변조폭 변화 -0.0286** | 판정: 학습이 조향을 역전 방향으로 이동
  고영향력150 b1 정적: => 정답률 +0.0%p | **변조폭 변화 -0.0069** | 판정: 변화 없음
  고영향력150 b2 수리: 