=== E084 실행: 2026-09-18T15:43:34Z ===
커맨드: bash scripts/e084_main.sh
---
########## kc_d1_w=0.5 / KC학습=off ##########
  w0.5 KCoff b0: => 정답률 +0.0%p | **변조폭 변화 -0.0004** | 판정: 변화 없음
  w0.5 KCoff b1: => 정답률 +0.0%p | **변조폭 변화 +0.0551** | 판정: 학습이 반사 방향으로 강화
  w0.5 KCoff b2: => 정답률 +0.0%p | **변조폭 변화 +0.0014** | 판정: 변화 없음
  w0.5 KCoff b3: => 정답률 +0.0%p | **변조폭 변화 -0.0107** | 판정: 변화 없음
  w0.5 KCoff b4: => 정답률 +0.0%p | **변조폭 변화 +0.0556** | 판정: 학습이 반사 방향으로 강화
########## kc_d1_w=0.5 / KC학습=on ##########
  w0.5 KCon b0: => 정답률 +0.0%p | **변조폭 변화 +0.0009** | 판정: 변화 없음
  w0.5 KCon b1: => 정답률 +0.0%p | **변조폭 변화 +0.0547** | 판정: 학습이 반사 방향으로 강화
  w0.5 KCon b2: => 정답률 +0.0%p | **변조폭 변화 +0.0022** | 판정: 변화 없음
  w0.5 KCon b3: => 정답률 +0.0%p | **변조폭 변화 -0.0141** | 판정: 변화 없음
  w0.5 KCon b4: => 정답률 +24.0%p | **변조폭 변화 +0.0541** | 판정: 학습이 반사 방향으로 강화
########## kc_d1_w=150 / KC학습=off ##########
  w150 KCoff b0: => 정답률 +0.0%p | **변조폭 변화 +0.0007** | 판정: 변화 없음
  w150 KCoff b1: => 정답률 +0.0%p | **변조폭 변화 +0.0448** | 판정: 학습이 반사 방향으로 강화
  w150 KCoff b2: => 정답률 +0.0%p | **변조폭 변화 -0.0197** | 판정: 변화 없음
  w150 KCoff b3: => 정답률 +0.0%p | **변조폭 변화 -0.0480** | 판정: 학습이 조향을 역전 방향으로 이동
  w150 KCoff b4: => 정답률 +50.0%p | **변조폭 변화 -0.0130** | 판정: 변화 없음
########## kc_d1_w=150 / KC학습=on ##########
  w150 KCon b0: => 정답률 +0.0%p | **변조폭 변화 -0.0204** | 판정: 학습이 조향을 역전 방향으로 이동
  w150 KCon b1: => 정답률 +0.0%p | **변조폭 변화 +0.0312** | 판정: 학습이 반사 방향으로 강화
  w150 KCon b2: => 정답률 +0.0%p | **변조폭 변화 -0.0506** | 판정: 학습이 조향을 역전 방향으로 이동
  w150 KCon b3: => 정답률 +0.0%p | **변조폭 변화 -0.0500** | 판정: 학습이 조향을 역전 방향으로 이동
  w150 KCon b4: => 정답률 +50.0%p | **변조폭 변화 -0.0195** | 판정: 변화 없음
[E084] 전체 루프 종료 — 원본 로그: /mnt/c/Users/JungHyun/Desktop/brain/BrainSimulation-rebuild/research/experiments/logs/E084
=== 종료코드 0 ===
