=== E085 실행: 2026-09-19T07:31:38Z ===
커맨드: bash scripts/e085_main.sh
---
########## kc_d1_w=0.5 / 가소성=off ##########
  w0.5 off b0: === E085 실행: 2026-09-19T08:01:54Z ===
커맨드: bash scripts/e085_main.sh
---
########## kc_d1_w=0.5 / 가소성=off ##########
  w0.5 off b0: => 정답률 +0.0%p | **변조폭 변화 +0.0000** | 판정: 변화 없음
  w0.5 off b1: => 정답률 +0.0%p | **변조폭 변화 +0.0000** | 판정: 변화 없음
  w0.5 off b2: => 정답률 +0.0%p | **변조폭 변화 +0.0000** | 판정: 변화 없음
  w0.5 off b3: => 정답률 +0.0%p | **변조폭 변화 +0.0000** | 판정: 변화 없음
  w0.5 off b4: => 정답률 +0.0%p | **변조폭 변화 +0.0000** | 판정: 변화 없음
########## kc_d1_w=0.5 / 가소성=other ##########
  w0.5 other b0: => 정답률 +0.0%p | **변조폭 변화 +0.0011** | 판정: 변화 없음
  w0.5 other b1: => 정답률 +0.0%p | **변조폭 변화 +0.0018** | 판정: 변화 없음
  w0.5 other b2: => 정답률 +0.0%p | **변조폭 변화 -0.0002** | 판정: 변화 없음
  w0.5 other b3: => 정답률 +0.0%p | **변조폭 변화 -0.0017** | 판정: 변화 없음
  w0.5 other b4: => 정답률 +0.0%p | **변조폭 변화 +0.0012** | 판정: 변화 없음
########## kc_d1_w=150 / 가소성=off ##########
  w150 off b0: => 정답률 +0.0%p | **변조폭 변화 +0.0000** | 판정: 변화 없음
  w150 off b1: => 정답률 +0.0%p | **변조폭 변화 +0.0000** | 판정: 변화 없음
  w150 off b2: => 정답률 +0.0%p | **변조폭 변화 +0.0000** | 판정: 변화 없음
  w150 off b3: => 정답률 +0.0%p | **변조폭 변화 +0.0000** | 판정: 변화 없음
  w150 off b4: => 정답률 +0.0%p | **변조폭 변화 +0.0000** | 판정: 변화 없음
########## kc_d1_w=150 / 가소성=other ##########
  w150 other b0: => 정답률 +0.0%p | **변조폭 변화 +0.0019** | 판정: 변화 없음
  w150 other b1: => 정답률 +0.0%p | **변조폭 변화 +0.0036** | 판정: 변화 없음
  w150 other b2: => 정답률 +0.0%p | **변조폭 변화 -0.0010** | 판정: 변화 없음
  w150 other b3: => 정답률 +0.0%p | **변조폭 변화 +0.0011** | 판정: 변화 없음
  w150 other b4: => 정답률 +0.0%p | **변조폭 변화 -0.0019** | 판정: 변화 없음
[E085] 전체 루프 종료 — 원본 로그: /mnt/c/Users/JungHyun/Desktop/brain/BrainSimulation-rebuild/research/experiments/logs/E085
=== 종료코드 0 ===
