=== E087 실행: 2026-09-24T15:51:42Z ===
커맨드: bash scripts/e087_main.sh
---
########## frozen ##########
  frozen s0:
      === 평가 (탐색 없음, 학습 없음, 무작위 순서 100시행) : 정답률 0.0% | 동점 0회 ===
        A전용 KC → out_L 평균 0.5000 | out_R 평균 0.5000 | 차이 +0.0000 (정답은 out_L) **반대**
        B전용 KC → out_L 평균 0.5000 | out_R 평균 0.5000 | 차이 +0.0000 (정답은 out_R) **정답쪽 우세**
        kc_out_l: n=8062 |Δ|평균 0.00000 변화율   0.0% | 평균 0.500→0.500 | std 0.0000→0.0000
        kc_out_r: n=8032 |Δ|평균 0.00000 변화율   0.0% | 평균 0.500→0.500 | std 0.0000→0.0000
      => MINCIRC mode=frozen seed=0 first=16.8 last=16.8 delta=+0.0 reward=0.0 **eval=0.0** tie=0
  frozen s1:
      === 평가 (탐색 없음, 학습 없음, 무작위 순서 100시행) : 정답률 100.0% | 동점 0회 ===
        A전용 KC → out_L 평균 0.5000 | out_R 평균 0.5000 | 차이 +0.0000 (정답은 out_L) **반대**
        B전용 KC → out_L 평균 0.5000 | out_R 평균 0.5000 | 차이 +0.0000 (정답은 out_R) **정답쪽 우세**
        kc_out_l: n=7920 |Δ|평균 0.00000 변화율   0.0% | 평균 0.500→0.500 | std 0.0000→0.0000
        kc_out_r: n=7952 |Δ|평균 0.00000 변화율   0.0% | 평균 0.500→0.500 | std 0.0000→0.0000
      => MINCIRC mode=frozen seed=1 first=86.0 last=86.0 delta=+0.0 reward=0.0 **eval=100.0** tie=0
  frozen s2:
      === 평가 (탐색 없음, 학습 없음, 무작위 순서 100시행) : 정답률 100.0% | 동점 0회 ===
        A전용 KC → out_L 평균 0.5000 | out_R 평균 0.5000 | 차이 +0.0000 (정답은 out_L) **반대**
        B전용 KC → out_L 평균 0.5000 | out_R 평균 0.5000 | 차이 +0.0000 (정답은 out_R) **정답쪽 우세**
        kc_out_l: n=8039 |Δ|평균 0.00000 변화율   0.0% | 평균 0.500→0.500 | std 0.0000→0.0000
        kc_out_r: n=7967 |Δ|평균 0.00000 변화율   0.0% | 평균 0.500→0.500 | std 0.0000→0.0000
      => MINCIRC mode=frozen seed=2 first=86.2 last=86.2 delta=+0.0 reward=0.0 **eval=100.0** tie=0
  frozen s3:
      === 평가 (탐색 없음, 학습 없음, 무작위 순서 100시행) : 정답률 47.0% | 동점 0회 ===
        A전용 KC → out_L 평균 0.5000 | out_R 평균 0.5000 | 차이 +0.0000 (정답은 out_L) **반대**
        B전용 KC → out_L 평균 0.5000 | out_R 평균 0.5000 | 차이 +0.0000 (정답은 out_R) **정답쪽 우세**
        kc_out_l: n=7953 |Δ|평균 0.00000 변화율   0.0% | 평균 0.500→0.500 | std 0.0000→0.0000
        kc_out_r: n=7937 |Δ|평균 0.00000 변화율   0.0% | 평균 0.500→0.500 | std 0.0000→0.0000
      => MINCIRC mode=frozen seed=3 first=49.2 last=49.2 delta=+0.0 reward=0.0 **eval=47.0** tie=0
  frozen s4:
      === 평가 (탐색 없음, 학습 없음, 무작위 순서 100시행) : 정답률 54.0% | 동점 0회 ===
        A전용 KC → out_L 평균 0.5000 | out_R 평균 0.5000 | 차이 +0.0000 (정답은 out_L) **반대**
        B전용 KC → out_L 평균 0.5000 | out_R 평균 0.5000 | 차이 +0.0000 (정답은 out_R) **정답쪽 우세**
        kc_out_l: n=7993 |Δ|평균 0.00000 변화율   0.0% | 평균 0.500→0.500 | std 0.0000→0.0000
        kc_out_r: n=8011 |Δ|평균 0.00000 변화율   0.0% | 평균 0.500→0.500 | std 0.0000→0.0000
      => MINCIRC mode=frozen seed=4 first=53.2 last=53.2 delta=+0.0 reward=0.0 **eval=54.0** tie=0
########## supervised ##########
  supervised s0:
      === 평가 (탐색 없음, 학습 없음, 무작위 순서 100시행) : 정답률 56.0% | 동점 0회 ===
        A전용 KC → out_L 평균 2.7385 | out_R 평균 9.1796 | 차이 -6.4411 (정답은 out_L) **반대**
        B전용 KC → out_L 평균 3.5228 | out_R 평균 13.7419 | 차이 -10.2192 (정답은 out_R) **정답쪽 우세**
        kc_out_l: n=8062 |Δ|평균 0.63723 변화율  22.0% | 평균 0.500→1.137 | std 0.0000→2.3799
        kc_out_r: n=8032 |Δ|평균 2.48773 변화율  22.1% | 평균 0.500→2.988 | std 0.0000→4.7717
      => MINCIRC mode=supervised seed=0 first=54.0 last=54.0 delta=+0.0 reward=54.0 **eval=56.0** tie=0
  supervised s1:
      === 평가 (탐색 없음, 학습 없음, 무작위 순서 100시행) : 정답률 100.0% | 동점 0회 ===
        A전용 KC → out_L 평균 8.7200 | out_R 평균 3.7508 | 차이 +4.9692 (정답은 out_L) **정답쪽 우세**
        B전용 KC → out_L 평균 6.9583 | out_R 평균 9.0507 | 차이 -2.0924 (정답은 out_R) **정답쪽 우세**
        kc_out_l: n=7920 |Δ|평균 1.54695 변화율  21.2% | 평균 0.500→2.047 | std 0.0000→3.2417
        kc_out_r: n=7952 |Δ|평균 1.39332 변화율  21.2% | 평균 0.500→1.893 | std 0.0000→3.2060
      => MINCIRC mode=supervised seed=1 first=48.5 last=48.5 delta=+0.0 reward=48.5 **eval=100.0** tie=0
  supervised s2:
      === 평가 (탐색 없음, 학습 없음, 무작위 순서 100시행) : 정답률 100.0% | 동점 0회 ===
        A전용 KC → out_L 평균 10.4062 | out_R 평균 6.0137 | 차이 +4.3925 (정답은 out_L) **정답쪽 우세**
        B전용 KC → out_L 평균 6.8371 | out_R 평균 9.6691 | 차이 -2.8320 (정답은 out_R) **정답쪽 우세**
        kc_out_l: n=8039 |Δ|평균 1.87163 변화율  22.8% | 평균 0.500→2.371 | std 0.0000→3.8702
        kc_out_r: n=7967 |Δ|평균 1.75698 변화율  19.7% | 평균 0.500→2.257 | std 0.0000→3.8801
      => MINCIRC mode=supervised seed=2 first=51.5 last=51.5 delta=+0.0 reward=51.5 **eval=100.0** tie=0
  supervised s3:
      === 평가 (탐색 없음, 학습 없음, 무작위 순서 100시행) : 정답률 100.0% | 동점 0회 ===
        A전용 KC → out_L 평균 9.3978 | out_R 평균 6.6836 | 차이 +2.7142 (정답은 out_L) **정답쪽 우세**
        B전용 KC → out_L 평균 8.2118 | out_R 평균 9.3007 | 차이 -1.0889 (정답은 out_R) **정답쪽 우세**
        kc_out_l: n=7953 |Δ|평균 1.74060 변화율  21.0% | 평균 0.500→2.240 | std 0.0000→3.8440
        kc_out_r: n=7937 |Δ|평균 1.59358 변화율  20.3% | 평균 0.500→2.093 | std 0.0000→3.8036
      => MINCIRC mode=supervised seed=3 first=54.0 last=54.0 delta=+0.0 reward=54.0 **eval=100.0** tie=0
  supervised s4:
      === 평가 (탐색 없음, 학습 없음, 무작위 순서 100시행) : 정답률 46.0% | 동점 0회 ===
        A전용 KC → out_L 평균 10.2667 | out_R 평균 4.4957 | 차이 +5.7711 (정답은 out_L) **정답쪽 우세**
        B전용 KC → out_L 평균 5.6039 | out_R 평균 5.4071 | 차이 +0.1968 (정답은 out_R) **반대**
        kc_out_l: n=7993 |Δ|평균 1.36010 변화율  18.3% | 평균 0.500→1.860 | std 0.0000→3.1672
        kc_out_r: n=8011 |Δ|평균 0.89463 변화율  19.3% | 평균 0.500→1.394 | std 0.0000→2.5183
      => MINCIRC mode=supervised seed=4 first=48.0 last=48.0 delta=+0.0 reward=48.0 **eval=46.0** tie=0
[E087] 전체 루프 종료 — 원본 로그: /mnt/c/Users/JungHyun/Desktop/brain/BrainSimulation-rebuild/research/experiments/logs/E087
=== 종료코드 0 ===
