=== E088 실행: 2026-09-24T15:59:22Z ===
커맨드: bash scripts/e088_main.sh
---
  frozen s0:
        A전용 KC → out_L 평균 0.5000 | out_R 평균 0.5000 | 차이 +0.0000 (정답은 out_L) **반대**
        B전용 KC → out_L 평균 0.5000 | out_R 평균 0.5000 | 차이 +0.0000 (정답은 out_R) **정답쪽 우세**
        kc_out_l: n=8062 |Δ|평균 0.00000 변화율   0.0% | 평균 0.500→0.500 | std 0.0000→0.0000
        kc_out_r: n=8032 |Δ|평균 0.00000 변화율   0.0% | 평균 0.500→0.500 | std 0.0000→0.0000
      => MINCIRC mode=frozen seed=0 first=28.7 last=28.7 delta=+0.0 reward=0.0 **eval=0.0** tie=0
  frozen s1:
        A전용 KC → out_L 평균 0.5000 | out_R 평균 0.5000 | 차이 +0.0000 (정답은 out_L) **반대**
        B전용 KC → out_L 평균 0.5000 | out_R 평균 0.5000 | 차이 +0.0000 (정답은 out_R) **정답쪽 우세**
        kc_out_l: n=7920 |Δ|평균 0.00000 변화율   0.0% | 평균 0.500→0.500 | std 0.0000→0.0000
        kc_out_r: n=7952 |Δ|평균 0.00000 변화율   0.0% | 평균 0.500→0.500 | std 0.0000→0.0000
      => MINCIRC mode=frozen seed=1 first=72.2 last=72.2 delta=+0.0 reward=0.0 **eval=100.0** tie=0
  frozen s2:
        A전용 KC → out_L 평균 0.5000 | out_R 평균 0.5000 | 차이 +0.0000 (정답은 out_L) **반대**
        B전용 KC → out_L 평균 0.5000 | out_R 평균 0.5000 | 차이 +0.0000 (정답은 out_R) **정답쪽 우세**
        kc_out_l: n=8039 |Δ|평균 0.00000 변화율   0.0% | 평균 0.500→0.500 | std 0.0000→0.0000
        kc_out_r: n=7967 |Δ|평균 0.00000 변화율   0.0% | 평균 0.500→0.500 | std 0.0000→0.0000
      => MINCIRC mode=frozen seed=2 first=71.8 last=71.8 delta=+0.0 reward=0.0 **eval=100.0** tie=0
  frozen s3:
        A전용 KC → out_L 평균 0.5000 | out_R 평균 0.5000 | 차이 +0.0000 (정답은 out_L) **반대**
        B전용 KC → out_L 평균 0.5000 | out_R 평균 0.5000 | 차이 +0.0000 (정답은 out_R) **정답쪽 우세**
        kc_out_l: n=7953 |Δ|평균 0.00000 변화율   0.0% | 평균 0.500→0.500 | std 0.0000→0.0000
        kc_out_r: n=7937 |Δ|평균 0.00000 변화율   0.0% | 평균 0.500→0.500 | std 0.0000→0.0000
      => MINCIRC mode=frozen seed=3 first=48.8 last=48.8 delta=+0.0 reward=0.0 **eval=47.0** tie=0
  frozen s4:
        A전용 KC → out_L 평균 0.5000 | out_R 평균 0.5000 | 차이 +0.0000 (정답은 out_L) **반대**
        B전용 KC → out_L 평균 0.5000 | out_R 평균 0.5000 | 차이 +0.0000 (정답은 out_R) **정답쪽 우세**
        kc_out_l: n=7993 |Δ|평균 0.00000 변화율   0.0% | 평균 0.500→0.500 | std 0.0000→0.0000
        kc_out_r: n=8011 |Δ|평균 0.00000 변화율   0.0% | 평균 0.500→0.500 | std 0.0000→0.0000
      => MINCIRC mode=frozen seed=4 first=51.0 last=51.0 delta=+0.0 reward=0.0 **eval=54.0** tie=0
########## epsilon=0.6 ##########
  eps0.6 s0:
        A전용 KC → out_L 평균 12.9576 | out_R 평균 6.9961 | 차이 +5.9614 (정답은 out_L) **정답쪽 우세**
        B전용 KC → out_L 평균 9.4044 | out_R 평균 9.7292 | 차이 -0.3248 (정답은 out_R) **정답쪽 우세**
        kc_out_l: n=8062 |Δ|평균 2.32462 변화율  22.0% | 평균 0.500→2.824 | std 0.0000→4.6520
        kc_out_r: n=8032 |Δ|평균 1.84439 변화율  22.1% | 평균 0.500→2.344 | std 0.0000→4.2449
      => MINCIRC mode=learn seed=0 first=63.0 last=63.0 delta=+0.0 reward=63.0 **eval=100.0** tie=0
  eps0.6 s1:
        A전용 KC → out_L 평균 15.5847 | out_R 평균 4.0028 | 차이 +11.5819 (정답은 out_L) **정답쪽 우세**
        B전용 KC → out_L 평균 5.9836 | out_R 평균 1.8252 | 차이 +4.1584 (정답은 out_R) **반대**
        kc_out_l: n=7920 |Δ|평균 2.05937 변화율  21.2% | 평균 0.500→2.559 | std 0.0000→4.4820
        kc_out_r: n=7952 |Δ|평균 0.49700 변화율  21.2% | 평균 0.500→0.997 | std 0.0000→2.1774
      => MINCIRC mode=learn seed=1 first=50.0 last=50.0 delta=+0.0 reward=50.0 **eval=49.0** tie=0
  eps0.6 s2:
        A전용 KC → out_L 평균 12.7862 | out_R 평균 11.5211 | 차이 +1.2652 (정답은 out_L) **정답쪽 우세**
        B전용 KC → out_L 평균 8.4515 | out_R 평균 16.0299 | 차이 -7.5783 (정답은 out_R) **정답쪽 우세**
        kc_out_l: n=8039 |Δ|평균 2.32963 변화율  22.8% | 평균 0.500→2.830 | std 0.0000→5.1648
        kc_out_r: n=7967 |Δ|평균 3.09525 변화율  22.6% | 평균 0.500→3.595 | std 0.0000→5.9443
      => MINCIRC mode=learn seed=2 first=64.2 last=64.2 delta=+0.0 reward=64.2 **eval=100.0** tie=0
  eps0.6 s3:
        A전용 KC → out_L 평균 10.8694 | out_R 평균 3.5897 | 차이 +7.2797 (정답은 out_L) **정답쪽 우세**
        B전용 KC → out_L 평균 4.8590 | out_R 평균 1.5942 | 차이 +3.2648 (정답은 out_R) **반대**
        kc_out_l: n=7953 |Δ|평균 1.51244 변화율  21.0% | 평균 0.500→2.012 | std 0.0000→3.2065
        kc_out_r: n=7937 |Δ|평균 0.41149 변화율  19.8% | 평균 0.500→0.911 | std 0.0000→1.8001
      => MINCIRC mode=learn seed=3 first=48.8 last=48.8 delta=+0.0 reward=48.8 **eval=47.0** tie=0
  eps0.6 s4:
        A전용 KC → out_L 평균 16.1792 | out_R 평균 5.0318 | 차이 +11.1474 (정답은 out_L) **정답쪽 우세**
        B전용 KC → out_L 평균 5.2989 | out_R 평균 1.3098 | 차이 +3.9891 (정답은 out_R) **반대**
        kc_out_l: n=7993 |Δ|평균 1.85606 변화율  18.3% | 평균 0.500→2.356 | std 0.0000→4.4882
        kc_out_r: n=8011 |Δ|평균 0.53734 변화율  19.3% | 평균 0.500→1.037 | std 0.0000→2.4660
      => MINCIRC mode=learn seed=4 first=51.2 last=51.2 delta=+0.0 reward=51.2 **eval=46.0** tie=0
########## epsilon=0.8 ##########
  eps0.8 s0:
        A전용 KC → out_L 평균 1.1318 | out_R 평균 8.0219 | 차이 -6.8901 (정답은 out_L) **반대**
        B전용 KC → out_L 평균 2.8849 | out_R 평균 13.6661 | 차이 -10.7812 (정답은 out_R) **정답쪽 우세**
        kc_out_l: n=8062 |Δ|평균 0.38943 변화율  22.0% | 평균 0.500→0.889 | std 0.0000→1.8926
        kc_out_r: n=8032 |Δ|평균 2.38716 변화율  22.1% | 평균 0.500→2.887 | std 0.0000→4.6411
      => MINCIRC mode=learn seed=0 first=49.8 last=49.8 delta=+0.0 reward=49.8 **eval=56.0** tie=0
  eps0.8 s1:
        A전용 KC → out_L 평균 12.5514 | out_R 평균 2.4840 | 차이 +10.0674 (정답은 out_L) **정답쪽 우세**
        B전용 KC → out_L 평균 9.0186 | out_R 평균 1.5451 | 차이 +7.4735 (정답은 out_R) **반대**
        kc_out_l: n=7920 |Δ|평균 2.16660 변화율  21.2% | 평균 0.500→2.666 | std 0.0000→4.2723
        kc_out_r: n=7952 |Δ|평균 0.32726 변화율  21.2% | 평균 0.500→0.827 | std 0.0000→1.6429
      => MINCIRC mode=learn seed=1 first=49.8 last=49.8 delta=+0.0 reward=49.8 **eval=49.0** tie=0
  eps0.8 s2:
        A전용 KC → out_L 평균 13.9111 | out_R 평균 8.1983 | 차이 +5.7128 (정답은 out_L) **정답쪽 우세**
        B전용 KC → out_L 평균 7.7804 | out_R 평균 11.9668 | 차이 -4.1864 (정답은 out_R) **정답쪽 우세**
        kc_out_l: n=8039 |Δ|평균 2.38210 변화율  22.8% | 평균 0.500→2.882 | std 0.0000→5.0426
        kc_out_r: n=7967 |Δ|평균 2.26603 변화율  22.6% | 평균 0.500→2.766 | std 0.0000→4.7301
      => MINCIRC mode=learn seed=2 first=64.2 last=64.2 delta=+0.0 reward=64.2 **eval=100.0** tie=0
  eps0.8 s3:
        A전용 KC → out_L 평균 12.5384 | out_R 평균 2.9913 | 차이 +9.5472 (정답은 out_L) **정답쪽 우세**
        B전용 KC → out_L 평균 4.9992 | out_R 평균 1.7705 | 차이 +3.2287 (정답은 out_R) **반대**
        kc_out_l: n=7953 |Δ|평균 1.62545 변화율  21.0% | 평균 0.500→2.125 | std 0.0000→3.5218
        kc_out_r: n=7937 |Δ|평균 0.37591 변화율  20.3% | 평균 0.500→0.876 | std 0.0000→1.6676
      => MINCIRC mode=learn seed=3 first=45.8 last=45.8 delta=+0.0 reward=45.8 **eval=47.0** tie=0
  eps0.8 s4:
        A전용 KC → out_L 평균 13.4315 | out_R 평균 4.6969 | 차이 +8.7346 (정답은 out_L) **정답쪽 우세**
        B전용 KC → out_L 평균 8.5434 | out_R 평균 2.6288 | 차이 +5.9145 (정답은 out_R) **반대**
        kc_out_l: n=7993 |Δ|평균 1.89865 변화율  18.3% | 평균 0.500→2.398 | std 0.0000→4.1645
        kc_out_r: n=8011 |Δ|평균 0.63928 변화율  19.3% | 평균 0.500→1.139 | std 0.0000→2.4036
      => MINCIRC mode=learn seed=4 first=53.0 last=53.0 delta=+0.0 reward=53.0 **eval=46.0** tie=0
########## epsilon=1.0 ##########
  eps1.0 s0:
        A전용 KC → out_L 평균 3.7838 | out_R 평균 8.7631 | 차이 -4.9792 (정답은 out_L) **반대**
        B전용 KC → out_L 평균 3.4336 | out_R 평균 8.6172 | 차이 -5.1836 (정답은 out_R) **정답쪽 우세**
        kc_out_l: n=8062 |Δ|평균 0.72000 변화율  22.0% | 평균 0.500→1.220 | std 0.0000→2.2743
        kc_out_r: n=8032 |Δ|평균 1.82832 변화율  22.1% | 평균 0.500→2.328 | std 0.0000→3.4932
      => MINCIRC mode=learn seed=0 first=50.2 last=50.2 delta=+0.0 reward=50.2 **eval=56.0** tie=0
  eps1.0 s1:
        A전용 KC → out_L 평균 10.0957 | out_R 평균 3.4761 | 차이 +6.6195 (정답은 out_L) **정답쪽 우세**
        B전용 KC → out_L 평균 7.8134 | out_R 평균 5.8103 | 차이 +2.0031 (정답은 out_R) **반대**
        kc_out_l: n=7920 |Δ|평균 1.78326 변화율  21.2% | 평균 0.500→2.282 | std 0.0000→3.7253
        kc_out_r: n=7952 |Δ|평균 0.94781 변화율  21.2% | 평균 0.500→1.448 | std 0.0000→2.7791
      => MINCIRC mode=learn seed=1 first=52.5 last=52.5 delta=+0.0 reward=52.5 **eval=49.0** tie=0
  eps1.0 s2:
        A전용 KC → out_L 평균 12.1500 | out_R 평균 8.4891 | 차이 +3.6609 (정답은 out_L) **정답쪽 우세**
        B전용 KC → out_L 평균 4.7932 | out_R 평균 10.7014 | 차이 -5.9083 (정답은 out_R) **정답쪽 우세**
        kc_out_l: n=8039 |Δ|평균 1.84543 변화율  22.8% | 평균 0.500→2.345 | std 0.0000→4.2381
        kc_out_r: n=7967 |Δ|평균 2.12639 변화율  22.6% | 평균 0.500→2.626 | std 0.0000→4.2213
      => MINCIRC mode=learn seed=2 first=54.2 last=54.2 delta=+0.0 reward=54.2 **eval=100.0** tie=0
  eps1.0 s3:
        A전용 KC → out_L 평균 10.2780 | out_R 평균 4.5868 | 차이 +5.6912 (정답은 out_L) **정답쪽 우세**
        B전용 KC → out_L 평균 5.5122 | out_R 평균 3.7459 | 차이 +1.7663 (정답은 out_R) **반대**
        kc_out_l: n=7953 |Δ|평균 1.49777 변화율  21.0% | 평균 0.500→1.997 | std 0.0000→3.1618
        kc_out_r: n=7937 |Δ|평균 0.74964 변화율  20.3% | 평균 0.500→1.249 | std 0.0000→2.3686
      => MINCIRC mode=learn seed=3 first=47.5 last=47.5 delta=+0.0 reward=47.5 **eval=47.0** tie=0
  eps1.0 s4:
        A전용 KC → out_L 평균 10.2109 | out_R 평균 4.2009 | 차이 +6.0100 (정답은 out_L) **정답쪽 우세**
        B전용 KC → out_L 평균 9.1882 | out_R 평균 4.6913 | 차이 +4.4969 (정답은 out_R) **반대**
        kc_out_l: n=7993 |Δ|평균 1.71513 변화율  18.3% | 평균 0.500→2.214 | std 0.0000→3.8383
        kc_out_r: n=8011 |Δ|평균 0.80284 변화율  19.3% | 평균 0.500→1.303 | std 0.0000→2.5890
      => MINCIRC mode=learn seed=4 first=52.0 last=52.0 delta=+0.0 reward=52.0 **eval=46.0** tie=0
[E088] 전체 루프 종료 — 원본 로그: /mnt/c/Users/JungHyun/Desktop/brain/BrainSimulation-rebuild/research/experiments/logs/E088
=== 종료코드 0 ===
