=== E090 실행: 2026-09-24T16:26:43Z ===
커맨드: bash scripts/e090_main.sh
---
  frozen w0: => MINCIRC mode=frozen seed=0 first=28.7 last=28.7 delta=+0.0 reward=0.0 **eval=0.0** tie=0 trialseed=100
  frozen w1: => MINCIRC mode=frozen seed=1 first=67.5 last=67.5 delta=+0.0 reward=0.0 **eval=100.0** tie=0 trialseed=100
  frozen w2: => MINCIRC mode=frozen seed=2 first=67.5 last=67.5 delta=+0.0 reward=0.0 **eval=100.0** tie=0 trialseed=100
  frozen w3: => MINCIRC mode=frozen seed=3 first=48.0 last=48.0 delta=+0.0 reward=0.0 **eval=47.0** tie=0 trialseed=100
  frozen w4: => MINCIRC mode=frozen seed=4 first=48.2 last=48.2 delta=+0.0 reward=0.0 **eval=54.0** tie=0 trialseed=100
########## eta=0.02 ##########
  eta0.02 w0 t100: => MINCIRC mode=learn seed=0 first=47.8 last=47.8 delta=+0.0 reward=47.8 **eval=56.0** tie=0 trialseed=100
  eta0.02 w0 t101: => MINCIRC mode=learn seed=0 first=59.5 last=59.5 delta=+0.0 reward=59.5 **eval=44.0** tie=0 trialseed=101
  eta0.02 w0 t102: => MINCIRC mode=learn seed=0 first=50.2 last=50.2 delta=+0.0 reward=50.2 **eval=56.0** tie=0 trialseed=102
  eta0.02 w0 t103: => MINCIRC mode=learn seed=0 first=50.5 last=50.5 delta=+0.0 reward=50.5 **eval=56.0** tie=0 trialseed=103
  eta0.02 w0 t104: => MINCIRC mode=learn seed=0 first=47.5 last=47.5 delta=+0.0 reward=47.5 **eval=44.0** tie=0 trialseed=104
  eta0.02 w0 t105: => MINCIRC mode=learn seed=0 first=48.5 last=48.5 delta=+0.0 reward=48.5 **eval=56.0** tie=0 trialseed=105
  eta0.02 w0 t106: => MINCIRC mode=learn seed=0 first=64.2 last=64.2 delta=+0.0 reward=64.2 **eval=56.0** tie=0 trialseed=106
  eta0.02 w0 t107: => MINCIRC mode=learn seed=0 first=50.2 last=50.2 delta=+0.0 reward=50.2 **eval=44.0** tie=0 trialseed=107
  eta0.02 w1 t100: => MINCIRC mode=learn seed=1 first=63.2 last=63.2 delta=+0.0 reward=63.2 **eval=100.0** tie=0 trialseed=100
  eta0.02 w1 t101: => MINCIRC mode=learn seed=1 first=56.0 last=56.0 delta=+0.0 reward=56.0 **eval=100.0** tie=0 trialseed=101
  eta0.02 w1 t102: => MINCIRC mode=learn seed=1 first=42.0 last=42.0 delta=+0.0 reward=42.0 **eval=49.0** tie=0 trialseed=102
  eta0.02 w1 t103: => MINCIRC mode=learn seed=1 first=68.0 last=68.0 delta=+0.0 reward=68.0 **eval=100.0** tie=0 trialseed=103
  eta0.02 w1 t104: => MINCIRC mode=learn seed=1 first=69.2 last=69.2 delta=+0.0 reward=69.2 **eval=100.0** tie=0 trialseed=104
  eta0.02 w1 t105: => MINCIRC mode=learn seed=1 first=50.7 last=50.7 delta=+0.0 reward=50.7 **eval=51.0** tie=0 trialseed=105
  eta0.02 w1 t106: => MINCIRC mode=learn seed=1 first=69.2 last=69.2 delta=+0.0 reward=69.2 **eval=100.0** tie=0 trialseed=106
  eta0.02 w1 t107: => MINCIRC mode=learn seed=1 first=72.0 last=72.0 delta=+0.0 reward=72.0 **eval=100.0** tie=0 trialseed=107
  eta0.02 w2 t100: => MINCIRC mode=learn seed=2 first=58.8 last=58.8 delta=+0.0 reward=58.8 **eval=100.0** tie=0 trialseed=100
  eta0.02 w2 t101: => MINCIRC mode=learn seed=2 first=55.8 last=55.8 delta=+0.0 reward=55.8 **eval=54.0** tie=0 trialseed=101
  eta0.02 w2 t102: => MINCIRC mode=learn seed=2 first=42.0 last=42.0 delta=+0.0 reward=42.0 **eval=54.0** tie=0 trialseed=102
  eta0.02 w2 t103: => MINCIRC mode=learn seed=2 first=60.2 last=60.2 delta=+0.0 reward=60.2 **eval=100.0** tie=0 trialseed=103
  eta0.02 w2 t104: => MINCIRC mode=learn seed=2 first=68.8 last=68.8 delta=+0.0 reward=68.8 **eval=100.0** tie=0 trialseed=104
  eta0.02 w2 t105: => MINCIRC mode=learn seed=2 first=54.2 last=54.2 delta=+0.0 reward=54.2 **eval=46.0** tie=0 trialseed=105
  eta0.02 w2 t106: => MINCIRC mode=learn seed=2 first=70.0 last=70.0 delta=+0.0 reward=70.0 **eval=100.0** tie=0 trialseed=106
  eta0.02 w2 t107: => MINCIRC mode=learn seed=2 first=72.0 last=72.0 delta=+0.0 reward=72.0 **eval=100.0** tie=0 trialseed=107
  eta0.02 w3 t100: => MINCIRC mode=learn seed=3 first=48.0 last=48.0 delta=+0.0 reward=48.0 **eval=47.0** tie=0 trialseed=100
  eta0.02 w3 t101: => MINCIRC mode=learn seed=3 first=53.2 last=53.2 delta=+0.0 reward=53.2 **eval=47.0** tie=0 trialseed=101
  eta0.02 w3 t102: => MINCIRC mode=learn seed=3 first=42.0 last=42.0 delta=+0.0 reward=42.0 **eval=47.0** tie=0 trialseed=102
  eta0.02 w3 t103: => MINCIRC mode=learn seed=3 first=46.5 last=46.5 delta=+0.0 reward=46.5 **eval=47.0** tie=0 trialseed=103
  eta0.02 w3 t104: => MINCIRC mode=learn seed=3 first=48.2 last=48.2 delta=+0.0 reward=48.2 **eval=47.0** tie=0 trialseed=104
  eta0.02 w3 t105: => MINCIRC mode=learn seed=3 first=65.5 last=65.5 delta=+0.0 reward=65.5 **eval=100.0** tie=0 trialseed=105
  eta0.02 w3 t106: => MINCIRC mode=learn seed=3 first=48.0 last=48.0 delta=+0.0 reward=48.0 **eval=47.0** tie=0 trialseed=106
  eta0.02 w3 t107: => MINCIRC mode=learn seed=3 first=50.5 last=50.5 delta=+0.0 reward=50.5 **eval=47.0** tie=0 trialseed=107
  eta0.02 w4 t100: => MINCIRC mode=learn seed=4 first=48.2 last=48.2 delta=+0.0 reward=48.2 **eval=54.0** tie=0 trialseed=100
  eta0.02 w4 t101: => MINCIRC mode=learn seed=4 first=52.2 last=52.2 delta=+0.0 reward=52.2 **eval=54.0** tie=0 trialseed=101
  eta0.02 w4 t102: => MINCIRC mode=learn seed=4 first=50.2 last=50.2 delta=+0.0 reward=50.2 **eval=54.0** tie=0 trialseed=102
  eta0.02 w4 t103: => MINCIRC mode=learn seed=4 first=50.5 last=50.5 delta=+0.0 reward=50.5 **eval=54.0** tie=0 trialseed=103
  eta0.02 w4 t104: => MINCIRC mode=learn seed=4 first=51.7 last=51.7 delta=+0.0 reward=51.7 **eval=54.0** tie=0 trialseed=104
  eta0.02 w4 t105: => MINCIRC mode=learn seed=4 first=48.5 last=48.5 delta=+0.0 reward=48.5 **eval=54.0** tie=0 trialseed=105
  eta0.02 w4 t106: => MINCIRC mode=learn seed=4 first=64.8 last=64.8 delta=+0.0 reward=64.8 **eval=100.0** tie=0 trialseed=106
  eta0.02 w4 t107: => MINCIRC mode=learn seed=4 first=52.2 last=52.2 delta=+0.0 reward=52.2 **eval=54.0** tie=0 trialseed=107
########## eta=0.005 ##########
  eta0.005 w0 t100: => MINCIRC mode=learn seed=0 first=48.0 last=48.0 delta=+0.0 reward=48.0 **eval=56.0** tie=0 trialseed=100
  eta0.005 w0 t101: => MINCIRC mode=learn seed=0 first=75.0 last=75.0 delta=+0.0 reward=75.0 **eval=100.0** tie=0 trialseed=101
  eta0.005 w0 t102: => MINCIRC mode=learn seed=0 first=50.2 last=50.2 delta=+0.0 reward=50.2 **eval=56.0** tie=0 trialseed=102
  eta0.005 w0 t103: => MINCIRC mode=learn seed=0 first=66.5 last=66.5 delta=+0.0 reward=66.5 **eval=100.0** tie=0 trialseed=103
  eta0.005 w0 t104: => MINCIRC mode=learn seed=0 first=51.2 last=51.2 delta=+0.0 reward=51.2 **eval=56.0** tie=0 trialseed=104
  eta0.005 w0 t105: => MINCIRC mode=learn seed=0 first=48.5 last=48.5 delta=+0.0 reward=48.5 **eval=56.0** tie=0 trialseed=105
  eta0.005 w0 t106: => MINCIRC mode=learn seed=0 first=69.2 last=69.2 delta=+0.0 reward=69.2 **eval=100.0** tie=0 trialseed=106
  eta0.005 w0 t107: => MINCIRC mode=learn seed=0 first=50.2 last=50.2 delta=+0.0 reward=50.2 **eval=44.0** tie=0 trialseed=107
  eta0.005 w1 t100: => MINCIRC mode=learn seed=1 first=48.8 last=48.8 delta=+0.0 reward=48.8 **eval=51.0** tie=0 trialseed=100
  eta0.005 w1 t101: => MINCIRC mode=learn seed=1 first=74.8 last=74.8 delta=+0.0 reward=74.8 **eval=100.0** tie=0 trialseed=101
  eta0.005 w1 t102: => MINCIRC mode=learn seed=1 first=66.2 last=66.2 delta=+0.0 reward=66.2 **eval=100.0** tie=0 trialseed=102
  eta0.005 w1 t103: => MINCIRC mode=learn seed=1 first=50.5 last=50.5 delta=+0.0 reward=50.5 **eval=51.0** tie=0 trialseed=103
  eta0.005 w1 t104: => MINCIRC mode=learn seed=1 first=52.2 last=52.2 delta=+0.0 reward=52.2 **eval=51.0** tie=0 trialseed=104
  eta0.005 w1 t105: => MINCIRC mode=learn seed=1 first=48.5 last=48.5 delta=+0.0 reward=48.5 **eval=51.0** tie=0 trialseed=105
  eta0.005 w1 t106: => MINCIRC mode=learn seed=1 first=70.0 last=70.0 delta=+0.0 reward=70.0 **eval=100.0** tie=0 trialseed=106
  eta0.005 w1 t107: => MINCIRC mode=learn seed=1 first=72.0 last=72.0 delta=+0.0 reward=72.0 **eval=100.0** tie=0 trialseed=107
  eta0.005 w2 t100: => MINCIRC mode=learn seed=2 first=49.2 last=49.2 delta=+0.0 reward=49.2 **eval=46.0** tie=0 trialseed=100
  eta0.005 w2 t101: => MINCIRC mode=learn seed=2 first=55.0 last=55.0 delta=+0.0 reward=55.0 **eval=54.0** tie=0 trialseed=101
  eta0.005 w2 t102: => MINCIRC mode=learn seed=2 first=66.2 last=66.2 delta=+0.0 reward=66.2 **eval=100.0** tie=0 trialseed=102
  eta0.005 w2 t103: => MINCIRC mode=learn seed=2 first=52.0 last=52.0 delta=+0.0 reward=52.0 **eval=46.0** tie=0 trialseed=103
  eta0.005 w2 t104: => MINCIRC mode=learn seed=2 first=69.5 last=69.5 delta=+0.0 reward=69.5 **eval=100.0** tie=0 trialseed=104
  eta0.005 w2 t105: => MINCIRC mode=learn seed=2 first=48.5 last=48.5 delta=+0.0 reward=48.5 **eval=46.0** tie=0 trialseed=105
  eta0.005 w2 t106: => MINCIRC mode=learn seed=2 first=49.2 last=49.2 delta=+0.0 reward=49.2 **eval=54.0** tie=0 trialseed=106
  eta0.005 w2 t107: => MINCIRC mode=learn seed=2 first=72.0 last=72.0 delta=+0.0 reward=72.0 **eval=100.0** tie=0 trialseed=107
  eta0.005 w3 t100: => MINCIRC mode=learn seed=3 first=49.8 last=49.8 delta=+0.0 reward=49.8 **eval=47.0** tie=0 trialseed=100
  eta0.005 w3 t101: => MINCIRC mode=learn seed=3 first=53.5 last=53.5 delta=+0.0 reward=53.5 **eval=47.0** tie=0 trialseed=101
  eta0.005 w3 t102: => MINCIRC mode=learn seed=3 first=42.0 last=42.0 delta=+0.0 reward=42.0 **eval=47.0** tie=0 trialseed=102
  eta0.005 w3 t103: => MINCIRC mode=learn seed=3 first=50.5 last=50.5 delta=+0.0 reward=50.5 **eval=53.0** tie=0 trialseed=103
  eta0.005 w3 t104: => MINCIRC mode=learn seed=3 first=48.5 last=48.5 delta=+0.0 reward=48.5 **eval=47.0** tie=0 trialseed=104
  eta0.005 w3 t105: => MINCIRC mode=learn seed=3 first=48.5 last=48.5 delta=+0.0 reward=48.5 **eval=53.0** tie=0 trialseed=105
  eta0.005 w3 t106: => MINCIRC mode=learn seed=3 first=48.0 last=48.0 delta=+0.0 reward=48.0 **eval=47.0** tie=0 trialseed=106
  eta0.005 w3 t107: => MINCIRC mode=learn seed=3 first=50.5 last=50.5 delta=+0.0 reward=50.5 **eval=47.0** tie=0 trialseed=107
  eta0.005 w4 t100: => MINCIRC mode=learn seed=4 first=48.2 last=48.2 delta=+0.0 reward=48.2 **eval=54.0** tie=0 trialseed=100
  eta0.005 w4 t101: => MINCIRC mode=learn seed=4 first=52.2 last=52.2 delta=+0.0 reward=52.2 **eval=54.0** tie=0 trialseed=101
  eta0.005 w4 t102: => MINCIRC mode=learn seed=4 first=50.2 last=50.2 delta=+0.0 reward=50.2 **eval=54.0** tie=0 trialseed=102
  eta0.005 w4 t103: => MINCIRC mode=learn seed=4 first=50.5 last=50.5 delta=+0.0 reward=50.5 **eval=54.0** tie=0 trialseed=103
  eta0.005 w4 t104: => MINCIRC mode=learn seed=4 first=51.7 last=51.7 delta=+0.0 reward=51.7 **eval=54.0** tie=0 trialseed=104
  eta0.005 w4 t105: => MINCIRC mode=learn seed=4 first=48.5 last=48.5 delta=+0.0 reward=48.5 **eval=54.0** tie=0 trialseed=105
  eta0.005 w4 t106: => MINCIRC mode=learn seed=4 first=49.2 last=49.2 delta=+0.0 reward=49.2 **eval=54.0** tie=0 trialseed=106
  eta0.005 w4 t107: => MINCIRC mode=learn seed=4 first=52.2 last=52.2 delta=+0.0 reward=52.2 **eval=54.0** tie=0 trialseed=107
########## eta=0.001 ##########
  eta0.001 w0 t100: => MINCIRC mode=learn seed=0 first=47.2 last=47.2 delta=+0.0 reward=47.2 **eval=56.0** tie=0 trialseed=100
  eta0.001 w0 t101: => MINCIRC mode=learn seed=0 first=73.2 last=73.2 delta=+0.0 reward=73.2 **eval=100.0** tie=0 trialseed=101
  eta0.001 w0 t102: => MINCIRC mode=learn seed=0 first=49.5 last=49.5 delta=+0.0 reward=49.5 **eval=56.0** tie=0 trialseed=102
  eta0.001 w0 t103: => MINCIRC mode=learn seed=0 first=65.2 last=65.2 delta=+0.0 reward=65.2 **eval=56.0** tie=0 trialseed=103
  eta0.001 w0 t104: => MINCIRC mode=learn seed=0 first=66.2 last=66.2 delta=+0.0 reward=66.2 **eval=100.0** tie=0 trialseed=104
  eta0.001 w0 t105: => MINCIRC mode=learn seed=0 first=48.5 last=48.5 delta=+0.0 reward=48.5 **eval=56.0** tie=0 trialseed=105
  eta0.001 w0 t106: => MINCIRC mode=learn seed=0 first=69.2 last=69.2 delta=+0.0 reward=69.2 **eval=100.0** tie=0 trialseed=106
  eta0.001 w0 t107: => MINCIRC mode=learn seed=0 first=50.2 last=50.2 delta=+0.0 reward=50.2 **eval=44.0** tie=0 trialseed=107
  eta0.001 w1 t100: => MINCIRC mode=learn seed=1 first=48.8 last=48.8 delta=+0.0 reward=48.8 **eval=51.0** tie=0 trialseed=100
  eta0.001 w1 t101: => MINCIRC mode=learn seed=1 first=74.8 last=74.8 delta=+0.0 reward=74.8 **eval=100.0** tie=0 trialseed=101
  eta0.001 w1 t102: => MINCIRC mode=learn seed=1 first=53.0 last=53.0 delta=+0.0 reward=53.0 **eval=51.0** tie=0 trialseed=102
  eta0.001 w1 t103: => MINCIRC mode=learn seed=1 first=51.2 last=51.2 delta=+0.0 reward=51.2 **eval=51.0** tie=0 trialseed=103
  eta0.001 w1 t104: => MINCIRC mode=learn seed=1 first=69.5 last=69.5 delta=+0.0 reward=69.5 **eval=100.0** tie=0 trialseed=104
  eta0.001 w1 t105: => MINCIRC mode=learn seed=1 first=48.5 last=48.5 delta=+0.0 reward=48.5 **eval=51.0** tie=0 trialseed=105
  eta0.001 w1 t106: => MINCIRC mode=learn seed=1 first=70.0 last=70.0 delta=+0.0 reward=70.0 **eval=100.0** tie=0 trialseed=106
  eta0.001 w1 t107: => MINCIRC mode=learn seed=1 first=53.2 last=53.2 delta=+0.0 reward=53.2 **eval=51.0** tie=0 trialseed=107
  eta0.001 w2 t100: => MINCIRC mode=learn seed=2 first=67.2 last=67.2 delta=+0.0 reward=67.2 **eval=100.0** tie=0 trialseed=100
  eta0.001 w2 t101: => MINCIRC mode=learn seed=2 first=74.8 last=74.8 delta=+0.0 reward=74.8 **eval=100.0** tie=0 trialseed=101
  eta0.001 w2 t102: => MINCIRC mode=learn seed=2 first=62.5 last=62.5 delta=+0.0 reward=62.5 **eval=46.0** tie=0 trialseed=102
  eta0.001 w2 t103: => MINCIRC mode=learn seed=2 first=62.0 last=62.0 delta=+0.0 reward=62.0 **eval=46.0** tie=0 trialseed=103
  eta0.001 w2 t104: => MINCIRC mode=learn seed=2 first=69.5 last=69.5 delta=+0.0 reward=69.5 **eval=100.0** tie=0 trialseed=104
  eta0.001 w2 t105: => MINCIRC mode=learn seed=2 first=68.0 last=68.0 delta=+0.0 reward=68.0 **eval=100.0** tie=0 trialseed=105
  eta0.001 w2 t106: => MINCIRC mode=learn seed=2 first=70.0 last=70.0 delta=+0.0 reward=70.0 **eval=100.0** tie=0 trialseed=106
  eta0.001 w2 t107: => MINCIRC mode=learn seed=2 first=69.5 last=69.5 delta=+0.0 reward=69.5 **eval=100.0** tie=0 trialseed=107
  eta0.001 w3 t100: => MINCIRC mode=learn seed=3 first=52.2 last=52.2 delta=+0.0 reward=52.2 **eval=47.0** tie=0 trialseed=100
  eta0.001 w3 t101: => MINCIRC mode=learn seed=3 first=53.8 last=53.8 delta=+0.0 reward=53.8 **eval=47.0** tie=0 trialseed=101
  eta0.001 w3 t102: => MINCIRC mode=learn seed=3 first=44.8 last=44.8 delta=+0.0 reward=44.8 **eval=47.0** tie=0 trialseed=102
  eta0.001 w3 t103: => MINCIRC mode=learn seed=3 first=66.0 last=66.0 delta=+0.0 reward=66.0 **eval=100.0** tie=0 trialseed=103
  eta0.001 w3 t104: => MINCIRC mode=learn seed=3 first=49.2 last=49.2 delta=+0.0 reward=49.2 **eval=47.0** tie=0 trialseed=104
  eta0.001 w3 t105: => MINCIRC mode=learn seed=3 first=65.2 last=65.2 delta=+0.0 reward=65.2 **eval=100.0** tie=0 trialseed=105
  eta0.001 w3 t106: => MINCIRC mode=learn seed=3 first=48.8 last=48.8 delta=+0.0 reward=48.8 **eval=47.0** tie=0 trialseed=106
  eta0.001 w3 t107: => MINCIRC mode=learn seed=3 first=72.0 last=72.0 delta=+0.0 reward=72.0 **eval=100.0** tie=0 trialseed=107
  eta0.001 w4 t100: => MINCIRC mode=learn seed=4 first=48.2 last=48.2 delta=+0.0 reward=48.2 **eval=54.0** tie=0 trialseed=100
  eta0.001 w4 t101: => MINCIRC mode=learn seed=4 first=52.2 last=52.2 delta=+0.0 reward=52.2 **eval=54.0** tie=0 trialseed=101
  eta0.001 w4 t102: => MINCIRC mode=learn seed=4 first=50.2 last=50.2 delta=+0.0 reward=50.2 **eval=54.0** tie=0 trialseed=102
  eta0.001 w4 t103: => MINCIRC mode=learn seed=4 first=50.5 last=50.5 delta=+0.0 reward=50.5 **eval=54.0** tie=0 trialseed=103
  eta0.001 w4 t104: => MINCIRC mode=learn seed=4 first=51.7 last=51.7 delta=+0.0 reward=51.7 **eval=54.0** tie=0 trialseed=104
  eta0.001 w4 t105: => MINCIRC mode=learn seed=4 first=48.5 last=48.5 delta=+0.0 reward=48.5 **eval=54.0** tie=0 trialseed=105
  eta0.001 w4 t106: => MINCIRC mode=learn seed=4 first=49.2 last=49.2 delta=+0.0 reward=49.2 **eval=54.0** tie=0 trialseed=106
  eta0.001 w4 t107: => MINCIRC mode=learn seed=4 first=52.2 last=52.2 delta=+0.0 reward=52.2 **eval=54.0** tie=0 trialseed=107
########## 보조: eta=0.001, 시행 4배 (한계 1번) ##########
  long w0 t100: => MINCIRC mode=learn seed=0 first=47.2 last=47.5 delta=+0.2 reward=48.8 **eval=56.0** tie=0 trialseed=100
  long w0 t101: => MINCIRC mode=learn seed=0 first=73.2 last=71.5 delta=-1.8 reward=71.8 **eval=100.0** tie=0 trialseed=101
  long w0 t102: => MINCIRC mode=learn seed=0 first=49.5 last=51.5 delta=+2.0 reward=50.1 **eval=56.0** tie=0 trialseed=102
  long w0 t103: => MINCIRC mode=learn seed=0 first=65.2 last=54.2 delta=-11.0 reward=55.0 **eval=56.0** tie=0 trialseed=103
  long w3 t100: => MINCIRC mode=learn seed=3 first=52.2 last=52.2 delta=+0.0 reward=51.4 **eval=47.0** tie=0 trialseed=100
  long w3 t101: => MINCIRC mode=learn seed=3 first=53.8 last=51.0 delta=-2.8 reward=52.1 **eval=47.0** tie=0 trialseed=101
  long w3 t102: => MINCIRC mode=learn seed=3 first=44.8 last=50.7 delta=+6.0 reward=48.8 **eval=47.0** tie=0 trialseed=102
  long w3 t103: => MINCIRC mode=learn seed=3 first=66.0 last=53.8 delta=-12.2 reward=62.0 **eval=53.0** tie=0 trialseed=103
  long w4 t100: => MINCIRC mode=learn seed=4 first=48.2 last=47.5 delta=-0.8 reward=49.0 **eval=54.0** tie=0 trialseed=100
  long w4 t101: => MINCIRC mode=learn seed=4 first=52.2 last=55.8 delta=+3.5 reward=51.4 **eval=54.0** tie=0 trialseed=101
  long w4 t102: => MINCIRC mode=learn seed=4 first=50.2 last=51.5 delta=+1.3 reward=50.3 **eval=54.0** tie=0 trialseed=102
  long w4 t103: => MINCIRC mode=learn seed=4 first=50.5 last=54.2 delta=+3.8 reward=51.3 **eval=54.0** tie=0 trialseed=103
[E090] 전체 루프 종료 — 원본 로그: /mnt/c/Users/JungHyun/Desktop/brain/BrainSimulation-rebuild/research/experiments/logs/E090
=== 종료코드 0 ===
