=== E091 실행: 2026-09-24T17:04:48Z ===
커맨드: bash scripts/e091_main.sh
---
  frozen w0: => MINCIRC mode=frozen seed=0 first=28.7 last=28.7 delta=+0.0 reward=0.0 **eval=0.0** tie=0 trialseed=100
  frozen w1: => MINCIRC mode=frozen seed=1 first=67.5 last=67.5 delta=+0.0 reward=0.0 **eval=100.0** tie=0 trialseed=100
  frozen w2: => MINCIRC mode=frozen seed=2 first=67.5 last=67.5 delta=+0.0 reward=0.0 **eval=100.0** tie=0 trialseed=100
  frozen w3: => MINCIRC mode=frozen seed=3 first=48.0 last=48.0 delta=+0.0 reward=0.0 **eval=47.0** tie=0 trialseed=100
  frozen w4: => MINCIRC mode=frozen seed=4 first=48.2 last=48.2 delta=+0.0 reward=0.0 **eval=54.0** tie=0 trialseed=100
########## baseline=0.0 trials=400 ##########
  b0.0n400 w0 t100: => MINCIRC mode=learn seed=0 first=47.2 last=47.2 delta=+0.0 reward=47.2 **eval=56.0** tie=0 trialseed=100
  b0.0n400 w0 t101: => MINCIRC mode=learn seed=0 first=73.2 last=73.2 delta=+0.0 reward=73.2 **eval=100.0** tie=0 trialseed=101
  b0.0n400 w0 t102: => MINCIRC mode=learn seed=0 first=49.5 last=49.5 delta=+0.0 reward=49.5 **eval=56.0** tie=0 trialseed=102
  b0.0n400 w0 t103: => MINCIRC mode=learn seed=0 first=65.2 last=65.2 delta=+0.0 reward=65.2 **eval=56.0** tie=0 trialseed=103
  b0.0n400 w0 t104: => MINCIRC mode=learn seed=0 first=66.2 last=66.2 delta=+0.0 reward=66.2 **eval=100.0** tie=0 trialseed=104
  b0.0n400 w0 t105: => MINCIRC mode=learn seed=0 first=48.5 last=48.5 delta=+0.0 reward=48.5 **eval=56.0** tie=0 trialseed=105
  b0.0n400 w0 t106: => MINCIRC mode=learn seed=0 first=69.2 last=69.2 delta=+0.0 reward=69.2 **eval=100.0** tie=0 trialseed=106
  b0.0n400 w0 t107: => MINCIRC mode=learn seed=0 first=50.2 last=50.2 delta=+0.0 reward=50.2 **eval=44.0** tie=0 trialseed=107
  b0.0n400 w1 t100: => MINCIRC mode=learn seed=1 first=48.8 last=48.8 delta=+0.0 reward=48.8 **eval=51.0** tie=0 trialseed=100
  b0.0n400 w1 t101: => MINCIRC mode=learn seed=1 first=74.8 last=74.8 delta=+0.0 reward=74.8 **eval=100.0** tie=0 trialseed=101
  b0.0n400 w1 t102: => MINCIRC mode=learn seed=1 first=53.0 last=53.0 delta=+0.0 reward=53.0 **eval=51.0** tie=0 trialseed=102
  b0.0n400 w1 t103: => MINCIRC mode=learn seed=1 first=51.2 last=51.2 delta=+0.0 reward=51.2 **eval=51.0** tie=0 trialseed=103
  b0.0n400 w1 t104: => MINCIRC mode=learn seed=1 first=69.5 last=69.5 delta=+0.0 reward=69.5 **eval=100.0** tie=0 trialseed=104
  b0.0n400 w1 t105: => MINCIRC mode=learn seed=1 first=48.5 last=48.5 delta=+0.0 reward=48.5 **eval=51.0** tie=0 trialseed=105
  b0.0n400 w1 t106: => MINCIRC mode=learn seed=1 first=70.0 last=70.0 delta=+0.0 reward=70.0 **eval=100.0** tie=0 trialseed=106
  b0.0n400 w1 t107: => MINCIRC mode=learn seed=1 first=53.2 last=53.2 delta=+0.0 reward=53.2 **eval=51.0** tie=0 trialseed=107
  b0.0n400 w2 t100: => MINCIRC mode=learn seed=2 first=67.2 last=67.2 delta=+0.0 reward=67.2 **eval=100.0** tie=0 trialseed=100
  b0.0n400 w2 t101: => MINCIRC mode=learn seed=2 first=74.8 last=74.8 delta=+0.0 reward=74.8 **eval=100.0** tie=0 trialseed=101
  b0.0n400 w2 t102: => MINCIRC mode=learn seed=2 first=62.5 last=62.5 delta=+0.0 reward=62.5 **eval=46.0** tie=0 trialseed=102
  b0.0n400 w2 t103: => MINCIRC mode=learn seed=2 first=62.0 last=62.0 delta=+0.0 reward=62.0 **eval=46.0** tie=0 trialseed=103
  b0.0n400 w2 t104: => MINCIRC mode=learn seed=2 first=69.5 last=69.5 delta=+0.0 reward=69.5 **eval=100.0** tie=0 trialseed=104
  b0.0n400 w2 t105: => MINCIRC mode=learn seed=2 first=68.0 last=68.0 delta=+0.0 reward=68.0 **eval=100.0** tie=0 trialseed=105
  b0.0n400 w2 t106: => MINCIRC mode=learn seed=2 first=70.0 last=70.0 delta=+0.0 reward=70.0 **eval=100.0** tie=0 trialseed=106
  b0.0n400 w2 t107: => MINCIRC mode=learn seed=2 first=69.5 last=69.5 delta=+0.0 reward=69.5 **eval=100.0** tie=0 trialseed=107
  b0.0n400 w3 t100: => MINCIRC mode=learn seed=3 first=52.2 last=52.2 delta=+0.0 reward=52.2 **eval=47.0** tie=0 trialseed=100
  b0.0n400 w3 t101: => MINCIRC mode=learn seed=3 first=53.8 last=53.8 delta=+0.0 reward=53.8 **eval=47.0** tie=0 trialseed=101
  b0.0n400 w3 t102: => MINCIRC mode=learn seed=3 first=44.8 last=44.8 delta=+0.0 reward=44.8 **eval=47.0** tie=0 trialseed=102
  b0.0n400 w3 t103: => MINCIRC mode=learn seed=3 first=66.0 last=66.0 delta=+0.0 reward=66.0 **eval=100.0** tie=0 trialseed=103
  b0.0n400 w3 t104: => MINCIRC mode=learn seed=3 first=49.2 last=49.2 delta=+0.0 reward=49.2 **eval=47.0** tie=0 trialseed=104
  b0.0n400 w3 t105: => MINCIRC mode=learn seed=3 first=65.2 last=65.2 delta=+0.0 reward=65.2 **eval=100.0** tie=0 trialseed=105
  b0.0n400 w3 t106: => MINCIRC mode=learn seed=3 first=48.8 last=48.8 delta=+0.0 reward=48.8 **eval=47.0** tie=0 trialseed=106
  b0.0n400 w3 t107: => MINCIRC mode=learn seed=3 first=72.0 last=72.0 delta=+0.0 reward=72.0 **eval=100.0** tie=0 trialseed=107
  b0.0n400 w4 t100: => MINCIRC mode=learn seed=4 first=48.2 last=48.2 delta=+0.0 reward=48.2 **eval=54.0** tie=0 trialseed=100
  b0.0n400 w4 t101: => MINCIRC mode=learn seed=4 first=52.2 last=52.2 delta=+0.0 reward=52.2 **eval=54.0** tie=0 trialseed=101
  b0.0n400 w4 t102: => MINCIRC mode=learn seed=4 first=50.2 last=50.2 delta=+0.0 reward=50.2 **eval=54.0** tie=0 trialseed=102
  b0.0n400 w4 t103: => MINCIRC mode=learn seed=4 first=50.5 last=50.5 delta=+0.0 reward=50.5 **eval=54.0** tie=0 trialseed=103
  b0.0n400 w4 t104: => MINCIRC mode=learn seed=4 first=51.7 last=51.7 delta=+0.0 reward=51.7 **eval=54.0** tie=0 trialseed=104
  b0.0n400 w4 t105: => MINCIRC mode=learn seed=4 first=48.5 last=48.5 delta=+0.0 reward=48.5 **eval=54.0** tie=0 trialseed=105
  b0.0n400 w4 t106: => MINCIRC mode=learn seed=4 first=49.2 last=49.2 delta=+0.0 reward=49.2 **eval=54.0** tie=0 trialseed=106
  b0.0n400 w4 t107: => MINCIRC mode=learn seed=4 first=52.2 last=52.2 delta=+0.0 reward=52.2 **eval=54.0** tie=0 trialseed=107
########## baseline=0.02 trials=400 ##########
  b0.02n400 w0 t100: => MINCIRC mode=learn seed=0 first=47.0 last=47.0 delta=+0.0 reward=47.0 **eval=56.0** tie=0 trialseed=100
  b0.02n400 w0 t101: => MINCIRC mode=learn seed=0 first=74.8 last=74.8 delta=+0.0 reward=74.8 **eval=100.0** tie=0 trialseed=101
  b0.02n400 w0 t102: => MINCIRC mode=learn seed=0 first=49.2 last=49.2 delta=+0.0 reward=49.2 **eval=56.0** tie=0 trialseed=102
  b0.02n400 w0 t103: => MINCIRC mode=learn seed=0 first=66.2 last=66.2 delta=+0.0 reward=66.2 **eval=100.0** tie=0 trialseed=103
  b0.02n400 w0 t104: => MINCIRC mode=learn seed=0 first=66.2 last=66.2 delta=+0.0 reward=66.2 **eval=100.0** tie=0 trialseed=104
  b0.02n400 w0 t105: => MINCIRC mode=learn seed=0 first=48.5 last=48.5 delta=+0.0 reward=48.5 **eval=56.0** tie=0 trialseed=105
  b0.02n400 w0 t106: => MINCIRC mode=learn seed=0 first=48.0 last=48.0 delta=+0.0 reward=48.0 **eval=44.0** tie=0 trialseed=106
  b0.02n400 w0 t107: => MINCIRC mode=learn seed=0 first=50.2 last=50.2 delta=+0.0 reward=50.2 **eval=44.0** tie=0 trialseed=107
  b0.02n400 w1 t100: => MINCIRC mode=learn seed=1 first=48.8 last=48.8 delta=+0.0 reward=48.8 **eval=51.0** tie=0 trialseed=100
  b0.02n400 w1 t101: => MINCIRC mode=learn seed=1 first=74.8 last=74.8 delta=+0.0 reward=74.8 **eval=100.0** tie=0 trialseed=101
  b0.02n400 w1 t102: => MINCIRC mode=learn seed=1 first=54.2 last=54.2 delta=+0.0 reward=54.2 **eval=51.0** tie=0 trialseed=102
  b0.02n400 w1 t103: => MINCIRC mode=learn seed=1 first=52.0 last=52.0 delta=+0.0 reward=52.0 **eval=51.0** tie=0 trialseed=103
  b0.02n400 w1 t104: => MINCIRC mode=learn seed=1 first=69.5 last=69.5 delta=+0.0 reward=69.5 **eval=100.0** tie=0 trialseed=104
  b0.02n400 w1 t105: => MINCIRC mode=learn seed=1 first=48.8 last=48.8 delta=+0.0 reward=48.8 **eval=51.0** tie=0 trialseed=105
  b0.02n400 w1 t106: => MINCIRC mode=learn seed=1 first=70.0 last=70.0 delta=+0.0 reward=70.0 **eval=100.0** tie=0 trialseed=106
  b0.02n400 w1 t107: => MINCIRC mode=learn seed=1 first=53.2 last=53.2 delta=+0.0 reward=53.2 **eval=51.0** tie=0 trialseed=107
  b0.02n400 w2 t100: => MINCIRC mode=learn seed=2 first=66.8 last=66.8 delta=+0.0 reward=66.8 **eval=100.0** tie=0 trialseed=100
  b0.02n400 w2 t101: => MINCIRC mode=learn seed=2 first=74.8 last=74.8 delta=+0.0 reward=74.8 **eval=100.0** tie=0 trialseed=101
  b0.02n400 w2 t102: => MINCIRC mode=learn seed=2 first=65.8 last=65.8 delta=+0.0 reward=65.8 **eval=66.0** tie=54 trialseed=102
  b0.02n400 w2 t103: => MINCIRC mode=learn seed=2 first=68.2 last=68.2 delta=+0.0 reward=68.2 **eval=100.0** tie=0 trialseed=103
  b0.02n400 w2 t104: => MINCIRC mode=learn seed=2 first=69.5 last=69.5 delta=+0.0 reward=69.5 **eval=100.0** tie=0 trialseed=104
  b0.02n400 w2 t105: => MINCIRC mode=learn seed=2 first=67.8 last=67.8 delta=+0.0 reward=67.8 **eval=100.0** tie=0 trialseed=105
  b0.02n400 w2 t106: => MINCIRC mode=learn seed=2 first=70.0 last=70.0 delta=+0.0 reward=70.0 **eval=100.0** tie=0 trialseed=106
  b0.02n400 w2 t107: => MINCIRC mode=learn seed=2 first=69.5 last=69.5 delta=+0.0 reward=69.5 **eval=100.0** tie=0 trialseed=107
  b0.02n400 w3 t100: => MINCIRC mode=learn seed=3 first=66.8 last=66.8 delta=+0.0 reward=66.8 **eval=100.0** tie=0 trialseed=100
  b0.02n400 w3 t101: => MINCIRC mode=learn seed=3 first=53.8 last=53.8 delta=+0.0 reward=53.8 **eval=47.0** tie=0 trialseed=101
  b0.02n400 w3 t102: => MINCIRC mode=learn seed=3 first=48.0 last=48.0 delta=+0.0 reward=48.0 **eval=47.0** tie=0 trialseed=102
  b0.02n400 w3 t103: => MINCIRC mode=learn seed=3 first=63.7 last=63.7 delta=+0.0 reward=63.7 **eval=100.0** tie=0 trialseed=103
  b0.02n400 w3 t104: => MINCIRC mode=learn seed=3 first=48.8 last=48.8 delta=+0.0 reward=48.8 **eval=47.0** tie=0 trialseed=104
  b0.02n400 w3 t105: => MINCIRC mode=learn seed=3 first=65.2 last=65.2 delta=+0.0 reward=65.2 **eval=100.0** tie=0 trialseed=105
  b0.02n400 w3 t106: => MINCIRC mode=learn seed=3 first=48.2 last=48.2 delta=+0.0 reward=48.2 **eval=47.0** tie=0 trialseed=106
  b0.02n400 w3 t107: => MINCIRC mode=learn seed=3 first=71.8 last=71.8 delta=+0.0 reward=71.8 **eval=100.0** tie=0 trialseed=107
  b0.02n400 w4 t100: => MINCIRC mode=learn seed=4 first=48.2 last=48.2 delta=+0.0 reward=48.2 **eval=54.0** tie=0 trialseed=100
  b0.02n400 w4 t101: => MINCIRC mode=learn seed=4 first=52.2 last=52.2 delta=+0.0 reward=52.2 **eval=54.0** tie=0 trialseed=101
  b0.02n400 w4 t102: => MINCIRC mode=learn seed=4 first=50.2 last=50.2 delta=+0.0 reward=50.2 **eval=54.0** tie=0 trialseed=102
  b0.02n400 w4 t103: => MINCIRC mode=learn seed=4 first=50.5 last=50.5 delta=+0.0 reward=50.5 **eval=54.0** tie=0 trialseed=103
  b0.02n400 w4 t104: => MINCIRC mode=learn seed=4 first=51.7 last=51.7 delta=+0.0 reward=51.7 **eval=54.0** tie=0 trialseed=104
  b0.02n400 w4 t105: => MINCIRC mode=learn seed=4 first=48.5 last=48.5 delta=+0.0 reward=48.5 **eval=54.0** tie=0 trialseed=105
  b0.02n400 w4 t106: => MINCIRC mode=learn seed=4 first=49.2 last=49.2 delta=+0.0 reward=49.2 **eval=54.0** tie=0 trialseed=106
  b0.02n400 w4 t107: => MINCIRC mode=learn seed=4 first=52.2 last=52.2 delta=+0.0 reward=52.2 **eval=54.0** tie=0 trialseed=107
########## baseline=0.1 trials=400 ##########
  b0.1n400 w0 t100: => MINCIRC mode=learn seed=0 first=47.0 last=47.0 delta=+0.0 reward=47.0 **eval=56.0** tie=0 trialseed=100
  b0.1n400 w0 t101: => MINCIRC mode=learn seed=0 first=71.2 last=71.2 delta=+0.0 reward=71.2 **eval=100.0** tie=0 trialseed=101
  b0.1n400 w0 t102: => MINCIRC mode=learn seed=0 first=49.0 last=49.0 delta=+0.0 reward=49.0 **eval=56.0** tie=0 trialseed=102
  b0.1n400 w0 t103: => MINCIRC mode=learn seed=0 first=65.8 last=65.8 delta=+0.0 reward=65.8 **eval=100.0** tie=0 trialseed=103
  b0.1n400 w0 t104: => MINCIRC mode=learn seed=0 first=66.2 last=66.2 delta=+0.0 reward=66.2 **eval=100.0** tie=0 trialseed=104
  b0.1n400 w0 t105: => MINCIRC mode=learn seed=0 first=67.0 last=67.0 delta=+0.0 reward=67.0 **eval=100.0** tie=0 trialseed=105
  b0.1n400 w0 t106: => MINCIRC mode=learn seed=0 first=47.8 last=47.8 delta=+0.0 reward=47.8 **eval=44.0** tie=0 trialseed=106
  b0.1n400 w0 t107: => MINCIRC mode=learn seed=0 first=50.2 last=50.2 delta=+0.0 reward=50.2 **eval=44.0** tie=0 trialseed=107
  b0.1n400 w1 t100: => MINCIRC mode=learn seed=1 first=48.5 last=48.5 delta=+0.0 reward=48.5 **eval=51.0** tie=0 trialseed=100
  b0.1n400 w1 t101: => MINCIRC mode=learn seed=1 first=74.8 last=74.8 delta=+0.0 reward=74.8 **eval=100.0** tie=0 trialseed=101
  b0.1n400 w1 t102: => MINCIRC mode=learn seed=1 first=64.0 last=64.0 delta=+0.0 reward=64.0 **eval=51.0** tie=0 trialseed=102
  b0.1n400 w1 t103: => MINCIRC mode=learn seed=1 first=52.5 last=52.5 delta=+0.0 reward=52.5 **eval=51.0** tie=0 trialseed=103
  b0.1n400 w1 t104: => MINCIRC mode=learn seed=1 first=69.8 last=69.8 delta=+0.0 reward=69.8 **eval=100.0** tie=0 trialseed=104
  b0.1n400 w1 t105: => MINCIRC mode=learn seed=1 first=53.5 last=53.5 delta=+0.0 reward=53.5 **eval=51.0** tie=0 trialseed=105
  b0.1n400 w1 t106: => MINCIRC mode=learn seed=1 first=70.0 last=70.0 delta=+0.0 reward=70.0 **eval=100.0** tie=0 trialseed=106
  b0.1n400 w1 t107: => MINCIRC mode=learn seed=1 first=55.5 last=55.5 delta=+0.0 reward=55.5 **eval=51.0** tie=0 trialseed=107
  b0.1n400 w2 t100: => MINCIRC mode=learn seed=2 first=67.5 last=67.5 delta=+0.0 reward=67.5 **eval=100.0** tie=0 trialseed=100
  b0.1n400 w2 t101: => MINCIRC mode=learn seed=2 first=74.8 last=74.8 delta=+0.0 reward=74.8 **eval=100.0** tie=0 trialseed=101
  b0.1n400 w2 t102: => MINCIRC mode=learn seed=2 first=66.2 last=66.2 delta=+0.0 reward=66.2 **eval=100.0** tie=0 trialseed=102
  b0.1n400 w2 t103: => MINCIRC mode=learn seed=2 first=68.2 last=68.2 delta=+0.0 reward=68.2 **eval=100.0** tie=0 trialseed=103
  b0.1n400 w2 t104: => MINCIRC mode=learn seed=2 first=69.5 last=69.5 delta=+0.0 reward=69.5 **eval=100.0** tie=0 trialseed=104
  b0.1n400 w2 t105: => MINCIRC mode=learn seed=2 first=68.0 last=68.0 delta=+0.0 reward=68.0 **eval=100.0** tie=0 trialseed=105
  b0.1n400 w2 t106: => MINCIRC mode=learn seed=2 first=70.0 last=70.0 delta=+0.0 reward=70.0 **eval=100.0** tie=0 trialseed=106
  b0.1n400 w2 t107: => MINCIRC mode=learn seed=2 first=70.0 last=70.0 delta=+0.0 reward=70.0 **eval=100.0** tie=0 trialseed=107
  b0.1n400 w3 t100: => MINCIRC mode=learn seed=3 first=50.2 last=50.2 delta=+0.0 reward=50.2 **eval=47.0** tie=0 trialseed=100
  b0.1n400 w3 t101: => MINCIRC mode=learn seed=3 first=55.8 last=55.8 delta=+0.0 reward=55.8 **eval=47.0** tie=0 trialseed=101
  b0.1n400 w3 t102: => MINCIRC mode=learn seed=3 first=43.8 last=43.8 delta=+0.0 reward=43.8 **eval=47.0** tie=0 trialseed=102
  b0.1n400 w3 t103: => MINCIRC mode=learn seed=3 first=47.2 last=47.2 delta=+0.0 reward=47.2 **eval=47.0** tie=0 trialseed=103
  b0.1n400 w3 t104: => MINCIRC mode=learn seed=3 first=50.0 last=50.0 delta=+0.0 reward=50.0 **eval=47.0** tie=0 trialseed=104
  b0.1n400 w3 t105: => MINCIRC mode=learn seed=3 first=65.8 last=65.8 delta=+0.0 reward=65.8 **eval=100.0** tie=0 trialseed=105
  b0.1n400 w3 t106: => MINCIRC mode=learn seed=3 first=49.0 last=49.0 delta=+0.0 reward=49.0 **eval=47.0** tie=0 trialseed=106
  b0.1n400 w3 t107: => MINCIRC mode=learn seed=3 first=51.2 last=51.2 delta=+0.0 reward=51.2 **eval=47.0** tie=0 trialseed=107
  b0.1n400 w4 t100: => MINCIRC mode=learn seed=4 first=48.2 last=48.2 delta=+0.0 reward=48.2 **eval=54.0** tie=0 trialseed=100
  b0.1n400 w4 t101: => MINCIRC mode=learn seed=4 first=52.2 last=52.2 delta=+0.0 reward=52.2 **eval=54.0** tie=0 trialseed=101
  b0.1n400 w4 t102: => MINCIRC mode=learn seed=4 first=50.2 last=50.2 delta=+0.0 reward=50.2 **eval=54.0** tie=0 trialseed=102
  b0.1n400 w4 t103: => MINCIRC mode=learn seed=4 first=50.5 last=50.5 delta=+0.0 reward=50.5 **eval=54.0** tie=0 trialseed=103
  b0.1n400 w4 t104: => MINCIRC mode=learn seed=4 first=51.7 last=51.7 delta=+0.0 reward=51.7 **eval=54.0** tie=0 trialseed=104
  b0.1n400 w4 t105: => MINCIRC mode=learn seed=4 first=48.5 last=48.5 delta=+0.0 reward=48.5 **eval=54.0** tie=0 trialseed=105
  b0.1n400 w4 t106: => MINCIRC mode=learn seed=4 first=49.2 last=49.2 delta=+0.0 reward=49.2 **eval=54.0** tie=0 trialseed=106
  b0.1n400 w4 t107: => MINCIRC mode=learn seed=4 first=52.2 last=52.2 delta=+0.0 reward=52.2 **eval=54.0** tie=0 trialseed=107
########## baseline=0.0 trials=1600 ##########
  b0.0n1600 w0 t100: => MINCIRC mode=learn seed=0 first=47.2 last=47.5 delta=+0.2 reward=48.8 **eval=56.0** tie=0 trialseed=100
  b0.0n1600 w0 t101: => MINCIRC mode=learn seed=0 first=73.2 last=71.5 delta=-1.8 reward=71.8 **eval=100.0** tie=0 trialseed=101
  b0.0n1600 w0 t102: => MINCIRC mode=learn seed=0 first=49.5 last=51.5 delta=+2.0 reward=50.1 **eval=56.0** tie=0 trialseed=102
  b0.0n1600 w0 t103: => MINCIRC mode=learn seed=0 first=65.2 last=54.2 delta=-11.0 reward=55.0 **eval=56.0** tie=0 trialseed=103
  b0.0n1600 w0 t104: => MINCIRC mode=learn seed=0 first=66.2 last=74.2 delta=+8.0 reward=69.3 **eval=100.0** tie=0 trialseed=104
  b0.0n1600 w0 t105: => MINCIRC mode=learn seed=0 first=48.5 last=47.8 delta=-0.8 reward=49.2 **eval=56.0** tie=0 trialseed=105
  b0.0n1600 w0 t106: => MINCIRC mode=learn seed=0 first=69.2 last=70.0 delta=+0.8 reward=70.2 **eval=100.0** tie=0 trialseed=106
  b0.0n1600 w0 t107: => MINCIRC mode=learn seed=0 first=50.2 last=51.7 delta=+1.5 reward=48.8 **eval=44.0** tie=0 trialseed=107
  b0.0n1600 w1 t100: => MINCIRC mode=learn seed=1 first=48.8 last=47.5 delta=-1.2 reward=49.1 **eval=51.0** tie=0 trialseed=100
  b0.0n1600 w1 t101: => MINCIRC mode=learn seed=1 first=74.8 last=71.0 delta=-3.8 reward=72.1 **eval=100.0** tie=0 trialseed=101
  b0.0n1600 w1 t102: => MINCIRC mode=learn seed=1 first=53.0 last=51.5 delta=-1.5 reward=51.1 **eval=51.0** tie=0 trialseed=102
  b0.0n1600 w1 t103: => MINCIRC mode=learn seed=1 first=51.2 last=54.2 delta=+3.0 reward=51.5 **eval=51.0** tie=0 trialseed=103
  b0.0n1600 w1 t104: => MINCIRC mode=learn seed=1 first=69.5 last=74.2 delta=+4.8 reward=70.1 **eval=100.0** tie=0 trialseed=104
  b0.0n1600 w1 t105: => MINCIRC mode=learn seed=1 first=48.5 last=47.8 delta=-0.8 reward=49.2 **eval=51.0** tie=0 trialseed=105
  b0.0n1600 w1 t106: => MINCIRC mode=learn seed=1 first=70.0 last=70.0 delta=+0.0 reward=70.4 **eval=100.0** tie=0 trialseed=106
  b0.0n1600 w1 t107: => MINCIRC mode=learn seed=1 first=53.2 last=51.7 delta=-1.5 reward=52.6 **eval=51.0** tie=0 trialseed=107
  b0.0n1600 w2 t100: => MINCIRC mode=learn seed=2 first=67.2 last=47.5 delta=-19.8 reward=54.5 **eval=46.0** tie=0 trialseed=100
  b0.0n1600 w2 t101: => MINCIRC mode=learn seed=2 first=74.8 last=71.0 delta=-3.8 reward=72.1 **eval=100.0** tie=0 trialseed=101
  b0.0n1600 w2 t102: => MINCIRC mode=learn seed=2 first=62.5 last=51.5 delta=-11.0 reward=53.4 **eval=46.0** tie=0 trialseed=102
  b0.0n1600 w2 t103: => MINCIRC mode=learn seed=2 first=62.0 last=54.2 delta=-7.8 reward=54.2 **eval=46.0** tie=0 trialseed=103
  b0.0n1600 w2 t104: => MINCIRC mode=learn seed=2 first=69.5 last=74.2 delta=+4.8 reward=70.1 **eval=100.0** tie=0 trialseed=104
  b0.0n1600 w2 t105: => MINCIRC mode=learn seed=2 first=68.0 last=67.2 delta=-0.8 reward=68.9 **eval=100.0** tie=0 trialseed=105
  b0.0n1600 w2 t106: => MINCIRC mode=learn seed=2 first=70.0 last=70.0 delta=+0.0 reward=70.4 **eval=100.0** tie=0 trialseed=106
  b0.0n1600 w2 t107: => MINCIRC mode=learn seed=2 first=69.5 last=71.2 delta=+1.8 reward=69.2 **eval=100.0** tie=0 trialseed=107
  b0.0n1600 w3 t100: => MINCIRC mode=learn seed=3 first=52.2 last=52.2 delta=+0.0 reward=51.4 **eval=47.0** tie=0 trialseed=100
  b0.0n1600 w3 t101: => MINCIRC mode=learn seed=3 first=53.8 last=51.0 delta=-2.8 reward=52.1 **eval=47.0** tie=0 trialseed=101
  b0.0n1600 w3 t102: => MINCIRC mode=learn seed=3 first=44.8 last=50.7 delta=+6.0 reward=48.8 **eval=47.0** tie=0 trialseed=102
  b0.0n1600 w3 t103: => MINCIRC mode=learn seed=3 first=66.0 last=53.8 delta=-12.2 reward=62.0 **eval=53.0** tie=0 trialseed=103
  b0.0n1600 w3 t104: => MINCIRC mode=learn seed=3 first=49.2 last=48.8 delta=-0.5 reward=49.1 **eval=47.0** tie=0 trialseed=104
  b0.0n1600 w3 t105: => MINCIRC mode=learn seed=3 first=65.2 last=67.2 delta=+2.0 reward=68.2 **eval=100.0** tie=0 trialseed=105
  b0.0n1600 w3 t106: => MINCIRC mode=learn seed=3 first=48.8 last=50.5 delta=+1.8 reward=50.4 **eval=47.0** tie=0 trialseed=106
  b0.0n1600 w3 t107: => MINCIRC mode=learn seed=3 first=72.0 last=71.2 delta=-0.8 reward=69.9 **eval=100.0** tie=0 trialseed=107
  b0.0n1600 w4 t100: => MINCIRC mode=learn seed=4 first=48.2 last=47.5 delta=-0.8 reward=49.0 **eval=54.0** tie=0 trialseed=100
  b0.0n1600 w4 t101: => MINCIRC mode=learn seed=4 first=52.2 last=55.8 delta=+3.5 reward=51.4 **eval=54.0** tie=0 trialseed=101
  b0.0n1600 w4 t102: => MINCIRC mode=learn seed=4 first=50.2 last=51.5 delta=+1.3 reward=50.3 **eval=54.0** tie=0 trialseed=102
  b0.0n1600 w4 t103: => MINCIRC mode=learn seed=4 first=50.5 last=54.2 delta=+3.8 reward=51.3 **eval=54.0** tie=0 trialseed=103
  b0.0n1600 w4 t104: => MINCIRC mode=learn seed=4 first=51.7 last=54.0 delta=+2.3 reward=50.8 **eval=54.0** tie=0 trialseed=104
  b0.0n1600 w4 t105: => MINCIRC mode=learn seed=4 first=48.5 last=47.8 delta=-0.8 reward=49.2 **eval=54.0** tie=0 trialseed=105
  b0.0n1600 w4 t106: => MINCIRC mode=learn seed=4 first=49.2 last=50.2 delta=+1.0 reward=50.8 **eval=54.0** tie=0 trialseed=106
  b0.0n1600 w4 t107: => MINCIRC mode=learn seed=4 first=52.2 last=51.7 delta=-0.5 reward=52.3 **eval=54.0** tie=0 trialseed=107
########## baseline=0.02 trials=1600 ##########
  b0.02n1600 w0 t100: => MINCIRC mode=learn seed=0 first=47.0 last=47.5 delta=+0.5 reward=48.7 **eval=56.0** tie=0 trialseed=100
  b0.02n1600 w0 t101: => MINCIRC mode=learn seed=0 first=74.8 last=71.0 delta=-3.8 reward=72.1 **eval=100.0** tie=0 trialseed=101
  b0.02n1600 w0 t102: => MINCIRC mode=learn seed=0 first=49.2 last=51.5 delta=+2.2 reward=50.1 **eval=56.0** tie=0 trialseed=102
  b0.02n1600 w0 t103: => MINCIRC mode=learn seed=0 first=66.2 last=54.5 delta=-11.7 reward=57.4 **eval=56.0** tie=0 trialseed=103
  b0.02n1600 w0 t104: => MINCIRC mode=learn seed=0 first=66.2 last=54.0 delta=-12.2 reward=58.9 **eval=56.0** tie=0 trialseed=104
  b0.02n1600 w0 t105: => MINCIRC mode=learn seed=0 first=48.5 last=47.8 delta=-0.8 reward=49.2 **eval=56.0** tie=0 trialseed=105
  b0.02n1600 w0 t106: => MINCIRC mode=learn seed=0 first=48.0 last=50.7 delta=+2.7 reward=50.2 **eval=44.0** tie=0 trialseed=106
  b0.02n1600 w0 t107: => MINCIRC mode=learn seed=0 first=50.2 last=51.7 delta=+1.5 reward=48.8 **eval=44.0** tie=0 trialseed=107
  b0.02n1600 w1 t100: => MINCIRC mode=learn seed=1 first=48.8 last=47.5 delta=-1.2 reward=49.1 **eval=51.0** tie=0 trialseed=100
  b0.02n1600 w1 t101: => MINCIRC mode=learn seed=1 first=74.8 last=71.0 delta=-3.8 reward=72.1 **eval=100.0** tie=0 trialseed=101
  b0.02n1600 w1 t102: => MINCIRC mode=learn seed=1 first=54.2 last=51.5 delta=-2.8 reward=51.4 **eval=51.0** tie=0 trialseed=102
  b0.02n1600 w1 t103: => MINCIRC mode=learn seed=1 first=52.0 last=54.2 delta=+2.2 reward=51.7 **eval=51.0** tie=0 trialseed=103
  b0.02n1600 w1 t104: => MINCIRC mode=learn seed=1 first=69.5 last=74.2 delta=+4.8 reward=70.1 **eval=100.0** tie=0 trialseed=104
  b0.02n1600 w1 t105: => MINCIRC mode=learn seed=1 first=48.8 last=47.8 delta=-1.0 reward=49.2 **eval=51.0** tie=0 trialseed=105
  b0.02n1600 w1 t106: => MINCIRC mode=learn seed=1 first=70.0 last=70.0 delta=+0.0 reward=70.4 **eval=100.0** tie=0 trialseed=106
  b0.02n1600 w1 t107: => MINCIRC mode=learn seed=1 first=53.2 last=51.7 delta=-1.5 reward=52.6 **eval=51.0** tie=0 trialseed=107
  b0.02n1600 w2 t100: => MINCIRC mode=learn seed=2 first=66.8 last=47.8 delta=-19.0 reward=54.1 **eval=46.0** tie=0 trialseed=100
  b0.02n1600 w2 t101: => MINCIRC mode=learn seed=2 first=74.8 last=71.0 delta=-3.8 reward=72.1 **eval=100.0** tie=0 trialseed=101
  b0.02n1600 w2 t102: => MINCIRC mode=learn seed=2 first=65.8 last=51.5 delta=-14.2 reward=54.4 **eval=46.0** tie=0 trialseed=102
  b0.02n1600 w2 t103: => MINCIRC mode=learn seed=2 first=68.2 last=54.2 delta=-14.0 reward=57.1 **eval=46.0** tie=0 trialseed=103
  b0.02n1600 w2 t104: => MINCIRC mode=learn seed=2 first=69.5 last=74.2 delta=+4.8 reward=70.1 **eval=100.0** tie=0 trialseed=104
  b0.02n1600 w2 t105: => MINCIRC mode=learn seed=2 first=67.8 last=67.5 delta=-0.2 reward=68.9 **eval=100.0** tie=0 trialseed=105
  b0.02n1600 w2 t106: => MINCIRC mode=learn seed=2 first=70.0 last=70.0 delta=+0.0 reward=70.4 **eval=100.0** tie=0 trialseed=106
  b0.02n1600 w2 t107: => MINCIRC mode=learn seed=2 first=69.5 last=71.2 delta=+1.8 reward=69.2 **eval=100.0** tie=0 trialseed=107
  b0.02n1600 w3 t100: => MINCIRC mode=learn seed=3 first=66.8 last=69.8 delta=+3.0 reward=69.8 **eval=100.0** tie=0 trialseed=100
  b0.02n1600 w3 t101: => MINCIRC mode=learn seed=3 first=53.8 last=50.7 delta=-3.0 reward=52.1 **eval=47.0** tie=0 trialseed=101
  b0.02n1600 w3 t102: => MINCIRC mode=learn seed=3 first=48.0 last=50.7 delta=+2.7 reward=49.7 **eval=47.0** tie=0 trialseed=102
  b0.02n1600 w3 t103: => MINCIRC mode=learn seed=3 first=63.7 last=73.2 delta=+9.5 reward=69.3 **eval=100.0** tie=0 trialseed=103
  b0.02n1600 w3 t104: => MINCIRC mode=learn seed=3 first=48.8 last=48.8 delta=+0.0 reward=49.1 **eval=47.0** tie=0 trialseed=104
  b0.02n1600 w3 t105: => MINCIRC mode=learn seed=3 first=65.2 last=67.5 delta=+2.2 reward=68.2 **eval=100.0** tie=0 trialseed=105
  b0.02n1600 w3 t106: => MINCIRC mode=learn seed=3 first=48.2 last=50.5 delta=+2.2 reward=50.2 **eval=47.0** tie=0 trialseed=106
  b0.02n1600 w3 t107: => MINCIRC mode=learn seed=3 first=71.8 last=71.2 delta=-0.5 reward=69.8 **eval=100.0** tie=0 trialseed=107
  b0.02n1600 w4 t100: => MINCIRC mode=learn seed=4 first=48.2 last=47.5 delta=-0.8 reward=49.0 **eval=54.0** tie=0 trialseed=100
  b0.02n1600 w4 t101: => MINCIRC mode=learn seed=4 first=52.2 last=55.8 delta=+3.5 reward=51.4 **eval=54.0** tie=0 trialseed=101
  b0.02n1600 w4 t102: => MINCIRC mode=learn seed=4 first=50.2 last=51.5 delta=+1.3 reward=50.3 **eval=54.0** tie=0 trialseed=102
  b0.02n1600 w4 t103: => MINCIRC mode=learn seed=4 first=50.5 last=54.2 delta=+3.8 reward=51.3 **eval=54.0** tie=0 trialseed=103
  b0.02n1600 w4 t104: => MINCIRC mode=learn seed=4 first=51.7 last=54.0 delta=+2.3 reward=50.8 **eval=54.0** tie=0 trialseed=104
  b0.02n1600 w4 t105: => MINCIRC mode=learn seed=4 first=48.5 last=47.8 delta=-0.8 reward=49.2 **eval=54.0** tie=0 trialseed=105
  b0.02n1600 w4 t106: => MINCIRC mode=learn seed=4 first=49.2 last=50.2 delta=+1.0 reward=50.8 **eval=54.0** tie=0 trialseed=106
  b0.02n1600 w4 t107: => MINCIRC mode=learn seed=4 first=52.2 last=51.7 delta=-0.5 reward=52.3 **eval=54.0** tie=0 trialseed=107
########## baseline=0.1 trials=1600 ##########
  b0.1n1600 w0 t100: => MINCIRC mode=learn seed=0 first=47.0 last=47.5 delta=+0.5 reward=48.7 **eval=56.0** tie=0 trialseed=100
  b0.1n1600 w0 t101: => MINCIRC mode=learn seed=0 first=71.2 last=71.2 delta=+0.0 reward=71.2 **eval=100.0** tie=0 trialseed=101
  b0.1n1600 w0 t102: => MINCIRC mode=learn seed=0 first=49.0 last=51.5 delta=+2.5 reward=50.0 **eval=56.0** tie=0 trialseed=102
  b0.1n1600 w0 t103: => MINCIRC mode=learn seed=0 first=65.8 last=73.5 delta=+7.8 reward=69.8 **eval=100.0** tie=0 trialseed=103
  b0.1n1600 w0 t104: => MINCIRC mode=learn seed=0 first=66.2 last=54.2 delta=-12.0 reward=58.4 **eval=56.0** tie=0 trialseed=104
  b0.1n1600 w0 t105: => MINCIRC mode=learn seed=0 first=67.0 last=67.2 delta=+0.2 reward=68.7 **eval=100.0** tie=0 trialseed=105
  b0.1n1600 w0 t106: => MINCIRC mode=learn seed=0 first=47.8 last=50.5 delta=+2.8 reward=50.1 **eval=44.0** tie=0 trialseed=106
  b0.1n1600 w0 t107: => MINCIRC mode=learn seed=0 first=50.2 last=51.7 delta=+1.5 reward=48.8 **eval=44.0** tie=0 trialseed=107
  b0.1n1600 w1 t100: => MINCIRC mode=learn seed=1 first=48.5 last=47.5 delta=-1.0 reward=49.1 **eval=51.0** tie=0 trialseed=100
  b0.1n1600 w1 t101: => MINCIRC mode=learn seed=1 first=74.8 last=71.0 delta=-3.8 reward=72.1 **eval=100.0** tie=0 trialseed=101
  b0.1n1600 w1 t102: => MINCIRC mode=learn seed=1 first=64.0 last=51.5 delta=-12.5 reward=53.8 **eval=51.0** tie=0 trialseed=102
  b0.1n1600 w1 t103: => MINCIRC mode=learn seed=1 first=52.5 last=54.2 delta=+1.8 reward=51.8 **eval=51.0** tie=0 trialseed=103
  b0.1n1600 w1 t104: => MINCIRC mode=learn seed=1 first=69.8 last=74.2 delta=+4.5 reward=70.2 **eval=100.0** tie=0 trialseed=104
  b0.1n1600 w1 t105: => MINCIRC mode=learn seed=1 first=53.5 last=47.8 delta=-5.8 reward=50.4 **eval=51.0** tie=0 trialseed=105
  b0.1n1600 w1 t106: => MINCIRC mode=learn seed=1 first=70.0 last=70.0 delta=+0.0 reward=70.4 **eval=100.0** tie=0 trialseed=106
  b0.1n1600 w1 t107: => MINCIRC mode=learn seed=1 first=55.5 last=52.2 delta=-3.3 reward=53.2 **eval=51.0** tie=0 trialseed=107
  b0.1n1600 w2 t100: => MINCIRC mode=learn seed=2 first=67.5 last=47.5 delta=-20.0 reward=54.9 **eval=46.0** tie=0 trialseed=100
  b0.1n1600 w2 t101: => MINCIRC mode=learn seed=2 first=74.8 last=71.0 delta=-3.8 reward=72.1 **eval=100.0** tie=0 trialseed=101
  b0.1n1600 w2 t102: => MINCIRC mode=learn seed=2 first=66.2 last=51.5 delta=-14.8 reward=55.8 **eval=46.0** tie=0 trialseed=102
  b0.1n1600 w2 t103: => MINCIRC mode=learn seed=2 first=68.2 last=67.2 delta=-1.0 reward=68.9 **eval=100.0** tie=0 trialseed=103
  b0.1n1600 w2 t104: => MINCIRC mode=learn seed=2 first=69.5 last=74.2 delta=+4.8 reward=70.1 **eval=100.0** tie=0 trialseed=104
  b0.1n1600 w2 t105: => MINCIRC mode=learn seed=2 first=68.0 last=67.2 delta=-0.8 reward=68.9 **eval=100.0** tie=0 trialseed=105
  b0.1n1600 w2 t106: => MINCIRC mode=learn seed=2 first=70.0 last=70.0 delta=+0.0 reward=70.4 **eval=100.0** tie=0 trialseed=106
  b0.1n1600 w2 t107: => MINCIRC mode=learn seed=2 first=70.0 last=71.2 delta=+1.2 reward=69.3 **eval=100.0** tie=0 trialseed=107
  b0.1n1600 w3 t100: => MINCIRC mode=learn seed=3 first=50.2 last=52.5 delta=+2.3 reward=51.0 **eval=47.0** tie=0 trialseed=100
  b0.1n1600 w3 t101: => MINCIRC mode=learn seed=3 first=55.8 last=51.0 delta=-4.8 reward=52.6 **eval=47.0** tie=0 trialseed=101
  b0.1n1600 w3 t102: => MINCIRC mode=learn seed=3 first=43.8 last=50.7 delta=+7.0 reward=48.6 **eval=47.0** tie=0 trialseed=102
  b0.1n1600 w3 t103: => MINCIRC mode=learn seed=3 first=47.2 last=50.7 delta=+3.5 reward=49.6 **eval=47.0** tie=0 trialseed=103
  b0.1n1600 w3 t104: => MINCIRC mode=learn seed=3 first=50.0 last=48.8 delta=-1.2 reward=49.4 **eval=47.0** tie=0 trialseed=104
  b0.1n1600 w3 t105: => MINCIRC mode=learn seed=3 first=65.8 last=67.2 delta=+1.5 reward=68.4 **eval=100.0** tie=0 trialseed=105
  b0.1n1600 w3 t106: => MINCIRC mode=learn seed=3 first=49.0 last=50.5 delta=+1.5 reward=50.4 **eval=47.0** tie=0 trialseed=106
  b0.1n1600 w3 t107: => MINCIRC mode=learn seed=3 first=51.2 last=51.7 delta=+0.5 reward=49.1 **eval=47.0** tie=0 trialseed=107
  b0.1n1600 w4 t100: => MINCIRC mode=learn seed=4 first=48.2 last=47.5 delta=-0.8 reward=49.0 **eval=54.0** tie=0 trialseed=100
  b0.1n1600 w4 t101: => MINCIRC mode=learn seed=4 first=52.2 last=55.8 delta=+3.5 reward=51.4 **eval=54.0** tie=0 trialseed=101
  b0.1n1600 w4 t102: => MINCIRC mode=learn seed=4 first=50.2 last=51.5 delta=+1.3 reward=50.3 **eval=54.0** tie=0 trialseed=102
  b0.1n1600 w4 t103: => MINCIRC mode=learn seed=4 first=50.5 last=54.2 delta=+3.8 reward=51.3 **eval=54.0** tie=0 trialseed=103
  b0.1n1600 w4 t104: => MINCIRC mode=learn seed=4 first=51.7 last=54.0 delta=+2.3 reward=50.8 **eval=54.0** tie=0 trialseed=104
  b0.1n1600 w4 t105: => MINCIRC mode=learn seed=4 first=48.5 last=47.8 delta=-0.8 reward=49.2 **eval=54.0** tie=0 trialseed=105
  b0.1n1600 w4 t106: => MINCIRC mode=learn seed=4 first=49.2 last=50.2 delta=+1.0 reward=50.8 **eval=54.0** tie=0 trialseed=106
  b0.1n1600 w4 t107: => MINCIRC mode=learn seed=4 first=52.2 last=51.7 delta=-0.5 reward=52.3 **eval=54.0** tie=0 trialseed=107
[E091] 전체 루프 종료 — 원본 로그: /mnt/c/Users/JungHyun/Desktop/brain/BrainSimulation-rebuild/research/experiments/logs/E091
=== 종료코드 0 ===
