=== E096 실행: 2026-09-25T08:47:47Z ===
커맨드: bash scripts/e096_main.sh
---
  frozen w0: => MINCIRC mode=frozen seed=0 first=28.7 last=28.7 delta=+0.0 reward=0.0 **eval=0.0** tie=0 trialseed=100
  frozen w3: => MINCIRC mode=frozen seed=3 first=48.0 last=48.0 delta=+0.0 reward=0.0 **eval=47.0** tie=0 trialseed=100
  frozen w4: => MINCIRC mode=frozen seed=4 first=48.2 last=48.2 delta=+0.0 reward=0.0 **eval=54.0** tie=0 trialseed=100
########## act_steps=15 tau_e=3 ##########
  act15_tau3 w0 t100: => MINCIRC mode=learn seed=0 first=28.7 last=28.7 delta=+0.0 reward=28.7 **eval=0.0** tie=0 trialseed=100
  act15_tau3 w0 t101: => MINCIRC mode=learn seed=0 first=30.8 last=30.8 delta=+0.0 reward=30.8 **eval=0.0** tie=0 trialseed=101
  act15_tau3 w0 t102: => MINCIRC mode=learn seed=0 first=26.0 last=26.0 delta=+0.0 reward=26.0 **eval=0.0** tie=0 trialseed=102
  act15_tau3 w0 t103: => MINCIRC mode=learn seed=0 first=29.0 last=29.0 delta=+0.0 reward=29.0 **eval=0.0** tie=0 trialseed=103
  act15_tau3 w0 t104: => MINCIRC mode=learn seed=0 first=30.5 last=30.5 delta=+0.0 reward=30.5 **eval=0.0** tie=0 trialseed=104
  act15_tau3 w0 t105: => MINCIRC mode=learn seed=0 first=29.5 last=29.5 delta=+0.0 reward=29.5 **eval=0.0** tie=0 trialseed=105
  act15_tau3 w0 t106: => MINCIRC mode=learn seed=0 first=27.3 last=27.3 delta=+0.0 reward=27.3 **eval=0.0** tie=0 trialseed=106
  act15_tau3 w0 t107: => MINCIRC mode=learn seed=0 first=30.8 last=30.8 delta=+0.0 reward=30.8 **eval=0.0** tie=0 trialseed=107
  act15_tau3 w3 t100: => MINCIRC mode=learn seed=3 first=65.8 last=65.8 delta=+0.0 reward=65.8 **eval=100.0** tie=0 trialseed=100
  act15_tau3 w3 t101: => MINCIRC mode=learn seed=3 first=73.0 last=73.0 delta=+0.0 reward=73.0 **eval=100.0** tie=0 trialseed=101
  act15_tau3 w3 t102: => MINCIRC mode=learn seed=3 first=65.5 last=65.5 delta=+0.0 reward=65.5 **eval=100.0** tie=0 trialseed=102
  act15_tau3 w3 t103: => MINCIRC mode=learn seed=3 first=66.0 last=66.0 delta=+0.0 reward=66.0 **eval=100.0** tie=0 trialseed=103
  act15_tau3 w3 t104: => MINCIRC mode=learn seed=3 first=67.2 last=67.2 delta=+0.0 reward=67.2 **eval=100.0** tie=0 trialseed=104
  act15_tau3 w3 t105: => MINCIRC mode=learn seed=3 first=66.5 last=66.5 delta=+0.0 reward=66.5 **eval=100.0** tie=0 trialseed=105
  act15_tau3 w3 t106: => MINCIRC mode=learn seed=3 first=67.8 last=67.8 delta=+0.0 reward=67.8 **eval=100.0** tie=0 trialseed=106
  act15_tau3 w3 t107: => MINCIRC mode=learn seed=3 first=67.2 last=67.2 delta=+0.0 reward=67.2 **eval=100.0** tie=0 trialseed=107
  act15_tau3 w4 t100: => MINCIRC mode=learn seed=4 first=48.2 last=48.2 delta=+0.0 reward=48.2 **eval=54.0** tie=0 trialseed=100
  act15_tau3 w4 t101: => MINCIRC mode=learn seed=4 first=52.2 last=52.2 delta=+0.0 reward=52.2 **eval=54.0** tie=0 trialseed=101
  act15_tau3 w4 t102: => MINCIRC mode=learn seed=4 first=50.2 last=50.2 delta=+0.0 reward=50.2 **eval=54.0** tie=0 trialseed=102
  act15_tau3 w4 t103: => MINCIRC mode=learn seed=4 first=50.5 last=50.5 delta=+0.0 reward=50.5 **eval=54.0** tie=0 trialseed=103
  act15_tau3 w4 t104: => MINCIRC mode=learn seed=4 first=51.7 last=51.7 delta=+0.0 reward=51.7 **eval=54.0** tie=0 trialseed=104
  act15_tau3 w4 t105: => MINCIRC mode=learn seed=4 first=48.5 last=48.5 delta=+0.0 reward=48.5 **eval=54.0** tie=0 trialseed=105
  act15_tau3 w4 t106: => MINCIRC mode=learn seed=4 first=49.2 last=49.2 delta=+0.0 reward=49.2 **eval=54.0** tie=0 trialseed=106
  act15_tau3 w4 t107: => MINCIRC mode=learn seed=4 first=52.2 last=52.2 delta=+0.0 reward=52.2 **eval=54.0** tie=0 trialseed=107
########## act_steps=15 tau_e=6 ##########
  act15_tau6 w0 t100: => MINCIRC mode=learn seed=0 first=51.5 last=51.5 delta=+0.0 reward=51.5 **eval=100.0** tie=0 trialseed=100
  act15_tau6 w0 t101: => MINCIRC mode=learn seed=0 first=56.8 last=56.8 delta=+0.0 reward=56.8 **eval=100.0** tie=0 trialseed=101
  act15_tau6 w0 t102: => MINCIRC mode=learn seed=0 first=47.8 last=47.8 delta=+0.0 reward=47.8 **eval=100.0** tie=0 trialseed=102
  act15_tau6 w0 t103: => MINCIRC mode=learn seed=0 first=51.0 last=51.0 delta=+0.0 reward=51.0 **eval=100.0** tie=0 trialseed=103
  act15_tau6 w0 t104: => MINCIRC mode=learn seed=0 first=54.5 last=54.5 delta=+0.0 reward=54.5 **eval=100.0** tie=0 trialseed=104
  act15_tau6 w0 t105: => MINCIRC mode=learn seed=0 first=54.2 last=54.2 delta=+0.0 reward=54.2 **eval=100.0** tie=0 trialseed=105
  act15_tau6 w0 t106: => MINCIRC mode=learn seed=0 first=52.5 last=52.5 delta=+0.0 reward=52.5 **eval=100.0** tie=0 trialseed=106
  act15_tau6 w0 t107: => MINCIRC mode=learn seed=0 first=54.8 last=54.8 delta=+0.0 reward=54.8 **eval=100.0** tie=0 trialseed=107
  act15_tau6 w3 t100: => MINCIRC mode=learn seed=3 first=67.0 last=67.0 delta=+0.0 reward=67.0 **eval=100.0** tie=0 trialseed=100
  act15_tau6 w3 t101: => MINCIRC mode=learn seed=3 first=74.8 last=74.8 delta=+0.0 reward=74.8 **eval=100.0** tie=0 trialseed=101
  act15_tau6 w3 t102: => MINCIRC mode=learn seed=3 first=66.2 last=66.2 delta=+0.0 reward=66.2 **eval=100.0** tie=0 trialseed=102
  act15_tau6 w3 t103: => MINCIRC mode=learn seed=3 first=67.8 last=67.8 delta=+0.0 reward=67.8 **eval=100.0** tie=0 trialseed=103
  act15_tau6 w3 t104: => MINCIRC mode=learn seed=3 first=68.8 last=68.8 delta=+0.0 reward=68.8 **eval=100.0** tie=0 trialseed=104
  act15_tau6 w3 t105: => MINCIRC mode=learn seed=3 first=68.0 last=68.0 delta=+0.0 reward=68.0 **eval=100.0** tie=0 trialseed=105
  act15_tau6 w3 t106: => MINCIRC mode=learn seed=3 first=69.8 last=69.8 delta=+0.0 reward=69.8 **eval=100.0** tie=0 trialseed=106
  act15_tau6 w3 t107: => MINCIRC mode=learn seed=3 first=70.0 last=70.0 delta=+0.0 reward=70.0 **eval=100.0** tie=0 trialseed=107
  act15_tau6 w4 t100: => MINCIRC mode=learn seed=4 first=48.2 last=48.2 delta=+0.0 reward=48.2 **eval=54.0** tie=0 trialseed=100
  act15_tau6 w4 t101: => MINCIRC mode=learn seed=4 first=57.5 last=57.5 delta=+0.0 reward=57.5 **eval=100.0** tie=0 trialseed=101
  act15_tau6 w4 t102: => MINCIRC mode=learn seed=4 first=50.2 last=50.2 delta=+0.0 reward=50.2 **eval=54.0** tie=0 trialseed=102
  act15_tau6 w4 t103: => MINCIRC mode=learn seed=4 first=50.5 last=50.5 delta=+0.0 reward=50.5 **eval=54.0** tie=0 trialseed=103
  act15_tau6 w4 t104: => MINCIRC mode=learn seed=4 first=57.5 last=57.5 delta=+0.0 reward=57.5 **eval=100.0** tie=0 trialseed=104
  act15_tau6 w4 t105: => MINCIRC mode=learn seed=4 first=54.5 last=54.5 delta=+0.0 reward=54.5 **eval=100.0** tie=0 trialseed=105
  act15_tau6 w4 t106: => MINCIRC mode=learn seed=4 first=55.2 last=55.2 delta=+0.0 reward=55.2 **eval=100.0** tie=0 trialseed=106
  act15_tau6 w4 t107: => MINCIRC mode=learn seed=4 first=57.0 last=57.0 delta=+0.0 reward=57.0 **eval=100.0** tie=0 trialseed=107
########## act_steps=15 tau_e=12 ##########
  act15_tau12 w0 t100: => MINCIRC mode=learn seed=0 first=62.3 last=62.3 delta=+0.0 reward=62.3 **eval=100.0** tie=0 trialseed=100
  act15_tau12 w0 t101: => MINCIRC mode=learn seed=0 first=71.0 last=71.0 delta=+0.0 reward=71.0 **eval=100.0** tie=0 trialseed=101
  act15_tau12 w0 t102: => MINCIRC mode=learn seed=0 first=60.2 last=60.2 delta=+0.0 reward=60.2 **eval=100.0** tie=0 trialseed=102
  act15_tau12 w0 t103: => MINCIRC mode=learn seed=0 first=63.2 last=63.2 delta=+0.0 reward=63.2 **eval=100.0** tie=0 trialseed=103
  act15_tau12 w0 t104: => MINCIRC mode=learn seed=0 first=64.0 last=64.0 delta=+0.0 reward=64.0 **eval=100.0** tie=0 trialseed=104
  act15_tau12 w0 t105: => MINCIRC mode=learn seed=0 first=62.3 last=62.3 delta=+0.0 reward=62.3 **eval=100.0** tie=0 trialseed=105
  act15_tau12 w0 t106: => MINCIRC mode=learn seed=0 first=63.7 last=63.7 delta=+0.0 reward=63.7 **eval=100.0** tie=0 trialseed=106
  act15_tau12 w0 t107: => MINCIRC mode=learn seed=0 first=64.8 last=64.8 delta=+0.0 reward=64.8 **eval=100.0** tie=0 trialseed=107
  act15_tau12 w3 t100: => MINCIRC mode=learn seed=3 first=67.2 last=67.2 delta=+0.0 reward=67.2 **eval=100.0** tie=0 trialseed=100
  act15_tau12 w3 t101: => MINCIRC mode=learn seed=3 first=74.0 last=74.0 delta=+0.0 reward=74.0 **eval=100.0** tie=0 trialseed=101
  act15_tau12 w3 t102: => MINCIRC mode=learn seed=3 first=66.2 last=66.2 delta=+0.0 reward=66.2 **eval=100.0** tie=0 trialseed=102
  act15_tau12 w3 t103: => MINCIRC mode=learn seed=3 first=68.0 last=68.0 delta=+0.0 reward=68.0 **eval=100.0** tie=0 trialseed=103
  act15_tau12 w3 t104: => MINCIRC mode=learn seed=3 first=68.5 last=68.5 delta=+0.0 reward=68.5 **eval=100.0** tie=0 trialseed=104
  act15_tau12 w3 t105: => MINCIRC mode=learn seed=3 first=68.0 last=68.0 delta=+0.0 reward=68.0 **eval=100.0** tie=0 trialseed=105
  act15_tau12 w3 t106: => MINCIRC mode=learn seed=3 first=69.2 last=69.2 delta=+0.0 reward=69.2 **eval=100.0** tie=0 trialseed=106
  act15_tau12 w3 t107: => MINCIRC mode=learn seed=3 first=72.0 last=72.0 delta=+0.0 reward=72.0 **eval=100.0** tie=0 trialseed=107
  act15_tau12 w4 t100: => MINCIRC mode=learn seed=4 first=61.5 last=61.5 delta=+0.0 reward=61.5 **eval=100.0** tie=0 trialseed=100
  act15_tau12 w4 t101: => MINCIRC mode=learn seed=4 first=71.0 last=71.0 delta=+0.0 reward=71.0 **eval=100.0** tie=0 trialseed=101
  act15_tau12 w4 t102: => MINCIRC mode=learn seed=4 first=56.0 last=56.0 delta=+0.0 reward=56.0 **eval=100.0** tie=0 trialseed=102
  act15_tau12 w4 t103: => MINCIRC mode=learn seed=4 first=62.3 last=62.3 delta=+0.0 reward=62.3 **eval=100.0** tie=0 trialseed=103
  act15_tau12 w4 t104: => MINCIRC mode=learn seed=4 first=67.0 last=67.0 delta=+0.0 reward=67.0 **eval=100.0** tie=0 trialseed=104
  act15_tau12 w4 t105: => MINCIRC mode=learn seed=4 first=64.0 last=64.0 delta=+0.0 reward=64.0 **eval=100.0** tie=0 trialseed=105
  act15_tau12 w4 t106: => MINCIRC mode=learn seed=4 first=65.5 last=65.5 delta=+0.0 reward=65.5 **eval=100.0** tie=0 trialseed=106
  act15_tau12 w4 t107: => MINCIRC mode=learn seed=4 first=67.5 last=67.5 delta=+0.0 reward=67.5 **eval=100.0** tie=0 trialseed=107
########## act_steps=15 tau_e=25 ##########
  act15_tau25 w0 t100: => MINCIRC mode=learn seed=0 first=65.2 last=65.2 delta=+0.0 reward=65.2 **eval=100.0** tie=0 trialseed=100
  act15_tau25 w0 t101: => MINCIRC mode=learn seed=0 first=73.2 last=73.2 delta=+0.0 reward=73.2 **eval=100.0** tie=0 trialseed=101
  act15_tau25 w0 t102: => MINCIRC mode=learn seed=0 first=63.7 last=63.7 delta=+0.0 reward=63.7 **eval=100.0** tie=0 trialseed=102
  act15_tau25 w0 t103: => MINCIRC mode=learn seed=0 first=66.0 last=66.0 delta=+0.0 reward=66.0 **eval=100.0** tie=0 trialseed=103
  act15_tau25 w0 t104: => MINCIRC mode=learn seed=0 first=65.5 last=65.5 delta=+0.0 reward=65.5 **eval=100.0** tie=0 trialseed=104
  act15_tau25 w0 t105: => MINCIRC mode=learn seed=0 first=66.5 last=66.5 delta=+0.0 reward=66.5 **eval=100.0** tie=0 trialseed=105
  act15_tau25 w0 t106: => MINCIRC mode=learn seed=0 first=68.2 last=68.2 delta=+0.0 reward=68.2 **eval=100.0** tie=0 trialseed=106
  act15_tau25 w0 t107: => MINCIRC mode=learn seed=0 first=66.8 last=66.8 delta=+0.0 reward=66.8 **eval=100.0** tie=0 trialseed=107
  act15_tau25 w3 t100: => MINCIRC mode=learn seed=3 first=67.2 last=67.2 delta=+0.0 reward=67.2 **eval=100.0** tie=0 trialseed=100
  act15_tau25 w3 t101: => MINCIRC mode=learn seed=3 first=74.8 last=74.8 delta=+0.0 reward=74.8 **eval=100.0** tie=0 trialseed=101
  act15_tau25 w3 t102: => MINCIRC mode=learn seed=3 first=66.2 last=66.2 delta=+0.0 reward=66.2 **eval=100.0** tie=0 trialseed=102
  act15_tau25 w3 t103: => MINCIRC mode=learn seed=3 first=67.8 last=67.8 delta=+0.0 reward=67.8 **eval=100.0** tie=0 trialseed=103
  act15_tau25 w3 t104: => MINCIRC mode=learn seed=3 first=69.0 last=69.0 delta=+0.0 reward=69.0 **eval=100.0** tie=0 trialseed=104
  act15_tau25 w3 t105: => MINCIRC mode=learn seed=3 first=68.0 last=68.0 delta=+0.0 reward=68.0 **eval=100.0** tie=0 trialseed=105
  act15_tau25 w3 t106: => MINCIRC mode=learn seed=3 first=69.8 last=69.8 delta=+0.0 reward=69.8 **eval=100.0** tie=0 trialseed=106
  act15_tau25 w3 t107: => MINCIRC mode=learn seed=3 first=71.8 last=71.8 delta=+0.0 reward=71.8 **eval=100.0** tie=0 trialseed=107
  act15_tau25 w4 t100: => MINCIRC mode=learn seed=4 first=62.3 last=62.3 delta=+0.0 reward=62.3 **eval=100.0** tie=0 trialseed=100
  act15_tau25 w4 t101: => MINCIRC mode=learn seed=4 first=74.5 last=74.5 delta=+0.0 reward=74.5 **eval=100.0** tie=0 trialseed=101
  act15_tau25 w4 t102: => MINCIRC mode=learn seed=4 first=52.2 last=52.2 delta=+0.0 reward=52.2 **eval=54.0** tie=0 trialseed=102
  act15_tau25 w4 t103: => MINCIRC mode=learn seed=4 first=64.8 last=64.8 delta=+0.0 reward=64.8 **eval=100.0** tie=0 trialseed=103
  act15_tau25 w4 t104: => MINCIRC mode=learn seed=4 first=66.2 last=66.2 delta=+0.0 reward=66.2 **eval=100.0** tie=0 trialseed=104
  act15_tau25 w4 t105: => MINCIRC mode=learn seed=4 first=64.5 last=64.5 delta=+0.0 reward=64.5 **eval=100.0** tie=0 trialseed=105
  act15_tau25 w4 t106: => MINCIRC mode=learn seed=4 first=66.8 last=66.8 delta=+0.0 reward=66.8 **eval=100.0** tie=0 trialseed=106
  act15_tau25 w4 t107: => MINCIRC mode=learn seed=4 first=69.0 last=69.0 delta=+0.0 reward=69.0 **eval=100.0** tie=0 trialseed=107
########## act_steps=5 tau_e=3 ##########
  act5_tau3 w0 t100: => MINCIRC mode=learn seed=0 first=28.7 last=28.7 delta=+0.0 reward=28.7 **eval=0.0** tie=0 trialseed=100
  act5_tau3 w0 t101: => MINCIRC mode=learn seed=0 first=30.8 last=30.8 delta=+0.0 reward=30.8 **eval=0.0** tie=0 trialseed=101
  act5_tau3 w0 t102: => MINCIRC mode=learn seed=0 first=26.0 last=26.0 delta=+0.0 reward=26.0 **eval=0.0** tie=0 trialseed=102
  act5_tau3 w0 t103: => MINCIRC mode=learn seed=0 first=29.0 last=29.0 delta=+0.0 reward=29.0 **eval=0.0** tie=0 trialseed=103
  act5_tau3 w0 t104: => MINCIRC mode=learn seed=0 first=30.5 last=30.5 delta=+0.0 reward=30.5 **eval=0.0** tie=0 trialseed=104
  act5_tau3 w0 t105: => MINCIRC mode=learn seed=0 first=29.5 last=29.5 delta=+0.0 reward=29.5 **eval=0.0** tie=0 trialseed=105
  act5_tau3 w0 t106: => MINCIRC mode=learn seed=0 first=27.3 last=27.3 delta=+0.0 reward=27.3 **eval=0.0** tie=0 trialseed=106
  act5_tau3 w0 t107: => MINCIRC mode=learn seed=0 first=30.8 last=30.8 delta=+0.0 reward=30.8 **eval=0.0** tie=0 trialseed=107
  act5_tau3 w3 t100: => MINCIRC mode=learn seed=3 first=59.5 last=59.5 delta=+0.0 reward=59.5 **eval=100.0** tie=0 trialseed=100
  act5_tau3 w3 t101: => MINCIRC mode=learn seed=3 first=59.2 last=59.2 delta=+0.0 reward=59.2 **eval=47.0** tie=0 trialseed=101
  act5_tau3 w3 t102: => MINCIRC mode=learn seed=3 first=64.8 last=64.8 delta=+0.0 reward=64.8 **eval=100.0** tie=0 trialseed=102
  act5_tau3 w3 t103: => MINCIRC mode=learn seed=3 first=63.7 last=63.7 delta=+0.0 reward=63.7 **eval=100.0** tie=0 trialseed=103
  act5_tau3 w3 t104: => MINCIRC mode=learn seed=3 first=58.5 last=58.5 delta=+0.0 reward=58.5 **eval=47.0** tie=0 trialseed=104
  act5_tau3 w3 t105: => MINCIRC mode=learn seed=3 first=56.5 last=56.5 delta=+0.0 reward=56.5 **eval=47.0** tie=0 trialseed=105
  act5_tau3 w3 t106: => MINCIRC mode=learn seed=3 first=57.5 last=57.5 delta=+0.0 reward=57.5 **eval=47.0** tie=0 trialseed=106
  act5_tau3 w3 t107: => MINCIRC mode=learn seed=3 first=56.2 last=56.2 delta=+0.0 reward=56.2 **eval=47.0** tie=0 trialseed=107
  act5_tau3 w4 t100: => MINCIRC mode=learn seed=4 first=48.2 last=48.2 delta=+0.0 reward=48.2 **eval=54.0** tie=0 trialseed=100
  act5_tau3 w4 t101: => MINCIRC mode=learn seed=4 first=52.2 last=52.2 delta=+0.0 reward=52.2 **eval=54.0** tie=0 trialseed=101
  act5_tau3 w4 t102: => MINCIRC mode=learn seed=4 first=50.2 last=50.2 delta=+0.0 reward=50.2 **eval=54.0** tie=0 trialseed=102
  act5_tau3 w4 t103: => MINCIRC mode=learn seed=4 first=50.5 last=50.5 delta=+0.0 reward=50.5 **eval=54.0** tie=0 trialseed=103
  act5_tau3 w4 t104: => MINCIRC mode=learn seed=4 first=51.7 last=51.7 delta=+0.0 reward=51.7 **eval=54.0** tie=0 trialseed=104
  act5_tau3 w4 t105: => MINCIRC mode=learn seed=4 first=48.5 last=48.5 delta=+0.0 reward=48.5 **eval=54.0** tie=0 trialseed=105
  act5_tau3 w4 t106: => MINCIRC mode=learn seed=4 first=49.2 last=49.2 delta=+0.0 reward=49.2 **eval=54.0** tie=0 trialseed=106
  act5_tau3 w4 t107: => MINCIRC mode=learn seed=4 first=52.2 last=52.2 delta=+0.0 reward=52.2 **eval=54.0** tie=0 trialseed=107
########## act_steps=5 tau_e=6 ##########
  act5_tau6 w0 t100: => MINCIRC mode=learn seed=0 first=48.8 last=48.8 delta=+0.0 reward=48.8 **eval=100.0** tie=0 trialseed=100
  act5_tau6 w0 t101: => MINCIRC mode=learn seed=0 first=55.5 last=55.5 delta=+0.0 reward=55.5 **eval=100.0** tie=0 trialseed=101
  act5_tau6 w0 t102: => MINCIRC mode=learn seed=0 first=43.0 last=43.0 delta=+0.0 reward=43.0 **eval=100.0** tie=0 trialseed=102
  act5_tau6 w0 t103: => MINCIRC mode=learn seed=0 first=49.5 last=49.5 delta=+0.0 reward=49.5 **eval=100.0** tie=0 trialseed=103
  act5_tau6 w0 t104: => MINCIRC mode=learn seed=0 first=50.2 last=50.2 delta=+0.0 reward=50.2 **eval=100.0** tie=0 trialseed=104
  act5_tau6 w0 t105: => MINCIRC mode=learn seed=0 first=50.7 last=50.7 delta=+0.0 reward=50.7 **eval=100.0** tie=0 trialseed=105
  act5_tau6 w0 t106: => MINCIRC mode=learn seed=0 first=47.5 last=47.5 delta=+0.0 reward=47.5 **eval=100.0** tie=0 trialseed=106
  act5_tau6 w0 t107: => MINCIRC mode=learn seed=0 first=51.0 last=51.0 delta=+0.0 reward=51.0 **eval=100.0** tie=0 trialseed=107
  act5_tau6 w3 t100: => MINCIRC mode=learn seed=3 first=64.0 last=64.0 delta=+0.0 reward=64.0 **eval=100.0** tie=0 trialseed=100
  act5_tau6 w3 t101: => MINCIRC mode=learn seed=3 first=70.2 last=70.2 delta=+0.0 reward=70.2 **eval=100.0** tie=0 trialseed=101
  act5_tau6 w3 t102: => MINCIRC mode=learn seed=3 first=64.2 last=64.2 delta=+0.0 reward=64.2 **eval=100.0** tie=0 trialseed=102
  act5_tau6 w3 t103: => MINCIRC mode=learn seed=3 first=66.2 last=66.2 delta=+0.0 reward=66.2 **eval=100.0** tie=0 trialseed=103
  act5_tau6 w3 t104: => MINCIRC mode=learn seed=3 first=58.8 last=58.8 delta=+0.0 reward=58.8 **eval=100.0** tie=0 trialseed=104
  act5_tau6 w3 t105: => MINCIRC mode=learn seed=3 first=68.0 last=68.0 delta=+0.0 reward=68.0 **eval=100.0** tie=0 trialseed=105
  act5_tau6 w3 t106: => MINCIRC mode=learn seed=3 first=56.5 last=56.5 delta=+0.0 reward=56.5 **eval=100.0** tie=0 trialseed=106
  act5_tau6 w3 t107: => MINCIRC mode=learn seed=3 first=59.5 last=59.5 delta=+0.0 reward=59.5 **eval=100.0** tie=0 trialseed=107
  act5_tau6 w4 t100: => MINCIRC mode=learn seed=4 first=48.5 last=48.5 delta=+0.0 reward=48.5 **eval=54.0** tie=0 trialseed=100
  act5_tau6 w4 t101: => MINCIRC mode=learn seed=4 first=55.2 last=55.2 delta=+0.0 reward=55.2 **eval=54.0** tie=0 trialseed=101
  act5_tau6 w4 t102: => MINCIRC mode=learn seed=4 first=51.2 last=51.2 delta=+0.0 reward=51.2 **eval=54.0** tie=0 trialseed=102
  act5_tau6 w4 t103: => MINCIRC mode=learn seed=4 first=51.5 last=51.5 delta=+0.0 reward=51.5 **eval=54.0** tie=0 trialseed=103
  act5_tau6 w4 t104: => MINCIRC mode=learn seed=4 first=56.5 last=56.5 delta=+0.0 reward=56.5 **eval=80.0** tie=46 trialseed=104
  act5_tau6 w4 t105: => MINCIRC mode=learn seed=4 first=54.0 last=54.0 delta=+0.0 reward=54.0 **eval=83.0** tie=46 trialseed=105
  act5_tau6 w4 t106: => MINCIRC mode=learn seed=4 first=52.0 last=52.0 delta=+0.0 reward=52.0 **eval=54.0** tie=0 trialseed=106
  act5_tau6 w4 t107: => MINCIRC mode=learn seed=4 first=56.8 last=56.8 delta=+0.0 reward=56.8 **eval=54.0** tie=0 trialseed=107
########## act_steps=5 tau_e=12 ##########
  act5_tau12 w0 t100: => MINCIRC mode=learn seed=0 first=59.8 last=59.8 delta=+0.0 reward=59.8 **eval=100.0** tie=0 trialseed=100
  act5_tau12 w0 t101: => MINCIRC mode=learn seed=0 first=66.5 last=66.5 delta=+0.0 reward=66.5 **eval=100.0** tie=0 trialseed=101
  act5_tau12 w0 t102: => MINCIRC mode=learn seed=0 first=56.2 last=56.2 delta=+0.0 reward=56.2 **eval=100.0** tie=0 trialseed=102
  act5_tau12 w0 t103: => MINCIRC mode=learn seed=0 first=58.2 last=58.2 delta=+0.0 reward=58.2 **eval=100.0** tie=0 trialseed=103
  act5_tau12 w0 t104: => MINCIRC mode=learn seed=0 first=59.0 last=59.0 delta=+0.0 reward=59.0 **eval=100.0** tie=0 trialseed=104
  act5_tau12 w0 t105: => MINCIRC mode=learn seed=0 first=60.2 last=60.2 delta=+0.0 reward=60.2 **eval=100.0** tie=0 trialseed=105
  act5_tau12 w0 t106: => MINCIRC mode=learn seed=0 first=58.2 last=58.2 delta=+0.0 reward=58.2 **eval=100.0** tie=0 trialseed=106
  act5_tau12 w0 t107: => MINCIRC mode=learn seed=0 first=61.0 last=61.0 delta=+0.0 reward=61.0 **eval=100.0** tie=0 trialseed=107
  act5_tau12 w3 t100: => MINCIRC mode=learn seed=3 first=67.0 last=67.0 delta=+0.0 reward=67.0 **eval=100.0** tie=0 trialseed=100
  act5_tau12 w3 t101: => MINCIRC mode=learn seed=3 first=72.8 last=72.8 delta=+0.0 reward=72.8 **eval=100.0** tie=0 trialseed=101
  act5_tau12 w3 t102: => MINCIRC mode=learn seed=3 first=65.5 last=65.5 delta=+0.0 reward=65.5 **eval=100.0** tie=0 trialseed=102
  act5_tau12 w3 t103: => MINCIRC mode=learn seed=3 first=67.8 last=67.8 delta=+0.0 reward=67.8 **eval=100.0** tie=0 trialseed=103
  act5_tau12 w3 t104: => MINCIRC mode=learn seed=3 first=67.0 last=67.0 delta=+0.0 reward=67.0 **eval=100.0** tie=0 trialseed=104
  act5_tau12 w3 t105: => MINCIRC mode=learn seed=3 first=68.2 last=68.2 delta=+0.0 reward=68.2 **eval=100.0** tie=0 trialseed=105
  act5_tau12 w3 t106: => MINCIRC mode=learn seed=3 first=66.5 last=66.5 delta=+0.0 reward=66.5 **eval=100.0** tie=0 trialseed=106
  act5_tau12 w3 t107: => MINCIRC mode=learn seed=3 first=69.5 last=69.5 delta=+0.0 reward=69.5 **eval=100.0** tie=0 trialseed=107
  act5_tau12 w4 t100: => MINCIRC mode=learn seed=4 first=48.5 last=48.5 delta=+0.0 reward=48.5 **eval=54.0** tie=0 trialseed=100
  act5_tau12 w4 t101: => MINCIRC mode=learn seed=4 first=55.8 last=55.8 delta=+0.0 reward=55.8 **eval=75.0** tie=46 trialseed=101
  act5_tau12 w4 t102: => MINCIRC mode=learn seed=4 first=50.2 last=50.2 delta=+0.0 reward=50.2 **eval=54.0** tie=0 trialseed=102
  act5_tau12 w4 t103: => MINCIRC mode=learn seed=4 first=51.2 last=51.2 delta=+0.0 reward=51.2 **eval=54.0** tie=0 trialseed=103
  act5_tau12 w4 t104: => MINCIRC mode=learn seed=4 first=56.0 last=56.0 delta=+0.0 reward=56.0 **eval=100.0** tie=0 trialseed=104
  act5_tau12 w4 t105: => MINCIRC mode=learn seed=4 first=53.8 last=53.8 delta=+0.0 reward=53.8 **eval=100.0** tie=0 trialseed=105
  act5_tau12 w4 t106: => MINCIRC mode=learn seed=4 first=54.0 last=54.0 delta=+0.0 reward=54.0 **eval=100.0** tie=0 trialseed=106
  act5_tau12 w4 t107: => MINCIRC mode=learn seed=4 first=56.2 last=56.2 delta=+0.0 reward=56.2 **eval=100.0** tie=0 trialseed=107
########## act_steps=45 tau_e=12 ##########
  act45_tau12 w0 t100: => MINCIRC mode=learn seed=0 first=39.0 last=39.0 delta=+0.0 reward=39.0 **eval=56.0** tie=0 trialseed=100
  act45_tau12 w0 t101: => MINCIRC mode=learn seed=0 first=49.2 last=49.2 delta=+0.0 reward=49.2 **eval=56.0** tie=0 trialseed=101
  act45_tau12 w0 t102: => MINCIRC mode=learn seed=0 first=46.2 last=46.2 delta=+0.0 reward=46.2 **eval=56.0** tie=0 trialseed=102
  act45_tau12 w0 t103: => MINCIRC mode=learn seed=0 first=29.8 last=29.8 delta=+0.0 reward=29.8 **eval=0.0** tie=0 trialseed=103
  act45_tau12 w0 t104: => MINCIRC mode=learn seed=0 first=38.8 last=38.8 delta=+0.0 reward=38.8 **eval=56.0** tie=0 trialseed=104
  act45_tau12 w0 t105: => MINCIRC mode=learn seed=0 first=36.5 last=36.5 delta=+0.0 reward=36.5 **eval=56.0** tie=0 trialseed=105
  act45_tau12 w0 t106: => MINCIRC mode=learn seed=0 first=28.5 last=28.5 delta=+0.0 reward=28.5 **eval=0.0** tie=0 trialseed=106
  act45_tau12 w0 t107: => MINCIRC mode=learn seed=0 first=31.8 last=31.8 delta=+0.0 reward=31.8 **eval=56.0** tie=0 trialseed=107
  act45_tau12 w3 t100: => MINCIRC mode=learn seed=3 first=48.0 last=48.0 delta=+0.0 reward=48.0 **eval=53.0** tie=0 trialseed=100
  act45_tau12 w3 t101: => MINCIRC mode=learn seed=3 first=52.5 last=52.5 delta=+0.0 reward=52.5 **eval=53.0** tie=0 trialseed=101
  act45_tau12 w3 t102: => MINCIRC mode=learn seed=3 first=52.0 last=52.0 delta=+0.0 reward=52.0 **eval=53.0** tie=0 trialseed=102
  act45_tau12 w3 t103: => MINCIRC mode=learn seed=3 first=49.5 last=49.5 delta=+0.0 reward=49.5 **eval=53.0** tie=0 trialseed=103
  act45_tau12 w3 t104: => MINCIRC mode=learn seed=3 first=52.5 last=52.5 delta=+0.0 reward=52.5 **eval=53.0** tie=0 trialseed=104
  act45_tau12 w3 t105: => MINCIRC mode=learn seed=3 first=49.5 last=49.5 delta=+0.0 reward=49.5 **eval=53.0** tie=0 trialseed=105
  act45_tau12 w3 t106: => MINCIRC mode=learn seed=3 first=52.2 last=52.2 delta=+0.0 reward=52.2 **eval=53.0** tie=0 trialseed=106
  act45_tau12 w3 t107: => MINCIRC mode=learn seed=3 first=52.8 last=52.8 delta=+0.0 reward=52.8 **eval=53.0** tie=0 trialseed=107
  act45_tau12 w4 t100: => MINCIRC mode=learn seed=4 first=34.8 last=34.8 delta=+0.0 reward=34.8 **eval=0.0** tie=0 trialseed=100
  act45_tau12 w4 t101: => MINCIRC mode=learn seed=4 first=52.2 last=52.2 delta=+0.0 reward=52.2 **eval=54.0** tie=0 trialseed=101
  act45_tau12 w4 t102: => MINCIRC mode=learn seed=4 first=49.5 last=49.5 delta=+0.0 reward=49.5 **eval=54.0** tie=0 trialseed=102
  act45_tau12 w4 t103: => MINCIRC mode=learn seed=4 first=36.8 last=36.8 delta=+0.0 reward=36.8 **eval=0.0** tie=0 trialseed=103
  act45_tau12 w4 t104: => MINCIRC mode=learn seed=4 first=36.5 last=36.5 delta=+0.0 reward=36.5 **eval=0.0** tie=0 trialseed=104
  act45_tau12 w4 t105: => MINCIRC mode=learn seed=4 first=48.5 last=48.5 delta=+0.0 reward=48.5 **eval=54.0** tie=0 trialseed=105
  act45_tau12 w4 t106: => MINCIRC mode=learn seed=4 first=49.2 last=49.2 delta=+0.0 reward=49.2 **eval=54.0** tie=0 trialseed=106
  act45_tau12 w4 t107: => MINCIRC mode=learn seed=4 first=49.8 last=49.8 delta=+0.0 reward=49.8 **eval=54.0** tie=0 trialseed=107
########## act_steps=45 tau_e=25 ##########
  act45_tau25 w0 t100: => MINCIRC mode=learn seed=0 first=50.5 last=50.5 delta=+0.0 reward=50.5 **eval=56.0** tie=0 trialseed=100
  act45_tau25 w0 t101: => MINCIRC mode=learn seed=0 first=72.2 last=72.2 delta=+0.0 reward=72.2 **eval=100.0** tie=0 trialseed=101
  act45_tau25 w0 t102: => MINCIRC mode=learn seed=0 first=49.8 last=49.8 delta=+0.0 reward=49.8 **eval=56.0** tie=0 trialseed=102
  act45_tau25 w0 t103: => MINCIRC mode=learn seed=0 first=48.8 last=48.8 delta=+0.0 reward=48.8 **eval=56.0** tie=0 trialseed=103
  act45_tau25 w0 t104: => MINCIRC mode=learn seed=0 first=49.5 last=49.5 delta=+0.0 reward=49.5 **eval=56.0** tie=0 trialseed=104
  act45_tau25 w0 t105: => MINCIRC mode=learn seed=0 first=46.5 last=46.5 delta=+0.0 reward=46.5 **eval=56.0** tie=0 trialseed=105
  act45_tau25 w0 t106: => MINCIRC mode=learn seed=0 first=51.7 last=51.7 delta=+0.0 reward=51.7 **eval=56.0** tie=0 trialseed=106
  act45_tau25 w0 t107: => MINCIRC mode=learn seed=0 first=61.0 last=61.0 delta=+0.0 reward=61.0 **eval=100.0** tie=0 trialseed=107
  act45_tau25 w3 t100: => MINCIRC mode=learn seed=3 first=48.8 last=48.8 delta=+0.0 reward=48.8 **eval=53.0** tie=0 trialseed=100
  act45_tau25 w3 t101: => MINCIRC mode=learn seed=3 first=52.2 last=52.2 delta=+0.0 reward=52.2 **eval=53.0** tie=0 trialseed=101
  act45_tau25 w3 t102: => MINCIRC mode=learn seed=3 first=53.2 last=53.2 delta=+0.0 reward=53.2 **eval=53.0** tie=0 trialseed=102
  act45_tau25 w3 t103: => MINCIRC mode=learn seed=3 first=50.2 last=50.2 delta=+0.0 reward=50.2 **eval=53.0** tie=0 trialseed=103
  act45_tau25 w3 t104: => MINCIRC mode=learn seed=3 first=53.0 last=53.0 delta=+0.0 reward=53.0 **eval=53.0** tie=0 trialseed=104
  act45_tau25 w3 t105: => MINCIRC mode=learn seed=3 first=49.5 last=49.5 delta=+0.0 reward=49.5 **eval=53.0** tie=0 trialseed=105
  act45_tau25 w3 t106: => MINCIRC mode=learn seed=3 first=52.5 last=52.5 delta=+0.0 reward=52.5 **eval=53.0** tie=0 trialseed=106
  act45_tau25 w3 t107: => MINCIRC mode=learn seed=3 first=53.8 last=53.8 delta=+0.0 reward=53.8 **eval=53.0** tie=0 trialseed=107
  act45_tau25 w4 t100: => MINCIRC mode=learn seed=4 first=48.2 last=48.2 delta=+0.0 reward=48.2 **eval=54.0** tie=0 trialseed=100
  act45_tau25 w4 t101: => MINCIRC mode=learn seed=4 first=52.2 last=52.2 delta=+0.0 reward=52.2 **eval=54.0** tie=0 trialseed=101
  act45_tau25 w4 t102: => MINCIRC mode=learn seed=4 first=50.2 last=50.2 delta=+0.0 reward=50.2 **eval=54.0** tie=0 trialseed=102
  act45_tau25 w4 t103: => MINCIRC mode=learn seed=4 first=50.5 last=50.5 delta=+0.0 reward=50.5 **eval=54.0** tie=0 trialseed=103
  act45_tau25 w4 t104: => MINCIRC mode=learn seed=4 first=51.7 last=51.7 delta=+0.0 reward=51.7 **eval=54.0** tie=0 trialseed=104
  act45_tau25 w4 t105: => MINCIRC mode=learn seed=4 first=48.5 last=48.5 delta=+0.0 reward=48.5 **eval=54.0** tie=0 trialseed=105
  act45_tau25 w4 t106: => MINCIRC mode=learn seed=4 first=49.2 last=49.2 delta=+0.0 reward=49.2 **eval=54.0** tie=0 trialseed=106
  act45_tau25 w4 t107: => MINCIRC mode=learn seed=4 first=52.2 last=52.2 delta=+0.0 reward=52.2 **eval=54.0** tie=0 trialseed=107
########## act_steps=45 tau_e=50 ##########
  act45_tau50 w0 t100: => MINCIRC mode=learn seed=0 first=47.5 last=47.5 delta=+0.0 reward=47.5 **eval=56.0** tie=0 trialseed=100
  act45_tau50 w0 t101: => MINCIRC mode=learn seed=0 first=74.5 last=74.5 delta=+0.0 reward=74.5 **eval=100.0** tie=0 trialseed=101
  act45_tau50 w0 t102: => MINCIRC mode=learn seed=0 first=50.2 last=50.2 delta=+0.0 reward=50.2 **eval=56.0** tie=0 trialseed=102
  act45_tau50 w0 t103: => MINCIRC mode=learn seed=0 first=64.8 last=64.8 delta=+0.0 reward=64.8 **eval=100.0** tie=0 trialseed=103
  act45_tau50 w0 t104: => MINCIRC mode=learn seed=0 first=50.5 last=50.5 delta=+0.0 reward=50.5 **eval=56.0** tie=0 trialseed=104
  act45_tau50 w0 t105: => MINCIRC mode=learn seed=0 first=68.0 last=68.0 delta=+0.0 reward=68.0 **eval=100.0** tie=0 trialseed=105
  act45_tau50 w0 t106: => MINCIRC mode=learn seed=0 first=69.0 last=69.0 delta=+0.0 reward=69.0 **eval=100.0** tie=0 trialseed=106
  act45_tau50 w0 t107: => MINCIRC mode=learn seed=0 first=65.0 last=65.0 delta=+0.0 reward=65.0 **eval=100.0** tie=0 trialseed=107
  act45_tau50 w3 t100: => MINCIRC mode=learn seed=3 first=49.2 last=49.2 delta=+0.0 reward=49.2 **eval=53.0** tie=0 trialseed=100
  act45_tau50 w3 t101: => MINCIRC mode=learn seed=3 first=52.8 last=52.8 delta=+0.0 reward=52.8 **eval=53.0** tie=0 trialseed=101
  act45_tau50 w3 t102: => MINCIRC mode=learn seed=3 first=55.0 last=55.0 delta=+0.0 reward=55.0 **eval=53.0** tie=0 trialseed=102
  act45_tau50 w3 t103: => MINCIRC mode=learn seed=3 first=50.2 last=50.2 delta=+0.0 reward=50.2 **eval=53.0** tie=0 trialseed=103
  act45_tau50 w3 t104: => MINCIRC mode=learn seed=3 first=51.5 last=51.5 delta=+0.0 reward=51.5 **eval=53.0** tie=0 trialseed=104
  act45_tau50 w3 t105: => MINCIRC mode=learn seed=3 first=48.5 last=48.5 delta=+0.0 reward=48.5 **eval=53.0** tie=0 trialseed=105
  act45_tau50 w3 t106: => MINCIRC mode=learn seed=3 first=57.8 last=57.8 delta=+0.0 reward=57.8 **eval=53.0** tie=0 trialseed=106
  act45_tau50 w3 t107: => MINCIRC mode=learn seed=3 first=49.8 last=49.8 delta=+0.0 reward=49.8 **eval=53.0** tie=0 trialseed=107
  act45_tau50 w4 t100: => MINCIRC mode=learn seed=4 first=48.2 last=48.2 delta=+0.0 reward=48.2 **eval=54.0** tie=0 trialseed=100
  act45_tau50 w4 t101: => MINCIRC mode=learn seed=4 first=52.2 last=52.2 delta=+0.0 reward=52.2 **eval=54.0** tie=0 trialseed=101
  act45_tau50 w4 t102: => MINCIRC mode=learn seed=4 first=50.2 last=50.2 delta=+0.0 reward=50.2 **eval=54.0** tie=0 trialseed=102
  act45_tau50 w4 t103: => MINCIRC mode=learn seed=4 first=50.5 last=50.5 delta=+0.0 reward=50.5 **eval=54.0** tie=0 trialseed=103
  act45_tau50 w4 t104: => MINCIRC mode=learn seed=4 first=51.7 last=51.7 delta=+0.0 reward=51.7 **eval=54.0** tie=0 trialseed=104
  act45_tau50 w4 t105: => MINCIRC mode=learn seed=4 first=48.5 last=48.5 delta=+0.0 reward=48.5 **eval=54.0** tie=0 trialseed=105
  act45_tau50 w4 t106: => MINCIRC mode=learn seed=4 first=49.2 last=49.2 delta=+0.0 reward=49.2 **eval=54.0** tie=0 trialseed=106
  act45_tau50 w4 t107: => MINCIRC mode=learn seed=4 first=52.2 last=52.2 delta=+0.0 reward=52.2 **eval=54.0** tie=0 trialseed=107
[E096] 전체 루프 종료 — 원본 로그: /mnt/c/Users/JungHyun/Desktop/brain/BrainSimulation-rebuild/research/experiments/logs/E096
=== 종료코드 0 ===
