=== E098 실행: 2026-09-25T11:16:03Z ===
커맨드: bash scripts/e098_main.sh
---
########## tau_e=200 ##########
  tau200 학습 b0: => 정답률 +0.0%p | **변조폭 변화 +0.0011** | 판정: 변화 없음
  tau200 무학습 b0: => 정답률 +0.0%p | **변조폭 변화 +0.0000** | 판정: 변화 없음
  tau200 학습 b1: => 정답률 +0.0%p | **변조폭 변화 +0.0018** | 판정: 변화 없음
  tau200 무학습 b1: => 정답률 +0.0%p | **변조폭 변화 +0.0000** | 판정: 변화 없음
  tau200 학습 b2: => 정답률 +0.0%p | **변조폭 변화 -0.0002** | 판정: 변화 없음
  tau200 무학습 b2: => 정답률 +0.0%p | **변조폭 변화 +0.0000** | 판정: 변화 없음
  tau200 학습 b3: => 정답률 +0.0%p | **변조폭 변화 -0.0017** | 판정: 변화 없음
  tau200 무학습 b3: => 정답률 +0.0%p | **변조폭 변화 +0.0000** | 판정: 변화 없음
  tau200 학습 b4: => 정답률 +0.0%p | **변조폭 변화 +0.0012** | 판정: 변화 없음
  tau200 무학습 b4: => 정답률 +0.0%p | **변조폭 변화 +0.0000** | 판정: 변화 없음
########## tau_e=50 ##########
  tau50 학습 b0: => 정답률 +0.0%p | **변조폭 변화 +0.0002** | 판정: 변화 없음
  tau50 무학습 b0: => 정답률 +0.0%p | **변조폭 변화 +0.0000** | 판정: 변화 없음
  tau50 학습 b1: => 정답률 +0.0%p | **변조폭 변화 -0.0046** | 판정: 변화 없음
  tau50 무학습 b1: => 정답률 +0.0%p | **변조폭 변화 +0.0000** | 판정: 변화 없음
  tau50 학습 b2: => 정답률 +0.0%p | **변조폭 변화 -0.0007** | 판정: 변화 없음
  tau50 무학습 b2: => 정답률 +0.0%p | **변조폭 변화 +0.0000** | 판정: 변화 없음
  tau50 학습 b3: === E098 실행: 2026-09-25T16:12:55Z ===
커맨드: bash scripts/e098_main.sh
---
########## tau_e=200 ##########
  tau200 학습 b0: [건너뜀]
  tau200 무학습 b0: [건너뜀]
  tau200 학습 b1: [건너뜀]
  tau200 무학습 b1: [건너뜀]
  tau200 학습 b2: [건너뜀]
  tau200 무학습 b2: [건너뜀]
  tau200 학습 b3: [건너뜀]
  tau200 무학습 b3: [건너뜀]
  tau200 학습 b4: [건너뜀]
  tau200 무학습 b4: [건너뜀]
########## tau_e=50 ##########
  tau50 학습 b0: [건너뜀]
  tau50 무학습 b0: [건너뜀]
  tau50 학습 b1: [건너뜀]
  tau50 무학습 b1: [건너뜀]
  tau50 학습 b2: [건너뜀]
  tau50 무학습 b2: [건너뜀]
  tau50 학습 b3: => 정답률 +0.0%p | **변조폭 변화 -0.0010** | 판정: 변화 없음
  tau50 무학습 b3: => 정답률 +0.0%p | **변조폭 변화 +0.0000** | 판정: 변화 없음
  tau50 학습 b4: => 정답률 +0.0%p | **변조폭 변화 +0.0023** | 판정: 변화 없음
  tau50 무학습 b4: => 정답률 +0.0%p | **변조폭 변화 +0.0000** | 판정: 변화 없음
########## tau_e=12 ##########
  tau12 학습 b0: => 정답률 +0.0%p | **변조폭 변화 +0.0052** | 판정: 변화 없음
  tau12 무학습 b0: => 정답률 +0.0%p | **변조폭 변화 +0.0000** | 판정: 변화 없음
  tau12 학습 b1: => 정답률 +0.0%p | **변조폭 변화 -0.0000** | 판정: 변화 없음
  tau12 무학습 b1: => 정답률 +0.0%p | **변조폭 변화 +0.0000** | 판정: 변화 없음
  tau12 학습 b2: => 정답률 +0.0%p | **변조폭 변화 -0.0003** | 판정: 변화 없음
  tau12 무학습 b2: => 정답률 +0.0%p | **변조폭 변화 +0.0000** | 판정: 변화 없음
  tau12 학습 b3: => 정답률 +0.0%p | **변조폭 변화 -0.0106** | 판정: 변화 없음
  tau12 무학습 b3: => 정답률 +0.0%p | **변조폭 변화 +0.0000** | 판정: 변화 없음
  tau12 학습 b4: => 정답률 +0.0%p | **변조폭 변화 +0.0038** | 판정: 변화 없음
  tau12 무학습 b4: => 정답률 +0.0%p | **변조폭 변화 +0.0000** | 판정: 변화 없음
########## tau_e=3 ##########
  tau3 학습 b0: => 정답률 +0.0%p | **변조폭 변화 +0.0020** | 판정: 변화 없음
  tau3 무학습 b0: => 정답률 +0.0%p | **변조폭 변화 +0.0000** | 판정: 변화 없음
  tau3 학습 b1: => 정답률 +0.0%p | **변조폭 변화 -0.0118** | 판정: 변화 없음
  tau3 무학습 b1: => 정답률 +0.0%p | **변조폭 변화 +0.0000** | 판정: 변화 없음
  tau3 학습 b2: => 정답률 +0.0%p | **변조폭 변화 -0.0057** | 판정: 변화 없음
  tau3 무학습 b2: => 정답률 +0.0%p | **변조폭 변화 +0.0000** | 판정: 변화 없음
  tau3 학습 b3: => 정답률 +0.0%p | **변조폭 변화 -0.0076** | 판정: 변화 없음
  tau3 무학습 b3: => 정답률 +0.0%p | **변조폭 변화 +0.0000** | 판정: 변화 없음
  tau3 학습 b4: => 정답률 +0.0%p | **변조폭 변화 +0.0071** | 판정: 변화 없음
  tau3 무학습 b4: => 정답률 +0.0%p | **변조폭 변화 +0.0000** | 판정: 변화 없음
[E098] 전체 루프 종료 — 원본 로그: /mnt/c/Users/JungHyun/Desktop/brain/BrainSimulation-rebuild/research/experiments/logs/E098
=== 종료코드 0 ===
