=== E100 실행: 2026-09-26T16:53:47Z ===
커맨드: bash scripts/e100_main.sh
---
  L4 w5 t300: => MINCIRC mode=learn seed=5 first=58.8 last=58.8 delta=+0.0 reward=58.8 **eval=100.0** tie=0 trialseed=300
  rev w5 t300: => MINCIRC mode=reversal seed=5 first=58.8 last=33.2 delta=-25.5 reward=46.0 **eval=0.0** tie=0 trialseed=300
  L8 w5 t300: => MINCIRC mode=learn seed=5 first=58.8 last=66.8 delta=+8.0 reward=62.7 **eval=100.0** tie=0 trialseed=300
  L4 w5 t301: => MINCIRC mode=learn seed=5 first=57.8 last=57.8 delta=+0.0 reward=57.8 **eval=100.0** tie=0 trialseed=301
  rev w5 t301: => MINCIRC mode=reversal seed=5 first=57.8 last=35.0 delta=-22.8 reward=46.4 **eval=43.0** tie=0 trialseed=301
  L8 w5 t301: => MINCIRC mode=learn seed=5 first=57.8 last=69.8 delta=+12.0 reward=63.7 **eval=100.0** tie=0 trialseed=301
  L4 w5 t302: => MINCIRC mode=learn seed=5 first=60.5 last=60.5 delta=+0.0 reward=60.5 **eval=100.0** tie=0 trialseed=302
  rev w5 t302: => MINCIRC mode=reversal seed=5 first=60.5 last=29.2 delta=-31.2 reward=44.9 **eval=0.0** tie=0 trialseed=302
  L8 w5 t302: => MINCIRC mode=learn seed=5 first=60.5 last=70.8 delta=+10.2 reward=65.6 **eval=100.0** tie=0 trialseed=302
  L4 w5 t303: => MINCIRC mode=learn seed=5 first=55.5 last=55.5 delta=+0.0 reward=55.5 **eval=100.0** tie=0 trialseed=303
  rev w5 t303: => MINCIRC mode=reversal seed=5 first=55.5 last=29.0 delta=-26.5 reward=42.2 **eval=0.0** tie=0 trialseed=303
  L8 w5 t303: => MINCIRC mode=learn seed=5 first=55.5 last=71.0 delta=+15.5 reward=63.2 **eval=100.0** tie=0 trialseed=303
  L4 w5 t304: => MINCIRC mode=learn seed=5 first=52.2 last=52.2 delta=+0.0 reward=52.2 **eval=77.0** tie=43 trialseed=304
  rev w5 t304: => MINCIRC mode=reversal seed=5 first=52.2 last=50.7 delta=-1.5 reward=51.5 **eval=43.0** tie=0 trialseed=304
  L8 w5 t304: => MINCIRC mode=learn seed=5 first=52.2 last=68.8 delta=+16.5 reward=60.5 **eval=100.0** tie=0 trialseed=304
  L4 w5 t305: => MINCIRC mode=learn seed=5 first=59.0 last=59.0 delta=+0.0 reward=59.0 **eval=100.0** tie=0 trialseed=305
  rev w5 t305: => MINCIRC mode=reversal seed=5 first=59.0 last=31.5 delta=-27.5 reward=45.2 **eval=0.0** tie=0 trialseed=305
  L8 w5 t305: => MINCIRC mode=learn seed=5 first=59.0 last=68.5 delta=+9.5 reward=63.7 **eval=100.0** tie=0 trialseed=305
  L4 w5 t306: => MINCIRC mode=learn seed=5 first=53.2 last=53.2 delta=+0.0 reward=53.2 **eval=77.0** tie=43 trialseed=306
  rev w5 t306: => MINCIRC mode=reversal seed=5 first=53.2 last=50.2 delta=-3.0 reward=51.7 **eval=43.0** tie=0 trialseed=306
  L8 w5 t306: => MINCIRC mode=learn seed=5 first=53.2 last=70.2 delta=+17.0 reward=61.8 **eval=100.0** tie=0 trialseed=306
  L4 w5 t307: => MINCIRC mode=learn seed=5 first=56.2 last=56.2 delta=+0.0 reward=56.2 **eval=100.0** tie=0 trialseed=307
  rev w5 t307: => MINCIRC mode=reversal seed=5 first=56.2 last=24.5 delta=-31.8 reward=40.4 **eval=0.0** tie=0 trialseed=307
  L8 w5 t307: => MINCIRC mode=learn seed=5 first=56.2 last=75.5 delta=+19.2 reward=65.9 **eval=100.0** tie=0 trialseed=307
  L4 w6 t300: => MINCIRC mode=learn seed=6 first=63.7 last=63.7 delta=+0.0 reward=63.7 **eval=100.0** tie=0 trialseed=300
  rev w6 t300: => MINCIRC mode=reversal seed=6 first=63.7 last=33.2 delta=-30.5 reward=48.5 **eval=0.0** tie=0 trialseed=300
  L8 w6 t300: => MINCIRC mode=learn seed=6 first=63.7 last=66.8 delta=+3.0 reward=65.2 **eval=100.0** tie=0 trialseed=300
  L4 w6 t301: => MINCIRC mode=learn seed=6 first=68.5 last=68.5 delta=+0.0 reward=68.5 **eval=100.0** tie=0 trialseed=301
  rev w6 t301: => MINCIRC mode=reversal seed=6 first=68.5 last=30.2 delta=-38.2 reward=49.4 **eval=0.0** tie=0 trialseed=301
  L8 w6 t301: => MINCIRC mode=learn seed=6 first=68.5 last=69.8 delta=+1.2 reward=69.1 **eval=100.0** tie=0 trialseed=301
  L4 w6 t302: => MINCIRC mode=learn seed=6 first=66.5 last=66.5 delta=+0.0 reward=66.5 **eval=100.0** tie=0 trialseed=302
  rev w6 t302: => MINCIRC mode=reversal seed=6 first=66.5 last=29.0 delta=-37.5 reward=47.8 **eval=0.0** tie=0 trialseed=302
  L8 w6 t302: => MINCIRC mode=learn seed=6 first=66.5 last=71.0 delta=+4.5 reward=68.8 **eval=100.0** tie=0 trialseed=302
  L4 w6 t303: => MINCIRC mode=learn seed=6 first=60.8 last=60.8 delta=+0.0 reward=60.8 **eval=100.0** tie=0 trialseed=303
  rev w6 t303: => MINCIRC mode=reversal seed=6 first=60.8 last=29.2 delta=-31.5 reward=45.0 **eval=0.0** tie=0 trialseed=303
  L8 w6 t303: => MINCIRC mode=learn seed=6 first=60.8 last=70.8 delta=+10.0 reward=65.8 **eval=100.0** tie=0 trialseed=303
  L4 w6 t304: => MINCIRC mode=learn seed=6 first=63.0 last=63.0 delta=+0.0 reward=63.0 **eval=100.0** tie=0 trialseed=304
  rev w6 t304: => MINCIRC mode=reversal seed=6 first=63.0 last=31.2 delta=-31.8 reward=47.1 **eval=0.0** tie=0 trialseed=304
  L8 w6 t304: => MINCIRC mode=learn seed=6 first=63.0 last=68.8 delta=+5.8 reward=65.9 **eval=100.0** tie=0 trialseed=304
  L4 w6 t305: => MINCIRC mode=learn seed=6 first=64.0 last=64.0 delta=+0.0 reward=64.0 **eval=100.0** tie=0 trialseed=305
  rev w6 t305: => MINCIRC mode=reversal seed=6 first=64.0 last=31.5 delta=-32.5 reward=47.8 **eval=0.0** tie=0 trialseed=305
  L8 w6 t305: => MINCIRC mode=learn seed=6 first=64.0 last=68.5 delta=+4.5 reward=66.2 **eval=100.0** tie=0 trialseed=305
  L4 w6 t306: => MINCIRC mode=learn seed=6 first=66.5 last=66.5 delta=+0.0 reward=66.5 **eval=100.0** tie=0 trialseed=306
  rev w6 t306: => MINCIRC mode=reversal seed=6 first=66.5 last=29.5 delta=-37.0 reward=48.0 **eval=0.0** tie=0 trialseed=306
  L8 w6 t306: => MINCIRC mode=learn seed=6 first=66.5 last=70.5 delta=+4.0 reward=68.5 **eval=100.0** tie=0 trialseed=306
  L4 w6 t307: => MINCIRC mode=learn seed=6 first=62.7 last=62.7 delta=+0.0 reward=62.7 **eval=100.0** tie=0 trialseed=307
  rev w6 t307: => MINCIRC mode=reversal seed=6 first=62.7 last=24.5 delta=-38.2 reward=43.6 **eval=0.0** tie=0 trialseed=307
  L8 w6 t307: => MINCIRC mode=learn seed=6 first=62.7 last=75.5 delta=+12.8 reward=69.1 **eval=100.0** tie=0 trialseed=307
  L4 w7 t300: => MINCIRC mode=learn seed=7 first=50.5 last=50.5 delta=+0.0 reward=50.5 **eval=100.0** tie=0 trialseed=300
  rev w7 t300: => MINCIRC mode=reversal seed=7 first=50.5 last=44.0 delta=-6.5 reward=47.2 **eval=52.0** tie=0 trialseed=300
  L8 w7 t300: => MINCIRC mode=learn seed=7 first=50.5 last=66.8 delta=+16.2 reward=58.6 **eval=100.0** tie=0 trialseed=300
  L4 w7 t301: => MINCIRC mode=learn seed=7 first=49.2 last=49.2 delta=+0.0 reward=49.2 **eval=100.0** tie=0 trialseed=301
  rev w7 t301: => MINCIRC mode=reversal seed=7 first=49.2 last=45.2 delta=-4.0 reward=47.2 **eval=52.0** tie=0 trialseed=301
  L8 w7 t301: => MINCIRC mode=learn seed=7 first=49.2 last=69.8 delta=+20.5 reward=59.5 **eval=100.0** tie=0 trialseed=301
  L4 w7 t302: => MINCIRC mode=learn seed=7 first=54.0 last=54.0 delta=+0.0 reward=54.0 **eval=100.0** tie=0 trialseed=302
  rev w7 t302: => MINCIRC mode=reversal seed=7 first=54.0 last=33.5 delta=-20.5 reward=43.8 **eval=52.0** tie=0 trialseed=302
  L8 w7 t302: => MINCIRC mode=learn seed=7 first=54.0 last=71.0 delta=+17.0 reward=62.5 **eval=100.0** tie=0 trialseed=302
  L4 w7 t303: => MINCIRC mode=learn seed=7 first=48.8 last=48.8 delta=+0.0 reward=48.8 **eval=48.0** tie=0 trialseed=303
  rev w7 t303: => MINCIRC mode=reversal seed=7 first=48.8 last=52.2 delta=+3.5 reward=50.5 **eval=52.0** tie=0 trialseed=303
  L8 w7 t303: => MINCIRC mode=learn seed=7 first=48.8 last=70.5 delta=+21.8 reward=59.6 **eval=100.0** tie=0 trialseed=303
  L4 w7 t304: => MINCIRC mode=learn seed=7 first=59.2 last=59.2 delta=+0.0 reward=59.2 **eval=100.0** tie=0 trialseed=304
  rev w7 t304: => MINCIRC mode=reversal seed=7 first=59.2 last=31.2 delta=-28.0 reward=45.2 **eval=0.0** tie=0 trialseed=304
  L8 w7 t304: => MINCIRC mode=learn seed=7 first=59.2 last=68.8 delta=+9.5 reward=64.0 **eval=100.0** tie=0 trialseed=304
  L4 w7 t305: => MINCIRC mode=learn seed=7 first=47.8 last=47.8 delta=+0.0 reward=47.8 **eval=48.0** tie=0 trialseed=305
  rev w7 t305: => MINCIRC mode=reversal seed=7 first=47.8 last=53.0 delta=+5.2 reward=50.4 **eval=52.0** tie=0 trialseed=305
  L8 w7 t305: => MINCIRC mode=learn seed=7 first=47.8 last=62.7 delta=+15.0 reward=55.2 **eval=100.0** tie=0 trialseed=305
  L4 w7 t306: => MINCIRC mode=learn seed=7 first=51.2 last=51.2 delta=+0.0 reward=51.2 **eval=100.0** tie=0 trialseed=306
  rev w7 t306: => MINCIRC mode=reversal seed=7 first=51.2 last=36.5 delta=-14.7 reward=43.9 **eval=52.0** tie=0 trialseed=306
  L8 w7 t306: => MINCIRC mode=learn seed=7 first=51.2 last=70.5 delta=+19.3 reward=60.9 **eval=100.0** tie=0 trialseed=306
  L4 w7 t307: => MINCIRC mode=learn seed=7 first=46.2 last=46.2 delta=+0.0 reward=46.2 **eval=48.0** tie=0 trialseed=307
  rev w7 t307: => MINCIRC mode=reversal seed=7 first=46.2 last=46.0 delta=-0.2 reward=46.1 **eval=52.0** tie=0 trialseed=307
  L8 w7 t307: => MINCIRC mode=learn seed=7 first=46.2 last=71.2 delta=+25.0 reward=58.8 **eval=100.0** tie=0 trialseed=307
  L4 w8 t300: => MINCIRC mode=learn seed=8 first=57.5 last=57.5 delta=+0.0 reward=57.5 **eval=100.0** tie=0 trialseed=300
  rev w8 t300: => MINCIRC mode=reversal seed=8 first=57.5 last=33.2 delta=-24.2 reward=45.4 **eval=0.0** tie=0 trialseed=300
  L8 w8 t300: => MINCIRC mode=learn seed=8 first=57.5 last=66.8 delta=+9.3 reward=62.1 **eval=100.0** tie=0 trialseed=300
  L4 w8 t301: => MINCIRC mode=learn seed=8 first=54.0 last=54.0 delta=+0.0 reward=54.0 **eval=100.0** tie=0 trialseed=301
  rev w8 t301: => MINCIRC mode=reversal seed=8 first=54.0 last=30.2 delta=-23.8 reward=42.1 **eval=0.0** tie=0 trialseed=301
  L8 w8 t301: => MINCIRC mode=learn seed=8 first=54.0 last=69.8 delta=+15.8 reward=61.9 **eval=100.0** tie=0 trialseed=301
  L4 w8 t302: => MINCIRC mode=learn seed=8 first=60.5 last=60.5 delta=+0.0 reward=60.5 **eval=100.0** tie=0 trialseed=302
  rev w8 t302: => MINCIRC mode=reversal seed=8 first=60.5 last=29.0 delta=-31.5 reward=44.8 **eval=0.0** tie=0 trialseed=302
  L8 w8 t302: => MINCIRC mode=learn seed=8 first=60.5 last=71.0 delta=+10.5 reward=65.8 **eval=100.0** tie=0 trialseed=302
  L4 w8 t303: => MINCIRC mode=learn seed=8 first=51.0 last=51.0 delta=+0.0 reward=51.0 **eval=100.0** tie=0 trialseed=303
  rev w8 t303: => MINCIRC mode=reversal seed=8 first=51.0 last=29.2 delta=-21.8 reward=40.1 **eval=0.0** tie=0 trialseed=303
  L8 w8 t303: => MINCIRC mode=learn seed=8 first=51.0 last=70.8 delta=+19.8 reward=60.9 **eval=100.0** tie=0 trialseed=303
  L4 w8 t304: => MINCIRC mode=learn seed=8 first=61.0 last=61.0 delta=+0.0 reward=61.0 **eval=100.0** tie=0 trialseed=304
  rev w8 t304: => MINCIRC mode=reversal seed=8 first=61.0 last=31.2 delta=-29.8 reward=46.1 **eval=0.0** tie=0 trialseed=304
  L8 w8 t304: => MINCIRC mode=learn seed=8 first=61.0 last=68.8 delta=+7.8 reward=64.9 **eval=100.0** tie=0 trialseed=304
  L4 w8 t305: => MINCIRC mode=learn seed=8 first=50.5 last=50.5 delta=+0.0 reward=50.5 **eval=100.0** tie=0 trialseed=305
  rev w8 t305: => MINCIRC mode=reversal seed=8 first=50.5 last=40.0 delta=-10.5 reward=45.2 **eval=55.0** tie=0 trialseed=305
  L8 w8 t305: => MINCIRC mode=learn seed=8 first=50.5 last=68.5 delta=+18.0 reward=59.5 **eval=100.0** tie=0 trialseed=305
  L4 w8 t306: => MINCIRC mode=learn seed=8 first=57.2 last=57.2 delta=+0.0 reward=57.2 **eval=100.0** tie=0 trialseed=306
  rev w8 t306: => MINCIRC mode=reversal seed=8 first=57.2 last=29.5 delta=-27.8 reward=43.4 **eval=0.0** tie=0 trialseed=306
  L8 w8 t306: => MINCIRC mode=learn seed=8 first=57.2 last=70.5 delta=+13.2 reward=63.9 **eval=100.0** tie=0 trialseed=306
  L4 w8 t307: => MINCIRC mode=learn seed=8 first=50.7 last=50.7 delta=+0.0 reward=50.7 **eval=100.0** tie=0 trialseed=307
  rev w8 t307: => MINCIRC mode=reversal seed=8 first=50.7 last=24.5 delta=-26.2 reward=37.6 **eval=26.0** tie=55 trialseed=307
  L8 w8 t307: => MINCIRC mode=learn seed=8 first=50.7 last=75.5 delta=+24.8 reward=63.1 **eval=100.0** tie=0 trialseed=307
[E100] 전체 루프 종료 — 원본 로그: /mnt/c/Users/JungHyun/Desktop/brain/BrainSimulation-rebuild/research/experiments/logs/E100
=== 종료코드 0 ===
