=== E101 실행: 2026-09-26T17:28:01Z ===
커맨드: bash scripts/e101_main.sh
---
  W2-L4 w5 t300: => MINCIRC mode=learn seed=5 first=66.0 last=66.0 delta=+0.0 reward=66.0 **eval=100.0** tie=0 trialseed=300
  W2-rev8 w5 t300: => MINCIRC mode=reversal seed=5 first=66.0 last=40.2 delta=-25.8 reward=53.1 **eval=43.0** tie=0 trialseed=300
  W2-L8 w5 t300: => MINCIRC mode=learn seed=5 first=66.0 last=66.5 delta=+0.5 reward=66.2 **eval=100.0** tie=0 trialseed=300
  W2-rev16 w5 t300: => MINCIRC mode=reversal seed=5 first=66.0 last=29.8 delta=-36.2 reward=47.9 **eval=0.0** tie=0 trialseed=300
  W20-rev16 w5 t300: => MINCIRC mode=reversal seed=5 first=58.8 last=29.8 delta=-29.0 reward=46.2 **eval=0.0** tie=0 trialseed=300
  W2-L4 w5 t301: => MINCIRC mode=learn seed=5 first=70.5 last=70.5 delta=+0.0 reward=70.5 **eval=100.0** tie=0 trialseed=301
  W2-rev8 w5 t301: => MINCIRC mode=reversal seed=5 first=70.5 last=36.5 delta=-34.0 reward=53.5 **eval=43.0** tie=0 trialseed=301
  W2-L8 w5 t301: => MINCIRC mode=learn seed=5 first=70.5 last=69.8 delta=-0.8 reward=70.1 **eval=100.0** tie=0 trialseed=301
  W2-rev16 w5 t301: => MINCIRC mode=reversal seed=5 first=70.5 last=30.0 delta=-40.5 reward=49.2 **eval=43.0** tie=0 trialseed=301
  W20-rev16 w5 t301: => MINCIRC mode=reversal seed=5 first=57.8 last=29.0 delta=-28.8 reward=45.8 **eval=0.0** tie=0 trialseed=301
  W2-L4 w5 t302: => MINCIRC mode=learn seed=5 first=69.5 last=69.5 delta=+0.0 reward=69.5 **eval=100.0** tie=0 trialseed=302
  W2-rev8 w5 t302: => MINCIRC mode=reversal seed=5 first=69.5 last=35.5 delta=-34.0 reward=52.5 **eval=43.0** tie=0 trialseed=302
  W2-L8 w5 t302: => MINCIRC mode=learn seed=5 first=69.5 last=70.8 delta=+1.2 reward=70.1 **eval=100.0** tie=0 trialseed=302
  W2-rev16 w5 t302: => MINCIRC mode=reversal seed=5 first=69.5 last=33.0 delta=-36.5 reward=51.4 **eval=43.0** tie=0 trialseed=302
  W20-rev16 w5 t302: => MINCIRC mode=reversal seed=5 first=60.5 last=31.5 delta=-29.0 reward=48.8 **eval=0.0** tie=0 trialseed=302
  W2-L4 w5 t303: => MINCIRC mode=learn seed=5 first=63.5 last=63.5 delta=+0.0 reward=63.5 **eval=100.0** tie=0 trialseed=303
  W2-rev8 w5 t303: => MINCIRC mode=reversal seed=5 first=63.5 last=30.5 delta=-33.0 reward=47.0 **eval=43.0** tie=0 trialseed=303
  W2-L8 w5 t303: => MINCIRC mode=learn seed=5 first=63.5 last=70.8 delta=+7.2 reward=67.1 **eval=100.0** tie=0 trialseed=303
  W2-rev16 w5 t303: => MINCIRC mode=reversal seed=5 first=63.5 last=33.8 delta=-29.8 reward=48.9 **eval=0.0** tie=0 trialseed=303
  W20-rev16 w5 t303: => MINCIRC mode=reversal seed=5 first=55.5 last=34.0 delta=-21.5 reward=47.1 **eval=0.0** tie=0 trialseed=303
  W2-L4 w5 t304: => MINCIRC mode=learn seed=5 first=68.2 last=68.2 delta=+0.0 reward=68.2 **eval=100.0** tie=0 trialseed=304
  W2-rev8 w5 t304: => MINCIRC mode=reversal seed=5 first=68.2 last=37.0 delta=-31.2 reward=52.6 **eval=43.0** tie=0 trialseed=304
  W2-L8 w5 t304: => MINCIRC mode=learn seed=5 first=68.2 last=68.8 delta=+0.5 reward=68.5 **eval=100.0** tie=0 trialseed=304
  W2-rev16 w5 t304: => MINCIRC mode=reversal seed=5 first=68.2 last=33.5 delta=-34.8 reward=50.5 **eval=43.0** tie=0 trialseed=304
  W20-rev16 w5 t304: => MINCIRC mode=reversal seed=5 first=52.2 last=33.2 delta=-19.0 reward=46.4 **eval=0.0** tie=0 trialseed=304
  W2-L4 w5 t305: => MINCIRC mode=learn seed=5 first=67.8 last=67.8 delta=+0.0 reward=67.8 **eval=100.0** tie=0 trialseed=305
  W2-rev8 w5 t305: => MINCIRC mode=reversal seed=5 first=67.8 last=31.5 delta=-36.2 reward=49.6 **eval=22.0** tie=43 trialseed=305
  W2-L8 w5 t305: => MINCIRC mode=learn seed=5 first=67.8 last=68.5 delta=+0.8 reward=68.1 **eval=100.0** tie=0 trialseed=305
  W2-rev16 w5 t305: => MINCIRC mode=reversal seed=5 first=67.8 last=32.2 delta=-35.5 reward=49.6 **eval=43.0** tie=0 trialseed=305
  W20-rev16 w5 t305: => MINCIRC mode=reversal seed=5 first=59.0 last=31.8 delta=-27.2 reward=47.2 **eval=0.0** tie=0 trialseed=305
  W2-L4 w5 t306: => MINCIRC mode=learn seed=5 first=70.0 last=70.0 delta=+0.0 reward=70.0 **eval=100.0** tie=0 trialseed=306
  W2-rev8 w5 t306: => MINCIRC mode=reversal seed=5 first=70.0 last=34.5 delta=-35.5 reward=52.2 **eval=43.0** tie=0 trialseed=306
  W2-L8 w5 t306: => MINCIRC mode=learn seed=5 first=70.0 last=70.5 delta=+0.5 reward=70.2 **eval=100.0** tie=0 trialseed=306
  W2-rev16 w5 t306: => MINCIRC mode=reversal seed=5 first=70.0 last=29.5 delta=-40.5 reward=50.1 **eval=0.0** tie=0 trialseed=306
  W20-rev16 w5 t306: => MINCIRC mode=reversal seed=5 first=53.2 last=29.2 delta=-24.0 reward=45.8 **eval=0.0** tie=0 trialseed=306
  W2-L4 w5 t307: => MINCIRC mode=learn seed=5 first=65.2 last=65.2 delta=+0.0 reward=65.2 **eval=100.0** tie=0 trialseed=307
  W2-rev8 w5 t307: => MINCIRC mode=reversal seed=5 first=65.2 last=24.5 delta=-40.8 reward=44.9 **eval=25.0** tie=43 trialseed=307
  W2-L8 w5 t307: => MINCIRC mode=learn seed=5 first=65.2 last=75.5 delta=+10.2 reward=70.4 **eval=100.0** tie=0 trialseed=307
  W2-rev16 w5 t307: => MINCIRC mode=reversal seed=5 first=65.2 last=26.2 delta=-39.0 reward=49.7 **eval=0.0** tie=0 trialseed=307
  W20-rev16 w5 t307: => MINCIRC mode=reversal seed=5 first=56.2 last=26.2 delta=-30.0 reward=47.4 **eval=0.0** tie=0 trialseed=307
  W2-L4 w6 t300: => MINCIRC mode=learn seed=6 first=63.7 last=63.7 delta=+0.0 reward=63.7 **eval=100.0** tie=0 trialseed=300
  W2-rev8 w6 t300: => MINCIRC mode=reversal seed=6 first=63.7 last=33.2 delta=-30.5 reward=48.5 **eval=0.0** tie=0 trialseed=300
  W2-L8 w6 t300: => MINCIRC mode=learn seed=6 first=63.7 last=66.8 delta=+3.0 reward=65.2 **eval=100.0** tie=0 trialseed=300
  W2-rev16 w6 t300: => MINCIRC mode=reversal seed=6 first=63.7 last=29.8 delta=-34.0 reward=47.4 **eval=0.0** tie=0 trialseed=300
  W20-rev16 w6 t300: => MINCIRC mode=reversal seed=6 first=63.7 last=29.8 delta=-34.0 reward=47.4 **eval=0.0** tie=0 trialseed=300
  W2-L4 w6 t301: => MINCIRC mode=learn seed=6 first=67.8 last=67.8 delta=+0.0 reward=67.8 **eval=100.0** tie=0 trialseed=301
  W2-rev8 w6 t301: => MINCIRC mode=reversal seed=6 first=67.8 last=30.2 delta=-37.5 reward=49.0 **eval=0.0** tie=0 trialseed=301
  W2-L8 w6 t301: => MINCIRC mode=learn seed=6 first=67.8 last=69.8 delta=+2.0 reward=68.8 **eval=100.0** tie=0 trialseed=301
  W2-rev16 w6 t301: => MINCIRC mode=reversal seed=6 first=67.8 last=28.7 delta=-39.0 reward=48.2 **eval=0.0** tie=0 trialseed=301
  W20-rev16 w6 t301: => MINCIRC mode=reversal seed=6 first=68.5 last=29.0 delta=-39.5 reward=48.4 **eval=0.0** tie=0 trialseed=301
  W2-L4 w6 t302: => MINCIRC mode=learn seed=6 first=66.5 last=66.5 delta=+0.0 reward=66.5 **eval=100.0** tie=0 trialseed=302
  W2-rev8 w6 t302: => MINCIRC mode=reversal seed=6 first=66.5 last=29.0 delta=-37.5 reward=47.8 **eval=0.0** tie=0 trialseed=302
  W2-L8 w6 t302: => MINCIRC mode=learn seed=6 first=66.5 last=71.0 delta=+4.5 reward=68.8 **eval=100.0** tie=0 trialseed=302
  W2-rev16 w6 t302: => MINCIRC mode=reversal seed=6 first=66.5 last=31.2 delta=-35.2 reward=50.4 **eval=0.0** tie=0 trialseed=302
  W20-rev16 w6 t302: => MINCIRC mode=reversal seed=6 first=66.5 last=31.2 delta=-35.2 reward=50.4 **eval=0.0** tie=0 trialseed=302
  W2-L4 w6 t303: => MINCIRC mode=learn seed=6 first=60.5 last=60.5 delta=+0.0 reward=60.5 **eval=100.0** tie=0 trialseed=303
  W2-rev8 w6 t303: => MINCIRC mode=reversal seed=6 first=60.5 last=29.5 delta=-31.0 reward=45.0 **eval=24.0** tie=44 trialseed=303
  W2-L8 w6 t303: => MINCIRC mode=learn seed=6 first=60.5 last=70.8 delta=+10.2 reward=65.6 **eval=100.0** tie=0 trialseed=303
  W2-rev16 w6 t303: => MINCIRC mode=reversal seed=6 first=60.5 last=34.2 delta=-26.2 reward=48.2 **eval=0.0** tie=0 trialseed=303
  W20-rev16 w6 t303: => MINCIRC mode=reversal seed=6 first=60.8 last=34.2 delta=-26.5 reward=48.3 **eval=0.0** tie=0 trialseed=303
  W2-L4 w6 t304: => MINCIRC mode=learn seed=6 first=63.7 last=63.7 delta=+0.0 reward=63.7 **eval=100.0** tie=0 trialseed=304
  W2-rev8 w6 t304: => MINCIRC mode=reversal seed=6 first=63.7 last=31.2 delta=-32.5 reward=47.5 **eval=0.0** tie=0 trialseed=304
  W2-L8 w6 t304: => MINCIRC mode=learn seed=6 first=63.7 last=68.8 delta=+5.0 reward=66.2 **eval=100.0** tie=0 trialseed=304
  W2-rev16 w6 t304: => MINCIRC mode=reversal seed=6 first=63.7 last=33.2 delta=-30.5 reward=49.4 **eval=0.0** tie=0 trialseed=304
  W20-rev16 w6 t304: => MINCIRC mode=reversal seed=6 first=63.0 last=33.2 delta=-29.8 reward=49.2 **eval=0.0** tie=0 trialseed=304
  W2-L4 w6 t305: => MINCIRC mode=learn seed=6 first=63.7 last=63.7 delta=+0.0 reward=63.7 **eval=100.0** tie=0 trialseed=305
  W2-rev8 w6 t305: => MINCIRC mode=reversal seed=6 first=63.7 last=31.5 delta=-32.2 reward=47.6 **eval=0.0** tie=0 trialseed=305
  W2-L8 w6 t305: => MINCIRC mode=learn seed=6 first=63.7 last=68.5 delta=+4.8 reward=66.1 **eval=100.0** tie=0 trialseed=305
  W2-rev16 w6 t305: => MINCIRC mode=reversal seed=6 first=63.7 last=31.8 delta=-32.0 reward=48.4 **eval=0.0** tie=0 trialseed=305
  W20-rev16 w6 t305: => MINCIRC mode=reversal seed=6 first=64.0 last=31.8 delta=-32.2 reward=48.5 **eval=0.0** tie=0 trialseed=305
  W2-L4 w6 t306: => MINCIRC mode=learn seed=6 first=64.5 last=64.5 delta=+0.0 reward=64.5 **eval=100.0** tie=0 trialseed=306
  W2-rev8 w6 t306: => MINCIRC mode=reversal seed=6 first=64.5 last=29.5 delta=-35.0 reward=47.0 **eval=0.0** tie=0 trialseed=306
  W2-L8 w6 t306: => MINCIRC mode=learn seed=6 first=64.5 last=70.5 delta=+6.0 reward=67.5 **eval=100.0** tie=0 trialseed=306
  W2-rev16 w6 t306: => MINCIRC mode=reversal seed=6 first=64.5 last=29.8 delta=-34.8 reward=48.7 **eval=0.0** tie=0 trialseed=306
  W20-rev16 w6 t306: => MINCIRC mode=reversal seed=6 first=66.5 last=29.2 delta=-37.2 reward=49.2 **eval=0.0** tie=0 trialseed=306
  W2-L4 w6 t307: => MINCIRC mode=learn seed=6 first=62.3 last=62.3 delta=+0.0 reward=62.3 **eval=100.0** tie=0 trialseed=307
  W2-rev8 w6 t307: => MINCIRC mode=reversal seed=6 first=62.3 last=24.5 delta=-37.8 reward=43.4 **eval=0.0** tie=0 trialseed=307
  W2-L8 w6 t307: => MINCIRC mode=learn seed=6 first=62.3 last=75.5 delta=+13.2 reward=68.9 **eval=100.0** tie=0 trialseed=307
  W2-rev16 w6 t307: => MINCIRC mode=reversal seed=6 first=62.3 last=26.2 delta=-36.0 reward=48.9 **eval=0.0** tie=0 trialseed=307
  W20-rev16 w6 t307: => MINCIRC mode=reversal seed=6 first=62.7 last=26.2 delta=-36.5 reward=49.1 **eval=0.0** tie=0 trialseed=307
  W2-L4 w7 t300: => MINCIRC mode=learn seed=7 first=58.0 last=58.0 delta=+0.0 reward=58.0 **eval=100.0** tie=0 trialseed=300
  W2-rev8 w7 t300: => MINCIRC mode=reversal seed=7 first=58.0 last=40.2 delta=-17.7 reward=49.1 **eval=52.0** tie=0 trialseed=300
  W2-L8 w7 t300: => MINCIRC mode=learn seed=7 first=58.0 last=66.8 delta=+8.8 reward=62.4 **eval=100.0** tie=0 trialseed=300
  W2-rev16 w7 t300: => MINCIRC mode=reversal seed=7 first=58.0 last=33.5 delta=-24.5 reward=46.9 **eval=52.0** tie=0 trialseed=300
  W20-rev16 w7 t300: => MINCIRC mode=reversal seed=7 first=50.5 last=29.8 delta=-20.8 reward=44.1 **eval=0.0** tie=0 trialseed=300
  W2-L4 w7 t301: => MINCIRC mode=learn seed=7 first=61.3 last=61.3 delta=+0.0 reward=61.3 **eval=100.0** tie=0 trialseed=301
  W2-rev8 w7 t301: => MINCIRC mode=reversal seed=7 first=61.3 last=36.0 delta=-25.3 reward=48.6 **eval=52.0** tie=0 trialseed=301
  W2-L8 w7 t301: => MINCIRC mode=learn seed=7 first=61.3 last=69.8 delta=+8.5 reward=65.5 **eval=100.0** tie=0 trialseed=301
  W2-rev16 w7 t301: => MINCIRC mode=reversal seed=7 first=61.3 last=28.7 delta=-32.5 reward=46.6 **eval=26.0** tie=48 trialseed=301
  W20-rev16 w7 t301: => MINCIRC mode=reversal seed=7 first=49.2 last=28.7 delta=-20.5 reward=43.6 **eval=0.0** tie=0 trialseed=301
  W2-L4 w7 t302: => MINCIRC mode=learn seed=7 first=61.5 last=61.5 delta=+0.0 reward=61.5 **eval=100.0** tie=0 trialseed=302
  W2-rev8 w7 t302: => MINCIRC mode=reversal seed=7 first=61.5 last=35.8 delta=-25.8 reward=48.6 **eval=52.0** tie=0 trialseed=302
  W2-L8 w7 t302: => MINCIRC mode=learn seed=7 first=61.5 last=70.8 delta=+9.2 reward=66.1 **eval=100.0** tie=0 trialseed=302
  W2-rev16 w7 t302: => MINCIRC mode=reversal seed=7 first=61.5 last=31.5 delta=-30.0 reward=49.1 **eval=0.0** tie=0 trialseed=302
  W20-rev16 w7 t302: => MINCIRC mode=reversal seed=7 first=54.0 last=31.2 delta=-22.8 reward=47.2 **eval=0.0** tie=0 trialseed=302
  W2-L4 w7 t303: => MINCIRC mode=learn seed=7 first=54.8 last=54.8 delta=+0.0 reward=54.8 **eval=100.0** tie=0 trialseed=303
  W2-rev8 w7 t303: => MINCIRC mode=reversal seed=7 first=54.8 last=44.5 delta=-10.2 reward=49.6 **eval=52.0** tie=0 trialseed=303
  W2-L8 w7 t303: => MINCIRC mode=learn seed=7 first=54.8 last=70.5 delta=+15.8 reward=62.6 **eval=100.0** tie=0 trialseed=303
  W2-rev16 w7 t303: => MINCIRC mode=reversal seed=7 first=54.8 last=34.2 delta=-20.5 reward=46.8 **eval=52.0** tie=0 trialseed=303
  W20-rev16 w7 t303: => MINCIRC mode=reversal seed=7 first=48.8 last=34.2 delta=-14.5 reward=45.2 **eval=0.0** tie=0 trialseed=303
  W2-L4 w7 t304: => MINCIRC mode=learn seed=7 first=62.3 last=62.3 delta=+0.0 reward=62.3 **eval=100.0** tie=0 trialseed=304
  W2-rev8 w7 t304: => MINCIRC mode=reversal seed=7 first=62.3 last=37.2 delta=-25.0 reward=49.8 **eval=52.0** tie=0 trialseed=304
  W2-L8 w7 t304: => MINCIRC mode=learn seed=7 first=62.3 last=68.8 delta=+6.5 reward=65.5 **eval=100.0** tie=0 trialseed=304
  W2-rev16 w7 t304: => MINCIRC mode=reversal seed=7 first=62.3 last=33.2 delta=-29.0 reward=48.9 **eval=0.0** tie=0 trialseed=304
  W20-rev16 w7 t304: => MINCIRC mode=reversal seed=7 first=59.2 last=33.2 delta=-26.0 reward=48.2 **eval=0.0** tie=0 trialseed=304
  W2-L4 w7 t305: => MINCIRC mode=learn seed=7 first=57.2 last=57.2 delta=+0.0 reward=57.2 **eval=100.0** tie=0 trialseed=305
  W2-rev8 w7 t305: => MINCIRC mode=reversal seed=7 first=57.2 last=49.8 delta=-7.5 reward=53.5 **eval=52.0** tie=0 trialseed=305
  W2-L8 w7 t305: => MINCIRC mode=learn seed=7 first=57.2 last=68.5 delta=+11.2 reward=62.9 **eval=100.0** tie=0 trialseed=305
  W2-rev16 w7 t305: => MINCIRC mode=reversal seed=7 first=57.2 last=32.0 delta=-25.2 reward=46.9 **eval=52.0** tie=0 trialseed=305
  W20-rev16 w7 t305: => MINCIRC mode=reversal seed=7 first=47.8 last=35.5 delta=-12.2 reward=43.9 **eval=52.0** tie=0 trialseed=305
  W2-L4 w7 t306: => MINCIRC mode=learn seed=7 first=58.5 last=58.5 delta=+0.0 reward=58.5 **eval=100.0** tie=0 trialseed=306
  W2-rev8 w7 t306: => MINCIRC mode=reversal seed=7 first=58.5 last=38.8 delta=-19.8 reward=48.6 **eval=52.0** tie=0 trialseed=306
  W2-L8 w7 t306: => MINCIRC mode=learn seed=7 first=58.5 last=70.5 delta=+12.0 reward=64.5 **eval=100.0** tie=0 trialseed=306
  W2-rev16 w7 t306: => MINCIRC mode=reversal seed=7 first=58.5 last=29.8 delta=-28.8 reward=47.2 **eval=28.0** tie=52 trialseed=306
  W20-rev16 w7 t306: => MINCIRC mode=reversal seed=7 first=51.2 last=29.8 delta=-21.5 reward=45.4 **eval=0.0** tie=0 trialseed=306
  W2-L4 w7 t307: => MINCIRC mode=learn seed=7 first=56.2 last=56.2 delta=+0.0 reward=56.2 **eval=100.0** tie=0 trialseed=307
  W2-rev8 w7 t307: => MINCIRC mode=reversal seed=7 first=56.2 last=38.8 delta=-17.5 reward=47.5 **eval=52.0** tie=0 trialseed=307
  W2-L8 w7 t307: => MINCIRC mode=learn seed=7 first=56.2 last=75.2 delta=+19.0 reward=65.8 **eval=100.0** tie=0 trialseed=307
  W2-rev16 w7 t307: => MINCIRC mode=reversal seed=7 first=56.2 last=27.3 delta=-29.0 reward=47.6 **eval=52.0** tie=0 trialseed=307
  W20-rev16 w7 t307: => MINCIRC mode=reversal seed=7 first=46.2 last=26.2 delta=-20.0 reward=43.9 **eval=0.0** tie=0 trialseed=307
[E101] 전체 루프 종료 — 원본 로그: /mnt/c/Users/JungHyun/Desktop/brain/BrainSimulation-rebuild/research/experiments/logs/E101
=== 종료코드 0 ===
