=== E105 실행: 2026-09-27T02:38:35Z ===
커맨드: bash scripts/e105_main.sh
---
########## learn (보상 계열 저장) ##########
  learn w5 t200: => MINCIRC mode=learn seed=5 first=66.2 last=66.2 delta=+0.0 reward=66.2 **eval=100.0** tie=0 trialseed=200
  learn w5 t201: => MINCIRC mode=learn seed=5 first=69.0 last=69.0 delta=+0.0 reward=69.0 **eval=100.0** tie=0 trialseed=201
  learn w5 t202: => MINCIRC mode=learn seed=5 first=63.5 last=63.5 delta=+0.0 reward=63.5 **eval=100.0** tie=0 trialseed=202
  learn w5 t203: => MINCIRC mode=learn seed=5 first=71.2 last=71.2 delta=+0.0 reward=71.2 **eval=100.0** tie=0 trialseed=203
  learn w5 t204: => MINCIRC mode=learn seed=5 first=67.5 last=67.5 delta=+0.0 reward=67.5 **eval=100.0** tie=0 trialseed=204
  learn w5 t205: => MINCIRC mode=learn seed=5 first=65.8 last=65.8 delta=+0.0 reward=65.8 **eval=100.0** tie=0 trialseed=205
  learn w5 t206: => MINCIRC mode=learn seed=5 first=73.5 last=73.5 delta=+0.0 reward=73.5 **eval=100.0** tie=0 trialseed=206
  learn w5 t207: => MINCIRC mode=learn seed=5 first=68.8 last=68.8 delta=+0.0 reward=68.8 **eval=100.0** tie=0 trialseed=207
  learn w6 t200: => MINCIRC mode=learn seed=6 first=63.2 last=63.2 delta=+0.0 reward=63.2 **eval=100.0** tie=0 trialseed=200
  learn w6 t201: => MINCIRC mode=learn seed=6 first=66.8 last=66.8 delta=+0.0 reward=66.8 **eval=100.0** tie=0 trialseed=201
  learn w6 t202: => MINCIRC mode=learn seed=6 first=61.0 last=61.0 delta=+0.0 reward=61.0 **eval=100.0** tie=0 trialseed=202
  learn w6 t203: => MINCIRC mode=learn seed=6 first=67.5 last=67.5 delta=+0.0 reward=67.5 **eval=100.0** tie=0 trialseed=203
  learn w6 t204: => MINCIRC mode=learn seed=6 first=64.5 last=64.5 delta=+0.0 reward=64.5 **eval=100.0** tie=0 trialseed=204
  learn w6 t205: => MINCIRC mode=learn seed=6 first=62.7 last=62.7 delta=+0.0 reward=62.7 **eval=100.0** tie=0 trialseed=205
  learn w6 t206: => MINCIRC mode=learn seed=6 first=69.8 last=69.8 delta=+0.0 reward=69.8 **eval=100.0** tie=0 trialseed=206
  learn w6 t207: => MINCIRC mode=learn seed=6 first=65.5 last=65.5 delta=+0.0 reward=65.5 **eval=100.0** tie=0 trialseed=207
  learn w7 t200: => MINCIRC mode=learn seed=7 first=62.3 last=62.3 delta=+0.0 reward=62.3 **eval=100.0** tie=0 trialseed=200
  learn w7 t201: => MINCIRC mode=learn seed=7 first=56.2 last=56.2 delta=+0.0 reward=56.2 **eval=100.0** tie=0 trialseed=201
  learn w7 t202: => MINCIRC mode=learn seed=7 first=56.5 last=56.5 delta=+0.0 reward=56.5 **eval=100.0** tie=0 trialseed=202
  learn w7 t203: => MINCIRC mode=learn seed=7 first=59.0 last=59.0 delta=+0.0 reward=59.0 **eval=100.0** tie=0 trialseed=203
  learn w7 t204: => MINCIRC mode=learn seed=7 first=56.0 last=56.0 delta=+0.0 reward=56.0 **eval=100.0** tie=0 trialseed=204
  learn w7 t205: => MINCIRC mode=learn seed=7 first=55.2 last=55.2 delta=+0.0 reward=55.2 **eval=100.0** tie=0 trialseed=205
  learn w7 t206: => MINCIRC mode=learn seed=7 first=61.8 last=61.8 delta=+0.0 reward=61.8 **eval=100.0** tie=0 trialseed=206
  learn w7 t207: => MINCIRC mode=learn seed=7 first=58.8 last=58.8 delta=+0.0 reward=58.8 **eval=100.0** tie=0 trialseed=207
  learn w8 t200: => MINCIRC mode=learn seed=8 first=63.2 last=63.2 delta=+0.0 reward=63.2 **eval=100.0** tie=0 trialseed=200
  learn w8 t201: => MINCIRC mode=learn seed=8 first=60.0 last=60.0 delta=+0.0 reward=60.0 **eval=100.0** tie=0 trialseed=201
  learn w8 t202: => MINCIRC mode=learn seed=8 first=56.8 last=56.8 delta=+0.0 reward=56.8 **eval=100.0** tie=0 trialseed=202
  learn w8 t203: => MINCIRC mode=learn seed=8 first=61.3 last=61.3 delta=+0.0 reward=61.3 **eval=100.0** tie=0 trialseed=203
  learn w8 t204: => MINCIRC mode=learn seed=8 first=58.0 last=58.0 delta=+0.0 reward=58.0 **eval=100.0** tie=0 trialseed=204
  learn w8 t205: => MINCIRC mode=learn seed=8 first=57.2 last=57.2 delta=+0.0 reward=57.2 **eval=100.0** tie=0 trialseed=205
  learn w8 t206: => MINCIRC mode=learn seed=8 first=63.0 last=63.0 delta=+0.0 reward=63.0 **eval=100.0** tie=0 trialseed=206
  learn w8 t207: => MINCIRC mode=learn seed=8 first=63.2 last=63.2 delta=+0.0 reward=63.2 **eval=100.0** tie=0 trialseed=207
  learn w9 t200: => MINCIRC mode=learn seed=9 first=70.5 last=70.5 delta=+0.0 reward=70.5 **eval=100.0** tie=0 trialseed=200
  learn w9 t201: => MINCIRC mode=learn seed=9 first=69.8 last=69.8 delta=+0.0 reward=69.8 **eval=100.0** tie=0 trialseed=201
  learn w9 t202: => MINCIRC mode=learn seed=9 first=66.8 last=66.8 delta=+0.0 reward=66.8 **eval=100.0** tie=0 trialseed=202
  learn w9 t203: => MINCIRC mode=learn seed=9 first=73.2 last=73.2 delta=+0.0 reward=73.2 **eval=100.0** tie=0 trialseed=203
  learn w9 t204: => MINCIRC mode=learn seed=9 first=69.8 last=69.8 delta=+0.0 reward=69.8 **eval=100.0** tie=0 trialseed=204
  learn w9 t205: => MINCIRC mode=learn seed=9 first=67.5 last=67.5 delta=+0.0 reward=67.5 **eval=100.0** tie=0 trialseed=205
  learn w9 t206: => MINCIRC mode=learn seed=9 first=74.5 last=74.5 delta=+0.0 reward=74.5 **eval=100.0** tie=0 trialseed=206
  learn w9 t207: => MINCIRC mode=learn seed=9 first=70.2 last=70.2 delta=+0.0 reward=70.2 **eval=100.0** tie=0 trialseed=207
########## shuffled ##########
  shuf w5 t200: => MINCIRC mode=shuffled seed=5 first=49.5 last=49.5 delta=+0.0 reward=66.2 **eval=57.0** tie=0 trialseed=200
  shuf w5 t201: => MINCIRC mode=shuffled seed=5 first=54.8 last=54.8 delta=+0.0 reward=69.0 **eval=57.0** tie=0 trialseed=201
  shuf w5 t202: => MINCIRC mode=shuffled seed=5 first=49.5 last=49.5 delta=+0.0 reward=63.5 **eval=57.0** tie=0 trialseed=202
  shuf w5 t203: => MINCIRC mode=shuffled seed=5 first=54.0 last=54.0 delta=+0.0 reward=71.2 **eval=57.0** tie=0 trialseed=203
  shuf w5 t204: => MINCIRC mode=shuffled seed=5 first=47.8 last=47.8 delta=+0.0 reward=67.5 **eval=57.0** tie=0 trialseed=204
  shuf w5 t205: => MINCIRC mode=shuffled seed=5 first=51.5 last=51.5 delta=+0.0 reward=65.8 **eval=57.0** tie=0 trialseed=205
  shuf w5 t206: => MINCIRC mode=shuffled seed=5 first=47.5 last=47.5 delta=+0.0 reward=73.5 **eval=57.0** tie=0 trialseed=206
  shuf w5 t207: => MINCIRC mode=shuffled seed=5 first=50.0 last=50.0 delta=+0.0 reward=68.8 **eval=57.0** tie=0 trialseed=207
  shuf w6 t200: => MINCIRC mode=shuffled seed=6 first=39.0 last=39.0 delta=+0.0 reward=63.2 **eval=0.0** tie=0 trialseed=200
  shuf w6 t201: => MINCIRC mode=shuffled seed=6 first=54.8 last=54.8 delta=+0.0 reward=66.8 **eval=44.0** tie=0 trialseed=201
  shuf w6 t202: => MINCIRC mode=shuffled seed=6 first=49.5 last=49.5 delta=+0.0 reward=61.0 **eval=44.0** tie=0 trialseed=202
  shuf w6 t203: => MINCIRC mode=shuffled seed=6 first=62.7 last=62.7 delta=+0.0 reward=67.5 **eval=100.0** tie=0 trialseed=203
  shuf w6 t204: => MINCIRC mode=shuffled seed=6 first=47.8 last=47.8 delta=+0.0 reward=64.5 **eval=44.0** tie=0 trialseed=204
  shuf w6 t205: => MINCIRC mode=shuffled seed=6 first=51.5 last=51.5 delta=+0.0 reward=62.7 **eval=44.0** tie=0 trialseed=205
  shuf w6 t206: => MINCIRC mode=shuffled seed=6 first=32.8 last=32.8 delta=+0.0 reward=69.8 **eval=0.0** tie=0 trialseed=206
  shuf w6 t207: => MINCIRC mode=shuffled seed=6 first=50.0 last=50.0 delta=+0.0 reward=65.5 **eval=44.0** tie=0 trialseed=207
  shuf w7 t200: => MINCIRC mode=shuffled seed=7 first=51.7 last=51.7 delta=+0.0 reward=62.3 **eval=48.0** tie=0 trialseed=200
  shuf w7 t201: => MINCIRC mode=shuffled seed=7 first=42.2 last=42.2 delta=+0.0 reward=56.2 **eval=0.0** tie=0 trialseed=201
  shuf w7 t202: => MINCIRC mode=shuffled seed=7 first=32.2 last=32.2 delta=+0.0 reward=56.5 **eval=0.0** tie=0 trialseed=202
  shuf w7 t203: => MINCIRC mode=shuffled seed=7 first=52.0 last=52.0 delta=+0.0 reward=59.0 **eval=48.0** tie=0 trialseed=203
  shuf w7 t204: => MINCIRC mode=shuffled seed=7 first=51.7 last=51.7 delta=+0.0 reward=56.0 **eval=48.0** tie=0 trialseed=204
  shuf w7 t205: => MINCIRC mode=shuffled seed=7 first=44.2 last=44.2 delta=+0.0 reward=55.2 **eval=48.0** tie=0 trialseed=205
  shuf w7 t206: => MINCIRC mode=shuffled seed=7 first=54.8 last=54.8 delta=+0.0 reward=61.8 **eval=48.0** tie=0 trialseed=206
  shuf w7 t207: => MINCIRC mode=shuffled seed=7 first=49.2 last=49.2 delta=+0.0 reward=58.8 **eval=48.0** tie=0 trialseed=207
  shuf w8 t200: => MINCIRC mode=shuffled seed=8 first=30.8 last=30.8 delta=+0.0 reward=63.2 **eval=0.0** tie=0 trialseed=200
  shuf w8 t201: => MINCIRC mode=shuffled seed=8 first=33.8 last=33.8 delta=+0.0 reward=60.0 **eval=0.0** tie=0 trialseed=201
  shuf w8 t202: => MINCIRC mode=shuffled seed=8 first=27.5 last=27.5 delta=+0.0 reward=56.8 **eval=0.0** tie=0 trialseed=202
  shuf w8 t203: => MINCIRC mode=shuffled seed=8 first=41.0 last=41.0 delta=+0.0 reward=61.3 **eval=45.0** tie=0 trialseed=203
  shuf w8 t204: => MINCIRC mode=shuffled seed=8 first=35.2 last=35.2 delta=+0.0 reward=58.0 **eval=45.0** tie=0 trialseed=204
  shuf w8 t205: => MINCIRC mode=shuffled seed=8 first=34.0 last=34.0 delta=+0.0 reward=57.2 **eval=45.0** tie=0 trialseed=205
  shuf w8 t206: => MINCIRC mode=shuffled seed=8 first=32.2 last=32.2 delta=+0.0 reward=63.0 **eval=0.0** tie=0 trialseed=206
  shuf w8 t207: => MINCIRC mode=shuffled seed=8 first=29.0 last=29.0 delta=+0.0 reward=63.2 **eval=0.0** tie=0 trialseed=207
  shuf w9 t200: => MINCIRC mode=shuffled seed=9 first=70.5 last=70.5 delta=+0.0 reward=70.5 **eval=100.0** tie=0 trialseed=200
  shuf w9 t201: => MINCIRC mode=shuffled seed=9 first=69.8 last=69.8 delta=+0.0 reward=69.8 **eval=100.0** tie=0 trialseed=201
  shuf w9 t202: => MINCIRC mode=shuffled seed=9 first=66.8 last=66.8 delta=+0.0 reward=66.8 **eval=100.0** tie=0 trialseed=202
  shuf w9 t203: => MINCIRC mode=shuffled seed=9 first=73.2 last=73.2 delta=+0.0 reward=73.2 **eval=100.0** tie=0 trialseed=203
  shuf w9 t204: => MINCIRC mode=shuffled seed=9 first=67.0 last=67.0 delta=+0.0 reward=69.8 **eval=100.0** tie=0 trialseed=204
  shuf w9 t205: => MINCIRC mode=shuffled seed=9 first=67.5 last=67.5 delta=+0.0 reward=67.5 **eval=100.0** tie=0 trialseed=205
  shuf w9 t206: => MINCIRC mode=shuffled seed=9 first=71.5 last=71.5 delta=+0.0 reward=74.5 **eval=100.0** tie=0 trialseed=206
  shuf w9 t207: => MINCIRC mode=shuffled seed=9 first=70.2 last=70.2 delta=+0.0 reward=70.2 **eval=100.0** tie=0 trialseed=207
########## learn 배선 1·2 (파괴 점검) ##########
  learn w1 t200: => MINCIRC mode=learn seed=1 first=70.5 last=70.5 delta=+0.0 reward=70.5 **eval=100.0** tie=0 trialseed=200
  learn w1 t201: => MINCIRC mode=learn seed=1 first=69.8 last=69.8 delta=+0.0 reward=69.8 **eval=100.0** tie=0 trialseed=201
  learn w1 t202: => MINCIRC mode=learn seed=1 first=66.8 last=66.8 delta=+0.0 reward=66.8 **eval=100.0** tie=0 trialseed=202
  learn w1 t203: => MINCIRC mode=learn seed=1 first=73.2 last=73.2 delta=+0.0 reward=73.2 **eval=100.0** tie=0 trialseed=203
  learn w1 t204: => MINCIRC mode=learn seed=1 first=69.8 last=69.8 delta=+0.0 reward=69.8 **eval=100.0** tie=0 trialseed=204
  learn w1 t205: => MINCIRC mode=learn seed=1 first=67.5 last=67.5 delta=+0.0 reward=67.5 **eval=100.0** tie=0 trialseed=205
  learn w1 t206: => MINCIRC mode=learn seed=1 first=74.5 last=74.5 delta=+0.0 reward=74.5 **eval=100.0** tie=0 trialseed=206
  learn w1 t207: => MINCIRC mode=learn seed=1 first=70.2 last=70.2 delta=+0.0 reward=70.2 **eval=100.0** tie=0 trialseed=207
  learn w2 t200: => MINCIRC mode=learn seed=2 first=70.5 last=70.5 delta=+0.0 reward=70.5 **eval=100.0** tie=0 trialseed=200
  learn w2 t201: => MINCIRC mode=learn seed=2 first=69.8 last=69.8 delta=+0.0 reward=69.8 **eval=100.0** tie=0 trialseed=201
  learn w2 t202: => MINCIRC mode=learn seed=2 first=66.8 last=66.8 delta=+0.0 reward=66.8 **eval=100.0** tie=0 trialseed=202
  learn w2 t203: => MINCIRC mode=learn seed=2 first=73.2 last=73.2 delta=+0.0 reward=73.2 **eval=100.0** tie=0 trialseed=203
  learn w2 t204: => MINCIRC mode=learn seed=2 first=69.8 last=69.8 delta=+0.0 reward=69.8 **eval=100.0** tie=0 trialseed=204
  learn w2 t205: => MINCIRC mode=learn seed=2 first=67.5 last=67.5 delta=+0.0 reward=67.5 **eval=100.0** tie=0 trialseed=205
  learn w2 t206: => MINCIRC mode=learn seed=2 first=74.5 last=74.5 delta=+0.0 reward=74.5 **eval=100.0** tie=0 trialseed=206
  learn w2 t207: => MINCIRC mode=learn seed=2 first=70.2 last=70.2 delta=+0.0 reward=70.2 **eval=100.0** tie=0 trialseed=207
########## 탐색 표본 회귀 (배선 0·3·4 × 100~107) ##########
  reg w0 t100: => MINCIRC mode=learn seed=0 first=60.5 last=60.5 delta=+0.0 reward=60.5 **eval=100.0** tie=0 trialseed=100
  reg w0 t101: => MINCIRC mode=learn seed=0 first=69.5 last=69.5 delta=+0.0 reward=69.5 **eval=100.0** tie=0 trialseed=101
  reg w0 t102: => MINCIRC mode=learn seed=0 first=58.5 last=58.5 delta=+0.0 reward=58.5 **eval=100.0** tie=0 trialseed=102
  reg w0 t103: => MINCIRC mode=learn seed=0 first=62.0 last=62.0 delta=+0.0 reward=62.0 **eval=100.0** tie=0 trialseed=103
  reg w0 t104: => MINCIRC mode=learn seed=0 first=63.7 last=63.7 delta=+0.0 reward=63.7 **eval=100.0** tie=0 trialseed=104
  reg w0 t105: => MINCIRC mode=learn seed=0 first=62.3 last=62.3 delta=+0.0 reward=62.3 **eval=100.0** tie=0 trialseed=105
  reg w0 t106: => MINCIRC mode=learn seed=0 first=63.0 last=63.0 delta=+0.0 reward=63.0 **eval=100.0** tie=0 trialseed=106
  reg w0 t107: => MINCIRC mode=learn seed=0 first=63.5 last=63.5 delta=+0.0 reward=63.5 **eval=100.0** tie=0 trialseed=107
  reg w3 t100: => MINCIRC mode=learn seed=3 first=67.2 last=67.2 delta=+0.0 reward=67.2 **eval=100.0** tie=0 trialseed=100
  reg w3 t101: => MINCIRC mode=learn seed=3 first=74.8 last=74.8 delta=+0.0 reward=74.8 **eval=100.0** tie=0 trialseed=101
  reg w3 t102: => MINCIRC mode=learn seed=3 first=66.2 last=66.2 delta=+0.0 reward=66.2 **eval=100.0** tie=0 trialseed=102
  reg w3 t103: => MINCIRC mode=learn seed=3 first=68.0 last=68.0 delta=+0.0 reward=68.0 **eval=100.0** tie=0 trialseed=103
  reg w3 t104: => MINCIRC mode=learn seed=3 first=69.0 last=69.0 delta=+0.0 reward=69.0 **eval=100.0** tie=0 trialseed=104
  reg w3 t105: => MINCIRC mode=learn seed=3 first=68.2 last=68.2 delta=+0.0 reward=68.2 **eval=100.0** tie=0 trialseed=105
  reg w3 t106: => MINCIRC mode=learn seed=3 first=69.8 last=69.8 delta=+0.0 reward=69.8 **eval=100.0** tie=0 trialseed=106
  reg w3 t107: => MINCIRC mode=learn seed=3 first=72.0 last=72.0 delta=+0.0 reward=72.0 **eval=100.0** tie=0 trialseed=107
  reg w4 t100: => MINCIRC mode=learn seed=4 first=63.7 last=63.7 delta=+0.0 reward=63.7 **eval=100.0** tie=0 trialseed=100
  reg w4 t101: => MINCIRC mode=learn seed=4 first=71.8 last=71.8 delta=+0.0 reward=71.8 **eval=100.0** tie=0 trialseed=101
  reg w4 t102: => MINCIRC mode=learn seed=4 first=61.8 last=61.8 delta=+0.0 reward=61.8 **eval=100.0** tie=0 trialseed=102
  reg w4 t103: => MINCIRC mode=learn seed=4 first=64.8 last=64.8 delta=+0.0 reward=64.8 **eval=100.0** tie=0 trialseed=103
  reg w4 t104: => MINCIRC mode=learn seed=4 first=66.2 last=66.2 delta=+0.0 reward=66.2 **eval=100.0** tie=0 trialseed=104
  reg w4 t105: => MINCIRC mode=learn seed=4 first=64.2 last=64.2 delta=+0.0 reward=64.2 **eval=100.0** tie=0 trialseed=105
  reg w4 t106: => MINCIRC mode=learn seed=4 first=68.2 last=68.2 delta=+0.0 reward=68.2 **eval=100.0** tie=0 trialseed=106
  reg w4 t107: => MINCIRC mode=learn seed=4 first=69.5 last=69.5 delta=+0.0 reward=69.5 **eval=100.0** tie=0 trialseed=107
[E105] 전체 루프 종료 — 원본 로그: /mnt/c/Users/JungHyun/Desktop/brain/BrainSimulation-rebuild/research/experiments/logs/E105
=== 종료코드 0 ===
