=== E110 실행: 2026-09-27T05:11:04Z ===
커맨드: bash scripts/e110_main.sh
---
  eta0.15 학습 b0: => => 정답률 +0.0%p | **변조폭 변화 +0.2679** | 판정: 학습이 반사 방향으로 강화
  eta0.15 무학습 b0: => => 정답률 +0.0%p | **변조폭 변화 +0.0000** | 판정: 변화 없음
  eta0.15 학습 b1: => => 정답률 +0.0%p | **변조폭 변화 +0.2757** | 판정: 학습이 반사 방향으로 강화
  eta0.15 무학습 b1: => => 정답률 +0.0%p | **변조폭 변화 +0.0000** | 판정: 변화 없음
  eta0.15 학습 b2: => => 정답률 +0.0%p | **변조폭 변화 +0.2726** | 판정: 학습이 반사 방향으로 강화
  eta0.15 무학습 b2: => => 정답률 +0.0%p | **변조폭 변화 +0.0000** | 판정: 변화 없음
  eta0.15 학습 b3: => => 정답률 +0.0%p | **변조폭 변화 +0.2545** | 판정: 학습이 반사 방향으로 강화
  eta0.15 무학습 b3: => => 정답률 +0.0%p | **변조폭 변화 +0.0000** | 판정: 변화 없음
  eta0.15 학습 b4: => => 정답률 +0.0%p | **변조폭 변화 +0.2569** | 판정: 학습이 반사 방향으로 강화
  eta0.15 무학습 b4: => => 정답률 +0.0%p | **변조폭 변화 +0.0000** | 판정: 변화 없음
  eta0.03 학습 b0: => => 정답률 +0.0%p | **변조폭 변화 +0.1239** | 판정: 학습이 반사 방향으로 강화
  eta0.03 무학습 b0: => => 정답률 +0.0%p | **변조폭 변화 +0.0000** | 판정: 변화 없음
  eta0.03 학습 b1: => => 정답률 +0.0%p | **변조폭 변화 +0.0995** | 판정: 학습이 반사 방향으로 강화
  eta0.03 무학습 b1: => => 정답률 +0.0%p | **변조폭 변화 +0.0000** | 판정: 변화 없음
  eta0.03 학습 b2: => => 정답률 +0.0%p | **변조폭 변화 +0.0823** | 판정: 학습이 반사 방향으로 강화
  eta0.03 무학습 b2: => => 정답률 +0.0%p | **변조폭 변화 +0.0000** | 판정: 변화 없음
  eta0.03 학습 b3: => => 정답률 +0.0%p | **변조폭 변화 +0.0789** | 판정: 학습이 반사 방향으로 강화
  eta0.03 무학습 b3: => => 정답률 +0.0%p | **변조폭 변화 +0.0000** | 판정: 변화 없음
  eta0.03 학습 b4: => => 정답률 +0.0%p | **변조폭 변화 +0.1750** | 판정: 학습이 반사 방향으로 강화
  eta0.03 무학습 b4: => => 정답률 +0.0%p | **변조폭 변화 +0.0000** | 판정: 변화 없음
[E110] 전체 루프 종료
=== 종료코드 0 ===
