=== E112 실행: 2026-09-27T06:48:46Z ===
커맨드: bash scripts/e112_main.sh
---
########## 1단계 학습·저장 ##########
  train b0: => +0.3444 +0.6122 
  train b1: => +0.3555 +0.6311 
  train b2: => +0.3449 +0.6175 
  train b3: => +0.3556 +0.6101 
  train b4: => +0.3385 +0.5954 
########## 2단계 분해 ##########
  dec b0 none: => DECOMP mode=none mod=+0.3444 acc=0.0 off=-0.0134 pushed=0 kc_means[kc_l>l=nan kc_l>r=nan kc_r>l=nan kc_r>r=nan]
  dec b0 all: => DECOMP mode=all mod=+0.6122 acc=0.0 off=-0.0056 pushed=8 kc_means[kc_l>l=34.1256 kc_l>r=33.9739 kc_r>l=33.5052 kc_r>r=33.5404]
  dec b0 kc_only: => DECOMP mode=kc_only mod=+0.5988 acc=0.0 off=-0.0091 pushed=4 kc_means[kc_l>l=34.1256 kc_l>r=33.9739 kc_r>l=33.5052 kc_r>r=33.5404]
  dec b0 d1_only: => DECOMP mode=d1_only mod=+0.2745 acc=0.0 off=-0.0549 pushed=4 kc_means[kc_l>l=nan kc_l>r=nan kc_r>l=nan kc_r>r=nan]
  dec b0 kc_shuffle: => DECOMP mode=kc_shuffle mod=+0.2552 acc=0.0 off=-0.0689 pushed=8 kc_means[kc_l>l=34.1256 kc_l>r=33.9739 kc_r>l=33.5052 kc_r>r=33.5404]
  dec b0 kc_uniform: [실패]
          raise RuntimeError("이식 검증 실패: %s" % ", ".join(bad))
      RuntimeError: 이식 검증 실패: kc_l_to_motor_l(최대차 1.19e-06), kc_l_to_motor_r(최대차 5.4e-07), kc_r_to_motor_l(최대차 2.58e-07), kc_r_to_motor_r(최대차 8.81e-07)
  dec b0 kc_cm: [실패]
          raise RuntimeError("이식 검증 실패: %s" % ", ".join(bad))
      RuntimeError: 이식 검증 실패: kc_l_to_motor_l(최대차 1.47e-07), kc_l_to_motor_r(최대차 1.47e-07), kc_r_to_motor_l(최대차 1.47e-07), kc_r_to_motor_r(최대차 1.47e-07)
  dec b1 none: => DECOMP mode=none mod=+0.3555 acc=0.0 off=-0.0074 pushed=0 kc_means[kc_l>l=nan kc_l>r=nan kc_r>l=nan kc_r>r=nan]
  dec b1 all: => DECOMP mode=all mod=+0.6311 acc=0.0 off=-0.0013 pushed=8 kc_means[kc_l>l=33.7678 kc_l>r=33.6514 kc_r>l=33.4286 kc_r>r=33.5150]
  dec b1 kc_only: => DECOMP mode=kc_only mod=+0.6136 acc=0.0 off=-0.0031 pushed=4 kc_means[kc_l>l=33.7678 kc_l>r=33.6514 kc_r>l=33.4286 kc_r>r=33.5150]
  dec b1 d1_only: => DECOMP mode=d1_only mod=+0.2696 acc=0.0 off=-0.0189 pushed=4 kc_means[kc_l>l=nan kc_l>r=nan kc_r>l=nan kc_r>r=nan]
  dec b1 kc_shuffle: => DECOMP mode=kc_shuffle mod=+0.2475 acc=0.0 off=-0.0274 pushed=8 kc_means[kc_l>l=33.7678 kc_l>r=33.6514 kc_r>l=33.4286 kc_r>r=33.5150]
  dec b1 kc_uniform: [실패]
          raise RuntimeError("이식 검증 실패: %s" % ", ".join(bad))
      RuntimeError: 이식 검증 실패: kc_l_to_motor_l(최대차 1.37e-07), kc_l_to_motor_r(최대차 2.99e-07), kc_r_to_motor_l(최대차 1.78e-06), kc_r_to_motor_r(최대차 5.3e-07)
  dec b1 kc_cm: [실패]
          raise RuntimeError("이식 검증 실패: %s" % ", ".join(bad))
      RuntimeError: 이식 검증 실패: kc_l_to_motor_l(최대차 1.49e-06), kc_l_to_motor_r(최대차 1.49e-06), kc_r_to_motor_l(최대차 1.49e-06), kc_r_to_motor_r(최대차 1.49e-06)
  dec b2 none: => DECOMP mode=none mod=+0.3449 acc=0.0 off=-0.0057 pushed=0 kc_means[kc_l>l=nan kc_l>r=nan kc_r>l=nan kc_r>r=nan]
  dec b2 all: => DECOMP mode=all mod=+0.6176 acc=0.0 off=-0.0019 pushed=8 kc_means[kc_l>l=33.8836 kc_l>r=33.7862 kc_r>l=33.5738 kc_r>r=33.6493]
  dec b2 kc_only: => DECOMP mode=kc_only mod=+0.6004 acc=0.0 off=-0.0027 pushed=4 kc_means[kc_l>l=33.8836 kc_l>r=33.7862 kc_r>l=33.5738 kc_r>r=33.6493]
  dec b2 d1_only: => DECOMP mode=d1_only mod=+0.2709 acc=0.0 off=-0.0086 pushed=4 kc_means[kc_l>l=nan kc_l>r=nan kc_r>l=nan kc_r>r=nan]
  dec b2 kc_shuffle: => DECOMP mode=kc_shuffle mod=+0.2435 acc=0.0 off=-0.0126 pushed=8 kc_means[kc_l>l=33.8836 kc_l>r=33.7862 kc_r>l=33.5738 kc_r>r=33.6493]
  dec b2 kc_uniform: [실패]
          raise RuntimeError("이식 검증 실패: %s" % ", ".join(bad))
      RuntimeError: 이식 검증 실패: kc_l_to_motor_l(최대차 1.67e-06), kc_l_to_motor_r(최대차 1.62e-06), kc_r_to_motor_l(최대차 4.09e-07), kc_r_to_motor_r(최대차 5.72e-07)
  dec b2 kc_cm: [실패]
          raise RuntimeError("이식 검증 실패: %s" % ", ".join(bad))
      RuntimeError: 이식 검증 실패: kc_l_to_motor_l(최대차 7.2e-07), kc_l_to_motor_r(최대차 7.2e-07), kc_r_to_motor_l(최대차 7.2e-07), kc_r_to_motor_r(최대차 7.2e-07)
  dec b3 none: => DECOMP mode=none mod=+0.3556 acc=0.0 off=+0.0083 pushed=0 kc_means[kc_l>l=nan kc_l>r=nan kc_r>l=nan kc_r>r=nan]
  dec b3 all: => DECOMP mode=all mod=+0.6101 acc=0.0 off=-0.0022 pushed=8 kc_means[kc_l>l=33.3969 kc_l>r=33.3224 kc_r>l=34.2189 kc_r>r=34.3725]
  dec b3 kc_only: => DECOMP mode=kc_only mod=+0.5828 acc=0.0 off=-0.0027 pushed=4 kc_means[kc_l>l=33.3969 kc_l>r=33.3224 kc_r>l=34.2189 kc_r>r=34.3725]
  dec b3 d1_only: => DECOMP mode=d1_only mod=+0.2593 acc=0.0 off=+0.0165 pushed=4 kc_means[kc_l>l=nan kc_l>r=nan kc_r>l=nan kc_r>r=nan]
  dec b3 kc_shuffle: => DECOMP mode=kc_shuffle mod=+0.2440 acc=0.0 off=+0.0149 pushed=8 kc_means[kc_l>l=33.3969 kc_l>r=33.3224 kc_r>l=34.2189 kc_r>r=34.3725]
  dec b3 kc_uniform: [실패]
          raise RuntimeError("이식 검증 실패: %s" % ", ".join(bad))
      RuntimeError: 이식 검증 실패: kc_l_to_motor_l(최대차 5.9e-07), kc_l_to_motor_r(최대차 1.4e-06), kc_r_to_motor_l(최대차 1.41e-06), kc_r_to_motor_r(최대차 1.66e-06)
  dec b3 kc_cm: [실패]
          raise RuntimeError("이식 검증 실패: %s" % ", ".join(bad))
      RuntimeError: 이식 검증 실패: kc_l_to_motor_l(최대차 1.47e-06), kc_l_to_motor_r(최대차 1.47e-06), kc_r_to_motor_l(최대차 1.47e-06), kc_r_to_motor_r(최대차 1.47e-06)
  dec b4 none: => DECOMP mode=none mod=+0.3385 acc=0.0 off=+0.0004 pushed=0 kc_means[kc_l>l=nan kc_l>r=nan kc_r>l=nan kc_r>r=nan]
  dec b4 all: => DECOMP mode=all mod=+0.5954 acc=0.0 off=-0.0028 pushed=8 kc_means[kc_l>l=33.4035 kc_l>r=33.3355 kc_r>l=33.4622 kc_r>r=33.5449]
  dec b4 kc_only: => DECOMP mode=kc_only mod=+0.6017 acc=0.0 off=+0.0018 pushed=4 kc_means[kc_l>l=33.4035 kc_l>r=33.3355 kc_r>l=33.4622 kc_r>r=33.5449]
  dec b4 d1_only: => DECOMP mode=d1_only mod=+0.2703 acc=0.0 off=-0.0407 pushed=4 kc_means[kc_l>l=nan kc_l>r=nan kc_r>l=nan kc_r>r=nan]
  dec b4 kc_shuffle: => DECOMP mode=kc_shuffle mod=+0.2578 acc=0.0 off=-0.0463 pushed=8 kc_means[kc_l>l=33.4035 kc_l>r=33.3355 kc_r>l=33.4622 kc_r>r=33.5449]
  dec b4 kc_uniform: [실패]
          raise RuntimeError("이식 검증 실패: %s" % ", ".join(bad))
      RuntimeError: 이식 검증 실패: kc_l_to_motor_l(최대차 2.59e-07), kc_l_to_motor_r(최대차 7.63e-07), kc_r_to_motor_l(최대차 9.65e-07), kc_r_to_motor_r(최대차 8.63e-08)
  dec b4 kc_cm: [실패]
          raise RuntimeError("이식 검증 실패: %s" % ", ".join(bad))
      RuntimeError: 이식 검증 실패: kc_l_to_motor_l(최대차 1.3e-06), kc_l_to_motor_r(최대차 1.3e-06), kc_r_to_motor_l(최대차 1.3e-06), kc_r_to_motor_r(최대차 1.3e-06)
[E112] 전체 루프 종료
=== 종료코드 0 ===
