=== E114 실행: 2026-09-27T08:44:51Z ===
커맨드: bash scripts/e114_main.sh
---
  학습 b0: => +0.3444 +0.6031 | 정답률 +0.0%p | **변조폭 변화 +0.2588** | 판정: 학습이 반사 방향으로 강화
  무학습 b0: => +0.3444 +0.3444 | 정답률 +0.0%p | **변조폭 변화 +0.0000** | 판정: 변화 없음
  학습 b1: => +0.3555 +0.6168 | 정답률 +0.0%p | **변조폭 변화 +0.2613** | 판정: 학습이 반사 방향으로 강화
  무학습 b1: => +0.3555 +0.3555 | 정답률 +0.0%p | **변조폭 변화 +0.0000** | 판정: 변화 없음
  학습 b2: => +0.3449 +0.6009 | 정답률 +0.0%p | **변조폭 변화 +0.2559** | 판정: 학습이 반사 방향으로 강화
  무학습 b2: => +0.3449 +0.3449 | 정답률 +0.0%p | **변조폭 변화 +0.0000** | 판정: 변화 없음
  학습 b3: => +0.3556 +0.5979 | 정답률 +0.0%p | **변조폭 변화 +0.2423** | 판정: 학습이 반사 방향으로 강화
  무학습 b3: => +0.3556 +0.3556 | 정답률 +0.0%p | **변조폭 변화 +0.0000** | 판정: 변화 없음
  학습 b4: => +0.3385 +0.5807 | 정답률 +0.0%p | **변조폭 변화 +0.2422** | 판정: 학습이 반사 방향으로 강화
  무학습 b4: => +0.3385 +0.3385 | 정답률 +0.0%p | **변조폭 변화 +0.0000** | 판정: 변화 없음
  neuron b0: => KCPRE side=l top5%: 반사(ll) +72.7547 교차(lr) +73.1867 차 -0.4320 | 하위50%: 반사 -0.0001 교차 -0.0001 | r(반사,교차)=+0.986 KCPRE side=r top5%: 반사(rr) +71.7826 교차(rl) +72.6890 차 -0.9064 | 하위50%: 반사 -0.0001 교차 -0.0001 | r(반사,교차)=+0.989 
  neuron b1: => KCPRE side=l top5%: 반사(ll) +71.5704 교차(lr) +71.4363 차 +0.1340 | 하위50%: 반사 -0.0004 교차 -0.0003 | r(반사,교차)=+0.990 KCPRE side=r top5%: 반사(rr) +71.2534 교차(rl) +72.3625 차 -1.1091 | 하위50%: 반사 -0.0002 교차 -0.0002 | r(반사,교차)=+0.988 
  neuron b2: => KCPRE side=l top5%: 반사(ll) +71.4736 교차(lr) +72.4900 차 -1.0164 | 하위50%: 반사 -0.0001 교차 -0.0001 | r(반사,교차)=+0.985 KCPRE side=r top5%: 반사(rr) +72.4125 교차(rl) +73.9997 차 -1.5872 | 하위50%: 반사 -0.0001 교차 -0.0001 | r(반사,교차)=+0.989 
  neuron b3: => KCPRE side=l top5%: 반사(ll) +65.7474 교차(lr) +65.9201 차 -0.1727 | 하위50%: 반사 -0.0005 교차 -0.0004 | r(반사,교차)=+0.986 KCPRE side=r top5%: 반사(rr) +77.8144 교차(rl) +80.6496 차 -2.8352 | 하위50%: 반사 -0.0002 교차 -0.0002 | r(반사,교차)=+0.983 
  neuron b4: => KCPRE side=l top5%: 반사(ll) +67.0330 교차(lr) +66.4050 차 +0.6280 | 하위50%: 반사 -0.0001 교차 -0.0001 | r(반사,교차)=+0.989 KCPRE side=r top5%: 반사(rr) +71.9480 교차(rl) +73.3526 차 -1.4046 | 하위50%: 반사 -0.0001 교차 -0.0001 | r(반사,교차)=+0.989 
[E114] 전체 루프 종료
=== 종료코드 0 ===
