=== E115 실행: 2026-09-27T09:21:21Z ===
커맨드: bash scripts/e115_main.sh
---
  학습 b0: => +0.3444 +0.4343 | 정답률 +0.0%p | **변조폭 변화 +0.0899** | 판정: 학습이 반사 방향으로 강화
  무학습 b0: => +0.3444 +0.3444 | 정답률 +0.0%p | **변조폭 변화 +0.0000** | 판정: 변화 없음
  학습 b1: => +0.3555 +0.4454 | 정답률 +0.0%p | **변조폭 변화 +0.0900** | 판정: 학습이 반사 방향으로 강화
  무학습 b1: => +0.3555 +0.3555 | 정답률 +0.0%p | **변조폭 변화 +0.0000** | 판정: 변화 없음
  학습 b2: => +0.3449 +0.4483 | 정답률 +0.0%p | **변조폭 변화 +0.1034** | 판정: 학습이 반사 방향으로 강화
  무학습 b2: => +0.3449 +0.3449 | 정답률 +0.0%p | **변조폭 변화 +0.0000** | 판정: 변화 없음
  학습 b3: => +0.3556 +0.4392 | 정답률 +0.0%p | **변조폭 변화 +0.0836** | 판정: 학습이 반사 방향으로 강화
  무학습 b3: => +0.3556 +0.3556 | 정답률 +0.0%p | **변조폭 변화 +0.0000** | 판정: 변화 없음
  학습 b4: => +0.3385 +0.4126 | 정답률 +0.0%p | **변조폭 변화 +0.0740** | 판정: 학습이 반사 방향으로 강화
  무학습 b4: => +0.3385 +0.3385 | 정답률 +0.0%p | **변조폭 변화 +0.0000** | 판정: 변화 없음
  neuron b0: => KCPRE side=l top5%: 반사(ll) +62.5320 교차(lr) +106.2860 차 -43.7540 | 하위50%: 반사 -0.0001 교차 -0.0000 | r(반사,교차)=+0.939 KCPRE side=r top5%: 반사(rr) +61.4050 교차(rl) +98.7392 차 -37.3341 | 하위50%: 반사 -0.0001 교차 -0.0000 | r(반사,교차)=+0.951 
  neuron b1: => KCPRE side=l top5%: 반사(ll) +61.3597 교차(lr) +104.8458 차 -43.4862 | 하위50%: 반사 -0.0004 교차 -0.0000 | r(반사,교차)=+0.958 KCPRE side=r top5%: 반사(rr) +61.0847 교차(rl) +99.1600 차 -38.0753 | 하위50%: 반사 -0.0001 교차 +0.0000 | r(반사,교차)=+0.944 
  neuron b2: => KCPRE side=l top5%: 반사(ll) +60.3543 교차(lr) +105.6302 차 -45.2758 | 하위50%: 반사 -0.0001 교차 -0.0000 | r(반사,교차)=+0.942 KCPRE side=r top5%: 반사(rr) +61.6107 교차(rl) +102.7230 차 -41.1123 | 하위50%: 반사 -0.0001 교차 -0.0000 | r(반사,교차)=+0.948 
  neuron b3: => KCPRE side=l top5%: 반사(ll) +54.8840 교차(lr) +96.0431 차 -41.1591 | 하위50%: 반사 -0.0004 교차 -0.0000 | r(반사,교차)=+0.936 KCPRE side=r top5%: 반사(rr) +67.7752 교차(rl) +109.0292 차 -41.2540 | 하위50%: 반사 -0.0002 교차 -0.0000 | r(반사,교차)=+0.949 
  neuron b4: => KCPRE side=l top5%: 반사(ll) +57.2625 교차(lr) +100.0016 차 -42.7391 | 하위50%: 반사 -0.0001 교차 -0.0000 | r(반사,교차)=+0.958 KCPRE side=r top5%: 반사(rr) +62.6180 교차(rl) +98.6900 차 -36.0721 | 하위50%: 반사 -0.0001 교차 -0.0000 | r(반사,교차)=+0.950 
[E115] 전체 루프 종료
=== 종료코드 0 ===
