=== E116 실행: 2026-09-27T09:54:45Z ===
커맨드: bash scripts/e116_main.sh
---
  학습 b0: => +0.3444 +0.4975 | 정답률 +0.0%p | **변조폭 변화 +0.1532** | 판정: 학습이 반사 방향으로 강화
  무학습 b0: => +0.3444 +0.3444 | 정답률 +0.0%p | **변조폭 변화 +0.0000** | 판정: 변화 없음
  학습 b1: => +0.3555 +0.5246 | 정답률 +0.0%p | **변조폭 변화 +0.1691** | 판정: 학습이 반사 방향으로 강화
  무학습 b1: => +0.3555 +0.3555 | 정답률 +0.0%p | **변조폭 변화 +0.0000** | 판정: 변화 없음
  학습 b2: => +0.3449 +0.5171 | 정답률 +0.0%p | **변조폭 변화 +0.1721** | 판정: 학습이 반사 방향으로 강화
  무학습 b2: => +0.3449 +0.3449 | 정답률 +0.0%p | **변조폭 변화 +0.0000** | 판정: 변화 없음
  학습 b3: => +0.3556 +0.5106 | 정답률 +0.0%p | **변조폭 변화 +0.1550** | 판정: 학습이 반사 방향으로 강화
  무학습 b3: => +0.3556 +0.3556 | 정답률 +0.0%p | **변조폭 변화 +0.0000** | 판정: 변화 없음
  학습 b4: => +0.3385 +0.4854 | 정답률 +0.0%p | **변조폭 변화 +0.1468** | 판정: 학습이 반사 방향으로 강화
  무학습 b4: => +0.3385 +0.3385 | 정답률 +0.0%p | **변조폭 변화 +0.0000** | 판정: 변화 없음
  neuron b0: => KCPRE side=l top5%: 반사(ll) +61.8124 교차(lr) +100.0959 차 -38.2835 | 하위50%: 반사 -0.0002 교차 +0.0000 | r(반사,교차)=+0.968 KCPRE side=r top5%: 반사(rr) +59.4763 교차(rl) +93.4918 차 -34.0155 | 하위50%: 반사 -0.0000 교차 -0.0000 | r(반사,교차)=+0.976 
  neuron b1: => KCPRE side=l top5%: 반사(ll) +59.6158 교차(lr) +97.2490 차 -37.6332 | 하위50%: 반사 -0.0001 교차 -0.0000 | r(반사,교차)=+0.980 KCPRE side=r top5%: 반사(rr) +59.0662 교차(rl) +92.9630 차 -33.8968 | 하위50%: 반사 -0.0000 교차 -0.0000 | r(반사,교차)=+0.976 
  neuron b2: => KCPRE side=l top5%: 반사(ll) +58.7895 교차(lr) +98.1045 차 -39.3150 | 하위50%: 반사 -0.0000 교차 -0.0000 | r(반사,교차)=+0.975 KCPRE side=r top5%: 반사(rr) +59.7766 교차(rl) +96.8681 차 -37.0915 | 하위50%: 반사 -0.0000 교차 -0.0000 | r(반사,교차)=+0.977 
  neuron b3: => KCPRE side=l top5%: 반사(ll) +53.7668 교차(lr) +89.3308 차 -35.5640 | 하위50%: 반사 -0.0001 교차 +0.0000 | r(반사,교차)=+0.972 KCPRE side=r top5%: 반사(rr) +64.6704 교차(rl) +103.1016 차 -38.4312 | 하위50%: 반사 -0.0002 교차 +0.0000 | r(반사,교차)=+0.976 
  neuron b4: => KCPRE side=l top5%: 반사(ll) +56.9049 교차(lr) +93.5570 차 -36.6521 | 하위50%: 반사 -0.0002 교차 +0.0000 | r(반사,교차)=+0.980 KCPRE side=r top5%: 반사(rr) +61.6124 교차(rl) +94.5954 차 -32.9829 | 하위50%: 반사 -0.0000 교차 -0.0000 | r(반사,교차)=+0.980 
[E116] 전체 루프 종료
=== 종료코드 0 ===
