=== E117 실행: 2026-09-27T10:33:54Z ===
커맨드: bash scripts/e117_main.sh
---
  kcsets b0: => KCSETS kc_l | 좌전용 n=63 →L +29.76 →R +70.59 | 우전용 n=0 →L +nan →R +nan | 공유 n=129 →L +60.88 →R +96.56 | 무반응 n=2808 →L +0.13 →R +0.05 KCSETS kc_r | 좌전용 n=4 →L +0.00 →R +0.00 | 우전용 n=41 →L +59.28 →R +27.01 | 공유 n=119 →L +103.75 →R +66.93 | 무반응 n=2836 →L +0.06 →R +0.07 
  kcsets b1: => KCSETS kc_l | 좌전용 n=65 →L +27.18 →R +62.56 | 우전용 n=1 →L +0.09 →R +0.42 | 공유 n=119 →L +63.97 →R +102.00 | 무반응 n=2815 →L +0.04 →R +0.03 KCSETS kc_r | 좌전용 n=0 →L +nan →R +nan | 우전용 n=40 →L +85.80 →R +32.29 | 공유 n=107 →L +104.79 →R +69.54 | 무반응 n=2853 →L +0.11 →R +0.16 
  kcsets b2: => KCSETS kc_l | 좌전용 n=68 →L +25.47 →R +63.42 | 우전용 n=1 →L +0.00 →R +0.00 | 공유 n=120 →L +62.34 →R +101.23 | 무반응 n=2811 →L +0.08 →R +0.04 KCSETS kc_r | 좌전용 n=0 →L +nan →R +nan | 우전용 n=49 →L +74.80 →R +29.00 | 공유 n=110 →L +105.12 →R +69.59 | 무반응 n=2841 →L +0.09 →R +0.07 
  kcsets b3: => KCSETS kc_l | 좌전용 n=53 →L +27.63 →R +62.55 | 우전용 n=0 →L +nan →R +nan | 공유 n=116 →L +57.91 →R +96.95 | 무반응 n=2831 →L +0.06 →R +0.02 KCSETS kc_r | 좌전용 n=1 →L +2.36 →R +1.65 | 우전용 n=65 →L +65.15 →R +29.49 | 공유 n=132 →L +102.70 →R +67.83 | 무반응 n=2802 →L +0.11 →R +0.14 
  kcsets b4: => KCSETS kc_l | 좌전용 n=62 →L +26.51 →R +60.13 | 우전용 n=0 →L +nan →R +nan | 공유 n=107 →L +62.28 →R +104.00 | 무반응 n=2831 →L +0.13 →R +0.10 KCSETS kc_r | 좌전용 n=0 →L +nan →R +nan | 우전용 n=56 →L +66.16 →R +28.77 | 공유 n=107 →L +102.90 →R +70.39 | 무반응 n=2837 →L +0.08 →R +0.12 
[E117] 전체 루프 종료
=== 종료코드 0 ===
=== E117 실행: 2026-09-27T14:59:01Z ===
커맨드: bash scripts/e117_main.sh
---
  kcsets b0: [건너뜀]
  kcsets b1: [건너뜀]
  kcsets b2: [건너뜀]
  kcsets b3: [건너뜀]
  kcsets b4: [건너뜀]
[E117] 전체 루프 종료
=== 종료코드 0 ===
