=== E118 실행: 2026-09-28T05:01:22Z ===
커맨드: bash scripts/e118_main.sh
---
  학습 b0: => +0.4060 +0.4033 | 정답률 +0.0%p | **변조폭 변화 -0.0027** | 판정: 변화 없음
  무학습 b0: => +0.4060 +0.4060 | 정답률 +0.0%p | **변조폭 변화 +0.0000** | 판정: 변화 없음
  학습 b1: => +0.4035 +0.4022 | 정답률 +0.0%p | **변조폭 변화 -0.0012** | 판정: 변화 없음
  무학습 b1: => +0.4035 +0.4035 | 정답률 +0.0%p | **변조폭 변화 +0.0000** | 판정: 변화 없음
  학습 b2: => +0.4137 +0.4206 | 정답률 +0.0%p | **변조폭 변화 +0.0069** | 판정: 변화 없음
  무학습 b2: => +0.4137 +0.4137 | 정답률 +0.0%p | **변조폭 변화 +0.0000** | 판정: 변화 없음
  학습 b3: => +0.4156 +0.4177 | 정답률 +0.0%p | **변조폭 변화 +0.0021** | 판정: 변화 없음
  무학습 b3: => +0.4156 +0.4156 | 정답률 +0.0%p | **변조폭 변화 +0.0000** | 판정: 변화 없음
  학습 b4: => +0.3486 +0.3814 | 정답률 +0.0%p | **변조폭 변화 +0.0328** | 판정: 학습이 반사 방향으로 강화
  무학습 b4: => +0.3486 +0.3486 | 정답률 +0.0%p | **변조폭 변화 +0.0000** | 판정: 변화 없음
  neuron b0: => KCPRE side=l top5%: 반사(ll) +0.0166 교차(lr) -0.0120 차 +0.0286 | 하위50%: 반사 -2.1193 교차 +0.1964 | r(반사,교차)=-0.495 KCPRE side=r top5%: 반사(rr) +0.0033 교차(rl) +0.0012 차 +0.0021 | 하위50%: 반사 -1.7069 교차 -0.0560 | r(반사,교차)=-0.088 
  neuron b1: => KCPRE side=l top5%: 반사(ll) -0.0012 교차(lr) +0.0036 차 -0.0048 | 하위50%: 반사 -2.0930 교차 +0.0112 | r(반사,교차)=-0.179 KCPRE side=r top5%: 반사(rr) +0.0236 교차(rl) -0.0154 차 +0.0391 | 하위50%: 반사 -1.6837 교차 +0.1401 | r(반사,교차)=-0.439 
  neuron b2: => KCPRE side=l top5%: 반사(ll) +0.0132 교차(lr) -0.0069 차 +0.0201 | 하위50%: 반사 -2.1138 교차 +0.1377 | r(반사,교차)=-0.434 KCPRE side=r top5%: 반사(rr) +0.0037 교차(rl) -0.0025 차 +0.0062 | 하위50%: 반사 -1.7611 교차 +0.0700 | r(반사,교차)=-0.312 
  neuron b3: => KCPRE side=l top5%: 반사(ll) +0.0096 교차(lr) -0.0059 차 +0.0154 | 하위50%: 반사 -2.0128 교차 +0.0142 | r(반사,교차)=-0.165 KCPRE side=r top5%: 반사(rr) +0.0198 교차(rl) -0.0111 차 +0.0309 | 하위50%: 반사 -1.9004 교차 +0.0765 | r(반사,교차)=-0.360 
  neuron b4: => KCPRE side=l top5%: 반사(ll) +0.0047 교차(lr) -0.0002 차 +0.0049 | 하위50%: 반사 -2.0337 교차 +0.0177 | r(반사,교차)=-0.190 KCPRE side=r top5%: 반사(rr) +0.0068 교차(rl) -0.0043 차 +0.0111 | 하위50%: 반사 -1.7449 교차 -0.0646 | r(반사,교차)=-0.083 
[E118] 전체 루프 종료
=== 종료코드 0 ===
