=== E119 실행: 2026-09-28T06:36:28Z ===
커맨드: bash scripts/e119_main.sh
---
  rw0 learn b10: => +0.0195 -0.0838 | 정답률 +43.0%p | **변조폭 변화 -0.1032** | 판정: 학습이 조향을 역전 방향으로 이동
  rw0 nolearn b10: => +0.0195 +0.0195 | 정답률 +0.0%p | **변조폭 변화 +0.0000** | 판정: 변화 없음
  rw25 learn b10: => +0.4148 +0.4126 | 정답률 +0.0%p | **변조폭 변화 -0.0022** | 판정: 변화 없음
  rw25 nolearn b10: => +0.4148 +0.4148 | 정답률 +0.0%p | **변조폭 변화 +0.0000** | 판정: 변화 없음
  rw0 learn b11: => +0.0150 -0.0574 | 정답률 +47.0%p | **변조폭 변화 -0.0724** | 판정: 학습이 조향을 역전 방향으로 이동
  rw0 nolearn b11: => +0.0150 +0.0150 | 정답률 +0.0%p | **변조폭 변화 +0.0000** | 판정: 변화 없음
  rw25 learn b11: => +0.4195 +0.4213 | 정답률 +0.0%p | **변조폭 변화 +0.0018** | 판정: 변화 없음
  rw25 nolearn b11: => +0.4195 +0.4195 | 정답률 +0.0%p | **변조폭 변화 +0.0000** | 판정: 변화 없음
  rw0 learn b12: => +0.0262 -0.0428 | 정답률 +45.0%p | **변조폭 변화 -0.0689** | 판정: 학습이 조향을 역전 방향으로 이동
  rw0 nolearn b12: => +0.0262 +0.0262 | 정답률 +0.0%p | **변조폭 변화 +0.0000** | 판정: 변화 없음
  rw25 learn b12: => +0.3954 +0.4033 | 정답률 +0.0%p | **변조폭 변화 +0.0079** | 판정: 변화 없음
  rw25 nolearn b12: => +0.3954 +0.3954 | 정답률 +0.0%p | **변조폭 변화 +0.0000** | 판정: 변화 없음
  rw0 learn b13: => +0.0320 -0.0489 | 정답률 +54.0%p | **변조폭 변화 -0.0809** | 판정: 학습이 조향을 역전 방향으로 이동
  rw0 nolearn b13: => +0.0320 +0.0320 | 정답률 +0.0%p | **변조폭 변화 +0.0000** | 판정: 변화 없음
  rw25 learn b13: => +0.3773 +0.3984 | 정답률 +0.0%p | **변조폭 변화 +0.0211** | 판정: 학습이 반사 방향으로 강화
  rw25 nolearn b13: => +0.3773 +0.3773 | 정답률 +0.0%p | **변조폭 변화 +0.0000** | 판정: 변화 없음
  rw0 learn b14: => +0.0165 -0.0442 | 정답률 +59.0%p | **변조폭 변화 -0.0607** | 판정: 학습이 조향을 역전 방향으로 이동
  rw0 nolearn b14: => +0.0165 +0.0165 | 정답률 +0.0%p | **변조폭 변화 +0.0000** | 판정: 변화 없음
  rw25 learn b14: => +0.4248 +0.4134 | 정답률 +0.0%p | **변조폭 변화 -0.0114** | 판정: 변화 없음
  rw25 nolearn b14: => +0.4248 +0.4248 | 정답률 +0.0%p | **변조폭 변화 +0.0000** | 판정: 변화 없음
[E119] 전체 루프 종료
=== 종료코드 0 ===
