=== E120 실행: 2026-09-28T10:18:16Z ===
커맨드: bash scripts/e120_main.sh
---
  n10 learn b10: => +0.0195 -0.0828 | 정답률 +43.0%p | **변조폭 변화 -0.1022** | 판정: 학습이 조향을 역전 방향으로 이동
  n15 learn b10: => +0.0195 -0.0654 | 정답률 +43.0%p | **변조폭 변화 -0.0848** | 판정: 학습이 조향을 역전 방향으로 이동
  n15 nolearn b10: => +0.0195 +0.0195 | 정답률 +0.0%p | **변조폭 변화 +0.0000** | 판정: 변화 없음
  n10 learn b11: => +0.0150 -0.0632 | 정답률 +52.0%p | **변조폭 변화 -0.0782** | 판정: 학습이 조향을 역전 방향으로 이동
  n15 learn b11: => +0.0150 -0.0384 | 정답률 +40.0%p | **변조폭 변화 -0.0534** | 판정: 학습이 조향을 역전 방향으로 이동
  n15 nolearn b11: => +0.0150 +0.0150 | 정답률 +0.0%p | **변조폭 변화 +0.0000** | 판정: 변화 없음
  n10 learn b12: => +0.0262 -0.0370 | 정답률 +45.0%p | **변조폭 변화 -0.0631** | 판정: 학습이 조향을 역전 방향으로 이동
  n15 learn b12: => +0.0262 -0.0349 | 정답률 +45.0%p | **변조폭 변화 -0.0611** | 판정: 학습이 조향을 역전 방향으로 이동
  n15 nolearn b12: => +0.0262 +0.0262 | 정답률 +0.0%p | **변조폭 변화 +0.0000** | 판정: 변화 없음
  n10 learn b13: => +0.0320 -0.0357 | 정답률 +49.0%p | **변조폭 변화 -0.0677** | 판정: 학습이 조향을 역전 방향으로 이동
  n15 learn b13: => +0.0320 -0.0281 | 정답률 +32.0%p | **변조폭 변화 -0.0602** | 판정: 학습이 조향을 역전 방향으로 이동
  n15 nolearn b13: => +0.0320 +0.0320 | 정답률 +0.0%p | **변조폭 변화 +0.0000** | 판정: 변화 없음
  n10 learn b14: => +0.0165 -0.0377 | 정답률 +48.0%p | **변조폭 변화 -0.0542** | 판정: 학습이 조향을 역전 방향으로 이동
  n15 learn b14: => +0.0165 -0.0305 | 정답률 +42.0%p | **변조폭 변화 -0.0470** | 판정: 학습이 조향을 역전 방향으로 이동
  n15 nolearn b14: => +0.0165 +0.0165 | 정답률 +0.0%p | **변조폭 변화 +0.0000** | 판정: 변화 없음
[E120] 전체 루프 종료
=== 종료코드 0 ===
