=== E123 실행: 2026-09-28T13:53:00Z ===
커맨드: bash scripts/e123_main.sh
---
  learn n50 w10 t600: => EXGEN mode=learn seed=10 trialseed=600 proto=56.0 train=53.0 d0.10=44.0 d0.20=44.0 d0.30=59.0 d0.40=65.0 | ties train:12 d0.10:0 d0.20:0 d0.30:0 d0.40:7 || dw_l=0.00197 dw_r=0.00202
  learn n50 w10 t601: => EXGEN mode=learn seed=10 trialseed=601 proto=56.0 train=38.0 d0.10=52.0 d0.20=50.0 d0.30=61.0 d0.40=65.0 | ties train:4 d0.10:3 d0.20:4 d0.30:0 d0.40:0 || dw_l=0.00256 dw_r=0.00236
  learn n50 w11 t600: => EXGEN mode=learn seed=11 trialseed=600 proto=48.0 train=43.0 d0.10=48.0 d0.20=42.0 d0.30=52.0 d0.40=43.0 | ties train:0 d0.10:0 d0.20:3 d0.30:3 d0.40:5 || dw_l=0.00091 dw_r=0.00304
  learn n50 w11 t601: => EXGEN mode=learn seed=11 trialseed=601 proto=48.0 train=43.0 d0.10=48.0 d0.20=45.0 d0.30=52.0 d0.40=44.0 | ties train:0 d0.10:0 d0.20:0 d0.30:3 d0.40:5 || dw_l=0.00118 dw_r=0.00340
  learn n50 w12 t600: => EXGEN mode=learn seed=12 trialseed=600 proto=59.0 train=58.0 d0.10=62.0 d0.20=50.0 d0.30=57.0 d0.40=43.0 | ties train:0 d0.10:5 d0.20:1 d0.30:7 d0.40:0 || dw_l=0.00187 dw_r=0.00264
  learn n50 w12 t601: => EXGEN mode=learn seed=12 trialseed=601 proto=59.0 train=58.0 d0.10=62.0 d0.20=60.0 d0.30=61.0 d0.40=47.0 | ties train:4 d0.10:11 d0.20:5 d0.30:0 d0.40:0 || dw_l=0.00246 dw_r=0.00283
  learn n50 w13 t600: => EXGEN mode=learn seed=13 trialseed=600 proto=48.0 train=56.0 d0.10=72.0 d0.20=73.0 d0.30=52.0 d0.40=46.0 | ties train:0 d0.10:8 d0.20:1 d0.30:4 d0.40:7 || dw_l=0.00182 dw_r=0.00276
  learn n50 w13 t601: => EXGEN mode=learn seed=13 trialseed=601 proto=48.0 train=64.0 d0.10=72.0 d0.20=76.0 d0.30=53.0 d0.40=50.0 | ties train:0 d0.10:8 d0.20:1 d0.30:10 d0.40:9 || dw_l=0.00210 dw_r=0.00298
  learn n50 w14 t600: => EXGEN mode=learn seed=14 trialseed=600 proto=57.0 train=73.0 d0.10=77.0 d0.20=63.0 d0.30=65.0 d0.40=74.0 | ties train:5 d0.10:2 d0.20:0 d0.30:8 d0.40:4 || dw_l=0.00276 dw_r=0.00257
  learn n50 w14 t601: => EXGEN mode=learn seed=14 trialseed=601 proto=57.0 train=70.0 d0.10=68.0 d0.20=63.0 d0.30=65.0 d0.40=75.0 | ties train:0 d0.10:7 d0.20:0 d0.30:9 d0.40:6 || dw_l=0.00341 dw_r=0.00253
  learn n50 w15 t600: => EXGEN mode=learn seed=15 trialseed=600 proto=100.0 train=81.0 d0.10=84.0 d0.20=69.0 d0.30=79.0 d0.40=70.0 | ties train:0 d0.10:15 d0.20:1 d0.30:2 d0.40:5 || dw_l=0.00247 dw_r=0.00336
  learn n50 w15 t601: => EXGEN mode=learn seed=15 trialseed=601 proto=100.0 train=80.0 d0.10=85.0 d0.20=71.0 d0.30=83.0 d0.40=75.0 | ties train:6 d0.10:2 d0.20:4 d0.30:9 d0.40:5 || dw_l=0.00374 dw_r=0.00314
  learn n50 w16 t600: => EXGEN mode=learn seed=16 trialseed=600 proto=100.0 train=71.0 d0.10=83.0 d0.20=80.0 d0.30=80.0 d0.40=76.0 | ties train:10 d0.10:0 d0.20:2 d0.30:0 d0.40:2 || dw_l=0.00324 dw_r=0.00195
  learn n50 w16 t601: => EXGEN mode=learn seed=16 trialseed=601 proto=100.0 train=71.0 d0.10=85.0 d0.20=83.0 d0.30=75.0 d0.40=73.0 | ties train:7 d0.10:1 d0.20:3 d0.30:4 d0.40:0 || dw_l=0.00461 dw_r=0.00233
  learn n50 w17 t600: => EXGEN mode=learn seed=17 trialseed=600 proto=100.0 train=58.0 d0.10=60.0 d0.20=76.0 d0.30=67.0 d0.40=59.0 | ties train:13 d0.10:2 d0.20:11 d0.30:5 d0.40:9 || dw_l=0.00263 dw_r=0.00367
  learn n50 w17 t601: => EXGEN mode=learn seed=17 trialseed=601 proto=100.0 train=66.0 d0.10=64.0 d0.20=80.0 d0.30=63.0 d0.40=57.0 | ties train:0 d0.10:6 d0.20:9 d0.30:1 d0.40:6 || dw_l=0.00336 dw_r=0.00328
  learn n100 w10 t600: => EXGEN mode=learn seed=10 trialseed=600 proto=56.0 train=56.0 d0.10=66.0 d0.20=52.0 d0.30=65.0 d0.40=69.0 | ties train:0 d0.10:5 d0.20:4 d0.30:0 d0.40:7 || dw_l=0.00383 dw_r=0.00424
  learn n100 w10 t601: => EXGEN mode=learn seed=10 trialseed=601 proto=100.0 train=56.0 d0.10=63.0 d0.20=59.0 d0.30=64.0 d0.40=68.0 | ties train:0 d0.10:7 d0.20:0 d0.30:0 d0.40:0 || dw_l=0.00465 dw_r=0.00368
  learn n100 w11 t600: => EXGEN mode=learn seed=11 trialseed=600 proto=48.0 train=50.0 d0.10=52.0 d0.20=43.0 d0.30=49.0 d0.40=54.0 | ties train:0 d0.10:0 d0.20:0 d0.30:0 d0.40:0 || dw_l=0.00195 dw_r=0.00644
  learn n100 w11 t601: => EXGEN mode=learn seed=11 trialseed=601 proto=48.0 train=50.0 d0.10=51.0 d0.20=43.0 d0.30=49.0 d0.40=52.0 | ties train:0 d0.10:4 d0.20:0 d0.30:0 d0.40:0 || dw_l=0.00199 dw_r=0.00637
  learn n100 w12 t600: => EXGEN mode=learn seed=12 trialseed=600 proto=59.0 train=58.0 d0.10=68.0 d0.20=63.0 d0.30=67.0 d0.40=54.0 | ties train:0 d0.10:0 d0.20:3 d0.30:2 d0.40:1 || dw_l=0.00327 dw_r=0.00591
  learn n100 w12 t601: => EXGEN mode=learn seed=12 trialseed=601 proto=59.0 train=63.0 d0.10=74.0 d0.20=73.0 d0.30=67.0 d0.40=58.0 | ties train:4 d0.10:0 d0.20:2 d0.30:7 d0.40:1 || dw_l=0.00496 dw_r=0.00493
  learn n100 w13 t600: => EXGEN mode=learn seed=13 trialseed=600 proto=48.0 train=64.0 d0.10=83.0 d0.20=75.0 d0.30=57.0 d0.40=58.0 | ties train:0 d0.10:3 d0.20:0 d0.30:6 d0.40:11 || dw_l=0.00356 dw_r=0.00559
  learn n100 w13 t601: => EXGEN mode=learn seed=13 trialseed=601 proto=48.0 train=64.0 d0.10=83.0 d0.20=77.0 d0.30=54.0 d0.40=55.0 | ties train:0 d0.10:3 d0.20:0 d0.30:3 d0.40:10 || dw_l=0.00359 dw_r=0.00530
  learn n100 w14 t600: => EXGEN mode=learn seed=14 trialseed=600 proto=80.0 train=70.0 d0.10=79.0 d0.20=72.0 d0.30=74.0 d0.40=75.0 | ties train:0 d0.10:11 d0.20:0 d0.30:5 d0.40:3 || dw_l=0.00471 dw_r=0.00515
  learn n100 w14 t601: => EXGEN mode=learn seed=14 trialseed=601 proto=82.0 train=81.0 d0.10=75.0 d0.20=70.0 d0.30=73.0 d0.40=77.0 | ties train:9 d0.10:5 d0.20:2 d0.30:0 d0.40:2 || dw_l=0.00641 dw_r=0.00455
  learn n100 w15 t600: => EXGEN mode=learn seed=15 trialseed=600 proto=100.0 train=85.0 d0.10=91.0 d0.20=86.0 d0.30=79.0 d0.40=82.0 | ties train:0 d0.10:1 d0.20:3 d0.30:4 d0.40:3 || dw_l=0.00480 dw_r=0.00677
  learn n100 w15 t601: => EXGEN mode=learn seed=15 trialseed=601 proto=100.0 train=91.0 d0.10=93.0 d0.20=88.0 d0.30=94.0 d0.40=75.0 | ties train:0 d0.10:0 d0.20:0 d0.30:0 d0.40:0 || dw_l=0.00662 dw_r=0.00605
  learn n100 w16 t600: => EXGEN mode=learn seed=16 trialseed=600 proto=100.0 train=88.0 d0.10=95.0 d0.20=92.0 d0.30=78.0 d0.40=81.0 | ties train:9 d0.10:1 d0.20:0 d0.30:2 d0.40:0 || dw_l=0.00573 dw_r=0.00538
  learn n100 w16 t601: => EXGEN mode=learn seed=16 trialseed=601 proto=100.0 train=78.0 d0.10=95.0 d0.20=84.0 d0.30=74.0 d0.40=79.0 | ties train:10 d0.10:0 d0.20:7 d0.30:0 d0.40:0 || dw_l=0.00787 dw_r=0.00417
  learn n100 w17 t600: => EXGEN mode=learn seed=17 trialseed=600 proto=100.0 train=77.0 d0.10=85.0 d0.20=80.0 d0.30=74.0 d0.40=68.0 | ties train:4 d0.10:3 d0.20:4 d0.30:0 d0.40:0 || dw_l=0.00500 dw_r=0.00750
  learn n100 w17 t601: => EXGEN mode=learn seed=17 trialseed=601 proto=100.0 train=89.0 d0.10=89.0 d0.20=88.0 d0.30=72.0 d0.40=66.0 | ties train:0 d0.10:3 d0.20:0 d0.30:2 d0.40:0 || dw_l=0.00640 dw_r=0.00648
  learn n200 w10 t600: => EXGEN mode=learn seed=10 trialseed=600 proto=100.0 train=75.0 d0.10=84.0 d0.20=78.0 d0.30=74.0 d0.40=67.0 | ties train:0 d0.10:0 d0.20:0 d0.30:0 d0.40:3 || dw_l=0.00819 dw_r=0.01127
  learn n200 w10 t601: => EXGEN mode=learn seed=10 trialseed=601 proto=100.0 train=80.0 d0.10=94.0 d0.20=70.0 d0.30=74.0 d0.40=76.0 | ties train:0 d0.10:1 d0.20:1 d0.30:0 d0.40:8 || dw_l=0.01038 dw_r=0.00612
  learn n200 w11 t600: => EXGEN mode=learn seed=11 trialseed=600 proto=48.0 train=58.0 d0.10=55.0 d0.20=46.0 d0.30=56.0 d0.40=54.0 | ties train:0 d0.10:0 d0.20:0 d0.30:2 d0.40:2 || dw_l=0.00610 dw_r=0.01392
  learn n200 w11 t601: => EXGEN mode=learn seed=11 trialseed=601 proto=48.0 train=58.0 d0.10=54.0 d0.20=49.0 d0.30=48.0 d0.40=53.0 | ties train:0 d0.10:6 d0.20:0 d0.30:0 d0.40:2 || dw_l=0.00468 dw_r=0.01225
  learn n200 w12 t600: => EXGEN mode=learn seed=12 trialseed=600 proto=100.0 train=75.0 d0.10=80.0 d0.20=75.0 d0.30=86.0 d0.40=83.0 | ties train:0 d0.10:0 d0.20:0 d0.30:3 d0.40:2 || dw_l=0.00728 dw_r=0.01213
  learn n200 w12 t601: => EXGEN mode=learn seed=12 trialseed=601 proto=100.0 train=80.0 d0.10=90.0 d0.20=80.0 d0.30=85.0 d0.40=77.0 | ties train:0 d0.10:0 d0.20:2 d0.30:2 d0.40:0 || dw_l=0.00863 dw_r=0.01040
  learn n200 w13 t600: => EXGEN mode=learn seed=13 trialseed=600 proto=48.0 train=86.0 d0.10=87.0 d0.20=86.0 d0.30=67.0 d0.40=58.0 | ties train:5 d0.10:0 d0.20:0 d0.30:0 d0.40:8 || dw_l=0.00827 dw_r=0.01257
  learn n200 w13 t601: => EXGEN mode=learn seed=13 trialseed=601 proto=48.0 train=71.0 d0.10=84.0 d0.20=84.0 d0.30=71.0 d0.40=64.0 | ties train:0 d0.10:2 d0.20:0 d0.30:6 d0.40:0 || dw_l=0.00716 dw_r=0.01043
  learn n200 w14 t600: => EXGEN mode=learn seed=14 trialseed=600 proto=100.0 train=96.0 d0.10=95.0 d0.20=84.0 d0.30=84.0 d0.40=84.0 | ties train:0 d0.10:0 d0.20:3 d0.30:1 d0.40:0 || dw_l=0.00984 dw_r=0.01054
  learn n200 w14 t601: => EXGEN mode=learn seed=14 trialseed=601 proto=57.0 train=90.0 d0.10=83.0 d0.20=73.0 d0.30=88.0 d0.40=77.0 | ties train:0 d0.10:0 d0.20:0 d0.30:6 d0.40:0 || dw_l=0.01249 dw_r=0.00841
  learn n200 w15 t600: => EXGEN mode=learn seed=15 trialseed=600 proto=100.0 train=100.0 d0.10=100.0 d0.20=99.0 d0.30=99.0 d0.40=79.0 | ties train:0 d0.10:0 d0.20:0 d0.30:0 d0.40:1 || dw_l=0.01064 dw_r=0.01462
  learn n200 w15 t601: => EXGEN mode=learn seed=15 trialseed=601 proto=100.0 train=91.0 d0.10=100.0 d0.20=97.0 d0.30=98.0 d0.40=77.0 | ties train:0 d0.10:0 d0.20:6 d0.30:0 d0.40:4 || dw_l=0.01277 dw_r=0.01151
  learn n200 w16 t600: => EXGEN mode=learn seed=16 trialseed=600 proto=100.0 train=100.0 d0.10=100.0 d0.20=100.0 d0.30=91.0 d0.40=97.0 | ties train:0 d0.10:0 d0.20:0 d0.30:0 d0.40:5 || dw_l=0.01185 dw_r=0.01306
  learn n200 w16 t601: => EXGEN mode=learn seed=16 trialseed=601 proto=100.0 train=100.0 d0.10=94.0 d0.20=92.0 d0.30=82.0 d0.40=88.0 | ties train:0 d0.10:0 d0.20:3 d0.30:0 d0.40:0 || dw_l=0.01436 dw_r=0.00902
  learn n200 w17 t600: => EXGEN mode=learn seed=17 trialseed=600 proto=100.0 train=100.0 d0.10=96.0 d0.20=98.0 d0.30=91.0 d0.40=76.0 | ties train:0 d0.10:0 d0.20:0 d0.30:0 d0.40:0 || dw_l=0.01149 dw_r=0.01564
  learn n200 w17 t601: => EXGEN mode=learn seed=17 trialseed=601 proto=100.0 train=100.0 d0.10=99.0 d0.20=94.0 d0.30=92.0 d0.40=80.0 | ties train:0 d0.10:3 d0.20:0 d0.30:7 d0.40:0 || dw_l=0.01303 dw_r=0.01251
[E123] 전체 루프 종료
=== 종료코드 0 ===
