=== E126 실행: 2026-09-28T15:11:07Z ===
커맨드: bash scripts/e126_main.sh
---
  cy learn w10 t600: => SDLAB diff=cyclic rule=samediff mode=learn seed=10 trialseed=600 train_accL=0.0 train_accR=100.0 train_lbal=50.0 novel_accL=30.0 novel_accR=76.0 novel_lbal=53.0
  cy learn w10 t601: => SDLAB diff=cyclic rule=samediff mode=learn seed=10 trialseed=601 train_accL=0.0 train_accR=100.0 train_lbal=50.0 novel_accL=30.0 novel_accR=76.0 novel_lbal=53.0
  cy frozen w10 t600: => SDLAB diff=cyclic rule=samediff mode=frozen seed=10 trialseed=600 train_accL=26.0 train_accR=54.0 train_lbal=40.0 novel_accL=74.0 novel_accR=44.0 novel_lbal=59.0
  cy learn w11 t600: => SDLAB diff=cyclic rule=samediff mode=learn seed=11 trialseed=600 train_accL=0.0 train_accR=100.0 train_lbal=50.0 novel_accL=0.0 novel_accR=100.0 novel_lbal=50.0
  cy learn w11 t601: => SDLAB diff=cyclic rule=samediff mode=learn seed=11 trialseed=601 train_accL=0.0 train_accR=100.0 train_lbal=50.0 novel_accL=0.0 novel_accR=100.0 novel_lbal=50.0
  cy frozen w11 t600: => SDLAB diff=cyclic rule=samediff mode=frozen seed=11 trialseed=600 train_accL=0.0 train_accR=100.0 train_lbal=50.0 novel_accL=31.0 novel_accR=85.7 novel_lbal=58.4
  cy learn w12 t600: => SDLAB diff=cyclic rule=samediff mode=learn seed=12 trialseed=600 train_accL=100.0 train_accR=0.0 train_lbal=50.0 novel_accL=71.4 novel_accR=0.0 novel_lbal=35.7
  cy learn w12 t601: => SDLAB diff=cyclic rule=samediff mode=learn seed=12 trialseed=601 train_accL=100.0 train_accR=50.9 train_lbal=75.5 novel_accL=72.7 novel_accR=30.4 novel_lbal=51.5
  cy frozen w12 t600: => SDLAB diff=cyclic rule=samediff mode=frozen seed=12 trialseed=600 train_accL=47.7 train_accR=66.1 train_lbal=56.9 novel_accL=52.0 novel_accR=40.0 novel_lbal=46.0
  cy learn w13 t600: => SDLAB diff=cyclic rule=samediff mode=learn seed=13 trialseed=600 train_accL=0.0 train_accR=100.0 train_lbal=50.0 novel_accL=61.5 novel_accR=72.9 novel_lbal=67.2
  cy learn w13 t601: => SDLAB diff=cyclic rule=samediff mode=learn seed=13 trialseed=601 train_accL=61.9 train_accR=81.1 train_lbal=71.5 novel_accL=72.2 novel_accR=43.5 novel_lbal=57.9
  cy frozen w13 t600: => SDLAB diff=cyclic rule=samediff mode=frozen seed=13 trialseed=600 train_accL=61.9 train_accR=56.8 train_lbal=59.3 novel_accL=100.0 novel_accR=28.3 novel_lbal=64.1
  cy learn w14 t600: => SDLAB diff=cyclic rule=samediff mode=learn seed=14 trialseed=600 train_accL=67.3 train_accR=14.6 train_lbal=40.9 novel_accL=77.6 novel_accR=43.1 novel_lbal=60.3
  cy learn w14 t601: => SDLAB diff=cyclic rule=samediff mode=learn seed=14 trialseed=601 train_accL=14.6 train_accR=71.2 train_lbal=42.9 novel_accL=0.0 novel_accR=88.5 novel_lbal=44.2
  cy frozen w14 t600: => SDLAB diff=cyclic rule=samediff mode=frozen seed=14 trialseed=600 train_accL=14.6 train_accR=57.7 train_lbal=36.1 novel_accL=45.8 novel_accR=57.7 novel_lbal=51.8
  cy learn w15 t600: => SDLAB diff=cyclic rule=samediff mode=learn seed=15 trialseed=600 train_accL=63.5 train_accR=29.2 train_lbal=46.3 novel_accL=18.6 novel_accR=7.0 novel_lbal=12.8
  cy learn w15 t601: => SDLAB diff=cyclic rule=samediff mode=learn seed=15 trialseed=601 train_accL=63.5 train_accR=0.0 train_lbal=31.7 novel_accL=100.0 novel_accR=10.9 novel_lbal=55.4
  cy frozen w15 t600: => SDLAB diff=cyclic rule=samediff mode=frozen seed=15 trialseed=600 train_accL=42.3 train_accR=29.2 train_lbal=35.7 novel_accL=61.1 novel_accR=73.9 novel_lbal=67.5
  cy learn w16 t600: => SDLAB diff=cyclic rule=samediff mode=learn seed=16 trialseed=600 train_accL=53.6 train_accR=68.2 train_lbal=60.9 novel_accL=39.6 novel_accR=28.8 novel_lbal=34.2
  cy learn w16 t601: => SDLAB diff=cyclic rule=samediff mode=learn seed=16 trialseed=601 train_accL=53.6 train_accR=40.9 train_lbal=47.2 novel_accL=48.9 novel_accR=30.2 novel_lbal=39.6
  cy frozen w16 t600: => SDLAB diff=cyclic rule=samediff mode=frozen seed=16 trialseed=600 train_accL=40.8 train_accR=47.1 train_lbal=43.9 novel_accL=100.0 novel_accR=31.4 novel_lbal=65.7
  cy learn w17 t600: => SDLAB diff=cyclic rule=samediff mode=learn seed=17 trialseed=600 train_accL=100.0 train_accR=0.0 train_lbal=50.0 novel_accL=100.0 novel_accR=0.0 novel_lbal=50.0
  cy learn w17 t601: => SDLAB diff=cyclic rule=samediff mode=learn seed=17 trialseed=601 train_accL=81.7 train_accR=17.5 train_lbal=49.6 novel_accL=75.9 novel_accR=15.2 novel_lbal=45.6
  cy frozen w17 t600: => SDLAB diff=cyclic rule=samediff mode=frozen seed=17 trialseed=600 train_accL=81.7 train_accR=55.0 train_lbal=68.3 novel_accL=55.6 novel_accR=91.3 novel_lbal=73.4
[E126] 전체 루프 종료
=== 종료코드 0 ===
