=== E130 실행: 2026-09-29T14:34:45Z ===
커맨드: bash scripts/e130_main.sh
---
  dv corr learn w10 t600: => [KC발달] env=corr rounds=1000 exposures=200 theta=0.15 items=20 | 일치형 같은 위치 222/400 | 불일치형 같은 위치 247/400 | (호스트 계산 0.555/0.618) || => SDLAB diff=cyclic rule=samediff mode=learn seed=10 trialseed=600 train_accL=100.0 train_accR=100.0 train_lbal=100.0 novel_accL=100.0 novel_accR=74.0 novel_lbal=87.0
  dv corr learn w10 t601: => [KC발달] env=corr rounds=1000 exposures=200 theta=0.15 items=20 | 일치형 같은 위치 222/400 | 불일치형 같은 위치 247/400 | (호스트 계산 0.555/0.618) || => SDLAB diff=cyclic rule=samediff mode=learn seed=10 trialseed=601 train_accL=100.0 train_accR=100.0 train_lbal=100.0 novel_accL=100.0 novel_accR=74.0 novel_lbal=87.0
  dv indep learn w10 t600: => [KC발달] env=indep rounds=1000 exposures=200 theta=0.15 items=20 | 일치형 같은 위치 6/400 | 불일치형 같은 위치 11/400 | (호스트 계산 0.015/0.028) || => SDLAB diff=cyclic rule=samediff mode=learn seed=10 trialseed=600 train_accL=100.0 train_accR=56.0 train_lbal=78.0 novel_accL=100.0 novel_accR=26.0 novel_lbal=63.0
  dv indep learn w10 t601: => [KC발달] env=indep rounds=1000 exposures=200 theta=0.15 items=20 | 일치형 같은 위치 6/400 | 불일치형 같은 위치 11/400 | (호스트 계산 0.015/0.028) || => SDLAB diff=cyclic rule=samediff mode=learn seed=10 trialseed=601 train_accL=100.0 train_accR=54.0 train_lbal=77.0 novel_accL=100.0 novel_accR=32.0 novel_lbal=66.0
  dv corr frozen w10 t600: => [KC발달] env=corr rounds=1000 exposures=200 theta=0.15 items=20 | 일치형 같은 위치 222/400 | 불일치형 같은 위치 247/400 | (호스트 계산 0.555/0.618) || => SDLAB diff=cyclic rule=samediff mode=frozen seed=10 trialseed=600 train_accL=40.0 train_accR=46.0 train_lbal=43.0 novel_accL=70.0 novel_accR=66.0 novel_lbal=68.0
  dv corr learn w11 t600: => [KC발달] env=corr rounds=1000 exposures=200 theta=0.15 items=20 | 일치형 같은 위치 182/400 | 불일치형 같은 위치 188/400 | (호스트 계산 0.455/0.470) || => SDLAB diff=cyclic rule=samediff mode=learn seed=11 trialseed=600 train_accL=100.0 train_accR=16.3 train_lbal=58.1 novel_accL=100.0 novel_accR=65.2 novel_lbal=82.6
  dv corr learn w11 t601: => [KC발달] env=corr rounds=1000 exposures=200 theta=0.15 items=20 | 일치형 같은 위치 182/400 | 불일치형 같은 위치 188/400 | (호스트 계산 0.455/0.470) || => SDLAB diff=cyclic rule=samediff mode=learn seed=11 trialseed=601 train_accL=100.0 train_accR=16.3 train_lbal=58.1 novel_accL=100.0 novel_accR=86.4 novel_lbal=93.2
  dv indep learn w11 t600: => [KC발달] env=indep rounds=1000 exposures=200 theta=0.15 items=20 | 일치형 같은 위치 4/400 | 불일치형 같은 위치 7/400 | (호스트 계산 0.010/0.018) || => SDLAB diff=cyclic rule=samediff mode=learn seed=11 trialseed=600 train_accL=47.4 train_accR=100.0 train_lbal=73.7 novel_accL=30.9 novel_accR=88.9 novel_lbal=59.9
  dv indep learn w11 t601: => [KC발달] env=indep rounds=1000 exposures=200 theta=0.15 items=20 | 일치형 같은 위치 4/400 | 불일치형 같은 위치 7/400 | (호스트 계산 0.010/0.018) || => SDLAB diff=cyclic rule=samediff mode=learn seed=11 trialseed=601 train_accL=19.3 train_accR=100.0 train_lbal=59.6 novel_accL=29.6 novel_accR=93.5 novel_lbal=61.6
  dv corr frozen w11 t600: => [KC발달] env=corr rounds=1000 exposures=200 theta=0.15 items=20 | 일치형 같은 위치 182/400 | 불일치형 같은 위치 188/400 | (호스트 계산 0.455/0.470) || => SDLAB diff=cyclic rule=samediff mode=frozen seed=11 trialseed=600 train_accL=49.1 train_accR=16.3 train_lbal=32.7 novel_accL=60.0 novel_accR=46.7 novel_lbal=53.3
  dv corr learn w12 t600: => [KC발달] env=corr rounds=1000 exposures=200 theta=0.15 items=20 | 일치형 같은 위치 209/400 | 불일치형 같은 위치 218/400 | (호스트 계산 0.522/0.545) || => SDLAB diff=cyclic rule=samediff mode=learn seed=12 trialseed=600 train_accL=100.0 train_accR=100.0 train_lbal=100.0 novel_accL=100.0 novel_accR=68.6 novel_lbal=84.3
  dv corr learn w12 t601: => [KC발달] env=corr rounds=1000 exposures=200 theta=0.15 items=20 | 일치형 같은 위치 209/400 | 불일치형 같은 위치 218/400 | (호스트 계산 0.522/0.545) || => SDLAB diff=cyclic rule=samediff mode=learn seed=12 trialseed=601 train_accL=100.0 train_accR=100.0 train_lbal=100.0 novel_accL=100.0 novel_accR=88.2 novel_lbal=94.1
  dv indep learn w12 t600: => [KC발달] env=indep rounds=1000 exposures=200 theta=0.15 items=20 | 일치형 같은 위치 20/400 | 불일치형 같은 위치 12/400 | (호스트 계산 0.050/0.030) || => SDLAB diff=cyclic rule=samediff mode=learn seed=12 trialseed=600 train_accL=100.0 train_accR=56.6 train_lbal=78.3 novel_accL=100.0 novel_accR=21.6 novel_lbal=60.8
  dv indep learn w12 t601: => [KC발달] env=indep rounds=1000 exposures=200 theta=0.15 items=20 | 일치형 같은 위치 20/400 | 불일치형 같은 위치 12/400 | (호스트 계산 0.050/0.030) || => SDLAB diff=cyclic rule=samediff mode=learn seed=12 trialseed=601 train_accL=100.0 train_accR=56.6 train_lbal=78.3 novel_accL=100.0 novel_accR=33.3 novel_lbal=66.7
  dv corr frozen w12 t600: => [KC발달] env=corr rounds=1000 exposures=200 theta=0.15 items=20 | 일치형 같은 위치 209/400 | 불일치형 같은 위치 218/400 | (호스트 계산 0.522/0.545) || => SDLAB diff=cyclic rule=samediff mode=frozen seed=12 trialseed=600 train_accL=31.9 train_accR=79.2 train_lbal=55.6 novel_accL=46.9 novel_accR=31.4 novel_lbal=39.2
  dv corr learn w13 t600: => [KC발달] env=corr rounds=1000 exposures=200 theta=0.15 items=20 | 일치형 같은 위치 251/400 | 불일치형 같은 위치 228/400 | (호스트 계산 0.627/0.570) || => SDLAB diff=cyclic rule=samediff mode=learn seed=13 trialseed=600 train_accL=100.0 train_accR=67.6 train_lbal=83.8 novel_accL=100.0 novel_accR=52.2 novel_lbal=76.1
  dv corr learn w13 t601: => [KC발달] env=corr rounds=1000 exposures=200 theta=0.15 items=20 | 일치형 같은 위치 251/400 | 불일치형 같은 위치 228/400 | (호스트 계산 0.627/0.570) || => SDLAB diff=cyclic rule=samediff mode=learn seed=13 trialseed=601 train_accL=100.0 train_accR=86.5 train_lbal=93.2 novel_accL=100.0 novel_accR=67.4 novel_lbal=83.7
  dv indep learn w13 t600: => [KC발달] env=indep rounds=1000 exposures=200 theta=0.15 items=20 | 일치형 같은 위치 12/400 | 불일치형 같은 위치 14/400 | (호스트 계산 0.030/0.035) || => SDLAB diff=cyclic rule=samediff mode=learn seed=13 trialseed=600 train_accL=66.7 train_accR=32.4 train_lbal=49.5 novel_accL=100.0 novel_accR=39.1 novel_lbal=69.6
  dv indep learn w13 t601: => [KC발달] env=indep rounds=1000 exposures=200 theta=0.15 items=20 | 일치형 같은 위치 12/400 | 불일치형 같은 위치 14/400 | (호스트 계산 0.030/0.035) || => SDLAB diff=cyclic rule=samediff mode=learn seed=13 trialseed=601 train_accL=66.7 train_accR=32.4 train_lbal=49.5 novel_accL=72.2 novel_accR=56.5 novel_lbal=64.4
  dv corr frozen w13 t600: => [KC발달] env=corr rounds=1000 exposures=200 theta=0.15 items=20 | 일치형 같은 위치 251/400 | 불일치형 같은 위치 228/400 | (호스트 계산 0.627/0.570) || => SDLAB diff=cyclic rule=samediff mode=frozen seed=13 trialseed=600 train_accL=71.4 train_accR=56.8 train_lbal=64.1 novel_accL=85.2 novel_accR=32.6 novel_lbal=58.9
  dv corr learn w14 t600: => [KC발달] env=corr rounds=1000 exposures=200 theta=0.15 items=20 | 일치형 같은 위치 210/400 | 불일치형 같은 위치 230/400 | (호스트 계산 0.525/0.575) || => SDLAB diff=cyclic rule=samediff mode=learn seed=14 trialseed=600 train_accL=81.6 train_accR=68.6 train_lbal=75.1 novel_accL=78.4 novel_accR=85.7 novel_lbal=82.1
  dv corr learn w14 t601: => [KC발달] env=corr rounds=1000 exposures=200 theta=0.15 items=20 | 일치형 같은 위치 210/400 | 불일치형 같은 위치 230/400 | (호스트 계산 0.525/0.575) || => SDLAB diff=cyclic rule=samediff mode=learn seed=14 trialseed=601 train_accL=51.0 train_accR=68.6 train_lbal=59.8 novel_accL=78.4 novel_accR=93.9 novel_lbal=86.2
  dv indep learn w14 t600: => [KC발달] env=indep rounds=1000 exposures=200 theta=0.15 items=20 | 일치형 같은 위치 14/400 | 불일치형 같은 위치 14/400 | (호스트 계산 0.035/0.035) || => SDLAB diff=cyclic rule=samediff mode=learn seed=14 trialseed=600 train_accL=100.0 train_accR=54.9 train_lbal=77.5 novel_accL=76.1 novel_accR=48.1 novel_lbal=62.1
  dv indep learn w14 t601: => [KC발달] env=indep rounds=1000 exposures=200 theta=0.15 items=20 | 일치형 같은 위치 14/400 | 불일치형 같은 위치 14/400 | (호스트 계산 0.035/0.035) || => SDLAB diff=cyclic rule=samediff mode=learn seed=14 trialseed=601 train_accL=69.4 train_accR=100.0 train_lbal=84.7 novel_accL=47.1 novel_accR=85.7 novel_lbal=66.4
  dv corr frozen w14 t600: => [KC발달] env=corr rounds=1000 exposures=200 theta=0.15 items=20 | 일치형 같은 위치 210/400 | 불일치형 같은 위치 230/400 | (호스트 계산 0.525/0.575) || => SDLAB diff=cyclic rule=samediff mode=frozen seed=14 trialseed=600 train_accL=30.6 train_accR=51.0 train_lbal=40.8 novel_accL=51.0 novel_accR=61.2 novel_lbal=56.1
  dv corr learn w15 t600: => [KC발달] env=corr rounds=1000 exposures=200 theta=0.15 items=20 | 일치형 같은 위치 216/400 | 불일치형 같은 위치 213/400 | (호스트 계산 0.540/0.532) || => SDLAB diff=cyclic rule=samediff mode=learn seed=15 trialseed=600 train_accL=100.0 train_accR=100.0 train_lbal=100.0 novel_accL=55.6 novel_accR=95.7 novel_lbal=75.6
  dv corr learn w15 t601: => [KC발달] env=corr rounds=1000 exposures=200 theta=0.15 items=20 | 일치형 같은 위치 216/400 | 불일치형 같은 위치 213/400 | (호스트 계산 0.540/0.532) || => SDLAB diff=cyclic rule=samediff mode=learn seed=15 trialseed=601 train_accL=100.0 train_accR=100.0 train_lbal=100.0 novel_accL=38.9 novel_accR=100.0 novel_lbal=69.4
  dv indep learn w15 t600: => [KC발달] env=indep rounds=1000 exposures=200 theta=0.15 items=20 | 일치형 같은 위치 12/400 | 불일치형 같은 위치 9/400 | (호스트 계산 0.030/0.022) || => SDLAB diff=cyclic rule=samediff mode=learn seed=15 trialseed=600 train_accL=25.0 train_accR=100.0 train_lbal=62.5 novel_accL=38.9 novel_accR=100.0 novel_lbal=69.4
  dv indep learn w15 t601: => [KC발달] env=indep rounds=1000 exposures=200 theta=0.15 items=20 | 일치형 같은 위치 12/400 | 불일치형 같은 위치 9/400 | (호스트 계산 0.030/0.022) || => SDLAB diff=cyclic rule=samediff mode=learn seed=15 trialseed=601 train_accL=25.0 train_accR=100.0 train_lbal=62.5 novel_accL=38.9 novel_accR=100.0 novel_lbal=69.4
  dv corr frozen w15 t600: => [KC발달] env=corr rounds=1000 exposures=200 theta=0.15 items=20 | 일치형 같은 위치 216/400 | 불일치형 같은 위치 213/400 | (호스트 계산 0.540/0.532) || => SDLAB diff=cyclic rule=samediff mode=frozen seed=15 trialseed=600 train_accL=0.0 train_accR=100.0 train_lbal=50.0 novel_accL=55.6 novel_accR=50.0 novel_lbal=52.8
  dv corr learn w16 t600: => [KC발달] env=corr rounds=1000 exposures=200 theta=0.15 items=20 | 일치형 같은 위치 201/400 | 불일치형 같은 위치 206/400 | (호스트 계산 0.502/0.515) || => SDLAB diff=cyclic rule=samediff mode=learn seed=16 trialseed=600 train_accL=100.0 train_accR=100.0 train_lbal=100.0 novel_accL=100.0 novel_accR=73.1 novel_lbal=86.5
  dv corr learn w16 t601: => [KC발달] env=corr rounds=1000 exposures=200 theta=0.15 items=20 | 일치형 같은 위치 201/400 | 불일치형 같은 위치 206/400 | (호스트 계산 0.502/0.515) || => SDLAB diff=cyclic rule=samediff mode=learn seed=16 trialseed=601 train_accL=100.0 train_accR=100.0 train_lbal=100.0 novel_accL=100.0 novel_accR=86.5 novel_lbal=93.3
  dv indep learn w16 t600: => [KC발달] env=indep rounds=1000 exposures=200 theta=0.15 items=20 | 일치형 같은 위치 12/400 | 불일치형 같은 위치 8/400 | (호스트 계산 0.030/0.020) || => SDLAB diff=cyclic rule=samediff mode=learn seed=16 trialseed=600 train_accL=23.2 train_accR=100.0 train_lbal=61.6 novel_accL=0.0 novel_accR=53.8 novel_lbal=26.9
  dv indep learn w16 t601: => [KC발달] env=indep rounds=1000 exposures=200 theta=0.15 items=20 | 일치형 같은 위치 12/400 | 불일치형 같은 위치 8/400 | (호스트 계산 0.030/0.020) || => SDLAB diff=cyclic rule=samediff mode=learn seed=16 trialseed=601 train_accL=44.6 train_accR=77.3 train_lbal=61.0 novel_accL=30.0 novel_accR=50.0 novel_lbal=40.0
  dv corr frozen w16 t600: => [KC발달] env=corr rounds=1000 exposures=200 theta=0.15 items=20 | 일치형 같은 위치 201/400 | 불일치형 같은 위치 206/400 | (호스트 계산 0.502/0.515) || => SDLAB diff=cyclic rule=samediff mode=frozen seed=16 trialseed=600 train_accL=23.2 train_accR=68.2 train_lbal=45.7 novel_accL=72.9 novel_accR=23.1 novel_lbal=48.0
  dv corr learn w17 t600: => [KC발달] env=corr rounds=1000 exposures=200 theta=0.15 items=20 | 일치형 같은 위치 150/400 | 불일치형 같은 위치 147/400 | (호스트 계산 0.375/0.367) || => SDLAB diff=cyclic rule=samediff mode=learn seed=17 trialseed=600 train_accL=100.0 train_accR=72.5 train_lbal=86.2 novel_accL=100.0 novel_accR=84.4 novel_lbal=92.2
  dv corr learn w17 t601: => [KC발달] env=corr rounds=1000 exposures=200 theta=0.15 items=20 | 일치형 같은 위치 150/400 | 불일치형 같은 위치 147/400 | (호스트 계산 0.375/0.367) || => SDLAB diff=cyclic rule=samediff mode=learn seed=17 trialseed=601 train_accL=100.0 train_accR=100.0 train_lbal=100.0 novel_accL=68.5 novel_accR=89.1 novel_lbal=78.8
  dv indep learn w17 t600: => [KC발달] env=indep rounds=1000 exposures=200 theta=0.15 items=20 | 일치형 같은 위치 9/400 | 불일치형 같은 위치 13/400 | (호스트 계산 0.022/0.033) || => SDLAB diff=cyclic rule=samediff mode=learn seed=17 trialseed=600 train_accL=41.7 train_accR=90.0 train_lbal=65.8 novel_accL=46.3 novel_accR=41.3 novel_lbal=43.8
  dv indep learn w17 t601: => [KC발달] env=indep rounds=1000 exposures=200 theta=0.15 items=20 | 일치형 같은 위치 9/400 | 불일치형 같은 위치 13/400 | (호스트 계산 0.022/0.033) || => SDLAB diff=cyclic rule=samediff mode=learn seed=17 trialseed=601 train_accL=66.7 train_accR=100.0 train_lbal=83.3 novel_accL=44.4 novel_accR=28.3 novel_lbal=36.4
  dv corr frozen w17 t600: => [KC발달] env=corr rounds=1000 exposures=200 theta=0.15 items=20 | 일치형 같은 위치 150/400 | 불일치형 같은 위치 147/400 | (호스트 계산 0.375/0.367) || => SDLAB diff=cyclic rule=samediff mode=frozen seed=17 trialseed=600 train_accL=66.7 train_accR=62.5 train_lbal=64.6 novel_accL=55.6 novel_accR=63.0 novel_lbal=59.3
[E130] 전체 루프 종료
=== 종료코드 0 ===
