=== E131 실행: 2026-09-29T15:16:09Z ===
커맨드: bash scripts/e131_main.sh
---
  dv corr learn w20 t600: => [KC발달] env=corr rounds=1000 exposures=200 theta=0.15 items=20 | 일치형 같은 위치 237/400 | 불일치형 같은 위치 239/400 | (호스트 계산 0.593/0.598) || => SDLAB diff=cyclic rule=samediff mode=learn seed=20 trialseed=600 train_accL=100.0 train_accR=100.0 train_lbal=100.0 novel_accL=100.0 novel_accR=76.3 novel_lbal=88.1
  dv corr learn w20 t601: => [KC발달] env=corr rounds=1000 exposures=200 theta=0.15 items=20 | 일치형 같은 위치 237/400 | 불일치형 같은 위치 239/400 | (호스트 계산 0.593/0.598) || => SDLAB diff=cyclic rule=samediff mode=learn seed=20 trialseed=601 train_accL=75.0 train_accR=100.0 train_lbal=87.5 novel_accL=100.0 novel_accR=76.3 novel_lbal=88.1
  dv indep learn w20 t600: => [KC발달] env=indep rounds=1000 exposures=200 theta=0.15 items=20 | 일치형 같은 위치 13/400 | 불일치형 같은 위치 6/400 | (호스트 계산 0.033/0.015) || => SDLAB diff=cyclic rule=samediff mode=learn seed=20 trialseed=600 train_accL=78.8 train_accR=79.2 train_lbal=79.0 novel_accL=35.9 novel_accR=70.5 novel_lbal=53.2
  dv indep learn w20 t601: => [KC발달] env=indep rounds=1000 exposures=200 theta=0.15 items=20 | 일치형 같은 위치 13/400 | 불일치형 같은 위치 6/400 | (호스트 계산 0.033/0.015) || => SDLAB diff=cyclic rule=samediff mode=learn seed=20 trialseed=601 train_accL=72.2 train_accR=87.0 train_lbal=79.6 novel_accL=22.5 novel_accR=78.3 novel_lbal=50.4
  dv corr frozen w20 t600: => [KC발달] env=corr rounds=1000 exposures=200 theta=0.15 items=20 | 일치형 같은 위치 237/400 | 불일치형 같은 위치 239/400 | (호스트 계산 0.593/0.598) || => SDLAB diff=cyclic rule=samediff mode=frozen seed=20 trialseed=600 train_accL=0.0 train_accR=55.3 train_lbal=27.7 novel_accL=19.5 novel_accR=27.1 novel_lbal=23.3
  dv corr learn w21 t600: => [KC발달] env=corr rounds=1000 exposures=200 theta=0.15 items=20 | 일치형 같은 위치 191/400 | 불일치형 같은 위치 190/400 | (호스트 계산 0.477/0.475) || => SDLAB diff=cyclic rule=samediff mode=learn seed=21 trialseed=600 train_accL=72.3 train_accR=100.0 train_lbal=86.2 novel_accL=100.0 novel_accR=96.1 novel_lbal=98.0
  dv corr learn w21 t601: => [KC발달] env=corr rounds=1000 exposures=200 theta=0.15 items=20 | 일치형 같은 위치 191/400 | 불일치형 같은 위치 190/400 | (호스트 계산 0.477/0.475) || => SDLAB diff=cyclic rule=samediff mode=learn seed=21 trialseed=601 train_accL=34.0 train_accR=100.0 train_lbal=67.0 novel_accL=55.1 novel_accR=100.0 novel_lbal=77.6
  dv indep learn w21 t600: => [KC발달] env=indep rounds=1000 exposures=200 theta=0.15 items=20 | 일치형 같은 위치 12/400 | 불일치형 같은 위치 14/400 | (호스트 계산 0.030/0.035) || => SDLAB diff=cyclic rule=samediff mode=learn seed=21 trialseed=600 train_accL=34.0 train_accR=50.9 train_lbal=42.5 novel_accL=87.8 novel_accR=62.7 novel_lbal=75.3
  dv indep learn w21 t601: => [KC발달] env=indep rounds=1000 exposures=200 theta=0.15 items=20 | 일치형 같은 위치 12/400 | 불일치형 같은 위치 14/400 | (호스트 계산 0.030/0.035) || => SDLAB diff=cyclic rule=samediff mode=learn seed=21 trialseed=601 train_accL=17.0 train_accR=100.0 train_lbal=58.5 novel_accL=0.0 novel_accR=100.0 novel_lbal=50.0
  dv corr frozen w21 t600: => [KC발달] env=corr rounds=1000 exposures=200 theta=0.15 items=20 | 일치형 같은 위치 191/400 | 불일치형 같은 위치 190/400 | (호스트 계산 0.477/0.475) || => SDLAB diff=cyclic rule=samediff mode=frozen seed=21 trialseed=600 train_accL=17.0 train_accR=69.8 train_lbal=43.4 novel_accL=100.0 novel_accR=84.3 novel_lbal=92.2
  dv corr learn w22 t600: => [KC발달] env=corr rounds=1000 exposures=200 theta=0.15 items=20 | 일치형 같은 위치 337/400 | 불일치형 같은 위치 340/400 | (호스트 계산 0.843/0.850) || => SDLAB diff=cyclic rule=samediff mode=learn seed=22 trialseed=600 train_accL=100.0 train_accR=18.8 train_lbal=59.4 novel_accL=100.0 novel_accR=50.0 novel_lbal=75.0
  dv corr learn w22 t601: => [KC발달] env=corr rounds=1000 exposures=200 theta=0.15 items=20 | 일치형 같은 위치 337/400 | 불일치형 같은 위치 340/400 | (호스트 계산 0.843/0.850) || => SDLAB diff=cyclic rule=samediff mode=learn seed=22 trialseed=601 train_accL=100.0 train_accR=18.8 train_lbal=59.4 novel_accL=100.0 novel_accR=50.0 novel_lbal=75.0
  dv indep learn w22 t600: => [KC발달] env=indep rounds=1000 exposures=200 theta=0.15 items=20 | 일치형 같은 위치 17/400 | 불일치형 같은 위치 8/400 | (호스트 계산 0.043/0.020) || => SDLAB diff=cyclic rule=samediff mode=learn seed=22 trialseed=600 train_accL=100.0 train_accR=47.9 train_lbal=74.0 novel_accL=100.0 novel_accR=30.0 novel_lbal=65.0
  dv indep learn w22 t601: => [KC발달] env=indep rounds=1000 exposures=200 theta=0.15 items=20 | 일치형 같은 위치 17/400 | 불일치형 같은 위치 8/400 | (호스트 계산 0.043/0.020) || => SDLAB diff=cyclic rule=samediff mode=learn seed=22 trialseed=601 train_accL=78.8 train_accR=100.0 train_lbal=89.4 novel_accL=64.4 novel_accR=34.1 novel_lbal=49.3
  dv corr frozen w22 t600: => [KC발달] env=corr rounds=1000 exposures=200 theta=0.15 items=20 | 일치형 같은 위치 337/400 | 불일치형 같은 위치 340/400 | (호스트 계산 0.843/0.850) || => SDLAB diff=cyclic rule=samediff mode=frozen seed=22 trialseed=600 train_accL=100.0 train_accR=18.8 train_lbal=59.4 novel_accL=65.0 novel_accR=60.0 novel_lbal=62.5
  dv corr learn w23 t600: => [KC발달] env=corr rounds=1000 exposures=200 theta=0.15 items=20 | 일치형 같은 위치 206/400 | 불일치형 같은 위치 168/400 | (호스트 계산 0.515/0.420) || => SDLAB diff=cyclic rule=samediff mode=learn seed=23 trialseed=600 train_accL=100.0 train_accR=49.0 train_lbal=74.5 novel_accL=100.0 novel_accR=57.1 novel_lbal=78.6
  dv corr learn w23 t601: => [KC발달] env=corr rounds=1000 exposures=200 theta=0.15 items=20 | 일치형 같은 위치 206/400 | 불일치형 같은 위치 168/400 | (호스트 계산 0.515/0.420) || => SDLAB diff=cyclic rule=samediff mode=learn seed=23 trialseed=601 train_accL=47.1 train_accR=49.0 train_lbal=48.0 novel_accL=100.0 novel_accR=75.9 novel_lbal=87.9
  dv indep learn w23 t600: => [KC발달] env=indep rounds=1000 exposures=200 theta=0.15 items=20 | 일치형 같은 위치 11/400 | 불일치형 같은 위치 14/400 | (호스트 계산 0.028/0.035) || => SDLAB diff=cyclic rule=samediff mode=learn seed=23 trialseed=600 train_accL=64.7 train_accR=40.8 train_lbal=52.8 novel_accL=70.0 novel_accR=48.0 novel_lbal=59.0
  dv indep learn w23 t601: => [KC발달] env=indep rounds=1000 exposures=200 theta=0.15 items=20 | 일치형 같은 위치 11/400 | 불일치형 같은 위치 14/400 | (호스트 계산 0.028/0.035) || => SDLAB diff=cyclic rule=samediff mode=learn seed=23 trialseed=601 train_accL=47.1 train_accR=69.4 train_lbal=58.2 novel_accL=21.4 novel_accR=77.6 novel_lbal=49.5
  dv corr frozen w23 t600: => [KC발달] env=corr rounds=1000 exposures=200 theta=0.15 items=20 | 일치형 같은 위치 206/400 | 불일치형 같은 위치 168/400 | (호스트 계산 0.515/0.420) || => SDLAB diff=cyclic rule=samediff mode=frozen seed=23 trialseed=600 train_accL=47.1 train_accR=49.0 train_lbal=48.0 novel_accL=21.4 novel_accR=32.8 novel_lbal=27.1
  dv corr learn w24 t600: => [KC발달] env=corr rounds=1000 exposures=200 theta=0.15 items=20 | 일치형 같은 위치 238/400 | 불일치형 같은 위치 244/400 | (호스트 계산 0.595/0.610) || => SDLAB diff=cyclic rule=samediff mode=learn seed=24 trialseed=600 train_accL=100.0 train_accR=86.3 train_lbal=93.1 novel_accL=100.0 novel_accR=63.8 novel_lbal=81.9
  dv corr learn w24 t601: => [KC발달] env=corr rounds=1000 exposures=200 theta=0.15 items=20 | 일치형 같은 위치 238/400 | 불일치형 같은 위치 244/400 | (호스트 계산 0.595/0.610) || => SDLAB diff=cyclic rule=samediff mode=learn seed=24 trialseed=601 train_accL=100.0 train_accR=100.0 train_lbal=100.0 novel_accL=94.4 novel_accR=57.8 novel_lbal=76.1
  dv indep learn w24 t600: => [KC발달] env=indep rounds=1000 exposures=200 theta=0.15 items=20 | 일치형 같은 위치 7/400 | 불일치형 같은 위치 9/400 | (호스트 계산 0.018/0.022) || => SDLAB diff=cyclic rule=samediff mode=learn seed=24 trialseed=600 train_accL=100.0 train_accR=39.2 train_lbal=69.6 novel_accL=17.1 novel_accR=50.8 novel_lbal=34.0
  dv indep learn w24 t601: => [KC발달] env=indep rounds=1000 exposures=200 theta=0.15 items=20 | 일치형 같은 위치 7/400 | 불일치형 같은 위치 9/400 | (호스트 계산 0.018/0.022) || => SDLAB diff=cyclic rule=samediff mode=learn seed=24 trialseed=601 train_accL=100.0 train_accR=53.2 train_lbal=76.6 novel_accL=17.9 novel_accR=57.4 novel_lbal=37.7
  dv corr frozen w24 t600: => [KC발달] env=corr rounds=1000 exposures=200 theta=0.15 items=20 | 일치형 같은 위치 238/400 | 불일치형 같은 위치 244/400 | (호스트 계산 0.595/0.610) || => SDLAB diff=cyclic rule=samediff mode=frozen seed=24 trialseed=600 train_accL=24.5 train_accR=53.2 train_lbal=38.9 novel_accL=64.1 novel_accR=32.8 novel_lbal=48.4
  dv corr learn w25 t600: => [KC발달] env=corr rounds=1000 exposures=200 theta=0.15 items=20 | 일치형 같은 위치 217/400 | 불일치형 같은 위치 212/400 | (호스트 계산 0.542/0.530) || => SDLAB diff=cyclic rule=samediff mode=learn seed=25 trialseed=600 train_accL=100.0 train_accR=100.0 train_lbal=100.0 novel_accL=100.0 novel_accR=41.8 novel_lbal=70.9
  dv corr learn w25 t601: => [KC발달] env=corr rounds=1000 exposures=200 theta=0.15 items=20 | 일치형 같은 위치 217/400 | 불일치형 같은 위치 212/400 | (호스트 계산 0.542/0.530) || => SDLAB diff=cyclic rule=samediff mode=learn seed=25 trialseed=601 train_accL=49.0 train_accR=100.0 train_lbal=74.5 novel_accL=100.0 novel_accR=63.6 novel_lbal=81.8
  dv indep learn w25 t600: => [KC발달] env=indep rounds=1000 exposures=200 theta=0.15 items=20 | 일치형 같은 위치 16/400 | 불일치형 같은 위치 22/400 | (호스트 계산 0.040/0.055) || => SDLAB diff=cyclic rule=samediff mode=learn seed=25 trialseed=600 train_accL=0.0 train_accR=100.0 train_lbal=50.0 novel_accL=43.5 novel_accR=63.0 novel_lbal=53.2
  dv indep learn w25 t601: => [KC발달] env=indep rounds=1000 exposures=200 theta=0.15 items=20 | 일치형 같은 위치 16/400 | 불일치형 같은 위치 22/400 | (호스트 계산 0.040/0.055) || => SDLAB diff=cyclic rule=samediff mode=learn seed=25 trialseed=601 train_accL=0.0 train_accR=100.0 train_lbal=50.0 novel_accL=22.2 novel_accR=76.4 novel_lbal=49.3
  dv corr frozen w25 t600: => [KC발달] env=corr rounds=1000 exposures=200 theta=0.15 items=20 | 일치형 같은 위치 217/400 | 불일치형 같은 위치 212/400 | (호스트 계산 0.542/0.530) || => SDLAB diff=cyclic rule=samediff mode=frozen seed=25 trialseed=600 train_accL=0.0 train_accR=100.0 train_lbal=50.0 novel_accL=60.0 novel_accR=63.6 novel_lbal=61.8
  dv corr learn w26 t600: => [KC발달] env=corr rounds=1000 exposures=200 theta=0.15 items=20 | 일치형 같은 위치 251/400 | 불일치형 같은 위치 219/400 | (호스트 계산 0.627/0.547) || => SDLAB diff=cyclic rule=samediff mode=learn seed=26 trialseed=600 train_accL=100.0 train_accR=45.3 train_lbal=72.6 novel_accL=100.0 novel_accR=19.6 novel_lbal=59.8
  dv corr learn w26 t601: => [KC발달] env=corr rounds=1000 exposures=200 theta=0.15 items=20 | 일치형 같은 위치 251/400 | 불일치형 같은 위치 219/400 | (호스트 계산 0.627/0.547) || => SDLAB diff=cyclic rule=samediff mode=learn seed=26 trialseed=601 train_accL=100.0 train_accR=24.5 train_lbal=62.3 novel_accL=100.0 novel_accR=8.9 novel_lbal=54.5
  dv indep learn w26 t600: => [KC발달] env=indep rounds=1000 exposures=200 theta=0.15 items=20 | 일치형 같은 위치 8/400 | 불일치형 같은 위치 10/400 | (호스트 계산 0.020/0.025) || => SDLAB diff=cyclic rule=samediff mode=learn seed=26 trialseed=600 train_accL=100.0 train_accR=100.0 train_lbal=100.0 novel_accL=100.0 novel_accR=41.1 novel_lbal=70.5
  dv indep learn w26 t601: => [KC발달] env=indep rounds=1000 exposures=200 theta=0.15 items=20 | 일치형 같은 위치 8/400 | 불일치형 같은 위치 10/400 | (호스트 계산 0.020/0.025) || => SDLAB diff=cyclic rule=samediff mode=learn seed=26 trialseed=601 train_accL=76.6 train_accR=100.0 train_lbal=88.3 novel_accL=100.0 novel_accR=41.1 novel_lbal=70.5
  dv corr frozen w26 t600: => [KC발달] env=corr rounds=1000 exposures=200 theta=0.15 items=20 | 일치형 같은 위치 251/400 | 불일치형 같은 위치 219/400 | (호스트 계산 0.627/0.547) || => SDLAB diff=cyclic rule=samediff mode=frozen seed=26 trialseed=600 train_accL=76.6 train_accR=24.5 train_lbal=50.6 novel_accL=18.2 novel_accR=14.3 novel_lbal=16.2
  dv corr learn w27 t600: => [KC발달] env=corr rounds=1000 exposures=200 theta=0.15 items=20 | 일치형 같은 위치 172/400 | 불일치형 같은 위치 182/400 | (호스트 계산 0.430/0.455) || => SDLAB diff=cyclic rule=samediff mode=learn seed=27 trialseed=600 train_accL=17.3 train_accR=100.0 train_lbal=58.7 novel_accL=88.0 novel_accR=56.0 novel_lbal=72.0
  dv corr learn w27 t601: => [KC발달] env=corr rounds=1000 exposures=200 theta=0.15 items=20 | 일치형 같은 위치 172/400 | 불일치형 같은 위치 182/400 | (호스트 계산 0.430/0.455) || => SDLAB diff=cyclic rule=samediff mode=learn seed=27 trialseed=601 train_accL=0.0 train_accR=100.0 train_lbal=50.0 novel_accL=29.8 novel_accR=96.2 novel_lbal=63.0
  dv indep learn w27 t600: => [KC발달] env=indep rounds=1000 exposures=200 theta=0.15 items=20 | 일치형 같은 위치 5/400 | 불일치형 같은 위치 14/400 | (호스트 계산 0.013/0.035) || => SDLAB diff=cyclic rule=samediff mode=learn seed=27 trialseed=600 train_accL=0.0 train_accR=100.0 train_lbal=50.0 novel_accL=31.9 novel_accR=86.8 novel_lbal=59.4
  dv indep learn w27 t601: => [KC발달] env=indep rounds=1000 exposures=200 theta=0.15 items=20 | 일치형 같은 위치 5/400 | 불일치형 같은 위치 14/400 | (호스트 계산 0.013/0.035) || => SDLAB diff=cyclic rule=samediff mode=learn seed=27 trialseed=601 train_accL=0.0 train_accR=100.0 train_lbal=50.0 novel_accL=0.0 novel_accR=86.8 novel_lbal=43.4
  dv corr frozen w27 t600: => [KC발달] env=corr rounds=1000 exposures=200 theta=0.15 items=20 | 일치형 같은 위치 172/400 | 불일치형 같은 위치 182/400 | (호스트 계산 0.430/0.455) || => SDLAB diff=cyclic rule=samediff mode=frozen seed=27 trialseed=600 train_accL=6.0 train_accR=72.0 train_lbal=39.0 novel_accL=83.0 novel_accR=43.4 novel_lbal=63.2
[E131] 전체 루프 종료
=== 종료코드 0 ===
