=== E138 실행: 2026-10-02T14:33:17Z ===
커맨드: bash scripts/e138_main.sh
---
  e138 b10 kcrate: => KCRATE kc_l | 좌선택 147 우선택 7 비선택 33 무활동 2813 | 희석 0.094 | ≥1스파이크 좌전용 68 우전용 0 공유 119 무반응 2813 | 여유합 +973398.1 몫 좌선택 1.016 우선택 -0.002 비선택 -0.014 | θ0.3 선택 157 θ0.7 선택 151 | 제시 스파이크 49949 기준선(제시창) 평균 0.0557 | KC별 ΔS 좌선택(→L +670.1 →R +5164.1) 우선택(→L +417.1 →R +1651.8) 비선택(→L +278.1 →R +1441.7) || KCRATE kc_r | 좌선택 10 우선택 140 비선택 25 무활동 2825 | 희석 0.065 | ≥1스파이크 좌전용 1 우전용 54 공유 120 무반응 2825 | 여유합 +983132.5 몫 좌선택 -0.009 우선택 1.022 비선택 -0.013 | θ0.3 선택 153 θ0.7 선택 145 | 제시 스파이크 48579 기준선(제시창) 평균 0.0546 | KC별 ΔS 좌선택(→L +2730.1 →R +1326.4) 우선택(→L +2782.5 →R -1850.2) 비선택(→L +1671.7 →R +299.6)
  e138 b10 none: => DECOMP mode=none mod=+0.0195 acc=7.0 off=+0.0217 pushed=0 kc_means[kc_l>l=nan kc_l>r=nan kc_r>l=nan kc_r>r=nan]
  e138 b10 all: => DECOMP mode=all mod=-0.0838 acc=50.0 off=+0.0250 pushed=8 kc_means[kc_l>l=150.3016 kc_l>r=152.1891 kc_r>l=151.2080 kc_r>r=149.3712]
  e138 b10 kc_only: => DECOMP mode=kc_only mod=-0.1034 acc=99.0 off=+0.0201 pushed=4 kc_means[kc_l>l=150.3016 kc_l>r=152.1891 kc_r>l=151.2080 kc_r>r=149.3712]
  e138 b10 kcpop: => DECOMP mode=kcpop mod=-0.5449 acc=100.0 off=+0.0446 pushed=4 kc_means[kc_l>l=0.0000 kc_l>r=300.0000 kc_r>l=300.0000 kc_r>r=0.0000]
  e138 b10 kcsel: => DECOMP mode=kcsel mod=-0.5652 acc=100.0 off=+0.0269 pushed=4 kc_means[kc_l>l=142.9983 kc_l>r=157.1039 kc_r>l=156.4583 kc_r>r=143.5749] || [E138] kcsel: 선택 KC kc_l 좌 147 우 7 / kc_r 좌 10 우 140 (wmax 300, init 150)
  e138 b10 kcselonly: => DECOMP mode=kcselonly mod=-0.1040 acc=99.0 off=+0.0198 pushed=4 kc_means[kc_l>l=150.2705 kc_l>r=152.0602 kc_r>l=151.1111 kc_r>r=149.3438] || [E138] kcselonly: 선택 KC kc_l 좌 147 우 7 / kc_r 좌 10 우 140 (wmax 300, init 150)
  e138 b11 kcrate: => KCRATE kc_l | 좌선택 145 우선택 6 비선택 21 무활동 2828 | 희석 0.060 | ≥1스파이크 좌전용 55 우전용 0 공유 117 무반응 2828 | 여유합 +754403.9 몫 좌선택 1.026 우선택 -0.011 비선택 -0.014 | θ0.3 선택 155 θ0.7 선택 149 | 제시 스파이크 50212 기준선(제시창) 평균 0.0573 | KC별 ΔS 좌선택(→L +1226.1 →R +4957.7) 우선택(→L +2284.3 →R +4760.1) 비선택(→L +1746.8 →R +2880.5) || KCRATE kc_r | 좌선택 7 우선택 138 비선택 27 무활동 2828 | 희석 0.080 | ≥1스파이크 좌전용 0 우전용 58 공유 114 무반응 2828 | 여유합 +694950.7 몫 좌선택 -0.003 우선택 1.025 비선택 -0.022 | θ0.3 선택 145 θ0.7 선택 142 | 제시 스파이크 48164 기준선(제시창) 평균 0.0547 | KC별 ΔS 좌선택(→L +3624.3 →R +2180.4) 우선택(→L +6614.0 →R +2956.3) 비선택(→L +2313.9 →R +1132.1)
  e138 b11 none: => DECOMP mode=none mod=+0.0150 acc=10.0 off=-0.0191 pushed=0 kc_means[kc_l>l=nan kc_l>r=nan kc_r>l=nan kc_r>r=nan]
  e138 b11 all: => DECOMP mode=all mod=-0.0574 acc=57.0 off=-0.0000 pushed=8 kc_means[kc_l>l=150.6208 kc_l>r=152.1570 kc_r>l=152.6518 kc_r>r=151.2279]
  e138 b11 kc_only: => DECOMP mode=kc_only mod=-0.0701 acc=74.0 off=-0.0002 pushed=4 kc_means[kc_l>l=150.6208 kc_l>r=152.1570 kc_r>l=152.6518 kc_r>r=151.2279]
  e138 b11 kcpop: => DECOMP mode=kcpop mod=-0.5377 acc=100.0 off=+0.0195 pushed=4 kc_means[kc_l>l=0.0000 kc_l>r=300.0000 kc_r>l=300.0000 kc_r>r=0.0000]
  e138 b11 kcsel: => DECOMP mode=kcsel mod=-0.5558 acc=100.0 off=+0.0262 pushed=4 kc_means[kc_l>l=142.9538 kc_l>r=157.0424 kc_r>l=156.5293 kc_r>r=143.5011] || [E138] kcsel: 선택 KC kc_l 좌 145 우 6 / kc_r 좌 7 우 138 (wmax 300, init 150)
  e138 b11 kcselonly: => DECOMP mode=kcselonly mod=-0.0702 acc=73.0 off=-0.0005 pushed=4 kc_means[kc_l>l=150.5107 kc_l>r=151.9959 kc_r>l=152.4998 kc_r>r=151.1272] || [E138] kcselonly: 선택 KC kc_l 좌 145 우 6 / kc_r 좌 7 우 138 (wmax 300, init 150)
  e138 b12 kcrate: => KCRATE kc_l | 좌선택 133 우선택 5 비선택 21 무활동 2841 | 희석 0.054 | ≥1스파이크 좌전용 49 우전용 0 공유 110 무반응 2841 | 여유합 +658765.2 몫 좌선택 1.021 우선택 -0.005 비선택 -0.016 | θ0.3 선택 139 θ0.7 선택 136 | 제시 스파이크 51721 기준선(제시창) 평균 0.0587 | KC별 ΔS 좌선택(→L +1817.4 →R +5000.6) 우선택(→L +3094.3 →R +4886.0) 비선택(→L +1502.5 →R +2713.4) || KCRATE kc_r | 좌선택 6 우선택 125 비선택 33 무활동 2836 | 희석 0.103 | ≥1스파이크 좌전용 0 우전용 34 공유 130 무반응 2836 | 여유합 +631712.2 몫 좌선택 -0.006 우선택 1.024 비선택 -0.018 | θ0.3 선택 133 θ0.7 선택 126 | 제시 스파이크 49445 기준선(제시창) 평균 0.0557 | KC별 ΔS 좌선택(→L +3191.1 →R +1360.6) 우선택(→L +6670.7 →R +3430.6) 비선택(→L +3052.3 →R +1632.7)
  e138 b12 none: => DECOMP mode=none mod=+0.0262 acc=5.0 off=-0.0132 pushed=0 kc_means[kc_l>l=nan kc_l>r=nan kc_r>l=nan kc_r>r=nan]
  e138 b12 all: => DECOMP mode=all mod=-0.0428 acc=50.0 off=-0.0021 pushed=8 kc_means[kc_l>l=150.7863 kc_l>r=151.9815 kc_r>l=152.5461 kc_r>r=151.3402]
  e138 b12 kc_only: => DECOMP mode=kc_only mod=-0.0507 acc=67.0 off=-0.0001 pushed=4 kc_means[kc_l>l=150.7863 kc_l>r=151.9815 kc_r>l=152.5461 kc_r>r=151.3402]
  e138 b12 kcpop: => DECOMP mode=kcpop mod=-0.5557 acc=100.0 off=+0.0250 pushed=4 kc_means[kc_l>l=0.0000 kc_l>r=300.0000 kc_r>l=300.0000 kc_r>r=0.0000]
  e138 b12 kcsel: => DECOMP mode=kcsel mod=-0.5607 acc=100.0 off=+0.0300 pushed=4 kc_means[kc_l>l=143.6202 kc_l>r=156.3796 kc_r>l=155.9527 kc_r>r=144.0695] || [E138] kcsel: 선택 KC kc_l 좌 133 우 5 / kc_r 좌 6 우 125 (wmax 300, init 150)
  e138 b12 kcselonly: => DECOMP mode=kcselonly mod=-0.0515 acc=68.0 off=-0.0000 pushed=4 kc_means[kc_l>l=150.6856 kc_l>r=151.8421 kc_r>l=152.2740 kc_r>r=151.1662] || [E138] kcselonly: 선택 KC kc_l 좌 133 우 5 / kc_r 좌 6 우 125 (wmax 300, init 150)
  e138 b13 kcrate: => KCRATE kc_l | 좌선택 142 우선택 5 비선택 32 무활동 2821 | 희석 0.069 | ≥1스파이크 좌전용 56 우전용 1 공유 122 무반응 2821 | 여유합 +662344.0 몫 좌선택 1.021 우선택 -0.010 비선택 -0.011 | θ0.3 선택 151 θ0.7 선택 142 | 제시 스파이크 50275 기준선(제시창) 평균 0.0571 | KC별 ΔS 좌선택(→L +1742.4 →R +5109.9) 우선택(→L +69.0 →R +1980.9) 비선택(→L +957.9 →R +1344.9) || KCRATE kc_r | 좌선택 5 우선택 137 비선택 26 무활동 2832 | 희석 0.078 | ≥1스파이크 좌전용 0 우전용 55 공유 113 무반응 2832 | 여유합 +740170.3 몫 좌선택 -0.006 우선택 1.025 비선택 -0.018 | θ0.3 선택 144 θ0.7 선택 138 | 제시 스파이크 51728 기준선(제시창) 평균 0.0585 | KC별 ΔS 좌선택(→L +3963.6 →R +1788.7) 우선택(→L +3132.5 →R -394.2) 비선택(→L +2292.3 →R +1002.6)
  e138 b13 none: => DECOMP mode=none mod=+0.0320 acc=0.0 off=+0.0054 pushed=0 kc_means[kc_l>l=nan kc_l>r=nan kc_r>l=nan kc_r>r=nan]
  e138 b13 all: => DECOMP mode=all mod=-0.0489 acc=54.0 off=+0.0065 pushed=8 kc_means[kc_l>l=150.7441 kc_l>r=152.0732 kc_r>l=151.3306 kc_r>r=149.9730]
  e138 b13 kc_only: => DECOMP mode=kc_only mod=-0.0611 acc=79.0 off=+0.0040 pushed=4 kc_means[kc_l>l=150.7441 kc_l>r=152.0732 kc_r>l=151.3306 kc_r>r=149.9730]
  e138 b13 kcpop: => DECOMP mode=kcpop mod=-0.5459 acc=100.0 off=-0.0161 pushed=4 kc_means[kc_l>l=0.0000 kc_l>r=300.0000 kc_r>l=300.0000 kc_r>r=0.0000]
  e138 b13 kcsel: => DECOMP mode=kcsel mod=-0.5629 acc=100.0 off=+0.0016 pushed=4 kc_means[kc_l>l=143.1189 kc_l>r=156.8182 kc_r>l=156.5462 kc_r>r=143.3432] || [E138] kcsel: 선택 KC kc_l 좌 142 우 5 / kc_r 좌 5 우 137 (wmax 300, init 150)
  e138 b13 kcselonly: => DECOMP mode=kcselonly mod=-0.0615 acc=76.0 off=+0.0040 pushed=4 kc_means[kc_l>l=150.6606 kc_l>r=151.9589 kc_r>l=151.1982 kc_r>r=149.8801] || [E138] kcselonly: 선택 KC kc_l 좌 142 우 5 / kc_r 좌 5 우 137 (wmax 300, init 150)
  e138 b14 kcrate: => KCRATE kc_l | 좌선택 158 우선택 6 비선택 36 무활동 2800 | 희석 0.095 | ≥1스파이크 좌전용 75 우전용 2 공유 123 무반응 2800 | 여유합 +713053.5 몫 좌선택 1.038 우선택 -0.009 비선택 -0.029 | θ0.3 선택 165 θ0.7 선택 158 | 제시 스파이크 50889 기준선(제시창) 평균 0.0559 | KC별 ΔS 좌선택(→L +2899.2 →R +6023.8) 우선택(→L +3723.8 →R +5687.7) 비선택(→L +2038.7 →R +3191.4) || KCRATE kc_r | 좌선택 9 우선택 155 비선택 29 무활동 2807 | 희석 0.077 | ≥1스파이크 좌전용 2 우전용 56 공유 135 무반응 2807 | 여유합 +696994.0 몫 좌선택 -0.011 우선택 1.030 비선택 -0.019 | θ0.3 선택 164 θ0.7 선택 161 | 제시 스파이크 48510 기준선(제시창) 평균 0.0545 | KC별 ΔS 좌선택(→L +5137.9 →R +3280.9) 우선택(→L +6687.0 →R +3248.3) 비선택(→L +2645.8 →R +1579.9)
  e138 b14 none: => DECOMP mode=none mod=+0.0165 acc=0.0 off=+0.0028 pushed=0 kc_means[kc_l>l=nan kc_l>r=nan kc_r>l=nan kc_r>r=nan]
  e138 b14 all: => DECOMP mode=all mod=-0.0442 acc=59.0 off=-0.0020 pushed=8 kc_means[kc_l>l=151.4797 kc_l>r=152.9347 kc_r>l=153.0880 kc_r>r=151.5730]
  e138 b14 kc_only: => DECOMP mode=kc_only mod=-0.0525 acc=70.0 off=-0.0003 pushed=4 kc_means[kc_l>l=151.4797 kc_l>r=152.9347 kc_r>l=153.0880 kc_r>r=151.5730]
  e138 b14 kcpop: => DECOMP mode=kcpop mod=-0.5496 acc=100.0 off=+0.0390 pushed=4 kc_means[kc_l>l=0.0000 kc_l>r=300.0000 kc_r>l=300.0000 kc_r>r=0.0000]
  e138 b14 kcsel: => DECOMP mode=kcsel mod=-0.5589 acc=100.0 off=+0.0447 pushed=4 kc_means[kc_l>l=142.3363 kc_l>r=157.6317 kc_r>l=157.3175 kc_r>r=142.7475] || [E138] kcsel: 선택 KC kc_l 좌 158 우 6 / kc_r 좌 9 우 155 (wmax 300, init 150)
  e138 b14 kcselonly: => DECOMP mode=kcselonly mod=-0.0539 acc=71.0 off=-0.0004 pushed=4 kc_means[kc_l>l=151.2797 kc_l>r=152.6274 kc_r>l=152.8924 kc_r>r=151.4238] || [E138] kcselonly: 선택 KC kc_l 좌 158 우 6 / kc_r 좌 9 우 155 (wmax 300, init 150)
[E138] 전체 루프 종료
=== 종료코드 0 ===
