=== E148 실행: 2026-10-06T10:27:15Z ===
커맨드: bash scripts/e148_main.sh
---
  e148 train b10: => 사전 +0.0195 사후 +0.1181 보상 1969 || => KCTRACE 시행 3000 보상 1969 | A -190303.1 B +403557.2 C -657503.5 P -379985.6 | ΔD -871378.4 | share_B 0.380 B+/A -2.121 C-/A -3.455 | 합일관성 최대 0.00e+00 | g연속 최대 
  e148 train b11: => 사전 +0.0150 사후 +0.1065 보상 2009 || => KCTRACE 시행 3000 보상 2009 | A +176836.5 B +319778.3 C -883428.6 P -352246.5 | ΔD -674123.8 | share_B 0.266 B+/A 1.808 C-/A 4.996 | 합일관성 최대 0.00e+00 | g연속 최대 0 
  e148 train b12: => 사전 +0.0262 사후 +0.1033 보상 2024 || => KCTRACE 시행 3000 보상 2024 | A +338101.2 B +592499.6 C -889939.0 P -545912.6 | ΔD -598424.8 | share_B 0.400 B+/A 1.752 C-/A 2.632 | 합일관성 최대 0.00e+00 | g연속 최대 0 
  e148 train b13: => 사전 +0.0320 사후 +0.1073 보상 1966 || => KCTRACE 시행 3000 보상 1966 | A -42622.6 B +396908.2 C -734531.0 P -391301.9 | ΔD -782759.8 | share_B 0.351 B+/A -9.312 C-/A -17.233 | 합일관성 최대 0.00e+00 | g연속 최대 
  e148 train b14: => 사전 +0.0165 사후 +0.0727 보상 2014 || => KCTRACE 시행 3000 보상 2014 | A +341073.4 B +467178.2 C -899334.2 P -576665.1 | ΔD -448773.9 | share_B 0.342 B+/A 1.370 C-/A 2.637 | 합일관성 최대 0.00e+00 | g연속 최대 0 
  e148 b10 learn base: => mod +0.1181
  e148 b10 learn bad: => mod +0.3665
  e148 b10 none base: => mod +0.0195
  e148 b10 none bad: => mod +0.0240
  e148 b11 learn base: => mod +0.1065
  e148 b11 learn bad: => mod +0.3554
  e148 b11 none base: => mod +0.0150
  e148 b11 none bad: => mod +0.0221
  e148 b12 learn base: => mod +0.1033
  e148 b12 learn bad: => mod +0.3641
  e148 b12 none base: => mod +0.0262
  e148 b12 none bad: => mod +0.0206
  e148 b13 learn base: => mod +0.1073
  e148 b13 learn bad: => mod +0.3915
  e148 b13 none base: => mod +0.0320
  e148 b13 none bad: => mod +0.0267
  e148 b14 learn base: => mod +0.0727
  e148 b14 learn bad: => mod +0.3778
  e148 b14 none base: => mod +0.0165
  e148 b14 none bad: => mod +0.0292
[E148] 전체 루프 종료
=== 종료코드 0 ===
