=== E150 실행: 2026-10-06T12:54:49Z ===
커맨드: bash scripts/e150_main.sh
---
  e150 train A b10: => 사전 +0.0321 사후 -0.0600 보상 747 || => KCTRACE 시행 1500 보상 747 | A -72938.3 B -502540.8 C +430718.4 P -49335.8 | ΔD +909656.8 | share_B nan B+/A -0.000 C-/A 0.000 | 합일관성 최대 0.00e+00 | g연속 최대 0 | 블록
  e150 train A b11: => 사전 +0.0320 사후 -0.0496 보상 744 || => KCTRACE 시행 1500 보상 744 | A -439691.2 B -734567.2 C +672138.9 P +405354.0 | ΔD +561660.9 | share_B nan B+/A -0.000 C-/A 0.000 | 합일관성 최대 0.00e+00 | g연속 최대 0 | 
  e150 train A b12: => 사전 +0.0386 사후 -0.0534 보상 883 || => KCTRACE 시행 1500 보상 883 | A -436310.2 B -856177.5 C +564902.5 P +349000.2 | ΔD +635769.6 | share_B nan B+/A -0.000 C-/A 0.000 | 합일관성 최대 0.00e+00 | g연속 최대 0 | 
  e150 train A b13: => 사전 +0.0355 사후 -0.0619 보상 757 || => KCTRACE 시행 1500 보상 757 | A -407645.8 B -693536.0 C +570233.7 P +275214.2 | ΔD +580909.6 | share_B nan B+/A -0.000 C-/A 0.000 | 합일관성 최대 0.00e+00 | g연속 최대 0 | 
  e150 train A b14: => 사전 +0.0397 사후 -0.0551 보상 863 || => KCTRACE 시행 1500 보상 863 | A -64385.2 B -709987.4 C +493054.7 P +76650.7 | ΔD +1062006.1 | share_B nan B+/A -0.000 C-/A 0.000 | 합일관성 최대 0.00e+00 | g연속 최대 0 | 블
  e150 train AB b10: => 사전 +0.0321 사후 -0.0238 보상 1484 || => KCTRACE 시행 3000 보상 1484 | A -493150.8 B -470969.9 C +498084.4 P +342099.6 | ΔD +133803.8 | share_B nan B+/A -0.000 C-/A 0.000 | 합일관성 최대 0.00e+00 | g연속 최대 0 |
  e150 train AB b11: => 사전 +0.0320 사후 -0.0203 보상 1495 || => KCTRACE 시행 3000 보상 1495 | A -866157.0 B -978168.3 C +894860.5 P +870927.5 | ΔD +135944.3 | share_B nan B+/A -0.000 C-/A 0.000 | 합일관성 최대 0.00e+00 | g연속 최대 0 |
  e150 train AB b12: => 사전 +0.0386 사후 -0.0204 보상 1732 || => KCTRACE 시행 3000 보상 1732 | A -881880.4 B -951604.4 C +726702.3 P +721694.8 | ΔD +74731.5 | share_B nan B+/A -0.000 C-/A 0.000 | 합일관성 최대 0.00e+00 | g연속 최대 0 | 
  e150 train AB b13: => 사전 +0.0355 사후 -0.0237 보상 1545 || => KCTRACE 시행 3000 보상 1545 | A -884290.0 B -764037.6 C +707697.7 P +628403.8 | ΔD -40958.4 | share_B nan B+/A -0.000 C-/A 0.000 | 합일관성 최대 0.00e+00 | g연속 최대 0 | 
  e150 train AB b14: => 사전 +0.0397 사후 -0.0200 보상 1827 || => KCTRACE 시행 3000 보상 1827 | A -405233.6 B -484604.4 C +514957.0 P +323253.2 | ΔD +271074.6 | share_B nan B+/A -0.000 C-/A 0.000 | 합일관성 최대 0.00e+00 | g연속 최대 0 |
  e150 b10 A base: => mod -0.0600
  e150 b10 AB base: => mod -0.0238
  e150 b10 AB bad: => mod +0.0943
  e150 b10 none base: => mod +0.0321
  e150 b10 none bad: => mod +0.0271
  e150 b11 A base: => mod -0.0496
  e150 b11 AB base: => mod -0.0203
  e150 b11 AB bad: => mod +0.0770
  e150 b11 none base: => mod +0.0320
  e150 b11 none bad: => mod +0.0336
  e150 b12 A base: => mod -0.0534
  e150 b12 AB base: => mod -0.0204
  e150 b12 AB bad: => mod +0.1052
  e150 b12 none base: => mod +0.0386
  e150 b12 none bad: => mod +0.0245
  e150 b13 A base: => mod -0.0619
  e150 b13 AB base: => mod -0.0237
  e150 b13 AB bad: => mod +0.0863
  e150 b13 none base: => mod +0.0355
  e150 b13 none bad: => mod +0.0339
  e150 b14 A base: => mod -0.0551
  e150 b14 AB base: => mod -0.0200
  e150 b14 AB bad: => mod +0.0924
  e150 b14 none base: => mod +0.0397
  e150 b14 none bad: => mod +0.0321
[E150] 전체 루프 종료
=== 종료코드 0 ===
