=== E153 실행: 2026-10-07T10:37:20Z ===
커맨드: bash scripts/e153_main.sh
---
[E153] η = 0.1
  e153 b10 dev: => KCDEV side=l fired=200 sel_med0=0.5526 sel_med=1.0000 frac09=0.9050 goodfrac=0.5400 relerr=1.29e-15 | side=r fired=186 sel_med0=0.5518 sel_med=1.0000 frac09=0.9624 goodfrac=0.4839 relerr=1.39e-15 | n=100 eta=0.1 updates=400 save=/mnt/c/Users/JungHyun/Desktop/brain/BrainSimulation-rebuild/research/experiments/traces/E153/kctype_b10.npz
  e153 b10 ov: => KCOVERLAP side=l good=95 bad=86 jac=0.0000 cos=0.0000 jac025=0.0000 jac100=0.0000 split_jac=1.0000 split_cos=0.9996 | side=r good=87 bad=89 jac=0.0000 cos=0.0000 jac025=0.0000 jac100=0.0000 split_jac=1.0000 split_cos=0.9997 | food_eye_scale=1.00 bilateral_scale=1.00 n_pres=50 || 적재 2
  e153 b10 train: => 사전 +0.0117 사후 -0.4893 보상 335 || 적재 2 || => KCTRACE 시행 500 보상 335 | A +1019747.6 B -753279.6 C -173214.2 P -677890.9 | ΔD +2277704.0 | share_B 0.000 B+/A 0.000 C-/A 0.170 | 합일관성 최대
  e153 b11 dev: => KCDEV side=l fired=200 sel_med0=0.5529 sel_med=1.0000 frac09=0.9700 goodfrac=0.5100 relerr=1.24e-15 | side=r fired=191 sel_med0=0.5526 sel_med=1.0000 frac09=0.9476 goodfrac=0.4869 relerr=1.55e-15 | n=100 eta=0.1 updates=400 save=/mnt/c/Users/JungHyun/Desktop/brain/BrainSimulation-rebuild/research/experiments/traces/E153/kctype_b11.npz
  e153 b11 ov: => KCOVERLAP side=l good=98 bad=92 jac=0.0000 cos=0.0000 jac025=0.0000 jac100=0.0000 split_jac=1.0000 split_cos=0.9995 | side=r good=86 bad=93 jac=0.0000 cos=0.0000 jac025=0.0000 jac100=0.0000 split_jac=0.9884 split_cos=0.9996 | food_eye_scale=1.00 bilateral_scale=1.00 n_pres=50 || 적재 2
  e153 b11 train: => 사전 +0.0015 사후 -0.4801 보상 328 || 적재 2 || => KCTRACE 시행 500 보상 328 | A +967735.5 B -629171.9 C -112824.8 P -688171.5 | ΔD +2172254.2 | share_B 0.000 B+/A 0.000 C-/A 0.117 | 합일관성 최대 
  e153 b12 dev: => KCDEV side=l fired=187 sel_med0=0.5588 sel_med=1.0000 frac09=0.9198 goodfrac=0.5080 relerr=1.32e-15 | side=r fired=187 sel_med0=0.5641 sel_med=1.0000 frac09=0.9305 goodfrac=0.5134 relerr=1.55e-15 | n=100 eta=0.1 updates=400 save=/mnt/c/Users/JungHyun/Desktop/brain/BrainSimulation-rebuild/research/experiments/traces/E153/kctype_b12.npz
  e153 b12 ov: => KCOVERLAP side=l good=86 bad=88 jac=0.0000 cos=0.0000 jac025=0.0000 jac100=0.0000 split_jac=1.0000 split_cos=0.9997 | side=r good=86 bad=85 jac=0.0000 cos=0.0000 jac025=0.0000 jac100=0.0000 split_jac=1.0000 split_cos=0.9997 | food_eye_scale=1.00 bilateral_scale=1.00 n_pres=50 || 적재 2
  e153 b12 train: => 사전 +0.0064 사후 -0.5024 보상 329 || 적재 2 || => KCTRACE 시행 500 보상 329 | A +848460.0 B -598086.9 C -140699.3 P -674473.0 | ΔD +1980320.6 | share_B 0.000 B+/A 0.000 C-/A 0.166 | 합일관성 최대 
  e153 b13 dev: => KCDEV side=l fired=191 sel_med0=0.5588 sel_med=1.0000 frac09=0.9476 goodfrac=0.4921 relerr=1.37e-15 | side=r fired=190 sel_med0=0.5526 sel_med=1.0000 frac09=0.9684 goodfrac=0.4895 relerr=1.31e-15 | n=100 eta=0.1 updates=400 save=/mnt/c/Users/JungHyun/Desktop/brain/BrainSimulation-rebuild/research/experiments/traces/E153/kctype_b13.npz
  e153 b13 ov: => KCOVERLAP side=l good=86 bad=93 jac=0.0000 cos=0.0000 jac025=0.0000 jac100=0.0000 split_jac=1.0000 split_cos=0.9996 | side=r good=91 bad=91 jac=0.0000 cos=0.0000 jac025=0.0000 jac100=0.0000 split_jac=1.0000 split_cos=0.9998 | food_eye_scale=1.00 bilateral_scale=1.00 n_pres=50 || 적재 2
  e153 b13 train: => 사전 +0.0231 사후 -0.4582 보상 337 || 적재 2 || => KCTRACE 시행 500 보상 337 | A +1097938.2 B -571719.7 C -268165.2 P -704900.0 | ΔD +2106392.7 | share_B 0.000 B+/A 0.000 C-/A 0.244 | 합일관성 최대
  e153 b14 dev: => KCDEV side=l fired=213 sel_med0=0.5581 sel_med=1.0000 frac09=0.9014 goodfrac=0.5258 relerr=1.54e-15 | side=r fired=210 sel_med0=0.5526 sel_med=1.0000 frac09=0.9143 goodfrac=0.5429 relerr=1.32e-15 | n=100 eta=0.1 updates=400 save=/mnt/c/Users/JungHyun/Desktop/brain/BrainSimulation-rebuild/research/experiments/traces/E153/kctype_b14.npz
  e153 b14 ov: => KCOVERLAP side=l good=100 bad=90 jac=0.0000 cos=0.0000 jac025=0.0000 jac100=0.0000 split_jac=1.0000 split_cos=0.9996 | side=r good=101 bad=90 jac=0.0000 cos=0.0000 jac025=0.0000 jac100=0.0000 split_jac=0.9902 split_cos=0.9997 | food_eye_scale=1.00 bilateral_scale=1.00 n_pres=50 || 적재 2
  e153 b14 train: => 사전 +0.0116 사후 -0.5143 보상 336 || 적재 2 || => KCTRACE 시행 500 보상 336 | A +1058588.2 B -942242.4 C -135550.5 P -666279.1 | ΔD +2531559.2 | share_B 0.000 B+/A 0.000 C-/A 0.128 | 합일관성 최대
[E153] 전체 루프 종료
=== 종료코드 0 ===
