=== E154 실행: 2026-10-07T11:23:47Z ===
커맨드: bash scripts/e154_main.sh
---
  e154 train A b10: => 사전 +0.0117 사후 -0.6015 보상 1049 || => KCTRACE 시행 1500 보상 1049 | A +2169563.3 B -237432.1 C -1243793.5 P -1661519.4 | ΔD +2824721.3 | share_B 0.000 B+/A 0.000 C-/A 0.573 | 합일관성 최대 0.00e+00 | g연속 최
  e154 train A b11: => 사전 +0.0015 사후 -0.5886 보상 1042 || => KCTRACE 시행 1500 보상 1042 | A +2023754.0 B -114967.1 C -1124938.7 P -1680925.3 | ΔD +2694707.7 | share_B 0.000 B+/A 0.000 C-/A 0.556 | 합일관성 최대 0.00e+00 | g연속 최
  e154 train A b12: => 사전 +0.0064 사후 -0.5881 보상 1043 || => KCTRACE 시행 1500 보상 1043 | A +1882009.7 B +126213.0 C -1147970.5 P -1686746.9 | ΔD +2294573.1 | share_B 0.099 B+/A 0.067 C-/A 0.610 | 합일관성 최대 0.00e+00 | g연속 최
  e154 train A b13: => 사전 +0.0231 사후 -0.5568 보상 1051 || => KCTRACE 시행 1500 보상 1051 | A +2422502.3 B +158339.0 C -1518381.2 P -1849716.6 | ΔD +2595498.6 | share_B 0.094 B+/A 0.065 C-/A 0.627 | 합일관성 최대 0.00e+00 | g연속 최
  e154 train A b14: => 사전 +0.0116 사후 -0.6153 보상 1050 || => KCTRACE 시행 1500 보상 1050 | A +2177055.2 B -533575.3 C -1170110.1 P -1617402.1 | ΔD +3157922.5 | share_B 0.000 B+/A 0.000 C-/A 0.537 | 합일관성 최대 0.00e+00 | g연속 최
  e154 train AB b10: => 사전 +0.0117 사후 -0.5060 보상 2077 || => KCTRACE 시행 3000 보상 2077 | A +3091449.6 B +1498280.6 C -2986051.7 P -2895013.5 | ΔD +1502130.8 | share_B 0.334 B+/A 0.485 C-/A 0.966 | 합일관성 최대 0.00e+00 | g연속 
  e154 train AB b11: => 사전 +0.0015 사후 -0.5008 보상 2070 || => KCTRACE 시행 3000 보상 2070 | A +3204012.8 B +1870240.2 C -3110303.3 P -3238791.1 | ΔD +1462260.5 | share_B 0.376 B+/A 0.584 C-/A 0.971 | 합일관성 최대 0.00e+00 | g연속 
  e154 train AB b12: => 사전 +0.0064 사후 -0.4716 보상 2071 || => KCTRACE 시행 3000 보상 2071 | A +3162099.8 B +1975364.9 C -3005953.5 P -3181857.3 | ΔD +1362638.6 | share_B 0.397 B+/A 0.625 C-/A 0.951 | 합일관성 최대 0.00e+00 | g연속 
  e154 train AB b13: => 사전 +0.0231 사후 -0.4688 보상 2079 || => KCTRACE 시행 3000 보상 2079 | A +3547434.4 B +2094410.9 C -3524706.5 P -3363719.3 | ΔD +1292036.3 | share_B 0.373 B+/A 0.590 C-/A 0.994 | 합일관성 최대 0.00e+00 | g연속 
  e154 train AB b14: => 사전 +0.0116 사후 -0.5397 보상 2078 || => KCTRACE 시행 3000 보상 2078 | A +3130370.1 B +1226182.3 C -2963087.2 P -2897375.4 | ΔD +1838476.0 | share_B 0.293 B+/A 0.392 C-/A 0.947 | 합일관성 최대 0.00e+00 | g연속 
  e154 b10 A base: => mod -0.6015
  e154 b10 AB base: => mod -0.5060
  e154 b10 AB bad: => mod +0.6039
  e154 b10 none base: => mod +0.0117
  e154 b10 none bad: => mod +0.0151
  e154 b11 A base: => mod -0.5886
  e154 b11 AB base: => mod -0.5008
  e154 b11 AB bad: => mod +0.6233
  e154 b11 none base: => mod +0.0015
  e154 b11 none bad: => mod +0.0193
  e154 b12 A base: => mod -0.5881
  e154 b12 AB base: => mod -0.4716
  e154 b12 AB bad: => mod +0.6104
  e154 b12 none base: => mod +0.0064
  e154 b12 none bad: => mod +0.0137
  e154 b13 A base: => mod -0.5568
  e154 b13 AB base: => mod -0.4688
  e154 b13 AB bad: => mod +0.6201
  e154 b13 none base: => mod +0.0231
  e154 b13 none bad: => mod +0.0142
  e154 b14 A base: => mod -0.6153
  e154 b14 AB base: => mod -0.5397
  e154 b14 AB bad: => mod +0.6232
  e154 b14 none base: => mod +0.0116
  e154 b14 none bad: => mod +0.0263
[E154] 전체 루프 종료
=== 종료코드 0 ===
