=== E157 실행: 2026-10-08T16:28:05Z ===
커맨드: bash scripts/e157_main.sh
---
[E157] k: Fk 0.70 Dk 1.50
  e157 kcrate D b10: => 스파이크 24823 24302 || 적재 0 배율 0
  e157 kcrate F b10: => 스파이크 31071 30131 || 적재 2 배율 0
  e157 kcrate Fk b10: => 스파이크 25933 25343 || 적재 2 배율 2
  e157 kcrate Dk b10: => 스파이크 30842 30251 || 적재 0 배율 2
  e157 kcrate D b11: => 스파이크 25072 23948 || 적재 0 배율 0
  e157 kcrate F b11: => 스파이크 31848 29651 || 적재 2 배율 0
  e157 kcrate Fk b11: => 스파이크 26447 24652 || 적재 2 배율 2
  e157 kcrate Dk b11: => 스파이크 31231 30279 || 적재 0 배율 2
  e157 kcrate D b12: => 스파이크 25863 24706 || 적재 0 배율 0
  e157 kcrate F b12: => 스파이크 31476 30107 || 적재 2 배율 0
  e157 kcrate Fk b12: => 스파이크 26334 25369 || 적재 2 배율 2
  e157 kcrate Dk b12: => 스파이크 32118 30677 || 적재 0 배율 2
  e157 kcrate D b13: => 스파이크 25124 25891 || 적재 0 배율 0
  e157 kcrate F b13: => 스파이크 29946 32105 || 적재 2 배율 0
  e157 kcrate Fk b13: => 스파이크 25426 27009 || 적재 2 배율 2
  e157 kcrate Dk b13: => 스파이크 31219 32308 || 적재 0 배율 2
  e157 kcrate D b14: => 스파이크 25405 24191 || 적재 0 배율 0
  e157 kcrate F b14: => 스파이크 32091 30745 || 적재 2 배율 0
  e157 kcrate Fk b14: => 스파이크 26347 25374 || 적재 2 배율 2
  e157 kcrate Dk b14: => 스파이크 31609 30153 || 적재 0 배율 2
  e157 ov Fk b10: => side=l good=93 bad=85 jac=0.0000 side=r good=87 bad=86 jac=0.0000 || 적재 2 배율 2
  e157 ov Dk b10: => side=l good=146 bad=148 jac=0.4000 side=r good=138 bad=145 jac=0.4895 || 적재 0 배율 2
  e157 ov Fk b11: => side=l good=96 bad=92 jac=0.0000 side=r good=85 bad=92 jac=0.0000 || 적재 2 배율 2
  e157 ov Dk b11: => side=l good=145 bad=151 jac=0.4510 side=r good=141 bad=148 jac=0.4523 || 적재 0 배율 2
  e157 ov Fk b12: => side=l good=84 bad=86 jac=0.0000 side=r good=86 bad=84 jac=0.0000 || 적재 2 배율 2
  e157 ov Dk b12: => side=l good=138 bad=144 jac=0.4315 side=r good=130 bad=130 jac=0.4365 || 적재 0 배율 2
  e157 ov Fk b13: => side=l good=85 bad=91 jac=0.0000 side=r good=91 bad=90 jac=0.0000 || 적재 2 배율 2
  e157 ov Dk b13: => side=l good=138 bad=138 jac=0.4603 side=r good=148 bad=158 jac=0.4712 || 적재 0 배율 2
  e157 ov Fk b14: => side=l good=98 bad=87 jac=0.0000 side=r good=98 bad=88 jac=0.0000 || 적재 2 배율 2
  e157 ov Dk b14: => side=l good=146 bad=144 jac=0.4146 side=r good=149 bad=145 jac=0.4272 || 적재 0 배율 2
  e157 r25 D b10: => 사전 +0.4148 || 적재 0 배율 0
  e157 r25 F b10: => 사전 +0.1518 || 적재 1 배율 0
  e157 r25 Fk b10: => 사전 +0.3519 || 적재 1 배율 1
  e157 r25 Dk b10: => 사전 +0.1717 || 적재 0 배율 1
  e157 r25 D b11: => 사전 +0.4195 || 적재 0 배율 0
  e157 r25 F b11: => 사전 +0.1540 || 적재 1 배율 0
  e157 r25 Fk b11: => 사전 +0.3617 || 적재 1 배율 1
  e157 r25 Dk b11: => 사전 +0.1695 || 적재 0 배율 1
  e157 r25 D b12: => 사전 +0.3954 || 적재 0 배율 0
  e157 r25 F b12: => 사전 +0.1472 || 적재 1 배율 0
  e157 r25 Fk b12: => 사전 +0.3513 || 적재 1 배율 1
  e157 r25 Dk b12: => 사전 +0.1423 || 적재 0 배율 1
  e157 r25 D b13: => 사전 +0.3773 || 적재 0 배율 0
  e157 r25 F b13: => 사전 +0.1435 || 적재 1 배율 0
  e157 r25 Fk b13: => 사전 +0.3338 || 적재 1 배율 1
  e157 r25 Dk b13: => 사전 +0.1292 || 적재 0 배율 1
  e157 r25 D b14: => 사전 +0.4248 || 적재 0 배율 0
  e157 r25 F b14: => 사전 +0.1451 || 적재 1 배율 0
  e157 r25 Fk b14: => 사전 +0.3714 || 적재 1 배율 1
  e157 r25 Dk b14: => 사전 +0.1794 || 적재 0 배율 1
  e157 learn Fk b10: => 사전 +0.0169 사후 -0.4316 보상 332 || 적재 2 배율 2
  e157 learn Fk b11: => 사전 +0.0088 사후 -0.4306 보상 328 || 적재 2 배율 2
  e157 learn Fk b12: => 사전 +0.0197 사후 -0.4337 보상 327 || 적재 2 배율 2
  e157 learn Fk b13: => 사전 +0.0326 사후 -0.4114 보상 336 || 적재 2 배율 2
  e157 learn Fk b14: => 사전 +0.0223 사후 -0.4473 보상 338 || 적재 2 배율 2
  e157 learn Dk b10: => 사전 +0.0166 사후 -0.3249 보상 284 || 적재 0 배율 2
  e157 learn Dk b11: => 사전 +0.0114 사후 -0.3414 보상 319 || 적재 0 배율 2
  e157 learn Dk b12: => 사전 +0.0100 사후 -0.3260 보상 310 || 적재 0 배율 2
  e157 learn Dk b13: => 사전 +0.0216 사후 -0.2793 보상 330 || 적재 0 배율 2
  e157 learn Dk b14: => 사전 +0.0146 사후 -0.3716 보상 332 || 적재 0 배율 2
[E157] 전체 루프 종료
=== 종료코드 0 ===
