=== E172 실행: 2026-10-10T08:35:28Z ===
커맨드: bash scripts/e172_main.sh
---
  e172 train A b16: => 사전 +0.0149 사후 -0.6136 보상 1073 || 적재 2 || => KCTRACE 시행 1500 보상 1073 | A +1626110.7 B +1055685.5 C -1447640.9 P -1784531.3 | ΔD +9073
  e172 train AB b16: => 사전 +0.0149 사후 -0.5980 보상 2202 || 적재 2 || => KCTRACE 시행 3000 보상 2202 | A +3805924.7 B +2197240.3 C -2906780.6 P -3437739.8 | ΔD +2139
  e172 rev b16: => 사전 +0.0149 사후 +0.6192 보상 2040 || 적재 2 || => KCTRACE 시행 3000 보상 2040 | A +2602767.9 B +2829309.7 C -3380286.3 P -2648772.6 | ΔD -9580
  e172 train A b17: => 사전 +0.0064 사후 -0.6376 보상 1056 || 적재 2 || => KCTRACE 시행 1500 보상 1056 | A +1944544.7 B +1571546.3 C -1905870.2 P -2178224.7 | ΔD +6453
  e172 train AB b17: => 사전 +0.0064 사후 -0.6340 보상 2104 || 적재 2 || => KCTRACE 시행 3000 보상 2104 | A +4910114.7 B +2740564.1 C -3986935.7 P -4353221.8 | ΔD +2535
  e172 rev b17: => 사전 +0.0064 사후 +0.6444 보상 2036 || 적재 2 || => KCTRACE 시행 3000 보상 2036 | A +3553006.4 B +3610986.6 C -4147569.9 P -3492805.5 | ΔD -7127
  e172 train A b18: => 사전 +0.0094 사후 -0.6335 보상 1051 || 적재 2 || => KCTRACE 시행 1500 보상 1051 | A +1677821.7 B +1323868.3 C -1608618.6 P -2064127.5 | ΔD +8094
  e172 train AB b18: => 사전 +0.0094 사후 -0.6280 보상 2101 || 적재 2 || => KCTRACE 시행 3000 보상 2101 | A +4406530.1 B +2454976.1 C -3495934.2 P -4074279.3 | ΔD +2529
  e172 rev b18: => 사전 +0.0094 사후 +0.6403 보상 2061 || 적재 2 || => KCTRACE 시행 3000 보상 2061 | A +2881144.6 B +3040784.2 C -3516357.4 P -2838538.2 | ΔD -8374
  e172 train A b19: => 사전 +0.0208 사후 -0.6223 보상 1056 || 적재 2 || => KCTRACE 시행 1500 보상 1056 | A +1662246.2 B +1130230.0 C -1508724.4 P -1927980.7 | ΔD +9512
  e172 train AB b19: => 사전 +0.0208 사후 -0.6056 보상 2155 || 적재 2 || => KCTRACE 시행 3000 보상 2155 | A +3999724.7 B +2419850.4 C -3222486.5 P -3692885.2 | ΔD +2050
  e172 rev b19: => 사전 +0.0208 사후 +0.6416 보상 2055 || 적재 2 || => KCTRACE 시행 3000 보상 2055 | A +2733780.1 B +2982899.8 C -3451466.9 P -2707927.2 | ΔD -9926
  e172 train A b20: => 사전 +0.0166 사후 -0.6266 보상 1059 || 적재 2 || => KCTRACE 시행 1500 보상 1059 | A +1650832.6 B +1268518.2 C -1566772.7 P -1894819.9 | ΔD +7103
  e172 train AB b20: => 사전 +0.0166 사후 -0.6125 보상 2107 || 적재 2 || => KCTRACE 시행 3000 보상 2107 | A +4132547.0 B +2567999.1 C -3438728.5 P -3951148.2 | ΔD +2076
  e172 rev b20: => 사전 +0.0166 사후 +0.6353 보상 2051 || 적재 2 || => KCTRACE 시행 3000 보상 2051 | A +2875034.6 B +3009759.1 C -3501674.2 P -2857088.8 | ΔD -7793
  e172 b16 A base: => mod -0.6136
  e172 b16 AB base: => mod -0.5980
  e172 b16 AB bad: => mod +0.6599
  e172 b16 none base: => mod +0.0149
  e172 b16 none bad: => mod -0.0064
  e172 b17 A base: => mod -0.6376
  e172 b17 AB base: => mod -0.6341
  e172 b17 AB bad: => mod +0.6412
  e172 b17 none base: => mod +0.0064
  e172 b17 none bad: => mod +0.0090
  e172 b18 A base: => mod -0.6335
  e172 b18 AB base: => mod -0.6280
  e172 b18 AB bad: => mod +0.6513
  e172 b18 none base: => mod +0.0094
  e172 b18 none bad: => mod +0.0020
  e172 b19 A base: => mod -0.6223
  e172 b19 AB base: => mod -0.6056
  e172 b19 AB bad: => mod +0.6706
  e172 b19 none base: => mod +0.0208
  e172 b19 none bad: => mod +0.0142
  e172 b20 A base: => mod -0.6266
  e172 b20 AB base: => mod -0.6125
  e172 b20 AB bad: => mod +0.6501
  e172 b20 none base: => mod +0.0166
  e172 b20 none bad: => mod +0.0130
[E172] 전체 루프 종료
=== 종료코드 0 ===
