[관계] 항목 8개(훈련 4, 새 4), 반쪽 50 중 활성 15, 항목 간 겹침 1~7(평균 4.5), 새↔훈련 겹침 1~7, 패턴 64개(S 8, D 56)
make: Entering directory '/root/e133_main_run/minimal_circuit_CODE'
make: Leaving directory '/root/e133_main_run/minimal_circuit_CODE'
[KC불러옴] /mnt/c/Users/JungHyun/Desktop/brain/BrainSimulation-rebuild/research/experiments/traces/E133/dev_corr_w56.npz | 일치형 같은 위치 372/400 | 불일치형 같은 위치 360/400
  시행    1~ 400: 정답률  63.2%
  시행  401~ 800: 정답률  70.0%
=> SDGEN mode=learn seed=56 trialseed=600 train_same=100.0 train_diff=92.9 train_bal=96.4 novel_same=100.0 novel_diff=100.0 novel_bal=100.0 | ties train:12 novel:0 | n_same/diff train 44/56 novel 47/53
=> SDLAB diff=cyclic rule=samediff mode=learn seed=56 trialseed=600 train_accL=100.0 train_accR=92.9 train_lbal=96.4 novel_accL=100.0 novel_accR=100.0 novel_lbal=100.0

=== 평가 (탐색 없음, 학습 없음, 무작위 순서 100시행) : 정답률 0.0% | 동점 0회 ===
   자극 A: 0/45 (0.0%)
   자극 B: 0/55 (0.0%)

=== 학습 후 자극별 출력 (선택 이전의 원 신호) ===
  자극 A → 정답 L | out_L=  17  out_R=  44  차이   -27 | KC 109개
  자극 B → 정답 R | out_L=  46  out_R=  45  차이    +1 | KC 117개

=== 가중치 구조 (A전용 KC 90개, B전용 KC 98개) ===
  A전용 KC → out_L 평균 0.5263 | out_R 평균 0.5664 | 차이 -0.0401 (정답은 out_L) **반대**
  B전용 KC → out_L 평균 0.5201 | out_R 평균 0.5471 | 차이 -0.0270 (정답은 out_R) **정답쪽 우세**

=== 가중치 변화 ===
  kc_out_l: n=8042 |Δ|평균 0.05804 변화율  67.1% | 평균 0.500→0.549 | std 0.0000→0.0851
  kc_out_r: n=8060 |Δ|평균 0.05492 변화율  66.6% | 평균 0.500→0.550 | std 0.0000→0.0575

=== 요약 (mode=learn seed=56) ===
  첫 구간 63.2% → 마지막 구간 70.0% | 변화 +6.8%p | 보상률 66.6%
=> MINCIRC mode=learn seed=56 first=63.2 last=70.0 delta=+6.8 reward=66.6 **eval=0.0** tie=0 trialseed=600
