[관계] 항목 8개(훈련 4, 새 4), 반쪽 50 중 활성 15, 항목 간 겹침 2~6(평균 4.4), 새↔훈련 겹침 2~6, 패턴 64개(S 8, D 56)
make: Entering directory '/root/e133_main_run/minimal_circuit_CODE'
make: Leaving directory '/root/e133_main_run/minimal_circuit_CODE'
[KC불러옴] /mnt/c/Users/JungHyun/Desktop/brain/BrainSimulation-rebuild/research/experiments/traces/E133/dev_corr_w61.npz | 일치형 같은 위치 362/400 | 불일치형 같은 위치 358/400
  시행    1~ 400: 정답률  49.5%
  시행  401~ 800: 정답률  64.5%
=> SDGEN mode=learn seed=61 trialseed=601 train_same=100.0 train_diff=72.9 train_bal=86.5 novel_same=100.0 novel_diff=91.8 novel_bal=95.9 | ties train:0 novel:0 | n_same/diff train 52/48 novel 51/49
=> SDLAB diff=cyclic rule=samediff mode=learn seed=61 trialseed=601 train_accL=100.0 train_accR=72.9 train_lbal=86.5 novel_accL=100.0 novel_accR=91.8 novel_lbal=95.9

=== 평가 (탐색 없음, 학습 없음, 무작위 순서 100시행) : 정답률 62.0% | 동점 0회 ===
   자극 A: 0/38 (0.0%)
   자극 B: 62/62 (100.0%)

=== 학습 후 자극별 출력 (선택 이전의 원 신호) ===
  자극 A → 정답 L | out_L=  12  out_R=  27  차이   -15 | KC 124개
  자극 B → 정답 R | out_L=  36  out_R=  47  차이   -11 | KC 119개

=== 가중치 구조 (A전용 KC 115개, B전용 KC 110개) ===
  A전용 KC → out_L 평균 0.5000 | out_R 평균 0.5488 | 차이 -0.0488 (정답은 out_L) **반대**
  B전용 KC → out_L 평균 0.5295 | out_R 평균 0.5457 | 차이 -0.0162 (정답은 out_R) **정답쪽 우세**

=== 가중치 변화 ===
  kc_out_l: n=7969 |Δ|평균 0.06545 변화율  72.3% | 평균 0.500→0.544 | std 0.0000→0.0864
  kc_out_r: n=8035 |Δ|평균 0.04415 변화율  71.0% | 평균 0.500→0.538 | std 0.0000→0.0516

=== 요약 (mode=learn seed=61) ===
  첫 구간 49.5% → 마지막 구간 64.5% | 변화 +15.0%p | 보상률 57.0%
=> MINCIRC mode=learn seed=61 first=49.5 last=64.5 delta=+15.0 reward=57.0 **eval=62.0** tie=0 trialseed=601
