[관계] 항목 8개(훈련 4, 새 4), 반쪽 50 중 활성 15, 항목 간 겹침 1~7(평균 4.5), 새↔훈련 겹침 1~7, 패턴 64개(S 8, D 56)
make: Entering directory '/root/e133_main_run/minimal_circuit_CODE'
make: Leaving directory '/root/e133_main_run/minimal_circuit_CODE'
[KC불러옴] /mnt/c/Users/JungHyun/Desktop/brain/BrainSimulation-rebuild/research/experiments/traces/E133/dev_corr_w47.npz | 일치형 같은 위치 376/400 | 불일치형 같은 위치 383/400
  시행    1~ 400: 정답률  56.2%
  시행  401~ 800: 정답률  54.5%
=> SDGEN mode=frozen seed=47 trialseed=600 train_same=67.2 train_diff=73.8 train_bal=70.5 novel_same=67.4 novel_diff=20.4 novel_bal=43.9 | ties train:0 novel:12 | n_same/diff train 58/42 novel 46/54
=> SDLAB diff=cyclic rule=samediff mode=frozen seed=47 trialseed=600 train_accL=67.2 train_accR=73.8 train_lbal=70.5 novel_accL=67.4 novel_accR=20.4 novel_lbal=43.9

=== 평가 (탐색 없음, 학습 없음, 무작위 순서 100시행) : 정답률 78.0% | 동점 51회 ===
   자극 A: 29/51 (56.9%)
   자극 B: 49/49 (100.0%)

=== 학습 후 자극별 출력 (선택 이전의 원 신호) ===
  자극 A → 정답 L | out_L=  42  out_R=  42  차이    +0 | KC 113개
  자극 B → 정답 R | out_L=   9  out_R=  42  차이   -33 | KC 128개

=== 가중치 구조 (A전용 KC 90개, B전용 KC 105개) ===
  A전용 KC → out_L 평균 0.5000 | out_R 평균 0.5000 | 차이 +0.0000 (정답은 out_L) **반대**
  B전용 KC → out_L 평균 0.5000 | out_R 평균 0.5000 | 차이 +0.0000 (정답은 out_R) **정답쪽 우세**

=== 가중치 변화 ===
  kc_out_l: n=8030 |Δ|평균 0.00000 변화율   0.0% | 평균 0.500→0.500 | std 0.0000→0.0000
  kc_out_r: n=8008 |Δ|평균 0.00000 변화율   0.0% | 평균 0.500→0.500 | std 0.0000→0.0000

=== 요약 (mode=frozen seed=47) ===
  첫 구간 56.2% → 마지막 구간 54.5% | 변화 -1.7%p | 보상률 0.0%
=> MINCIRC mode=frozen seed=47 first=56.2 last=54.5 delta=-1.7 reward=0.0 **eval=78.0** tie=51 trialseed=600
