[관계] 항목 8개(훈련 4, 새 4), 반쪽 50 중 활성 15, 항목 간 겹침 3~9(평균 5.1), 새↔훈련 겹침 4~7, 패턴 64개(S 8, D 56)
make: Entering directory '/root/e133_main_run/minimal_circuit_CODE'
make: Leaving directory '/root/e133_main_run/minimal_circuit_CODE'
[KC불러옴] /mnt/c/Users/JungHyun/Desktop/brain/BrainSimulation-rebuild/research/experiments/traces/E133/dev_corr_w60.npz | 일치형 같은 위치 348/400 | 불일치형 같은 위치 355/400
  시행    1~ 400: 정답률  61.5%
  시행  401~ 800: 정답률  70.5%
=> SDGEN mode=learn seed=60 trialseed=600 train_same=100.0 train_diff=100.0 train_bal=100.0 novel_same=100.0 novel_diff=39.6 novel_bal=69.8 | ties train:0 novel:6 | n_same/diff train 48/52 novel 47/53
=> SDLAB diff=cyclic rule=samediff mode=learn seed=60 trialseed=600 train_accL=100.0 train_accR=100.0 train_lbal=100.0 novel_accL=100.0 novel_accR=39.6 novel_lbal=69.8

=== 평가 (탐색 없음, 학습 없음, 무작위 순서 100시행) : 정답률 54.0% | 동점 0회 ===
   자극 A: 54/54 (100.0%)
   자극 B: 0/46 (0.0%)

=== 학습 후 자극별 출력 (선택 이전의 원 신호) ===
  자극 A → 정답 L | out_L=  25  out_R=  14  차이   +11 | KC 131개
  자극 B → 정답 R | out_L=  40  out_R=  24  차이   +16 | KC 106개

=== 가중치 구조 (A전용 KC 114개, B전용 KC 89개) ===
  A전용 KC → out_L 평균 0.5784 | out_R 평균 0.5597 | 차이 +0.0187 (정답은 out_L) **정답쪽 우세**
  B전용 KC → out_L 평균 0.5669 | out_R 평균 0.5636 | 차이 +0.0033 (정답은 out_R) **반대**

=== 가중치 변화 ===
  kc_out_l: n=7939 |Δ|평균 0.06334 변화율  69.9% | 평균 0.500→0.553 | std 0.0000→0.0919
  kc_out_r: n=8009 |Δ|평균 0.06155 변화율  70.1% | 평균 0.500→0.553 | std 0.0000→0.0666

=== 요약 (mode=learn seed=60) ===
  첫 구간 61.5% → 마지막 구간 70.5% | 변화 +9.0%p | 보상률 66.0%
=> MINCIRC mode=learn seed=60 first=61.5 last=70.5 delta=+9.0 reward=66.0 **eval=54.0** tie=0 trialseed=600
