[관계] 항목 8개(훈련 4, 새 4), 반쪽 50 중 활성 15, 항목 간 겹침 1~7(평균 4.2), 새↔훈련 겹침 3~7, 패턴 64개(S 8, D 56)
make: Entering directory '/root/e133_main_run/minimal_circuit_CODE'
make: Nothing to be done for 'all'.
make: Leaving directory '/root/e133_main_run/minimal_circuit_CODE'
[KC불러옴] /mnt/c/Users/JungHyun/Desktop/brain/BrainSimulation-rebuild/research/experiments/traces/E133/dev_corr_w54.npz | 일치형 같은 위치 315/400 | 불일치형 같은 위치 320/400
  시행    1~ 400: 정답률  53.5%
  시행  401~ 800: 정답률  67.0%
=> SDGEN mode=learn seed=54 trialseed=601 train_same=100.0 train_diff=78.0 train_bal=89.0 novel_same=100.0 novel_diff=95.3 novel_bal=97.7 | ties train:0 novel:0 | n_same/diff train 50/50 novel 57/43
=> SDLAB diff=cyclic rule=samediff mode=learn seed=54 trialseed=601 train_accL=100.0 train_accR=78.0 train_lbal=89.0 novel_accL=100.0 novel_accR=95.3 novel_lbal=97.7

=== 평가 (탐색 없음, 학습 없음, 무작위 순서 100시행) : 정답률 43.0% | 동점 0회 ===
   자극 A: 0/57 (0.0%)
   자극 B: 43/43 (100.0%)

=== 학습 후 자극별 출력 (선택 이전의 원 신호) ===
  자극 A → 정답 L | out_L=  14  out_R=  31  차이   -17 | KC 115개
  자극 B → 정답 R | out_L=  21  out_R=  44  차이   -23 | KC 110개

=== 가중치 구조 (A전용 KC 99개, B전용 KC 94개) ===
  A전용 KC → out_L 평균 0.5348 | out_R 평균 0.5860 | 차이 -0.0512 (정답은 out_L) **반대**
  B전용 KC → out_L 평균 0.5120 | out_R 평균 0.5695 | 차이 -0.0575 (정답은 out_R) **정답쪽 우세**

=== 가중치 변화 ===
  kc_out_l: n=8045 |Δ|평균 0.06846 변화율  84.0% | 평균 0.500→0.550 | std 0.0000→0.0809
  kc_out_r: n=8053 |Δ|평균 0.05537 변화율  83.7% | 평균 0.500→0.546 | std 0.0000→0.0605

=== 요약 (mode=learn seed=54) ===
  첫 구간 53.5% → 마지막 구간 67.0% | 변화 +13.5%p | 보상률 60.2%
=> MINCIRC mode=learn seed=54 first=53.5 last=67.0 delta=+13.5 reward=60.2 **eval=43.0** tie=0 trialseed=601
