[관계] 항목 8개(훈련 4, 새 4), 반쪽 50 중 활성 15, 항목 간 겹침 2~7(평균 4.4), 새↔훈련 겹침 2~7, 패턴 64개(S 8, D 56)
make: Entering directory '/root/e133_main_run/minimal_circuit_CODE'
make: Leaving directory '/root/e133_main_run/minimal_circuit_CODE'
[KC불러옴] /mnt/c/Users/JungHyun/Desktop/brain/BrainSimulation-rebuild/research/experiments/traces/E133/dev_corr_w52.npz | 일치형 같은 위치 380/400 | 불일치형 같은 위치 373/400
  시행    1~ 400: 정답률  60.0%
  시행  401~ 800: 정답률  70.8%
=> SDGEN mode=learn seed=52 trialseed=600 train_same=100.0 train_diff=100.0 train_bal=100.0 novel_same=100.0 novel_diff=98.1 novel_bal=99.0 | ties train:0 novel:2 | n_same/diff train 42/58 novel 48/52
=> SDLAB diff=cyclic rule=samediff mode=learn seed=52 trialseed=600 train_accL=100.0 train_accR=100.0 train_lbal=100.0 novel_accL=100.0 novel_accR=98.1 novel_lbal=99.0

=== 평가 (탐색 없음, 학습 없음, 무작위 순서 100시행) : 정답률 56.0% | 동점 0회 ===
   자극 A: 0/44 (0.0%)
   자극 B: 56/56 (100.0%)

=== 학습 후 자극별 출력 (선택 이전의 원 신호) ===
  자극 A → 정답 L | out_L=  22  out_R=  45  차이   -23 | KC 118개
  자극 B → 정답 R | out_L=   9  out_R=  20  차이   -11 | KC 130개

=== 가중치 구조 (A전용 KC 104개, B전용 KC 116개) ===
  A전용 KC → out_L 평균 0.5132 | out_R 평균 0.5742 | 차이 -0.0610 (정답은 out_L) **반대**
  B전용 KC → out_L 평균 0.5387 | out_R 평균 0.5445 | 차이 -0.0058 (정답은 out_R) **정답쪽 우세**

=== 가중치 변화 ===
  kc_out_l: n=7970 |Δ|평균 0.06584 변화율  73.1% | 평균 0.500→0.556 | std 0.0000→0.0882
  kc_out_r: n=7989 |Δ|평균 0.06044 변화율  73.3% | 평균 0.500→0.550 | std 0.0000→0.0666

=== 요약 (mode=learn seed=52) ===
  첫 구간 60.0% → 마지막 구간 70.8% | 변화 +10.8%p | 보상률 65.4%
=> MINCIRC mode=learn seed=52 first=60.0 last=70.8 delta=+10.8 reward=65.4 **eval=56.0** tie=0 trialseed=600
