[관계] 항목 8개(훈련 4, 새 4), 반쪽 50 중 활성 15, 항목 간 겹침 2~6(평균 4.0), 새↔훈련 겹침 2~6, 패턴 64개(S 8, D 56)
make: Entering directory '/root/e133_main_run/minimal_circuit_CODE'
make: Leaving directory '/root/e133_main_run/minimal_circuit_CODE'
[KC불러옴] /mnt/c/Users/JungHyun/Desktop/brain/BrainSimulation-rebuild/research/experiments/traces/E133/dev_corr_w53.npz | 일치형 같은 위치 362/400 | 불일치형 같은 위치 368/400
  시행    1~ 400: 정답률  57.5%
  시행  401~ 800: 정답률  65.5%
=> SDGEN mode=learn seed=53 trialseed=600 train_same=100.0 train_diff=75.9 train_bal=88.0 novel_same=100.0 novel_diff=56.7 novel_bal=78.3 | ties train:0 novel:7 | n_same/diff train 46/54 novel 40/60
=> SDLAB diff=cyclic rule=samediff mode=learn seed=53 trialseed=600 train_accL=100.0 train_accR=75.9 train_lbal=88.0 novel_accL=100.0 novel_accR=56.7 novel_lbal=78.3

=== 평가 (탐색 없음, 학습 없음, 무작위 순서 100시행) : 정답률 57.0% | 동점 0회 ===
   자극 A: 57/57 (100.0%)
   자극 B: 0/43 (0.0%)

=== 학습 후 자극별 출력 (선택 이전의 원 신호) ===
  자극 A → 정답 L | out_L=  47  out_R=  36  차이   +11 | KC 112개
  자극 B → 정답 R | out_L=  20  out_R=  19  차이    +1 | KC 140개

=== 가중치 구조 (A전용 KC 109개, B전용 KC 137개) ===
  A전용 KC → out_L 평균 0.5535 | out_R 평균 0.5468 | 차이 +0.0067 (정답은 out_L) **정답쪽 우세**
  B전용 KC → out_L 평균 0.5749 | out_R 평균 0.5645 | 차이 +0.0104 (정답은 out_R) **반대**

=== 가중치 변화 ===
  kc_out_l: n=8030 |Δ|평균 0.06886 변화율  78.2% | 평균 0.500→0.555 | std 0.0000→0.0869
  kc_out_r: n=7941 |Δ|평균 0.05216 변화율  78.6% | 평균 0.500→0.542 | std 0.0000→0.0599

=== 요약 (mode=learn seed=53) ===
  첫 구간 57.5% → 마지막 구간 65.5% | 변화 +8.0%p | 보상률 61.5%
=> MINCIRC mode=learn seed=53 first=57.5 last=65.5 delta=+8.0 reward=61.5 **eval=57.0** tie=0 trialseed=600
