[관계] 항목 8개(훈련 4, 새 4), 반쪽 50 중 활성 15, 항목 간 겹침 2~7(평균 5.1), 새↔훈련 겹침 2~7, 패턴 64개(S 8, D 56)
make: Entering directory '/root/e133_main_run/minimal_circuit_CODE'
make: Nothing to be done for 'all'.
make: Leaving directory '/root/e133_main_run/minimal_circuit_CODE'
[KC불러옴] /mnt/c/Users/JungHyun/Desktop/brain/BrainSimulation-rebuild/research/experiments/traces/E133/dev_corr_w50.npz | 일치형 같은 위치 374/400 | 불일치형 같은 위치 381/400
  시행    1~ 400: 정답률  51.0%
  시행  401~ 800: 정답률  53.2%
=> SDGEN mode=frozen seed=50 trialseed=601 train_same=100.0 train_diff=19.6 train_bal=59.8 novel_same=27.5 novel_diff=63.3 novel_bal=45.4 | ties train:0 novel:5 | n_same/diff train 49/51 novel 51/49
=> SDLAB diff=cyclic rule=samediff mode=frozen seed=50 trialseed=601 train_accL=100.0 train_accR=19.6 train_lbal=59.8 novel_accL=27.5 novel_accR=63.3 novel_lbal=45.4

=== 평가 (탐색 없음, 학습 없음, 무작위 순서 100시행) : 정답률 0.0% | 동점 0회 ===
   자극 A: 0/48 (0.0%)
   자극 B: 0/52 (0.0%)

=== 학습 후 자극별 출력 (선택 이전의 원 신호) ===
  자극 A → 정답 L | out_L=  22  out_R=  30  차이    -8 | KC 115개
  자극 B → 정답 R | out_L=  45  out_R=  43  차이    +2 | KC 121개

=== 가중치 구조 (A전용 KC 97개, B전용 KC 103개) ===
  A전용 KC → out_L 평균 0.5000 | out_R 평균 0.5000 | 차이 +0.0000 (정답은 out_L) **반대**
  B전용 KC → out_L 평균 0.5000 | out_R 평균 0.5000 | 차이 +0.0000 (정답은 out_R) **정답쪽 우세**

=== 가중치 변화 ===
  kc_out_l: n=7959 |Δ|평균 0.00000 변화율   0.0% | 평균 0.500→0.500 | std 0.0000→0.0000
  kc_out_r: n=7885 |Δ|평균 0.00000 변화율   0.0% | 평균 0.500→0.500 | std 0.0000→0.0000

=== 요약 (mode=frozen seed=50) ===
  첫 구간 51.0% → 마지막 구간 53.2% | 변화 +2.2%p | 보상률 0.0%
=> MINCIRC mode=frozen seed=50 first=51.0 last=53.2 delta=+2.2 reward=0.0 **eval=0.0** tie=0 trialseed=601
