[관계] 항목 8개(훈련 4, 새 4), 반쪽 50 중 활성 15, 항목 간 겹침 2~11(평균 4.6), 새↔훈련 겹침 3~5, 패턴 64개(S 8, D 56)
make: Entering directory '/root/e133_main_run/minimal_circuit_CODE'
make: Leaving directory '/root/e133_main_run/minimal_circuit_CODE'
[KC불러옴] /mnt/c/Users/JungHyun/Desktop/brain/BrainSimulation-rebuild/research/experiments/traces/E133/dev_corr_w58.npz | 일치형 같은 위치 361/400 | 불일치형 같은 위치 362/400
  시행    1~ 400: 정답률  58.2%
  시행  401~ 800: 정답률  70.5%
=> SDGEN mode=learn seed=58 trialseed=600 train_same=100.0 train_diff=93.0 train_bal=96.5 novel_same=100.0 novel_diff=46.8 novel_bal=73.4 | ties train:10 novel:0 | n_same/diff train 43/57 novel 53/47
=> SDLAB diff=cyclic rule=samediff mode=learn seed=58 trialseed=600 train_accL=100.0 train_accR=93.0 train_lbal=96.5 novel_accL=100.0 novel_accR=46.8 novel_lbal=73.4

=== 평가 (탐색 없음, 학습 없음, 무작위 순서 100시행) : 정답률 100.0% | 동점 0회 ===
   자극 A: 51/51 (100.0%)
   자극 B: 49/49 (100.0%)

=== 학습 후 자극별 출력 (선택 이전의 원 신호) ===
  자극 A → 정답 L | out_L=  30  out_R=  28  차이    +2 | KC 118개
  자극 B → 정답 R | out_L=  23  out_R=  38  차이   -15 | KC 99개

=== 가중치 구조 (A전용 KC 114개, B전용 KC 95개) ===
  A전용 KC → out_L 평균 0.5426 | out_R 평균 0.5439 | 차이 -0.0013 (정답은 out_L) **반대**
  B전용 KC → out_L 평균 0.5386 | out_R 평균 0.5718 | 차이 -0.0332 (정답은 out_R) **정답쪽 우세**

=== 가중치 변화 ===
  kc_out_l: n=7897 |Δ|평균 0.06719 변화율  71.2% | 평균 0.500→0.554 | std 0.0000→0.0900
  kc_out_r: n=7871 |Δ|평균 0.05453 변화율  70.6% | 평균 0.500→0.545 | std 0.0000→0.0696

=== 요약 (mode=learn seed=58) ===
  첫 구간 58.2% → 마지막 구간 70.5% | 변화 +12.2%p | 보상률 64.4%
=> MINCIRC mode=learn seed=58 first=58.2 last=70.5 delta=+12.2 reward=64.4 **eval=100.0** tie=0 trialseed=600
