[관계] 항목 8개(훈련 4, 새 4), 반쪽 50 중 활성 15, 항목 간 겹침 1~8(평균 4.7), 새↔훈련 겹침 1~8, 패턴 64개(S 8, D 56)
make: Entering directory '/root/e133_main_run/minimal_circuit_CODE'
make: Nothing to be done for 'all'.
make: Leaving directory '/root/e133_main_run/minimal_circuit_CODE'
[KC불러옴] /mnt/c/Users/JungHyun/Desktop/brain/BrainSimulation-rebuild/research/experiments/traces/E133/dev_corr_w48.npz | 일치형 같은 위치 388/400 | 불일치형 같은 위치 385/400
  시행    1~ 400: 정답률  51.5%
  시행  401~ 800: 정답률  67.5%
=> SDGEN mode=learn seed=48 trialseed=601 train_same=100.0 train_diff=100.0 train_bal=100.0 novel_same=100.0 novel_diff=80.8 novel_bal=90.4 | ties train:0 novel:0 | n_same/diff train 50/50 novel 48/52
=> SDLAB diff=cyclic rule=samediff mode=learn seed=48 trialseed=601 train_accL=100.0 train_accR=100.0 train_lbal=100.0 novel_accL=100.0 novel_accR=80.8 novel_lbal=90.4

=== 평가 (탐색 없음, 학습 없음, 무작위 순서 100시행) : 정답률 100.0% | 동점 0회 ===
   자극 A: 50/50 (100.0%)
   자극 B: 50/50 (100.0%)

=== 학습 후 자극별 출력 (선택 이전의 원 신호) ===
  자극 A → 정답 L | out_L=  41  out_R=  14  차이   +27 | KC 123개
  자극 B → 정답 R | out_L=  31  out_R=  36  차이    -5 | KC 101개

=== 가중치 구조 (A전용 KC 112개, B전용 KC 90개) ===
  A전용 KC → out_L 평균 0.5119 | out_R 평균 0.5269 | 차이 -0.0149 (정답은 out_L) **반대**
  B전용 KC → out_L 평균 0.5142 | out_R 평균 0.5678 | 차이 -0.0536 (정답은 out_R) **정답쪽 우세**

=== 가중치 변화 ===
  kc_out_l: n=8099 |Δ|평균 0.05747 변화율  66.6% | 평균 0.500→0.539 | std 0.0000→0.0825
  kc_out_r: n=8006 |Δ|평균 0.05039 변화율  66.2% | 평균 0.500→0.542 | std 0.0000→0.0641

=== 요약 (mode=learn seed=48) ===
  첫 구간 51.5% → 마지막 구간 67.5% | 변화 +16.0%p | 보상률 59.5%
=> MINCIRC mode=learn seed=48 first=51.5 last=67.5 delta=+16.0 reward=59.5 **eval=100.0** tie=0 trialseed=601
