[관계] 항목 8개(훈련 4, 새 4), 반쪽 50 중 활성 15, 항목 간 겹침 2~8(평균 4.6), 새↔훈련 겹침 3~7, 패턴 64개(S 8, D 56)
make: Entering directory '/root/e133_main_run/minimal_circuit_CODE'
make: Nothing to be done for 'all'.
make: Leaving directory '/root/e133_main_run/minimal_circuit_CODE'
[KC불러옴] /mnt/c/Users/JungHyun/Desktop/brain/BrainSimulation-rebuild/research/experiments/traces/E133/dev_corr_w46.npz | 일치형 같은 위치 319/400 | 불일치형 같은 위치 320/400
  시행    1~ 400: 정답률  51.0%
  시행  401~ 800: 정답률  53.2%
=> SDGEN mode=frozen seed=46 trialseed=601 train_same=100.0 train_diff=20.8 train_bal=60.4 novel_same=80.0 novel_diff=22.0 novel_bal=51.0 | ties train:0 novel:31 | n_same/diff train 52/48 novel 50/50
=> SDLAB diff=cyclic rule=samediff mode=frozen seed=46 trialseed=601 train_accL=100.0 train_accR=20.8 train_lbal=60.4 novel_accL=80.0 novel_accR=22.0 novel_lbal=51.0

=== 평가 (탐색 없음, 학습 없음, 무작위 순서 100시행) : 정답률 100.0% | 동점 0회 ===
   자극 A: 57/57 (100.0%)
   자극 B: 43/43 (100.0%)

=== 학습 후 자극별 출력 (선택 이전의 원 신호) ===
  자극 A → 정답 L | out_L=  46  out_R=  23  차이   +23 | KC 128개
  자극 B → 정답 R | out_L=  41  out_R=  42  차이    -1 | KC 113개

=== 가중치 구조 (A전용 KC 116개, B전용 KC 101개) ===
  A전용 KC → out_L 평균 0.5000 | out_R 평균 0.5000 | 차이 +0.0000 (정답은 out_L) **반대**
  B전용 KC → out_L 평균 0.5000 | out_R 평균 0.5000 | 차이 +0.0000 (정답은 out_R) **정답쪽 우세**

=== 가중치 변화 ===
  kc_out_l: n=8099 |Δ|평균 0.00000 변화율   0.0% | 평균 0.500→0.500 | std 0.0000→0.0000
  kc_out_r: n=7952 |Δ|평균 0.00000 변화율   0.0% | 평균 0.500→0.500 | std 0.0000→0.0000

=== 요약 (mode=frozen seed=46) ===
  첫 구간 51.0% → 마지막 구간 53.2% | 변화 +2.2%p | 보상률 0.0%
=> MINCIRC mode=frozen seed=46 first=51.0 last=53.2 delta=+2.2 reward=0.0 **eval=100.0** tie=0 trialseed=601
