[관계] 항목 8개(훈련 4, 새 4), 반쪽 50 중 활성 15, 항목 간 겹침 2~8(평균 4.3), 새↔훈련 겹침 2~7, 패턴 64개(S 8, D 56)
make: Entering directory '/root/e133_main_run/minimal_circuit_CODE'
make: Leaving directory '/root/e133_main_run/minimal_circuit_CODE'
[KC불러옴] /mnt/c/Users/JungHyun/Desktop/brain/BrainSimulation-rebuild/research/experiments/traces/E133/dev_corr_w55.npz | 일치형 같은 위치 377/400 | 불일치형 같은 위치 388/400
  시행    1~ 400: 정답률  55.0%
  시행  401~ 800: 정답률  65.0%
=> SDGEN mode=learn seed=55 trialseed=600 train_same=100.0 train_diff=61.4 train_bal=80.7 novel_same=100.0 novel_diff=100.0 novel_bal=100.0 | ties train:0 novel:0 | n_same/diff train 56/44 novel 51/49
=> SDLAB diff=cyclic rule=samediff mode=learn seed=55 trialseed=600 train_accL=100.0 train_accR=61.4 train_lbal=80.7 novel_accL=100.0 novel_accR=100.0 novel_lbal=100.0

=== 평가 (탐색 없음, 학습 없음, 무작위 순서 100시행) : 정답률 100.0% | 동점 0회 ===
   자극 A: 57/57 (100.0%)
   자극 B: 43/43 (100.0%)

=== 학습 후 자극별 출력 (선택 이전의 원 신호) ===
  자극 A → 정답 L | out_L=  16  out_R=  11  차이    +5 | KC 137개
  자극 B → 정답 R | out_L=  15  out_R=  43  차이   -28 | KC 107개

=== 가중치 구조 (A전용 KC 126개, B전용 KC 96개) ===
  A전용 KC → out_L 평균 0.5544 | out_R 평균 0.5447 | 차이 +0.0097 (정답은 out_L) **정답쪽 우세**
  B전용 KC → out_L 평균 0.5163 | out_R 평균 0.5556 | 차이 -0.0394 (정답은 out_R) **정답쪽 우세**

=== 가중치 변화 ===
  kc_out_l: n=7942 |Δ|평균 0.06201 변화율  72.0% | 평균 0.500→0.546 | std 0.0000→0.0883
  kc_out_r: n=8013 |Δ|평균 0.05212 변화율  72.8% | 평균 0.500→0.544 | std 0.0000→0.0573

=== 요약 (mode=learn seed=55) ===
  첫 구간 55.0% → 마지막 구간 65.0% | 변화 +10.0%p | 보상률 60.0%
=> MINCIRC mode=learn seed=55 first=55.0 last=65.0 delta=+10.0 reward=60.0 **eval=100.0** tie=0 trialseed=600
