[관계] 항목 8개(훈련 4, 새 4), 반쪽 50 중 활성 15, 항목 간 겹침 2~6(평균 4.4), 새↔훈련 겹침 2~6, 패턴 64개(S 8, D 56)
make: Entering directory '/root/e133_main_run/minimal_circuit_CODE'
make: Leaving directory '/root/e133_main_run/minimal_circuit_CODE'
[KC불러옴] /mnt/c/Users/JungHyun/Desktop/brain/BrainSimulation-rebuild/research/experiments/traces/E133/dev_corr_w61.npz | 일치형 같은 위치 362/400 | 불일치형 같은 위치 358/400
  시행    1~ 400: 정답률  56.5%
  시행  401~ 800: 정답률  65.2%
=> SDGEN mode=learn seed=61 trialseed=600 train_same=100.0 train_diff=72.9 train_bal=86.5 novel_same=100.0 novel_diff=79.6 novel_bal=89.8 | ties train:0 novel:0 | n_same/diff train 52/48 novel 51/49
=> SDLAB diff=cyclic rule=samediff mode=learn seed=61 trialseed=600 train_accL=100.0 train_accR=72.9 train_lbal=86.5 novel_accL=100.0 novel_accR=79.6 novel_lbal=89.8

=== 평가 (탐색 없음, 학습 없음, 무작위 순서 100시행) : 정답률 62.0% | 동점 0회 ===
   자극 A: 0/38 (0.0%)
   자극 B: 62/62 (100.0%)

=== 학습 후 자극별 출력 (선택 이전의 원 신호) ===
  자극 A → 정답 L | out_L=  10  out_R=  23  차이   -13 | KC 124개
  자극 B → 정답 R | out_L=  32  out_R=  42  차이   -10 | KC 119개

=== 가중치 구조 (A전용 KC 115개, B전용 KC 110개) ===
  A전용 KC → out_L 평균 0.5080 | out_R 평균 0.5551 | 차이 -0.0471 (정답은 out_L) **반대**
  B전용 KC → out_L 평균 0.5363 | out_R 평균 0.5507 | 차이 -0.0144 (정답은 out_R) **정답쪽 우세**

=== 가중치 변화 ===
  kc_out_l: n=7969 |Δ|평균 0.06792 변화율  72.3% | 평균 0.500→0.551 | std 0.0000→0.0911
  kc_out_r: n=8035 |Δ|평균 0.04804 변화율  71.0% | 평균 0.500→0.541 | std 0.0000→0.0561

=== 요약 (mode=learn seed=61) ===
  첫 구간 56.5% → 마지막 구간 65.2% | 변화 +8.8%p | 보상률 60.9%
=> MINCIRC mode=learn seed=61 first=56.5 last=65.2 delta=+8.8 reward=60.9 **eval=62.0** tie=0 trialseed=600
