[관계] 항목 8개(훈련 4, 새 4), 반쪽 50 중 활성 15, 항목 간 겹침 2~8(평균 4.9), 새↔훈련 겹침 3~8, 패턴 64개(S 8, D 56)
make: Entering directory '/root/e133_main_run/minimal_circuit_CODE'
make: Nothing to be done for 'all'.
make: Leaving directory '/root/e133_main_run/minimal_circuit_CODE'
[KC불러옴] /mnt/c/Users/JungHyun/Desktop/brain/BrainSimulation-rebuild/research/experiments/traces/E133/dev_corr_w57.npz | 일치형 같은 위치 370/400 | 불일치형 같은 위치 381/400
  시행    1~ 400: 정답률  42.2%
  시행  401~ 800: 정답률  49.8%
=> SDGEN mode=frozen seed=57 trialseed=601 train_same=23.4 train_diff=60.4 train_bal=41.9 novel_same=42.6 novel_diff=63.0 novel_bal=52.8 | ties train:12 novel:8 | n_same/diff train 47/53 novel 54/46
=> SDLAB diff=cyclic rule=samediff mode=frozen seed=57 trialseed=601 train_accL=23.4 train_accR=60.4 train_lbal=41.9 novel_accL=42.6 novel_accR=63.0 novel_lbal=52.8

=== 평가 (탐색 없음, 학습 없음, 무작위 순서 100시행) : 정답률 47.0% | 동점 0회 ===
   자극 A: 47/47 (100.0%)
   자극 B: 0/53 (0.0%)

=== 학습 후 자극별 출력 (선택 이전의 원 신호) ===
  자극 A → 정답 L | out_L=  34  out_R=  21  차이   +13 | KC 126개
  자극 B → 정답 R | out_L=  31  out_R=  16  차이   +15 | KC 132개

=== 가중치 구조 (A전용 KC 111개, B전용 KC 117개) ===
  A전용 KC → out_L 평균 0.5000 | out_R 평균 0.5000 | 차이 +0.0000 (정답은 out_L) **반대**
  B전용 KC → out_L 평균 0.5000 | out_R 평균 0.5000 | 차이 +0.0000 (정답은 out_R) **정답쪽 우세**

=== 가중치 변화 ===
  kc_out_l: n=8078 |Δ|평균 0.00000 변화율   0.0% | 평균 0.500→0.500 | std 0.0000→0.0000
  kc_out_r: n=8036 |Δ|평균 0.00000 변화율   0.0% | 평균 0.500→0.500 | std 0.0000→0.0000

=== 요약 (mode=frozen seed=57) ===
  첫 구간 42.2% → 마지막 구간 49.8% | 변화 +7.5%p | 보상률 0.0%
=> MINCIRC mode=frozen seed=57 first=42.2 last=49.8 delta=+7.5 reward=0.0 **eval=47.0** tie=0 trialseed=601
