[관계] 항목 8개(훈련 4, 새 4), 반쪽 50 중 활성 15, 항목 간 겹침 2~6(평균 4.4), 새↔훈련 겹침 2~6, 패턴 64개(S 8, D 56)
make: Entering directory '/root/e133_main_run/minimal_circuit_CODE'
make: Nothing to be done for 'all'.
make: Leaving directory '/root/e133_main_run/minimal_circuit_CODE'
[KC불러옴] /mnt/c/Users/JungHyun/Desktop/brain/BrainSimulation-rebuild/research/experiments/traces/E133/dev_corr_w61.npz | 일치형 같은 위치 362/400 | 불일치형 같은 위치 358/400
  시행    1~ 400: 정답률  43.2%
  시행  401~ 800: 정답률  46.8%
=> SDGEN mode=frozen seed=61 trialseed=601 train_same=68.0 train_diff=10.0 train_bal=39.0 novel_same=0.0 novel_diff=72.7 novel_bal=36.4 | ties train:10 novel:4 | n_same/diff train 50/50 novel 56/44
=> SDLAB diff=cyclic rule=samediff mode=frozen seed=61 trialseed=601 train_accL=68.0 train_accR=10.0 train_lbal=39.0 novel_accL=0.0 novel_accR=72.7 novel_lbal=36.4

=== 평가 (탐색 없음, 학습 없음, 무작위 순서 100시행) : 정답률 38.0% | 동점 0회 ===
   자극 A: 38/38 (100.0%)
   자극 B: 0/62 (0.0%)

=== 학습 후 자극별 출력 (선택 이전의 원 신호) ===
  자극 A → 정답 L | out_L=  41  out_R=  11  차이   +30 | KC 124개
  자극 B → 정답 R | out_L=  43  out_R=  37  차이    +6 | KC 119개

=== 가중치 구조 (A전용 KC 115개, B전용 KC 110개) ===
  A전용 KC → out_L 평균 0.5000 | out_R 평균 0.5000 | 차이 +0.0000 (정답은 out_L) **반대**
  B전용 KC → out_L 평균 0.5000 | out_R 평균 0.5000 | 차이 +0.0000 (정답은 out_R) **정답쪽 우세**

=== 가중치 변화 ===
  kc_out_l: n=7969 |Δ|평균 0.00000 변화율   0.0% | 평균 0.500→0.500 | std 0.0000→0.0000
  kc_out_r: n=8035 |Δ|평균 0.00000 변화율   0.0% | 평균 0.500→0.500 | std 0.0000→0.0000

=== 요약 (mode=frozen seed=61) ===
  첫 구간 43.2% → 마지막 구간 46.8% | 변화 +3.5%p | 보상률 0.0%
=> MINCIRC mode=frozen seed=61 first=43.2 last=46.8 delta=+3.5 reward=0.0 **eval=38.0** tie=0 trialseed=601
