[관계] 항목 8개(훈련 4, 새 4), 반쪽 50 중 활성 15, 항목 간 겹침 1~8(평균 4.7), 새↔훈련 겹침 1~8, 패턴 64개(S 8, D 56)
make: Entering directory '/root/e133_main_run/minimal_circuit_CODE'
make: Nothing to be done for 'all'.
make: Leaving directory '/root/e133_main_run/minimal_circuit_CODE'
[KC불러옴] /mnt/c/Users/JungHyun/Desktop/brain/BrainSimulation-rebuild/research/experiments/traces/E133/dev_corr_w48.npz | 일치형 같은 위치 388/400 | 불일치형 같은 위치 385/400
  시행    1~ 400: 정답률  44.5%
  시행  401~ 800: 정답률  47.2%
=> SDGEN mode=frozen seed=48 trialseed=601 train_same=50.0 train_diff=60.0 train_bal=55.0 novel_same=51.1 novel_diff=49.1 novel_bal=50.1 | ties train:0 novel:2 | n_same/diff train 50/50 novel 45/55
=> SDLAB diff=cyclic rule=samediff mode=frozen seed=48 trialseed=601 train_accL=50.0 train_accR=60.0 train_lbal=55.0 novel_accL=51.1 novel_accR=49.1 novel_lbal=50.1

=== 평가 (탐색 없음, 학습 없음, 무작위 순서 100시행) : 정답률 100.0% | 동점 0회 ===
   자극 A: 50/50 (100.0%)
   자극 B: 50/50 (100.0%)

=== 학습 후 자극별 출력 (선택 이전의 원 신호) ===
  자극 A → 정답 L | out_L=  45  out_R=  14  차이   +31 | KC 123개
  자극 B → 정답 R | out_L=  27  out_R=  28  차이    -1 | KC 101개

=== 가중치 구조 (A전용 KC 112개, B전용 KC 90개) ===
  A전용 KC → out_L 평균 0.5000 | out_R 평균 0.5000 | 차이 +0.0000 (정답은 out_L) **반대**
  B전용 KC → out_L 평균 0.5000 | out_R 평균 0.5000 | 차이 +0.0000 (정답은 out_R) **정답쪽 우세**

=== 가중치 변화 ===
  kc_out_l: n=8099 |Δ|평균 0.00000 변화율   0.0% | 평균 0.500→0.500 | std 0.0000→0.0000
  kc_out_r: n=8006 |Δ|평균 0.00000 변화율   0.0% | 평균 0.500→0.500 | std 0.0000→0.0000

=== 요약 (mode=frozen seed=48) ===
  첫 구간 44.5% → 마지막 구간 47.2% | 변화 +2.8%p | 보상률 0.0%
=> MINCIRC mode=frozen seed=48 first=44.5 last=47.2 delta=+2.8 reward=0.0 **eval=100.0** tie=0 trialseed=601
