[관계] 항목 8개(훈련 4, 새 4), 반쪽 50 중 활성 15, 항목 간 겹침 3~9(평균 5.1), 새↔훈련 겹침 4~7, 패턴 64개(S 8, D 56)
make: Entering directory '/root/e133_main_run/minimal_circuit_CODE'
make: Nothing to be done for 'all'.
make: Leaving directory '/root/e133_main_run/minimal_circuit_CODE'
[KC불러옴] /mnt/c/Users/JungHyun/Desktop/brain/BrainSimulation-rebuild/research/experiments/traces/E133/dev_corr_w60.npz | 일치형 같은 위치 348/400 | 불일치형 같은 위치 355/400
  시행    1~ 400: 정답률  60.5%
  시행  401~ 800: 정답률  70.8%
=> SDGEN mode=learn seed=60 trialseed=601 train_same=100.0 train_diff=100.0 train_bal=100.0 novel_same=100.0 novel_diff=66.7 novel_bal=83.3 | ties train:0 novel:0 | n_same/diff train 48/52 novel 49/51
=> SDLAB diff=cyclic rule=samediff mode=learn seed=60 trialseed=601 train_accL=100.0 train_accR=100.0 train_lbal=100.0 novel_accL=100.0 novel_accR=66.7 novel_lbal=83.3

=== 평가 (탐색 없음, 학습 없음, 무작위 순서 100시행) : 정답률 0.0% | 동점 0회 ===
   자극 A: 0/54 (0.0%)
   자극 B: 0/46 (0.0%)

=== 학습 후 자극별 출력 (선택 이전의 원 신호) ===
  자극 A → 정답 L | out_L=  13  out_R=  14  차이    -1 | KC 131개
  자극 B → 정답 R | out_L=  39  out_R=  28  차이   +11 | KC 106개

=== 가중치 구조 (A전용 KC 114개, B전용 KC 89개) ===
  A전용 KC → out_L 평균 0.5716 | out_R 평균 0.5658 | 차이 +0.0058 (정답은 out_L) **정답쪽 우세**
  B전용 KC → out_L 평균 0.5543 | out_R 평균 0.5680 | 차이 -0.0138 (정답은 out_R) **정답쪽 우세**

=== 가중치 변화 ===
  kc_out_l: n=7939 |Δ|평균 0.05900 변화율  69.9% | 평균 0.500→0.548 | std 0.0000→0.0850
  kc_out_r: n=8009 |Δ|평균 0.06577 변화율  70.1% | 평균 0.500→0.558 | std 0.0000→0.0711

=== 요약 (mode=learn seed=60) ===
  첫 구간 60.5% → 마지막 구간 70.8% | 변화 +10.2%p | 보상률 65.6%
=> MINCIRC mode=learn seed=60 first=60.5 last=70.8 delta=+10.2 reward=65.6 **eval=0.0** tie=0 trialseed=601
