[관계] 항목 8개(훈련 4, 새 4), 반쪽 50 중 활성 15, 항목 간 겹침 1~7(평균 4.2), 새↔훈련 겹침 1~7, 패턴 64개(S 8, D 56)
make: Entering directory '/root/e133_main_run/minimal_circuit_CODE'
make: Nothing to be done for 'all'.
make: Leaving directory '/root/e133_main_run/minimal_circuit_CODE'
[KC불러옴] /mnt/c/Users/JungHyun/Desktop/brain/BrainSimulation-rebuild/research/experiments/traces/E133/dev_corr_w59.npz | 일치형 같은 위치 353/400 | 불일치형 같은 위치 365/400
  시행    1~ 400: 정답률  47.5%
  시행  401~ 800: 정답률  55.2%
=> SDGEN mode=learn seed=59 trialseed=601 train_same=100.0 train_diff=24.0 train_bal=62.0 novel_same=100.0 novel_diff=66.7 novel_bal=83.3 | ties train:0 novel:5 | n_same/diff train 50/50 novel 64/36
=> SDLAB diff=cyclic rule=samediff mode=learn seed=59 trialseed=601 train_accL=100.0 train_accR=24.0 train_lbal=62.0 novel_accL=100.0 novel_accR=66.7 novel_lbal=83.3

=== 평가 (탐색 없음, 학습 없음, 무작위 순서 100시행) : 정답률 44.0% | 동점 0회 ===
   자극 A: 0/56 (0.0%)
   자극 B: 44/44 (100.0%)

=== 학습 후 자극별 출력 (선택 이전의 원 신호) ===
  자극 A → 정답 L | out_L=  23  out_R=  45  차이   -22 | KC 114개
  자극 B → 정답 R | out_L=  11  out_R=  25  차이   -14 | KC 134개

=== 가중치 구조 (A전용 KC 99개, B전용 KC 119개) ===
  A전용 KC → out_L 평균 0.5011 | out_R 평균 0.5412 | 차이 -0.0401 (정답은 out_L) **반대**
  B전용 KC → out_L 평균 0.5085 | out_R 평균 0.5320 | 차이 -0.0235 (정답은 out_R) **정답쪽 우세**

=== 가중치 변화 ===
  kc_out_l: n=7973 |Δ|평균 0.06295 변화율  67.6% | 평균 0.500→0.540 | std 0.0000→0.0843
  kc_out_r: n=7988 |Δ|평균 0.03078 변화율  67.4% | 평균 0.500→0.526 | std 0.0000→0.0425

=== 요약 (mode=learn seed=59) ===
  첫 구간 47.5% → 마지막 구간 55.2% | 변화 +7.8%p | 보상률 51.4%
=> MINCIRC mode=learn seed=59 first=47.5 last=55.2 delta=+7.8 reward=51.4 **eval=44.0** tie=0 trialseed=601
