[관계] 항목 8개(훈련 4, 새 4), 반쪽 50 중 활성 15, 항목 간 겹침 1~7(평균 4.8), 새↔훈련 겹침 1~7, 패턴 64개(S 8, D 56)
make: Entering directory '/root/e133_main_run/minimal_circuit_CODE'
make: Nothing to be done for 'all'.
make: Leaving directory '/root/e133_main_run/minimal_circuit_CODE'
[KC불러옴] /mnt/c/Users/JungHyun/Desktop/brain/BrainSimulation-rebuild/research/experiments/traces/E133/dev_corr_w49.npz | 일치형 같은 위치 352/400 | 불일치형 같은 위치 358/400
  시행    1~ 400: 정답률  53.2%
  시행  401~ 800: 정답률  69.5%
=> SDGEN mode=learn seed=49 trialseed=601 train_same=100.0 train_diff=100.0 train_bal=100.0 novel_same=100.0 novel_diff=100.0 novel_bal=100.0 | ties train:0 novel:0 | n_same/diff train 43/57 novel 53/47
=> SDLAB diff=cyclic rule=samediff mode=learn seed=49 trialseed=601 train_accL=100.0 train_accR=100.0 train_lbal=100.0 novel_accL=100.0 novel_accR=100.0 novel_lbal=100.0

=== 평가 (탐색 없음, 학습 없음, 무작위 순서 100시행) : 정답률 57.0% | 동점 0회 ===
   자극 A: 0/43 (0.0%)
   자극 B: 57/57 (100.0%)

=== 학습 후 자극별 출력 (선택 이전의 원 신호) ===
  자극 A → 정답 L | out_L=  16  out_R=  44  차이   -28 | KC 104개
  자극 B → 정답 R | out_L=  19  out_R=  44  차이   -25 | KC 106개

=== 가중치 구조 (A전용 KC 95개, B전용 KC 97개) ===
  A전용 KC → out_L 평균 0.5167 | out_R 평균 0.5583 | 차이 -0.0416 (정답은 out_L) **반대**
  B전용 KC → out_L 평균 0.5432 | out_R 평균 0.5635 | 차이 -0.0203 (정답은 out_R) **정답쪽 우세**

=== 가중치 변화 ===
  kc_out_l: n=7775 |Δ|평균 0.06162 변화율  73.0% | 평균 0.500→0.547 | std 0.0000→0.0814
  kc_out_r: n=7962 |Δ|평균 0.05535 변화율  72.2% | 평균 0.500→0.547 | std 0.0000→0.0637

=== 요약 (mode=learn seed=49) ===
  첫 구간 53.2% → 마지막 구간 69.5% | 변화 +16.2%p | 보상률 61.4%
=> MINCIRC mode=learn seed=49 first=53.2 last=69.5 delta=+16.2 reward=61.4 **eval=57.0** tie=0 trialseed=601
