[관계] 항목 8개(훈련 4, 새 4), 반쪽 50 중 활성 15, 항목 간 겹침 2~11(평균 4.6), 새↔훈련 겹침 3~5, 패턴 64개(S 8, D 56)
make: Entering directory '/root/e133_main_run/minimal_circuit_CODE'
make: Nothing to be done for 'all'.
make: Leaving directory '/root/e133_main_run/minimal_circuit_CODE'
[KC불러옴] /mnt/c/Users/JungHyun/Desktop/brain/BrainSimulation-rebuild/research/experiments/traces/E133/dev_corr_w58.npz | 일치형 같은 위치 361/400 | 불일치형 같은 위치 362/400
  시행    1~ 400: 정답률  56.2%
  시행  401~ 800: 정답률  68.0%
=> SDGEN mode=learn seed=58 trialseed=601 train_same=100.0 train_diff=100.0 train_bal=100.0 novel_same=100.0 novel_diff=45.8 novel_bal=72.9 | ties train:0 novel:0 | n_same/diff train 41/59 novel 52/48
=> SDLAB diff=cyclic rule=samediff mode=learn seed=58 trialseed=601 train_accL=100.0 train_accR=100.0 train_lbal=100.0 novel_accL=100.0 novel_accR=45.8 novel_lbal=72.9

=== 평가 (탐색 없음, 학습 없음, 무작위 순서 100시행) : 정답률 49.0% | 동점 0회 ===
   자극 A: 0/51 (0.0%)
   자극 B: 49/49 (100.0%)

=== 학습 후 자극별 출력 (선택 이전의 원 신호) ===
  자극 A → 정답 L | out_L=  29  out_R=  36  차이    -7 | KC 118개
  자극 B → 정답 R | out_L=  23  out_R=  38  차이   -15 | KC 99개

=== 가중치 구조 (A전용 KC 114개, B전용 KC 95개) ===
  A전용 KC → out_L 평균 0.5321 | out_R 평균 0.5393 | 차이 -0.0072 (정답은 out_L) **반대**
  B전용 KC → out_L 평균 0.5356 | out_R 평균 0.5725 | 차이 -0.0369 (정답은 out_R) **정답쪽 우세**

=== 가중치 변화 ===
  kc_out_l: n=7897 |Δ|평균 0.06471 변화율  71.2% | 평균 0.500→0.549 | std 0.0000→0.0857
  kc_out_r: n=7871 |Δ|평균 0.05380 변화율  70.6% | 평균 0.500→0.545 | std 0.0000→0.0684

=== 요약 (mode=learn seed=58) ===
  첫 구간 56.2% → 마지막 구간 68.0% | 변화 +11.8%p | 보상률 62.1%
=> MINCIRC mode=learn seed=58 first=56.2 last=68.0 delta=+11.8 reward=62.1 **eval=49.0** tie=0 trialseed=601
