[관계] 항목 8개(훈련 4, 새 4), 반쪽 50 중 활성 15, 항목 간 겹침 2~6(평균 4.0), 새↔훈련 겹침 2~6, 패턴 64개(S 8, D 56)
make: Entering directory '/root/e133_main_run/minimal_circuit_CODE'
make: Nothing to be done for 'all'.
make: Leaving directory '/root/e133_main_run/minimal_circuit_CODE'
[KC불러옴] /mnt/c/Users/JungHyun/Desktop/brain/BrainSimulation-rebuild/research/experiments/traces/E133/dev_corr_w53.npz | 일치형 같은 위치 362/400 | 불일치형 같은 위치 368/400
  시행    1~ 400: 정답률  43.5%
  시행  401~ 800: 정답률  49.2%
=> SDGEN mode=frozen seed=53 trialseed=601 train_same=52.2 train_diff=51.9 train_bal=52.0 novel_same=78.0 novel_diff=40.7 novel_bal=59.4 | ties train:0 novel:0 | n_same/diff train 46/54 novel 41/59
=> SDLAB diff=cyclic rule=samediff mode=frozen seed=53 trialseed=601 train_accL=52.2 train_accR=51.9 train_lbal=52.0 novel_accL=78.0 novel_accR=40.7 novel_lbal=59.4

=== 평가 (탐색 없음, 학습 없음, 무작위 순서 100시행) : 정답률 100.0% | 동점 0회 ===
   자극 A: 57/57 (100.0%)
   자극 B: 43/43 (100.0%)

=== 학습 후 자극별 출력 (선택 이전의 원 신호) ===
  자극 A → 정답 L | out_L=  43  out_R=  27  차이   +16 | KC 112개
  자극 B → 정답 R | out_L=   4  out_R=  46  차이   -42 | KC 140개

=== 가중치 구조 (A전용 KC 109개, B전용 KC 137개) ===
  A전용 KC → out_L 평균 0.5000 | out_R 평균 0.5000 | 차이 +0.0000 (정답은 out_L) **반대**
  B전용 KC → out_L 평균 0.5000 | out_R 평균 0.5000 | 차이 +0.0000 (정답은 out_R) **정답쪽 우세**

=== 가중치 변화 ===
  kc_out_l: n=8030 |Δ|평균 0.00000 변화율   0.0% | 평균 0.500→0.500 | std 0.0000→0.0000
  kc_out_r: n=7941 |Δ|평균 0.00000 변화율   0.0% | 평균 0.500→0.500 | std 0.0000→0.0000

=== 요약 (mode=frozen seed=53) ===
  첫 구간 43.5% → 마지막 구간 49.2% | 변화 +5.8%p | 보상률 0.0%
=> MINCIRC mode=frozen seed=53 first=43.5 last=49.2 delta=+5.8 reward=0.0 **eval=100.0** tie=0 trialseed=601
