[관계] 항목 8개(훈련 4, 새 4), 반쪽 50 중 활성 15, 항목 간 겹침 2~7(평균 5.1), 새↔훈련 겹침 2~7, 패턴 64개(S 8, D 56)
make: Entering directory '/root/e133_main_run/minimal_circuit_CODE'
make: Nothing to be done for 'all'.
make: Leaving directory '/root/e133_main_run/minimal_circuit_CODE'
[KC불러옴] /mnt/c/Users/JungHyun/Desktop/brain/BrainSimulation-rebuild/research/experiments/traces/E133/dev_corr_w50.npz | 일치형 같은 위치 374/400 | 불일치형 같은 위치 381/400
  시행    1~ 400: 정답률  51.0%
  시행  401~ 800: 정답률  56.0%
=> SDGEN mode=learn seed=50 trialseed=601 train_same=100.0 train_diff=49.0 train_bal=74.5 novel_same=100.0 novel_diff=61.1 novel_bal=80.6 | ties train:0 novel:0 | n_same/diff train 49/51 novel 46/54
=> SDLAB diff=cyclic rule=samediff mode=learn seed=50 trialseed=601 train_accL=100.0 train_accR=49.0 train_lbal=74.5 novel_accL=100.0 novel_accR=61.1 novel_lbal=80.6

=== 평가 (탐색 없음, 학습 없음, 무작위 순서 100시행) : 정답률 52.0% | 동점 0회 ===
   자극 A: 0/48 (0.0%)
   자극 B: 52/52 (100.0%)

=== 학습 후 자극별 출력 (선택 이전의 원 신호) ===
  자극 A → 정답 L | out_L=  23  out_R=  32  차이    -9 | KC 115개
  자극 B → 정답 R | out_L=  23  out_R=  45  차이   -22 | KC 121개

=== 가중치 구조 (A전용 KC 97개, B전용 KC 103개) ===
  A전용 KC → out_L 평균 0.5388 | out_R 평균 0.5408 | 차이 -0.0020 (정답은 out_L) **반대**
  B전용 KC → out_L 평균 0.4997 | out_R 평균 0.5409 | 차이 -0.0413 (정답은 out_R) **정답쪽 우세**

=== 가중치 변화 ===
  kc_out_l: n=7959 |Δ|평균 0.06094 변화율  64.1% | 평균 0.500→0.541 | std 0.0000→0.0853
  kc_out_r: n=7885 |Δ|평균 0.03254 변화율  63.8% | 평균 0.500→0.528 | std 0.0000→0.0414

=== 요약 (mode=learn seed=50) ===
  첫 구간 51.0% → 마지막 구간 56.0% | 변화 +5.0%p | 보상률 53.5%
=> MINCIRC mode=learn seed=50 first=51.0 last=56.0 delta=+5.0 reward=53.5 **eval=52.0** tie=0 trialseed=601
