[관계] 항목 8개(훈련 4, 새 4), 반쪽 50 중 활성 15, 항목 간 겹침 1~7(평균 4.2), 새↔훈련 겹침 3~7, 패턴 64개(S 8, D 56)
make: Entering directory '/root/e133_main_run/minimal_circuit_CODE'
make: Leaving directory '/root/e133_main_run/minimal_circuit_CODE'
[KC불러옴] /mnt/c/Users/JungHyun/Desktop/brain/BrainSimulation-rebuild/research/experiments/traces/E133/dev_corr_w54.npz | 일치형 같은 위치 315/400 | 불일치형 같은 위치 320/400
  시행    1~ 400: 정답률  47.2%
  시행  401~ 800: 정답률  51.5%
=> SDGEN mode=frozen seed=54 trialseed=600 train_same=56.0 train_diff=46.0 train_bal=51.0 novel_same=70.2 novel_diff=55.8 novel_bal=63.0 | ties train:0 novel:0 | n_same/diff train 50/50 novel 57/43
=> SDLAB diff=cyclic rule=samediff mode=frozen seed=54 trialseed=600 train_accL=56.0 train_accR=46.0 train_lbal=51.0 novel_accL=70.2 novel_accR=55.8 novel_lbal=63.0

=== 평가 (탐색 없음, 학습 없음, 무작위 순서 100시행) : 정답률 100.0% | 동점 0회 ===
   자극 A: 57/57 (100.0%)
   자극 B: 43/43 (100.0%)

=== 학습 후 자극별 출력 (선택 이전의 원 신호) ===
  자극 A → 정답 L | out_L=  44  out_R=  32  차이   +12 | KC 115개
  자극 B → 정답 R | out_L=  28  out_R=  37  차이    -9 | KC 110개

=== 가중치 구조 (A전용 KC 99개, B전용 KC 94개) ===
  A전용 KC → out_L 평균 0.5000 | out_R 평균 0.5000 | 차이 +0.0000 (정답은 out_L) **반대**
  B전용 KC → out_L 평균 0.5000 | out_R 평균 0.5000 | 차이 +0.0000 (정답은 out_R) **정답쪽 우세**

=== 가중치 변화 ===
  kc_out_l: n=8045 |Δ|평균 0.00000 변화율   0.0% | 평균 0.500→0.500 | std 0.0000→0.0000
  kc_out_r: n=8053 |Δ|평균 0.00000 변화율   0.0% | 평균 0.500→0.500 | std 0.0000→0.0000

=== 요약 (mode=frozen seed=54) ===
  첫 구간 47.2% → 마지막 구간 51.5% | 변화 +4.2%p | 보상률 0.0%
=> MINCIRC mode=frozen seed=54 first=47.2 last=51.5 delta=+4.2 reward=0.0 **eval=100.0** tie=0 trialseed=600
