[관계] 항목 8개(훈련 4, 새 4), 반쪽 50 중 활성 15, 항목 간 겹침 2~7(평균 4.4), 새↔훈련 겹침 2~7, 패턴 64개(S 8, D 56)
make: Entering directory '/root/e133_main_run/minimal_circuit_CODE'
make: Nothing to be done for 'all'.
make: Leaving directory '/root/e133_main_run/minimal_circuit_CODE'
[KC불러옴] /mnt/c/Users/JungHyun/Desktop/brain/BrainSimulation-rebuild/research/experiments/traces/E133/dev_corr_w52.npz | 일치형 같은 위치 380/400 | 불일치형 같은 위치 373/400
  시행    1~ 400: 정답률  53.8%
  시행  401~ 800: 정답률  70.8%
=> SDGEN mode=learn seed=52 trialseed=601 train_same=100.0 train_diff=100.0 train_bal=100.0 novel_same=100.0 novel_diff=100.0 novel_bal=100.0 | ties train:0 novel:0 | n_same/diff train 42/58 novel 49/51
=> SDLAB diff=cyclic rule=samediff mode=learn seed=52 trialseed=601 train_accL=100.0 train_accR=100.0 train_lbal=100.0 novel_accL=100.0 novel_accR=100.0 novel_lbal=100.0

=== 평가 (탐색 없음, 학습 없음, 무작위 순서 100시행) : 정답률 56.0% | 동점 0회 ===
   자극 A: 0/44 (0.0%)
   자극 B: 56/56 (100.0%)

=== 학습 후 자극별 출력 (선택 이전의 원 신호) ===
  자극 A → 정답 L | out_L=  15  out_R=  46  차이   -31 | KC 118개
  자극 B → 정답 R | out_L=   8  out_R=  21  차이   -13 | KC 130개

=== 가중치 구조 (A전용 KC 104개, B전용 KC 116개) ===
  A전용 KC → out_L 평균 0.5076 | out_R 평균 0.5828 | 차이 -0.0752 (정답은 out_L) **반대**
  B전용 KC → out_L 평균 0.5318 | out_R 평균 0.5483 | 차이 -0.0165 (정답은 out_R) **정답쪽 우세**

=== 가중치 변화 ===
  kc_out_l: n=7970 |Δ|평균 0.05688 변화율  73.1% | 평균 0.500→0.546 | std 0.0000→0.0764
  kc_out_r: n=7989 |Δ|평균 0.06377 변화율  73.3% | 평균 0.500→0.552 | std 0.0000→0.0709

=== 요약 (mode=learn seed=52) ===
  첫 구간 53.8% → 마지막 구간 70.8% | 변화 +17.0%p | 보상률 62.3%
=> MINCIRC mode=learn seed=52 first=53.8 last=70.8 delta=+17.0 reward=62.3 **eval=56.0** tie=0 trialseed=601
