[관계] 항목 8개(훈련 4, 새 4), 반쪽 50 중 활성 15, 항목 간 겹침 2~11(평균 4.6), 새↔훈련 겹침 3~5, 패턴 64개(S 8, D 56)
make: Entering directory '/root/e133_main_run/minimal_circuit_CODE'
make: Leaving directory '/root/e133_main_run/minimal_circuit_CODE'
[KC불러옴] /mnt/c/Users/JungHyun/Desktop/brain/BrainSimulation-rebuild/research/experiments/traces/E133/dev_corr_w58.npz | 일치형 같은 위치 361/400 | 불일치형 같은 위치 362/400
  시행    1~ 400: 정답률  44.0%
  시행  401~ 800: 정답률  44.8%
=> SDGEN mode=frozen seed=58 trialseed=600 train_same=51.2 train_diff=27.1 train_bal=39.2 novel_same=47.8 novel_diff=40.7 novel_bal=44.3 | ties train:0 novel:4 | n_same/diff train 41/59 novel 46/54
=> SDLAB diff=cyclic rule=samediff mode=frozen seed=58 trialseed=600 train_accL=51.2 train_accR=27.1 train_lbal=39.2 novel_accL=47.8 novel_accR=40.7 novel_lbal=44.3

=== 평가 (탐색 없음, 학습 없음, 무작위 순서 100시행) : 정답률 0.0% | 동점 0회 ===
   자극 A: 0/51 (0.0%)
   자극 B: 0/49 (0.0%)

=== 학습 후 자극별 출력 (선택 이전의 원 신호) ===
  자극 A → 정답 L | out_L=  34  out_R=  40  차이    -6 | KC 118개
  자극 B → 정답 R | out_L=  29  out_R=  28  차이    +1 | KC 99개

=== 가중치 구조 (A전용 KC 114개, B전용 KC 95개) ===
  A전용 KC → out_L 평균 0.5000 | out_R 평균 0.5000 | 차이 +0.0000 (정답은 out_L) **반대**
  B전용 KC → out_L 평균 0.5000 | out_R 평균 0.5000 | 차이 +0.0000 (정답은 out_R) **정답쪽 우세**

=== 가중치 변화 ===
  kc_out_l: n=7897 |Δ|평균 0.00000 변화율   0.0% | 평균 0.500→0.500 | std 0.0000→0.0000
  kc_out_r: n=7871 |Δ|평균 0.00000 변화율   0.0% | 평균 0.500→0.500 | std 0.0000→0.0000

=== 요약 (mode=frozen seed=58) ===
  첫 구간 44.0% → 마지막 구간 44.8% | 변화 +0.8%p | 보상률 0.0%
=> MINCIRC mode=frozen seed=58 first=44.0 last=44.8 delta=+0.8 reward=0.0 **eval=0.0** tie=0 trialseed=600
