[관계] 항목 8개(훈련 4, 새 4), 반쪽 50 중 활성 15, 항목 간 겹침 1~7(평균 4.5), 새↔훈련 겹침 1~7, 패턴 64개(S 8, D 56)
make: Entering directory '/root/e133_main_run/minimal_circuit_CODE'
make: Nothing to be done for 'all'.
make: Leaving directory '/root/e133_main_run/minimal_circuit_CODE'
[KC불러옴] /mnt/c/Users/JungHyun/Desktop/brain/BrainSimulation-rebuild/research/experiments/traces/E133/dev_corr_w56.npz | 일치형 같은 위치 372/400 | 불일치형 같은 위치 360/400
  시행    1~ 400: 정답률  61.3%
  시행  401~ 800: 정답률  70.2%
=> SDGEN mode=learn seed=56 trialseed=601 train_same=100.0 train_diff=100.0 train_bal=100.0 novel_same=100.0 novel_diff=100.0 novel_bal=100.0 | ties train:0 novel:0 | n_same/diff train 48/52 novel 49/51
=> SDLAB diff=cyclic rule=samediff mode=learn seed=56 trialseed=601 train_accL=100.0 train_accR=100.0 train_lbal=100.0 novel_accL=100.0 novel_accR=100.0 novel_lbal=100.0

=== 평가 (탐색 없음, 학습 없음, 무작위 순서 100시행) : 정답률 26.0% | 동점 55회 ===
   자극 A: 0/45 (0.0%)
   자극 B: 26/55 (47.3%)

=== 학습 후 자극별 출력 (선택 이전의 원 신호) ===
  자극 A → 정답 L | out_L=  17  out_R=  44  차이   -27 | KC 109개
  자극 B → 정답 R | out_L=  46  out_R=  46  차이    +0 | KC 117개

=== 가중치 구조 (A전용 KC 90개, B전용 KC 98개) ===
  A전용 KC → out_L 평균 0.5222 | out_R 평균 0.5687 | 차이 -0.0466 (정답은 out_L) **반대**
  B전용 KC → out_L 평균 0.5178 | out_R 평균 0.5509 | 차이 -0.0331 (정답은 out_R) **정답쪽 우세**

=== 가중치 변화 ===
  kc_out_l: n=8042 |Δ|평균 0.05354 변화율  67.1% | 평균 0.500→0.543 | std 0.0000→0.0773
  kc_out_r: n=8060 |Δ|평균 0.05902 변화율  66.6% | 평균 0.500→0.554 | std 0.0000→0.0616

=== 요약 (mode=learn seed=56) ===
  첫 구간 61.3% → 마지막 구간 70.2% | 변화 +9.0%p | 보상률 65.8%
=> MINCIRC mode=learn seed=56 first=61.3 last=70.2 delta=+9.0 reward=65.8 **eval=26.0** tie=55 trialseed=601
