[관계] 항목 8개(훈련 4, 새 4), 반쪽 50 중 활성 15, 항목 간 겹침 2~7(평균 4.4), 새↔훈련 겹침 2~7, 패턴 64개(S 8, D 56)
make: Entering directory '/root/e133_main_run/minimal_circuit_CODE'
make: Nothing to be done for 'all'.
make: Leaving directory '/root/e133_main_run/minimal_circuit_CODE'
[KC불러옴] /mnt/c/Users/JungHyun/Desktop/brain/BrainSimulation-rebuild/research/experiments/traces/E133/dev_corr_w51.npz | 일치형 같은 위치 346/400 | 불일치형 같은 위치 339/400
  시행    1~ 400: 정답률  44.8%
  시행  401~ 800: 정답률  50.5%
=> SDGEN mode=frozen seed=51 trialseed=601 train_same=54.3 train_diff=50.0 train_bal=52.2 novel_same=61.1 novel_diff=65.2 novel_bal=63.2 | ties train:0 novel:0 | n_same/diff train 46/54 novel 54/46
=> SDLAB diff=cyclic rule=samediff mode=frozen seed=51 trialseed=601 train_accL=54.3 train_accR=50.0 train_lbal=52.2 novel_accL=61.1 novel_accR=65.2 novel_lbal=63.2

=== 평가 (탐색 없음, 학습 없음, 무작위 순서 100시행) : 정답률 0.0% | 동점 0회 ===
   자극 A: 0/54 (0.0%)
   자극 B: 0/46 (0.0%)

=== 학습 후 자극별 출력 (선택 이전의 원 신호) ===
  자극 A → 정답 L | out_L=  28  out_R=  33  차이    -5 | KC 102개
  자극 B → 정답 R | out_L=  39  out_R=  28  차이   +11 | KC 115개

=== 가중치 구조 (A전용 KC 78개, B전용 KC 91개) ===
  A전용 KC → out_L 평균 0.5000 | out_R 평균 0.5000 | 차이 +0.0000 (정답은 out_L) **반대**
  B전용 KC → out_L 평균 0.5000 | out_R 평균 0.5000 | 차이 +0.0000 (정답은 out_R) **정답쪽 우세**

=== 가중치 변화 ===
  kc_out_l: n=7970 |Δ|평균 0.00000 변화율   0.0% | 평균 0.500→0.500 | std 0.0000→0.0000
  kc_out_r: n=8030 |Δ|평균 0.00000 변화율   0.0% | 평균 0.500→0.500 | std 0.0000→0.0000

=== 요약 (mode=frozen seed=51) ===
  첫 구간 44.8% → 마지막 구간 50.5% | 변화 +5.8%p | 보상률 0.0%
=> MINCIRC mode=frozen seed=51 first=44.8 last=50.5 delta=+5.8 reward=0.0 **eval=0.0** tie=0 trialseed=601
