[관계] 항목 8개(훈련 4, 새 4), 반쪽 50 중 활성 15, 항목 간 겹침 3~9(평균 5.1), 새↔훈련 겹침 4~7, 패턴 64개(S 8, D 56)
make: Entering directory '/root/e133_main_run/minimal_circuit_CODE'
make: Leaving directory '/root/e133_main_run/minimal_circuit_CODE'
[KC불러옴] /mnt/c/Users/JungHyun/Desktop/brain/BrainSimulation-rebuild/research/experiments/traces/E133/dev_corr_w60.npz | 일치형 같은 위치 348/400 | 불일치형 같은 위치 355/400
  시행    1~ 400: 정답률  60.2%
  시행  401~ 800: 정답률  59.5%
=> SDGEN mode=frozen seed=60 trialseed=600 train_same=77.1 train_diff=75.0 train_bal=76.0 novel_same=51.0 novel_diff=31.4 novel_bal=41.2 | ties train:0 novel:0 | n_same/diff train 48/52 novel 49/51
=> SDLAB diff=cyclic rule=samediff mode=frozen seed=60 trialseed=600 train_accL=77.1 train_accR=75.0 train_lbal=76.0 novel_accL=51.0 novel_accR=31.4 novel_lbal=41.2

=== 평가 (탐색 없음, 학습 없음, 무작위 순서 100시행) : 정답률 0.0% | 동점 0회 ===
   자극 A: 0/54 (0.0%)
   자극 B: 0/46 (0.0%)

=== 학습 후 자극별 출력 (선택 이전의 원 신호) ===
  자극 A → 정답 L | out_L=  37  out_R=  45  차이    -8 | KC 131개
  자극 B → 정답 R | out_L=  30  out_R=  29  차이    +1 | KC 106개

=== 가중치 구조 (A전용 KC 114개, B전용 KC 89개) ===
  A전용 KC → out_L 평균 0.5000 | out_R 평균 0.5000 | 차이 +0.0000 (정답은 out_L) **반대**
  B전용 KC → out_L 평균 0.5000 | out_R 평균 0.5000 | 차이 +0.0000 (정답은 out_R) **정답쪽 우세**

=== 가중치 변화 ===
  kc_out_l: n=7939 |Δ|평균 0.00000 변화율   0.0% | 평균 0.500→0.500 | std 0.0000→0.0000
  kc_out_r: n=8009 |Δ|평균 0.00000 변화율   0.0% | 평균 0.500→0.500 | std 0.0000→0.0000

=== 요약 (mode=frozen seed=60) ===
  첫 구간 60.2% → 마지막 구간 59.5% | 변화 -0.8%p | 보상률 0.0%
=> MINCIRC mode=frozen seed=60 first=60.2 last=59.5 delta=-0.8 reward=0.0 **eval=0.0** tie=0 trialseed=600
