[관계] 항목 8개(훈련 4, 새 4), 반쪽 50 중 활성 15, 항목 간 겹침 1~7(평균 4.5), 새↔훈련 겹침 1~7, 패턴 64개(S 8, D 56)
make: Entering directory '/root/e133_main_run/minimal_circuit_CODE'
make: Leaving directory '/root/e133_main_run/minimal_circuit_CODE'
[KC불러옴] /mnt/c/Users/JungHyun/Desktop/brain/BrainSimulation-rebuild/research/experiments/traces/E133/dev_indep_w56.npz | 일치형 같은 위치 20/400 | 불일치형 같은 위치 0/400
  시행    1~ 400: 정답률  54.2%
  시행  401~ 800: 정답률  56.5%
=> SDGEN mode=learn seed=56 trialseed=600 train_same=100.0 train_diff=42.3 train_bal=71.2 novel_same=85.7 novel_diff=13.7 novel_bal=49.7 | ties train:0 novel:0 | n_same/diff train 48/52 novel 49/51
=> SDLAB diff=cyclic rule=samediff mode=learn seed=56 trialseed=600 train_accL=100.0 train_accR=42.3 train_lbal=71.2 novel_accL=85.7 novel_accR=13.7 novel_lbal=49.7

=== 평가 (탐색 없음, 학습 없음, 무작위 순서 100시행) : 정답률 27.0% | 동점 45회 ===
   자극 A: 27/45 (60.0%)
   자극 B: 0/55 (0.0%)

=== 학습 후 자극별 출력 (선택 이전의 원 신호) ===
  자극 A → 정답 L | out_L=  38  out_R=  38  차이    +0 | KC 113개
  자극 B → 정답 R | out_L=  15  out_R=  12  차이    +3 | KC 141개

=== 가중치 구조 (A전용 KC 92개, B전용 KC 120개) ===
  A전용 KC → out_L 평균 0.5452 | out_R 평균 0.5360 | 차이 +0.0092 (정답은 out_L) **정답쪽 우세**
  B전용 KC → out_L 평균 0.5512 | out_R 평균 0.5375 | 차이 +0.0136 (정답은 out_R) **반대**

=== 가중치 변화 ===
  kc_out_l: n=8042 |Δ|평균 0.04677 변화율  54.6% | 평균 0.500→0.543 | std 0.0000→0.0595
  kc_out_r: n=8060 |Δ|평균 0.03229 변화율  54.4% | 평균 0.500→0.528 | std 0.0000→0.0446

=== 요약 (mode=learn seed=56) ===
  첫 구간 54.2% → 마지막 구간 56.5% | 변화 +2.2%p | 보상률 55.4%
=> MINCIRC mode=learn seed=56 first=54.2 last=56.5 delta=+2.2 reward=55.4 **eval=27.0** tie=45 trialseed=600
