[관계] 항목 8개(훈련 4, 새 4), 반쪽 50 중 활성 15, 항목 간 겹침 2~8(평균 4.6), 새↔훈련 겹침 3~7, 패턴 64개(S 8, D 56)
make: Entering directory '/root/e133_main_run/minimal_circuit_CODE'
make: Nothing to be done for 'all'.
make: Leaving directory '/root/e133_main_run/minimal_circuit_CODE'
[KC불러옴] /mnt/c/Users/JungHyun/Desktop/brain/BrainSimulation-rebuild/research/experiments/traces/E133/dev_indep_w46.npz | 일치형 같은 위치 5/400 | 불일치형 같은 위치 6/400
  시행    1~ 400: 정답률  52.5%
  시행  401~ 800: 정답률  60.2%
=> SDGEN mode=learn seed=46 trialseed=601 train_same=100.0 train_diff=39.6 train_bal=69.8 novel_same=49.0 novel_diff=44.9 novel_bal=47.0 | ties train:0 novel:4 | n_same/diff train 52/48 novel 51/49
=> SDLAB diff=cyclic rule=samediff mode=learn seed=46 trialseed=601 train_accL=100.0 train_accR=39.6 train_lbal=69.8 novel_accL=49.0 novel_accR=44.9 novel_lbal=47.0

=== 평가 (탐색 없음, 학습 없음, 무작위 순서 100시행) : 정답률 57.0% | 동점 0회 ===
   자극 A: 57/57 (100.0%)
   자극 B: 0/43 (0.0%)

=== 학습 후 자극별 출력 (선택 이전의 원 신호) ===
  자극 A → 정답 L | out_L=  45  out_R=  42  차이    +3 | KC 192개
  자극 B → 정답 R | out_L=  27  out_R=  24  차이    +3 | KC 90개

=== 가중치 구조 (A전용 KC 182개, B전용 KC 80개) ===
  A전용 KC → out_L 평균 0.5413 | out_R 평균 0.5371 | 차이 +0.0042 (정답은 out_L) **정답쪽 우세**
  B전용 KC → out_L 평균 0.5416 | out_R 평균 0.5416 | 차이 -0.0000 (정답은 out_R) **정답쪽 우세**

=== 가중치 변화 ===
  kc_out_l: n=8099 |Δ|평균 0.05086 변화율  62.6% | 평균 0.500→0.544 | std 0.0000→0.0584
  kc_out_r: n=7952 |Δ|평균 0.04251 변화율  62.4% | 평균 0.500→0.540 | std 0.0000→0.0491

=== 요약 (mode=learn seed=46) ===
  첫 구간 52.5% → 마지막 구간 60.2% | 변화 +7.8%p | 보상률 56.4%
=> MINCIRC mode=learn seed=46 first=52.5 last=60.2 delta=+7.8 reward=56.4 **eval=57.0** tie=0 trialseed=601
