[관계] 항목 8개(훈련 4, 새 4), 반쪽 50 중 활성 15, 항목 간 겹침 2~7(평균 4.4), 새↔훈련 겹침 2~7, 패턴 64개(S 8, D 56)
make: Entering directory '/root/e133_main_run/minimal_circuit_CODE'
make: Nothing to be done for 'all'.
make: Leaving directory '/root/e133_main_run/minimal_circuit_CODE'
[KC불러옴] /mnt/c/Users/JungHyun/Desktop/brain/BrainSimulation-rebuild/research/experiments/traces/E133/dev_indep_w51.npz | 일치형 같은 위치 10/400 | 불일치형 같은 위치 0/400
  시행    1~ 400: 정답률  39.0%
  시행  401~ 800: 정답률  53.0%
=> SDGEN mode=learn seed=51 trialseed=601 train_same=6.2 train_diff=100.0 train_bal=53.1 novel_same=3.7 novel_diff=100.0 novel_bal=51.9 | ties train:8 novel:6 | n_same/diff train 48/52 novel 54/46
=> SDLAB diff=cyclic rule=samediff mode=learn seed=51 trialseed=601 train_accL=6.2 train_accR=100.0 train_lbal=53.1 novel_accL=3.7 novel_accR=100.0 novel_lbal=51.9

=== 평가 (탐색 없음, 학습 없음, 무작위 순서 100시행) : 정답률 46.0% | 동점 0회 ===
   자극 A: 0/54 (0.0%)
   자극 B: 46/46 (100.0%)

=== 학습 후 자극별 출력 (선택 이전의 원 신호) ===
  자극 A → 정답 L | out_L=  27  out_R=  35  차이    -8 | KC 98개
  자극 B → 정답 R | out_L=   8  out_R=  16  차이    -8 | KC 146개

=== 가중치 구조 (A전용 KC 89개, B전용 KC 137개) ===
  A전용 KC → out_L 평균 0.5153 | out_R 평균 0.5125 | 차이 +0.0027 (정답은 out_L) **정답쪽 우세**
  B전용 KC → out_L 평균 0.5141 | out_R 평균 0.5350 | 차이 -0.0209 (정답은 out_R) **정답쪽 우세**

=== 가중치 변화 ===
  kc_out_l: n=7970 |Δ|평균 0.01760 변화율  55.6% | 평균 0.500→0.515 | std 0.0000→0.0220
  kc_out_r: n=8030 |Δ|평균 0.04152 변화율  56.8% | 평균 0.500→0.528 | std 0.0000→0.0577

=== 요약 (mode=learn seed=51) ===
  첫 구간 39.0% → 마지막 구간 53.0% | 변화 +14.0%p | 보상률 46.0%
=> MINCIRC mode=learn seed=51 first=39.0 last=53.0 delta=+14.0 reward=46.0 **eval=46.0** tie=0 trialseed=601
