[관계] 항목 8개(훈련 4, 새 4), 반쪽 50 중 활성 15, 항목 간 겹침 2~8(평균 4.9), 새↔훈련 겹침 3~8, 패턴 64개(S 8, D 56)
make: Entering directory '/root/e133_main_run/minimal_circuit_CODE'
make: Leaving directory '/root/e133_main_run/minimal_circuit_CODE'
[KC불러옴] /mnt/c/Users/JungHyun/Desktop/brain/BrainSimulation-rebuild/research/experiments/traces/E133/dev_indep_w57.npz | 일치형 같은 위치 13/400 | 불일치형 같은 위치 0/400
  시행    1~ 400: 정답률  49.5%
  시행  401~ 800: 정답률  62.7%
=> SDGEN mode=learn seed=57 trialseed=600 train_same=100.0 train_diff=59.6 train_bal=79.8 novel_same=91.1 novel_diff=38.6 novel_bal=64.9 | ties train:13 novel:22 | n_same/diff train 48/52 novel 56/44
=> SDLAB diff=cyclic rule=samediff mode=learn seed=57 trialseed=600 train_accL=100.0 train_accR=59.6 train_lbal=79.8 novel_accL=91.1 novel_accR=38.6 novel_lbal=64.9

=== 평가 (탐색 없음, 학습 없음, 무작위 순서 100시행) : 정답률 47.0% | 동점 0회 ===
   자극 A: 47/47 (100.0%)
   자극 B: 0/53 (0.0%)

=== 학습 후 자극별 출력 (선택 이전의 원 신호) ===
  자극 A → 정답 L | out_L=  18  out_R=  17  차이    +1 | KC 147개
  자극 B → 정답 R | out_L=  12  out_R=  11  차이    +1 | KC 126개

=== 가중치 구조 (A전용 KC 131개, B전용 KC 110개) ===
  A전용 KC → out_L 평균 0.5365 | out_R 평균 0.5447 | 차이 -0.0083 (정답은 out_L) **반대**
  B전용 KC → out_L 평균 0.5489 | out_R 평균 0.5616 | 차이 -0.0127 (정답은 out_R) **정답쪽 우세**

=== 가중치 변화 ===
  kc_out_l: n=8078 |Δ|평균 0.04960 변화율  60.7% | 평균 0.500→0.546 | std 0.0000→0.0580
  kc_out_r: n=8036 |Δ|평균 0.05132 변화율  60.6% | 평균 0.500→0.546 | std 0.0000→0.0579

=== 요약 (mode=learn seed=57) ===
  첫 구간 49.5% → 마지막 구간 62.7% | 변화 +13.2%p | 보상률 56.1%
=> MINCIRC mode=learn seed=57 first=49.5 last=62.7 delta=+13.2 reward=56.1 **eval=47.0** tie=0 trialseed=600
