[관계] 항목 8개(훈련 4, 새 4), 반쪽 50 중 활성 15, 항목 간 겹침 3~9(평균 5.1), 새↔훈련 겹침 4~7, 패턴 64개(S 8, D 56)
make: Entering directory '/root/e133_main_run/minimal_circuit_CODE'
make: Nothing to be done for 'all'.
make: Leaving directory '/root/e133_main_run/minimal_circuit_CODE'
[KC불러옴] /mnt/c/Users/JungHyun/Desktop/brain/BrainSimulation-rebuild/research/experiments/traces/E133/dev_indep_w60.npz | 일치형 같은 위치 10/400 | 불일치형 같은 위치 4/400
  시행    1~ 400: 정답률  50.2%
  시행  401~ 800: 정답률  61.5%
=> SDGEN mode=learn seed=60 trialseed=601 train_same=77.1 train_diff=73.1 train_bal=75.1 novel_same=69.4 novel_diff=35.3 novel_bal=52.3 | ties train:0 novel:0 | n_same/diff train 48/52 novel 49/51
=> SDLAB diff=cyclic rule=samediff mode=learn seed=60 trialseed=601 train_accL=77.1 train_accR=73.1 train_lbal=75.1 novel_accL=69.4 novel_accR=35.3 novel_lbal=52.3

=== 평가 (탐색 없음, 학습 없음, 무작위 순서 100시행) : 정답률 54.0% | 동점 0회 ===
   자극 A: 54/54 (100.0%)
   자극 B: 0/46 (0.0%)

=== 학습 후 자극별 출력 (선택 이전의 원 신호) ===
  자극 A → 정답 L | out_L=  44  out_R=  26  차이   +18 | KC 113개
  자극 B → 정답 R | out_L=  37  out_R=  35  차이    +2 | KC 96개

=== 가중치 구조 (A전용 KC 108개, B전용 KC 91개) ===
  A전용 KC → out_L 평균 0.5438 | out_R 평균 0.5448 | 차이 -0.0010 (정답은 out_L) **반대**
  B전용 KC → out_L 평균 0.5558 | out_R 평균 0.5496 | 차이 +0.0062 (정답은 out_R) **반대**

=== 가중치 변화 ===
  kc_out_l: n=7939 |Δ|평균 0.04360 변화율  52.9% | 평균 0.500→0.539 | std 0.0000→0.0594
  kc_out_r: n=8009 |Δ|평균 0.04563 변화율  53.2% | 평균 0.500→0.540 | std 0.0000→0.0624

=== 요약 (mode=learn seed=60) ===
  첫 구간 50.2% → 마지막 구간 61.5% | 변화 +11.3%p | 보상률 55.9%
=> MINCIRC mode=learn seed=60 first=50.2 last=61.5 delta=+11.3 reward=55.9 **eval=54.0** tie=0 trialseed=601
