[관계] 항목 8개(훈련 4, 새 4), 반쪽 50 중 활성 15, 항목 간 겹침 2~8(평균 4.9), 새↔훈련 겹침 3~8, 패턴 64개(S 8, D 56)
make: Entering directory '/root/e133_main_run/minimal_circuit_CODE'
make: Nothing to be done for 'all'.
make: Leaving directory '/root/e133_main_run/minimal_circuit_CODE'
[KC불러옴] /mnt/c/Users/JungHyun/Desktop/brain/BrainSimulation-rebuild/research/experiments/traces/E133/dev_indep_w57.npz | 일치형 같은 위치 13/400 | 불일치형 같은 위치 0/400
  시행    1~ 400: 정답률  43.8%
  시행  401~ 800: 정답률  60.8%
=> SDGEN mode=learn seed=57 trialseed=601 train_same=30.6 train_diff=100.0 train_bal=65.3 novel_same=0.0 novel_diff=77.3 novel_bal=38.6 | ties train:0 novel:0 | n_same/diff train 49/51 novel 56/44
=> SDLAB diff=cyclic rule=samediff mode=learn seed=57 trialseed=601 train_accL=30.6 train_accR=100.0 train_lbal=65.3 novel_accL=0.0 novel_accR=77.3 novel_lbal=38.6

=== 평가 (탐색 없음, 학습 없음, 무작위 순서 100시행) : 정답률 25.0% | 동점 53회 ===
   자극 A: 0/47 (0.0%)
   자극 B: 25/53 (47.2%)

=== 학습 후 자극별 출력 (선택 이전의 원 신호) ===
  자극 A → 정답 L | out_L=  15  out_R=  17  차이    -2 | KC 147개
  자극 B → 정답 R | out_L=  11  out_R=  11  차이    +0 | KC 126개

=== 가중치 구조 (A전용 KC 131개, B전용 KC 110개) ===
  A전용 KC → out_L 평균 0.5164 | out_R 평균 0.5480 | 차이 -0.0316 (정답은 out_L) **반대**
  B전용 KC → out_L 평균 0.5327 | out_R 평균 0.5692 | 차이 -0.0365 (정답은 out_R) **정답쪽 우세**

=== 가중치 변화 ===
  kc_out_l: n=8078 |Δ|평균 0.03104 변화율  60.7% | 평균 0.500→0.527 | std 0.0000→0.0413
  kc_out_r: n=8036 |Δ|평균 0.05642 변화율  60.6% | 평균 0.500→0.550 | std 0.0000→0.0637

=== 요약 (mode=learn seed=57) ===
  첫 구간 43.8% → 마지막 구간 60.8% | 변화 +17.0%p | 보상률 52.2%
=> MINCIRC mode=learn seed=57 first=43.8 last=60.8 delta=+17.0 reward=52.2 **eval=25.0** tie=53 trialseed=601
