[관계] 항목 8개(훈련 4, 새 4), 반쪽 50 중 활성 15, 항목 간 겹침 2~8(평균 4.3), 새↔훈련 겹침 2~7, 패턴 64개(S 8, D 56)
make: Entering directory '/root/e133_main_run/minimal_circuit_CODE'
make: Nothing to be done for 'all'.
make: Leaving directory '/root/e133_main_run/minimal_circuit_CODE'
[KC불러옴] /mnt/c/Users/JungHyun/Desktop/brain/BrainSimulation-rebuild/research/experiments/traces/E133/dev_indep_w55.npz | 일치형 같은 위치 11/400 | 불일치형 같은 위치 6/400
  시행    1~ 400: 정답률  44.2%
  시행  401~ 800: 정답률  52.5%
=> SDGEN mode=learn seed=55 trialseed=601 train_same=0.0 train_diff=100.0 train_bal=50.0 novel_same=0.0 novel_diff=89.8 novel_bal=44.9 | ties train:0 novel:0 | n_same/diff train 56/44 novel 51/49
=> SDLAB diff=cyclic rule=samediff mode=learn seed=55 trialseed=601 train_accL=0.0 train_accR=100.0 train_lbal=50.0 novel_accL=0.0 novel_accR=89.8 novel_lbal=44.9

=== 평가 (탐색 없음, 학습 없음, 무작위 순서 100시행) : 정답률 19.0% | 동점 43회 ===
   자극 A: 0/57 (0.0%)
   자극 B: 19/43 (44.2%)

=== 학습 후 자극별 출력 (선택 이전의 원 신호) ===
  자극 A → 정답 L | out_L=  15  out_R=  46  차이   -31 | KC 129개
  자극 B → 정답 R | out_L=  35  out_R=  35  차이    +0 | KC 98개

=== 가중치 구조 (A전용 KC 120개, B전용 KC 89개) ===
  A전용 KC → out_L 평균 0.5115 | out_R 평균 0.5381 | 차이 -0.0266 (정답은 out_L) **반대**
  B전용 KC → out_L 평균 0.5240 | out_R 평균 0.5743 | 차이 -0.0502 (정답은 out_R) **정답쪽 우세**

=== 가중치 변화 ===
  kc_out_l: n=7942 |Δ|평균 0.01560 변화율  52.9% | 평균 0.500→0.513 | std 0.0000→0.0217
  kc_out_r: n=8013 |Δ|평균 0.05681 변화율  53.3% | 평균 0.500→0.554 | std 0.0000→0.0670

=== 요약 (mode=learn seed=55) ===
  첫 구간 44.2% → 마지막 구간 52.5% | 변화 +8.2%p | 보상률 48.4%
=> MINCIRC mode=learn seed=55 first=44.2 last=52.5 delta=+8.2 reward=48.4 **eval=19.0** tie=43 trialseed=601
