[관계] 항목 8개(훈련 4, 새 4), 반쪽 50 중 활성 15, 항목 간 겹침 2~6(평균 4.4), 새↔훈련 겹침 2~6, 패턴 64개(S 8, D 56)
make: Entering directory '/root/e133_main_run/minimal_circuit_CODE'
make: Nothing to be done for 'all'.
make: Leaving directory '/root/e133_main_run/minimal_circuit_CODE'
[KC불러옴] /mnt/c/Users/JungHyun/Desktop/brain/BrainSimulation-rebuild/research/experiments/traces/E133/dev_indep_w61.npz | 일치형 같은 위치 7/400 | 불일치형 같은 위치 11/400
  시행    1~ 400: 정답률  46.2%
  시행  401~ 800: 정답률  52.8%
=> SDGEN mode=learn seed=61 trialseed=601 train_same=0.0 train_diff=100.0 train_bal=50.0 novel_same=0.0 novel_diff=81.6 novel_bal=40.8 | ties train:0 novel:0 | n_same/diff train 52/48 novel 51/49
=> SDLAB diff=cyclic rule=samediff mode=learn seed=61 trialseed=601 train_accL=0.0 train_accR=100.0 train_lbal=50.0 novel_accL=0.0 novel_accR=81.6 novel_lbal=40.8

=== 평가 (탐색 없음, 학습 없음, 무작위 순서 100시행) : 정답률 62.0% | 동점 0회 ===
   자극 A: 0/38 (0.0%)
   자극 B: 62/62 (100.0%)

=== 학습 후 자극별 출력 (선택 이전의 원 신호) ===
  자극 A → 정답 L | out_L=   5  out_R=  32  차이   -27 | KC 127개
  자극 B → 정답 R | out_L=  15  out_R=  21  차이    -6 | KC 155개

=== 가중치 구조 (A전용 KC 101개, B전용 KC 129개) ===
  A전용 KC → out_L 평균 0.5232 | out_R 평균 0.5637 | 차이 -0.0405 (정답은 out_L) **반대**
  B전용 KC → out_L 평균 0.5223 | out_R 평균 0.5132 | 차이 +0.0090 (정답은 out_R) **반대**

=== 가중치 변화 ===
  kc_out_l: n=7969 |Δ|평균 0.02239 변화율  65.3% | 평균 0.500→0.516 | std 0.0000→0.0271
  kc_out_r: n=8035 |Δ|평균 0.06072 변화율  64.7% | 평균 0.500→0.551 | std 0.0000→0.0667

=== 요약 (mode=learn seed=61) ===
  첫 구간 46.2% → 마지막 구간 52.8% | 변화 +6.5%p | 보상률 49.5%
=> MINCIRC mode=learn seed=61 first=46.2 last=52.8 delta=+6.5 reward=49.5 **eval=62.0** tie=0 trialseed=601
