[관계] 항목 8개(훈련 4, 새 4), 반쪽 50 중 활성 15, 항목 간 겹침 2~8(평균 4.6), 새↔훈련 겹침 3~7, 패턴 64개(S 8, D 56)
make: Entering directory '/root/e133_main_run/minimal_circuit_CODE'
make: Leaving directory '/root/e133_main_run/minimal_circuit_CODE'
[KC불러옴] /mnt/c/Users/JungHyun/Desktop/brain/BrainSimulation-rebuild/research/experiments/traces/E133/dev_indep_w46.npz | 일치형 같은 위치 5/400 | 불일치형 같은 위치 6/400
  시행    1~ 400: 정답률  53.2%
  시행  401~ 800: 정답률  62.5%
=> SDGEN mode=learn seed=46 trialseed=600 train_same=100.0 train_diff=39.6 train_bal=69.8 novel_same=63.6 novel_diff=30.4 novel_bal=47.0 | ties train:0 novel:13 | n_same/diff train 52/48 novel 44/56
=> SDLAB diff=cyclic rule=samediff mode=learn seed=46 trialseed=600 train_accL=100.0 train_accR=39.6 train_lbal=69.8 novel_accL=63.6 novel_accR=30.4 novel_lbal=47.0

=== 평가 (탐색 없음, 학습 없음, 무작위 순서 100시행) : 정답률 57.0% | 동점 0회 ===
   자극 A: 57/57 (100.0%)
   자극 B: 0/43 (0.0%)

=== 학습 후 자극별 출력 (선택 이전의 원 신호) ===
  자극 A → 정답 L | out_L=  46  out_R=  42  차이    +4 | KC 192개
  자극 B → 정답 R | out_L=  29  out_R=  24  차이    +5 | KC 90개

=== 가중치 구조 (A전용 KC 182개, B전용 KC 80개) ===
  A전용 KC → out_L 평균 0.5481 | out_R 평균 0.5389 | 차이 +0.0092 (정답은 out_L) **정답쪽 우세**
  B전용 KC → out_L 평균 0.5433 | out_R 평균 0.5358 | 차이 +0.0076 (정답은 out_R) **반대**

=== 가중치 변화 ===
  kc_out_l: n=8099 |Δ|평균 0.05508 변화율  62.6% | 평균 0.500→0.549 | std 0.0000→0.0628
  kc_out_r: n=7952 |Δ|평균 0.04334 변화율  62.4% | 평균 0.500→0.541 | std 0.0000→0.0482

=== 요약 (mode=learn seed=46) ===
  첫 구간 53.2% → 마지막 구간 62.5% | 변화 +9.2%p | 보상률 57.9%
=> MINCIRC mode=learn seed=46 first=53.2 last=62.5 delta=+9.2 reward=57.9 **eval=57.0** tie=0 trialseed=600
