[관계] 항목 8개(훈련 4, 새 4), 반쪽 50 중 활성 15, 항목 간 겹침 1~7(평균 4.8), 새↔훈련 겹침 1~7, 패턴 64개(S 8, D 56)
make: Entering directory '/root/e133_main_run/minimal_circuit_CODE'
make: Nothing to be done for 'all'.
make: Leaving directory '/root/e133_main_run/minimal_circuit_CODE'
[KC불러옴] /mnt/c/Users/JungHyun/Desktop/brain/BrainSimulation-rebuild/research/experiments/traces/E133/dev_indep_w49.npz | 일치형 같은 위치 0/400 | 불일치형 같은 위치 2/400
  시행    1~ 400: 정답률  50.7%
  시행  401~ 800: 정답률  60.0%
=> SDGEN mode=learn seed=49 trialseed=601 train_same=53.5 train_diff=100.0 train_bal=76.7 novel_same=0.0 novel_diff=95.7 novel_bal=47.9 | ties train:0 novel:3 | n_same/diff train 43/57 novel 53/47
=> SDLAB diff=cyclic rule=samediff mode=learn seed=49 trialseed=601 train_accL=53.5 train_accR=100.0 train_lbal=76.7 novel_accL=0.0 novel_accR=95.7 novel_lbal=47.9

=== 평가 (탐색 없음, 학습 없음, 무작위 순서 100시행) : 정답률 100.0% | 동점 0회 ===
   자극 A: 43/43 (100.0%)
   자극 B: 57/57 (100.0%)

=== 학습 후 자극별 출력 (선택 이전의 원 신호) ===
  자극 A → 정답 L | out_L=  23  out_R=  22  차이    +1 | KC 90개
  자극 B → 정답 R | out_L=  20  out_R=  27  차이    -7 | KC 91개

=== 가중치 구조 (A전용 KC 85개, B전용 KC 86개) ===
  A전용 KC → out_L 평균 0.5362 | out_R 평균 0.5543 | 차이 -0.0181 (정답은 out_L) **반대**
  B전용 KC → out_L 평균 0.5274 | out_R 평균 0.5597 | 차이 -0.0323 (정답은 out_R) **정답쪽 우세**

=== 가중치 변화 ===
  kc_out_l: n=7775 |Δ|평균 0.03779 변화율  68.0% | 평균 0.500→0.532 | std 0.0000→0.0481
  kc_out_r: n=7962 |Δ|평균 0.05852 변화율  67.3% | 평균 0.500→0.554 | std 0.0000→0.0670

=== 요약 (mode=learn seed=49) ===
  첫 구간 50.7% → 마지막 구간 60.0% | 변화 +9.3%p | 보상률 55.4%
=> MINCIRC mode=learn seed=49 first=50.7 last=60.0 delta=+9.3 reward=55.4 **eval=100.0** tie=0 trialseed=601
