[관계] 항목 8개(훈련 4, 새 4), 반쪽 50 중 활성 15, 항목 간 겹침 1~7(평균 4.5), 새↔훈련 겹침 1~7, 패턴 64개(S 8, D 56)
make: Entering directory '/root/e133_main_run/minimal_circuit_CODE'
make: Leaving directory '/root/e133_main_run/minimal_circuit_CODE'
[KC불러옴] /mnt/c/Users/JungHyun/Desktop/brain/BrainSimulation-rebuild/research/experiments/traces/E133/dev_indep_w47.npz | 일치형 같은 위치 12/400 | 불일치형 같은 위치 4/400
  시행    1~ 400: 정답률  54.2%
  시행  401~ 800: 정답률  64.2%
=> SDGEN mode=learn seed=47 trialseed=600 train_same=100.0 train_diff=40.5 train_bal=70.2 novel_same=54.0 novel_diff=34.0 novel_bal=44.0 | ties train:0 novel:6 | n_same/diff train 58/42 novel 50/50
=> SDLAB diff=cyclic rule=samediff mode=learn seed=47 trialseed=600 train_accL=100.0 train_accR=40.5 train_lbal=70.2 novel_accL=54.0 novel_accR=34.0 novel_lbal=44.0

=== 평가 (탐색 없음, 학습 없음, 무작위 순서 100시행) : 정답률 49.0% | 동점 0회 ===
   자극 A: 0/51 (0.0%)
   자극 B: 49/49 (100.0%)

=== 학습 후 자극별 출력 (선택 이전의 원 신호) ===
  자극 A → 정답 L | out_L=   9  out_R=  16  차이    -7 | KC 121개
  자극 B → 정답 R | out_L=  22  out_R=  27  차이    -5 | KC 148개

=== 가중치 구조 (A전용 KC 99개, B전용 KC 126개) ===
  A전용 KC → out_L 평균 0.5653 | out_R 평균 0.5348 | 차이 +0.0305 (정답은 out_L) **정답쪽 우세**
  B전용 KC → out_L 평균 0.5583 | out_R 평균 0.5305 | 차이 +0.0278 (정답은 out_R) **반대**

=== 가중치 변화 ===
  kc_out_l: n=8030 |Δ|평균 0.05788 변화율  68.6% | 평균 0.500→0.552 | std 0.0000→0.0635
  kc_out_r: n=8008 |Δ|평균 0.05085 변화율  68.3% | 평균 0.500→0.543 | std 0.0000→0.0633

=== 요약 (mode=learn seed=47) ===
  첫 구간 54.2% → 마지막 구간 64.2% | 변화 +10.0%p | 보상률 59.2%
=> MINCIRC mode=learn seed=47 first=54.2 last=64.2 delta=+10.0 reward=59.2 **eval=49.0** tie=0 trialseed=600
