[관계] 항목 8개(훈련 4, 새 4), 반쪽 50 중 활성 15, 항목 간 겹침 1~7(평균 4.2), 새↔훈련 겹침 1~7, 패턴 64개(S 8, D 56)
make: Entering directory '/root/e133_main_run/minimal_circuit_CODE'
make: Nothing to be done for 'all'.
make: Leaving directory '/root/e133_main_run/minimal_circuit_CODE'
[KC불러옴] /mnt/c/Users/JungHyun/Desktop/brain/BrainSimulation-rebuild/research/experiments/traces/E133/dev_indep_w59.npz | 일치형 같은 위치 5/400 | 불일치형 같은 위치 8/400
  시행    1~ 400: 정답률  40.5%
  시행  401~ 800: 정답률  45.8%
=> SDGEN mode=learn seed=59 trialseed=601 train_same=62.0 train_diff=24.0 train_bal=43.0 novel_same=76.7 novel_diff=45.0 novel_bal=60.8 | ties train:0 novel:0 | n_same/diff train 50/50 novel 60/40
=> SDLAB diff=cyclic rule=samediff mode=learn seed=59 trialseed=601 train_accL=62.0 train_accR=24.0 train_lbal=43.0 novel_accL=76.7 novel_accR=45.0 novel_lbal=60.8

=== 평가 (탐색 없음, 학습 없음, 무작위 순서 100시행) : 정답률 0.0% | 동점 0회 ===
   자극 A: 0/56 (0.0%)
   자극 B: 0/44 (0.0%)

=== 학습 후 자극별 출력 (선택 이전의 원 신호) ===
  자극 A → 정답 L | out_L=  25  out_R=  35  차이   -10 | KC 97개
  자극 B → 정답 R | out_L=  42  out_R=  36  차이    +6 | KC 123개

=== 가중치 구조 (A전용 KC 70개, B전용 KC 96개) ===
  A전용 KC → out_L 평균 0.5378 | out_R 평균 0.5294 | 차이 +0.0084 (정답은 out_L) **정답쪽 우세**
  B전용 KC → out_L 평균 0.5530 | out_R 평균 0.5022 | 차이 +0.0508 (정답은 out_R) **반대**

=== 가중치 변화 ===
  kc_out_l: n=7973 |Δ|평균 0.03712 변화율  47.0% | 평균 0.500→0.533 | std 0.0000→0.0511
  kc_out_r: n=7988 |Δ|평균 0.01433 변화율  47.0% | 평균 0.500→0.509 | std 0.0000→0.0231

=== 요약 (mode=learn seed=59) ===
  첫 구간 40.5% → 마지막 구간 45.8% | 변화 +5.2%p | 보상률 43.1%
=> MINCIRC mode=learn seed=59 first=40.5 last=45.8 delta=+5.2 reward=43.1 **eval=0.0** tie=0 trialseed=601
