[관계] 항목 8개(훈련 4, 새 4), 반쪽 50 중 활성 15, 항목 간 겹침 1~7(평균 4.2), 새↔훈련 겹침 1~7, 패턴 64개(S 8, D 56)
make: Entering directory '/root/e133_main_run/minimal_circuit_CODE'
make: Leaving directory '/root/e133_main_run/minimal_circuit_CODE'
[KC불러옴] /mnt/c/Users/JungHyun/Desktop/brain/BrainSimulation-rebuild/research/experiments/traces/E133/dev_indep_w59.npz | 일치형 같은 위치 5/400 | 불일치형 같은 위치 8/400
  시행    1~ 400: 정답률  39.8%
  시행  401~ 800: 정답률  49.5%
=> SDGEN mode=learn seed=59 trialseed=600 train_same=100.0 train_diff=0.0 train_bal=50.0 novel_same=76.7 novel_diff=30.0 novel_bal=53.3 | ties train:0 novel:0 | n_same/diff train 50/50 novel 60/40
=> SDLAB diff=cyclic rule=samediff mode=learn seed=59 trialseed=600 train_accL=100.0 train_accR=0.0 train_lbal=50.0 novel_accL=76.7 novel_accR=30.0 novel_lbal=53.3

=== 평가 (탐색 없음, 학습 없음, 무작위 순서 100시행) : 정답률 0.0% | 동점 0회 ===
   자극 A: 0/56 (0.0%)
   자극 B: 0/44 (0.0%)

=== 학습 후 자극별 출력 (선택 이전의 원 신호) ===
  자극 A → 정답 L | out_L=  27  out_R=  35  차이    -8 | KC 97개
  자극 B → 정답 R | out_L=  42  out_R=  37  차이    +5 | KC 123개

=== 가중치 구조 (A전용 KC 70개, B전용 KC 96개) ===
  A전용 KC → out_L 평균 0.5470 | out_R 평균 0.5279 | 차이 +0.0191 (정답은 out_L) **정답쪽 우세**
  B전용 KC → out_L 평균 0.5561 | out_R 평균 0.5033 | 차이 +0.0528 (정답은 out_R) **반대**

=== 가중치 변화 ===
  kc_out_l: n=7973 |Δ|평균 0.04116 변화율  47.0% | 평균 0.500→0.537 | std 0.0000→0.0563
  kc_out_r: n=7988 |Δ|평균 0.01507 변화율  47.0% | 평균 0.500→0.510 | std 0.0000→0.0240

=== 요약 (mode=learn seed=59) ===
  첫 구간 39.8% → 마지막 구간 49.5% | 변화 +9.8%p | 보상률 44.6%
=> MINCIRC mode=learn seed=59 first=39.8 last=49.5 delta=+9.8 reward=44.6 **eval=0.0** tie=0 trialseed=600
