[관계] 항목 8개(훈련 4, 새 4), 반쪽 50 중 활성 15, 항목 간 겹침 1~7(평균 4.5), 새↔훈련 겹침 1~7, 패턴 64개(S 8, D 56)
make: Entering directory '/root/e133_main_run/minimal_circuit_CODE'
make: Nothing to be done for 'all'.
make: Leaving directory '/root/e133_main_run/minimal_circuit_CODE'
[KC불러옴] /mnt/c/Users/JungHyun/Desktop/brain/BrainSimulation-rebuild/research/experiments/traces/E133/dev_indep_w56.npz | 일치형 같은 위치 20/400 | 불일치형 같은 위치 0/400
  시행    1~ 400: 정답률  46.2%
  시행  401~ 800: 정답률  55.0%
=> SDGEN mode=learn seed=56 trialseed=601 train_same=100.0 train_diff=19.2 train_bal=59.6 novel_same=81.2 novel_diff=11.5 novel_bal=46.4 | ties train:0 novel:3 | n_same/diff train 48/52 novel 48/52
=> SDLAB diff=cyclic rule=samediff mode=learn seed=56 trialseed=601 train_accL=100.0 train_accR=19.2 train_lbal=59.6 novel_accL=81.2 novel_accR=11.5 novel_lbal=46.4

=== 평가 (탐색 없음, 학습 없음, 무작위 순서 100시행) : 정답률 0.0% | 동점 0회 ===
   자극 A: 0/45 (0.0%)
   자극 B: 0/55 (0.0%)

=== 학습 후 자극별 출력 (선택 이전의 원 신호) ===
  자극 A → 정답 L | out_L=  36  out_R=  38  차이    -2 | KC 113개
  자극 B → 정답 R | out_L=  15  out_R=  12  차이    +3 | KC 141개

=== 가중치 구조 (A전용 KC 92개, B전용 KC 120개) ===
  A전용 KC → out_L 평균 0.5387 | out_R 평균 0.5296 | 차이 +0.0091 (정답은 out_L) **정답쪽 우세**
  B전용 KC → out_L 평균 0.5464 | out_R 평균 0.5302 | 차이 +0.0161 (정답은 out_R) **반대**

=== 가중치 변화 ===
  kc_out_l: n=8042 |Δ|평균 0.04329 변화율  54.6% | 평균 0.500→0.538 | std 0.0000→0.0567
  kc_out_r: n=8060 |Δ|평균 0.02661 변화율  54.4% | 평균 0.500→0.522 | std 0.0000→0.0408

=== 요약 (mode=learn seed=56) ===
  첫 구간 46.2% → 마지막 구간 55.0% | 변화 +8.8%p | 보상률 50.6%
=> MINCIRC mode=learn seed=56 first=46.2 last=55.0 delta=+8.8 reward=50.6 **eval=0.0** tie=0 trialseed=601
