[관계] 항목 8개(훈련 4, 새 4), 반쪽 50 중 활성 15, 항목 간 겹침 1~8(평균 4.7), 새↔훈련 겹침 1~8, 패턴 64개(S 8, D 56)
make: Entering directory '/root/e133_main_run/minimal_circuit_CODE'
make: Leaving directory '/root/e133_main_run/minimal_circuit_CODE'
[KC불러옴] /mnt/c/Users/JungHyun/Desktop/brain/BrainSimulation-rebuild/research/experiments/traces/E133/dev_indep_w48.npz | 일치형 같은 위치 16/400 | 불일치형 같은 위치 12/400
  시행    1~ 400: 정답률  51.0%
  시행  401~ 800: 정답률  56.0%
=> SDGEN mode=learn seed=48 trialseed=600 train_same=100.0 train_diff=32.0 train_bal=66.0 novel_same=100.0 novel_diff=0.0 novel_bal=50.0 | ties train:0 novel:0 | n_same/diff train 50/50 novel 48/52
=> SDLAB diff=cyclic rule=samediff mode=learn seed=48 trialseed=600 train_accL=100.0 train_accR=32.0 train_lbal=66.0 novel_accL=100.0 novel_accR=0.0 novel_lbal=50.0

=== 평가 (탐색 없음, 학습 없음, 무작위 순서 100시행) : 정답률 50.0% | 동점 0회 ===
   자극 A: 50/50 (100.0%)
   자극 B: 0/50 (0.0%)

=== 학습 후 자극별 출력 (선택 이전의 원 신호) ===
  자극 A → 정답 L | out_L=  45  out_R=  30  차이   +15 | KC 103개
  자극 B → 정답 R | out_L=  38  out_R=  17  차이   +21 | KC 95개

=== 가중치 구조 (A전용 KC 89개, B전용 KC 81개) ===
  A전용 KC → out_L 평균 0.5767 | out_R 평균 0.5237 | 차이 +0.0530 (정답은 out_L) **정답쪽 우세**
  B전용 KC → out_L 평균 0.5757 | out_R 평균 0.5483 | 차이 +0.0274 (정답은 out_R) **반대**

=== 가중치 변화 ===
  kc_out_l: n=8099 |Δ|평균 0.04992 변화율  49.0% | 평균 0.500→0.543 | std 0.0000→0.0694
  kc_out_r: n=8006 |Δ|평균 0.02930 변화율  47.9% | 평균 0.500→0.526 | std 0.0000→0.0413

=== 요약 (mode=learn seed=48) ===
  첫 구간 51.0% → 마지막 구간 56.0% | 변화 +5.0%p | 보상률 53.5%
=> MINCIRC mode=learn seed=48 first=51.0 last=56.0 delta=+5.0 reward=53.5 **eval=50.0** tie=0 trialseed=600
