[관계] 항목 8개(훈련 4, 새 4), 반쪽 50 중 활성 15, 항목 간 겹침 2~6(평균 4.0), 새↔훈련 겹침 2~6, 패턴 64개(S 8, D 56)
make: Entering directory '/root/e133_main_run/minimal_circuit_CODE'
make: Leaving directory '/root/e133_main_run/minimal_circuit_CODE'
[KC불러옴] /mnt/c/Users/JungHyun/Desktop/brain/BrainSimulation-rebuild/research/experiments/traces/E133/dev_indep_w53.npz | 일치형 같은 위치 5/400 | 불일치형 같은 위치 5/400
  시행    1~ 400: 정답률  49.8%
  시행  401~ 800: 정답률  56.8%
=> SDGEN mode=learn seed=53 trialseed=600 train_same=100.0 train_diff=40.7 train_bal=70.4 novel_same=100.0 novel_diff=15.3 novel_bal=57.6 | ties train:0 novel:0 | n_same/diff train 46/54 novel 41/59
=> SDLAB diff=cyclic rule=samediff mode=learn seed=53 trialseed=600 train_accL=100.0 train_accR=40.7 train_lbal=70.4 novel_accL=100.0 novel_accR=15.3 novel_lbal=57.6

=== 평가 (탐색 없음, 학습 없음, 무작위 순서 100시행) : 정답률 57.0% | 동점 0회 ===
   자극 A: 57/57 (100.0%)
   자극 B: 0/43 (0.0%)

=== 학습 후 자극별 출력 (선택 이전의 원 신호) ===
  자극 A → 정답 L | out_L=  27  out_R=   6  차이   +21 | KC 135개
  자극 B → 정답 R | out_L=  36  out_R=  33  차이    +3 | KC 107개

=== 가중치 구조 (A전용 KC 126개, B전용 KC 98개) ===
  A전용 KC → out_L 평균 0.5345 | out_R 평균 0.5226 | 차이 +0.0119 (정답은 out_L) **정답쪽 우세**
  B전용 KC → out_L 평균 0.5844 | out_R 평균 0.5485 | 차이 +0.0359 (정답은 out_R) **반대**

=== 가중치 변화 ===
  kc_out_l: n=8030 |Δ|평균 0.05054 변화율  59.5% | 평균 0.500→0.541 | std 0.0000→0.0675
  kc_out_r: n=7941 |Δ|평균 0.02818 변화율  59.7% | 평균 0.500→0.524 | std 0.0000→0.0374

=== 요약 (mode=learn seed=53) ===
  첫 구간 49.8% → 마지막 구간 56.8% | 변화 +7.0%p | 보상률 53.2%
=> MINCIRC mode=learn seed=53 first=49.8 last=56.8 delta=+7.0 reward=53.2 **eval=57.0** tie=0 trialseed=600
