[관계] 항목 8개(훈련 4, 새 4), 반쪽 50 중 활성 15, 항목 간 겹침 1~8(평균 4.7), 새↔훈련 겹침 2~8, 패턴 64개(S 8, D 56)
make: Entering directory '/root/e133_run/minimal_circuit_CODE'
make: Warning: File 'runner.cc' has modification time 1.6 s in the future
make: Warning: File 'runner.cc' has modification time 1.2 s in the future
make: Warning: File 'runner.cc' has modification time 0.93 s in the future
make: Warning: File 'runner.cc' has modification time 0.63 s in the future
make: Warning: File 'runner.cc' has modification time 0.34 s in the future
make: Warning: File 'runner.cc' has modification time 0.027 s in the future
make: Leaving directory '/root/e133_run/minimal_circuit_CODE'
[KC불러옴] /mnt/c/Users/JungHyun/Desktop/brain/BrainSimulation-rebuild/research/experiments/traces/E133/calib_w18_wf4_indep.npz | 일치형 같은 위치 5/400 | 불일치형 같은 위치 8/400
  시행    1~ 400: 정답률  47.2%
  시행  401~ 800: 정답률  54.5%
=> SDGEN mode=learn seed=18 trialseed=600 train_same=84.0 train_diff=50.0 train_bal=67.0 novel_same=69.8 novel_diff=33.3 novel_bal=51.6 | ties train:0 novel:0 | n_same/diff train 50/50 novel 43/57
=> SDLAB diff=cyclic rule=samediff mode=learn seed=18 trialseed=600 train_accL=84.0 train_accR=50.0 train_lbal=67.0 novel_accL=69.8 novel_accR=33.3 novel_lbal=51.6

=== 평가 (탐색 없음, 학습 없음, 무작위 순서 100시행) : 정답률 48.0% | 동점 0회 ===
   자극 A: 48/48 (100.0%)
   자극 B: 0/52 (0.0%)

=== 학습 후 자극별 출력 (선택 이전의 원 신호) ===
  자극 A → 정답 L | out_L=  27  out_R=  25  차이    +2 | KC 163개
  자극 B → 정답 R | out_L=  40  out_R=  12  차이   +28 | KC 116개

=== 가중치 구조 (A전용 KC 163개, B전용 KC 116개) ===
  A전용 KC → out_L 평균 0.5172 | out_R 평균 0.5134 | 차이 +0.0038 (정답은 out_L) **정답쪽 우세**
  B전용 KC → out_L 평균 0.5901 | out_R 평균 0.5440 | 차이 +0.0462 (정답은 out_R) **반대**

=== 가중치 변화 ===
  kc_out_l: n=8073 |Δ|평균 0.03905 변화율  42.4% | 평균 0.500→0.537 | std 0.0000→0.0634
  kc_out_r: n=7892 |Δ|평균 0.02662 변화율  42.0% | 평균 0.500→0.525 | std 0.0000→0.0400

=== 요약 (mode=learn seed=18) ===
  첫 구간 47.2% → 마지막 구간 54.5% | 변화 +7.3%p | 보상률 50.9%
=> MINCIRC mode=learn seed=18 first=47.2 last=54.5 delta=+7.3 reward=50.9 **eval=48.0** tie=0 trialseed=600
