[관계] 항목 8개(훈련 4, 새 4), 반쪽 50 중 활성 15, 항목 간 겹침 1~8(평균 4.7), 새↔훈련 겹침 2~8, 패턴 64개(S 8, D 56)
make: Entering directory '/root/e133_run/minimal_circuit_CODE'
make: Leaving directory '/root/e133_run/minimal_circuit_CODE'
[KC불러옴] /mnt/c/Users/JungHyun/Desktop/brain/BrainSimulation-rebuild/research/experiments/traces/E133/calib_w18_wf4_corr.npz | 일치형 같은 위치 369/400 | 불일치형 같은 위치 368/400
  시행    1~ 400: 정답률  51.5%
  시행  401~ 800: 정답률  57.2%
=> SDGEN mode=learn seed=18 trialseed=600 train_same=100.0 train_diff=30.0 train_bal=65.0 novel_same=100.0 novel_diff=19.3 novel_bal=59.6 | ties train:0 novel:0 | n_same/diff train 50/50 novel 43/57
=> SDLAB diff=cyclic rule=samediff mode=learn seed=18 trialseed=600 train_accL=100.0 train_accR=30.0 train_lbal=65.0 novel_accL=100.0 novel_accR=19.3 novel_lbal=59.6

=== 평가 (탐색 없음, 학습 없음, 무작위 순서 100시행) : 정답률 100.0% | 동점 0회 ===
   자극 A: 48/48 (100.0%)
   자극 B: 52/52 (100.0%)

=== 학습 후 자극별 출력 (선택 이전의 원 신호) ===
  자극 A → 정답 L | out_L=  36  out_R=  12  차이   +24 | KC 117개
  자극 B → 정답 R | out_L=  16  out_R=  36  차이   -20 | KC 124개

=== 가중치 구조 (A전용 KC 108개, B전용 KC 115개) ===
  A전용 KC → out_L 평균 0.5170 | out_R 평균 0.5244 | 차이 -0.0074 (정답은 out_L) **반대**
  B전용 KC → out_L 평균 0.5507 | out_R 평균 0.5597 | 차이 -0.0091 (정답은 out_R) **정답쪽 우세**

=== 가중치 변화 ===
  kc_out_l: n=8073 |Δ|평균 0.06865 변화율  74.2% | 평균 0.500→0.548 | std 0.0000→0.0888
  kc_out_r: n=7892 |Δ|평균 0.03260 변화율  73.8% | 평균 0.500→0.527 | std 0.0000→0.0411

=== 요약 (mode=learn seed=18) ===
  첫 구간 51.5% → 마지막 구간 57.2% | 변화 +5.8%p | 보상률 54.4%
=> MINCIRC mode=learn seed=18 first=51.5 last=57.2 delta=+5.8 reward=54.4 **eval=100.0** tie=0 trialseed=600
