make: Entering directory '/root/minc_run/minimal_circuit_CODE'
make: Nothing to be done for 'all'.
make: Leaving directory '/root/minc_run/minimal_circuit_CODE'
  시행    1~ 400: 정답률  57.8%
  시행  401~ 800: 정답률  35.0%

=== 평가 (탐색 없음, 학습 없음, 무작위 순서 100시행) : 정답률 43.0% | 동점 0회 ===
   (reversal) 최종 규칙 기준 43.0% | 원래 규칙 기준 57.0%
   자극 A: 0/57 (0.0%)
   자극 B: 43/43 (100.0%)

=== 학습 후 자극별 출력 (선택 이전의 원 신호) ===
  자극 A → 정답 L | out_L=  76  out_R=   2  차이   +74 | KC 88개
  자극 B → 정답 R | out_L=  22  out_R=   6  차이   +16 | KC 85개

=== 가중치 구조 (A전용 KC 71개, B전용 KC 68개) ===
  A전용 KC → out_L 평균 0.8409 | out_R 평균 0.5744 | 차이 +0.2665 (정답은 out_L) **정답쪽 우세**
  B전용 KC → out_L 평균 0.6579 | out_R 평균 0.6476 | 차이 +0.0103 (정답은 out_R) **반대**
[추적] 800시행 저장 → /mnt/c/Users/JungHyun/Desktop/brain/BrainSimulation-rebuild/research/experiments/traces/E102/trace_w5_t301.npz

=== 가중치 변화 ===
  kc_out_l: n=7872 |Δ|평균 0.05499 변화율  19.9% | 평균 0.500→0.555 | std 0.0000→0.1214
  kc_out_r: n=7840 |Δ|평균 0.02411 변화율  19.4% | 평균 0.500→0.524 | std 0.0000→0.0541

=== 요약 (mode=reversal seed=5) ===
  첫 구간 57.8% → 마지막 구간 35.0% | 변화 -22.8%p | 보상률 46.4%
=> MINCIRC mode=reversal seed=5 first=57.8 last=35.0 delta=-22.8 reward=46.4 **eval=43.0** tie=0 trialseed=301
