make: Entering directory '/root/minc_run/minimal_circuit_CODE'
make: Leaving directory '/root/minc_run/minimal_circuit_CODE'
  시행    1~ 400: 정답률  58.8%
  시행  401~ 800: 정답률  33.2%

=== 평가 (탐색 없음, 학습 없음, 무작위 순서 100시행) : 정답률 0.0% | 동점 0회 ===
   (reversal) 최종 규칙 기준 0.0% | 원래 규칙 기준 100.0%
   자극 A: 0/57 (0.0%)
   자극 B: 0/43 (0.0%)

=== 학습 후 자극별 출력 (선택 이전의 원 신호) ===
  자극 A → 정답 L | out_L=  69  out_R=   2  차이   +67 | KC 88개
  자극 B → 정답 R | out_L=   6  out_R=  23  차이   -17 | KC 85개

=== 가중치 구조 (A전용 KC 71개, B전용 KC 68개) ===
  A전용 KC → out_L 평균 0.7946 | out_R 평균 0.5943 | 차이 +0.2004 (정답은 out_L) **정답쪽 우세**
  B전용 KC → out_L 평균 0.6028 | out_R 평균 0.7036 | 차이 -0.1008 (정답은 out_R) **정답쪽 우세**
[추적] 800시행 저장 → /mnt/c/Users/JungHyun/Desktop/brain/BrainSimulation-rebuild/research/experiments/traces/E102/trace_w5_t300.npz

=== 가중치 변화 ===
  kc_out_l: n=7872 |Δ|평균 0.04395 변화율  19.9% | 평균 0.500→0.544 | std 0.0000→0.1005
  kc_out_r: n=7840 |Δ|평균 0.03233 변화율  19.4% | 평균 0.500→0.532 | std 0.0000→0.0731

=== 요약 (mode=reversal seed=5) ===
  첫 구간 58.8% → 마지막 구간 33.2% | 변화 -25.5%p | 보상률 46.0%
=> MINCIRC mode=reversal seed=5 first=58.8 last=33.2 delta=-25.5 reward=46.0 **eval=0.0** tie=0 trialseed=300
