make: Entering directory '/root/minc_run/minimal_circuit_CODE'
make: Nothing to be done for 'all'.
make: Leaving directory '/root/minc_run/minimal_circuit_CODE'
  시행    1~ 400: 정답률  56.2%
  시행  401~ 800: 정답률  75.2%

=== 평가 (탐색 없음, 학습 없음, 무작위 순서 100시행) : 정답률 100.0% | 동점 0회 ===
   자극 A: 52/52 (100.0%)
   자극 B: 48/48 (100.0%)

=== 학습 후 자극별 출력 (선택 이전의 원 신호) ===
  자극 A → 정답 L | out_L=  47  out_R=   5  차이   +42 | KC 98개
  자극 B → 정답 R | out_L=   4  out_R=  71  차이   -67 | KC 107개

=== 가중치 구조 (A전용 KC 73개, B전용 KC 82개) ===
  A전용 KC → out_L 평균 0.8427 | out_R 평균 0.4253 | 차이 +0.4174 (정답은 out_L) **정답쪽 우세**
  B전용 KC → out_L 평균 0.4612 | out_R 평균 0.9088 | 차이 -0.4477 (정답은 out_R) **정답쪽 우세**

=== 가중치 변화 ===
  kc_out_l: n=8056 |Δ|평균 0.04452 변화율  22.4% | 평균 0.500→0.537 | std 0.0000→0.1111
  kc_out_r: n=8090 |Δ|평균 0.05792 변화율  22.8% | 평균 0.500→0.543 | std 0.0000→0.1362

=== 요약 (mode=learn seed=7) ===
  첫 구간 56.2% → 마지막 구간 75.2% | 변화 +19.0%p | 보상률 65.8%
=> MINCIRC mode=learn seed=7 first=56.2 last=75.2 delta=+19.0 reward=65.8 **eval=100.0** tie=0 trialseed=307
