make: Entering directory '/root/minc_run/minimal_circuit_CODE'
make: Nothing to be done for 'all'.
make: Leaving directory '/root/minc_run/minimal_circuit_CODE'
  시행    1~ 400: 정답률  68.2%
  시행  401~ 800: 정답률  68.8%

=== 평가 (탐색 없음, 학습 없음, 무작위 순서 100시행) : 정답률 100.0% | 동점 0회 ===
   자극 A: 57/57 (100.0%)
   자극 B: 43/43 (100.0%)

=== 학습 후 자극별 출력 (선택 이전의 원 신호) ===
  자극 A → 정답 L | out_L= 104  out_R=   0  차이  +104 | KC 88개
  자극 B → 정답 R | out_L=   0  out_R= 101  차이  -101 | KC 85개

=== 가중치 구조 (A전용 KC 71개, B전용 KC 68개) ===
  A전용 KC → out_L 평균 0.9258 | out_R 평균 0.4636 | 차이 +0.4622 (정답은 out_L) **정답쪽 우세**
  B전용 KC → out_L 평균 0.4467 | out_R 평균 0.8621 | 차이 -0.4154 (정답은 out_R) **정답쪽 우세**

=== 가중치 변화 ===
  kc_out_l: n=7872 |Δ|평균 0.05112 변화율  19.9% | 평균 0.500→0.542 | std 0.0000→0.1336
  kc_out_r: n=7840 |Δ|평균 0.04117 변화율  19.4% | 평균 0.500→0.535 | std 0.0000→0.1112

=== 요약 (mode=learn seed=5) ===
  첫 구간 68.2% → 마지막 구간 68.8% | 변화 +0.5%p | 보상률 68.5%
=> MINCIRC mode=learn seed=5 first=68.2 last=68.8 delta=+0.5 reward=68.5 **eval=100.0** tie=0 trialseed=304
