make: Entering directory '/root/minc_run/minimal_circuit_CODE'
make: Nothing to be done for 'all'.
make: Leaving directory '/root/minc_run/minimal_circuit_CODE'
  시행    1~ 400: 정답률  67.8%
  시행  401~ 800: 정답률  69.8%

=== 평가 (탐색 없음, 학습 없음, 무작위 순서 100시행) : 정답률 100.0% | 동점 0회 ===
   자극 A: 44/44 (100.0%)
   자극 B: 56/56 (100.0%)

=== 학습 후 자극별 출력 (선택 이전의 원 신호) ===
  자극 A → 정답 L | out_L=  90  out_R=   1  차이   +89 | KC 90개
  자극 B → 정답 R | out_L=   2  out_R=  84  차이   -82 | KC 97개

=== 가중치 구조 (A전용 KC 78개, B전용 KC 85개) ===
  A전용 KC → out_L 평균 0.9276 | out_R 평균 0.4610 | 차이 +0.4667 (정답은 out_L) **정답쪽 우세**
  B전용 KC → out_L 평균 0.4462 | out_R 평균 0.8548 | 차이 -0.4085 (정답은 out_R) **정답쪽 우세**

=== 가중치 변화 ===
  kc_out_l: n=8013 |Δ|평균 0.05204 변화율  21.3% | 평균 0.500→0.541 | std 0.0000→0.1348
  kc_out_r: n=7950 |Δ|평균 0.04730 변화율  21.8% | 평균 0.500→0.540 | std 0.0000→0.1176

=== 요약 (mode=learn seed=6) ===
  첫 구간 67.8% → 마지막 구간 69.8% | 변화 +2.0%p | 보상률 68.8%
=> MINCIRC mode=learn seed=6 first=67.8 last=69.8 delta=+2.0 reward=68.8 **eval=100.0** tie=0 trialseed=301
