make: Entering directory '/root/minc_run/minimal_circuit_CODE'
make: Nothing to be done for 'all'.
make: Leaving directory '/root/minc_run/minimal_circuit_CODE'
  시행    1~ 400: 정답률  66.5%
  시행  401~ 800: 정답률  71.0%

=== 평가 (탐색 없음, 학습 없음, 무작위 순서 100시행) : 정답률 100.0% | 동점 0회 ===
   자극 A: 44/44 (100.0%)
   자극 B: 56/56 (100.0%)

=== 학습 후 자극별 출력 (선택 이전의 원 신호) ===
  자극 A → 정답 L | out_L=  88  out_R=   1  차이   +87 | KC 90개
  자극 B → 정답 R | out_L=   2  out_R=  87  차이   -85 | KC 97개

=== 가중치 구조 (A전용 KC 78개, B전용 KC 85개) ===
  A전용 KC → out_L 평균 0.9175 | out_R 평균 0.4616 | 차이 +0.4559 (정답은 out_L) **정답쪽 우세**
  B전용 KC → out_L 평균 0.4469 | out_R 평균 0.8660 | 차이 -0.4192 (정답은 out_R) **정답쪽 우세**

=== 가중치 변화 ===
  kc_out_l: n=8013 |Δ|평균 0.05085 변화율  21.3% | 평균 0.500→0.540 | std 0.0000→0.1316
  kc_out_r: n=7950 |Δ|평균 0.04869 변화율  21.8% | 평균 0.500→0.542 | std 0.0000→0.1214

=== 요약 (mode=learn seed=6) ===
  첫 구간 66.5% → 마지막 구간 71.0% | 변화 +4.5%p | 보상률 68.8%
=> MINCIRC mode=learn seed=6 first=66.5 last=71.0 delta=+4.5 reward=68.8 **eval=100.0** tie=0 trialseed=302
