make: Entering directory '/root/minc_run/minimal_circuit_CODE'
make: Nothing to be done for 'all'.
make: Leaving directory '/root/minc_run/minimal_circuit_CODE'
  시행    1~ 400: 정답률  63.7%
  시행  401~ 800: 정답률  68.5%

=== 평가 (탐색 없음, 학습 없음, 무작위 순서 100시행) : 정답률 100.0% | 동점 0회 ===
   자극 A: 44/44 (100.0%)
   자극 B: 56/56 (100.0%)

=== 학습 후 자극별 출력 (선택 이전의 원 신호) ===
  자극 A → 정답 L | out_L=  87  out_R=   1  차이   +86 | KC 90개
  자극 B → 정답 R | out_L=   2  out_R=  87  차이   -85 | KC 97개

=== 가중치 구조 (A전용 KC 78개, B전용 KC 85개) ===
  A전용 KC → out_L 평균 0.8912 | out_R 평균 0.4527 | 차이 +0.4384 (정답은 out_L) **정답쪽 우세**
  B전용 KC → out_L 평균 0.4479 | out_R 평균 0.8665 | 차이 -0.4186 (정답은 out_R) **정답쪽 우세**

=== 가중치 변화 ===
  kc_out_l: n=8013 |Δ|평균 0.04791 변화율  21.3% | 평균 0.500→0.537 | std 0.0000→0.1236
  kc_out_r: n=7950 |Δ|평균 0.04942 변화율  21.8% | 평균 0.500→0.541 | std 0.0000→0.1217

=== 요약 (mode=learn seed=6) ===
  첫 구간 63.7% → 마지막 구간 68.5% | 변화 +4.8%p | 보상률 66.1%
=> MINCIRC mode=learn seed=6 first=63.7 last=68.5 delta=+4.8 reward=66.1 **eval=100.0** tie=0 trialseed=305
