make: Entering directory '/root/minc_run/minimal_circuit_CODE'
make: Nothing to be done for 'all'.
make: Leaving directory '/root/minc_run/minimal_circuit_CODE'
  시행    1~ 400: 정답률  63.5%
  시행  401~ 800: 정답률  70.8%

=== 평가 (탐색 없음, 학습 없음, 무작위 순서 100시행) : 정답률 100.0% | 동점 0회 ===
   자극 A: 57/57 (100.0%)
   자극 B: 43/43 (100.0%)

=== 학습 후 자극별 출력 (선택 이전의 원 신호) ===
  자극 A → 정답 L | out_L= 104  out_R=   0  차이  +104 | KC 88개
  자극 B → 정답 R | out_L=   0  out_R= 101  차이  -101 | KC 85개

=== 가중치 구조 (A전용 KC 71개, B전용 KC 68개) ===
  A전용 KC → out_L 평균 0.9129 | out_R 평균 0.4621 | 차이 +0.4507 (정답은 out_L) **정답쪽 우세**
  B전용 KC → out_L 평균 0.4423 | out_R 평균 0.8613 | 차이 -0.4190 (정답은 out_R) **정답쪽 우세**

=== 가중치 변화 ===
  kc_out_l: n=7872 |Δ|평균 0.04998 변화율  19.9% | 평균 0.500→0.540 | std 0.0000→0.1297
  kc_out_r: n=7840 |Δ|평균 0.04116 변화율  19.4% | 평균 0.500→0.535 | std 0.0000→0.1109

=== 요약 (mode=learn seed=5) ===
  첫 구간 63.5% → 마지막 구간 70.8% | 변화 +7.2%p | 보상률 67.1%
=> MINCIRC mode=learn seed=5 first=63.5 last=70.8 delta=+7.2 reward=67.1 **eval=100.0** tie=0 trialseed=303
