make: Entering directory '/root/minc_run/minimal_circuit_CODE'
make: Nothing to be done for 'all'.
make: Leaving directory '/root/minc_run/minimal_circuit_CODE'
  시행    1~ 400: 정답률  70.5%
  시행  401~ 800: 정답률  69.8%

=== 평가 (탐색 없음, 학습 없음, 무작위 순서 100시행) : 정답률 100.0% | 동점 0회 ===
   자극 A: 57/57 (100.0%)
   자극 B: 43/43 (100.0%)

=== 학습 후 자극별 출력 (선택 이전의 원 신호) ===
  자극 A → 정답 L | out_L= 104  out_R=   0  차이  +104 | KC 88개
  자극 B → 정답 R | out_L=   1  out_R=  84  차이   -83 | KC 85개

=== 가중치 구조 (A전용 KC 71개, B전용 KC 68개) ===
  A전용 KC → out_L 평균 0.9303 | out_R 평균 0.4638 | 차이 +0.4664 (정답은 out_L) **정답쪽 우세**
  B전용 KC → out_L 평균 0.4535 | out_R 평균 0.8733 | 차이 -0.4198 (정답은 out_R) **정답쪽 우세**

=== 가중치 변화 ===
  kc_out_l: n=7872 |Δ|평균 0.05114 변화율  19.9% | 평균 0.500→0.543 | std 0.0000→0.1349
  kc_out_r: n=7840 |Δ|평균 0.04233 변화율  19.4% | 평균 0.500→0.536 | std 0.0000→0.1145

=== 요약 (mode=learn seed=5) ===
  첫 구간 70.5% → 마지막 구간 69.8% | 변화 -0.8%p | 보상률 70.1%
=> MINCIRC mode=learn seed=5 first=70.5 last=69.8 delta=-0.8 reward=70.1 **eval=100.0** tie=0 trialseed=301
