make: Entering directory '/root/minc_run/minimal_circuit_CODE'
make: Nothing to be done for 'all'.
make: Leaving directory '/root/minc_run/minimal_circuit_CODE'
  시행    1~ 400: 정답률  70.5%
  시행  401~ 800: 정답률  69.8%
  시행  801~1200: 정답률  26.8%
  시행 1201~1600: 정답률  30.0%

=== 평가 (탐색 없음, 학습 없음, 무작위 순서 100시행) : 정답률 43.0% | 동점 0회 ===
   (reversal) 최종 규칙 기준 43.0% | 원래 규칙 기준 57.0%
   자극 A: 0/57 (0.0%)
   자극 B: 43/43 (100.0%)

=== 학습 후 자극별 출력 (선택 이전의 원 신호) ===
  자극 A → 정답 L | out_L=  39  out_R=   5  차이   +34 | KC 88개
  자극 B → 정답 R | out_L=  19  out_R=  11  차이    +8 | KC 85개

=== 가중치 구조 (A전용 KC 71개, B전용 KC 68개) ===
  A전용 KC → out_L 평균 0.6721 | out_R 평균 0.5571 | 차이 +0.1149 (정답은 out_L) **정답쪽 우세**
  B전용 KC → out_L 평균 0.6159 | out_R 평균 0.6478 | 차이 -0.0320 (정답은 out_R) **정답쪽 우세**

=== 가중치 변화 ===
  kc_out_l: n=7872 |Δ|평균 0.03097 변화율  19.9% | 평균 0.500→0.531 | std 0.0000→0.0649
  kc_out_r: n=7840 |Δ|평균 0.02178 변화율  19.4% | 평균 0.500→0.522 | std 0.0000→0.0497

=== 요약 (mode=reversal seed=5) ===
  첫 구간 70.5% → 마지막 구간 30.0% | 변화 -40.5%p | 보상률 49.2%
=> MINCIRC mode=reversal seed=5 first=70.5 last=30.0 delta=-40.5 reward=49.2 **eval=43.0** tie=0 trialseed=301
