make: Entering directory '/root/minc_run/minimal_circuit_CODE'
make: Nothing to be done for 'all'.
make: Leaving directory '/root/minc_run/minimal_circuit_CODE'
  시행    1~ 400: 정답률  61.5%
  시행  401~ 800: 정답률  70.8%
  시행  801~1200: 정답률  32.5%
  시행 1201~1600: 정답률  31.5%

=== 평가 (탐색 없음, 학습 없음, 무작위 순서 100시행) : 정답률 0.0% | 동점 0회 ===
   (reversal) 최종 규칙 기준 0.0% | 원래 규칙 기준 100.0%
   자극 A: 0/52 (0.0%)
   자극 B: 0/48 (0.0%)

=== 학습 후 자극별 출력 (선택 이전의 원 신호) ===
  자극 A → 정답 L | out_L=  14  out_R=  13  차이    +1 | KC 98개
  자극 B → 정답 R | out_L=  17  out_R=  23  차이    -6 | KC 107개

=== 가중치 구조 (A전용 KC 73개, B전용 KC 82개) ===
  A전용 KC → out_L 평균 0.6399 | out_R 평균 0.6160 | 차이 +0.0239 (정답은 out_L) **정답쪽 우세**
  B전용 KC → out_L 평균 0.6384 | out_R 평균 0.6659 | 차이 -0.0275 (정답은 out_R) **정답쪽 우세**

=== 가중치 변화 ===
  kc_out_l: n=8056 |Δ|평균 0.03415 변화율  22.4% | 평균 0.500→0.534 | std 0.0000→0.0655
  kc_out_r: n=8090 |Δ|평균 0.03526 변화율  22.8% | 평균 0.500→0.535 | std 0.0000→0.0679

=== 요약 (mode=reversal seed=7) ===
  첫 구간 61.5% → 마지막 구간 31.5% | 변화 -30.0%p | 보상률 49.1%
=> MINCIRC mode=reversal seed=7 first=61.5 last=31.5 delta=-30.0 reward=49.1 **eval=0.0** tie=0 trialseed=302
