make: Entering directory '/root/minc_run/minimal_circuit_CODE'
make: Nothing to be done for 'all'.
make: Leaving directory '/root/minc_run/minimal_circuit_CODE'
  시행    1~ 400: 정답률  61.3%
  시행  401~ 800: 정답률  69.8%
  시행  801~1200: 정답률  26.8%
  시행 1201~1600: 정답률  28.7%

=== 평가 (탐색 없음, 학습 없음, 무작위 순서 100시행) : 정답률 26.0% | 동점 48회 ===
   (reversal) 최종 규칙 기준 26.0% | 원래 규칙 기준 74.0%
   자극 A: 0/52 (0.0%)
   자극 B: 26/48 (54.2%)

=== 학습 후 자극별 출력 (선택 이전의 원 신호) ===
  자극 A → 정답 L | out_L=  14  out_R=   9  차이    +5 | KC 98개
  자극 B → 정답 R | out_L=  16  out_R=  16  차이    +0 | KC 107개

=== 가중치 구조 (A전용 KC 73개, B전용 KC 82개) ===
  A전용 KC → out_L 평균 0.6275 | out_R 평균 0.5746 | 차이 +0.0529 (정답은 out_L) **정답쪽 우세**
  B전용 KC → out_L 평균 0.6323 | out_R 평균 0.6514 | 차이 -0.0190 (정답은 out_R) **정답쪽 우세**

=== 가중치 변화 ===
  kc_out_l: n=8056 |Δ|평균 0.03196 변화율  22.4% | 평균 0.500→0.532 | std 0.0000→0.0614
  kc_out_r: n=8090 |Δ|평균 0.02837 변화율  22.8% | 평균 0.500→0.528 | std 0.0000→0.0566

=== 요약 (mode=reversal seed=7) ===
  첫 구간 61.3% → 마지막 구간 28.7% | 변화 -32.5%p | 보상률 46.6%
=> MINCIRC mode=reversal seed=7 first=61.3 last=28.7 delta=-32.5 reward=46.6 **eval=26.0** tie=48 trialseed=301
