make: Entering directory '/root/minc_run/minimal_circuit_CODE'
make: Nothing to be done for 'all'.
make: Leaving directory '/root/minc_run/minimal_circuit_CODE'
  시행    1~ 400: 정답률  58.0%
  시행  401~ 800: 정답률  40.2%

=== 평가 (탐색 없음, 학습 없음, 무작위 순서 100시행) : 정답률 52.0% | 동점 0회 ===
   (reversal) 최종 규칙 기준 52.0% | 원래 규칙 기준 48.0%
   자극 A: 52/52 (100.0%)
   자극 B: 0/48 (0.0%)

=== 학습 후 자극별 출력 (선택 이전의 원 신호) ===
  자극 A → 정답 L | out_L=   4  out_R=  32  차이   -28 | KC 98개
  자극 B → 정답 R | out_L=   5  out_R=  28  차이   -23 | KC 107개

=== 가중치 구조 (A전용 KC 73개, B전용 KC 82개) ===
  A전용 KC → out_L 평균 0.5836 | out_R 평균 0.6059 | 차이 -0.0223 (정답은 out_L) **반대**
  B전용 KC → out_L 평균 0.5508 | out_R 평균 0.6096 | 차이 -0.0588 (정답은 out_R) **정답쪽 우세**

=== 가중치 변화 ===
  kc_out_l: n=8056 |Δ|평균 0.01673 변화율  22.4% | 평균 0.500→0.517 | std 0.0000→0.0335
  kc_out_r: n=8090 |Δ|평균 0.02721 변화율  22.8% | 평균 0.500→0.527 | std 0.0000→0.0520

=== 요약 (mode=reversal seed=7) ===
  첫 구간 58.0% → 마지막 구간 40.2% | 변화 -17.7%p | 보상률 49.1%
=> MINCIRC mode=reversal seed=7 first=58.0 last=40.2 delta=-17.7 reward=49.1 **eval=52.0** tie=0 trialseed=300
