make: Entering directory '/root/minc_run/minimal_circuit_CODE'
make: Nothing to be done for 'all'.
make: Leaving directory '/root/minc_run/minimal_circuit_CODE'
  시행    1~ 400: 정답률  63.7%
  시행  401~ 800: 정답률  68.8%
  시행  801~1200: 정답률  31.8%
  시행 1201~1600: 정답률  33.2%

=== 평가 (탐색 없음, 학습 없음, 무작위 순서 100시행) : 정답률 0.0% | 동점 0회 ===
   (reversal) 최종 규칙 기준 0.0% | 원래 규칙 기준 100.0%
   자극 A: 0/44 (0.0%)
   자극 B: 0/56 (0.0%)

=== 학습 후 자극별 출력 (선택 이전의 원 신호) ===
  자극 A → 정답 L | out_L=  29  out_R=   5  차이   +24 | KC 90개
  자극 B → 정답 R | out_L=   4  out_R=  33  차이   -29 | KC 97개

=== 가중치 구조 (A전용 KC 78개, B전용 KC 85개) ===
  A전용 KC → out_L 평균 0.6993 | out_R 평균 0.6117 | 차이 +0.0876 (정답은 out_L) **정답쪽 우세**
  B전용 KC → out_L 평균 0.5767 | out_R 평균 0.6194 | 차이 -0.0427 (정답은 out_R) **정답쪽 우세**

=== 가중치 변화 ===
  kc_out_l: n=8013 |Δ|평균 0.03075 변화율  21.3% | 평균 0.500→0.531 | std 0.0000→0.0665
  kc_out_r: n=7950 |Δ|평균 0.02645 변화율  21.8% | 평균 0.500→0.526 | std 0.0000→0.0512

=== 요약 (mode=reversal seed=6) ===
  첫 구간 63.7% → 마지막 구간 33.2% | 변화 -30.5%p | 보상률 49.4%
=> MINCIRC mode=reversal seed=6 first=63.7 last=33.2 delta=-30.5 reward=49.4 **eval=0.0** tie=0 trialseed=304
