make: Entering directory '/root/minc_run/minimal_circuit_CODE'
make: Nothing to be done for 'all'.
make: Leaving directory '/root/minc_run/minimal_circuit_CODE'
  시행    1~ 400: 정답률  68.2%
  시행  401~ 800: 정답률  37.0%

=== 평가 (탐색 없음, 학습 없음, 무작위 순서 100시행) : 정답률 43.0% | 동점 0회 ===
   (reversal) 최종 규칙 기준 43.0% | 원래 규칙 기준 57.0%
   자극 A: 0/57 (0.0%)
   자극 B: 43/43 (100.0%)

=== 학습 후 자극별 출력 (선택 이전의 원 신호) ===
  자극 A → 정답 L | out_L=  40  out_R=   5  차이   +35 | KC 88개
  자극 B → 정답 R | out_L=  21  out_R=  16  차이    +5 | KC 85개

=== 가중치 구조 (A전용 KC 71개, B전용 KC 68개) ===
  A전용 KC → out_L 평균 0.6292 | out_R 평균 0.5517 | 차이 +0.0775 (정답은 out_L) **정답쪽 우세**
  B전용 KC → out_L 평균 0.5898 | out_R 평균 0.6132 | 차이 -0.0234 (정답은 out_R) **정답쪽 우세**

=== 가중치 변화 ===
  kc_out_l: n=7872 |Δ|평균 0.02374 변화율  19.9% | 평균 0.500→0.524 | std 0.0000→0.0499
  kc_out_r: n=7840 |Δ|평균 0.01768 변화율  19.4% | 평균 0.500→0.518 | std 0.0000→0.0397

=== 요약 (mode=reversal seed=5) ===
  첫 구간 68.2% → 마지막 구간 37.0% | 변화 -31.2%p | 보상률 52.6%
=> MINCIRC mode=reversal seed=5 first=68.2 last=37.0 delta=-31.2 reward=52.6 **eval=43.0** tie=0 trialseed=304
