make: Entering directory '/root/minc_run/minimal_circuit_CODE'
make: Nothing to be done for 'all'.
make: Leaving directory '/root/minc_run/minimal_circuit_CODE'
  시행    1~ 400: 정답률  65.2%
  시행  401~ 800: 정답률  24.5%

=== 평가 (탐색 없음, 학습 없음, 무작위 순서 100시행) : 정답률 25.0% | 동점 43회 ===
   (reversal) 최종 규칙 기준 25.0% | 원래 규칙 기준 75.0%
   자극 A: 0/57 (0.0%)
   자극 B: 25/43 (58.1%)

=== 학습 후 자극별 출력 (선택 이전의 원 신호) ===
  자극 A → 정답 L | out_L=  35  out_R=  20  차이   +15 | KC 88개
  자극 B → 정답 R | out_L=  15  out_R=  15  차이    +0 | KC 85개

=== 가중치 구조 (A전용 KC 71개, B전용 KC 68개) ===
  A전용 KC → out_L 평균 0.5955 | out_R 평균 0.5385 | 차이 +0.0570 (정답은 out_L) **정답쪽 우세**
  B전용 KC → out_L 평균 0.5297 | out_R 평균 0.5962 | 차이 -0.0665 (정답은 out_R) **정답쪽 우세**

=== 가중치 변화 ===
  kc_out_l: n=7872 |Δ|평균 0.01370 변화율  19.9% | 평균 0.500→0.514 | std 0.0000→0.0316
  kc_out_r: n=7840 |Δ|평균 0.01440 변화율  19.4% | 평균 0.500→0.514 | std 0.0000→0.0328

=== 요약 (mode=reversal seed=5) ===
  첫 구간 65.2% → 마지막 구간 24.5% | 변화 -40.8%p | 보상률 44.9%
=> MINCIRC mode=reversal seed=5 first=65.2 last=24.5 delta=-40.8 reward=44.9 **eval=25.0** tie=43 trialseed=307
