make: Entering directory '/root/minc_run/minimal_circuit_CODE'
make: Nothing to be done for 'all'.
make: Leaving directory '/root/minc_run/minimal_circuit_CODE'
  시행    1~ 400: 정답률  58.5%
  시행  401~ 800: 정답률  70.5%
  시행  801~1200: 정답률  30.2%
  시행 1201~1600: 정답률  29.8%

=== 평가 (탐색 없음, 학습 없음, 무작위 순서 100시행) : 정답률 28.0% | 동점 52회 ===
   (reversal) 최종 규칙 기준 28.0% | 원래 규칙 기준 72.0%
   자극 A: 28/52 (53.8%)
   자극 B: 0/48 (0.0%)

=== 학습 후 자극별 출력 (선택 이전의 원 신호) ===
  자극 A → 정답 L | out_L=  12  out_R=  12  차이    +0 | KC 98개
  자극 B → 정답 R | out_L=  15  out_R=  20  차이    -5 | KC 107개

=== 가중치 구조 (A전용 KC 73개, B전용 KC 82개) ===
  A전용 KC → out_L 평균 0.6256 | out_R 평균 0.6085 | 차이 +0.0171 (정답은 out_L) **정답쪽 우세**
  B전용 KC → out_L 평균 0.6201 | out_R 평균 0.6584 | 차이 -0.0383 (정답은 out_R) **정답쪽 우세**

=== 가중치 변화 ===
  kc_out_l: n=8056 |Δ|평균 0.03019 변화율  22.4% | 평균 0.500→0.530 | std 0.0000→0.0580
  kc_out_r: n=8090 |Δ|평균 0.03337 변화율  22.8% | 평균 0.500→0.533 | std 0.0000→0.0643

=== 요약 (mode=reversal seed=7) ===
  첫 구간 58.5% → 마지막 구간 29.8% | 변화 -28.8%p | 보상률 47.2%
=> MINCIRC mode=reversal seed=7 first=58.5 last=29.8 delta=-28.8 reward=47.2 **eval=28.0** tie=52 trialseed=306
