make: Entering directory '/root/minc_run/minimal_circuit_CODE'
make: Nothing to be done for 'all'.
make: Leaving directory '/root/minc_run/minimal_circuit_CODE'
  시행    1~ 400: 정답률  67.8%
  시행  401~ 800: 정답률  68.5%
  시행  801~1200: 정답률  29.8%
  시행 1201~1600: 정답률  32.2%

=== 평가 (탐색 없음, 학습 없음, 무작위 순서 100시행) : 정답률 43.0% | 동점 0회 ===
   (reversal) 최종 규칙 기준 43.0% | 원래 규칙 기준 57.0%
   자극 A: 0/57 (0.0%)
   자극 B: 43/43 (100.0%)

=== 학습 후 자극별 출력 (선택 이전의 원 신호) ===
  자극 A → 정답 L | out_L=  37  out_R=   5  차이   +32 | KC 88개
  자극 B → 정답 R | out_L=  14  out_R=  13  차이    +1 | KC 85개

=== 가중치 구조 (A전용 KC 71개, B전용 KC 68개) ===
  A전용 KC → out_L 평균 0.6642 | out_R 평균 0.5774 | 차이 +0.0868 (정답은 out_L) **정답쪽 우세**
  B전용 KC → out_L 평균 0.6098 | out_R 평균 0.6599 | 차이 -0.0501 (정답은 out_R) **정답쪽 우세**

=== 가중치 변화 ===
  kc_out_l: n=7872 |Δ|평균 0.02949 변화율  19.9% | 평균 0.500→0.529 | std 0.0000→0.0619
  kc_out_r: n=7840 |Δ|평균 0.02520 변화율  19.4% | 평균 0.500→0.525 | std 0.0000→0.0559

=== 요약 (mode=reversal seed=5) ===
  첫 구간 67.8% → 마지막 구간 32.2% | 변화 -35.5%p | 보상률 49.6%
=> MINCIRC mode=reversal seed=5 first=67.8 last=32.2 delta=-35.5 reward=49.6 **eval=43.0** tie=0 trialseed=305
