make: Entering directory '/root/minc_run/minimal_circuit_CODE'
make: Nothing to be done for 'all'.
make: Leaving directory '/root/minc_run/minimal_circuit_CODE'
  시행    1~ 400: 정답률  66.0%
  시행  401~ 800: 정답률  66.5%
  시행  801~1200: 정답률  29.2%
  시행 1201~1600: 정답률  29.8%

=== 평가 (탐색 없음, 학습 없음, 무작위 순서 100시행) : 정답률 0.0% | 동점 0회 ===
   (reversal) 최종 규칙 기준 0.0% | 원래 규칙 기준 100.0%
   자극 A: 0/57 (0.0%)
   자극 B: 0/43 (0.0%)

=== 학습 후 자극별 출력 (선택 이전의 원 신호) ===
  자극 A → 정답 L | out_L=  27  out_R=   6  차이   +21 | KC 88개
  자극 B → 정답 R | out_L=   9  out_R=  23  차이   -14 | KC 85개

=== 가중치 구조 (A전용 KC 71개, B전용 KC 68개) ===
  A전용 KC → out_L 평균 0.6287 | out_R 평균 0.5736 | 차이 +0.0551 (정답은 out_L) **정답쪽 우세**
  B전용 KC → out_L 평균 0.5954 | out_R 평균 0.6727 | 차이 -0.0773 (정답은 out_R) **정답쪽 우세**

=== 가중치 변화 ===
  kc_out_l: n=7872 |Δ|평균 0.02409 변화율  19.9% | 평균 0.500→0.524 | std 0.0000→0.0503
  kc_out_r: n=7840 |Δ|평균 0.02610 변화율  19.4% | 평균 0.500→0.526 | std 0.0000→0.0587

=== 요약 (mode=reversal seed=5) ===
  첫 구간 66.0% → 마지막 구간 29.8% | 변화 -36.2%p | 보상률 47.9%
=> MINCIRC mode=reversal seed=5 first=66.0 last=29.8 delta=-36.2 reward=47.9 **eval=0.0** tie=0 trialseed=300
