make: Entering directory '/root/minc_run/minimal_circuit_CODE'
make: Nothing to be done for 'all'.
make: Leaving directory '/root/minc_run/minimal_circuit_CODE'
  시행    1~ 400: 정답률  70.0%
  시행  401~ 800: 정답률  34.5%

=== 평가 (탐색 없음, 학습 없음, 무작위 순서 100시행) : 정답률 43.0% | 동점 0회 ===
   (reversal) 최종 규칙 기준 43.0% | 원래 규칙 기준 57.0%
   자극 A: 0/57 (0.0%)
   자극 B: 43/43 (100.0%)

=== 학습 후 자극별 출력 (선택 이전의 원 신호) ===
  자극 A → 정답 L | out_L=  40  out_R=   5  차이   +35 | KC 88개
  자극 B → 정답 R | out_L=  20  out_R=  18  차이    +2 | KC 85개

=== 가중치 구조 (A전용 KC 71개, B전용 KC 68개) ===
  A전용 KC → out_L 평균 0.6242 | out_R 평균 0.5532 | 차이 +0.0709 (정답은 out_L) **정답쪽 우세**
  B전용 KC → out_L 평균 0.5774 | out_R 평균 0.6205 | 차이 -0.0431 (정답은 out_R) **정답쪽 우세**

=== 가중치 변화 ===
  kc_out_l: n=7872 |Δ|평균 0.02185 변화율  19.9% | 평균 0.500→0.522 | std 0.0000→0.0463
  kc_out_r: n=7840 |Δ|평균 0.01861 변화율  19.4% | 평균 0.500→0.519 | std 0.0000→0.0419

=== 요약 (mode=reversal seed=5) ===
  첫 구간 70.0% → 마지막 구간 34.5% | 변화 -35.5%p | 보상률 52.2%
=> MINCIRC mode=reversal seed=5 first=70.0 last=34.5 delta=-35.5 reward=52.2 **eval=43.0** tie=0 trialseed=306
