make: Entering directory '/root/minc_run/minimal_circuit_CODE'
make: Nothing to be done for 'all'.
make: Leaving directory '/root/minc_run/minimal_circuit_CODE'
  시행    1~ 400: 정답률  67.8%
  시행  401~ 800: 정답률  31.5%

=== 평가 (탐색 없음, 학습 없음, 무작위 순서 100시행) : 정답률 22.0% | 동점 43회 ===
   (reversal) 최종 규칙 기준 22.0% | 원래 규칙 기준 78.0%
   자극 A: 0/57 (0.0%)
   자극 B: 22/43 (51.2%)

=== 학습 후 자극별 출력 (선택 이전의 원 신호) ===
  자극 A → 정답 L | out_L=  30  out_R=   7  차이   +23 | KC 88개
  자극 B → 정답 R | out_L=  18  out_R=  18  차이    +0 | KC 85개

=== 가중치 구조 (A전용 KC 71개, B전용 KC 68개) ===
  A전용 KC → out_L 평균 0.6073 | out_R 평균 0.5667 | 차이 +0.0406 (정답은 out_L) **정답쪽 우세**
  B전용 KC → out_L 평균 0.5380 | out_R 평균 0.6179 | 차이 -0.0799 (정답은 out_R) **정답쪽 우세**

=== 가중치 변화 ===
  kc_out_l: n=7872 |Δ|평균 0.01592 변화율  19.9% | 평균 0.500→0.516 | std 0.0000→0.0362
  kc_out_r: n=7840 |Δ|평균 0.01972 변화율  19.4% | 평균 0.500→0.520 | std 0.0000→0.0431

=== 요약 (mode=reversal seed=5) ===
  첫 구간 67.8% → 마지막 구간 31.5% | 변화 -36.2%p | 보상률 49.6%
=> MINCIRC mode=reversal seed=5 first=67.8 last=31.5 delta=-36.2 reward=49.6 **eval=22.0** tie=43 trialseed=305
