make: Entering directory '/root/minc_run/minimal_circuit_CODE'
make: Nothing to be done for 'all'.
make: Leaving directory '/root/minc_run/minimal_circuit_CODE'
  시행    1~ 400: 정답률  56.2%
  시행  401~ 800: 정답률  75.2%
  시행  801~1200: 정답률  31.5%
  시행 1201~1600: 정답률  27.3%

=== 평가 (탐색 없음, 학습 없음, 무작위 순서 100시행) : 정답률 52.0% | 동점 0회 ===
   (reversal) 최종 규칙 기준 52.0% | 원래 규칙 기준 48.0%
   자극 A: 52/52 (100.0%)
   자극 B: 0/48 (0.0%)

=== 학습 후 자극별 출력 (선택 이전의 원 신호) ===
  자극 A → 정답 L | out_L=  11  out_R=  13  차이    -2 | KC 98개
  자극 B → 정답 R | out_L=  14  out_R=  23  차이    -9 | KC 107개

=== 가중치 구조 (A전용 KC 73개, B전용 KC 82개) ===
  A전용 KC → out_L 평균 0.6195 | out_R 평균 0.6075 | 차이 +0.0120 (정답은 out_L) **정답쪽 우세**
  B전용 KC → out_L 평균 0.6151 | out_R 평균 0.6703 | 차이 -0.0552 (정답은 out_R) **정답쪽 우세**

=== 가중치 변화 ===
  kc_out_l: n=8056 |Δ|평균 0.02887 변화율  22.4% | 평균 0.500→0.529 | std 0.0000→0.0556
  kc_out_r: n=8090 |Δ|평균 0.03472 변화율  22.8% | 평균 0.500→0.535 | std 0.0000→0.0674

=== 요약 (mode=reversal seed=7) ===
  첫 구간 56.2% → 마지막 구간 27.3% | 변화 -29.0%p | 보상률 47.6%
=> MINCIRC mode=reversal seed=7 first=56.2 last=27.3 delta=-29.0 reward=47.6 **eval=52.0** tie=0 trialseed=307
