make: Entering directory '/root/minc_run/minimal_circuit_CODE'
make: Nothing to be done for 'all'.
make: Leaving directory '/root/minc_run/minimal_circuit_CODE'
  시행    1~ 400: 정답률  57.2%
  시행  401~ 800: 정답률  68.5%
  시행  801~1200: 정답률  29.8%
  시행 1201~1600: 정답률  32.0%

=== 평가 (탐색 없음, 학습 없음, 무작위 순서 100시행) : 정답률 52.0% | 동점 0회 ===
   (reversal) 최종 규칙 기준 52.0% | 원래 규칙 기준 48.0%
   자극 A: 52/52 (100.0%)
   자극 B: 0/48 (0.0%)

=== 학습 후 자극별 출력 (선택 이전의 원 신호) ===
  자극 A → 정답 L | out_L=  10  out_R=  11  차이    -1 | KC 98개
  자극 B → 정답 R | out_L=  16  out_R=  22  차이    -6 | KC 107개

=== 가중치 구조 (A전용 KC 73개, B전용 KC 82개) ===
  A전용 KC → out_L 평균 0.6092 | out_R 평균 0.5965 | 차이 +0.0127 (정답은 out_L) **정답쪽 우세**
  B전용 KC → out_L 평균 0.6346 | out_R 평균 0.6681 | 차이 -0.0335 (정답은 out_R) **정답쪽 우세**

=== 가중치 변화 ===
  kc_out_l: n=8056 |Δ|평균 0.03011 변화율  22.4% | 평균 0.500→0.530 | std 0.0000→0.0581
  kc_out_r: n=8090 |Δ|평균 0.03315 변화율  22.8% | 평균 0.500→0.533 | std 0.0000→0.0650

=== 요약 (mode=reversal seed=7) ===
  첫 구간 57.2% → 마지막 구간 32.0% | 변화 -25.2%p | 보상률 46.9%
=> MINCIRC mode=reversal seed=7 first=57.2 last=32.0 delta=-25.2 reward=46.9 **eval=52.0** tie=0 trialseed=305
