make: Entering directory '/root/minc_run/minimal_circuit_CODE'
make: Nothing to be done for 'all'.
make: Leaving directory '/root/minc_run/minimal_circuit_CODE'
  시행    1~ 400: 정답률  63.7%
  시행  401~ 800: 정답률  31.5%

=== 평가 (탐색 없음, 학습 없음, 무작위 순서 100시행) : 정답률 0.0% | 동점 0회 ===
   (reversal) 최종 규칙 기준 0.0% | 원래 규칙 기준 100.0%
   자극 A: 0/44 (0.0%)
   자극 B: 0/56 (0.0%)

=== 학습 후 자극별 출력 (선택 이전의 원 신호) ===
  자극 A → 정답 L | out_L=  17  out_R=  11  차이    +6 | KC 90개
  자극 B → 정답 R | out_L=   7  out_R=  31  차이   -24 | KC 97개

=== 가중치 구조 (A전용 KC 78개, B전용 KC 85개) ===
  A전용 KC → out_L 평균 0.6032 | out_R 평균 0.5738 | 차이 +0.0294 (정답은 out_L) **정답쪽 우세**
  B전용 KC → out_L 평균 0.5242 | out_R 평균 0.5997 | 차이 -0.0755 (정답은 out_R) **정답쪽 우세**

=== 가중치 변화 ===
  kc_out_l: n=8013 |Δ|평균 0.01424 변화율  21.3% | 평균 0.500→0.514 | std 0.0000→0.0334
  kc_out_r: n=7950 |Δ|평균 0.02016 변화율  21.8% | 평균 0.500→0.520 | std 0.0000→0.0396

=== 요약 (mode=reversal seed=6) ===
  첫 구간 63.7% → 마지막 구간 31.5% | 변화 -32.2%p | 보상률 47.6%
=> MINCIRC mode=reversal seed=6 first=63.7 last=31.5 delta=-32.2 reward=47.6 **eval=0.0** tie=0 trialseed=305
