make: Entering directory '/root/minc_run/minimal_circuit_CODE'
make: Leaving directory '/root/minc_run/minimal_circuit_CODE'
  시행    1~ 400: 정답률  49.2%
  시행  401~ 800: 정답률  69.8%
  시행  801~1200: 정답률  26.8%
  시행 1201~1600: 정답률  28.7%

=== 평가 (탐색 없음, 학습 없음, 무작위 순서 100시행) : 정답률 0.0% | 동점 0회 ===
   (reversal) 최종 규칙 기준 0.0% | 원래 규칙 기준 100.0%
   자극 A: 0/52 (0.0%)
   자극 B: 0/48 (0.0%)

=== 학습 후 자극별 출력 (선택 이전의 원 신호) ===
  자극 A → 정답 L | out_L=  40  out_R=  30  차이   +10 | KC 98개
  자극 B → 정답 R | out_L=  32  out_R=  48  차이   -16 | KC 107개

=== 가중치 구조 (A전용 KC 73개, B전용 KC 82개) ===
  A전용 KC → out_L 평균 0.9132 | out_R 평균 0.6848 | 차이 +0.2284 (정답은 out_L) **정답쪽 우세**
  B전용 KC → out_L 평균 0.7154 | out_R 평균 1.0485 | 차이 -0.3331 (정답은 out_R) **정답쪽 우세**

=== 가중치 변화 ===
  kc_out_l: n=8056 |Δ|평균 0.07864 변화율  22.4% | 평균 0.500→0.579 | std 0.0000→0.1607
  kc_out_r: n=8090 |Δ|평균 0.09457 변화율  22.8% | 평균 0.500→0.595 | std 0.0000→0.2004

=== 요약 (mode=reversal seed=7) ===
  첫 구간 49.2% → 마지막 구간 28.7% | 변화 -20.5%p | 보상률 43.6%
=> MINCIRC mode=reversal seed=7 first=49.2 last=28.7 delta=-20.5 reward=43.6 **eval=0.0** tie=0 trialseed=301
