make: Entering directory '/root/minc_run/minimal_circuit_CODE'
make: Leaving directory '/root/minc_run/minimal_circuit_CODE'
  시행    1~ 400: 정답률  63.7%
  시행  401~ 800: 정답률  66.8%
  시행  801~1200: 정답률  29.5%
  시행 1201~1600: 정답률  29.8%

=== 평가 (탐색 없음, 학습 없음, 무작위 순서 100시행) : 정답률 0.0% | 동점 0회 ===
   (reversal) 최종 규칙 기준 0.0% | 원래 규칙 기준 100.0%
   자극 A: 0/44 (0.0%)
   자극 B: 0/56 (0.0%)

=== 학습 후 자극별 출력 (선택 이전의 원 신호) ===
  자극 A → 정답 L | out_L=  41  out_R=  12  차이   +29 | KC 90개
  자극 B → 정답 R | out_L=  17  out_R=  45  차이   -28 | KC 97개

=== 가중치 구조 (A전용 KC 78개, B전용 KC 85개) ===
  A전용 KC → out_L 평균 1.0144 | out_R 평균 0.6772 | 차이 +0.3372 (정답은 out_L) **정답쪽 우세**
  B전용 KC → out_L 평균 0.6821 | out_R 평균 1.0660 | 차이 -0.3839 (정답은 out_R) **정답쪽 우세**

=== 가중치 변화 ===
  kc_out_l: n=8013 |Δ|평균 0.07855 변화율  21.3% | 평균 0.500→0.579 | std 0.0000→0.1733
  kc_out_r: n=7950 |Δ|평균 0.08951 변화율  21.8% | 평균 0.500→0.590 | std 0.0000→0.1949

=== 요약 (mode=reversal seed=6) ===
  첫 구간 63.7% → 마지막 구간 29.8% | 변화 -34.0%p | 보상률 47.4%
=> MINCIRC mode=reversal seed=6 first=63.7 last=29.8 delta=-34.0 reward=47.4 **eval=0.0** tie=0 trialseed=300
