make: Entering directory '/root/minc_run/minimal_circuit_CODE'
make: Leaving directory '/root/minc_run/minimal_circuit_CODE'
  시행    1~ 400: 정답률  59.2%
  시행  401~ 800: 정답률  68.8%
  시행  801~1200: 정답률  31.8%
  시행 1201~1600: 정답률  33.2%

=== 평가 (탐색 없음, 학습 없음, 무작위 순서 100시행) : 정답률 0.0% | 동점 0회 ===
   (reversal) 최종 규칙 기준 0.0% | 원래 규칙 기준 100.0%
   자극 A: 0/52 (0.0%)
   자극 B: 0/48 (0.0%)

=== 학습 후 자극별 출력 (선택 이전의 원 신호) ===
  자극 A → 정답 L | out_L=  46  out_R=  37  차이    +9 | KC 98개
  자극 B → 정답 R | out_L=  33  out_R=  48  차이   -15 | KC 107개

=== 가중치 구조 (A전용 KC 73개, B전용 KC 82개) ===
  A전용 KC → out_L 평균 1.0045 | out_R 평균 0.7407 | 차이 +0.2637 (정답은 out_L) **정답쪽 우세**
  B전용 KC → out_L 평균 0.7244 | out_R 평균 1.0364 | 차이 -0.3119 (정답은 out_R) **정답쪽 우세**

=== 가중치 변화 ===
  kc_out_l: n=8056 |Δ|평균 0.09092 변화율  22.4% | 평균 0.500→0.591 | std 0.0000→0.1892
  kc_out_r: n=8090 |Δ|평균 0.10011 변화율  22.8% | 평균 0.500→0.600 | std 0.0000→0.2048

=== 요약 (mode=reversal seed=7) ===
  첫 구간 59.2% → 마지막 구간 33.2% | 변화 -26.0%p | 보상률 48.2%
=> MINCIRC mode=reversal seed=7 first=59.2 last=33.2 delta=-26.0 reward=48.2 **eval=0.0** tie=0 trialseed=304
