make: Entering directory '/root/minc_run/minimal_circuit_CODE'
make: Leaving directory '/root/minc_run/minimal_circuit_CODE'
  시행    1~ 400: 정답률  54.0%
  시행  401~ 800: 정답률  71.0%
  시행  801~1200: 정답률  32.8%
  시행 1201~1600: 정답률  31.2%

=== 평가 (탐색 없음, 학습 없음, 무작위 순서 100시행) : 정답률 0.0% | 동점 0회 ===
   (reversal) 최종 규칙 기준 0.0% | 원래 규칙 기준 100.0%
   자극 A: 0/52 (0.0%)
   자극 B: 0/48 (0.0%)

=== 학습 후 자극별 출력 (선택 이전의 원 신호) ===
  자극 A → 정답 L | out_L=  44  out_R=  37  차이    +7 | KC 98개
  자극 B → 정답 R | out_L=  33  out_R=  48  차이   -15 | KC 107개

=== 가중치 구조 (A전용 KC 73개, B전용 KC 82개) ===
  A전용 KC → out_L 평균 0.9431 | out_R 평균 0.7305 | 차이 +0.2125 (정답은 out_L) **정답쪽 우세**
  B전용 KC → out_L 평균 0.7285 | out_R 평균 1.0732 | 차이 -0.3447 (정답은 out_R) **정답쪽 우세**

=== 가중치 변화 ===
  kc_out_l: n=8056 |Δ|평균 0.08399 변화율  22.4% | 평균 0.500→0.584 | std 0.0000→0.1718
  kc_out_r: n=8090 |Δ|평균 0.10357 변화율  22.8% | 평균 0.500→0.604 | std 0.0000→0.2146

=== 요약 (mode=reversal seed=7) ===
  첫 구간 54.0% → 마지막 구간 31.2% | 변화 -22.8%p | 보상률 47.2%
=> MINCIRC mode=reversal seed=7 first=54.0 last=31.2 delta=-22.8 reward=47.2 **eval=0.0** tie=0 trialseed=302
