make: Entering directory '/root/minc_run/minimal_circuit_CODE'
make: Leaving directory '/root/minc_run/minimal_circuit_CODE'
  시행    1~ 400: 정답률  48.8%
  시행  401~ 800: 정답률  70.5%
  시행  801~1200: 정답률  27.5%
  시행 1201~1600: 정답률  34.2%

=== 평가 (탐색 없음, 학습 없음, 무작위 순서 100시행) : 정답률 0.0% | 동점 0회 ===
   (reversal) 최종 규칙 기준 0.0% | 원래 규칙 기준 100.0%
   자극 A: 0/52 (0.0%)
   자극 B: 0/48 (0.0%)

=== 학습 후 자극별 출력 (선택 이전의 원 신호) ===
  자극 A → 정답 L | out_L=  43  out_R=  37  차이    +6 | KC 98개
  자극 B → 정답 R | out_L=  31  out_R=  48  차이   -17 | KC 107개

=== 가중치 구조 (A전용 KC 73개, B전용 KC 82개) ===
  A전용 KC → out_L 평균 0.9365 | out_R 평균 0.7393 | 차이 +0.1972 (정답은 out_L) **정답쪽 우세**
  B전용 KC → out_L 평균 0.7054 | out_R 평균 1.0326 | 차이 -0.3272 (정답은 out_R) **정답쪽 우세**

=== 가중치 변화 ===
  kc_out_l: n=8056 |Δ|평균 0.08015 변화율  22.4% | 평균 0.500→0.580 | std 0.0000→0.1657
  kc_out_r: n=8090 |Δ|평균 0.09947 변화율  22.8% | 평균 0.500→0.599 | std 0.0000→0.2036

=== 요약 (mode=reversal seed=7) ===
  첫 구간 48.8% → 마지막 구간 34.2% | 변화 -14.5%p | 보상률 45.2%
=> MINCIRC mode=reversal seed=7 first=48.8 last=34.2 delta=-14.5 reward=45.2 **eval=0.0** tie=0 trialseed=303
