make: Entering directory '/root/minc_run/minimal_circuit_CODE'
make: Leaving directory '/root/minc_run/minimal_circuit_CODE'
  시행    1~ 400: 정답률  62.7%
  시행  401~ 800: 정답률  75.5%
  시행  801~1200: 정답률  31.8%
  시행 1201~1600: 정답률  26.2%

=== 평가 (탐색 없음, 학습 없음, 무작위 순서 100시행) : 정답률 0.0% | 동점 0회 ===
   (reversal) 최종 규칙 기준 0.0% | 원래 규칙 기준 100.0%
   자극 A: 0/44 (0.0%)
   자극 B: 0/56 (0.0%)

=== 학습 후 자극별 출력 (선택 이전의 원 신호) ===
  자극 A → 정답 L | out_L=  45  out_R=  12  차이   +33 | KC 90개
  자극 B → 정답 R | out_L=  17  out_R=  45  차이   -28 | KC 97개

=== 가중치 구조 (A전용 KC 78개, B전용 KC 85개) ===
  A전용 KC → out_L 평균 1.0889 | out_R 평균 0.6855 | 차이 +0.4034 (정답은 out_L) **정답쪽 우세**
  B전용 KC → out_L 평균 0.6646 | out_R 평균 1.0546 | 차이 -0.3899 (정답은 out_R) **정답쪽 우세**

=== 가중치 변화 ===
  kc_out_l: n=8013 |Δ|평균 0.08478 변화율  21.3% | 평균 0.500→0.585 | std 0.0000→0.1938
  kc_out_r: n=7950 |Δ|평균 0.08894 변화율  21.8% | 평균 0.500→0.589 | std 0.0000→0.1919

=== 요약 (mode=reversal seed=6) ===
  첫 구간 62.7% → 마지막 구간 26.2% | 변화 -36.5%p | 보상률 49.1%
=> MINCIRC mode=reversal seed=6 first=62.7 last=26.2 delta=-36.5 reward=49.1 **eval=0.0** tie=0 trialseed=307
