make: Entering directory '/root/minc_run/minimal_circuit_CODE'
make: Leaving directory '/root/minc_run/minimal_circuit_CODE'
  시행    1~ 400: 정답률  46.2%
  시행  401~ 800: 정답률  71.2%
  시행  801~1200: 정답률  31.8%
  시행 1201~1600: 정답률  26.2%

=== 평가 (탐색 없음, 학습 없음, 무작위 순서 100시행) : 정답률 0.0% | 동점 0회 ===
   (reversal) 최종 규칙 기준 0.0% | 원래 규칙 기준 100.0%
   자극 A: 0/52 (0.0%)
   자극 B: 0/48 (0.0%)

=== 학습 후 자극별 출력 (선택 이전의 원 신호) ===
  자극 A → 정답 L | out_L=  38  out_R=  37  차이    +1 | KC 98개
  자극 B → 정답 R | out_L=  30  out_R=  48  차이   -18 | KC 107개

=== 가중치 구조 (A전용 KC 73개, B전용 KC 82개) ===
  A전용 KC → out_L 평균 0.8669 | out_R 평균 0.7237 | 차이 +0.1432 (정답은 out_L) **정답쪽 우세**
  B전용 KC → out_L 평균 0.6993 | out_R 평균 1.0874 | 차이 -0.3880 (정답은 out_R) **정답쪽 우세**

=== 가중치 변화 ===
  kc_out_l: n=8056 |Δ|평균 0.07091 변화율  22.4% | 평균 0.500→0.571 | std 0.0000→0.1443
  kc_out_r: n=8090 |Δ|평균 0.10452 변화율  22.8% | 평균 0.500→0.605 | std 0.0000→0.2181

=== 요약 (mode=reversal seed=7) ===
  첫 구간 46.2% → 마지막 구간 26.2% | 변화 -20.0%p | 보상률 43.9%
=> MINCIRC mode=reversal seed=7 first=46.2 last=26.2 delta=-20.0 reward=43.9 **eval=0.0** tie=0 trialseed=307
