make: Entering directory '/root/minc_run/minimal_circuit_CODE'
make: Leaving directory '/root/minc_run/minimal_circuit_CODE'
  시행    1~ 400: 정답률  56.2%
  시행  401~ 800: 정답률  75.5%
  시행  801~1200: 정답률  31.8%
  시행 1201~1600: 정답률  26.2%

=== 평가 (탐색 없음, 학습 없음, 무작위 순서 100시행) : 정답률 0.0% | 동점 0회 ===
   (reversal) 최종 규칙 기준 0.0% | 원래 규칙 기준 100.0%
   자극 A: 0/57 (0.0%)
   자극 B: 0/43 (0.0%)

=== 학습 후 자극별 출력 (선택 이전의 원 신호) ===
  자극 A → 정답 L | out_L=  41  out_R=  12  차이   +29 | KC 88개
  자극 B → 정답 R | out_L=  10  out_R=  31  차이   -21 | KC 85개

=== 가중치 구조 (A전용 KC 71개, B전용 KC 68개) ===
  A전용 KC → out_L 평균 1.1003 | out_R 평균 0.6558 | 차이 +0.4444 (정답은 out_L) **정답쪽 우세**
  B전용 KC → out_L 평균 0.6763 | out_R 평균 0.9957 | 차이 -0.3194 (정답은 out_R) **정답쪽 우세**

=== 가중치 변화 ===
  kc_out_l: n=7872 |Δ|평균 0.08593 변화율  19.9% | 평균 0.500→0.586 | std 0.0000→0.2008
  kc_out_r: n=7840 |Δ|평균 0.07050 변화율  19.4% | 평균 0.500→0.570 | std 0.0000→0.1668

=== 요약 (mode=reversal seed=5) ===
  첫 구간 56.2% → 마지막 구간 26.2% | 변화 -30.0%p | 보상률 47.4%
=> MINCIRC mode=reversal seed=5 first=56.2 last=26.2 delta=-30.0 reward=47.4 **eval=0.0** tie=0 trialseed=307
