make: Entering directory '/root/minc_run/minimal_circuit_CODE'
make: Leaving directory '/root/minc_run/minimal_circuit_CODE'
  시행    1~ 400: 정답률  60.5%
  시행  401~ 800: 정답률  70.8%
  시행  801~1200: 정답률  32.5%
  시행 1201~1600: 정답률  31.5%

=== 평가 (탐색 없음, 학습 없음, 무작위 순서 100시행) : 정답률 0.0% | 동점 0회 ===
   (reversal) 최종 규칙 기준 0.0% | 원래 규칙 기준 100.0%
   자극 A: 0/57 (0.0%)
   자극 B: 0/43 (0.0%)

=== 학습 후 자극별 출력 (선택 이전의 원 신호) ===
  자극 A → 정답 L | out_L=  42  out_R=  12  차이   +30 | KC 88개
  자극 B → 정답 R | out_L=  16  out_R=  26  차이   -10 | KC 85개

=== 가중치 구조 (A전용 KC 71개, B전용 KC 68개) ===
  A전용 KC → out_L 평균 1.1197 | out_R 평균 0.6624 | 차이 +0.4574 (정답은 out_L) **정답쪽 우세**
  B전용 KC → out_L 평균 0.7155 | out_R 평균 0.9764 | 차이 -0.2609 (정답은 out_R) **정답쪽 우세**

=== 가중치 변화 ===
  kc_out_l: n=7872 |Δ|평균 0.09226 변화율  19.9% | 평균 0.500→0.592 | std 0.0000→0.2110
  kc_out_r: n=7840 |Δ|평균 0.06915 변화율  19.4% | 평균 0.500→0.569 | std 0.0000→0.1619

=== 요약 (mode=reversal seed=5) ===
  첫 구간 60.5% → 마지막 구간 31.5% | 변화 -29.0%p | 보상률 48.8%
=> MINCIRC mode=reversal seed=5 first=60.5 last=31.5 delta=-29.0 reward=48.8 **eval=0.0** tie=0 trialseed=302
