make: Entering directory '/root/minc_run/minimal_circuit_CODE'
make: Leaving directory '/root/minc_run/minimal_circuit_CODE'
  시행    1~ 400: 정답률  51.2%
  시행  401~ 800: 정답률  70.5%
  시행  801~1200: 정답률  30.0%
  시행 1201~1600: 정답률  29.8%

=== 평가 (탐색 없음, 학습 없음, 무작위 순서 100시행) : 정답률 0.0% | 동점 0회 ===
   (reversal) 최종 규칙 기준 0.0% | 원래 규칙 기준 100.0%
   자극 A: 0/52 (0.0%)
   자극 B: 0/48 (0.0%)

=== 학습 후 자극별 출력 (선택 이전의 원 신호) ===
  자극 A → 정답 L | out_L=  40  out_R=  37  차이    +3 | KC 98개
  자극 B → 정답 R | out_L=  31  out_R=  48  차이   -17 | KC 107개

=== 가중치 구조 (A전용 KC 73개, B전용 KC 82개) ===
  A전용 KC → out_L 평균 0.9256 | out_R 평균 0.7329 | 차이 +0.1927 (정답은 out_L) **정답쪽 우세**
  B전용 KC → out_L 평균 0.7014 | out_R 평균 1.0619 | 차이 -0.3605 (정답은 out_R) **정답쪽 우세**

=== 가중치 변화 ===
  kc_out_l: n=8056 |Δ|평균 0.07831 변화율  22.4% | 평균 0.500→0.578 | std 0.0000→0.1618
  kc_out_r: n=8090 |Δ|평균 0.10243 변화율  22.8% | 평균 0.500→0.602 | std 0.0000→0.2116

=== 요약 (mode=reversal seed=7) ===
  첫 구간 51.2% → 마지막 구간 29.8% | 변화 -21.5%p | 보상률 45.4%
=> MINCIRC mode=reversal seed=7 first=51.2 last=29.8 delta=-21.5 reward=45.4 **eval=0.0** tie=0 trialseed=306
