make: Entering directory '/root/minc_run/minimal_circuit_CODE'
make: Leaving directory '/root/minc_run/minimal_circuit_CODE'
  시행    1~ 400: 정답률  64.0%
  시행  401~ 800: 정답률  68.5%
  시행  801~1200: 정답률  29.8%
  시행 1201~1600: 정답률  31.8%

=== 평가 (탐색 없음, 학습 없음, 무작위 순서 100시행) : 정답률 0.0% | 동점 0회 ===
   (reversal) 최종 규칙 기준 0.0% | 원래 규칙 기준 100.0%
   자극 A: 0/44 (0.0%)
   자극 B: 0/56 (0.0%)

=== 학습 후 자극별 출력 (선택 이전의 원 신호) ===
  자극 A → 정답 L | out_L=  43  out_R=  13  차이   +30 | KC 90개
  자극 B → 정답 R | out_L=  18  out_R=  44  차이   -26 | KC 97개

=== 가중치 구조 (A전용 KC 78개, B전용 KC 85개) ===
  A전용 KC → out_L 평균 1.0654 | out_R 평균 0.6919 | 차이 +0.3735 (정답은 out_L) **정답쪽 우세**
  B전용 KC → out_L 평균 0.6817 | out_R 평균 1.0327 | 차이 -0.3510 (정답은 out_R) **정답쪽 우세**

=== 가중치 변화 ===
  kc_out_l: n=8013 |Δ|평균 0.08417 변화율  21.3% | 평균 0.500→0.584 | std 0.0000→0.1884
  kc_out_r: n=7950 |Δ|평균 0.08690 변화율  21.8% | 평균 0.500→0.587 | std 0.0000→0.1857

=== 요약 (mode=reversal seed=6) ===
  첫 구간 64.0% → 마지막 구간 31.8% | 변화 -32.2%p | 보상률 48.5%
=> MINCIRC mode=reversal seed=6 first=64.0 last=31.8 delta=-32.2 reward=48.5 **eval=0.0** tie=0 trialseed=305
