make: Entering directory '/root/minc_run/minimal_circuit_CODE'
make: Leaving directory '/root/minc_run/minimal_circuit_CODE'
  시행    1~ 400: 정답률  58.8%
  시행  401~ 800: 정답률  66.8%
  시행  801~1200: 정답률  29.5%
  시행 1201~1600: 정답률  29.8%

=== 평가 (탐색 없음, 학습 없음, 무작위 순서 100시행) : 정답률 0.0% | 동점 0회 ===
   (reversal) 최종 규칙 기준 0.0% | 원래 규칙 기준 100.0%
   자극 A: 0/57 (0.0%)
   자극 B: 0/43 (0.0%)

=== 학습 후 자극별 출력 (선택 이전의 원 신호) ===
  자극 A → 정답 L | out_L=  37  out_R=  13  차이   +24 | KC 88개
  자극 B → 정답 R | out_L=  11  out_R=  34  차이   -23 | KC 85개

=== 가중치 구조 (A전용 KC 71개, B전용 KC 68개) ===
  A전용 KC → out_L 평균 1.0232 | out_R 평균 0.6574 | 차이 +0.3658 (정답은 out_L) **정답쪽 우세**
  B전용 KC → out_L 평균 0.6992 | out_R 평균 1.0182 | 차이 -0.3190 (정답은 out_R) **정답쪽 우세**

=== 가중치 변화 ===
  kc_out_l: n=7872 |Δ|평균 0.07973 변화율  19.9% | 평균 0.500→0.580 | std 0.0000→0.1803
  kc_out_r: n=7840 |Δ|평균 0.07308 변화율  19.4% | 평균 0.500→0.573 | std 0.0000→0.1735

=== 요약 (mode=reversal seed=5) ===
  첫 구간 58.8% → 마지막 구간 29.8% | 변화 -29.0%p | 보상률 46.2%
=> MINCIRC mode=reversal seed=5 first=58.8 last=29.8 delta=-29.0 reward=46.2 **eval=0.0** tie=0 trialseed=300
