make: Entering directory '/root/minc_run/minimal_circuit_CODE'
make: Leaving directory '/root/minc_run/minimal_circuit_CODE'
  시행    1~ 400: 정답률  47.8%
  시행  401~ 800: 정답률  62.7%
  시행  801~1200: 정답률  29.8%
  시행 1201~1600: 정답률  35.5%

=== 평가 (탐색 없음, 학습 없음, 무작위 순서 100시행) : 정답률 52.0% | 동점 0회 ===
   (reversal) 최종 규칙 기준 52.0% | 원래 규칙 기준 48.0%
   자극 A: 52/52 (100.0%)
   자극 B: 0/48 (0.0%)

=== 학습 후 자극별 출력 (선택 이전의 원 신호) ===
  자극 A → 정답 L | out_L=  35  out_R=  38  차이    -3 | KC 98개
  자극 B → 정답 R | out_L=  31  out_R=  48  차이   -17 | KC 107개

=== 가중치 구조 (A전용 KC 73개, B전용 KC 82개) ===
  A전용 KC → out_L 평균 0.8210 | out_R 평균 0.7630 | 차이 +0.0579 (정답은 out_L) **정답쪽 우세**
  B전용 KC → out_L 평균 0.7210 | out_R 평균 1.0797 | 차이 -0.3586 (정답은 out_R) **정답쪽 우세**

=== 가중치 변화 ===
  kc_out_l: n=8056 |Δ|평균 0.06822 변화율  22.4% | 평균 0.500→0.568 | std 0.0000→0.1359
  kc_out_r: n=8090 |Δ|평균 0.10850 변화율  22.8% | 평균 0.500→0.609 | std 0.0000→0.2218

=== 요약 (mode=reversal seed=7) ===
  첫 구간 47.8% → 마지막 구간 35.5% | 변화 -12.2%p | 보상률 43.9%
=> MINCIRC mode=reversal seed=7 first=47.8 last=35.5 delta=-12.2 reward=43.9 **eval=52.0** tie=0 trialseed=305
