지지                         기대 지지(H064)           → 지지(H064) — 보상 창 흔적 생성을 멈추면 학습  ✓
기각(같음)                     기대 기각(H064-null)      → 기각(H064-null) — 동결해도 효과가 E119  ✓
반대(작아짐)                    기대 반대(H064-rev)       → 반대(H064-rev) — 동결하면 효과가 작아진다(d ✓
반대 경계 d=+0.01 4/5          기대 반대(H064-rev)       → 반대(H064-rev) — 동결하면 효과가 작아진다(d ✓
보류(평균 −0.09)               기대 보류                 → 보류 ✓
보류(4/5 만 큼)                기대 보류                 → 보류 ✓
경계 평균 −0.10                기대 지지(H064)           → 지지(H064) — 보상 창 흔적 생성을 멈추면 학습  ✓
경계 d=−0.01 은 같음 아님         기대 보류                 → 보류 ✓
M1 동결 실패                   기대 보류(조작검증 실패)        → 보류(조작검증 실패) ✓
M1b 되돌림 실패                 기대 보류(조작검증 실패)        → 보류(조작검증 실패) ✓
M2 출발점 다름                  기대 보류(조작검증 실패)        → 보류(조작검증 실패) ✓
M3 도파민 전 변화                기대 보류(조작검증 실패)        → 보류(조작검증 실패) ✓
결측(E141 추적)                기대 결측 → ✓
결측(E139 비교)                기대 결측 → ✓
stats 동결 행                 기대 잔차 0·B/A −0.667·C/P −1·ΔD 1750 → res 0.0e+00 B/A -0.667 C/P -1.000 ΔD 1750 ✓
stats 무동결 행                기대 잔차 3.8245 → 3.8245 ✓
stats 도파민 전 변화             기대 0.01 → 0.0100 ✓
r*                         기대 0.175480 → 0.175480 ✓
줄 파싱                       기대 줄 파싱(e140 줄 무시) → ✓
전체: 통과
