[scale 1] 뇌 15 학습 + 보상 창 A± 배율 1 + 계층 추적
[사전] 오프셋 -0.020 | 정답률 2.0% | **변조폭 +0.0255** (양수=반사방향, 음수=역전)
[학습] 5ep 완료, 보상 237회 (탐색 주입 296회, ε=0.60)
=> KCTRACE 시행 500 보상 237 | A +5298249.8 B +4412030.0 C -4486693.2 P -4628734.1 | ΔD +1028260.6 | share_B 0.496 B+/A 0.833 C-/A 0.847 | 합일관성 최대 0.00e+00 | g연속 최대 0 | 블록 ΔD +523528 +407955 +156733 -76807 +16852 | 보상시행 e_same/e_cross -1.024
=> KCTRACE2 탐색 A +3213540.7 B +2651925.2 C -2468850.7 P -3020351.9 | 탐욕 A +2084709.1 B +1760104.9 C -2017842.5 P -1608382.2 | 비선택 Δg 보상 +1281243.5 처벌 -1186925.2 → /mnt/c/Users/JungHyun/Desktop/brain/BrainSimulation-rebuild/research/experiments/traces/E141/pathcheck/tr_s1_b15.npz
=> KCTRACE3 도파민전 |Σ|/|Σ시행| 0.00e+00 | B/A 0.833 C/P 0.969 | 보상시행 e_da 같은쪽/교차 -1.024 e_end 같은쪽/교차 +0.912 | 보상창 motor 발화율 평균 보상(좌 1.0541 우 1.0423) 처벌(좌 1.0525 우 1.0335)
[사후] 오프셋 -0.027 | 정답률 54.0% | **변조폭 -0.0734**
=> 정답률 +52.0%p | **변조폭 변화 -0.0989** | 판정: 학습이 조향을 역전 방향으로 이동
[scale 0] 뇌 15 학습 + 보상 창 A± 배율 0 + 계층 추적
[사전] 오프셋 -0.020 | 정답률 2.0% | **변조폭 +0.0255** (양수=반사방향, 음수=역전)
[학습] 5ep 완료, 보상 243회 (탐색 주입 296회, ε=0.60)
=> KCTRACE 시행 500 보상 243 | A +498304.4 B -553635.2 C +377840.9 P -370741.0 | ΔD +1800521.4 | share_B nan B+/A 0.000 C-/A -0.000 | 합일관성 최대 0.00e+00 | g연속 최대 0 | 블록 ΔD +412590 +539384 +256106 +272925 +319515 | 보상시행 e_same/e_cross -1.079
=> KCTRACE2 탐색 A +311037.9 B -354133.8 C +252423.5 P -355790.4 | 탐욕 A +187266.5 B -199501.3 C +125417.4 P -14950.6 | 비선택 Δg 보상 +254215.0 처벌 -188771.2 → /mnt/c/Users/JungHyun/Desktop/brain/BrainSimulation-rebuild/research/experiments/traces/E141/pathcheck/tr_s0_b15.npz
=> KCTRACE3 도파민전 |Σ|/|Σ시행| 0.00e+00 | B/A -1.111 C/P -1.019 | 보상시행 e_da 같은쪽/교차 -1.079 e_end 같은쪽/교차 -1.079 | 보상창 motor 발화율 평균 보상(좌 0.9753 우 1.0638) 처벌(좌 1.0209 우 1.0509)
[사후] 오프셋 +0.042 | 정답률 81.0% | **변조폭 -0.2103**
=> 정답률 +79.0%p | **변조폭 변화 -0.2358** | 판정: 학습이 조향을 역전 방향으로 이동
[요약] 판정 코드 stats() 로 — 무동결 기준 = E139 경로 검사 뇌 15(traces/E139/pathcheck/tr_b15.npz)
  E139 무동결    잔차 3.43e+00 | 결정흔적/E139 1.000 | B/A +0.833 C/P +0.969 | ΔD +1.028e+06 | 도파민전 0.0e+00 | 시행 500
  scale 1     잔차 3.43e+00 | 결정흔적/E139 1.000 | B/A +0.833 C/P +0.969 | ΔD +1.028e+06 | 도파민전 0.0e+00 | 시행 500
  scale 0     잔차 1.38e-08 | 결정흔적/E139 1.032 | B/A -1.111 C/P -1.019 | ΔD +1.801e+06 | 도파민전 0.0e+00 | 시행 500
  scale 1 vs E139 경로 검사 가중치: 다른 시냅스 2744, 최대 |차| 1.5 (잡음 바닥: E139 재현 검사 2374~4130, 1.5002)
[E141 경로 검사] 종료
