[재현 D rc=0] 변조폭 +0.0255 → 변조폭 -0.2103 보상 243회 | 기대 +0.0255 → -0.2103 | 적재 0 배율 0
[재현 F rc=0] 변조폭 +0.0125 → 변조폭 -0.1611 보상 53회 | 기대 +0.0125 → -0.1611 | 적재 2 배율 0
[배율 학습 Fk rc=0] 변조폭 +0.0220 → 변조폭 -0.1617 보상 53회 | 적재 2 배율 2 | [E157 종류 입력 배율] k=0.8000 검증 일치 — good_food_eye_l_to_kc_l=240218.98→192175.19 bad_food_eye_l_to_kc_l=239721.02→191776.82 good_food_eye_r_to_kc_r=239711.47→191769.18 bad_food
[배율 학습 Dk rc=0] 변조폭 +0.0267 → 변조폭 -0.0764 보상 48회 | 적재 0 배율 2 | [E157 종류 입력 배율] k=1.2000 검증 일치 — good_food_eye_l_to_kc_l=239476.00→287371.21 bad_food_eye_l_to_kc_l=240464.00→288556.81 good_food_eye_r_to_kc_r=239220.00→287064.01 bad_food
[kcrate D_k1.00 rc=0] 적재 0 배율 0 | => KCRATE kc_l 제시 스파이크 23372 => KCRATE kc_r 제시 스파이크 25484 
[kcrate F_k1.00 rc=0] 적재 2 배율 0 | => KCRATE kc_l 제시 스파이크 30159 => KCRATE kc_r 제시 스파이크 31154 
[kcrate Fk_k0.70 rc=0] 적재 2 배율 2 | => KCRATE kc_l 제시 스파이크 24951 => KCRATE kc_r 제시 스파이크 25894 
[kcrate Fk_k0.75 rc=0] 적재 2 배율 2 | => KCRATE kc_l 제시 스파이크 25771 => KCRATE kc_r 제시 스파이크 26738 
[kcrate Fk_k0.80 rc=0] 적재 2 배율 2 | => KCRATE kc_l 제시 스파이크 26705 => KCRATE kc_r 제시 스파이크 27622 
[kcrate Fk_k0.85 rc=0] 적재 2 배율 2 | => KCRATE kc_l 제시 스파이크 27655 => KCRATE kc_r 제시 스파이크 28435 
[kcrate Fk_k0.90 rc=0] 적재 2 배율 2 | => KCRATE kc_l 제시 스파이크 28564 => KCRATE kc_r 제시 스파이크 29440 
[kcrate Dk_k1.10 rc=0] 적재 0 배율 2 | => KCRATE kc_l 제시 스파이크 24520 => KCRATE kc_r 제시 스파이크 26447 
[kcrate Dk_k1.20 rc=0] 적재 0 배율 2 | => KCRATE kc_l 제시 스파이크 25552 => KCRATE kc_r 제시 스파이크 27813 
[kcrate Dk_k1.30 rc=0] 적재 0 배율 2 | => KCRATE kc_l 제시 스파이크 26618 => KCRATE kc_r 제시 스파이크 28927 
[kcrate Dk_k1.40 rc=0] 적재 0 배율 2 | => KCRATE kc_l 제시 스파이크 27986 => KCRATE kc_r 제시 스파이크 30217 
[kcrate Dk_k1.50 rc=0] 적재 0 배율 2 | => KCRATE kc_l 제시 스파이크 29152 => KCRATE kc_r 제시 스파이크 31952 
재현 D_k1.00 총수 48856 (E156 진단 48856) 일치
재현 F_k1.00 총수 61313 (E156 진단 61313) 일치
Fk k=0.70 총수 50845 (목표 48856) 적재 2 배율 2
Fk k=0.75 총수 52509 (목표 48856) 적재 2 배율 2
Fk k=0.80 총수 54327 (목표 48856) 적재 2 배율 2
Fk k=0.85 총수 56090 (목표 48856) 적재 2 배율 2
Fk k=0.90 총수 58004 (목표 48856) 적재 2 배율 2
Dk k=1.10 총수 50967 (목표 61313) 적재 0 배율 2
Dk k=1.20 총수 53365 (목표 61313) 적재 0 배율 2
Dk k=1.30 총수 55545 (목표 61313) 적재 0 배율 2
Dk k=1.40 총수 58203 (목표 61313) 적재 0 배율 2
Dk k=1.50 총수 61104 (목표 61313) 적재 0 배율 2
=> Fk k=0.70 총수 50845 (목표 48856, 차 +4.1%) | Dk k=1.50 총수 61104 (목표 61313, 차 -0.3%)
[겹침 Fk rc=0] 적재 2 배율 2 | side=l good=92 bad=86 jac=0.0000 side=r good=91 bad=87 jac=0.0000 
[겹침 Dk rc=0] 적재 0 배율 2 | side=l good=142 bad=143 jac=0.4394 side=r good=143 bad=144 jac=0.3932 
[E157 경로 검사·보정] 종료
