이득                                 기대 이득(H080)             → 이득(H080)                 ✓
분리                                 기대 분리(H080-sep)         → 분리(H080-sep)             ✓
둘 다                                기대 둘 다(H080-both)       → 둘 다(H080-both)           ✓
둘 다 아님                             기대 둘 다 아님(H080-int)     → 둘 다 아님(H080-int)         ✓
S 경계 정확 0.30 → S 작음(이득)            기대 이득(H080)             → 이득(H080)                 ✓
S 0.3004 → 둘 다                     기대 둘 다(H080-both)       → 둘 다(H080-both)           ✓
G 경계 정확 0.30 → G 작음(둘 다 아님)        기대 둘 다 아님(H080-int)     → 둘 다 아님(H080-int)         ✓
G 0.3004 → 이득                      기대 이득(H080)             → 이득(H080)                 ✓
4/5 이득                             기대 이득(H080)             → 이득(H080)                 ✓
3/5 → 보류                           기대 보류                   → 보류                       ✓
MS Fk/D 0.85 정확 → 통과               기대 이득(H080)             → 이득(H080)                 ✓
MS Fk/D 0.8499 → 실패                기대 보류(조작검증 실패)          → 보류(조작검증 실패)              ✓
MS Dk/F 1.15 정확 → 통과               기대 이득(H080)             → 이득(H080)                 ✓
MS Dk/F 1.1501 → 실패                기대 보류(조작검증 실패)          → 보류(조작검증 실패)              ✓
MJ Fk 0.0500 정확 → 통과               기대 이득(H080)             → 이득(H080)                 ✓
MJ Fk 0.0501 → 실패                  기대 보류(조작검증 실패)          → 보류(조작검증 실패)              ✓
MJ Dk 0.2500 정확 → 통과               기대 이득(H080)             → 이득(H080)                 ✓
MJ Dk 0.2499 → 실패                  기대 보류(조작검증 실패)          → 보류(조작검증 실패)              ✓
ML Fk 적재 1 → 실패                    기대 보류(조작검증 실패)          → 보류(조작검증 실패)              ✓
ML Fk 배율 1 → 실패                    기대 보류(조작검증 실패)          → 보류(조작검증 실패)              ✓
ML Dk 적재 있음 → 실패                   기대 보류(조작검증 실패)          → 보류(조작검증 실패)              ✓
M1 동결 실패                           기대 보류(조작검증 실패)          → 보류(조작검증 실패)              ✓
M1b 되돌림 실패                         기대 보류(조작검증 실패)          → 보류(조작검증 실패)              ✓
M3 시행 400                          기대 보류(조작검증 실패)          → 보류(조작검증 실패)              ✓
M3 도파민 전 변화                        기대 보류(조작검증 실패)          → 보류(조작검증 실패)              ✓
MD e_D −0.1000 정확 → 통과             기대 이득(H080)             → 이득(H080)                 ✓
MD e_D −0.0999 → 실패                기대 보류(조작검증 실패)          → 보류(조작검증 실패)              ✓
결측(J Dk b12)                       기대 결측                   → [측정 확인] 결측 1건(예: [('J',  ✓
결측(r25 D b10)                      기대 결측                   → [측정 확인] 결측 1건(예: [('r25' ✓
원 로그 파싱·재사용 우선순위                   → ✓
전체: 통과
