Building Forager Brain (28,323 neurons)...
  Phase 2a: Hypothalamus Circuit
  Sensory: Food_L/R(400x2) + Wall_L/R(200x2)
  Obstacle Eye: L/R(200x2) [Push=8.0, Pull=-4.0]
  Phase L5: Good_Food_L/R(200x2) + Bad_Food_L/R(200x2)
  Hypothalamus: LowEnergy(200) + HighEnergy(200) + Hunger(500) + Satiety(500)
  Motor: C=300.0 (anti-saturation)
  Motor: Left(500) + Right(500)
  Amygdala: Pain_L/R(200x2) + Danger(200) + LA(500) + CEA(300) + Fear(200)
  Hippocampus: PlaceCells(400) + FoodMemory(200)
  BasalGanglia (L2 D1/D2): D1(100L+100R) + D2(100L+100R) + Direct(100L+100R) + Indirect(100L+100R) + Dopamine(100)
  Motor: C=300.0 (anti-saturation)
  MSN: C=30.0 (graded response)
  Building Hypothalamus circuit (Dual Sensor)...
    LowEnergy→Hunger: 30.0 (excite)
    HighEnergy→Satiety: 25.0 (excite)
    Hunger↔Satiety: -20.0 (WTA)
  Building Modulation circuit...
    Hunger→FoodEye: 12.0 (amplify)
    Satiety→Motor: -4.0 (suppress)
  Building Reflex circuit (Phase 1)...
    Wall Push: 60.0
    Wall Pull: -40.0
    Food Explore: food_eye→Motor 10.0 (static, weak)
    Food Approach: good_food_eye→Motor R-STDP (init=25.0, learnable)
  Building Obstacle avoidance circuit...
    Obstacle Push: 8.0 (weak, wall=60.0)
    Obstacle Pull: -4.0 (weak, wall=-40.0)
  Building Motor WTA...
    Motor WTA: -5.0
  Building Amygdala circuit (Phase 2b)...
    Pain→LA: 50.0 (US, unconditional)
    Danger→LA: 25.0 (CS, conditioned)
    Phase L13: BadFoodEye→LA: init_w=0.1, w_max=5.0 (DENSE, Hebbian)
    LA→CEA: 30.0
    CEA→Fear: 25.0
  Building Fear-Motor circuit...
    Pain→Motor (Push-Pull): push=60.0, pull=-40.0
  Building Hunger-Fear competition...
    Hunger→CEA: -15.0 (suppress fear)
    CEA→Hunger: -10.0 (suppress appetite)
  Building Hippocampus circuit (Phase 3c - Directional)...
    PlaceCells→FoodMemory L/R: 2.0 (DIRECTIONAL, eta=0.15)
    FoodMemory L→Motor L, R→Motor R: 5.0
    Hunger→FoodMemory: 10.0 (amplify when hungry)
  Building Basal Ganglia circuit (Phase L2: D1/D2 MSN + R-STDP)...
    [C36 수리1] 학습가능 교차경로 신설: food_eye_L→D1_R, food_eye_R→D1_L (init=0.5, R-STDP) — 매핑 재학습 가능
    FoodEye→D1 [C36 진짜 R-STDP]: init_w=1.0, w_max=30.0, eta=0.02, tau_e=12.0 (시냅스별 자격흔적)
    FoodEye→D2 (Anti-Hebbian): init_w=1.0, w_min=0.1
    D1→Direct: 20.0 (Go)
    D2→Indirect: 15.0 (NoGo)
    [C56] direct E/I 균형: 억제뉴런 60 → -100.0 (포화 해소, d1→direct는 강하게 유지)
    Direct→Motor: 25.0 (Go, ipsi)
    Direct→Motor: -8.0 (Push-Pull, contra)
    Indirect→Motor: -10.0 (NoGo, lateralized)
    Dopamine→D1: 15.0 (D1 receptor, excite)
    Dopamine→D2: -12.0 (D2 receptor, inhibit)
    Phase L7: GoodFood→D1 (R-STDP): init_w=1.0
    Phase L7: BadFood→D1 (R-STDP, no DA): init_w=1.0
    Phase L7: GoodFood→D2 (Anti-Hebbian): init_w=1.0
    Phase L7: BadFood→D2 (Anti-Hebbian, no DA): init_w=1.0
    Phase L7: 8 discriminative BG synapses, sparsity=0.08
  Phase 5: Building PFC (Prefrontal Cortex)...
    Working Memory: 200 neurons
    Goal Food: 50 neurons
    Goal Safety: 50 neurons
    Inhibitory Control: 100 neurons
    Input→WM: place=10.0, food_mem=15.0, fear=12.0
    WM Recurrent: 8.0 (persistent activity)
    Hunger→Goal_Food: 25.0
    Fear→Goal_Safety: 20.0
    Goal WTA: -15.0 (competition)
    Inhibitory→Direct(L/R): -10.0 (suppress impulsive Go)
    Inhibitory→Motor: 0.0
    Goal_Food→Motor: 0.0 (goal-directed)
  PFC circuit complete: 400 neurons
  Phase 6a: Building Cerebellum...
    Granule Cells: 300 neurons
    Purkinje Cells: 100 neurons
    Deep Nuclei: 100 neurons
    Error Signal: 50 neurons
    Motor→Granule: 12.0 (efference copy)
    Sensory→Granule: 10.0
    Granule→Purkinje: 5.0 (parallel fibers)
    Error→Purkinje: 30.0 (climbing fibers)
    Purkinje→Deep: -15.0 (inhibitory)
    Deep→Motor: 0.0 (motor modulation)
    Pain/Wall→Error: error signal triggers
  Cerebellum circuit complete: 550 neurons
  Phase 6b: Building Thalamus...
    Food Relay: 100 neurons
    Danger Relay: 100 neurons
    TRN: 100 neurons
    Arousal: 50 neurons
    Food Eye→Food Relay: 15.0
    Pain/Wall→Danger Relay: 18.0/12.0
    Hunger/Fear→TRN: -12.0/-15.0 (gate control)
    TRN→Relay: -10.0 (inhibitory gating)
    Goal→Relay: 12.0 (attention)
    Relay→Output: Food→Motor 0.0, Danger→Amyg 15.0
    Energy→Arousal: Low 20.0, High -15.0
    Arousal→Motor/Relay: 0.0/5.0
  Thalamus circuit complete: 350 neurons
  Phase 8: Building Primary Visual Cortex (V1)...
    V1_Food: L(100) + R(100)
    V1_Danger: L(100) + R(100)
    FoodEye→V1_Food: 20.0
    PainEye→V1_Danger: 20.0
    WallEye→V1_Danger: 12.0
    V1 Lateral Inhibition: -8.0
    V1_Food→Motor (ipsi): 0.0
    V1_Danger→Motor (contra): 0.0
    V1_Food→PlaceCells: 10.0
    V1_Danger→Amygdala LA: 12.0
  V1 circuit complete: 400 neurons
  Phase 9: Building Higher Visual Cortex (V2/V4)...
    V2_Edge: Food(150) + Danger(150)
    V4_Object: Food(100) + Danger(100) + Novel(100)
    V1→V2 (수렴): 15.0
    V2→V4 (분류): 20.0
    V4 WTA (경쟁): -12.0
    V1→V4_Novel (novelty): 4.5
    V4_Food→Hippocampus: 15.0
    V4_Food→Hunger: 10.0
    V4_Danger→Amygdala: 18.0
    V4_Novel→Dopamine: 20.0
    Hunger→V4_Food (top-down): 8.0
    Fear→V4_Danger (top-down): 10.0
    Goal→V2 (attention): 6.0
  V2/V4 circuit complete: 600 neurons
  Phase 10: Building Inferior Temporal Cortex (IT)...
    IT_Category: Food(200) + Danger(200) + Neutral(150)
    IT_Association: 200 neurons
    IT_Memory_Buffer: 250 neurons
    V4→IT: 25.0
    IT↔Hippocampus: 15.0/12.0
    IT↔Amygdala: 18.0/15.0
    IT→Motor: 0.0
    IT→PFC Goal: 15.0
    IT WTA: -15.0
    IT↔Buffer: 12.0/10.0
    Top-Down: Hunger→IT_Food 10.0
  IT Cortex complete: 1000 neurons
  *** M1 Milestone: Total neurons now = 28,323 ***
  Phase 11: Building Auditory Cortex...
    Sound Input: Danger L/R(100x2) + Food L/R(100x2)
    A1: Danger(150) + Food(150)
    A2_Association: 200 neurons
    Sound→A1: 20.0
    Sound Lateral Inhibition: -10.0
    A1_Danger→Amygdala LA: 22.0 (fast fear)
    A1→IT: 15.0 (multimodal)
    Sound_Food Push-Pull: push=8.0, pull=-4.0
    C1: Sound→Food_Eye cross-inhibition: -15.0 (Webb phonotaxis)
    A1/IT→A2: 10.0/10.0
    Top-Down: Fear→A1_Danger 8.0, Hunger→A1_Food 8.0
  Auditory Cortex complete: 900 neurons
    C1: Sound_Food→D1 direct (init=0.5, sp=0.1)
  Phase 12: Building Multimodal Integration (STS)...
    STS: Food(200) + Danger(200) + Congruence(150) + Mismatch(100)
    Multimodal Buffer: 150
    Visual→STS (IT): 20.0
    Auditory→STS (A1/A2): 20.0/15.0
    Congruence Detection: 15.0
    Mismatch Detection: 12.0
    STS WTA: -8.0
    STS→Hippocampus: 8.0
    STS→Amygdala: 8.0
    STS→Motor: 0.0
    STS→PFC: 10.0
    STS→Multimodal Buffer: 12-15
    Top-Down: Hunger→STS_Food 8.0, Fear→STS_Danger 10.0
  Multimodal Integration complete: 800 neurons
  Total neurons now = 28,323
  Phase 13: Building Parietal Cortex (PPC)...
    PPC_Space: Left(150) + Right(150)
    PPC_Goal: Food(150) + Safety(150)
    PPC_Attention: 200, Path_Buffer: 200
    V1→PPC_Space: 15.0
    IT→PPC_Space: 12.0
    STS→PPC_Space: 15.0
    Hippocampus→PPC_Space: 12.0
    PFC→PPC: Goal(18.0), WM→Path(12.0)
    Space-Goal Integration: 15.0
    Path Buffer: 10.0
    PPC WTA: -8.0
    Attention: 12.0
    PPC→Motor: 0.0
    PPC→V1 (Top-Down): 8.0
    PPC→STS (Top-Down): 8.0
    PPC→Hippocampus: 5.0
    Top-Down: Hunger→Goal_Food 10.0, Fear→Goal_Safety 12.0
  Parietal Cortex complete: 1000 neurons
  Total neurons now = 28,323
  Phase 14: Building Premotor Cortex (PMC)...
    PMd: Left(100) + Right(100)
    PMv: Approach(100) + Avoid(100)
    SMA: Sequence(150), pre_SMA(100)
    Motor_Preparation: 150
    PPC→PMd: 18.0
    IT→PMv: 15.0
    STS→PMv: 15.0
    PFC→SMA: 15.0
    SMA Recurrent: 8.0, pre_SMA→SMA: 12.0
    PMd/PMv/SMA→Motor_Prep: 12.0
    PMC WTA: -10.0
    PMC→Motor: 0.0
    PMC→Cerebellum: 10.0
    BG→PMC: Direct 12.0, Indirect -8.0
    Top-Down: Hunger→PMv_Approach 10.0, Fear→PMv_Avoid 12.0
  Premotor Cortex complete: 800 neurons
  Total neurons now = 28,323
  Phase 15: Building Social Brain...
    Populations: Agent_Eye(200×2) + Agent_Sound(100×2) + STS_Social(200) + TPJ(100+100+100) + ACC(100+100) + Social_Val(100+100)
    Agent_Eye→STS_Social: 15.0
    Agent_Sound→STS_Social: 12.0
    STS_Social→TPJ: 12.0
    TPJ→ACC: 12.0
    Social Approach↔Avoid WTA: -8.0
    STS_Social→PFC: 6.0
    ACC→Amygdala: 5.0 (약한 간접)
    Fear→STS_Social: 8.0
    Phase 15 Social Brain: 1500 neurons
  Phase 15b: Building Mirror Neuron circuit...
    Social_Observation: 200 neurons (SensoryLIF)
    Mirror_Food: 150 neurons (SensoryLIF)
    Vicarious_Reward: 100 neurons (SensoryLIF)
    Social_Memory: 150 neurons (LIF)
    Agent_Eye→Social_Obs: 12.0
    STS_Social→Social_Obs: 10.0
    Social_Obs→Mirror_Food: 10.0
    Hunger→Mirror_Food: 8.0
    Mirror_Food→Vicarious_Reward: 12.0
    Vicarious→Social_Memory: 15.0 (HEBBIAN, eta=0.1)
    Social_Memory→Food_Memory: 5.0
    Mirror→Goal_Food: 5.0
    Mirror→Motor: 0.0 (DISABLED!)
    Hunger→Social_Obs: 6.0
    Fear→Social_Obs: -4.0
    Phase 15b Mirror Neurons: 600 neurons
  Phase 15c: Building Theory of Mind circuit...
    ToM_Intention: 100 neurons (SensoryLIF)
    ToM_Belief: 80 neurons (LIF)
    ToM_Prediction: 80 neurons (LIF)
    ToM_Surprise: 60 neurons (SensoryLIF)
    CoopCompete_Coop: 80 neurons (LIF)
    CoopCompete_Compete: 100 neurons (SensoryLIF)
    Social_Obs→ToM_Intention: 10.0
    STS_Social→ToM_Intention: 8.0
    Prediction→Surprise: -10.0 (inhibitory)
    ToM_Intention→Coop: 10.0 (HEBBIAN)
    Coop↔Compete WTA: -8.0
    Coop→Social_Approach: 5.0
    Compete→Social_Avoid: 5.0
    ToM→Motor: 0.0 (DISABLED!)
    Hunger→ToM_Intention: 6.0
    Fear→ToM_Intention: -4.0
    Phase 15c Theory of Mind: 500 neurons
  Phase 16: Building Association Cortex...
    Assoc_Edible: 120
    Assoc_Threatening: 120
    Assoc_Animate: 100
    Assoc_Context: 100
    Assoc_Valence: 80
    Assoc_Binding: 100
    Assoc_Novelty: 80
    Edible↔Threatening WTA: -6.0
    Assoc_Binding: Hebbian DENSE (Edible, Context)
    Phase 16 Association Cortex: 700 neurons
    Motor direct: 0.0 (disabled)
  Phase 17: Building Language Circuit...
    Call Input: 200
    Wernicke: 280
    Broca: 280
    Vocal Gate: 80, Mirror: 80, Binding: 80
    C3: NPC Call Push-Pull: push=10.0, pull=-5.0
    Phase 17 Language Circuit: 1000 neurons
    Motor direct: 0.0 (disabled, except C3 Call Push-Pull)
    Total neurons now = 28,323
  Phase 18: Building WM Expansion Circuit...
    Populations: WM_Thalamic(100) + Gate(50) + Temporal(80+40) + GoalSeq(80+70) + Context(100) + Inhibitory(100)
    18a: Thalamocortical loop - WM↔Thalamic + Gate
    18b: Temporal buffer - Recent(80) + Prior(40)
    18c: Goal sequencer - Pending(80) + Switch(70)
    18d: WM Context (Hebbian DENSE, eta=0.05, w_max=16.0)
    18e: WM Inhibitory balance (100 neurons)
    Motor direct: 0.0 (disabled)
  Phase 19: Building Metacognition Circuit...
    Populations: Confidence(80) + Uncertainty(80) + Evaluate(80) + ArousalMod(70) + Inhibitory(70)
    19a: Confidence inputs (valence, congruence, goals, context)
    19b: Uncertainty inputs (conflict, error, novelty, surprise, mismatch)
    19c: Confidence↔Uncertainty WTA (-5.0)
    19d: Outputs (conf→goals, eval→switch/arousal, arousal_mod→arousal/DA)
    19e: Inhibitory balance (70 neurons)
    19f: Hebbian DENSE (Valence→Confidence, eta=0.04, w_max=14.0)
    Motor direct: 0.0 (disabled)
    Phase 19 Metacognition: 380 neurons
  Phase 20: Self-Model (자기 모델)
    20-1: Populations (80+80+70+70+80+60 = 440 neurons)
    20a: Self_Body inputs (hunger/fear/meta_conf/meta_uncert/dopamine)
    20b: Self_Efference inputs (motor_left/motor_right)
    20d: Self_Agency inputs (efference/predict/food_memory)
    20e: Self_Narrative inputs (body/agency/wm_context/recurrent)
    20f: Outputs (body→meta, agency→goals, narrative→WM, predict→error) ALL ≤1.5
    20g: Inhibitory balance (60 neurons)
    20h: Hebbian DENSE (Body→Narrative, eta=0.04, w_max=14.0)
    L15: Hebbian DENSE (Agency→Narrative, eta=0.01, w_max=8.0)
    Motor direct: 0.0 (disabled)
    Phase 20 Self-Model: 440 neurons

  === Phase L14: Agency Detection ===
    Agency_PE: 50 neurons (LIF)
    Forward Model: self_efference→self_predict DENSE Hebbian (eta=0.005, w_max=10.0)
    V1_Food→Agency_PE: 8.0 (actual sensory)
    Self_Predict→Agency_PE: -6.0 (predicted, cancels)
    Agency_PE→Self_Agency: -2.0 (high PE = low agency)
    Motor direct: 0.0 (disabled)

  === Phase L5: Perceptual Learning Circuit ===
    Good→IT_Food (R-STDP), Good→IT_Danger (Anti-Hebbian)
    Bad→IT_Danger (R-STDP), Bad→IT_Food (Anti-Hebbian)
    Init weight: 2.0, Sparsity: 0.08
    Total: 8 learning synapses

  === Phase L6: Prediction Error Circuit ===
    PE_Food: L(50) + R(50)
    PE_Danger: L(50) + R(50)
    V1→PE (bottom-up excitatory): 10.0
    IT→PE (top-down inhibitory): -7.0
    PE→IT (R-STDP learning): init_w=1.0, eta=0.0005
  Prediction Error circuit complete: 200 neurons, 4 learning synapses
    Phase L9: 4 IT_Food→D1/D2 SPARSE synapses, init_w(D1)=0.5 init_w(D2)=0.5 sparsity=0.05
  Phase L16: Building Sparse Expansion (KC) — single KC(3000×2)...
    Assoc_Edible→KC: 2.0, sparsity=0.05
    Sound_Food→KC: 4.0, sparsity=0.08 (lateralized)
    Wernicke_Food→KC: 3.0, sparsity=0.05 (call semantics)
    PPC_Goal_Food→KC: 2.0, sparsity=0.05
    Social_Memory→KC: 1.5, sparsity=0.03
    Assoc_Binding→KC: 2.0, sparsity=0.05 (C2: learned category→BG)
    KC→motor [E109 R-STDP 4방향]: init_w=150.0, w_max=300.0, eta=0.15, tau_e=12.0, sparsity=0.25
    KC→D1 [정적 — 학습 불가]: init_w=0.5 (진짜 학습은 --kc-rstdp)
  Phase L16: Sparse Expansion (KC) — single KC
    KC: 3000×2 = 6000, KC_Inh: 400×2 = 800
    Total KC neurons: 6000 + 800 inh = 6800
    Output: 4 SPARSE learning (1 KC × 2 sides × D1+D2)
    Phase L10: NAc(80+30), 2 R-STDP + 4 static, RPE discount=0.5
    Phase L11: SWR(100+50+50), 7 static, replay_count=5
    Phase L12: GW(50x2+60), 12 static, food_mem->motor reduced to 5.0
  Building C4: Contextual Prediction circuit...
    Pred_FoodSoon: 30 + Inh: 15 = 45 neurons
    Predictive STDP: place(400)→pred DENSE + wmcb→pred DENSE
    Teacher: food_eye→pred(8.0), lateral_inh(-5.0)
    Budget: W_budget=12.0 per post neuron
    Output: pred→goal_food(1.5), pred→D1(1.0)
  Building C5: Curiosity-Driven Exploration circuit...
    Curiosity_Gate: 20 + Inh: 10 = 30 neurons
    Synapses: ~10 static (all static, no learning)
    Input: V4_Novel(1.0), Assoc_Novelty(1.2), Meta_Uncertainty(1.5)
    Safety: Fear(8.0)→Inh→Gate(-2.0)
    Output: →Goal_Food(1.5), →D1(0.8)
  Building M3: ACh Uncertainty Gate...
    Surprise_Accum: 20 (C=50, slow)
    Stability_Detector: 10
    Input: Agency_PE(2.0), Meta_Uncertainty(1.5)
    Output: surprise_rate → eta_mod (no Motor connection)
  Building M4: Context Gate circuit...
    CtxA: 4 (SensoryLIF), CtxB: 4
    D1_ctx: 4×20=80 neurons (A_L/R + B_L/R, SensoryLIF)
    Context gating: excite(12.0), inhibit(-15.0)
    D1_ctx→Motor: Push-Pull 50.0/-20.0 sp=0.3 (v9e: sole food pathway)
  Building M3: Place Transition + Value circuit...
    Place→Place transition: DENSE 400x400 (STDP online)
    Value population: 20 neurons
    Value→D1: 1.0 (gentle)
    Reverse replay: 5 steps backward
  Spike recording enabled for all monitored populations
Building model...
make: Entering directory '/root/e157_main_run/forager_brain_CODE'
make: Nothing to be done for 'all'.
make: Leaving directory '/root/e157_main_run/forager_brain_CODE'
[E153 종류 입력 적재] /mnt/c/Users/JungHyun/Desktop/brain/BrainSimulation-rebuild/research/experiments/traces/E153/kctype_b13.npz 검증 일치 — good_food_eye_l_to_kc_l=238715.17 bad_food_eye_l_to_kc_l=238872.83 good_food_eye_r_to_kc_r=240257.88 bad_food_eye_r_to_kc_r=239246.12
[E157 종류 입력 배율] k=0.7000 검증 일치 — good_food_eye_l_to_kc_l=238715.17→167100.62 bad_food_eye_l_to_kc_l=238872.83→167210.98 good_food_eye_r_to_kc_r=240257.88→168180.51 bad_food_eye_r_to_kc_r=239246.12→167472.28
Model ready! Total: 28,323 neurons
Building Forager Brain (28,323 neurons)...
  Phase 2a: Hypothalamus Circuit
  Sensory: Food_L/R(400x2) + Wall_L/R(200x2)
  Obstacle Eye: L/R(200x2) [Push=8.0, Pull=-4.0]
  Phase L5: Good_Food_L/R(200x2) + Bad_Food_L/R(200x2)
  Hypothalamus: LowEnergy(200) + HighEnergy(200) + Hunger(500) + Satiety(500)
  Motor: C=300.0 (anti-saturation)
  Motor: Left(500) + Right(500)
  Amygdala: Pain_L/R(200x2) + Danger(200) + LA(500) + CEA(300) + Fear(200)
  Hippocampus: PlaceCells(400) + FoodMemory(200)
  BasalGanglia (L2 D1/D2): D1(100L+100R) + D2(100L+100R) + Direct(100L+100R) + Indirect(100L+100R) + Dopamine(100)
  Motor: C=300.0 (anti-saturation)
  MSN: C=30.0 (graded response)
  Building Hypothalamus circuit (Dual Sensor)...
    LowEnergy→Hunger: 30.0 (excite)
    HighEnergy→Satiety: 25.0 (excite)
    Hunger↔Satiety: -20.0 (WTA)
  Building Modulation circuit...
    Hunger→FoodEye: 12.0 (amplify)
    Satiety→Motor: -4.0 (suppress)
  Building Reflex circuit (Phase 1)...
    Wall Push: 60.0
    Wall Pull: -40.0
    Food Explore: food_eye→Motor 10.0 (static, weak)
    Food Approach: good_food_eye→Motor R-STDP (init=25.0, learnable)
  Building Obstacle avoidance circuit...
    Obstacle Push: 8.0 (weak, wall=60.0)
    Obstacle Pull: -4.0 (weak, wall=-40.0)
  Building Motor WTA...
    Motor WTA: -5.0
  Building Amygdala circuit (Phase 2b)...
    Pain→LA: 50.0 (US, unconditional)
    Danger→LA: 25.0 (CS, conditioned)
    Phase L13: BadFoodEye→LA: init_w=0.1, w_max=5.0 (DENSE, Hebbian)
    LA→CEA: 30.0
    CEA→Fear: 25.0
  Building Fear-Motor circuit...
    Pain→Motor (Push-Pull): push=60.0, pull=-40.0
  Building Hunger-Fear competition...
    Hunger→CEA: -15.0 (suppress fear)
    CEA→Hunger: -10.0 (suppress appetite)
  Building Hippocampus circuit (Phase 3c - Directional)...
    PlaceCells→FoodMemory L/R: 2.0 (DIRECTIONAL, eta=0.15)
    FoodMemory L→Motor L, R→Motor R: 5.0
    Hunger→FoodMemory: 10.0 (amplify when hungry)
  Building Basal Ganglia circuit (Phase L2: D1/D2 MSN + R-STDP)...
    [C36 수리1] 학습가능 교차경로 신설: food_eye_L→D1_R, food_eye_R→D1_L (init=0.5, R-STDP) — 매핑 재학습 가능
    FoodEye→D1 [C36 진짜 R-STDP]: init_w=1.0, w_max=30.0, eta=0.02, tau_e=12.0 (시냅스별 자격흔적)
    FoodEye→D2 (Anti-Hebbian): init_w=1.0, w_min=0.1
    D1→Direct: 20.0 (Go)
    D2→Indirect: 15.0 (NoGo)
    [C56] direct E/I 균형: 억제뉴런 60 → -100.0 (포화 해소, d1→direct는 강하게 유지)
    Direct→Motor: 25.0 (Go, ipsi)
    Direct→Motor: -8.0 (Push-Pull, contra)
    Indirect→Motor: -10.0 (NoGo, lateralized)
    Dopamine→D1: 15.0 (D1 receptor, excite)
    Dopamine→D2: -12.0 (D2 receptor, inhibit)
    Phase L7: GoodFood→D1 (R-STDP): init_w=1.0
    Phase L7: BadFood→D1 (R-STDP, no DA): init_w=1.0
    Phase L7: GoodFood→D2 (Anti-Hebbian): init_w=1.0
    Phase L7: BadFood→D2 (Anti-Hebbian, no DA): init_w=1.0
    Phase L7: 8 discriminative BG synapses, sparsity=0.08
  Phase 5: Building PFC (Prefrontal Cortex)...
    Working Memory: 200 neurons
    Goal Food: 50 neurons
    Goal Safety: 50 neurons
    Inhibitory Control: 100 neurons
    Input→WM: place=10.0, food_mem=15.0, fear=12.0
    WM Recurrent: 8.0 (persistent activity)
    Hunger→Goal_Food: 25.0
    Fear→Goal_Safety: 20.0
    Goal WTA: -15.0 (competition)
    Inhibitory→Direct(L/R): -10.0 (suppress impulsive Go)
    Inhibitory→Motor: 0.0
    Goal_Food→Motor: 0.0 (goal-directed)
  PFC circuit complete: 400 neurons
  Phase 6a: Building Cerebellum...
    Granule Cells: 300 neurons
    Purkinje Cells: 100 neurons
    Deep Nuclei: 100 neurons
    Error Signal: 50 neurons
    Motor→Granule: 12.0 (efference copy)
    Sensory→Granule: 10.0
    Granule→Purkinje: 5.0 (parallel fibers)
    Error→Purkinje: 30.0 (climbing fibers)
    Purkinje→Deep: -15.0 (inhibitory)
    Deep→Motor: 0.0 (motor modulation)
    Pain/Wall→Error: error signal triggers
  Cerebellum circuit complete: 550 neurons
  Phase 6b: Building Thalamus...
    Food Relay: 100 neurons
    Danger Relay: 100 neurons
    TRN: 100 neurons
    Arousal: 50 neurons
    Food Eye→Food Relay: 15.0
    Pain/Wall→Danger Relay: 18.0/12.0
    Hunger/Fear→TRN: -12.0/-15.0 (gate control)
    TRN→Relay: -10.0 (inhibitory gating)
    Goal→Relay: 12.0 (attention)
    Relay→Output: Food→Motor 0.0, Danger→Amyg 15.0
    Energy→Arousal: Low 20.0, High -15.0
    Arousal→Motor/Relay: 0.0/5.0
  Thalamus circuit complete: 350 neurons
  Phase 8: Building Primary Visual Cortex (V1)...
    V1_Food: L(100) + R(100)
    V1_Danger: L(100) + R(100)
    FoodEye→V1_Food: 20.0
    PainEye→V1_Danger: 20.0
    WallEye→V1_Danger: 12.0
    V1 Lateral Inhibition: -8.0
    V1_Food→Motor (ipsi): 0.0
    V1_Danger→Motor (contra): 0.0
    V1_Food→PlaceCells: 10.0
    V1_Danger→Amygdala LA: 12.0
  V1 circuit complete: 400 neurons
  Phase 9: Building Higher Visual Cortex (V2/V4)...
    V2_Edge: Food(150) + Danger(150)
    V4_Object: Food(100) + Danger(100) + Novel(100)
    V1→V2 (수렴): 15.0
    V2→V4 (분류): 20.0
    V4 WTA (경쟁): -12.0
    V1→V4_Novel (novelty): 4.5
    V4_Food→Hippocampus: 15.0
    V4_Food→Hunger: 10.0
    V4_Danger→Amygdala: 18.0
    V4_Novel→Dopamine: 20.0
    Hunger→V4_Food (top-down): 8.0
    Fear→V4_Danger (top-down): 10.0
    Goal→V2 (attention): 6.0
  V2/V4 circuit complete: 600 neurons
  Phase 10: Building Inferior Temporal Cortex (IT)...
    IT_Category: Food(200) + Danger(200) + Neutral(150)
    IT_Association: 200 neurons
    IT_Memory_Buffer: 250 neurons
    V4→IT: 25.0
    IT↔Hippocampus: 15.0/12.0
    IT↔Amygdala: 18.0/15.0
    IT→Motor: 0.0
    IT→PFC Goal: 15.0
    IT WTA: -15.0
    IT↔Buffer: 12.0/10.0
    Top-Down: Hunger→IT_Food 10.0
  IT Cortex complete: 1000 neurons
  *** M1 Milestone: Total neurons now = 28,323 ***
  Phase 11: Building Auditory Cortex...
    Sound Input: Danger L/R(100x2) + Food L/R(100x2)
    A1: Danger(150) + Food(150)
    A2_Association: 200 neurons
    Sound→A1: 20.0
    Sound Lateral Inhibition: -10.0
    A1_Danger→Amygdala LA: 22.0 (fast fear)
    A1→IT: 15.0 (multimodal)
    Sound_Food Push-Pull: push=8.0, pull=-4.0
    C1: Sound→Food_Eye cross-inhibition: -15.0 (Webb phonotaxis)
    A1/IT→A2: 10.0/10.0
    Top-Down: Fear→A1_Danger 8.0, Hunger→A1_Food 8.0
  Auditory Cortex complete: 900 neurons
    C1: Sound_Food→D1 direct (init=0.5, sp=0.1)
  Phase 12: Building Multimodal Integration (STS)...
    STS: Food(200) + Danger(200) + Congruence(150) + Mismatch(100)
    Multimodal Buffer: 150
    Visual→STS (IT): 20.0
    Auditory→STS (A1/A2): 20.0/15.0
    Congruence Detection: 15.0
    Mismatch Detection: 12.0
    STS WTA: -8.0
    STS→Hippocampus: 8.0
    STS→Amygdala: 8.0
    STS→Motor: 0.0
    STS→PFC: 10.0
    STS→Multimodal Buffer: 12-15
    Top-Down: Hunger→STS_Food 8.0, Fear→STS_Danger 10.0
  Multimodal Integration complete: 800 neurons
  Total neurons now = 28,323
  Phase 13: Building Parietal Cortex (PPC)...
    PPC_Space: Left(150) + Right(150)
    PPC_Goal: Food(150) + Safety(150)
    PPC_Attention: 200, Path_Buffer: 200
    V1→PPC_Space: 15.0
    IT→PPC_Space: 12.0
    STS→PPC_Space: 15.0
    Hippocampus→PPC_Space: 12.0
    PFC→PPC: Goal(18.0), WM→Path(12.0)
    Space-Goal Integration: 15.0
    Path Buffer: 10.0
    PPC WTA: -8.0
    Attention: 12.0
    PPC→Motor: 0.0
    PPC→V1 (Top-Down): 8.0
    PPC→STS (Top-Down): 8.0
    PPC→Hippocampus: 5.0
    Top-Down: Hunger→Goal_Food 10.0, Fear→Goal_Safety 12.0
  Parietal Cortex complete: 1000 neurons
  Total neurons now = 28,323
  Phase 14: Building Premotor Cortex (PMC)...
    PMd: Left(100) + Right(100)
    PMv: Approach(100) + Avoid(100)
    SMA: Sequence(150), pre_SMA(100)
    Motor_Preparation: 150
    PPC→PMd: 18.0
    IT→PMv: 15.0
    STS→PMv: 15.0
    PFC→SMA: 15.0
    SMA Recurrent: 8.0, pre_SMA→SMA: 12.0
    PMd/PMv/SMA→Motor_Prep: 12.0
    PMC WTA: -10.0
    PMC→Motor: 0.0
    PMC→Cerebellum: 10.0
    BG→PMC: Direct 12.0, Indirect -8.0
    Top-Down: Hunger→PMv_Approach 10.0, Fear→PMv_Avoid 12.0
  Premotor Cortex complete: 800 neurons
  Total neurons now = 28,323
  Phase 15: Building Social Brain...
    Populations: Agent_Eye(200×2) + Agent_Sound(100×2) + STS_Social(200) + TPJ(100+100+100) + ACC(100+100) + Social_Val(100+100)
    Agent_Eye→STS_Social: 15.0
    Agent_Sound→STS_Social: 12.0
    STS_Social→TPJ: 12.0
    TPJ→ACC: 12.0
    Social Approach↔Avoid WTA: -8.0
    STS_Social→PFC: 6.0
    ACC→Amygdala: 5.0 (약한 간접)
    Fear→STS_Social: 8.0
    Phase 15 Social Brain: 1500 neurons
  Phase 15b: Building Mirror Neuron circuit...
    Social_Observation: 200 neurons (SensoryLIF)
    Mirror_Food: 150 neurons (SensoryLIF)
    Vicarious_Reward: 100 neurons (SensoryLIF)
    Social_Memory: 150 neurons (LIF)
    Agent_Eye→Social_Obs: 12.0
    STS_Social→Social_Obs: 10.0
    Social_Obs→Mirror_Food: 10.0
    Hunger→Mirror_Food: 8.0
    Mirror_Food→Vicarious_Reward: 12.0
    Vicarious→Social_Memory: 15.0 (HEBBIAN, eta=0.1)
    Social_Memory→Food_Memory: 5.0
    Mirror→Goal_Food: 5.0
    Mirror→Motor: 0.0 (DISABLED!)
    Hunger→Social_Obs: 6.0
    Fear→Social_Obs: -4.0
    Phase 15b Mirror Neurons: 600 neurons
  Phase 15c: Building Theory of Mind circuit...
    ToM_Intention: 100 neurons (SensoryLIF)
    ToM_Belief: 80 neurons (LIF)
    ToM_Prediction: 80 neurons (LIF)
    ToM_Surprise: 60 neurons (SensoryLIF)
    CoopCompete_Coop: 80 neurons (LIF)
    CoopCompete_Compete: 100 neurons (SensoryLIF)
    Social_Obs→ToM_Intention: 10.0
    STS_Social→ToM_Intention: 8.0
    Prediction→Surprise: -10.0 (inhibitory)
    ToM_Intention→Coop: 10.0 (HEBBIAN)
    Coop↔Compete WTA: -8.0
    Coop→Social_Approach: 5.0
    Compete→Social_Avoid: 5.0
    ToM→Motor: 0.0 (DISABLED!)
    Hunger→ToM_Intention: 6.0
    Fear→ToM_Intention: -4.0
    Phase 15c Theory of Mind: 500 neurons
  Phase 16: Building Association Cortex...
    Assoc_Edible: 120
    Assoc_Threatening: 120
    Assoc_Animate: 100
    Assoc_Context: 100
    Assoc_Valence: 80
    Assoc_Binding: 100
    Assoc_Novelty: 80
    Edible↔Threatening WTA: -6.0
    Assoc_Binding: Hebbian DENSE (Edible, Context)
    Phase 16 Association Cortex: 700 neurons
    Motor direct: 0.0 (disabled)
  Phase 17: Building Language Circuit...
    Call Input: 200
    Wernicke: 280
    Broca: 280
    Vocal Gate: 80, Mirror: 80, Binding: 80
    C3: NPC Call Push-Pull: push=10.0, pull=-5.0
    Phase 17 Language Circuit: 1000 neurons
    Motor direct: 0.0 (disabled, except C3 Call Push-Pull)
    Total neurons now = 28,323
  Phase 18: Building WM Expansion Circuit...
    Populations: WM_Thalamic(100) + Gate(50) + Temporal(80+40) + GoalSeq(80+70) + Context(100) + Inhibitory(100)
    18a: Thalamocortical loop - WM↔Thalamic + Gate
    18b: Temporal buffer - Recent(80) + Prior(40)
    18c: Goal sequencer - Pending(80) + Switch(70)
    18d: WM Context (Hebbian DENSE, eta=0.05, w_max=16.0)
    18e: WM Inhibitory balance (100 neurons)
    Motor direct: 0.0 (disabled)
  Phase 19: Building Metacognition Circuit...
    Populations: Confidence(80) + Uncertainty(80) + Evaluate(80) + ArousalMod(70) + Inhibitory(70)
    19a: Confidence inputs (valence, congruence, goals, context)
    19b: Uncertainty inputs (conflict, error, novelty, surprise, mismatch)
    19c: Confidence↔Uncertainty WTA (-5.0)
    19d: Outputs (conf→goals, eval→switch/arousal, arousal_mod→arousal/DA)
    19e: Inhibitory balance (70 neurons)
    19f: Hebbian DENSE (Valence→Confidence, eta=0.04, w_max=14.0)
    Motor direct: 0.0 (disabled)
    Phase 19 Metacognition: 380 neurons
  Phase 20: Self-Model (자기 모델)
    20-1: Populations (80+80+70+70+80+60 = 440 neurons)
    20a: Self_Body inputs (hunger/fear/meta_conf/meta_uncert/dopamine)
    20b: Self_Efference inputs (motor_left/motor_right)
    20d: Self_Agency inputs (efference/predict/food_memory)
    20e: Self_Narrative inputs (body/agency/wm_context/recurrent)
    20f: Outputs (body→meta, agency→goals, narrative→WM, predict→error) ALL ≤1.5
    20g: Inhibitory balance (60 neurons)
    20h: Hebbian DENSE (Body→Narrative, eta=0.04, w_max=14.0)
    L15: Hebbian DENSE (Agency→Narrative, eta=0.01, w_max=8.0)
    Motor direct: 0.0 (disabled)
    Phase 20 Self-Model: 440 neurons

  === Phase L14: Agency Detection ===
    Agency_PE: 50 neurons (LIF)
    Forward Model: self_efference→self_predict DENSE Hebbian (eta=0.005, w_max=10.0)
    V1_Food→Agency_PE: 8.0 (actual sensory)
    Self_Predict→Agency_PE: -6.0 (predicted, cancels)
    Agency_PE→Self_Agency: -2.0 (high PE = low agency)
    Motor direct: 0.0 (disabled)

  === Phase L5: Perceptual Learning Circuit ===
    Good→IT_Food (R-STDP), Good→IT_Danger (Anti-Hebbian)
    Bad→IT_Danger (R-STDP), Bad→IT_Food (Anti-Hebbian)
    Init weight: 2.0, Sparsity: 0.08
    Total: 8 learning synapses

  === Phase L6: Prediction Error Circuit ===
    PE_Food: L(50) + R(50)
    PE_Danger: L(50) + R(50)
    V1→PE (bottom-up excitatory): 10.0
    IT→PE (top-down inhibitory): -7.0
    PE→IT (R-STDP learning): init_w=1.0, eta=0.0005
  Prediction Error circuit complete: 200 neurons, 4 learning synapses
    Phase L9: 4 IT_Food→D1/D2 SPARSE synapses, init_w(D1)=0.5 init_w(D2)=0.5 sparsity=0.05
  Phase L16: Building Sparse Expansion (KC) — single KC(3000×2)...
    Assoc_Edible→KC: 2.0, sparsity=0.05
    Sound_Food→KC: 4.0, sparsity=0.08 (lateralized)
    Wernicke_Food→KC: 3.0, sparsity=0.05 (call semantics)
    PPC_Goal_Food→KC: 2.0, sparsity=0.05
    Social_Memory→KC: 1.5, sparsity=0.03
    Assoc_Binding→KC: 2.0, sparsity=0.05 (C2: learned category→BG)
    KC→motor [E109 R-STDP 4방향]: init_w=150.0, w_max=300.0, eta=0.15, tau_e=12.0, sparsity=0.25
    KC→D1 [정적 — 학습 불가]: init_w=0.5 (진짜 학습은 --kc-rstdp)
  Phase L16: Sparse Expansion (KC) — single KC
    KC: 3000×2 = 6000, KC_Inh: 400×2 = 800
    Total KC neurons: 6000 + 800 inh = 6800
    Output: 4 SPARSE learning (1 KC × 2 sides × D1+D2)
    Phase L10: NAc(80+30), 2 R-STDP + 4 static, RPE discount=0.5
    Phase L11: SWR(100+50+50), 7 static, replay_count=5
    Phase L12: GW(50x2+60), 12 static, food_mem->motor reduced to 5.0
  Building C4: Contextual Prediction circuit...
    Pred_FoodSoon: 30 + Inh: 15 = 45 neurons
    Predictive STDP: place(400)→pred DENSE + wmcb→pred DENSE
    Teacher: food_eye→pred(8.0), lateral_inh(-5.0)
    Budget: W_budget=12.0 per post neuron
    Output: pred→goal_food(1.5), pred→D1(1.0)
  Building C5: Curiosity-Driven Exploration circuit...
    Curiosity_Gate: 20 + Inh: 10 = 30 neurons
    Synapses: ~10 static (all static, no learning)
    Input: V4_Novel(1.0), Assoc_Novelty(1.2), Meta_Uncertainty(1.5)
    Safety: Fear(8.0)→Inh→Gate(-2.0)
    Output: →Goal_Food(1.5), →D1(0.8)
  Building M3: ACh Uncertainty Gate...
    Surprise_Accum: 20 (C=50, slow)
    Stability_Detector: 10
    Input: Agency_PE(2.0), Meta_Uncertainty(1.5)
    Output: surprise_rate → eta_mod (no Motor connection)
  Building M4: Context Gate circuit...
    CtxA: 4 (SensoryLIF), CtxB: 4
    D1_ctx: 4×20=80 neurons (A_L/R + B_L/R, SensoryLIF)
    Context gating: excite(12.0), inhibit(-15.0)
    D1_ctx→Motor: Push-Pull 50.0/-20.0 sp=0.3 (v9e: sole food pathway)
  Building M3: Place Transition + Value circuit...
    Place→Place transition: DENSE 400x400 (STDP online)
    Value population: 20 neurons
    Value→D1: 1.0 (gentle)
    Reverse replay: 5 steps backward
  Spike recording enabled for all monitored populations
Building model...
make: Entering directory '/root/e157_main_run/forager_brain_CODE'
make: Nothing to be done for 'all'.
make: Leaving directory '/root/e157_main_run/forager_brain_CODE'
[E153 종류 입력 적재] /mnt/c/Users/JungHyun/Desktop/brain/BrainSimulation-rebuild/research/experiments/traces/E153/kctype_b13.npz 검증 일치 — good_food_eye_l_to_kc_l=238715.17 bad_food_eye_l_to_kc_l=238872.83 good_food_eye_r_to_kc_r=240257.88 bad_food_eye_r_to_kc_r=239246.12
[E157 종류 입력 배율] k=0.7000 검증 일치 — good_food_eye_l_to_kc_l=238715.17→167100.62 bad_food_eye_l_to_kc_l=238872.83→167210.98 good_food_eye_r_to_kc_r=240257.88→168180.51 bad_food_eye_r_to_kc_r=239246.12→167472.28
Model ready! Total: 28,323 neurons
=> KCRATE kc_l | 좌선택 85 우선택 27 비선택 34 무활동 2854 | 희석 0.088 | ≥1스파이크 좌전용 29 우전용 13 공유 104 무반응 2854 | 여유합 +2238186.5 몫 좌선택 1.052 우선택 -0.014 비선택 -0.038 | θ0.3 선택 112 θ0.7 선택 111 | 제시 스파이크 25426 기준선(제시창) 평균 0.0573 | KC별 ΔS 좌선택(→L -5504.3 →R +3624.5) 우선택(→L +27.0 →R +989.4) 비선택(→L -1138.8 →R +1931.7)
=> KCRATE kc_r | 좌선택 23 우선택 91 비선택 26 무활동 2860 | 희석 0.077 | ≥1스파이크 좌전용 11 우전용 25 공유 104 무반응 2860 | 여유합 +2288743.5 몫 좌선택 0.031 우선택 0.900 비선택 0.069 | θ0.3 선택 114 θ0.7 선택 114 | 제시 스파이크 27009 기준선(제시창) 평균 0.0583 | KC별 ΔS 좌선택(→L -321.0 →R +426.1) 우선택(→L +3277.0 →R -3596.4) 비선택(→L -549.4 →R +746.3)
[E138] KC 발화 수 저장 → /mnt/c/Users/JungHyun/Desktop/brain/BrainSimulation-rebuild/research/experiments/traces/E157/kcrate_Fk_b13.npz (좌우 각 50회, 기준선 500스텝)
