[관계] 항목 8개(훈련 4, 새 4), 반쪽 50 중 활성 15, 항목 간 겹침 2~8(평균 4.4), 새↔훈련 겹침 2~7, 패턴 64개(S 8, D 56)
make: Entering directory '/root/e127_main_run/minimal_circuit_CODE'
make: Nothing to be done for 'all'.
make: Leaving directory '/root/e127_main_run/minimal_circuit_CODE'
  시행    1~ 400: 정답률  47.8%
  시행  401~ 800: 정답률  54.8%
=> SDGEN mode=learn seed=13 trialseed=601 train_same=61.9 train_diff=81.1 train_bal=71.5 novel_same=72.2 novel_diff=43.5 novel_bal=57.9 | ties train:0 novel:0 | n_same/diff train 63/37 novel 54/46
=> SDCREDIT mode=learn seed=13 trialseed=601 diff=cyclic | L전용 n=41 dSg=+1.2202 | R전용 n=41 dSg=-0.6669 | 양쪽 n=221 dSg=-0.1311 | margin_sign_ok=5/8 | spec_share(|Σg_L−Σg_R| 중 전용 KC 몫) 평균 0.088
=> SDLAB diff=cyclic rule=samediff mode=learn seed=13 trialseed=601 train_accL=61.9 train_accR=81.1 train_lbal=71.5 novel_accL=72.2 novel_accR=43.5 novel_lbal=57.9

=== 평가 (탐색 없음, 학습 없음, 무작위 순서 100시행) : 정답률 100.0% | 동점 0회 ===
   자극 A: 52/52 (100.0%)
   자극 B: 48/48 (100.0%)

=== 학습 후 자극별 출력 (선택 이전의 원 신호) ===
  자극 A → 정답 L | out_L=  22  out_R=  16  차이    +6 | KC 84개
  자극 B → 정답 R | out_L=  32  out_R=  39  차이    -7 | KC 95개

=== 가중치 구조 (A전용 KC 69개, B전용 KC 80개) ===
  A전용 KC → out_L 평균 0.5702 | out_R 평균 0.5636 | 차이 +0.0067 (정답은 out_L) **정답쪽 우세**
  B전용 KC → out_L 평균 0.5533 | out_R 평균 0.5613 | 차이 -0.0080 (정답은 out_R) **정답쪽 우세**

=== 가중치 변화 ===
  kc_out_l: n=8075 |Δ|평균 0.02704 변화율  37.8% | 평균 0.500→0.524 | std 0.0000→0.0475
  kc_out_r: n=8006 |Δ|평균 0.03010 변화율  37.7% | 평균 0.500→0.527 | std 0.0000→0.0512

=== 요약 (mode=learn seed=13) ===
  첫 구간 47.8% → 마지막 구간 54.8% | 변화 +7.0%p | 보상률 51.2%
=> MINCIRC mode=learn seed=13 first=47.8 last=54.8 delta=+7.0 reward=51.2 **eval=100.0** tie=0 trialseed=601
