[관계] 항목 8개(훈련 4, 새 4), 반쪽 50 중 활성 15, 항목 간 겹침 2~8(평균 4.6), 새↔훈련 겹침 2~8, 패턴 64개(S 8, D 56)
make: Entering directory '/root/e127_main_run/minimal_circuit_CODE'
make: Nothing to be done for 'all'.
make: Leaving directory '/root/e127_main_run/minimal_circuit_CODE'
  시행    1~ 400: 정답률  38.5%
  시행  401~ 800: 정답률  51.5%
=> SDGEN mode=learn seed=14 trialseed=601 train_same=14.6 train_diff=71.2 train_bal=42.9 novel_same=0.0 novel_diff=88.5 novel_bal=44.2 | ties train:14 novel:0 | n_same/diff train 48/52 novel 48/52
=> SDCREDIT mode=learn seed=14 trialseed=601 diff=cyclic | L전용 n=29 dSg=+0.6021 | R전용 n=21 dSg=-1.4270 | 양쪽 n=209 dSg=-0.5261 | margin_sign_ok=4/8 | spec_share(|Σg_L−Σg_R| 중 전용 KC 몫) 평균 0.063
=> SDLAB diff=cyclic rule=samediff mode=learn seed=14 trialseed=601 train_accL=14.6 train_accR=71.2 train_lbal=42.9 novel_accL=0.0 novel_accR=88.5 novel_lbal=44.2

=== 평가 (탐색 없음, 학습 없음, 무작위 순서 100시행) : 정답률 100.0% | 동점 0회 ===
   자극 A: 57/57 (100.0%)
   자극 B: 43/43 (100.0%)

=== 학습 후 자극별 출력 (선택 이전의 원 신호) ===
  자극 A → 정답 L | out_L=  26  out_R=  18  차이    +8 | KC 85개
  자극 B → 정답 R | out_L=  21  out_R=  23  차이    -2 | KC 93개

=== 가중치 구조 (A전용 KC 62개, B전용 KC 70개) ===
  A전용 KC → out_L 평균 0.5241 | out_R 평균 0.5508 | 차이 -0.0268 (정답은 out_L) **반대**
  B전용 KC → out_L 평균 0.5289 | out_R 평균 0.5541 | 차이 -0.0252 (정답은 out_R) **정답쪽 우세**

=== 가중치 변화 ===
  kc_out_l: n=7975 |Δ|평균 0.01285 변화율  32.7% | 평균 0.500→0.512 | std 0.0000→0.0240
  kc_out_r: n=8075 |Δ|평균 0.02694 변화율  32.8% | 평균 0.500→0.524 | std 0.0000→0.0521

=== 요약 (mode=learn seed=14) ===
  첫 구간 38.5% → 마지막 구간 51.5% | 변화 +13.0%p | 보상률 45.0%
=> MINCIRC mode=learn seed=14 first=38.5 last=51.5 delta=+13.0 reward=45.0 **eval=100.0** tie=0 trialseed=601
