[관계] 항목 8개(훈련 4, 새 4), 반쪽 50 중 활성 15, 항목 간 겹침 1~8(평균 5.0), 새↔훈련 겹침 1~7, 패턴 64개(S 8, D 56)
make: Entering directory '/root/e127_main_run/minimal_circuit_CODE'
make: Nothing to be done for 'all'.
make: Leaving directory '/root/e127_main_run/minimal_circuit_CODE'
  시행    1~ 400: 정답률  43.2%
  시행  401~ 800: 정답률  50.5%
=> SDGEN mode=learn seed=17 trialseed=601 train_same=81.7 train_diff=17.5 train_bal=49.6 novel_same=75.9 novel_diff=15.2 novel_bal=45.6 | ties train:0 novel:0 | n_same/diff train 60/40 novel 54/46
=> SDCREDIT mode=learn seed=17 trialseed=601 diff=cyclic | L전용 n=33 dSg=+1.3982 | R전용 n=22 dSg=-1.1533 | 양쪽 n=234 dSg=+0.3733 | margin_sign_ok=4/8 | spec_share(|Σg_L−Σg_R| 중 전용 KC 몫) 평균 0.073
=> SDLAB diff=cyclic rule=samediff mode=learn seed=17 trialseed=601 train_accL=81.7 train_accR=17.5 train_lbal=49.6 novel_accL=75.9 novel_accR=15.2 novel_lbal=45.6

=== 평가 (탐색 없음, 학습 없음, 무작위 순서 100시행) : 정답률 55.0% | 동점 0회 ===
   자극 A: 55/55 (100.0%)
   자극 B: 0/45 (0.0%)

=== 학습 후 자극별 출력 (선택 이전의 원 신호) ===
  자극 A → 정답 L | out_L=  31  out_R=   9  차이   +22 | KC 102개
  자극 B → 정답 R | out_L=  20  out_R=   5  차이   +15 | KC 107개

=== 가중치 구조 (A전용 KC 83개, B전용 KC 88개) ===
  A전용 KC → out_L 평균 0.5583 | out_R 평균 0.5373 | 차이 +0.0210 (정답은 out_L) **정답쪽 우세**
  B전용 KC → out_L 평균 0.5612 | out_R 평균 0.5371 | 차이 +0.0241 (정답은 out_R) **반대**

=== 가중치 변화 ===
  kc_out_l: n=8046 |Δ|평균 0.03057 변화율  36.5% | 평균 0.500→0.528 | std 0.0000→0.0533
  kc_out_r: n=8067 |Δ|평균 0.01869 변화율  36.0% | 평균 0.500→0.517 | std 0.0000→0.0332

=== 요약 (mode=learn seed=17) ===
  첫 구간 43.2% → 마지막 구간 50.5% | 변화 +7.2%p | 보상률 46.9%
=> MINCIRC mode=learn seed=17 first=43.2 last=50.5 delta=+7.2 reward=46.9 **eval=55.0** tie=0 trialseed=601
