[관계] 항목 8개(훈련 4, 새 4), 반쪽 50 중 활성 15, 항목 간 겹침 2~7(평균 4.5), 새↔훈련 겹침 2~7, 패턴 64개(S 8, D 56)
make: Entering directory '/root/e127_main_run/minimal_circuit_CODE'
make: Nothing to be done for 'all'.
make: Leaving directory '/root/e127_main_run/minimal_circuit_CODE'
  시행    1~ 400: 정답률  48.2%
  시행  401~ 800: 정답률  54.5%
=> SDGEN mode=learn seed=12 trialseed=601 train_same=100.0 train_diff=50.9 train_bal=75.5 novel_same=72.7 novel_diff=30.4 novel_bal=51.5 | ties train:0 novel:10 | n_same/diff train 47/53 novel 44/56
=> SDCREDIT mode=learn seed=12 trialseed=601 diff=cyclic | L전용 n=29 dSg=+1.6680 | R전용 n=37 dSg=-1.2201 | 양쪽 n=212 dSg=+0.3654 | margin_sign_ok=6/8 | spec_share(|Σg_L−Σg_R| 중 전용 KC 몫) 평균 0.100
=> SDLAB diff=cyclic rule=samediff mode=learn seed=12 trialseed=601 train_accL=100.0 train_accR=50.9 train_lbal=75.5 novel_accL=72.7 novel_accR=30.4 novel_lbal=51.5

=== 평가 (탐색 없음, 학습 없음, 무작위 순서 100시행) : 정답률 100.0% | 동점 0회 ===
   자극 A: 41/41 (100.0%)
   자극 B: 59/59 (100.0%)

=== 학습 후 자극별 출력 (선택 이전의 원 신호) ===
  자극 A → 정답 L | out_L=  21  out_R=  10  차이   +11 | KC 101개
  자극 B → 정답 R | out_L=  10  out_R=  20  차이   -10 | KC 90개

=== 가중치 구조 (A전용 KC 78개, B전용 KC 67개) ===
  A전용 KC → out_L 평균 0.5746 | out_R 평균 0.5613 | 차이 +0.0133 (정답은 out_L) **정답쪽 우세**
  B전용 KC → out_L 평균 0.5454 | out_R 평균 0.5577 | 차이 -0.0123 (정답은 out_R) **정답쪽 우세**

=== 가중치 변화 ===
  kc_out_l: n=8125 |Δ|평균 0.03049 변화율  35.3% | 평균 0.500→0.528 | std 0.0000→0.0540
  kc_out_r: n=8003 |Δ|평균 0.02706 변화율  34.3% | 평균 0.500→0.526 | std 0.0000→0.0470

=== 요약 (mode=learn seed=12) ===
  첫 구간 48.2% → 마지막 구간 54.5% | 변화 +6.3%p | 보상률 51.4%
=> MINCIRC mode=learn seed=12 first=48.2 last=54.5 delta=+6.3 reward=51.4 **eval=100.0** tie=0 trialseed=601
