[관계] 항목 8개(훈련 4, 새 4), 반쪽 50 중 활성 15, 항목 간 겹침 2~8(평균 4.4), 새↔훈련 겹침 2~7, 패턴 64개(S 8, D 56)
make: Entering directory '/root/e127_main_run/minimal_circuit_CODE'
make: Leaving directory '/root/e127_main_run/minimal_circuit_CODE'
  시행    1~ 400: 정답률  51.2%
  시행  401~ 800: 정답률  50.0%
=> SDGEN mode=learn seed=13 trialseed=600 train_same=0.0 train_diff=100.0 train_bal=50.0 novel_same=61.5 novel_diff=72.9 novel_bal=67.2 | ties train:0 novel:18 | n_same/diff train 63/37 novel 52/48
=> SDCREDIT mode=learn seed=13 trialseed=600 diff=cyclic | L전용 n=41 dSg=+1.1767 | R전용 n=41 dSg=-0.7615 | 양쪽 n=221 dSg=-0.3730 | margin_sign_ok=5/8 | spec_share(|Σg_L−Σg_R| 중 전용 KC 몫) 평균 0.088
=> SDLAB diff=cyclic rule=samediff mode=learn seed=13 trialseed=600 train_accL=0.0 train_accR=100.0 train_lbal=50.0 novel_accL=61.5 novel_accR=72.9 novel_lbal=67.2

=== 평가 (탐색 없음, 학습 없음, 무작위 순서 100시행) : 정답률 48.0% | 동점 0회 ===
   자극 A: 0/52 (0.0%)
   자극 B: 48/48 (100.0%)

=== 학습 후 자극별 출력 (선택 이전의 원 신호) ===
  자극 A → 정답 L | out_L=  13  out_R=  37  차이   -24 | KC 84개
  자극 B → 정답 R | out_L=  30  out_R=  39  차이    -9 | KC 95개

=== 가중치 구조 (A전용 KC 69개, B전용 KC 80개) ===
  A전용 KC → out_L 평균 0.5504 | out_R 평균 0.5671 | 차이 -0.0167 (정답은 out_L) **반대**
  B전용 KC → out_L 평균 0.5446 | out_R 평균 0.5643 | 차이 -0.0197 (정답은 out_R) **정답쪽 우세**

=== 가중치 변화 ===
  kc_out_l: n=8075 |Δ|평균 0.02127 변화율  37.8% | 평균 0.500→0.519 | std 0.0000→0.0354
  kc_out_r: n=8006 |Δ|평균 0.03303 변화율  37.7% | 평균 0.500→0.530 | std 0.0000→0.0547

=== 요약 (mode=learn seed=13) ===
  첫 구간 51.2% → 마지막 구간 50.0% | 변화 -1.2%p | 보상률 50.6%
=> MINCIRC mode=learn seed=13 first=51.2 last=50.0 delta=-1.2 reward=50.6 **eval=48.0** tie=0 trialseed=600
