[관계] 항목 8개(훈련 4, 새 4), 반쪽 50 중 활성 15, 항목 간 겹침 1~8(평균 4.7), 새↔훈련 겹침 2~8, 패턴 64개(S 8, D 56)
make: Entering directory '/root/e167_run/minimal_circuit_CODE'
make: Leaving directory '/root/e167_run/minimal_circuit_CODE'
[KC불러옴] /mnt/c/Users/JungHyun/Desktop/brain/BrainSimulation-rebuild/research/experiments/traces/E167/pathcheck/dev_corr_w18.npz | 일치형 같은 위치 324/400 | 불일치형 같은 위치 368/400
  시행    1~ 400: 정답률  52.0%
  시행  401~ 800: 정답률  60.0%
=> SDGEN mode=learn seed=18 trialseed=600 train_same=100.0 train_diff=44.6 train_bal=72.3 novel_same=100.0 novel_diff=33.3 novel_bal=66.7 | ties train:17 novel:0 | n_same/diff train 44/56 novel 46/54
=> SDLAB diff=cyclic rule=samediff mode=learn seed=18 trialseed=600 train_accL=100.0 train_accR=44.6 train_lbal=72.3 novel_accL=100.0 novel_accR=33.3 novel_lbal=66.7

=== 평가 (탐색 없음, 학습 없음, 무작위 순서 100시행) : 정답률 100.0% | 동점 0회 ===
   자극 A: 48/48 (100.0%)
   자극 B: 52/52 (100.0%)

=== 학습 후 자극별 출력 (선택 이전의 원 신호) ===
  자극 A → 정답 L | out_L=  37  out_R=  13  차이   +24 | KC 117개
  자극 B → 정답 R | out_L=   6  out_R=  43  차이   -37 | KC 129개

=== 가중치 구조 (A전용 KC 108개, B전용 KC 120개) ===
  A전용 KC → out_L 평균 0.5192 | out_R 평균 0.5277 | 차이 -0.0085 (정답은 out_L) **반대**
  B전용 KC → out_L 평균 0.5544 | out_R 평균 0.5650 | 차이 -0.0106 (정답은 out_R) **정답쪽 우세**

=== 가중치 변화 ===
  kc_out_l: n=8073 |Δ|평균 0.06373 변화율  70.4% | 평균 0.500→0.545 | std 0.0000→0.0888
  kc_out_r: n=7892 |Δ|평균 0.03508 변화율  70.4% | 평균 0.500→0.530 | std 0.0000→0.0445

=== 요약 (mode=learn seed=18) ===
  첫 구간 52.0% → 마지막 구간 60.0% | 변화 +8.0%p | 보상률 56.0%
=> MINCIRC mode=learn seed=18 first=52.0 last=60.0 delta=+8.0 reward=56.0 **eval=100.0** tie=0 trialseed=600
