[관계] 항목 8개(훈련 4, 새 4), 반쪽 50 중 활성 15, 항목 간 겹침 1~8(평균 4.7), 새↔훈련 겹침 2~8, 패턴 64개(S 8, D 56)
make: Entering directory '/root/e167_run/minimal_circuit_CODE'
make: Leaving directory '/root/e167_run/minimal_circuit_CODE'
[KC망안] /mnt/c/Users/JungHyun/Desktop/brain/BrainSimulation-rebuild/research/experiments/traces/E167/pathcheck/dev_corr_w18.npz | 흥분 후보 20000개 평균 0.0697 같은 위치 몫 0.0286 | 억제 후보 20000개 크기 평균 0.0590 같은 위치 몫 0.0567 | 균등 0.0200 | 장치 대조 최대 |차| 0.00e+00
  시행    1~ 400: 정답률  45.5%
  시행  401~ 800: 정답률  50.2%
=> SDGEN mode=frozen seed=18 trialseed=600 train_same=90.0 train_diff=0.0 train_bal=45.0 novel_same=18.6 novel_diff=84.2 novel_bal=51.4 | ties train:8 novel:0 | n_same/diff train 50/50 novel 43/57
=> SDLAB diff=cyclic rule=samediff mode=frozen seed=18 trialseed=600 train_accL=90.0 train_accR=0.0 train_lbal=45.0 novel_accL=18.6 novel_accR=84.2 novel_lbal=51.4

=== 평가 (탐색 없음, 학습 없음, 무작위 순서 100시행) : 정답률 100.0% | 동점 0회 ===
   자극 A: 48/48 (100.0%)
   자극 B: 52/52 (100.0%)

=== 학습 후 자극별 출력 (선택 이전의 원 신호) ===
  자극 A → 정답 L | out_L=  17  out_R=   7  차이   +10 | KC 117개
  자극 B → 정답 R | out_L=  32  out_R=  34  차이    -2 | KC 133개

=== 가중치 구조 (A전용 KC 93개, B전용 KC 109개) ===
  A전용 KC → out_L 평균 0.5000 | out_R 평균 0.5000 | 차이 +0.0000 (정답은 out_L) **반대**
  B전용 KC → out_L 평균 0.5000 | out_R 평균 0.5000 | 차이 +0.0000 (정답은 out_R) **정답쪽 우세**

=== 가중치 변화 ===
  kc_out_l: n=8073 |Δ|평균 0.00000 변화율   0.0% | 평균 0.500→0.500 | std 0.0000→0.0000
  kc_out_r: n=7892 |Δ|평균 0.00000 변화율   0.0% | 평균 0.500→0.500 | std 0.0000→0.0000

=== 요약 (mode=frozen seed=18) ===
  첫 구간 45.5% → 마지막 구간 50.2% | 변화 +4.7%p | 보상률 0.0%
=> MINCIRC mode=frozen seed=18 first=45.5 last=50.2 delta=+4.7 reward=0.0 **eval=100.0** tie=0 trialseed=600
