[관계] 항목 8개(훈련 4, 새 4), 반쪽 50 중 활성 15, 항목 간 겹침 1~8(평균 4.7), 새↔훈련 겹침 2~8, 패턴 64개(S 8, D 56)
make: Entering directory '/root/e167_run/minimal_circuit_CODE'
make: Leaving directory '/root/e167_run/minimal_circuit_CODE'
[KC망안] /mnt/c/Users/JungHyun/Desktop/brain/BrainSimulation-rebuild/research/experiments/traces/E167/pathcheck/dev_corr_w18.npz | 흥분 후보 20000개 평균 0.0697 같은 위치 몫 0.0286 | 억제 후보 20000개 크기 평균 0.0590 같은 위치 몫 0.0567 | 균등 0.0200 | 장치 대조 최대 |차| 0.00e+00
  시행    1~ 400: 정답률  44.2%
  시행  401~ 800: 정답률  52.5%
=> SDGEN mode=learn seed=18 trialseed=600 train_same=100.0 train_diff=0.0 train_bal=50.0 novel_same=100.0 novel_diff=0.0 novel_bal=50.0 | ties train:0 novel:0 | n_same/diff train 50/50 novel 43/57
=> SDLAB diff=cyclic rule=samediff mode=learn seed=18 trialseed=600 train_accL=100.0 train_accR=0.0 train_lbal=50.0 novel_accL=100.0 novel_accR=0.0 novel_lbal=50.0

=== 평가 (탐색 없음, 학습 없음, 무작위 순서 100시행) : 정답률 48.0% | 동점 0회 ===
   자극 A: 48/48 (100.0%)
   자극 B: 0/52 (0.0%)

=== 학습 후 자극별 출력 (선택 이전의 원 신호) ===
  자극 A → 정답 L | out_L=  31  out_R=  12  차이   +19 | KC 117개
  자극 B → 정답 R | out_L=  45  out_R=  39  차이    +6 | KC 133개

=== 가중치 구조 (A전용 KC 93개, B전용 KC 109개) ===
  A전용 KC → out_L 평균 0.5800 | out_R 평균 0.5275 | 차이 +0.0525 (정답은 out_L) **정답쪽 우세**
  B전용 KC → out_L 평균 0.6073 | out_R 평균 0.5394 | 차이 +0.0679 (정답은 out_R) **반대**

=== 가중치 변화 ===
  kc_out_l: n=8073 |Δ|평균 0.04482 변화율  38.3% | 평균 0.500→0.545 | std 0.0000→0.0648
  kc_out_r: n=7892 |Δ|평균 0.01662 변화율  38.3% | 평균 0.500→0.517 | std 0.0000→0.0244

=== 요약 (mode=learn seed=18) ===
  첫 구간 44.2% → 마지막 구간 52.5% | 변화 +8.2%p | 보상률 48.4%
=> MINCIRC mode=learn seed=18 first=44.2 last=52.5 delta=+8.2 reward=48.4 **eval=48.0** tie=0 trialseed=600
