남음 + 줄임(qF 0.9, qD 0.3)                  기대 남음(H089) / 형성이 동결 의존을 줄임       → 남음(H089) / 형성이 동결 의존을 줄임                 ✓
손실 + 줄이지 않음(qF 0.3, qD 0.3)              기대 손실(H089-null) / 줄이지 않음         → 손실(H089-null) / 줄이지 않음                   ✓
부분(qF 0.65)                              기대 부분 / 형성이 동결 의존을 줄임             → 부분 / 형성이 동결 의존을 줄임                       ✓
qF 0.80 정확 → 남음                          기대 남음(H089)                       → 남음(H089) / 형성이 동결 의존을 줄임                 ✓
qF 0.7998 → 부분                           기대 부분                             → 부분 / 형성이 동결 의존을 줄임                       ✓
qF 0.50 정확 → 손실                          기대 손실(H089-null) / 줄이지 않음         → 손실(H089-null) / 줄이지 않음                   ✓
qF 0.5002 → 부분                           기대 부분                             → 부분 / 줄이지 않음                              ✓
4/5 남음(한 뇌 qF 0.4)                       기대 남음(H089)                       → 남음(H089) / 형성이 동결 의존을 줄임                 ✓
3/5 남음·2 손실 → 부분                         기대 부분                             → 부분 / 중간                                  ✓
qF − qD 0.20 정확 → 줄임                     기대 부분 / 형성이 동결 의존을 줄임             → 부분 / 형성이 동결 의존을 줄임                       ✓
qF − qD 0.1996 → 중간                      기대 부분 / 중간                        → 부분 / 중간                                  ✓
|qF − qD| 0.10 정확 → 중간                   기대 손실(H089-null) / 중간             → 손실(H089-null) / 중간                       ✓
|qF − qD| 0.0996 → 줄이지 않음                기대 손실(H089-null) / 줄이지 않음         → 손실(H089-null) / 줄이지 않음                   ✓
qF < qD(형성이 더 의존) → 중간                   기대 손실(H089-null) / 중간             → 손실(H089-null) / 중간                       ✓
e_FNF 양수(반대 방향) → 손실                     기대 손실(H089-null)                  → 손실(H089-null) / 중간                       ✓
동결 꺼짐 실패(잔차 0.01)                        기대 보류(조작검증 실패) / 보류(조작검증 실패)      → 보류(조작검증 실패) / 보류(조작검증 실패)                ✓
추적 499                                   기대 보류(조작검증 실패)                    → 보류(조작검증 실패) / 보류(조작검증 실패)                ✓
도파민 전 0.002                              기대 보류(조작검증 실패)                    → 보류(조작검증 실패) / 보류(조작검증 실패)                ✓
FNF 적재 1                                 기대 보류(조작검증 실패)                    → 보류(조작검증 실패) / 보류(조작검증 실패)                ✓
DNF 적재 1                                 기대 보류(조작검증 실패)                    → 보류(조작검증 실패) / 보류(조작검증 실패)                ✓
[사전] 어긋남 0.0021                          기대 보류(조작검증 실패)                    → 보류(조작검증 실패) / 보류(조작검증 실패)                ✓
전제 e_D −0.0999                           기대 보류(조작검증 실패)                    → 보류(조작검증 실패) / 보류(조작검증 실패)                ✓
결측(DNF 뇌 20 추적)                          기대 결측                             → [측정 확인] 결측 [('s', 'DNF', 20)] — **판정 보류, ✓
결측(E161 F 뇌 16)                          기대 결측                             → [측정 확인] 결측 [('b', 'FNF', 16)] — **판정 보류, ✓
원 로그 파싱(실제 줄 형식)                         → ✓
전체: 통과
