1: 통과                              기대 통과(K80 보존)               → 통과(K80 보존) — 형성 표현에서도 무학습 초과·자 ✓
1: 일반화 실패(int05·noise 0.4)         기대 일반화 실패                   → 일반화 실패 — 훈련 자극 효과의 절반 이상을 못 지키 ✓
1: 용량 포화(변형 e1500 = e500 × 0.9)    기대 용량 포화                    → 용량 포화 — 1,500시행이 500시행보다 크지 않은 ✓
1: 용량 포화 판정 문구                     기대 용량 포화                    → 용량 포화 — 1,500시행이 500시행보다 크지 않은 ✓
1: C3 경계 몫 0.5(floor) 통과           기대 통과(K80 보존)               → 통과(K80 보존) — 형성 표현에서도 무학습 초과·자 ✓
1: C3 경계 바로 안쪽 실패                  기대 일반화 실패                   → 일반화 실패 — 훈련 자극 효과의 절반 이상을 못 지키 ✓
1: C1 경계 −0.05 정확 5/5·−0.0499 0/5  → ✓
1: V1 실패(±0.0021)                  기대 보류(측정 검증 실패)             → 보류(측정 검증 실패) ✓
1: V2 실패                           기대 보류(측정 검증 실패)             → 보류(측정 검증 실패) ✓
1: V3 실패                           기대 보류(측정 검증 실패)             → 보류(측정 검증 실패) ✓
1: 평가 적재 없음                        기대 보류(측정 검증 실패)             → 보류(측정 검증 실패) ✓
1: 결측                              → ✓
2: 통과(사후 +0.30)                    기대 통과(K81 보존                → 통과(K81 보존 — 반전 성공) — 형성 표현에서도  ✓
2: 경계 m +0.02 정확                   기대 통과(K81 보존                → 통과(K81 보존 — 반전 성공) — 형성 표현에서도  ✓
2: 부분(사후 −0.30)                    기대 부분                       → 부분 — 반전 쪽으로 0.10 이상(5/5) 움직였으나 ✓
2: 고착(Δ 0.04)                      기대 고착                       → 고착 — 반전 쪽 이동 < 0.05(≥4/5) ✓
2: M1 반전 줄 없음                      기대 보류(조작검증 실패)              → 보류(조작검증 실패) ✓
2: M2 규칙 불일치                       기대 보류(조작검증 실패)              → 보류(조작검증 실패) ✓
2: M3 동결 실패                        기대 보류(조작검증 실패)              → 보류(조작검증 실패) ✓
2: M4 반사 변함                        기대 보류(조작검증 실패)              → 보류(조작검증 실패) ✓
2: M5 출발점 다름                       기대 보류(조작검증 실패)              → 보류(조작검증 실패) ✓
2: M6 적재 1줄                        기대 보류(조작검증 실패)              → 보류(조작검증 실패) ✓
종합: 둘 다 통과                         기대 형성 표현 기준선 확립(H078)       → 형성 표현 기준선 확립(H078) — 앞 능력(K80· ✓
종합: 반전 부분                          기대 기준선 미확립 — 통과 못 한 회귀 K81  → 기준선 미확립 — 통과 못 한 회귀 K81 ✓
rev_stats                          → ✓
줄 파싱(평가·반전·적재·변형 표시)               → ✓
전체: 통과
