L2 달성(m1500 −0.10)             기대 L2 달성(H079)            → L2 달성(H079) — 형성 표현에서 1,500시 ✓
경계 m −0.02 정확                  기대 L2 달성(H079)            → L2 달성(H079) — 형성 표현에서 1,500시 ✓
m −0.0199 → 거스름                기대 반사를 거스름(H079-partial)  → 반사를 거스름(H079-partial) — 500시 ✓
거스름(m +0.10, e500 −0.30)       기대 반사를 거스름(H079-partial)  → 반사를 거스름(H079-partial) — 500시 ✓
경계 e500 −0.10 정확               기대 반사를 거스름(H079-partial)  → 반사를 거스름(H079-partial) — 500시 ✓
효과 없음(e500 −0.02)              기대 효과 없음(H079-null)       → 효과 없음(H079-null) — 500시행 효과  ✓
경계 |e| 0.03 → 효과 없음 아님         기대 보류                     → 보류 ✓
섞임 → 보류                        기대 보류                     → 보류 ✓
M1 동결 실패                       기대 보류(조작검증 실패)            → 보류(조작검증 실패) ✓
M1b 되돌림 실패                     기대 보류(조작검증 실패)            → 보류(조작검증 실패) ✓
M2 두 팔 출발점 다름                  기대 보류(조작검증 실패)            → 보류(조작검증 실패) ✓
M3 추적 시행 수                     기대 보류(조작검증 실패)            → 보류(조작검증 실패) ✓
M4 반사 변함                       기대 보류(조작검증 실패)            → 보류(조작검증 실패) ✓
M5 적재 1줄                       기대 보류(조작검증 실패)            → 보류(조작검증 실패) ✓
결측                             → ✓
stats                          → ✓
줄 파싱(학습·반사 25·추적)              → ✓
판정2 이김(m −0.10)                기대 반사 발현을 맞춰도 학습이 이김      → 반사 발현을 맞춰도 학습이 이김 ✓
판정2 경계 m −0.02 정확              기대 반사 발현을 맞춰도 학습이 이김      → 반사 발현을 맞춰도 학습이 이김 ✓
판정2 m −0.0199 → L2 아님          기대 반사 발현을 맞추면 L2 아님       → 반사 발현을 맞추면 L2 아님 ✓
판정2 3/5 → L2 아님                기대 반사 발현을 맞추면 L2 아님       → 반사 발현을 맞추면 L2 아님 ✓
판정2 4/5 → 이김                   기대 반사 발현을 맞춰도 학습이 이김      → 반사 발현을 맞춰도 학습이 이김 ✓
MW 경계 −0.05 정확 → 통과            기대 반사 발현을 맞춰도 학습이 이김      → 반사 발현을 맞춰도 학습이 이김 ✓
MW −0.0501 → 보류                기대 보류(조작검증 실패)            → 보류(조작검증 실패) ✓
MW 경계 +0.10 정확 → 통과            기대 반사 발현을 맞춰도 학습이 이김      → 반사 발현을 맞춰도 학습이 이김 ✓
MW +0.1001 → 보류                기대 보류(조작검증 실패)            → 보류(조작검증 실패) ✓
M1 동결 실패                       기대 보류(조작검증 실패)            → 보류(조작검증 실패) ✓
M1b 되돌림 실패                     기대 보류(조작검증 실패)            → 보류(조작검증 실패) ✓
M3 시행 1400                     기대 보류(조작검증 실패)            → 보류(조작검증 실패) ✓
M4w 반사 변함                      기대 보류(조작검증 실패)            → 보류(조작검증 실패) ✓
M5 적재 1줄                       기대 보류(조작검증 실패)            → 보류(조작검증 실패) ✓
결측                             기대 보류(결측)                 → 보류(결측) ✓
보정 실패                          기대 없음(보정 실패)              → 없음(보정 실패) ✓
종합 지지                          → H079 지지 — L2 달성(반사 발현을 기본에 맞춰도 형성 표현 학습이 ✓
종합 부분                          → H079 부분 — L2 는 반사 발현 약화 동반(학습 강화만으로는 아님) ✓
종합 미해결                         → 판정 1 그대로(반사를 거스름(H079-partial)) — L2 미해결 ✓
종합 판정1 보류·판정2 L2 아님            → 판정 1 그대로(보류) — L2 미해결 ✓
종합 예측 밖                        → 보류(예측 밖 — 판정 1 L2 아님, 판정 2 이김) ✓
종합 판정2 보류                      → 판정 1(L2 달성(H079)) + 식별 불가(반사 발현 약화 혼입 —  ✓
종합 보정 실패                       → 판정 1(L2 달성(H079)) + 식별 불가(반사 발현 약화 혼입 —  ✓
W 팔 줄 파싱(W*·반사 W*)             → ✓
전체: 통과
