L2(m1500 −0.20)                    기대 L2 달성(H081)   /-          → L2 달성(H081) — 이득 / 엄격 L2 달성 — ✓
경계 m −0.02 정확 → L2                 기대 L2 달성(H081)   /-          → L2 달성(H081) — 이득 / 엄격 L2 아님   ✓
m −0.0199 → 거스름                    기대 반사를 거스름(H081-p/-          → 반사를 거스름(H081-par / 엄격 L2 아님   ✓
거스름(m +0.10, e500 −0.30)           기대 반사를 거스름(H081-p/-          → 반사를 거스름(H081-par / 엄격 L2 아님   ✓
경계 e500 −0.10 정확 → 거스름             기대 반사를 거스름(H081-p/-          → 반사를 거스름(H081-par / 엄격 L2 아님   ✓
효과 없음(e500 −0.02)                  기대 효과 없음(H081-nul/-          → 효과 없음(H081-null) / 엄격 L2 아님   ✓
경계 |e| 0.03 → 효과 없음 아님             기대 보류            /-          → 보류               / 엄격 L2 아님   ✓
섞임 → 보류                            기대 보류            /-          → 보류               / 엄격 L2 아님   ✓
엄격 달성(m −0.20 → e ≈ −0.55)         기대 L2 달성(H081)   /엄격 L2 달성   → L2 달성(H081) — 이득 / 엄격 L2 달성 — ✓
엄격 아님(m −0.05)                     기대 L2 달성(H081)   /엄격 L2 아님   → L2 달성(H081) — 이득 / 엄격 L2 아님   ✓
엄격 경계 정확(e = −기본 [사전]) 5/5         → 엄격 L2 달성 — 1 ✓
엄격 경계 0.0001 모자람 → 아님              → 엄격 L2 아님 ✓
엄격 4/5 → 달성                        → 엄격 L2 달성 — 1 ✓
M1 동결 실패                           기대 보류(조작검증 실패)   /-          → 보류(조작검증 실패)      / 보류(조작검증 실패 ✓
M1b 되돌림 실패                         기대 보류(조작검증 실패)   /-          → 보류(조작검증 실패)      / 보류(조작검증 실패 ✓
M2 두 팔 출발점 다름                      기대 보류(조작검증 실패)   /-          → 보류(조작검증 실패)      / 보류(조작검증 실패 ✓
M3 추적 시행 수                         기대 보류(조작검증 실패)   /-          → 보류(조작검증 실패)      / 보류(조작검증 실패 ✓
M4 반사 변함                           기대 보류(조작검증 실패)   /-          → 보류(조작검증 실패)      / 보류(조작검증 실패 ✓
M5 적재 1줄                           기대 보류(조작검증 실패)   /-          → 보류(조작검증 실패)      / 보류(조작검증 실패 ✓
M6 배율 1줄                           기대 보류(조작검증 실패)   /-          → 보류(조작검증 실패)      / 보류(조작검증 실패 ✓
M7 E157 재현 어긋남(0.0021)             기대 보류(조작검증 실패)   /-          → 보류(조작검증 실패)      / 보류(조작검증 실패 ✓
결측                                 → ✓
stats                              → ✓
줄 파싱(배율 포함)·반사·추적                  → ✓
전체: 통과
