[사례] A 훈련 8개(d=0.20): 활성 30~30, 원형겹침 24~24, 타원형겹침 5~8
[사례] A 평가 d=0.10 20개: 활성 30~30, 원형겹침 27~27, 타원형겹침 5~8
[사례] A 평가 d=0.20 20개: 활성 30~30, 원형겹침 24~24, 타원형겹침 5~10
[사례] A 평가 d=0.30 20개: 활성 30~30, 원형겹침 21~21, 타원형겹침 3~10
[사례] A 평가 d=0.40 20개: 활성 30~30, 원형겹침 18~18, 타원형겹침 4~11
[사례] B 훈련 8개(d=0.20): 활성 30~30, 원형겹침 24~24, 타원형겹침 6~8
[사례] B 평가 d=0.10 20개: 활성 30~30, 원형겹침 27~27, 타원형겹침 5~9
[사례] B 평가 d=0.20 20개: 활성 30~30, 원형겹침 24~24, 타원형겹침 6~10
[사례] B 평가 d=0.30 20개: 활성 30~30, 원형겹침 21~21, 타원형겹침 5~11
[사례] B 평가 d=0.40 20개: 활성 30~30, 원형겹침 18~18, 타원형겹침 3~12
[사례] 전체 176개, 서로 다른 집합 176개, 원형과 같은 것 0개(0이어야 함)
make: Entering directory '/root/e123_main_run/minimal_circuit_CODE'
make: Leaving directory '/root/e123_main_run/minimal_circuit_CODE'
=> EXGEN mode=learn seed=12 trialseed=600 proto=100.0 train=75.0 d0.10=80.0 d0.20=75.0 d0.30=86.0 d0.40=83.0 | ties train:0 d0.10:0 d0.20:0 d0.30:3 d0.40:2

=== 평가 (탐색 없음, 학습 없음, 무작위 순서 100시행) : 정답률 100.0% | 동점 0회 ===
   자극 A: 41/41 (100.0%)
   자극 B: 59/59 (100.0%)

=== 학습 후 자극별 출력 (선택 이전의 원 신호) ===
  자극 A → 정답 L | out_L=  39  out_R=  22  차이   +17 | KC 101개
  자극 B → 정답 R | out_L=   1  out_R=  49  차이   -48 | KC 90개

=== 가중치 구조 (A전용 KC 78개, B전용 KC 67개) ===
  A전용 KC → out_L 평균 0.5437 | out_R 평균 0.4947 | 차이 +0.0490 (정답은 out_L) **정답쪽 우세**
  B전용 KC → out_L 평균 0.4928 | out_R 평균 0.5761 | 차이 -0.0833 (정답은 out_R) **정답쪽 우세**

=== 가중치 변화 ===
  kc_out_l: n=8125 |Δ|평균 0.00728 변화율  39.5% | 평균 0.500→0.505 | std 0.0000→0.0153
  kc_out_r: n=8003 |Δ|평균 0.01213 변화율  40.4% | 평균 0.500→0.510 | std 0.0000→0.0258

=== 요약 (mode=learn seed=12) ===
  첫 구간 nan% → 마지막 구간 nan% | 변화 +nan%p | 보상률 55.5%
=> MINCIRC mode=learn seed=12 first=nan last=nan delta=+nan reward=55.5 **eval=100.0** tie=0 trialseed=600
