[사례] A 훈련 8개(d=0.20): 활성 30~30, 원형겹침 24~24, 타원형겹침 5~9
[사례] A 평가 d=0.10 20개: 활성 30~30, 원형겹침 27~27, 타원형겹침 3~8
[사례] A 평가 d=0.20 20개: 활성 30~30, 원형겹침 24~24, 타원형겹침 4~9
[사례] A 평가 d=0.30 20개: 활성 30~30, 원형겹침 21~21, 타원형겹침 5~10
[사례] A 평가 d=0.40 20개: 활성 30~30, 원형겹침 18~18, 타원형겹침 3~11
[사례] B 훈련 8개(d=0.20): 활성 30~30, 원형겹침 24~24, 타원형겹침 5~10
[사례] B 평가 d=0.10 20개: 활성 30~30, 원형겹침 27~27, 타원형겹침 4~8
[사례] B 평가 d=0.20 20개: 활성 30~30, 원형겹침 24~24, 타원형겹침 4~9
[사례] B 평가 d=0.30 20개: 활성 30~30, 원형겹침 21~21, 타원형겹침 6~12
[사례] B 평가 d=0.40 20개: 활성 30~30, 원형겹침 18~18, 타원형겹침 5~11
[사례] 전체 176개, 서로 다른 집합 176개, 원형과 같은 것 0개(0이어야 함)
make: Entering directory '/root/e123_main_run/minimal_circuit_CODE'
make: Nothing to be done for 'all'.
make: Leaving directory '/root/e123_main_run/minimal_circuit_CODE'
=> EXGEN mode=learn seed=10 trialseed=601 proto=100.0 train=80.0 d0.10=94.0 d0.20=70.0 d0.30=74.0 d0.40=76.0 | ties train:0 d0.10:1 d0.20:1 d0.30:0 d0.40:8

=== 평가 (탐색 없음, 학습 없음, 무작위 순서 100시행) : 정답률 100.0% | 동점 0회 ===
   자극 A: 44/44 (100.0%)
   자극 B: 56/56 (100.0%)

=== 학습 후 자극별 출력 (선택 이전의 원 신호) ===
  자극 A → 정답 L | out_L=  42  out_R=   9  차이   +33 | KC 98개
  자극 B → 정답 R | out_L=  10  out_R=  32  차이   -22 | KC 114개

=== 가중치 구조 (A전용 KC 65개, B전용 KC 81개) ===
  A전용 KC → out_L 평균 0.5572 | out_R 평균 0.4907 | 차이 +0.0665 (정답은 out_L) **정답쪽 우세**
  B전용 KC → out_L 평균 0.4841 | out_R 평균 0.5312 | 차이 -0.0471 (정답은 out_R) **정답쪽 우세**

=== 가중치 변화 ===
  kc_out_l: n=7952 |Δ|평균 0.01038 변화율  41.9% | 평균 0.500→0.506 | std 0.0000→0.0202
  kc_out_r: n=7999 |Δ|평균 0.00612 변화율  42.5% | 평균 0.500→0.504 | std 0.0000→0.0117

=== 요약 (mode=learn seed=10) ===
  첫 구간 nan% → 마지막 구간 nan% | 변화 +nan%p | 보상률 44.0%
=> MINCIRC mode=learn seed=10 first=nan last=nan delta=+nan reward=44.0 **eval=100.0** tie=0 trialseed=601
