[사례] A 훈련 8개(d=0.20): 활성 30~30, 원형겹침 24~24, 타원형겹침 5~8
[사례] A 평가 d=0.10 20개: 활성 30~30, 원형겹침 27~27, 타원형겹침 4~8
[사례] A 평가 d=0.20 20개: 활성 30~30, 원형겹침 24~24, 타원형겹침 4~9
[사례] A 평가 d=0.30 20개: 활성 30~30, 원형겹침 21~21, 타원형겹침 3~10
[사례] A 평가 d=0.40 20개: 활성 30~30, 원형겹침 18~18, 타원형겹침 3~12
[사례] B 훈련 8개(d=0.20): 활성 30~30, 원형겹침 24~24, 타원형겹침 5~9
[사례] B 평가 d=0.10 20개: 활성 30~30, 원형겹침 27~27, 타원형겹침 5~8
[사례] B 평가 d=0.20 20개: 활성 30~30, 원형겹침 24~24, 타원형겹침 4~9
[사례] B 평가 d=0.30 20개: 활성 30~30, 원형겹침 21~21, 타원형겹침 3~11
[사례] B 평가 d=0.40 20개: 활성 30~30, 원형겹침 18~18, 타원형겹침 4~11
[사례] 전체 176개, 서로 다른 집합 176개, 원형과 같은 것 0개(0이어야 함)
make: Entering directory '/root/e123_main_run/minimal_circuit_CODE'
make: Nothing to be done for 'all'.
make: Leaving directory '/root/e123_main_run/minimal_circuit_CODE'
=> EXGEN mode=learn seed=14 trialseed=601 proto=57.0 train=90.0 d0.10=83.0 d0.20=73.0 d0.30=88.0 d0.40=77.0 | ties train:0 d0.10:0 d0.20:0 d0.30:6 d0.40:0

=== 평가 (탐색 없음, 학습 없음, 무작위 순서 100시행) : 정답률 57.0% | 동점 0회 ===
   자극 A: 57/57 (100.0%)
   자극 B: 0/43 (0.0%)

=== 학습 후 자극별 출력 (선택 이전의 원 신호) ===
  자극 A → 정답 L | out_L=  33  out_R=  13  차이   +20 | KC 85개
  자극 B → 정답 R | out_L=  30  out_R=  21  차이    +9 | KC 93개

=== 가중치 구조 (A전용 KC 62개, B전용 KC 70개) ===
  A전용 KC → out_L 평균 0.5729 | out_R 평균 0.4976 | 차이 +0.0753 (정답은 out_L) **정답쪽 우세**
  B전용 KC → out_L 평균 0.4940 | out_R 평균 0.5527 | 차이 -0.0587 (정답은 out_R) **정답쪽 우세**

=== 가중치 변화 ===
  kc_out_l: n=7975 |Δ|평균 0.01249 변화율  41.6% | 평균 0.500→0.510 | std 0.0000→0.0251
  kc_out_r: n=8075 |Δ|평균 0.00841 변화율  40.7% | 평균 0.500→0.507 | std 0.0000→0.0181

=== 요약 (mode=learn seed=14) ===
  첫 구간 nan% → 마지막 구간 nan% | 변화 +nan%p | 보상률 58.5%
=> MINCIRC mode=learn seed=14 first=nan last=nan delta=+nan reward=58.5 **eval=57.0** tie=0 trialseed=601
