[사례] A 훈련 8개(d=0.20): 활성 30~30, 원형겹침 24~24, 타원형겹침 4~9
[사례] A 평가 d=0.10 20개: 활성 30~30, 원형겹침 27~27, 타원형겹침 4~9
[사례] A 평가 d=0.20 20개: 활성 30~30, 원형겹침 24~24, 타원형겹침 5~10
[사례] A 평가 d=0.30 20개: 활성 30~30, 원형겹침 21~21, 타원형겹침 4~10
[사례] A 평가 d=0.40 20개: 활성 30~30, 원형겹침 18~18, 타원형겹침 4~11
[사례] B 훈련 8개(d=0.20): 활성 30~30, 원형겹침 24~24, 타원형겹침 5~8
[사례] B 평가 d=0.10 20개: 활성 30~30, 원형겹침 27~27, 타원형겹침 5~8
[사례] B 평가 d=0.20 20개: 활성 30~30, 원형겹침 24~24, 타원형겹침 3~10
[사례] B 평가 d=0.30 20개: 활성 30~30, 원형겹침 21~21, 타원형겹침 5~9
[사례] B 평가 d=0.40 20개: 활성 30~30, 원형겹침 18~18, 타원형겹침 4~10
[사례] 전체 176개, 서로 다른 집합 176개, 원형과 같은 것 0개(0이어야 함)
make: Entering directory '/root/e123_main_run/minimal_circuit_CODE'
make: Leaving directory '/root/e123_main_run/minimal_circuit_CODE'
=> EXGEN mode=learn seed=17 trialseed=600 proto=100.0 train=77.0 d0.10=85.0 d0.20=80.0 d0.30=74.0 d0.40=68.0 | ties train:4 d0.10:3 d0.20:4 d0.30:0 d0.40:0

=== 평가 (탐색 없음, 학습 없음, 무작위 순서 100시행) : 정답률 100.0% | 동점 0회 ===
   자극 A: 55/55 (100.0%)
   자극 B: 45/45 (100.0%)

=== 학습 후 자극별 출력 (선택 이전의 원 신호) ===
  자극 A → 정답 L | out_L=  39  out_R=  23  차이   +16 | KC 102개
  자극 B → 정답 R | out_L=   6  out_R=  33  차이   -27 | KC 107개

=== 가중치 구조 (A전용 KC 83개, B전용 KC 88개) ===
  A전용 KC → out_L 평균 0.5260 | out_R 평균 0.4971 | 차이 +0.0289 (정답은 out_L) **정답쪽 우세**
  B전용 KC → out_L 평균 0.4995 | out_R 평균 0.5405 | 차이 -0.0410 (정답은 out_R) **정답쪽 우세**

=== 가중치 변화 ===
  kc_out_l: n=8046 |Δ|평균 0.00500 변화율  43.9% | 평균 0.500→0.504 | std 0.0000→0.0098
  kc_out_r: n=8067 |Δ|평균 0.00750 변화율  44.6% | 평균 0.500→0.506 | std 0.0000→0.0145

=== 요약 (mode=learn seed=17) ===
  첫 구간 nan% → 마지막 구간 nan% | 변화 +nan%p | 보상률 60.0%
=> MINCIRC mode=learn seed=17 first=nan last=nan delta=+nan reward=60.0 **eval=100.0** tie=0 trialseed=600
