[사례] A 훈련 8개(d=0.20): 활성 30~30, 원형겹침 24~24, 타원형겹침 5~8
[사례] A 평가 d=0.10 20개: 활성 30~30, 원형겹침 27~27, 타원형겹침 4~8
[사례] A 평가 d=0.20 20개: 활성 30~30, 원형겹침 24~24, 타원형겹침 4~9
[사례] A 평가 d=0.30 20개: 활성 30~30, 원형겹침 21~21, 타원형겹침 3~10
[사례] A 평가 d=0.40 20개: 활성 30~30, 원형겹침 18~18, 타원형겹침 3~12
[사례] B 훈련 8개(d=0.20): 활성 30~30, 원형겹침 24~24, 타원형겹침 5~9
[사례] B 평가 d=0.10 20개: 활성 30~30, 원형겹침 27~27, 타원형겹침 5~8
[사례] B 평가 d=0.20 20개: 활성 30~30, 원형겹침 24~24, 타원형겹침 4~9
[사례] B 평가 d=0.30 20개: 활성 30~30, 원형겹침 21~21, 타원형겹침 3~11
[사례] B 평가 d=0.40 20개: 활성 30~30, 원형겹침 18~18, 타원형겹침 4~11
[사례] 전체 176개, 서로 다른 집합 176개, 원형과 같은 것 0개(0이어야 함)
make: Entering directory '/root/e123_main_run/minimal_circuit_CODE'
make: Leaving directory '/root/e123_main_run/minimal_circuit_CODE'
=> EXGEN mode=learn seed=14 trialseed=600 proto=57.0 train=73.0 d0.10=77.0 d0.20=63.0 d0.30=65.0 d0.40=74.0 | ties train:5 d0.10:2 d0.20:0 d0.30:8 d0.40:4

=== 평가 (탐색 없음, 학습 없음, 무작위 순서 100시행) : 정답률 57.0% | 동점 0회 ===
   자극 A: 57/57 (100.0%)
   자극 B: 0/43 (0.0%)

=== 학습 후 자극별 출력 (선택 이전의 원 신호) ===
  자극 A → 정답 L | out_L=  25  out_R=  21  차이    +4 | KC 85개
  자극 B → 정답 R | out_L=  29  out_R=  27  차이    +2 | KC 93개

=== 가중치 구조 (A전용 KC 62개, B전용 KC 70개) ===
  A전용 KC → out_L 평균 0.5165 | out_R 평균 0.5000 | 차이 +0.0165 (정답은 out_L) **정답쪽 우세**
  B전용 KC → out_L 평균 0.4971 | out_R 평균 0.5161 | 차이 -0.0190 (정답은 out_R) **정답쪽 우세**

=== 가중치 변화 ===
  kc_out_l: n=7975 |Δ|평균 0.00276 변화율  40.3% | 평균 0.500→0.502 | std 0.0000→0.0057
  kc_out_r: n=8075 |Δ|평균 0.00257 변화율  39.7% | 평균 0.500→0.502 | std 0.0000→0.0056

=== 요약 (mode=learn seed=14) ===
  첫 구간 nan% → 마지막 구간 nan% | 변화 +nan%p | 보상률 58.0%
=> MINCIRC mode=learn seed=14 first=nan last=nan delta=+nan reward=58.0 **eval=57.0** tie=0 trialseed=600
