[사례] A 훈련 8개(d=0.20): 활성 30~30, 원형겹침 24~24, 타원형겹침 5~8
[사례] A 평가 d=0.10 20개: 활성 30~30, 원형겹침 27~27, 타원형겹침 4~9
[사례] A 평가 d=0.20 20개: 활성 30~30, 원형겹침 24~24, 타원형겹침 4~9
[사례] A 평가 d=0.30 20개: 활성 30~30, 원형겹침 21~21, 타원형겹침 3~10
[사례] A 평가 d=0.40 20개: 활성 30~30, 원형겹침 18~18, 타원형겹침 5~12
[사례] B 훈련 8개(d=0.20): 활성 30~30, 원형겹침 24~24, 타원형겹침 4~9
[사례] B 평가 d=0.10 20개: 활성 30~30, 원형겹침 27~27, 타원형겹침 4~8
[사례] B 평가 d=0.20 20개: 활성 30~30, 원형겹침 24~24, 타원형겹침 3~9
[사례] B 평가 d=0.30 20개: 활성 30~30, 원형겹침 21~21, 타원형겹침 5~10
[사례] B 평가 d=0.40 20개: 활성 30~30, 원형겹침 18~18, 타원형겹침 5~10
[사례] 전체 176개, 서로 다른 집합 176개, 원형과 같은 것 0개(0이어야 함)
make: Entering directory '/root/e123_main_run/minimal_circuit_CODE'
make: Leaving directory '/root/e123_main_run/minimal_circuit_CODE'
=> EXGEN mode=learn seed=11 trialseed=600 proto=48.0 train=43.0 d0.10=48.0 d0.20=42.0 d0.30=52.0 d0.40=43.0 | ties train:0 d0.10:0 d0.20:3 d0.30:3 d0.40:5

=== 평가 (탐색 없음, 학습 없음, 무작위 순서 100시행) : 정답률 48.0% | 동점 0회 ===
   자극 A: 0/52 (0.0%)
   자극 B: 48/48 (100.0%)

=== 학습 후 자극별 출력 (선택 이전의 원 신호) ===
  자극 A → 정답 L | out_L=  15  out_R=  36  차이   -21 | KC 96개
  자극 B → 정답 R | out_L=  24  out_R=  38  차이   -14 | KC 93개

=== 가중치 구조 (A전용 KC 68개, B전용 KC 65개) ===
  A전용 KC → out_L 평균 0.5042 | out_R 평균 0.4968 | 차이 +0.0074 (정답은 out_L) **정답쪽 우세**
  B전용 KC → out_L 평균 0.4969 | out_R 평균 0.5183 | 차이 -0.0214 (정답은 out_R) **정답쪽 우세**

=== 가중치 변화 ===
  kc_out_l: n=7949 |Δ|평균 0.00091 변화율  36.8% | 평균 0.500→0.500 | std 0.0000→0.0019
  kc_out_r: n=8076 |Δ|평균 0.00304 변화율  39.4% | 평균 0.500→0.502 | std 0.0000→0.0062

=== 요약 (mode=learn seed=11) ===
  첫 구간 nan% → 마지막 구간 nan% | 변화 +nan%p | 보상률 42.0%
=> MINCIRC mode=learn seed=11 first=nan last=nan delta=+nan reward=42.0 **eval=48.0** tie=0 trialseed=600
