[사례] A 훈련 8개(d=0.20): 활성 30~30, 원형겹침 24~24, 타원형겹침 4~9
[사례] A 평가 d=0.10 20개: 활성 30~30, 원형겹침 27~27, 타원형겹침 5~9
[사례] A 평가 d=0.20 20개: 활성 30~30, 원형겹침 24~24, 타원형겹침 3~10
[사례] A 평가 d=0.30 20개: 활성 30~30, 원형겹침 21~21, 타원형겹침 5~12
[사례] A 평가 d=0.40 20개: 활성 30~30, 원형겹침 18~18, 타원형겹침 5~11
[사례] B 훈련 8개(d=0.20): 활성 30~30, 원형겹침 24~24, 타원형겹침 5~8
[사례] B 평가 d=0.10 20개: 활성 30~30, 원형겹침 27~27, 타원형겹침 4~9
[사례] B 평가 d=0.20 20개: 활성 30~30, 원형겹침 24~24, 타원형겹침 4~9
[사례] B 평가 d=0.30 20개: 활성 30~30, 원형겹침 21~21, 타원형겹침 5~10
[사례] B 평가 d=0.40 20개: 활성 30~30, 원형겹침 18~18, 타원형겹침 5~12
[사례] 전체 176개, 서로 다른 집합 176개, 원형과 같은 것 0개(0이어야 함)
make: Entering directory '/root/e123_main_run/minimal_circuit_CODE'
make: Leaving directory '/root/e123_main_run/minimal_circuit_CODE'
=> EXGEN mode=learn seed=15 trialseed=600 proto=100.0 train=81.0 d0.10=84.0 d0.20=69.0 d0.30=79.0 d0.40=70.0 | ties train:0 d0.10:15 d0.20:1 d0.30:2 d0.40:5

=== 평가 (탐색 없음, 학습 없음, 무작위 순서 100시행) : 정답률 100.0% | 동점 0회 ===
   자극 A: 46/46 (100.0%)
   자극 B: 54/54 (100.0%)

=== 학습 후 자극별 출력 (선택 이전의 원 신호) ===
  자극 A → 정답 L | out_L=  24  out_R=  22  차이    +2 | KC 85개
  자극 B → 정답 R | out_L=  15  out_R=  40  차이   -25 | KC 102개

=== 가중치 구조 (A전용 KC 63개, B전용 KC 80개) ===
  A전용 KC → out_L 평균 0.5151 | out_R 평균 0.4996 | 차이 +0.0156 (정답은 out_L) **정답쪽 우세**
  B전용 KC → out_L 평균 0.4979 | out_R 평균 0.5186 | 차이 -0.0207 (정답은 out_R) **정답쪽 우세**

=== 가중치 변화 ===
  kc_out_l: n=7878 |Δ|평균 0.00247 변화율  43.5% | 평균 0.500→0.502 | std 0.0000→0.0052
  kc_out_r: n=8077 |Δ|평균 0.00336 변화율  42.4% | 평균 0.500→0.503 | std 0.0000→0.0066

=== 요약 (mode=learn seed=15) ===
  첫 구간 nan% → 마지막 구간 nan% | 변화 +nan%p | 보상률 60.0%
=> MINCIRC mode=learn seed=15 first=nan last=nan delta=+nan reward=60.0 **eval=100.0** tie=0 trialseed=600
