[사례] A 훈련 8개(d=0.20): 활성 30~30, 원형겹침 24~24, 타원형겹침 5~8
[사례] A 평가 d=0.10 20개: 활성 30~30, 원형겹침 27~27, 타원형겹침 5~8
[사례] A 평가 d=0.20 20개: 활성 30~30, 원형겹침 24~24, 타원형겹침 5~10
[사례] A 평가 d=0.30 20개: 활성 30~30, 원형겹침 21~21, 타원형겹침 3~10
[사례] A 평가 d=0.40 20개: 활성 30~30, 원형겹침 18~18, 타원형겹침 4~11
[사례] B 훈련 8개(d=0.20): 활성 30~30, 원형겹침 24~24, 타원형겹침 6~8
[사례] B 평가 d=0.10 20개: 활성 30~30, 원형겹침 27~27, 타원형겹침 5~9
[사례] B 평가 d=0.20 20개: 활성 30~30, 원형겹침 24~24, 타원형겹침 6~10
[사례] B 평가 d=0.30 20개: 활성 30~30, 원형겹침 21~21, 타원형겹침 5~11
[사례] B 평가 d=0.40 20개: 활성 30~30, 원형겹침 18~18, 타원형겹침 3~12
[사례] 전체 176개, 서로 다른 집합 176개, 원형과 같은 것 0개(0이어야 함)
make: Entering directory '/root/e123_main_run/minimal_circuit_CODE'
make: Nothing to be done for 'all'.
make: Leaving directory '/root/e123_main_run/minimal_circuit_CODE'
=> EXGEN mode=learn seed=12 trialseed=601 proto=59.0 train=63.0 d0.10=74.0 d0.20=73.0 d0.30=67.0 d0.40=58.0 | ties train:4 d0.10:0 d0.20:2 d0.30:7 d0.40:1

=== 평가 (탐색 없음, 학습 없음, 무작위 순서 100시행) : 정답률 59.0% | 동점 0회 ===
   자극 A: 0/41 (0.0%)
   자극 B: 59/59 (100.0%)

=== 학습 후 자극별 출력 (선택 이전의 원 신호) ===
  자극 A → 정답 L | out_L=  39  out_R=  40  차이    -1 | KC 101개
  자극 B → 정답 R | out_L=  15  out_R=  21  차이    -6 | KC 90개

=== 가중치 구조 (A전용 KC 78개, B전용 KC 67개) ===
  A전용 KC → out_L 평균 0.5296 | out_R 평균 0.4986 | 차이 +0.0311 (정답은 out_L) **정답쪽 우세**
  B전용 KC → out_L 평균 0.4953 | out_R 평균 0.5310 | 차이 -0.0358 (정답은 out_R) **정답쪽 우세**

=== 가중치 변화 ===
  kc_out_l: n=8125 |Δ|평균 0.00496 변화율  39.8% | 평균 0.500→0.504 | std 0.0000→0.0105
  kc_out_r: n=8003 |Δ|평균 0.00493 변화율  40.0% | 평균 0.500→0.504 | std 0.0000→0.0106

=== 요약 (mode=learn seed=12) ===
  첫 구간 nan% → 마지막 구간 nan% | 변화 +nan%p | 보상률 56.0%
=> MINCIRC mode=learn seed=12 first=nan last=nan delta=+nan reward=56.0 **eval=59.0** tie=0 trialseed=601
