[사례] A 훈련 8개(d=0.20): 활성 30~30, 원형겹침 24~24, 타원형겹침 5~9
[사례] A 평가 d=0.10 20개: 활성 30~30, 원형겹침 27~27, 타원형겹침 3~8
[사례] A 평가 d=0.20 20개: 활성 30~30, 원형겹침 24~24, 타원형겹침 4~9
[사례] A 평가 d=0.30 20개: 활성 30~30, 원형겹침 21~21, 타원형겹침 5~10
[사례] A 평가 d=0.40 20개: 활성 30~30, 원형겹침 18~18, 타원형겹침 3~11
[사례] B 훈련 8개(d=0.20): 활성 30~30, 원형겹침 24~24, 타원형겹침 5~10
[사례] B 평가 d=0.10 20개: 활성 30~30, 원형겹침 27~27, 타원형겹침 4~8
[사례] B 평가 d=0.20 20개: 활성 30~30, 원형겹침 24~24, 타원형겹침 4~9
[사례] B 평가 d=0.30 20개: 활성 30~30, 원형겹침 21~21, 타원형겹침 6~12
[사례] B 평가 d=0.40 20개: 활성 30~30, 원형겹침 18~18, 타원형겹침 5~11
[사례] 전체 176개, 서로 다른 집합 176개, 원형과 같은 것 0개(0이어야 함)
make: Entering directory '/root/e123_main_run/minimal_circuit_CODE'
make: Nothing to be done for 'all'.
make: Leaving directory '/root/e123_main_run/minimal_circuit_CODE'
=> EXGEN mode=learn seed=10 trialseed=601 proto=56.0 train=38.0 d0.10=52.0 d0.20=50.0 d0.30=61.0 d0.40=65.0 | ties train:4 d0.10:3 d0.20:4 d0.30:0 d0.40:0

=== 평가 (탐색 없음, 학습 없음, 무작위 순서 100시행) : 정답률 56.0% | 동점 0회 ===
   자극 A: 0/44 (0.0%)
   자극 B: 56/56 (100.0%)

=== 학습 후 자극별 출력 (선택 이전의 원 신호) ===
  자극 A → 정답 L | out_L=  33  out_R=  36  차이    -3 | KC 98개
  자극 B → 정답 R | out_L=  27  out_R=  28  차이    -1 | KC 114개

=== 가중치 구조 (A전용 KC 65개, B전용 KC 81개) ===
  A전용 KC → out_L 평균 0.5140 | out_R 평균 0.4985 | 차이 +0.0155 (정답은 out_L) **정답쪽 우세**
  B전용 KC → out_L 평균 0.4965 | out_R 평균 0.5117 | 차이 -0.0151 (정답은 out_R) **정답쪽 우세**

=== 가중치 변화 ===
  kc_out_l: n=7952 |Δ|평균 0.00256 변화율  41.8% | 평균 0.500→0.502 | std 0.0000→0.0050
  kc_out_r: n=7999 |Δ|평균 0.00236 변화율  41.3% | 평균 0.500→0.502 | std 0.0000→0.0047

=== 요약 (mode=learn seed=10) ===
  첫 구간 nan% → 마지막 구간 nan% | 변화 +nan%p | 보상률 50.0%
=> MINCIRC mode=learn seed=10 first=nan last=nan delta=+nan reward=50.0 **eval=56.0** tie=0 trialseed=601
