[관계] 항목 8개(훈련 4, 새 4), 반쪽 50 중 활성 15, 항목 간 겹침 1~7(평균 4.3), 새↔훈련 겹침 1~7, 패턴 64개(S 8, D 56)
make: Entering directory '/root/e131_main_run/minimal_circuit_CODE'
make: Leaving directory '/root/e131_main_run/minimal_circuit_CODE'
[KC발달] env=corr rounds=1000 exposures=200 theta=0.15 items=20 | 일치형 같은 위치 217/400 | 불일치형 같은 위치 212/400 | (호스트 계산 0.542/0.530)
  시행    1~ 400: 정답률  53.0%
  시행  401~ 800: 정답률  69.8%
=> SDGEN mode=learn seed=25 trialseed=600 train_same=100.0 train_diff=100.0 train_bal=100.0 novel_same=100.0 novel_diff=41.8 novel_bal=70.9 | ties train:0 novel:0 | n_same/diff train 51/49 novel 45/55
=> SDLAB diff=cyclic rule=samediff mode=learn seed=25 trialseed=600 train_accL=100.0 train_accR=100.0 train_lbal=100.0 novel_accL=100.0 novel_accR=41.8 novel_lbal=70.9

=== 평가 (탐색 없음, 학습 없음, 무작위 순서 100시행) : 정답률 77.0% | 동점 55회 ===
   자극 A: 32/55 (58.2%)
   자극 B: 45/45 (100.0%)

=== 학습 후 자극별 출력 (선택 이전의 원 신호) ===
  자극 A → 정답 L | out_L=  18  out_R=  18  차이    +0 | KC 132개
  자극 B → 정답 R | out_L=  15  out_R=  32  차이   -17 | KC 106개

=== 가중치 구조 (A전용 KC 125개, B전용 KC 99개) ===
  A전용 KC → out_L 평균 0.5521 | out_R 평균 0.5643 | 차이 -0.0122 (정답은 out_L) **반대**
  B전용 KC → out_L 평균 0.5417 | out_R 평균 0.5618 | 차이 -0.0200 (정답은 out_R) **정답쪽 우세**

=== 가중치 변화 ===
  kc_out_l: n=8013 |Δ|평균 0.05636 변화율  69.2% | 평균 0.500→0.551 | std 0.0000→0.0687
  kc_out_r: n=8073 |Δ|평균 0.05821 변화율  69.7% | 평균 0.500→0.546 | std 0.0000→0.0687

=== 요약 (mode=learn seed=25) ===
  첫 구간 53.0% → 마지막 구간 69.8% | 변화 +16.8%p | 보상률 61.4%
=> MINCIRC mode=learn seed=25 first=53.0 last=69.8 delta=+16.8 reward=61.4 **eval=77.0** tie=55 trialseed=600
