[관계] 항목 8개(훈련 4, 새 4), 반쪽 50 중 활성 15, 항목 간 겹침 3~8(평균 4.4), 새↔훈련 겹침 3~8, 패턴 64개(S 8, D 56)
make: Entering directory '/root/e131_main_run/minimal_circuit_CODE'
make: Leaving directory '/root/e131_main_run/minimal_circuit_CODE'
[KC발달] env=corr rounds=1000 exposures=200 theta=0.15 items=20 | 일치형 같은 위치 238/400 | 불일치형 같은 위치 244/400 | (호스트 계산 0.595/0.610)
  시행    1~ 400: 정답률  49.5%
  시행  401~ 800: 정답률  65.8%
=> SDGEN mode=learn seed=24 trialseed=600 train_same=100.0 train_diff=86.3 train_bal=93.1 novel_same=100.0 novel_diff=63.8 novel_bal=81.9 | ties train:11 novel:3 | n_same/diff train 49/51 novel 42/58
=> SDLAB diff=cyclic rule=samediff mode=learn seed=24 trialseed=600 train_accL=100.0 train_accR=86.3 train_lbal=93.1 novel_accL=100.0 novel_accR=63.8 novel_lbal=81.9

=== 평가 (탐색 없음, 학습 없음, 무작위 순서 100시행) : 정답률 100.0% | 동점 0회 ===
   자극 A: 62/62 (100.0%)
   자극 B: 38/38 (100.0%)

=== 학습 후 자극별 출력 (선택 이전의 원 신호) ===
  자극 A → 정답 L | out_L=  41  out_R=  28  차이   +13 | KC 123개
  자극 B → 정답 R | out_L=  31  out_R=  38  차이    -7 | KC 118개

=== 가중치 구조 (A전용 KC 114개, B전용 KC 109개) ===
  A전용 KC → out_L 평균 0.5310 | out_R 평균 0.5611 | 차이 -0.0301 (정답은 out_L) **반대**
  B전용 KC → out_L 평균 0.5047 | out_R 평균 0.5465 | 차이 -0.0418 (정답은 out_R) **정답쪽 우세**

=== 가중치 변화 ===
  kc_out_l: n=8023 |Δ|평균 0.06184 변화율  73.1% | 평균 0.500→0.549 | std 0.0000→0.0787
  kc_out_r: n=8019 |Δ|평균 0.04977 변화율  72.8% | 평균 0.500→0.539 | std 0.0000→0.0570

=== 요약 (mode=learn seed=24) ===
  첫 구간 49.5% → 마지막 구간 65.8% | 변화 +16.2%p | 보상률 57.6%
=> MINCIRC mode=learn seed=24 first=49.5 last=65.8 delta=+16.2 reward=57.6 **eval=100.0** tie=0 trialseed=600
