[관계] 항목 8개(훈련 4, 새 4), 반쪽 50 중 활성 15, 항목 간 겹침 1~9(평균 4.6), 새↔훈련 겹침 1~9, 패턴 64개(S 8, D 56)
make: Entering directory '/root/e131_main_run/minimal_circuit_CODE'
make: Leaving directory '/root/e131_main_run/minimal_circuit_CODE'
[KC발달] env=corr rounds=1000 exposures=200 theta=0.15 items=20 | 일치형 같은 위치 191/400 | 불일치형 같은 위치 190/400 | (호스트 계산 0.477/0.475)
  시행    1~ 400: 정답률  54.8%
  시행  401~ 800: 정답률  64.8%
=> SDGEN mode=learn seed=21 trialseed=600 train_same=72.3 train_diff=100.0 train_bal=86.2 novel_same=100.0 novel_diff=96.1 novel_bal=98.0 | ties train:0 novel:0 | n_same/diff train 47/53 novel 49/51
=> SDLAB diff=cyclic rule=samediff mode=learn seed=21 trialseed=600 train_accL=72.3 train_accR=100.0 train_lbal=86.2 novel_accL=100.0 novel_accR=96.1 novel_lbal=98.0

=== 평가 (탐색 없음, 학습 없음, 무작위 순서 100시행) : 정답률 49.0% | 동점 0회 ===
   자극 A: 0/51 (0.0%)
   자극 B: 49/49 (100.0%)

=== 학습 후 자극별 출력 (선택 이전의 원 신호) ===
  자극 A → 정답 L | out_L=   4  out_R=  41  차이   -37 | KC 139개
  자극 B → 정답 R | out_L=  32  out_R=  45  차이   -13 | KC 116개

=== 가중치 구조 (A전용 KC 119개, B전용 KC 96개) ===
  A전용 KC → out_L 평균 0.5156 | out_R 평균 0.5668 | 차이 -0.0512 (정답은 out_L) **반대**
  B전용 KC → out_L 평균 0.5306 | out_R 평균 0.5534 | 차이 -0.0227 (정답은 out_R) **정답쪽 우세**

=== 가중치 변화 ===
  kc_out_l: n=7889 |Δ|평균 0.04748 변화율  67.8% | 평균 0.500→0.541 | std 0.0000→0.0619
  kc_out_r: n=7889 |Δ|평균 0.05579 변화율  68.7% | 평균 0.500→0.547 | std 0.0000→0.0604

=== 요약 (mode=learn seed=21) ===
  첫 구간 54.8% → 마지막 구간 64.8% | 변화 +10.0%p | 보상률 59.8%
=> MINCIRC mode=learn seed=21 first=54.8 last=64.8 delta=+10.0 reward=59.8 **eval=49.0** tie=0 trialseed=600
