[관계] 항목 8개(훈련 4, 새 4), 반쪽 50 중 활성 15, 항목 간 겹침 3~8(평균 4.4), 새↔훈련 겹침 3~8, 패턴 64개(S 8, D 56)
make: Entering directory '/root/e131_main_run/minimal_circuit_CODE'
make: Leaving directory '/root/e131_main_run/minimal_circuit_CODE'
[KC발달] env=corr rounds=1000 exposures=200 theta=0.15 items=20 | 일치형 같은 위치 238/400 | 불일치형 같은 위치 244/400 | (호스트 계산 0.595/0.610)
  시행    1~ 400: 정답률  43.2%
  시행  401~ 800: 정답률  44.8%
=> SDGEN mode=frozen seed=24 trialseed=600 train_same=24.5 train_diff=53.2 train_bal=38.9 novel_same=64.1 novel_diff=32.8 novel_bal=48.4 | ties train:0 novel:0 | n_same/diff train 53/47 novel 39/61
=> SDLAB diff=cyclic rule=samediff mode=frozen seed=24 trialseed=600 train_accL=24.5 train_accR=53.2 train_lbal=38.9 novel_accL=64.1 novel_accR=32.8 novel_lbal=48.4

=== 평가 (탐색 없음, 학습 없음, 무작위 순서 100시행) : 정답률 62.0% | 동점 0회 ===
   자극 A: 62/62 (100.0%)
   자극 B: 0/38 (0.0%)

=== 학습 후 자극별 출력 (선택 이전의 원 신호) ===
  자극 A → 정답 L | out_L=  44  out_R=  40  차이    +4 | KC 123개
  자극 B → 정답 R | out_L=  44  out_R=  33  차이   +11 | KC 118개

=== 가중치 구조 (A전용 KC 114개, B전용 KC 109개) ===
  A전용 KC → out_L 평균 0.5000 | out_R 평균 0.5000 | 차이 +0.0000 (정답은 out_L) **반대**
  B전용 KC → out_L 평균 0.5000 | out_R 평균 0.5000 | 차이 +0.0000 (정답은 out_R) **정답쪽 우세**

=== 가중치 변화 ===
  kc_out_l: n=8023 |Δ|평균 0.00000 변화율   0.0% | 평균 0.500→0.500 | std 0.0000→0.0000
  kc_out_r: n=8019 |Δ|평균 0.00000 변화율   0.0% | 평균 0.500→0.500 | std 0.0000→0.0000

=== 요약 (mode=frozen seed=24) ===
  첫 구간 43.2% → 마지막 구간 44.8% | 변화 +1.5%p | 보상률 0.0%
=> MINCIRC mode=frozen seed=24 first=43.2 last=44.8 delta=+1.5 reward=0.0 **eval=62.0** tie=0 trialseed=600
