[관계] 항목 8개(훈련 4, 새 4), 반쪽 50 중 활성 15, 항목 간 겹침 1~9(평균 4.6), 새↔훈련 겹침 1~9, 패턴 64개(S 8, D 56)
make: Entering directory '/root/e131_main_run/minimal_circuit_CODE'
make: Nothing to be done for 'all'.
make: Leaving directory '/root/e131_main_run/minimal_circuit_CODE'
[KC발달] env=corr rounds=1000 exposures=200 theta=0.15 items=20 | 일치형 같은 위치 191/400 | 불일치형 같은 위치 190/400 | (호스트 계산 0.477/0.475)
  시행    1~ 400: 정답률  49.0%
  시행  401~ 800: 정답률  62.7%
=> SDGEN mode=learn seed=21 trialseed=601 train_same=34.0 train_diff=100.0 train_bal=67.0 novel_same=55.1 novel_diff=100.0 novel_bal=77.6 | ties train:0 novel:0 | n_same/diff train 47/53 novel 49/51
=> SDLAB diff=cyclic rule=samediff mode=learn seed=21 trialseed=601 train_accL=34.0 train_accR=100.0 train_lbal=67.0 novel_accL=55.1 novel_accR=100.0 novel_lbal=77.6

=== 평가 (탐색 없음, 학습 없음, 무작위 순서 100시행) : 정답률 49.0% | 동점 0회 ===
   자극 A: 0/51 (0.0%)
   자극 B: 49/49 (100.0%)

=== 학습 후 자극별 출력 (선택 이전의 원 신호) ===
  자극 A → 정답 L | out_L=   3  out_R=  53  차이   -50 | KC 139개
  자극 B → 정답 R | out_L=  31  out_R=  45  차이   -14 | KC 116개

=== 가중치 구조 (A전용 KC 119개, B전용 KC 96개) ===
  A전용 KC → out_L 평균 0.5082 | out_R 평균 0.5683 | 차이 -0.0601 (정답은 out_L) **반대**
  B전용 KC → out_L 평균 0.5211 | out_R 평균 0.5577 | 차이 -0.0365 (정답은 out_R) **정답쪽 우세**

=== 가중치 변화 ===
  kc_out_l: n=7889 |Δ|평균 0.03729 변화율  67.8% | 평균 0.500→0.530 | std 0.0000→0.0494
  kc_out_r: n=7889 |Δ|평균 0.05927 변화율  68.7% | 평균 0.500→0.549 | std 0.0000→0.0641

=== 요약 (mode=learn seed=21) ===
  첫 구간 49.0% → 마지막 구간 62.7% | 변화 +13.7%p | 보상률 55.9%
=> MINCIRC mode=learn seed=21 first=49.0 last=62.7 delta=+13.7 reward=55.9 **eval=49.0** tie=0 trialseed=601
