[관계] 항목 8개(훈련 4, 새 4), 반쪽 50 중 활성 15, 항목 간 겹침 3~9(평균 5.2), 새↔훈련 겹침 4~9, 패턴 64개(S 8, D 56)
make: Entering directory '/root/e131_main_run/minimal_circuit_CODE'
make: Leaving directory '/root/e131_main_run/minimal_circuit_CODE'
[KC발달] env=corr rounds=1000 exposures=200 theta=0.15 items=20 | 일치형 같은 위치 172/400 | 불일치형 같은 위치 182/400 | (호스트 계산 0.430/0.455)
  시행    1~ 400: 정답률  48.0%
  시행  401~ 800: 정답률  45.8%
=> SDGEN mode=frozen seed=27 trialseed=600 train_same=6.0 train_diff=72.0 train_bal=39.0 novel_same=83.0 novel_diff=43.4 novel_bal=63.2 | ties train:9 novel:0 | n_same/diff train 50/50 novel 47/53
=> SDLAB diff=cyclic rule=samediff mode=frozen seed=27 trialseed=600 train_accL=6.0 train_accR=72.0 train_lbal=39.0 novel_accL=83.0 novel_accR=43.4 novel_lbal=63.2

=== 평가 (탐색 없음, 학습 없음, 무작위 순서 100시행) : 정답률 0.0% | 동점 0회 ===
   자극 A: 0/44 (0.0%)
   자극 B: 0/56 (0.0%)

=== 학습 후 자극별 출력 (선택 이전의 원 신호) ===
  자극 A → 정답 L | out_L=  29  out_R=  42  차이   -13 | KC 112개
  자극 B → 정답 R | out_L=  33  out_R=  31  차이    +2 | KC 105개

=== 가중치 구조 (A전용 KC 102개, B전용 KC 95개) ===
  A전용 KC → out_L 평균 0.5000 | out_R 평균 0.5000 | 차이 +0.0000 (정답은 out_L) **반대**
  B전용 KC → out_L 평균 0.5000 | out_R 평균 0.5000 | 차이 +0.0000 (정답은 out_R) **정답쪽 우세**

=== 가중치 변화 ===
  kc_out_l: n=7995 |Δ|평균 0.00000 변화율   0.0% | 평균 0.500→0.500 | std 0.0000→0.0000
  kc_out_r: n=8131 |Δ|평균 0.00000 변화율   0.0% | 평균 0.500→0.500 | std 0.0000→0.0000

=== 요약 (mode=frozen seed=27) ===
  첫 구간 48.0% → 마지막 구간 45.8% | 변화 -2.2%p | 보상률 0.0%
=> MINCIRC mode=frozen seed=27 first=48.0 last=45.8 delta=-2.2 reward=0.0 **eval=0.0** tie=0 trialseed=600
