[관계] 항목 8개(훈련 4, 새 4), 반쪽 50 중 활성 15, 항목 간 겹침 2~9(평균 4.6), 새↔훈련 겹침 2~6, 패턴 64개(S 8, D 56)
make: Entering directory '/root/e131_main_run/minimal_circuit_CODE'
make: Nothing to be done for 'all'.
make: Leaving directory '/root/e131_main_run/minimal_circuit_CODE'
[KC발달] env=corr rounds=1000 exposures=200 theta=0.15 items=20 | 일치형 같은 위치 251/400 | 불일치형 같은 위치 219/400 | (호스트 계산 0.627/0.547)
  시행    1~ 400: 정답률  49.2%
  시행  401~ 800: 정답률  54.0%
=> SDGEN mode=learn seed=26 trialseed=601 train_same=100.0 train_diff=24.5 train_bal=62.3 novel_same=100.0 novel_diff=8.9 novel_bal=54.5 | ties train:0 novel:0 | n_same/diff train 47/53 novel 44/56
=> SDLAB diff=cyclic rule=samediff mode=learn seed=26 trialseed=601 train_accL=100.0 train_accR=24.5 train_lbal=62.3 novel_accL=100.0 novel_accR=8.9 novel_lbal=54.5

=== 평가 (탐색 없음, 학습 없음, 무작위 순서 100시행) : 정답률 48.0% | 동점 0회 ===
   자극 A: 48/48 (100.0%)
   자극 B: 0/52 (0.0%)

=== 학습 후 자극별 출력 (선택 이전의 원 신호) ===
  자극 A → 정답 L | out_L=  20  out_R=   9  차이   +11 | KC 131개
  자극 B → 정답 R | out_L=  46  out_R=  42  차이    +4 | KC 114개

=== 가중치 구조 (A전용 KC 118개, B전용 KC 101개) ===
  A전용 KC → out_L 평균 0.5627 | out_R 평균 0.5325 | 차이 +0.0302 (정답은 out_L) **정답쪽 우세**
  B전용 KC → out_L 평균 0.5132 | out_R 평균 0.5368 | 차이 -0.0236 (정답은 out_R) **정답쪽 우세**

=== 가중치 변화 ===
  kc_out_l: n=8121 |Δ|평균 0.05894 변화율  64.0% | 평균 0.500→0.544 | std 0.0000→0.0770
  kc_out_r: n=8058 |Δ|평균 0.03090 변화율  64.2% | 평균 0.500→0.527 | std 0.0000→0.0413

=== 요약 (mode=learn seed=26) ===
  첫 구간 49.2% → 마지막 구간 54.0% | 변화 +4.8%p | 보상률 51.6%
=> MINCIRC mode=learn seed=26 first=49.2 last=54.0 delta=+4.8 reward=51.6 **eval=48.0** tie=0 trialseed=601
