[관계] 항목 8개(훈련 4, 새 4), 반쪽 50 중 활성 15, 항목 간 겹침 1~9(평균 4.6), 새↔훈련 겹침 1~9, 패턴 64개(S 8, D 56)
make: Entering directory '/root/e131_main_run/minimal_circuit_CODE'
make: Leaving directory '/root/e131_main_run/minimal_circuit_CODE'
[KC발달] env=corr rounds=1000 exposures=200 theta=0.15 items=20 | 일치형 같은 위치 191/400 | 불일치형 같은 위치 190/400 | (호스트 계산 0.477/0.475)
  시행    1~ 400: 정답률  49.5%
  시행  401~ 800: 정답률  50.2%
=> SDGEN mode=frozen seed=21 trialseed=600 train_same=17.0 train_diff=69.8 train_bal=43.4 novel_same=100.0 novel_diff=84.3 novel_bal=92.2 | ties train:0 novel:3 | n_same/diff train 47/53 novel 49/51
=> SDLAB diff=cyclic rule=samediff mode=frozen seed=21 trialseed=600 train_accL=17.0 train_accR=69.8 train_lbal=43.4 novel_accL=100.0 novel_accR=84.3 novel_lbal=92.2

=== 평가 (탐색 없음, 학습 없음, 무작위 순서 100시행) : 정답률 49.0% | 동점 0회 ===
   자극 A: 0/51 (0.0%)
   자극 B: 49/49 (100.0%)

=== 학습 후 자극별 출력 (선택 이전의 원 신호) ===
  자극 A → 정답 L | out_L=  26  out_R=  34  차이    -8 | KC 139개
  자극 B → 정답 R | out_L=  28  out_R=  38  차이   -10 | KC 116개

=== 가중치 구조 (A전용 KC 119개, B전용 KC 96개) ===
  A전용 KC → out_L 평균 0.5000 | out_R 평균 0.5000 | 차이 +0.0000 (정답은 out_L) **반대**
  B전용 KC → out_L 평균 0.5000 | out_R 평균 0.5000 | 차이 +0.0000 (정답은 out_R) **정답쪽 우세**

=== 가중치 변화 ===
  kc_out_l: n=7889 |Δ|평균 0.00000 변화율   0.0% | 평균 0.500→0.500 | std 0.0000→0.0000
  kc_out_r: n=7889 |Δ|평균 0.00000 변화율   0.0% | 평균 0.500→0.500 | std 0.0000→0.0000

=== 요약 (mode=frozen seed=21) ===
  첫 구간 49.5% → 마지막 구간 50.2% | 변화 +0.7%p | 보상률 0.0%
=> MINCIRC mode=frozen seed=21 first=49.5 last=50.2 delta=+0.7 reward=0.0 **eval=49.0** tie=0 trialseed=600
