[관계] 항목 8개(훈련 4, 새 4), 반쪽 50 중 활성 15, 항목 간 겹침 1~7(평균 4.5), 새↔훈련 겹침 1~7, 패턴 64개(S 8, D 56)
make: Entering directory '/root/e131_main_run/minimal_circuit_CODE'
make: Nothing to be done for 'all'.
make: Leaving directory '/root/e131_main_run/minimal_circuit_CODE'
[KC발달] env=corr rounds=1000 exposures=200 theta=0.15 items=20 | 일치형 같은 위치 337/400 | 불일치형 같은 위치 340/400 | (호스트 계산 0.843/0.850)
  시행    1~ 400: 정답률  48.2%
  시행  401~ 800: 정답률  54.0%
=> SDGEN mode=learn seed=22 trialseed=601 train_same=100.0 train_diff=18.8 train_bal=59.4 novel_same=100.0 novel_diff=50.0 novel_bal=75.0 | ties train:0 novel:0 | n_same/diff train 52/48 novel 60/40
=> SDLAB diff=cyclic rule=samediff mode=learn seed=22 trialseed=601 train_accL=100.0 train_accR=18.8 train_lbal=59.4 novel_accL=100.0 novel_accR=50.0 novel_lbal=75.0

=== 평가 (탐색 없음, 학습 없음, 무작위 순서 100시행) : 정답률 0.0% | 동점 0회 ===
   자극 A: 0/52 (0.0%)
   자극 B: 0/48 (0.0%)

=== 학습 후 자극별 출력 (선택 이전의 원 신호) ===
  자극 A → 정답 L | out_L=   8  out_R=  30  차이   -22 | KC 134개
  자극 B → 정답 R | out_L=  29  out_R=  10  차이   +19 | KC 130개

=== 가중치 구조 (A전용 KC 118개, B전용 KC 114개) ===
  A전용 KC → out_L 평균 0.5210 | out_R 평균 0.5303 | 차이 -0.0093 (정답은 out_L) **반대**
  B전용 KC → out_L 평균 0.5563 | out_R 평균 0.5281 | 차이 +0.0282 (정답은 out_R) **반대**

=== 가중치 변화 ===
  kc_out_l: n=8103 |Δ|평균 0.06516 변화율  71.4% | 평균 0.500→0.542 | std 0.0000→0.0850
  kc_out_r: n=7937 |Δ|평균 0.03103 변화율  71.2% | 평균 0.500→0.526 | std 0.0000→0.0388

=== 요약 (mode=learn seed=22) ===
  첫 구간 48.2% → 마지막 구간 54.0% | 변화 +5.8%p | 보상률 51.1%
=> MINCIRC mode=learn seed=22 first=48.2 last=54.0 delta=+5.8 reward=51.1 **eval=0.0** tie=0 trialseed=601
