[관계] 항목 8개(훈련 4, 새 4), 반쪽 50 중 활성 15, 항목 간 겹침 3~9(평균 5.2), 새↔훈련 겹침 4~9, 패턴 64개(S 8, D 56)
make: Entering directory '/root/e131_main_run/minimal_circuit_CODE'
make: Leaving directory '/root/e131_main_run/minimal_circuit_CODE'
[KC발달] env=corr rounds=1000 exposures=200 theta=0.15 items=20 | 일치형 같은 위치 172/400 | 불일치형 같은 위치 182/400 | (호스트 계산 0.430/0.455)
  시행    1~ 400: 정답률  49.8%
  시행  401~ 800: 정답률  52.8%
=> SDGEN mode=learn seed=27 trialseed=600 train_same=17.3 train_diff=100.0 train_bal=58.7 novel_same=88.0 novel_diff=56.0 novel_bal=72.0 | ties train:0 novel:14 | n_same/diff train 52/48 novel 50/50
=> SDLAB diff=cyclic rule=samediff mode=learn seed=27 trialseed=600 train_accL=17.3 train_accR=100.0 train_lbal=58.7 novel_accL=88.0 novel_accR=56.0 novel_lbal=72.0

=== 평가 (탐색 없음, 학습 없음, 무작위 순서 100시행) : 정답률 56.0% | 동점 0회 ===
   자극 A: 0/44 (0.0%)
   자극 B: 56/56 (100.0%)

=== 학습 후 자극별 출력 (선택 이전의 원 신호) ===
  자극 A → 정답 L | out_L=  16  out_R=  48  차이   -32 | KC 112개
  자극 B → 정답 R | out_L=  26  out_R=  38  차이   -12 | KC 105개

=== 가중치 구조 (A전용 KC 102개, B전용 KC 95개) ===
  A전용 KC → out_L 평균 0.5296 | out_R 평균 0.5583 | 차이 -0.0287 (정답은 out_L) **반대**
  B전용 KC → out_L 평균 0.5147 | out_R 평균 0.5229 | 차이 -0.0082 (정답은 out_R) **정답쪽 우세**

=== 가중치 변화 ===
  kc_out_l: n=7995 |Δ|평균 0.03252 변화율  65.2% | 평균 0.500→0.525 | std 0.0000→0.0429
  kc_out_r: n=8131 |Δ|평균 0.05036 변화율  65.6% | 평균 0.500→0.539 | std 0.0000→0.0602

=== 요약 (mode=learn seed=27) ===
  첫 구간 49.8% → 마지막 구간 52.8% | 변화 +3.0%p | 보상률 51.2%
=> MINCIRC mode=learn seed=27 first=49.8 last=52.8 delta=+3.0 reward=51.2 **eval=56.0** tie=0 trialseed=600
