[관계] 항목 8개(훈련 4, 새 4), 반쪽 50 중 활성 15, 항목 간 겹침 2~7(평균 4.7), 새↔훈련 겹침 2~7, 패턴 64개(S 8, D 56)
make: Entering directory '/root/e131_main_run/minimal_circuit_CODE'
make: Leaving directory '/root/e131_main_run/minimal_circuit_CODE'
[KC발달] env=corr rounds=1000 exposures=200 theta=0.15 items=20 | 일치형 같은 위치 237/400 | 불일치형 같은 위치 239/400 | (호스트 계산 0.593/0.598)
  시행    1~ 400: 정답률  41.5%
  시행  401~ 800: 정답률  41.0%
=> SDGEN mode=frozen seed=20 trialseed=600 train_same=0.0 train_diff=55.3 train_bal=27.7 novel_same=19.5 novel_diff=27.1 novel_bal=23.3 | ties train:17 novel:2 | n_same/diff train 53/47 novel 41/59
=> SDLAB diff=cyclic rule=samediff mode=frozen seed=20 trialseed=600 train_accL=0.0 train_accR=55.3 train_lbal=27.7 novel_accL=19.5 novel_accR=27.1 novel_lbal=23.3

=== 평가 (탐색 없음, 학습 없음, 무작위 순서 100시행) : 정답률 42.0% | 동점 0회 ===
   자극 A: 42/42 (100.0%)
   자극 B: 0/58 (0.0%)

=== 학습 후 자극별 출력 (선택 이전의 원 신호) ===
  자극 A → 정답 L | out_L=  38  out_R=  27  차이   +11 | KC 114개
  자극 B → 정답 R | out_L=  21  out_R=  15  차이    +6 | KC 127개

=== 가중치 구조 (A전용 KC 100개, B전용 KC 113개) ===
  A전용 KC → out_L 평균 0.5000 | out_R 평균 0.5000 | 차이 +0.0000 (정답은 out_L) **반대**
  B전용 KC → out_L 평균 0.5000 | out_R 평균 0.5000 | 차이 +0.0000 (정답은 out_R) **정답쪽 우세**

=== 가중치 변화 ===
  kc_out_l: n=8020 |Δ|평균 0.00000 변화율   0.0% | 평균 0.500→0.500 | std 0.0000→0.0000
  kc_out_r: n=7994 |Δ|평균 0.00000 변화율   0.0% | 평균 0.500→0.500 | std 0.0000→0.0000

=== 요약 (mode=frozen seed=20) ===
  첫 구간 41.5% → 마지막 구간 41.0% | 변화 -0.5%p | 보상률 0.0%
=> MINCIRC mode=frozen seed=20 first=41.5 last=41.0 delta=-0.5 reward=0.0 **eval=42.0** tie=0 trialseed=600
