[관계] 항목 8개(훈련 4, 새 4), 반쪽 50 중 활성 15, 항목 간 겹침 2~9(평균 4.6), 새↔훈련 겹침 2~6, 패턴 64개(S 8, D 56)
make: Entering directory '/root/e131_main_run/minimal_circuit_CODE'
make: Leaving directory '/root/e131_main_run/minimal_circuit_CODE'
[KC발달] env=corr rounds=1000 exposures=200 theta=0.15 items=20 | 일치형 같은 위치 251/400 | 불일치형 같은 위치 219/400 | (호스트 계산 0.627/0.547)
  시행    1~ 400: 정답률  49.5%
  시행  401~ 800: 정답률  50.5%
=> SDGEN mode=frozen seed=26 trialseed=600 train_same=76.6 train_diff=24.5 train_bal=50.6 novel_same=18.2 novel_diff=14.3 novel_bal=16.2 | ties train:0 novel:7 | n_same/diff train 47/53 novel 44/56
=> SDLAB diff=cyclic rule=samediff mode=frozen seed=26 trialseed=600 train_accL=76.6 train_accR=24.5 train_lbal=50.6 novel_accL=18.2 novel_accR=14.3 novel_lbal=16.2

=== 평가 (탐색 없음, 학습 없음, 무작위 순서 100시행) : 정답률 48.0% | 동점 0회 ===
   자극 A: 48/48 (100.0%)
   자극 B: 0/52 (0.0%)

=== 학습 후 자극별 출력 (선택 이전의 원 신호) ===
  자극 A → 정답 L | out_L=  18  out_R=  11  차이    +7 | KC 131개
  자극 B → 정답 R | out_L=  43  out_R=  37  차이    +6 | KC 114개

=== 가중치 구조 (A전용 KC 118개, B전용 KC 101개) ===
  A전용 KC → out_L 평균 0.5000 | out_R 평균 0.5000 | 차이 +0.0000 (정답은 out_L) **반대**
  B전용 KC → out_L 평균 0.5000 | out_R 평균 0.5000 | 차이 +0.0000 (정답은 out_R) **정답쪽 우세**

=== 가중치 변화 ===
  kc_out_l: n=8121 |Δ|평균 0.00000 변화율   0.0% | 평균 0.500→0.500 | std 0.0000→0.0000
  kc_out_r: n=8058 |Δ|평균 0.00000 변화율   0.0% | 평균 0.500→0.500 | std 0.0000→0.0000

=== 요약 (mode=frozen seed=26) ===
  첫 구간 49.5% → 마지막 구간 50.5% | 변화 +1.0%p | 보상률 0.0%
=> MINCIRC mode=frozen seed=26 first=49.5 last=50.5 delta=+1.0 reward=0.0 **eval=48.0** tie=0 trialseed=600
