[관계] 항목 8개(훈련 4, 새 4), 반쪽 50 중 활성 15, 항목 간 겹침 3~9(평균 5.2), 새↔훈련 겹침 4~9, 패턴 64개(S 8, D 56)
make: Entering directory '/root/e131_main_run/minimal_circuit_CODE'
make: Nothing to be done for 'all'.
make: Leaving directory '/root/e131_main_run/minimal_circuit_CODE'
[KC발달] env=indep rounds=1000 exposures=200 theta=0.15 items=20 | 일치형 같은 위치 5/400 | 불일치형 같은 위치 14/400 | (호스트 계산 0.013/0.035)
  시행    1~ 400: 정답률  37.2%
  시행  401~ 800: 정답률  51.5%
=> SDGEN mode=learn seed=27 trialseed=601 train_same=0.0 train_diff=100.0 train_bal=50.0 novel_same=0.0 novel_diff=86.8 novel_bal=43.4 | ties train:0 novel:0 | n_same/diff train 52/48 novel 47/53
=> SDLAB diff=cyclic rule=samediff mode=learn seed=27 trialseed=601 train_accL=0.0 train_accR=100.0 train_lbal=50.0 novel_accL=0.0 novel_accR=86.8 novel_lbal=43.4

=== 평가 (탐색 없음, 학습 없음, 무작위 순서 100시행) : 정답률 56.0% | 동점 0회 ===
   자극 A: 0/44 (0.0%)
   자극 B: 56/56 (100.0%)

=== 학습 후 자극별 출력 (선택 이전의 원 신호) ===
  자극 A → 정답 L | out_L=  38  out_R=  42  차이    -4 | KC 114개
  자극 B → 정답 R | out_L=  14  out_R=  17  차이    -3 | KC 135개

=== 가중치 구조 (A전용 KC 104개, B전용 KC 125개) ===
  A전용 KC → out_L 평균 0.5102 | out_R 평균 0.5280 | 차이 -0.0178 (정답은 out_L) **반대**
  B전용 KC → out_L 평균 0.5050 | out_R 평균 0.5232 | 차이 -0.0182 (정답은 out_R) **정답쪽 우세**

=== 가중치 변화 ===
  kc_out_l: n=7995 |Δ|평균 0.01603 변화율  55.4% | 평균 0.500→0.511 | std 0.0000→0.0220
  kc_out_r: n=8131 |Δ|평균 0.04388 변화율  55.5% | 평균 0.500→0.535 | std 0.0000→0.0576

=== 요약 (mode=learn seed=27) ===
  첫 구간 37.2% → 마지막 구간 51.5% | 변화 +14.2%p | 보상률 44.4%
=> MINCIRC mode=learn seed=27 first=37.2 last=51.5 delta=+14.2 reward=44.4 **eval=56.0** tie=0 trialseed=601
