[관계] 항목 8개(훈련 4, 새 4), 반쪽 50 중 활성 15, 항목 간 겹침 1~7(평균 4.5), 새↔훈련 겹침 1~7, 패턴 64개(S 8, D 56)
make: Entering directory '/root/e131_main_run/minimal_circuit_CODE'
make: Nothing to be done for 'all'.
make: Leaving directory '/root/e131_main_run/minimal_circuit_CODE'
[KC발달] env=indep rounds=1000 exposures=200 theta=0.15 items=20 | 일치형 같은 위치 17/400 | 불일치형 같은 위치 8/400 | (호스트 계산 0.043/0.020)
  시행    1~ 400: 정답률  49.0%
  시행  401~ 800: 정답률  55.0%
=> SDGEN mode=learn seed=22 trialseed=601 train_same=78.8 train_diff=100.0 train_bal=89.4 novel_same=64.4 novel_diff=34.1 novel_bal=49.3 | ties train:0 novel:7 | n_same/diff train 52/48 novel 59/41
=> SDLAB diff=cyclic rule=samediff mode=learn seed=22 trialseed=601 train_accL=78.8 train_accR=100.0 train_lbal=89.4 novel_accL=64.4 novel_accR=34.1 novel_lbal=49.3

=== 평가 (탐색 없음, 학습 없음, 무작위 순서 100시행) : 정답률 0.0% | 동점 0회 ===
   자극 A: 0/52 (0.0%)
   자극 B: 0/48 (0.0%)

=== 학습 후 자극별 출력 (선택 이전의 원 신호) ===
  자극 A → 정답 L | out_L=   8  out_R=  48  차이   -40 | KC 124개
  자극 B → 정답 R | out_L=  16  out_R=  13  차이    +3 | KC 126개

=== 가중치 구조 (A전용 KC 111개, B전용 KC 113개) ===
  A전용 KC → out_L 평균 0.5218 | out_R 평균 0.5381 | 차이 -0.0163 (정답은 out_L) **반대**
  B전용 KC → out_L 평균 0.5594 | out_R 평균 0.5617 | 차이 -0.0023 (정답은 out_R) **정답쪽 우세**

=== 가중치 변화 ===
  kc_out_l: n=8103 |Δ|평균 0.03798 변화율  58.1% | 평균 0.500→0.533 | std 0.0000→0.0496
  kc_out_r: n=7937 |Δ|평균 0.04570 변화율  57.5% | 평균 0.500→0.539 | std 0.0000→0.0573

=== 요약 (mode=learn seed=22) ===
  첫 구간 49.0% → 마지막 구간 55.0% | 변화 +6.0%p | 보상률 52.0%
=> MINCIRC mode=learn seed=22 first=49.0 last=55.0 delta=+6.0 reward=52.0 **eval=0.0** tie=0 trialseed=601
