[관계] 항목 8개(훈련 4, 새 4), 반쪽 50 중 활성 15, 항목 간 겹침 3~8(평균 4.4), 새↔훈련 겹침 3~8, 패턴 64개(S 8, D 56)
make: Entering directory '/root/e131_main_run/minimal_circuit_CODE'
make: Nothing to be done for 'all'.
make: Leaving directory '/root/e131_main_run/minimal_circuit_CODE'
[KC발달] env=indep rounds=1000 exposures=200 theta=0.15 items=20 | 일치형 같은 위치 7/400 | 불일치형 같은 위치 9/400 | (호스트 계산 0.018/0.022)
  시행    1~ 400: 정답률  51.0%
  시행  401~ 800: 정답률  59.0%
=> SDGEN mode=learn seed=24 trialseed=601 train_same=100.0 train_diff=53.2 train_bal=76.6 novel_same=17.9 novel_diff=57.4 novel_bal=37.7 | ties train:0 novel:0 | n_same/diff train 53/47 novel 39/61
=> SDLAB diff=cyclic rule=samediff mode=learn seed=24 trialseed=601 train_accL=100.0 train_accR=53.2 train_lbal=76.6 novel_accL=17.9 novel_accR=57.4 novel_lbal=37.7

=== 평가 (탐색 없음, 학습 없음, 무작위 순서 100시행) : 정답률 62.0% | 동점 0회 ===
   자극 A: 62/62 (100.0%)
   자극 B: 0/38 (0.0%)

=== 학습 후 자극별 출력 (선택 이전의 원 신호) ===
  자극 A → 정답 L | out_L=  37  out_R=   9  차이   +28 | KC 123개
  자극 B → 정답 R | out_L=  70  out_R=   2  차이   +68 | KC 128개

=== 가중치 구조 (A전용 KC 114개, B전용 KC 119개) ===
  A전용 KC → out_L 평균 0.5532 | out_R 평균 0.5621 | 차이 -0.0088 (정답은 out_L) **반대**
  B전용 KC → out_L 평균 0.5489 | out_R 평균 0.5291 | 차이 +0.0198 (정답은 out_R) **반대**

=== 가중치 변화 ===
  kc_out_l: n=8023 |Δ|평균 0.05562 변화율  66.4% | 평균 0.500→0.547 | std 0.0000→0.0652
  kc_out_r: n=8019 |Δ|평균 0.04337 변화율  66.3% | 평균 0.500→0.536 | std 0.0000→0.0533

=== 요약 (mode=learn seed=24) ===
  첫 구간 51.0% → 마지막 구간 59.0% | 변화 +8.0%p | 보상률 55.0%
=> MINCIRC mode=learn seed=24 first=51.0 last=59.0 delta=+8.0 reward=55.0 **eval=62.0** tie=0 trialseed=601
