[관계] 항목 8개(훈련 4, 새 4), 반쪽 50 중 활성 15, 항목 간 겹침 2~9(평균 4.6), 새↔훈련 겹침 2~6, 패턴 64개(S 8, D 56)
make: Entering directory '/root/e131_main_run/minimal_circuit_CODE'
make: Nothing to be done for 'all'.
make: Leaving directory '/root/e131_main_run/minimal_circuit_CODE'
[KC발달] env=indep rounds=1000 exposures=200 theta=0.15 items=20 | 일치형 같은 위치 8/400 | 불일치형 같은 위치 10/400 | (호스트 계산 0.020/0.025)
  시행    1~ 400: 정답률  37.8%
  시행  401~ 800: 정답률  59.8%
=> SDGEN mode=learn seed=26 trialseed=601 train_same=76.6 train_diff=100.0 train_bal=88.3 novel_same=100.0 novel_diff=41.1 novel_bal=70.5 | ties train:0 novel:1 | n_same/diff train 47/53 novel 44/56
=> SDLAB diff=cyclic rule=samediff mode=learn seed=26 trialseed=601 train_accL=76.6 train_accR=100.0 train_lbal=88.3 novel_accL=100.0 novel_accR=41.1 novel_lbal=70.5

=== 평가 (탐색 없음, 학습 없음, 무작위 순서 100시행) : 정답률 28.0% | 동점 48회 ===
   자극 A: 28/48 (58.3%)
   자극 B: 0/52 (0.0%)

=== 학습 후 자극별 출력 (선택 이전의 원 신호) ===
  자극 A → 정답 L | out_L=  13  out_R=  13  차이    +0 | KC 127개
  자극 B → 정답 R | out_L=  40  out_R=  38  차이    +2 | KC 115개

=== 가중치 구조 (A전용 KC 115개, B전용 KC 103개) ===
  A전용 KC → out_L 평균 0.5474 | out_R 평균 0.5559 | 차이 -0.0085 (정답은 out_L) **반대**
  B전용 KC → out_L 평균 0.5314 | out_R 평균 0.5370 | 차이 -0.0056 (정답은 out_R) **정답쪽 우세**

=== 가중치 변화 ===
  kc_out_l: n=8121 |Δ|평균 0.03221 변화율  52.5% | 평균 0.500→0.527 | std 0.0000→0.0457
  kc_out_r: n=8058 |Δ|평균 0.03511 변화율  52.8% | 평균 0.500→0.530 | std 0.0000→0.0486

=== 요약 (mode=learn seed=26) ===
  첫 구간 37.8% → 마지막 구간 59.8% | 변화 +22.0%p | 보상률 48.8%
=> MINCIRC mode=learn seed=26 first=37.8 last=59.8 delta=+22.0 reward=48.8 **eval=28.0** tie=48 trialseed=601
