[관계] 항목 8개(훈련 4, 새 4), 반쪽 50 중 활성 15, 항목 간 겹침 2~7(평균 4.7), 새↔훈련 겹침 2~7, 패턴 64개(S 8, D 56)
make: Entering directory '/root/e131_main_run/minimal_circuit_CODE'
make: Nothing to be done for 'all'.
make: Leaving directory '/root/e131_main_run/minimal_circuit_CODE'
[KC발달] env=indep rounds=1000 exposures=200 theta=0.15 items=20 | 일치형 같은 위치 13/400 | 불일치형 같은 위치 6/400 | (호스트 계산 0.033/0.015)
  시행    1~ 400: 정답률  48.0%
  시행  401~ 800: 정답률  57.5%
=> SDGEN mode=learn seed=20 trialseed=601 train_same=72.2 train_diff=87.0 train_bal=79.6 novel_same=22.5 novel_diff=78.3 novel_bal=50.4 | ties train:14 novel:5 | n_same/diff train 54/46 novel 40/60
=> SDLAB diff=cyclic rule=samediff mode=learn seed=20 trialseed=601 train_accL=72.2 train_accR=87.0 train_lbal=79.6 novel_accL=22.5 novel_accR=78.3 novel_lbal=50.4

=== 평가 (탐색 없음, 학습 없음, 무작위 순서 100시행) : 정답률 58.0% | 동점 0회 ===
   자극 A: 0/42 (0.0%)
   자극 B: 58/58 (100.0%)

=== 학습 후 자극별 출력 (선택 이전의 원 신호) ===
  자극 A → 정답 L | out_L=  26  out_R=  30  차이    -4 | KC 122개
  자극 B → 정답 R | out_L=   7  out_R=  23  차이   -16 | KC 129개

=== 가중치 구조 (A전용 KC 108개, B전용 KC 115개) ===
  A전용 KC → out_L 평균 0.5280 | out_R 평균 0.5431 | 차이 -0.0151 (정답은 out_L) **반대**
  B전용 KC → out_L 평균 0.5379 | out_R 평균 0.5538 | 차이 -0.0159 (정답은 out_R) **정답쪽 우세**

=== 가중치 변화 ===
  kc_out_l: n=8020 |Δ|평균 0.03760 변화율  62.1% | 평균 0.500→0.532 | std 0.0000→0.0469
  kc_out_r: n=7994 |Δ|평균 0.05134 변화율  61.7% | 평균 0.500→0.545 | std 0.0000→0.0635

=== 요약 (mode=learn seed=20) ===
  첫 구간 48.0% → 마지막 구간 57.5% | 변화 +9.5%p | 보상률 52.8%
=> MINCIRC mode=learn seed=20 first=48.0 last=57.5 delta=+9.5 reward=52.8 **eval=58.0** tie=0 trialseed=601
