[관계] 항목 8개(훈련 4, 새 4), 반쪽 50 중 활성 15, 항목 간 겹침 2~7(평균 4.7), 새↔훈련 겹침 2~7, 패턴 64개(S 8, D 56)
make: Entering directory '/root/e131_main_run/minimal_circuit_CODE'
make: Leaving directory '/root/e131_main_run/minimal_circuit_CODE'
[KC발달] env=indep rounds=1000 exposures=200 theta=0.15 items=20 | 일치형 같은 위치 13/400 | 불일치형 같은 위치 6/400 | (호스트 계산 0.033/0.015)
  시행    1~ 400: 정답률  54.8%
  시행  401~ 800: 정답률  60.8%
=> SDGEN mode=learn seed=20 trialseed=600 train_same=78.8 train_diff=79.2 train_bal=79.0 novel_same=35.9 novel_diff=70.5 novel_bal=53.2 | ties train:0 novel:5 | n_same/diff train 52/48 novel 39/61
=> SDLAB diff=cyclic rule=samediff mode=learn seed=20 trialseed=600 train_accL=78.8 train_accR=79.2 train_lbal=79.0 novel_accL=35.9 novel_accR=70.5 novel_lbal=53.2

=== 평가 (탐색 없음, 학습 없음, 무작위 순서 100시행) : 정답률 58.0% | 동점 0회 ===
   자극 A: 0/42 (0.0%)
   자극 B: 58/58 (100.0%)

=== 학습 후 자극별 출력 (선택 이전의 원 신호) ===
  자극 A → 정답 L | out_L=  29  out_R=  30  차이    -1 | KC 122개
  자극 B → 정답 R | out_L=   7  out_R=  21  차이   -14 | KC 129개

=== 가중치 구조 (A전용 KC 108개, B전용 KC 115개) ===
  A전용 KC → out_L 평균 0.5438 | out_R 평균 0.5470 | 차이 -0.0032 (정답은 out_L) **반대**
  B전용 KC → out_L 평균 0.5404 | out_R 평균 0.5491 | 차이 -0.0087 (정답은 out_R) **정답쪽 우세**

=== 가중치 변화 ===
  kc_out_l: n=8020 |Δ|평균 0.04856 변화율  62.1% | 평균 0.500→0.544 | std 0.0000→0.0601
  kc_out_r: n=7994 |Δ|평균 0.05116 변화율  61.7% | 평균 0.500→0.546 | std 0.0000→0.0624

=== 요약 (mode=learn seed=20) ===
  첫 구간 54.8% → 마지막 구간 60.8% | 변화 +6.0%p | 보상률 57.8%
=> MINCIRC mode=learn seed=20 first=54.8 last=60.8 delta=+6.0 reward=57.8 **eval=58.0** tie=0 trialseed=600
