[관계] 항목 8개(훈련 4, 새 4), 반쪽 50 중 활성 15, 항목 간 겹침 1~7(평균 4.6), 새↔훈련 겹침 1~7, 패턴 64개(S 8, D 56)
make: Entering directory '/root/e131_main_run/minimal_circuit_CODE'
make: Leaving directory '/root/e131_main_run/minimal_circuit_CODE'
[KC발달] env=indep rounds=1000 exposures=200 theta=0.15 items=20 | 일치형 같은 위치 11/400 | 불일치형 같은 위치 14/400 | (호스트 계산 0.028/0.035)
  시행    1~ 400: 정답률  50.0%
  시행  401~ 800: 정답률  50.5%
=> SDGEN mode=learn seed=23 trialseed=600 train_same=64.7 train_diff=40.8 train_bal=52.8 novel_same=70.0 novel_diff=48.0 novel_bal=59.0 | ties train:0 novel:9 | n_same/diff train 51/49 novel 50/50
=> SDLAB diff=cyclic rule=samediff mode=learn seed=23 trialseed=600 train_accL=64.7 train_accR=40.8 train_lbal=52.8 novel_accL=70.0 novel_accR=48.0 novel_lbal=59.0

=== 평가 (탐색 없음, 학습 없음, 무작위 순서 100시행) : 정답률 80.0% | 동점 46회 ===
   자극 A: 26/46 (56.5%)
   자극 B: 54/54 (100.0%)

=== 학습 후 자극별 출력 (선택 이전의 원 신호) ===
  자극 A → 정답 L | out_L=  33  out_R=  33  차이    +0 | KC 114개
  자극 B → 정답 R | out_L=  11  out_R=  24  차이   -13 | KC 146개

=== 가중치 구조 (A전용 KC 96개, B전용 KC 128개) ===
  A전용 KC → out_L 평균 0.5463 | out_R 평균 0.5258 | 차이 +0.0205 (정답은 out_L) **정답쪽 우세**
  B전용 KC → out_L 평균 0.5303 | out_R 평균 0.5316 | 차이 -0.0013 (정답은 out_R) **정답쪽 우세**

=== 가중치 변화 ===
  kc_out_l: n=8029 |Δ|평균 0.03619 변화율  53.6% | 평균 0.500→0.531 | std 0.0000→0.0527
  kc_out_r: n=7976 |Δ|평균 0.03316 변화율  53.8% | 평균 0.500→0.529 | std 0.0000→0.0462

=== 요약 (mode=learn seed=23) ===
  첫 구간 50.0% → 마지막 구간 50.5% | 변화 +0.5%p | 보상률 50.2%
=> MINCIRC mode=learn seed=23 first=50.0 last=50.5 delta=+0.5 reward=50.2 **eval=80.0** tie=46 trialseed=600
