[관계] 항목 8개(훈련 4, 새 4), 반쪽 50 중 활성 15, 항목 간 겹침 1~9(평균 4.6), 새↔훈련 겹침 1~9, 패턴 64개(S 8, D 56)
make: Entering directory '/root/e131_main_run/minimal_circuit_CODE'
make: Leaving directory '/root/e131_main_run/minimal_circuit_CODE'
[KC발달] env=indep rounds=1000 exposures=200 theta=0.15 items=20 | 일치형 같은 위치 12/400 | 불일치형 같은 위치 14/400 | (호스트 계산 0.030/0.035)
  시행    1~ 400: 정답률  46.2%
  시행  401~ 800: 정답률  48.8%
=> SDGEN mode=learn seed=21 trialseed=600 train_same=34.0 train_diff=50.9 train_bal=42.5 novel_same=87.8 novel_diff=62.7 novel_bal=75.3 | ties train:0 novel:0 | n_same/diff train 47/53 novel 49/51
=> SDLAB diff=cyclic rule=samediff mode=learn seed=21 trialseed=600 train_accL=34.0 train_accR=50.9 train_lbal=42.5 novel_accL=87.8 novel_accR=62.7 novel_lbal=75.3

=== 평가 (탐색 없음, 학습 없음, 무작위 순서 100시행) : 정답률 0.0% | 동점 0회 ===
   자극 A: 0/51 (0.0%)
   자극 B: 0/49 (0.0%)

=== 학습 후 자극별 출력 (선택 이전의 원 신호) ===
  자극 A → 정답 L | out_L=  26  out_R=  37  차이   -11 | KC 121개
  자극 B → 정답 R | out_L=  40  out_R=  37  차이    +3 | KC 117개

=== 가중치 구조 (A전용 KC 111개, B전용 KC 107개) ===
  A전용 KC → out_L 평균 0.5251 | out_R 평균 0.5204 | 차이 +0.0047 (정답은 out_L) **정답쪽 우세**
  B전용 KC → out_L 평균 0.5251 | out_R 평균 0.5248 | 차이 +0.0003 (정답은 out_R) **반대**

=== 가중치 변화 ===
  kc_out_l: n=7889 |Δ|평균 0.03582 변화율  56.9% | 평균 0.500→0.529 | std 0.0000→0.0499
  kc_out_r: n=7889 |Δ|평균 0.02697 변화율  57.1% | 평균 0.500→0.521 | std 0.0000→0.0373

=== 요약 (mode=learn seed=21) ===
  첫 구간 46.2% → 마지막 구간 48.8% | 변화 +2.5%p | 보상률 47.5%
=> MINCIRC mode=learn seed=21 first=46.2 last=48.8 delta=+2.5 reward=47.5 **eval=0.0** tie=0 trialseed=600
