[관계] 항목 8개(훈련 4, 새 4), 반쪽 50 중 활성 15, 항목 간 겹침 1~7(평균 4.6), 새↔훈련 겹침 1~7, 패턴 64개(S 8, D 56)
make: Entering directory '/root/e131_main_run/minimal_circuit_CODE'
make: Nothing to be done for 'all'.
make: Leaving directory '/root/e131_main_run/minimal_circuit_CODE'
[KC발달] env=indep rounds=1000 exposures=200 theta=0.15 items=20 | 일치형 같은 위치 11/400 | 불일치형 같은 위치 14/400 | (호스트 계산 0.028/0.035)
  시행    1~ 400: 정답률  44.5%
  시행  401~ 800: 정답률  55.0%
=> SDGEN mode=learn seed=23 trialseed=601 train_same=47.1 train_diff=69.4 train_bal=58.2 novel_same=21.4 novel_diff=77.6 novel_bal=49.5 | ties train:0 novel:0 | n_same/diff train 51/49 novel 42/58
=> SDLAB diff=cyclic rule=samediff mode=learn seed=23 trialseed=601 train_accL=47.1 train_accR=69.4 train_lbal=58.2 novel_accL=21.4 novel_accR=77.6 novel_lbal=49.5

=== 평가 (탐색 없음, 학습 없음, 무작위 순서 100시행) : 정답률 54.0% | 동점 0회 ===
   자극 A: 0/46 (0.0%)
   자극 B: 54/54 (100.0%)

=== 학습 후 자극별 출력 (선택 이전의 원 신호) ===
  자극 A → 정답 L | out_L=  32  out_R=  33  차이    -1 | KC 114개
  자극 B → 정답 R | out_L=   8  out_R=  29  차이   -21 | KC 146개

=== 가중치 구조 (A전용 KC 96개, B전용 KC 128개) ===
  A전용 KC → out_L 평균 0.5373 | out_R 평균 0.5287 | 차이 +0.0086 (정답은 out_L) **정답쪽 우세**
  B전용 KC → out_L 평균 0.5217 | out_R 평균 0.5408 | 차이 -0.0191 (정답은 out_R) **정답쪽 우세**

=== 가중치 변화 ===
  kc_out_l: n=8029 |Δ|평균 0.02899 변화율  53.6% | 평균 0.500→0.523 | std 0.0000→0.0436
  kc_out_r: n=7976 |Δ|평균 0.04052 변화율  53.8% | 평균 0.500→0.536 | std 0.0000→0.0530

=== 요약 (mode=learn seed=23) ===
  첫 구간 44.5% → 마지막 구간 55.0% | 변화 +10.5%p | 보상률 49.8%
=> MINCIRC mode=learn seed=23 first=44.5 last=55.0 delta=+10.5 reward=49.8 **eval=54.0** tie=0 trialseed=601
